2026-07-31 00:12:12 - mkk_pika - main.py:193 - INFO - =======================================================================
2026-07-31 00:12:12 - mkk_pika - database.py:61 - INFO - 表和索引初始化成功
2026-07-31 00:12:12 - mkk_pika - main.py:197 - INFO - 已经累计下载17991本漫画
2026-07-31 00:12:13 - mkk_pika - api.py:87 - INFO - 登录成功
2026-07-31 00:12:13 - mkk_pika - main.py:203 - INFO - 收藏夹共计0本漫画
2026-07-31 00:12:13 - mkk_pika - main.py:206 - INFO - 开始下载收藏夹内未下载内容
2026-07-31 00:12:13 - mkk_pika - main.py:266 - INFO - 收藏夹内容下载完毕
2026-07-31 00:12:13 - mkk_pika - main.py:268 - INFO - 开始下载订阅内容
2026-07-31 00:12:13 - mkk_pika - database.py:258 - INFO - 根据ID查询到标题：萝莉 -> TSロリおじさんの冒険 前戯編 | TS萝莉中年大叔的冒险 前戏篇
2026-07-31 00:12:14 - mkk_pika - database.py:101 - INFO - 保存成功：TSロリおじさんの冒険 前戯編 | TS萝莉中年大叔的冒险 前戏篇
2026-07-31 00:12:14 - mkk_pika - main.py:273 - INFO - 关键词萝莉找到1本漫画
2026-07-31 00:12:14 - mkk_pika - database.py:258 - INFO - 根据ID查询到标题：蘿莉 -> [Pixiv] Nyako (87118066) part.8（AI）
2026-07-31 00:12:14 - mkk_pika - database.py:101 - INFO - 保存成功：[Pixiv] 牧之 (118005784)（AI）
2026-07-31 00:12:14 - mkk_pika - main.py:273 - INFO - 关键词蘿莉找到1本漫画
2026-07-31 00:12:14 - mkk_pika - main.py:275 - INFO - 订阅内容共计2本漫画
2026-07-31 00:12:14 - mkk_pika - main.py:35 - INFO - 开始检查バイト中のゆ〜わく是否存在未下载章节
2026-07-31 00:12:15 - mkk_pika - database.py:203 - INFO - 查询数据库中是否已存在第1話
2026-07-31 00:12:15 - mkk_pika - main.py:51 - INFO - バイト中のゆ〜わく中没有可下载章节
2026-07-31 00:12:15 - mkk_pika - main.py:292 - INFO - ==================== 漫画信息 ====================
                                漫画ID：6a6397d265bf3e38d164dfa0
                                标题：バイト中のゆ〜わく
                                作者：スミヅミ
                                是否完结：是
                                总页数：26
                                分类：短篇,純愛
                                章节数：1
                                最后更新时间：2026-07-24T16:50:26.165Z
                                =================================================
2026-07-31 00:12:15 - mkk_pika - database.py:101 - INFO - 保存成功：バイト中のゆ〜わく
2026-07-31 00:12:15 - mkk_pika - main.py:35 - INFO - 开始检查ブルーアーカイブ 安っぽくてペラペラなエロコスプレ、通称 ペラコス合同・改是否存在未下载章节
2026-07-31 00:12:15 - mkk_pika - main.py:45 - INFO - 正在下载:[ブルーアーカイブ 安っぽくてペラペラなエロコスプレ、通称 ペラコス合同・改]-[直火焙煎 (よろず)]-[['長篇', '同人', '單行本']]-[total_pages:-1]
2026-07-31 00:12:15 - mkk_pika - main.py:49 - INFO - [{'_id': '6a6b819281585c0c1067544a', 'title': '第1話', 'order': 1, 'updated_at': '2026-07-30T11:37:55.384Z', 'id': '6a6b819281585c0c1067544a'}]
2026-07-31 00:12:15 - mkk_pika - database.py:215 - INFO - 第一次下载该漫画，记录数据库中
2026-07-31 00:12:17 - mkk_pika - main.py:83 - INFO - 找到 122 张图片在:第1話
2026-07-31 00:12:20 - mkk_pika - main.py:112 - INFO - [episode:第1話       ] downloaded:   122, total: 122, progress:100%
2026-07-31 00:12:20 - mkk_pika - database.py:238 - INFO - 数据库更新已下载章节
2026-07-31 00:12:20 - mkk_pika - database.py:244 - INFO - 该漫画已下载章节如下
2026-07-31 00:12:20 - mkk_pika - database.py:245 - INFO - ['第1話']
2026-07-31 00:12:21 - mkk_pika - main.py:292 - INFO - ==================== 漫画信息 ====================
                                漫画ID：6a6b819281585c0c10675449
                                标题：ブルーアーカイブ 安っぽくてペラペラなエロコスプレ、通称 ペラコス合同・改
                                作者：直火焙煎 (よろず)
                                是否完结：否
                                总页数：122
                                分类：長篇,同人,單行本
                                章节数：1
                                最后更新时间：2026-07-30T16:53:38.173Z
                                =================================================
2026-07-31 00:12:21 - mkk_pika - database.py:101 - INFO - 保存成功：ブルーアーカイブ 安っぽくてペラペラなエロコスプレ、通称 ペラコス合同・改
2026-07-31 00:12:21 - mkk_pika - main.py:323 - INFO - 订阅内容内容下载完毕
2026-07-31 00:12:21 - mkk_pika - main.py:324 - INFO - 开始分批下载全部章节
2026-07-31 00:12:21 - mkk_pika - database.py:280 - INFO - 表和索引初始化成功
2026-07-31 00:12:21 - mkk_pika - main.py:177 - INFO - 已经下载了1343页，一共7046页，现在开始添加第1344页
2026-07-31 00:12:22 - mkk_pika - database.py:318 - INFO - 保存成功
2026-07-31 00:12:22 - mkk_pika - main.py:177 - INFO - 已经下载了1344页，一共7046页，现在开始添加第1345页
2026-07-31 00:12:23 - mkk_pika - database.py:318 - INFO - 保存成功
2026-07-31 00:12:23 - mkk_pika - main.py:177 - INFO - 已经下载了1345页，一共7046页，现在开始添加第1346页
2026-07-31 00:12:24 - mkk_pika - database.py:318 - INFO - 保存成功
2026-07-31 00:12:24 - mkk_pika - main.py:177 - INFO - 已经下载了1346页，一共7046页，现在开始添加第1347页
2026-07-31 00:12:24 - mkk_pika - database.py:318 - INFO - 保存成功
2026-07-31 00:12:25 - mkk_pika - main.py:177 - INFO - 已经下载了1347页，一共7046页，现在开始添加第1348页
2026-07-31 00:12:25 - mkk_pika - database.py:318 - INFO - 保存成功
2026-07-31 00:12:25 - mkk_pika - main.py:331 - INFO - 分批下载共计53本漫画
2026-07-31 00:12:25 - mkk_pika - main.py:35 - INFO - 开始检查無知なお嬢様の汚勉強是否存在未下载章节
2026-07-31 00:12:25 - mkk_pika - main.py:45 - INFO - 正在下载:[無知なお嬢様の汚勉強]-[井上七樹]-[['短篇', 'NTR']]-[total_pages:20]
2026-07-31 00:12:25 - mkk_pika - main.py:49 - INFO - [{'_id': '5c3ca7f3d039e96478a5b0d3', 'title': '第1集', 'order': 1, 'updated_at': '2019-01-13T23:30:35.744Z', 'id': '5c3ca7f3d039e96478a5b0d3'}]
2026-07-31 00:12:25 - mkk_pika - database.py:215 - INFO - 第一次下载该漫画，记录数据库中
2026-07-31 00:12:26 - mkk_pika - main.py:83 - INFO - 找到 20 张图片在:第1集
2026-07-31 00:12:27 - mkk_pika - main.py:112 - INFO - [episode:第1集       ] downloaded:    20, total:  20, progress:100%
2026-07-31 00:12:27 - mkk_pika - database.py:238 - INFO - 数据库更新已下载章节
2026-07-31 00:12:27 - mkk_pika - database.py:244 - INFO - 该漫画已下载章节如下
2026-07-31 00:12:27 - mkk_pika - database.py:245 - INFO - ['第1集']
2026-07-31 00:12:28 - mkk_pika - main.py:348 - INFO - ==================== 漫画信息 ====================
                                   漫画ID：5c3ca7f3d039e96478a5b0d2
                                   标题：無知なお嬢様の汚勉強
                                   作者：井上七樹
                                   是否完结：是
                                   总页数：20
                                   分类：短篇,NTR
                                   章节数：1
                                   最后更新时间：2019-01-14T15:17:07.157Z
                                   =================================================
2026-07-31 00:12:28 - mkk_pika - database.py:101 - INFO - 保存成功：無知なお嬢様の汚勉強
2026-07-31 00:12:28 - mkk_pika - main.py:35 - INFO - 开始检查優しい先生是否存在未下载章节
2026-07-31 00:12:28 - mkk_pika - main.py:45 - INFO - 正在下载:[優しい先生]-[ぬくぬく]-[['短篇']]-[total_pages:20]
2026-07-31 00:12:28 - mkk_pika - main.py:49 - INFO - [{'_id': '5c3ca801abe96064820a71a2', 'title': '第1集', 'order': 1, 'updated_at': '2019-01-13T23:42:52.602Z', 'id': '5c3ca801abe96064820a71a2'}]
2026-07-31 00:12:28 - mkk_pika - database.py:215 - INFO - 第一次下载该漫画，记录数据库中
2026-07-31 00:12:29 - mkk_pika - main.py:83 - INFO - 找到 20 张图片在:第1集
2026-07-31 00:12:29 - mkk_pika - main.py:112 - INFO - [episode:第1集       ] downloaded:    20, total:  20, progress:100%
2026-07-31 00:12:29 - mkk_pika - database.py:238 - INFO - 数据库更新已下载章节
2026-07-31 00:12:29 - mkk_pika - database.py:244 - INFO - 该漫画已下载章节如下
2026-07-31 00:12:29 - mkk_pika - database.py:245 - INFO - ['第1集']
2026-07-31 00:12:30 - mkk_pika - main.py:348 - INFO - ==================== 漫画信息 ====================
                                   漫画ID：5c3ca801abe96064820a71a1
                                   标题：優しい先生
                                   作者：ぬくぬく
                                   是否完结：否
                                   总页数：20
                                   分类：短篇
                                   章节数：1
                                   最后更新时间：2019-01-14T15:17:21.305Z
                                   =================================================
2026-07-31 00:12:30 - mkk_pika - database.py:101 - INFO - 保存成功：優しい先生
2026-07-31 00:12:30 - mkk_pika - main.py:35 - INFO - 开始检查さぁやっちゃお! (HUGっと!プリキュア)是否存在未下载章节
2026-07-31 00:12:31 - mkk_pika - main.py:45 - INFO - 正在下载:[さぁやっちゃお! (HUGっと!プリキュア)]-[U.R.C (桃屋しょう猫)]-[['同人', '短篇', '強暴']]-[total_pages:29]
2026-07-31 00:12:31 - mkk_pika - main.py:49 - INFO - [{'_id': '5c3ca84739881462c858c753', 'title': '第1集', 'order': 1, 'updated_at': '2019-01-14T00:39:58.213Z', 'id': '5c3ca84739881462c858c753'}]
2026-07-31 00:12:31 - mkk_pika - database.py:215 - INFO - 第一次下载该漫画，记录数据库中
2026-07-31 00:12:31 - mkk_pika - main.py:83 - INFO - 找到 29 张图片在:第1集
2026-07-31 00:12:32 - mkk_pika - main.py:112 - INFO - [episode:第1集       ] downloaded:    29, total:  29, progress:100%
2026-07-31 00:12:32 - mkk_pika - database.py:238 - INFO - 数据库更新已下载章节
2026-07-31 00:12:32 - mkk_pika - database.py:244 - INFO - 该漫画已下载章节如下
2026-07-31 00:12:32 - mkk_pika - database.py:245 - INFO - ['第1集']
2026-07-31 00:12:33 - mkk_pika - main.py:348 - INFO - ==================== 漫画信息 ====================
                                   漫画ID：5c3ca84739881462c858c752
                                   标题：さぁやっちゃお! (HUGっと!プリキュア)
                                   作者：U.R.C (桃屋しょう猫)
                                   是否完结：是
                                   总页数：29
                                   分类：同人,短篇,強暴
                                   章节数：1
                                   最后更新时间：2019-01-14T15:18:31.274Z
                                   =================================================
2026-07-31 00:12:33 - mkk_pika - database.py:101 - INFO - 保存成功：さぁやっちゃお! (HUGっと!プリキュア)
2026-07-31 00:12:33 - mkk_pika - main.py:35 - INFO - 开始检查射精上手の管理人さん是否存在未下载章节
2026-07-31 00:12:34 - mkk_pika - main.py:45 - INFO - 正在下载:[射精上手の管理人さん]-[Number2 (たくじ)]-[['同人', '全彩', '短篇']]-[total_pages:10]
2026-07-31 00:12:34 - mkk_pika - main.py:49 - INFO - [{'_id': '5c3ca86bd039e96478a5b11e', 'title': '第1集', 'order': 1, 'updated_at': '2019-01-14T01:02:00.536Z', 'id': '5c3ca86bd039e96478a5b11e'}]
2026-07-31 00:12:34 - mkk_pika - database.py:215 - INFO - 第一次下载该漫画，记录数据库中
2026-07-31 00:12:34 - mkk_pika - main.py:83 - INFO - 找到 10 张图片在:第1集
2026-07-31 00:12:34 - mkk_pika - main.py:112 - INFO - [episode:第1集       ] downloaded:    10, total:  10, progress:100%
2026-07-31 00:12:34 - mkk_pika - database.py:238 - INFO - 数据库更新已下载章节
2026-07-31 00:12:34 - mkk_pika - database.py:244 - INFO - 该漫画已下载章节如下
2026-07-31 00:12:34 - mkk_pika - database.py:245 - INFO - ['第1集']
2026-07-31 00:12:36 - mkk_pika - main.py:348 - INFO - ==================== 漫画信息 ====================
                                   漫画ID：5c3ca86bd039e96478a5b11d
                                   标题：射精上手の管理人さん
                                   作者：Number2 (たくじ)
                                   是否完结：是
                                   总页数：10
                                   分类：同人,全彩,短篇
                                   章节数：1
                                   最后更新时间：2019-01-14T15:19:07.572Z
                                   =================================================
2026-07-31 00:12:36 - mkk_pika - database.py:101 - INFO - 保存成功：射精上手の管理人さん
2026-07-31 00:12:36 - mkk_pika - main.py:35 - INFO - 开始检查 YES,My Darling (COMIC快楽天 2019年1月号)是否存在未下载章节
2026-07-31 00:12:36 - mkk_pika - main.py:45 - INFO - 正在下载:[ YES,My Darling (COMIC快楽天 2019年1月号)]-[ホムンクルス]-[['短篇', '同人']]-[total_pages:25]
2026-07-31 00:12:36 - mkk_pika - main.py:49 - INFO - [{'_id': '5c3ca87959c8c864ae475c48', 'title': '第1集', 'order': 1, 'updated_at': '2019-01-14T01:24:28.352Z', 'id': '5c3ca87959c8c864ae475c48'}]
2026-07-31 00:12:36 - mkk_pika - database.py:215 - INFO - 第一次下载该漫画，记录数据库中
2026-07-31 00:12:37 - mkk_pika - main.py:83 - INFO - 找到 25 张图片在:第1集
2026-07-31 00:12:37 - mkk_pika - main.py:112 - INFO - [episode:第1集       ] downloaded:    25, total:  25, progress:100%
2026-07-31 00:12:37 - mkk_pika - database.py:238 - INFO - 数据库更新已下载章节
2026-07-31 00:12:37 - mkk_pika - database.py:244 - INFO - 该漫画已下载章节如下
2026-07-31 00:12:37 - mkk_pika - database.py:245 - INFO - ['第1集']
2026-07-31 00:12:38 - mkk_pika - main.py:348 - INFO - ==================== 漫画信息 ====================
                                   漫画ID：5c3ca87959c8c864ae475c47
                                   标题： YES,My Darling (COMIC快楽天 2019年1月号)
                                   作者：ホムンクルス
                                   是否完结：是
                                   总页数：25
                                   分类：短篇,同人
                                   章节数：1
                                   最后更新时间：2019-01-14T15:19:21.637Z
                                   =================================================
2026-07-31 00:12:38 - mkk_pika - database.py:101 - INFO - 保存成功： YES,My Darling (COMIC快楽天 2019年1月号)
2026-07-31 00:12:38 - mkk_pika - main.py:35 - INFO - 开始检查 (C95)416 Not Found(少女前線)是否存在未下载章节
2026-07-31 00:12:39 - mkk_pika - main.py:45 - INFO - 正在下载:[ (C95)416 Not Found(少女前線)]-[となりの駄菓子屋さん (ku-ba)]-[['同人', '短篇', '後宮閃光']]-[total_pages:20]
2026-07-31 00:12:39 - mkk_pika - main.py:49 - INFO - [{'_id': '5c3ca8ab39881462c858c77a', 'title': '第1集', 'order': 1, 'updated_at': '2019-01-14T03:36:01.062Z', 'id': '5c3ca8ab39881462c858c77a'}]
2026-07-31 00:12:39 - mkk_pika - database.py:215 - INFO - 第一次下载该漫画，记录数据库中
2026-07-31 00:12:39 - mkk_pika - main.py:83 - INFO - 找到 20 张图片在:第1集
2026-07-31 00:12:40 - mkk_pika - main.py:112 - INFO - [episode:第1集       ] downloaded:    20, total:  20, progress:100%
2026-07-31 00:12:40 - mkk_pika - database.py:238 - INFO - 数据库更新已下载章节
2026-07-31 00:12:40 - mkk_pika - database.py:244 - INFO - 该漫画已下载章节如下
2026-07-31 00:12:40 - mkk_pika - database.py:245 - INFO - ['第1集']
2026-07-31 00:12:41 - mkk_pika - main.py:348 - INFO - ==================== 漫画信息 ====================
                                   漫画ID：5c3ca8ab39881462c858c779
                                   标题： (C95)416 Not Found(少女前線)
                                   作者：となりの駄菓子屋さん (ku-ba)
                                   是否完结：是
                                   总页数：20
                                   分类：同人,短篇,後宮閃光
                                   章节数：1
                                   最后更新时间：2019-01-14T15:20:11.771Z
                                   =================================================
2026-07-31 00:12:41 - mkk_pika - database.py:101 - INFO - 保存成功： (C95)416 Not Found(少女前線)
2026-07-31 00:12:41 - mkk_pika - main.py:35 - INFO - 开始检查花の心と経営術 (永遠娘 5)是否存在未下载章节
2026-07-31 00:12:41 - mkk_pika - main.py:45 - INFO - 正在下载:[花の心と経営術 (永遠娘 5)]-[宇宙烏賊]-[['短篇', '純愛', '非人類']]-[total_pages:23]
2026-07-31 00:12:41 - mkk_pika - main.py:49 - INFO - [{'_id': '5c3ca90739881462c858c792', 'title': '第1集', 'order': 1, 'updated_at': '2019-01-14T06:44:54.215Z', 'id': '5c3ca90739881462c858c792'}]
2026-07-31 00:12:41 - mkk_pika - database.py:215 - INFO - 第一次下载该漫画，记录数据库中
2026-07-31 00:12:42 - mkk_pika - main.py:83 - INFO - 找到 23 张图片在:第1集
2026-07-31 00:12:42 - mkk_pika - main.py:112 - INFO - [episode:第1集       ] downloaded:    23, total:  23, progress:100%
2026-07-31 00:12:42 - mkk_pika - database.py:238 - INFO - 数据库更新已下载章节
2026-07-31 00:12:42 - mkk_pika - database.py:244 - INFO - 该漫画已下载章节如下
2026-07-31 00:12:42 - mkk_pika - database.py:245 - INFO - ['第1集']
2026-07-31 00:12:44 - mkk_pika - main.py:348 - INFO - ==================== 漫画信息 ====================
                                   漫画ID：5c3ca90739881462c858c791
                                   标题：花の心と経営術 (永遠娘 5)
                                   作者：宇宙烏賊
                                   是否完结：是
                                   总页数：23
                                   分类：短篇,純愛,非人類
                                   章节数：1
                                   最后更新时间：2019-01-14T15:21:43.631Z
                                   =================================================
2026-07-31 00:12:44 - mkk_pika - database.py:101 - INFO - 保存成功：花の心と経営術 (永遠娘 5)
2026-07-31 00:12:44 - mkk_pika - main.py:35 - INFO - 开始检查 （C95）好き好き大好きっ!(アイドルマスター シンデレラガールズ)是否存在未下载章节
2026-07-31 00:12:44 - mkk_pika - main.py:45 - INFO - 正在下载:[ （C95）好き好き大好きっ!(アイドルマスター シンデレラガールズ)]-[みるく世紀 (健やか牛乳)]-[['同人', '短篇', '純愛']]-[total_pages:23]
2026-07-31 00:12:44 - mkk_pika - main.py:49 - INFO - [{'_id': '5c3ca918313bcb6286dc0f8c', 'title': '第1集', 'order': 1, 'updated_at': '2019-01-14T07:02:05.598Z', 'id': '5c3ca918313bcb6286dc0f8c'}]
2026-07-31 00:12:44 - mkk_pika - database.py:215 - INFO - 第一次下载该漫画，记录数据库中
2026-07-31 00:12:45 - mkk_pika - main.py:83 - INFO - 找到 23 张图片在:第1集
2026-07-31 00:12:45 - mkk_pika - main.py:112 - INFO - [episode:第1集       ] downloaded:    23, total:  23, progress:100%
2026-07-31 00:12:45 - mkk_pika - database.py:238 - INFO - 数据库更新已下载章节
2026-07-31 00:12:45 - mkk_pika - database.py:244 - INFO - 该漫画已下载章节如下
2026-07-31 00:12:45 - mkk_pika - database.py:245 - INFO - ['第1集']
2026-07-31 00:12:46 - mkk_pika - main.py:348 - INFO - ==================== 漫画信息 ====================
                                   漫画ID：5c3ca918313bcb6286dc0f8b
                                   标题： （C95）好き好き大好きっ!(アイドルマスター シンデレラガールズ)
                                   作者：みるく世紀 (健やか牛乳)
                                   是否完结：是
                                   总页数：23
                                   分类：同人,短篇,純愛
                                   章节数：1
                                   最后更新时间：2019-01-14T15:22:00.760Z
                                   =================================================
2026-07-31 00:12:46 - mkk_pika - database.py:101 - INFO - 保存成功： （C95）好き好き大好きっ!(アイドルマスター シンデレラガールズ)
2026-07-31 00:12:46 - mkk_pika - main.py:35 - INFO - 开始检查後輩に♥♥されちゃう本是否存在未下载章节
2026-07-31 00:12:47 - mkk_pika - main.py:45 - INFO - 正在下载:[後輩に♥♥されちゃう本]-[Allegro Mistic、Egoistic Honey、クロネコ缶 (羽純りお、鷹乃ゆき、むりりん)]-[['長篇', '純愛', '後宮閃光']]-[total_pages:38]
2026-07-31 00:12:47 - mkk_pika - main.py:49 - INFO - [{'_id': '5c3ca958abe96064820a725a', 'title': '第1集', 'order': 1, 'updated_at': '2019-01-14T07:11:49.394Z', 'id': '5c3ca958abe96064820a725a'}, {'_id': '5c3ca958abe96064820a725b', 'title': '第2集', 'order': 2, 'updated_at': '2019-01-14T07:13:17.109Z', 'id': '5c3ca958abe96064820a725b'}, {'_id': '5c3ca958abe96064820a725c', 'title': '第3集', 'order': 3, 'updated_at': '2019-01-14T07:14:49.521Z', 'id': '5c3ca958abe96064820a725c'}]
2026-07-31 00:12:47 - mkk_pika - database.py:215 - INFO - 第一次下载该漫画，记录数据库中
2026-07-31 00:12:47 - mkk_pika - main.py:83 - INFO - 找到 13 张图片在:第1集
2026-07-31 00:12:48 - mkk_pika - main.py:112 - INFO - [episode:第1集       ] downloaded:    13, total:  13, progress:100%
2026-07-31 00:12:48 - mkk_pika - database.py:238 - INFO - 数据库更新已下载章节
2026-07-31 00:12:48 - mkk_pika - database.py:244 - INFO - 该漫画已下载章节如下
2026-07-31 00:12:48 - mkk_pika - database.py:245 - INFO - ['第1集']
2026-07-31 00:12:49 - mkk_pika - main.py:83 - INFO - 找到 12 张图片在:第2集
2026-07-31 00:12:49 - mkk_pika - main.py:112 - INFO - [episode:第2集       ] downloaded:    12, total:  12, progress:100%
2026-07-31 00:12:49 - mkk_pika - database.py:238 - INFO - 数据库更新已下载章节
2026-07-31 00:12:49 - mkk_pika - database.py:244 - INFO - 该漫画已下载章节如下
2026-07-31 00:12:49 - mkk_pika - database.py:245 - INFO - ['第1集', '第2集']
2026-07-31 00:12:51 - mkk_pika - main.py:83 - INFO - 找到 13 张图片在:第3集
2026-07-31 00:12:51 - mkk_pika - main.py:112 - INFO - [episode:第3集       ] downloaded:    13, total:  13, progress:100%
2026-07-31 00:12:51 - mkk_pika - database.py:238 - INFO - 数据库更新已下载章节
2026-07-31 00:12:51 - mkk_pika - database.py:244 - INFO - 该漫画已下载章节如下
2026-07-31 00:12:51 - mkk_pika - database.py:245 - INFO - ['第1集', '第2集', '第3集']
2026-07-31 00:12:53 - mkk_pika - main.py:348 - INFO - ==================== 漫画信息 ====================
                                   漫画ID：5c3ca958abe96064820a7259
                                   标题：後輩に♥♥されちゃう本
                                   作者：Allegro Mistic、Egoistic Honey、クロネコ缶 (羽純りお、鷹乃ゆき、むりりん)
                                   是否完结：是
                                   总页数：38
                                   分类：長篇,純愛,後宮閃光
                                   章节数：3
                                   最后更新时间：2019-01-14T15:23:04.280Z
                                   =================================================
2026-07-31 00:12:53 - mkk_pika - database.py:101 - INFO - 保存成功：後輩に♥♥されちゃう本
2026-07-31 00:12:53 - mkk_pika - main.py:35 - INFO - 开始检查提督さん私とご一緒しましょう？2 (艦隊これくしょん -艦これ-)是否存在未下载章节
2026-07-31 00:12:53 - mkk_pika - main.py:45 - INFO - 正在下载:[提督さん私とご一緒しましょう？2 (艦隊これくしょん -艦これ-)]-[いちごさいず (なつめえり)]-[['同人', '短篇', '純愛', '艦隊收藏']]-[total_pages:25]
2026-07-31 00:12:53 - mkk_pika - main.py:49 - INFO - [{'_id': '5c3ca969bf453b3832083180', 'title': '第1集', 'order': 1, 'updated_at': '2019-01-14T07:24:07.993Z', 'id': '5c3ca969bf453b3832083180'}]
2026-07-31 00:12:53 - mkk_pika - database.py:215 - INFO - 第一次下载该漫画，记录数据库中
2026-07-31 00:12:54 - mkk_pika - main.py:83 - INFO - 找到 25 张图片在:第1集
2026-07-31 00:12:54 - mkk_pika - main.py:112 - INFO - [episode:第1集       ] downloaded:    25, total:  25, progress:100%
2026-07-31 00:12:54 - mkk_pika - database.py:238 - INFO - 数据库更新已下载章节
2026-07-31 00:12:54 - mkk_pika - database.py:244 - INFO - 该漫画已下载章节如下
2026-07-31 00:12:54 - mkk_pika - database.py:245 - INFO - ['第1集']
2026-07-31 00:12:55 - mkk_pika - main.py:348 - INFO - ==================== 漫画信息 ====================
                                   漫画ID：5c3ca969bf453b383208317f
                                   标题：提督さん私とご一緒しましょう？2 (艦隊これくしょん -艦これ-)
                                   作者：いちごさいず (なつめえり)
                                   是否完结：是
                                   总页数：25
                                   分类：同人,短篇,純愛,艦隊收藏
                                   章节数：1
                                   最后更新时间：2019-01-14T15:23:21.877Z
                                   =================================================
2026-07-31 00:12:55 - mkk_pika - database.py:101 - INFO - 保存成功：提督さん私とご一緒しましょう？2 (艦隊これくしょん -艦これ-)
2026-07-31 00:12:55 - mkk_pika - main.py:35 - INFO - 开始检查しおいちゃんといっしょ3 (艦隊これくしょん -艦これ-)是否存在未下载章节
2026-07-31 00:12:56 - mkk_pika - main.py:45 - INFO - 正在下载:[しおいちゃんといっしょ3 (艦隊これくしょん -艦これ-)]-[TOZAN：BU (富士やま)]-[['同人', '短篇', '純愛', '艦隊收藏']]-[total_pages:19]
2026-07-31 00:12:56 - mkk_pika - main.py:49 - INFO - [{'_id': '5c3ca97a96e23806e096697f', 'title': '第1集', 'order': 1, 'updated_at': '2019-01-14T07:33:59.559Z', 'id': '5c3ca97a96e23806e096697f'}]
2026-07-31 00:12:56 - mkk_pika - database.py:215 - INFO - 第一次下载该漫画，记录数据库中
2026-07-31 00:12:56 - mkk_pika - main.py:83 - INFO - 找到 19 张图片在:第1集
2026-07-31 00:12:57 - mkk_pika - main.py:112 - INFO - [episode:第1集       ] downloaded:    19, total:  19, progress:100%
2026-07-31 00:12:57 - mkk_pika - database.py:238 - INFO - 数据库更新已下载章节
2026-07-31 00:12:57 - mkk_pika - database.py:244 - INFO - 该漫画已下载章节如下
2026-07-31 00:12:57 - mkk_pika - database.py:245 - INFO - ['第1集']
2026-07-31 00:12:58 - mkk_pika - main.py:348 - INFO - ==================== 漫画信息 ====================
                                   漫画ID：5c3ca97a96e23806e096697e
                                   标题：しおいちゃんといっしょ3 (艦隊これくしょん -艦これ-)
                                   作者：TOZAN：BU (富士やま)
                                   是否完结：是
                                   总页数：19
                                   分类：同人,短篇,純愛,艦隊收藏
                                   章节数：1
                                   最后更新时间：2019-01-14T15:23:38.670Z
                                   =================================================
2026-07-31 00:12:58 - mkk_pika - database.py:101 - INFO - 保存成功：しおいちゃんといっしょ3 (艦隊これくしょん -艦これ-)
2026-07-31 00:12:58 - mkk_pika - main.py:35 - INFO - 开始检查おーばーおーる是否存在未下载章节
2026-07-31 00:12:58 - mkk_pika - main.py:45 - INFO - 正在下载:[おーばーおーる]-[Noise]-[['短篇', '純愛']]-[total_pages:16]
2026-07-31 00:12:58 - mkk_pika - main.py:49 - INFO - [{'_id': '5c3ca989561fe83859eeb553', 'title': '第1集', 'order': 1, 'updated_at': '2019-01-14T07:46:59.065Z', 'id': '5c3ca989561fe83859eeb553'}]
2026-07-31 00:12:58 - mkk_pika - database.py:215 - INFO - 第一次下载该漫画，记录数据库中
2026-07-31 00:12:59 - mkk_pika - main.py:83 - INFO - 找到 16 张图片在:第1集
2026-07-31 00:12:59 - mkk_pika - main.py:112 - INFO - [episode:第1集       ] downloaded:    16, total:  16, progress:100%
2026-07-31 00:12:59 - mkk_pika - database.py:238 - INFO - 数据库更新已下载章节
2026-07-31 00:12:59 - mkk_pika - database.py:244 - INFO - 该漫画已下载章节如下
2026-07-31 00:12:59 - mkk_pika - database.py:245 - INFO - ['第1集']
2026-07-31 00:13:00 - mkk_pika - main.py:348 - INFO - ==================== 漫画信息 ====================
                                   漫画ID：5c3ca989561fe83859eeb552
                                   标题：おーばーおーる
                                   作者：Noise
                                   是否完结：是
                                   总页数：16
                                   分类：短篇,純愛
                                   章节数：1
                                   最后更新时间：2019-01-14T15:23:53.129Z
                                   =================================================
2026-07-31 00:13:00 - mkk_pika - database.py:101 - INFO - 保存成功：おーばーおーる
2026-07-31 00:13:00 - mkk_pika - main.py:35 - INFO - 开始检查この素晴らしい冒険者に快楽を! (この素晴らしい世界に祝福を!)是否存在未下载章节
2026-07-31 00:13:01 - mkk_pika - main.py:45 - INFO - 正在下载:[この素晴らしい冒険者に快楽を! (この素晴らしい世界に祝福を!)]-[Rollingハイエナ (タカはん)]-[['同人', '長篇', '後宮閃光']]-[total_pages:27]
2026-07-31 00:13:01 - mkk_pika - main.py:49 - INFO - [{'_id': '5c3ca997561fe83859eeb566', 'title': '第1集', 'order': 1, 'updated_at': '2019-01-14T08:39:03.496Z', 'id': '5c3ca997561fe83859eeb566'}, {'_id': '5c3ca997561fe83859eeb567', 'title': '第2集', 'order': 2, 'updated_at': '2019-01-14T08:40:25.642Z', 'id': '5c3ca997561fe83859eeb567'}]
2026-07-31 00:13:01 - mkk_pika - database.py:215 - INFO - 第一次下载该漫画，记录数据库中
2026-07-31 00:13:01 - mkk_pika - main.py:83 - INFO - 找到 11 张图片在:第1集
2026-07-31 00:13:02 - mkk_pika - main.py:112 - INFO - [episode:第1集       ] downloaded:    11, total:  11, progress:100%
2026-07-31 00:13:02 - mkk_pika - database.py:238 - INFO - 数据库更新已下载章节
2026-07-31 00:13:02 - mkk_pika - database.py:244 - INFO - 该漫画已下载章节如下
2026-07-31 00:13:02 - mkk_pika - database.py:245 - INFO - ['第1集']
2026-07-31 00:13:03 - mkk_pika - main.py:83 - INFO - 找到 16 张图片在:第2集
2026-07-31 00:13:04 - mkk_pika - main.py:112 - INFO - [episode:第2集       ] downloaded:    16, total:  16, progress:100%
2026-07-31 00:13:04 - mkk_pika - database.py:238 - INFO - 数据库更新已下载章节
2026-07-31 00:13:04 - mkk_pika - database.py:244 - INFO - 该漫画已下载章节如下
2026-07-31 00:13:04 - mkk_pika - database.py:245 - INFO - ['第1集', '第2集']
2026-07-31 00:13:05 - mkk_pika - main.py:348 - INFO - ==================== 漫画信息 ====================
                                   漫画ID：5c3ca997561fe83859eeb565
                                   标题：この素晴らしい冒険者に快楽を! (この素晴らしい世界に祝福を!)
                                   作者：Rollingハイエナ (タカはん)
                                   是否完结：是
                                   总页数：27
                                   分类：同人,長篇,後宮閃光
                                   章节数：2
                                   最后更新时间：2019-01-14T15:24:07.276Z
                                   =================================================
2026-07-31 00:13:05 - mkk_pika - database.py:101 - INFO - 保存成功：この素晴らしい冒険者に快楽を! (この素晴らしい世界に祝福を!)
2026-07-31 00:13:05 - mkk_pika - main.py:35 - INFO - 开始检查いきたいいきたいいきた～いっ！（無修正）是否存在未下载章节
2026-07-31 00:13:05 - mkk_pika - main.py:45 - INFO - 正在下载:[いきたいいきたいいきた～いっ！（無修正）]-[いつつせ]-[['短篇', '後宮閃光', '純愛', '非人類']]-[total_pages:32]
2026-07-31 00:13:05 - mkk_pika - main.py:49 - INFO - [{'_id': '5c3ca9a5afe395382ad1861c', 'title': '第1集', 'order': 1, 'updated_at': '2019-01-14T08:47:53.519Z', 'id': '5c3ca9a5afe395382ad1861c'}]
2026-07-31 00:13:05 - mkk_pika - database.py:215 - INFO - 第一次下载该漫画，记录数据库中
2026-07-31 00:13:06 - mkk_pika - main.py:83 - INFO - 找到 32 张图片在:第1集
2026-07-31 00:13:06 - mkk_pika - main.py:112 - INFO - [episode:第1集       ] downloaded:    32, total:  32, progress:100%
2026-07-31 00:13:06 - mkk_pika - database.py:238 - INFO - 数据库更新已下载章节
2026-07-31 00:13:06 - mkk_pika - database.py:244 - INFO - 该漫画已下载章节如下
2026-07-31 00:13:06 - mkk_pika - database.py:245 - INFO - ['第1集']
2026-07-31 00:13:08 - mkk_pika - main.py:348 - INFO - ==================== 漫画信息 ====================
                                   漫画ID：5c3ca9a5afe395382ad1861b
                                   标题：いきたいいきたいいきた～いっ！（無修正）
                                   作者：いつつせ
                                   是否完结：是
                                   总页数：32
                                   分类：短篇,後宮閃光,純愛,非人類
                                   章节数：1
                                   最后更新时间：2019-01-14T15:24:21.753Z
                                   =================================================
2026-07-31 00:13:08 - mkk_pika - database.py:101 - INFO - 保存成功：いきたいいきたいいきた～いっ！（無修正）
2026-07-31 00:13:08 - mkk_pika - main.py:35 - INFO - 开始检查(C84)Closed Sky Vol. 1&2 (ストライクウィッチーズ)是否存在未下载章节
2026-07-31 00:13:08 - mkk_pika - main.py:45 - INFO - 正在下载:[(C84)Closed Sky Vol. 1&2 (ストライクウィッチーズ)]-[ Peθ (もず)]-[['短篇', '同人']]-[total_pages:31]
2026-07-31 00:13:08 - mkk_pika - main.py:49 - INFO - [{'_id': '5c3ca9e4abe96064820a728d', 'title': '第1集', 'order': 1, 'updated_at': '2019-01-14T09:58:39.209Z', 'id': '5c3ca9e4abe96064820a728d'}]
2026-07-31 00:13:08 - mkk_pika - database.py:215 - INFO - 第一次下载该漫画，记录数据库中
2026-07-31 00:13:09 - mkk_pika - main.py:83 - INFO - 找到 31 张图片在:第1集
2026-07-31 00:13:09 - mkk_pika - main.py:112 - INFO - [episode:第1集       ] downloaded:    31, total:  31, progress:100%
2026-07-31 00:13:09 - mkk_pika - database.py:238 - INFO - 数据库更新已下载章节
2026-07-31 00:13:09 - mkk_pika - database.py:244 - INFO - 该漫画已下载章节如下
2026-07-31 00:13:09 - mkk_pika - database.py:245 - INFO - ['第1集']
2026-07-31 00:13:11 - mkk_pika - main.py:348 - INFO - ==================== 漫画信息 ====================
                                   漫画ID：5c3ca9e4abe96064820a728c
                                   标题：(C84)Closed Sky Vol. 1&2 (ストライクウィッチーズ)
                                   作者： Peθ (もず)
                                   是否完结：否
                                   总页数：31
                                   分类：短篇,同人
                                   章节数：1
                                   最后更新时间：2019-01-14T15:25:24.510Z
                                   =================================================
2026-07-31 00:13:11 - mkk_pika - database.py:101 - INFO - 保存成功：(C84)Closed Sky Vol. 1&2 (ストライクウィッチーズ)
2026-07-31 00:13:11 - mkk_pika - main.py:35 - INFO - 开始检查(C95)愛は藍より青い？(アズールレーン)是否存在未下载章节
2026-07-31 00:13:11 - mkk_pika - main.py:45 - INFO - 正在下载:[(C95)愛は藍より青い？(アズールレーン)]-[ソーダ畑 (無敵ソーダ)]-[['同人', '短篇', '後宮閃光', '純愛']]-[total_pages:27]
2026-07-31 00:13:11 - mkk_pika - main.py:49 - INFO - [{'_id': '5c3ca9fc0e39c80703f84419', 'title': '第1集', 'order': 1, 'updated_at': '2019-01-14T09:12:14.284Z', 'id': '5c3ca9fc0e39c80703f84419'}]
2026-07-31 00:13:11 - mkk_pika - database.py:215 - INFO - 第一次下载该漫画，记录数据库中
2026-07-31 00:13:11 - mkk_pika - main.py:83 - INFO - 找到 27 张图片在:第1集
2026-07-31 00:13:12 - mkk_pika - main.py:112 - INFO - [episode:第1集       ] downloaded:    27, total:  27, progress:100%
2026-07-31 00:13:12 - mkk_pika - database.py:238 - INFO - 数据库更新已下载章节
2026-07-31 00:13:12 - mkk_pika - database.py:244 - INFO - 该漫画已下载章节如下
2026-07-31 00:13:12 - mkk_pika - database.py:245 - INFO - ['第1集']
2026-07-31 00:13:13 - mkk_pika - main.py:348 - INFO - ==================== 漫画信息 ====================
                                   漫画ID：5c3ca9fc0e39c80703f84418
                                   标题：(C95)愛は藍より青い？(アズールレーン)
                                   作者：ソーダ畑 (無敵ソーダ)
                                   是否完结：是
                                   总页数：27
                                   分类：同人,短篇,後宮閃光,純愛
                                   章节数：1
                                   最后更新时间：2019-01-14T15:25:48.558Z
                                   =================================================
2026-07-31 00:13:13 - mkk_pika - database.py:101 - INFO - 保存成功：(C95)愛は藍より青い？(アズールレーン)
2026-07-31 00:13:13 - mkk_pika - main.py:35 - INFO - 开始检查(C92) 私はしていませんが (ゆゆ式)是否存在未下载章节
2026-07-31 00:13:14 - mkk_pika - main.py:45 - INFO - 正在下载:[(C92) 私はしていませんが (ゆゆ式)]-[ おきし団 (おきし)]-[['短篇', '同人']]-[total_pages:33]
2026-07-31 00:13:14 - mkk_pika - main.py:49 - INFO - [{'_id': '5c3caa5a3dad49070f1299a6', 'title': '第1集', 'order': 1, 'updated_at': '2019-01-14T10:10:16.534Z', 'id': '5c3caa5a3dad49070f1299a6'}]
2026-07-31 00:13:14 - mkk_pika - database.py:215 - INFO - 第一次下载该漫画，记录数据库中
2026-07-31 00:13:14 - mkk_pika - main.py:83 - INFO - 找到 33 张图片在:第1集
2026-07-31 00:13:15 - mkk_pika - main.py:112 - INFO - [episode:第1集       ] downloaded:    33, total:  33, progress:100%
2026-07-31 00:13:15 - mkk_pika - database.py:238 - INFO - 数据库更新已下载章节
2026-07-31 00:13:15 - mkk_pika - database.py:244 - INFO - 该漫画已下载章节如下
2026-07-31 00:13:15 - mkk_pika - database.py:245 - INFO - ['第1集']
2026-07-31 00:13:16 - mkk_pika - main.py:348 - INFO - ==================== 漫画信息 ====================
                                   漫画ID：5c3caa5a3dad49070f1299a5
                                   标题：(C92) 私はしていませんが (ゆゆ式)
                                   作者： おきし団 (おきし)
                                   是否完结：否
                                   总页数：33
                                   分类：短篇,同人
                                   章节数：1
                                   最后更新时间：2019-01-14T15:27:22.771Z
                                   =================================================
2026-07-31 00:13:16 - mkk_pika - database.py:101 - INFO - 保存成功：(C92) 私はしていませんが (ゆゆ式)
2026-07-31 00:13:16 - mkk_pika - main.py:35 - INFO - 开始检查(C95)たいにーいーびるちゃんず! - 無邪気で残酷な少女たちのえっちな短編集 - [DL版] [全彩]是否存在未下载章节
2026-07-31 00:13:16 - mkk_pika - main.py:45 - INFO - 正在下载:[(C95)たいにーいーびるちゃんず! - 無邪気で残酷な少女たちのえっちな短編集 - [DL版] [全彩]]-[ MonsieuR (MUK)]-[['短篇', '同人', '全彩']]-[total_pages:19]
2026-07-31 00:13:16 - mkk_pika - main.py:49 - INFO - [{'_id': '5c3caaaacfe50964b62fa523', 'title': '第1集', 'order': 1, 'updated_at': '2019-01-14T10:14:45.234Z', 'id': '5c3caaaacfe50964b62fa523'}]
2026-07-31 00:13:16 - mkk_pika - database.py:215 - INFO - 第一次下载该漫画，记录数据库中
2026-07-31 00:13:17 - mkk_pika - main.py:83 - INFO - 找到 19 张图片在:第1集
2026-07-31 00:13:17 - mkk_pika - main.py:112 - INFO - [episode:第1集       ] downloaded:    19, total:  19, progress:100%
2026-07-31 00:13:17 - mkk_pika - database.py:238 - INFO - 数据库更新已下载章节
2026-07-31 00:13:17 - mkk_pika - database.py:244 - INFO - 该漫画已下载章节如下
2026-07-31 00:13:17 - mkk_pika - database.py:245 - INFO - ['第1集']
2026-07-31 00:13:19 - mkk_pika - main.py:348 - INFO - ==================== 漫画信息 ====================
                                   漫画ID：5c3caaaacfe50964b62fa522
                                   标题：(C95)たいにーいーびるちゃんず! - 無邪気で残酷な少女たちのえっちな短編集 - [DL版] [全彩]
                                   作者： MonsieuR (MUK)
                                   是否完结：否
                                   总页数：19
                                   分类：短篇,同人,全彩
                                   章节数：1
                                   最后更新时间：2019-01-14T15:28:42.918Z
                                   =================================================
2026-07-31 00:13:19 - mkk_pika - database.py:101 - INFO - 保存成功：(C95)たいにーいーびるちゃんず! - 無邪気で残酷な少女たちのえっちな短編集 - [DL版] [全彩]
2026-07-31 00:13:19 - mkk_pika - main.py:35 - INFO - 开始检查(C95)イヌカミックス！ (グランブルーファンタジー)是否存在未下载章节
2026-07-31 00:13:19 - mkk_pika - main.py:45 - INFO - 正在下载:[(C95)イヌカミックス！ (グランブルーファンタジー)]-[蒼色彼方、ねこぬこまりも (色谷あすか、gamuteにゃ子)]-[['短篇', '同人', '非人類', '碧藍幻想']]-[total_pages:36]
2026-07-31 00:13:19 - mkk_pika - main.py:49 - INFO - [{'_id': '5c3caac0abe96064820a72ba', 'title': '第1集', 'order': 1, 'updated_at': '2019-01-14T10:23:18.827Z', 'id': '5c3caac0abe96064820a72ba'}]
2026-07-31 00:13:19 - mkk_pika - database.py:215 - INFO - 第一次下载该漫画，记录数据库中
2026-07-31 00:13:20 - mkk_pika - main.py:83 - INFO - 找到 36 张图片在:第1集
2026-07-31 00:13:20 - mkk_pika - main.py:112 - INFO - [episode:第1集       ] downloaded:    36, total:  36, progress:100%
2026-07-31 00:13:20 - mkk_pika - database.py:238 - INFO - 数据库更新已下载章节
2026-07-31 00:13:20 - mkk_pika - database.py:244 - INFO - 该漫画已下载章节如下
2026-07-31 00:13:20 - mkk_pika - database.py:245 - INFO - ['第1集']
2026-07-31 00:13:22 - mkk_pika - main.py:348 - INFO - ==================== 漫画信息 ====================
                                   漫画ID：5c3caac0abe96064820a72b9
                                   标题：(C95)イヌカミックス！ (グランブルーファンタジー)
                                   作者：蒼色彼方、ねこぬこまりも (色谷あすか、gamuteにゃ子)
                                   是否完结：是
                                   总页数：36
                                   分类：短篇,同人,非人類,碧藍幻想
                                   章节数：1
                                   最后更新时间：2019-01-14T15:29:04.000Z
                                   =================================================
2026-07-31 00:13:22 - mkk_pika - database.py:101 - INFO - 保存成功：(C95)イヌカミックス！ (グランブルーファンタジー)
2026-07-31 00:13:22 - mkk_pika - main.py:35 - INFO - 开始检查 Secret Service (妖狐×僕SS)是否存在未下载章节
2026-07-31 00:13:22 - mkk_pika - main.py:45 - INFO - 正在下载:[ Secret Service (妖狐×僕SS)]-[ Come Through (あづみ一樹)]-[['短篇', '同人']]-[total_pages:32]
2026-07-31 00:13:22 - mkk_pika - main.py:49 - INFO - [{'_id': '5c3caadaa84a7006d831d3c0', 'title': '第1集', 'order': 1, 'updated_at': '2019-01-14T10:36:29.768Z', 'id': '5c3caadaa84a7006d831d3c0'}]
2026-07-31 00:13:22 - mkk_pika - database.py:215 - INFO - 第一次下载该漫画，记录数据库中
2026-07-31 00:13:22 - mkk_pika - main.py:83 - INFO - 找到 32 张图片在:第1集
2026-07-31 00:13:23 - mkk_pika - main.py:112 - INFO - [episode:第1集       ] downloaded:    32, total:  32, progress:100%
2026-07-31 00:13:23 - mkk_pika - database.py:238 - INFO - 数据库更新已下载章节
2026-07-31 00:13:23 - mkk_pika - database.py:244 - INFO - 该漫画已下载章节如下
2026-07-31 00:13:23 - mkk_pika - database.py:245 - INFO - ['第1集']
2026-07-31 00:13:24 - mkk_pika - main.py:348 - INFO - ==================== 漫画信息 ====================
                                   漫画ID：5c3caadaa84a7006d831d3bf
                                   标题： Secret Service (妖狐×僕SS)
                                   作者： Come Through (あづみ一樹)
                                   是否完结：否
                                   总页数：32
                                   分类：短篇,同人
                                   章节数：1
                                   最后更新时间：2019-01-14T15:29:30.143Z
                                   =================================================
2026-07-31 00:13:24 - mkk_pika - database.py:101 - INFO - 保存成功： Secret Service (妖狐×僕SS)
2026-07-31 00:13:24 - mkk_pika - main.py:35 - INFO - 开始检查デリバリーな少女の絵本3 [DL版]是否存在未下载章节
2026-07-31 00:13:25 - mkk_pika - main.py:45 - INFO - 正在下载:[デリバリーな少女の絵本3 [DL版]]-[暗中模索 (まるころんど)]-[['短篇', '同人']]-[total_pages:39]
2026-07-31 00:13:25 - mkk_pika - main.py:49 - INFO - [{'_id': '5c3caafc39881462c858c7b5', 'title': '第1集', 'order': 1, 'updated_at': '2019-01-14T10:41:45.902Z', 'id': '5c3caafc39881462c858c7b5'}]
2026-07-31 00:13:25 - mkk_pika - database.py:215 - INFO - 第一次下载该漫画，记录数据库中
2026-07-31 00:13:25 - mkk_pika - main.py:83 - INFO - 找到 39 张图片在:第1集
2026-07-31 00:13:26 - mkk_pika - main.py:112 - INFO - [episode:第1集       ] downloaded:    39, total:  39, progress:100%
2026-07-31 00:13:26 - mkk_pika - database.py:238 - INFO - 数据库更新已下载章节
2026-07-31 00:13:26 - mkk_pika - database.py:244 - INFO - 该漫画已下载章节如下
2026-07-31 00:13:26 - mkk_pika - database.py:245 - INFO - ['第1集']
2026-07-31 00:13:27 - mkk_pika - main.py:348 - INFO - ==================== 漫画信息 ====================
                                   漫画ID：5c3caafc39881462c858c7b4
                                   标题：デリバリーな少女の絵本3 [DL版]
                                   作者：暗中模索 (まるころんど)
                                   是否完结：否
                                   总页数：39
                                   分类：短篇,同人
                                   章节数：1
                                   最后更新时间：2019-01-14T15:30:04.523Z
                                   =================================================
2026-07-31 00:13:27 - mkk_pika - database.py:101 - INFO - 保存成功：デリバリーな少女の絵本3 [DL版]
2026-07-31 00:13:27 - mkk_pika - main.py:35 - INFO - 开始检查超おね×パコ3 超淫姊╳啪啪3是否存在未下载章节
2026-07-31 00:13:28 - mkk_pika - main.py:45 - INFO - 正在下载:[超おね×パコ3 超淫姊╳啪啪3]-[アガタ]-[['長篇', '純愛', '後宮閃光', '單行本', '姐姐系', '妹妹系', 'SM', '人妻', '強暴']]-[total_pages:223]
2026-07-31 00:13:28 - mkk_pika - main.py:49 - INFO - [{'_id': '5c3cab3ca84a7006d831d3e4', 'title': '大姊姊吸爆正太的單行本', 'order': 1, 'updated_at': '2019-01-10T16:30:12.232Z', 'id': '5c3cab3ca84a7006d831d3e4'}]
2026-07-31 00:13:28 - mkk_pika - database.py:215 - INFO - 第一次下载该漫画，记录数据库中
2026-07-31 00:13:30 - mkk_pika - main.py:83 - INFO - 找到 223 张图片在:大姊姊吸爆正太的單行本
2026-07-31 00:13:33 - mkk_pika - main.py:112 - INFO - [episode:大姊姊吸爆正太的單行本] downloaded:   223, total: 223, progress:100%
2026-07-31 00:13:33 - mkk_pika - database.py:238 - INFO - 数据库更新已下载章节
2026-07-31 00:13:33 - mkk_pika - database.py:244 - INFO - 该漫画已下载章节如下
2026-07-31 00:13:33 - mkk_pika - database.py:245 - INFO - ['大姊姊吸爆正太的單行本']
2026-07-31 00:13:35 - mkk_pika - main.py:348 - INFO - ==================== 漫画信息 ====================
                                   漫画ID：5c3cab3ca84a7006d831d3e3
                                   标题：超おね×パコ3 超淫姊╳啪啪3
                                   作者：アガタ
                                   是否完结：是
                                   总页数：223
                                   分类：長篇,純愛,後宮閃光,單行本,姐姐系,妹妹系,SM,人妻,強暴
                                   章节数：1
                                   最后更新时间：2019-01-14T15:31:08.694Z
                                   =================================================
2026-07-31 00:13:35 - mkk_pika - database.py:101 - INFO - 保存成功：超おね×パコ3 超淫姊╳啪啪3
2026-07-31 00:13:35 - mkk_pika - main.py:35 - INFO - 开始检查お酒と提督はほどほどに是否存在未下载章节
2026-07-31 00:13:35 - mkk_pika - main.py:45 - INFO - 正在下载:[お酒と提督はほどほどに]-[クマ飯屋 (てちぞう、360MB矢野)]-[['同人', '短篇', '艦隊收藏']]-[total_pages:19]
2026-07-31 00:13:35 - mkk_pika - main.py:49 - INFO - [{'_id': '5c3cab50abe96064820a72e8', 'title': '第1集', 'order': 1, 'updated_at': '2019-01-14T12:41:24.489Z', 'id': '5c3cab50abe96064820a72e8'}]
2026-07-31 00:13:35 - mkk_pika - database.py:215 - INFO - 第一次下载该漫画，记录数据库中
2026-07-31 00:13:35 - mkk_pika - main.py:83 - INFO - 找到 19 张图片在:第1集
2026-07-31 00:13:36 - mkk_pika - main.py:112 - INFO - [episode:第1集       ] downloaded:    19, total:  19, progress:100%
2026-07-31 00:13:36 - mkk_pika - database.py:238 - INFO - 数据库更新已下载章节
2026-07-31 00:13:36 - mkk_pika - database.py:244 - INFO - 该漫画已下载章节如下
2026-07-31 00:13:36 - mkk_pika - database.py:245 - INFO - ['第1集']
2026-07-31 00:13:37 - mkk_pika - main.py:348 - INFO - ==================== 漫画信息 ====================
                                   漫画ID：5c3cab50abe96064820a72e7
                                   标题：お酒と提督はほどほどに
                                   作者：クマ飯屋 (てちぞう、360MB矢野)
                                   是否完结：否
                                   总页数：19
                                   分类：同人,短篇,艦隊收藏
                                   章节数：1
                                   最后更新时间：2019-01-14T15:31:28.745Z
                                   =================================================
2026-07-31 00:13:37 - mkk_pika - database.py:101 - INFO - 保存成功：お酒と提督はほどほどに
2026-07-31 00:13:37 - mkk_pika - main.py:35 - INFO - 开始检查サウスダコタとショタ指揮官 (アズールレーン)是否存在未下载章节
2026-07-31 00:13:38 - mkk_pika - main.py:45 - INFO - 正在下载:[サウスダコタとショタ指揮官 (アズールレーン)]-[エゴノカタマリ (木村寧都)]-[['同人', '短篇', '姐姐系']]-[total_pages:28]
2026-07-31 00:13:38 - mkk_pika - main.py:49 - INFO - [{'_id': '5c3cab8baf8007628c03a4fe', 'title': '第1集', 'order': 1, 'updated_at': '2019-01-14T12:48:18.824Z', 'id': '5c3cab8baf8007628c03a4fe'}]
2026-07-31 00:13:38 - mkk_pika - database.py:215 - INFO - 第一次下载该漫画，记录数据库中
2026-07-31 00:13:39 - mkk_pika - main.py:83 - INFO - 找到 28 张图片在:第1集
2026-07-31 00:13:39 - mkk_pika - main.py:112 - INFO - [episode:第1集       ] downloaded:    28, total:  28, progress:100%
2026-07-31 00:13:39 - mkk_pika - database.py:238 - INFO - 数据库更新已下载章节
2026-07-31 00:13:39 - mkk_pika - database.py:244 - INFO - 该漫画已下载章节如下
2026-07-31 00:13:39 - mkk_pika - database.py:245 - INFO - ['第1集']
2026-07-31 00:13:40 - mkk_pika - main.py:348 - INFO - ==================== 漫画信息 ====================
                                   漫画ID：5c3cab8baf8007628c03a4fd
                                   标题：サウスダコタとショタ指揮官 (アズールレーン)
                                   作者：エゴノカタマリ (木村寧都)
                                   是否完结：否
                                   总页数：28
                                   分类：同人,短篇,姐姐系
                                   章节数：1
                                   最后更新时间：2019-01-14T15:32:27.810Z
                                   =================================================
2026-07-31 00:13:40 - mkk_pika - database.py:101 - INFO - 保存成功：サウスダコタとショタ指揮官 (アズールレーン)
2026-07-31 00:13:40 - mkk_pika - main.py:35 - INFO - 开始检查伝説の本是否存在未下载章节
2026-07-31 00:13:41 - mkk_pika - main.py:45 - INFO - 正在下载:[伝説の本]-[カラスちゃん (カラスちゃん)]-[['同人']]-[total_pages:26]
2026-07-31 00:13:41 - mkk_pika - main.py:49 - INFO - [{'_id': '5c3d9f89cfe50964b62faa33', 'title': '第1集', 'order': 1, 'updated_at': '2019-01-14T21:25:50.690Z', 'id': '5c3d9f89cfe50964b62faa33'}]
2026-07-31 00:13:41 - mkk_pika - database.py:215 - INFO - 第一次下载该漫画，记录数据库中
2026-07-31 00:13:41 - mkk_pika - main.py:83 - INFO - 找到 26 张图片在:第1集
2026-07-31 00:13:42 - mkk_pika - main.py:112 - INFO - [episode:第1集       ] downloaded:    26, total:  26, progress:100%
2026-07-31 00:13:42 - mkk_pika - database.py:238 - INFO - 数据库更新已下载章节
2026-07-31 00:13:42 - mkk_pika - database.py:244 - INFO - 该漫画已下载章节如下
2026-07-31 00:13:42 - mkk_pika - database.py:245 - INFO - ['第1集']
2026-07-31 00:13:43 - mkk_pika - main.py:348 - INFO - ==================== 漫画信息 ====================
                                   漫画ID：5c3d9f89cfe50964b62faa32
                                   标题：伝説の本
                                   作者：カラスちゃん (カラスちゃん)
                                   是否完结：否
                                   总页数：26
                                   分类：同人
                                   章节数：1
                                   最后更新时间：2019-01-15T08:53:29.129Z
                                   =================================================
2026-07-31 00:13:43 - mkk_pika - database.py:101 - INFO - 保存成功：伝説の本
2026-07-31 00:13:43 - mkk_pika - main.py:35 - INFO - 开始检查(C95) 恋も知らないわたしたちでも性欲はべつだよねだって悪魔だもん。 (ベルゼブブ嬢のお気に召すまま。、ガンダムビルドダイバーズ) 是否存在未下载章节
2026-07-31 00:13:43 - mkk_pika - main.py:45 - INFO - 正在下载:[(C95) 恋も知らないわたしたちでも性欲はべつだよねだって悪魔だもん。 (ベルゼブブ嬢のお気に召すまま。、ガンダムビルドダイバーズ) ]-[世界革命倶楽部 (小澤零人)]-[['同人', '短篇']]-[total_pages:29]
2026-07-31 00:13:43 - mkk_pika - main.py:49 - INFO - [{'_id': '5c3d9fa6abe96064820a79e1', 'title': '第1集', 'order': 1, 'updated_at': '2019-01-15T02:55:34.600Z', 'id': '5c3d9fa6abe96064820a79e1'}]
2026-07-31 00:13:43 - mkk_pika - database.py:215 - INFO - 第一次下载该漫画，记录数据库中
2026-07-31 00:13:44 - mkk_pika - main.py:83 - INFO - 找到 29 张图片在:第1集
2026-07-31 00:13:44 - mkk_pika - main.py:112 - INFO - [episode:第1集       ] downloaded:    29, total:  29, progress:100%
2026-07-31 00:13:44 - mkk_pika - database.py:238 - INFO - 数据库更新已下载章节
2026-07-31 00:13:44 - mkk_pika - database.py:244 - INFO - 该漫画已下载章节如下
2026-07-31 00:13:44 - mkk_pika - database.py:245 - INFO - ['第1集']
2026-07-31 00:13:46 - mkk_pika - main.py:348 - INFO - ==================== 漫画信息 ====================
                                   漫画ID：5c3d9fa6abe96064820a79e0
                                   标题：(C95) 恋も知らないわたしたちでも性欲はべつだよねだって悪魔だもん。 (ベルゼブブ嬢のお気に召すまま。、ガンダムビルドダイバーズ) 
                                   作者：世界革命倶楽部 (小澤零人)
                                   是否完结：是
                                   总页数：29
                                   分类：同人,短篇
                                   章节数：1
                                   最后更新时间：2019-01-15T08:53:58.057Z
                                   =================================================
2026-07-31 00:13:46 - mkk_pika - database.py:101 - INFO - 保存成功：(C95) 恋も知らないわたしたちでも性欲はべつだよねだって悪魔だもん。 (ベルゼブブ嬢のお気に召すまま。、ガンダムビルドダイバーズ) 
2026-07-31 00:13:46 - mkk_pika - main.py:35 - INFO - 开始检查艦娘緊縛禄 霞編 (艦隊これくしょん -艦これ-) 是否存在未下载章节
2026-07-31 00:13:46 - mkk_pika - main.py:45 - INFO - 正在下载:[艦娘緊縛禄 霞編 (艦隊これくしょん -艦これ-) ]-[あらくの☆まにあ (くもえもん)]-[['同人', '短篇', '艦隊收藏']]-[total_pages:28]
2026-07-31 00:13:46 - mkk_pika - main.py:49 - INFO - [{'_id': '5c3d9fbd59c8c864ae476366', 'title': '第1集', 'order': 1, 'updated_at': '2019-01-15T03:00:41.254Z', 'id': '5c3d9fbd59c8c864ae476366'}]
2026-07-31 00:13:46 - mkk_pika - database.py:215 - INFO - 第一次下载该漫画，记录数据库中
2026-07-31 00:13:47 - mkk_pika - main.py:83 - INFO - 找到 28 张图片在:第1集
2026-07-31 00:13:47 - mkk_pika - main.py:112 - INFO - [episode:第1集       ] downloaded:    28, total:  28, progress:100%
2026-07-31 00:13:47 - mkk_pika - database.py:238 - INFO - 数据库更新已下载章节
2026-07-31 00:13:47 - mkk_pika - database.py:244 - INFO - 该漫画已下载章节如下
2026-07-31 00:13:47 - mkk_pika - database.py:245 - INFO - ['第1集']
2026-07-31 00:13:48 - mkk_pika - main.py:348 - INFO - ==================== 漫画信息 ====================
                                   漫画ID：5c3d9fbd59c8c864ae476365
                                   标题：艦娘緊縛禄 霞編 (艦隊これくしょん -艦これ-) 
                                   作者：あらくの☆まにあ (くもえもん)
                                   是否完结：是
                                   总页数：28
                                   分类：同人,短篇,艦隊收藏
                                   章节数：1
                                   最后更新时间：2019-01-15T08:54:21.582Z
                                   =================================================
2026-07-31 00:13:48 - mkk_pika - database.py:101 - INFO - 保存成功：艦娘緊縛禄 霞編 (艦隊これくしょん -艦これ-) 
2026-07-31 00:13:48 - mkk_pika - main.py:35 - INFO - 开始检查(C95) アズレンソープ部 ―ロイヤル編― (アズールレーン) 是否存在未下载章节
2026-07-31 00:13:49 - mkk_pika - main.py:45 - INFO - 正在下载:[(C95) アズレンソープ部 ―ロイヤル編― (アズールレーン) ]-[夏季のタネ (サマー)]-[['同人', '短篇']]-[total_pages:24]
2026-07-31 00:13:49 - mkk_pika - main.py:49 - INFO - [{'_id': '5c3d9fea41328f62b94d9a2d', 'title': '第1集', 'order': 1, 'updated_at': '2019-01-15T03:03:41.691Z', 'id': '5c3d9fea41328f62b94d9a2d'}]
2026-07-31 00:13:49 - mkk_pika - database.py:215 - INFO - 第一次下载该漫画，记录数据库中
2026-07-31 00:13:49 - mkk_pika - main.py:83 - INFO - 找到 24 张图片在:第1集
2026-07-31 00:13:50 - mkk_pika - main.py:112 - INFO - [episode:第1集       ] downloaded:    24, total:  24, progress:100%
2026-07-31 00:13:50 - mkk_pika - database.py:238 - INFO - 数据库更新已下载章节
2026-07-31 00:13:50 - mkk_pika - database.py:244 - INFO - 该漫画已下载章节如下
2026-07-31 00:13:50 - mkk_pika - database.py:245 - INFO - ['第1集']
2026-07-31 00:13:51 - mkk_pika - main.py:348 - INFO - ==================== 漫画信息 ====================
                                   漫画ID：5c3d9fea41328f62b94d9a2c
                                   标题：(C95) アズレンソープ部 ―ロイヤル編― (アズールレーン) 
                                   作者：夏季のタネ (サマー)
                                   是否完结：是
                                   总页数：24
                                   分类：同人,短篇
                                   章节数：1
                                   最后更新时间：2019-01-15T08:55:06.677Z
                                   =================================================
2026-07-31 00:13:51 - mkk_pika - database.py:101 - INFO - 保存成功：(C95) アズレンソープ部 ―ロイヤル編― (アズールレーン) 
2026-07-31 00:13:51 - mkk_pika - main.py:35 - INFO - 开始检查(C95) サラトガちゃんのイタズラ大戦略!？ (アズールレーン)是否存在未下载章节
2026-07-31 00:13:51 - mkk_pika - main.py:45 - INFO - 正在下载:[(C95) サラトガちゃんのイタズラ大戦略!？ (アズールレーン)]-[KAMINENDO.CORP (あかざわRED)]-[['同人', '短篇']]-[total_pages:18]
2026-07-31 00:13:51 - mkk_pika - main.py:49 - INFO - [{'_id': '5c3da00741328f62b94d9a48', 'title': '第1集', 'order': 1, 'updated_at': '2019-01-15T03:07:30.763Z', 'id': '5c3da00741328f62b94d9a48'}]
2026-07-31 00:13:51 - mkk_pika - database.py:215 - INFO - 第一次下载该漫画，记录数据库中
2026-07-31 00:13:52 - mkk_pika - main.py:83 - INFO - 找到 18 张图片在:第1集
2026-07-31 00:13:52 - mkk_pika - main.py:112 - INFO - [episode:第1集       ] downloaded:    18, total:  18, progress:100%
2026-07-31 00:13:52 - mkk_pika - database.py:238 - INFO - 数据库更新已下载章节
2026-07-31 00:13:52 - mkk_pika - database.py:244 - INFO - 该漫画已下载章节如下
2026-07-31 00:13:52 - mkk_pika - database.py:245 - INFO - ['第1集']
2026-07-31 00:13:54 - mkk_pika - main.py:348 - INFO - ==================== 漫画信息 ====================
                                   漫画ID：5c3da00741328f62b94d9a47
                                   标题：(C95) サラトガちゃんのイタズラ大戦略!？ (アズールレーン)
                                   作者：KAMINENDO.CORP (あかざわRED)
                                   是否完结：是
                                   总页数：18
                                   分类：同人,短篇
                                   章节数：1
                                   最后更新时间：2019-01-15T08:55:35.203Z
                                   =================================================
2026-07-31 00:13:54 - mkk_pika - database.py:101 - INFO - 保存成功：(C95) サラトガちゃんのイタズラ大戦略!？ (アズールレーン)
2026-07-31 00:13:54 - mkk_pika - main.py:35 - INFO - 开始检查有名キャラ官能小説CG集第394弹!! (りゅうおうのおしごと!)是否存在未下载章节
2026-07-31 00:13:54 - mkk_pika - main.py:45 - INFO - 正在下载:[有名キャラ官能小説CG集第394弹!! (りゅうおうのおしごと!)]-[LolitaChannel]-[['同人', '全彩']]-[total_pages:5]
2026-07-31 00:13:54 - mkk_pika - main.py:49 - INFO - [{'_id': '5c3da0838d4d87386be8d433', 'title': '第1集', 'order': 1, 'updated_at': '2019-01-15T04:19:27.608Z', 'id': '5c3da0838d4d87386be8d433'}]
2026-07-31 00:13:54 - mkk_pika - database.py:215 - INFO - 第一次下载该漫画，记录数据库中
2026-07-31 00:13:55 - mkk_pika - main.py:83 - INFO - 找到 10 张图片在:第1集
2026-07-31 00:13:55 - mkk_pika - main.py:112 - INFO - [episode:第1集       ] downloaded:    10, total:  10, progress:100%
2026-07-31 00:13:55 - mkk_pika - database.py:238 - INFO - 数据库更新已下载章节
2026-07-31 00:13:55 - mkk_pika - database.py:244 - INFO - 该漫画已下载章节如下
2026-07-31 00:13:55 - mkk_pika - database.py:245 - INFO - ['第1集']
2026-07-31 00:13:56 - mkk_pika - main.py:348 - INFO - ==================== 漫画信息 ====================
                                   漫画ID：5c3da0838d4d87386be8d432
                                   标题：有名キャラ官能小説CG集第394弹!! (りゅうおうのおしごと!)
                                   作者：LolitaChannel
                                   是否完结：否
                                   总页数：5
                                   分类：同人,全彩
                                   章节数：1
                                   最后更新时间：2019-01-15T08:57:39.089Z
                                   =================================================
2026-07-31 00:13:56 - mkk_pika - database.py:101 - INFO - 保存成功：有名キャラ官能小説CG集第394弹!! (りゅうおうのおしごと!)
2026-07-31 00:13:56 - mkk_pika - main.py:35 - INFO - 开始检查(C95)性交の奇跡(ゴブリンスレイヤー)是否存在未下载章节
2026-07-31 00:13:56 - mkk_pika - main.py:45 - INFO - 正在下载:[(C95)性交の奇跡(ゴブリンスレイヤー)]-[闇夢館 (Darkmaya)]-[['同人', '短篇', '純愛', '後宮閃光', '全彩']]-[total_pages:29]
2026-07-31 00:13:56 - mkk_pika - main.py:49 - INFO - [{'_id': '5c3da16659c8c864ae4763b2', 'title': '第1集', 'order': 1, 'updated_at': '2019-01-15T05:06:43.175Z', 'id': '5c3da16659c8c864ae4763b2'}]
2026-07-31 00:13:56 - mkk_pika - database.py:215 - INFO - 第一次下载该漫画，记录数据库中
2026-07-31 00:13:57 - mkk_pika - main.py:83 - INFO - 找到 29 张图片在:第1集
2026-07-31 00:13:58 - mkk_pika - main.py:112 - INFO - [episode:第1集       ] downloaded:    29, total:  29, progress:100%
2026-07-31 00:13:58 - mkk_pika - database.py:238 - INFO - 数据库更新已下载章节
2026-07-31 00:13:58 - mkk_pika - database.py:244 - INFO - 该漫画已下载章节如下
2026-07-31 00:13:58 - mkk_pika - database.py:245 - INFO - ['第1集']
2026-07-31 00:13:59 - mkk_pika - main.py:348 - INFO - ==================== 漫画信息 ====================
                                   漫画ID：5c3da16659c8c864ae4763b1
                                   标题：(C95)性交の奇跡(ゴブリンスレイヤー)
                                   作者：闇夢館 (Darkmaya)
                                   是否完结：是
                                   总页数：29
                                   分类：同人,短篇,純愛,後宮閃光,全彩
                                   章节数：1
                                   最后更新时间：2019-01-15T09:01:26.138Z
                                   =================================================
2026-07-31 00:13:59 - mkk_pika - database.py:101 - INFO - 保存成功：(C95)性交の奇跡(ゴブリンスレイヤー)
2026-07-31 00:13:59 - mkk_pika - main.py:35 - INFO - 开始检查(C95)今夜はずっと一緒に-MWLの一番熱い夜-(英雄伝説 閃の軌跡)是否存在未下载章节
2026-07-31 00:13:59 - mkk_pika - main.py:45 - INFO - 正在下载:[(C95)今夜はずっと一緒に-MWLの一番熱い夜-(英雄伝説 閃の軌跡)]-[The Seventh Sign (神楽優人)]-[['同人', '短篇', '純愛']]-[total_pages:23]
2026-07-31 00:13:59 - mkk_pika - main.py:49 - INFO - [{'_id': '5c3da18541328f62b94d9b1a', 'title': '第1集', 'order': 1, 'updated_at': '2019-01-15T05:15:01.111Z', 'id': '5c3da18541328f62b94d9b1a'}]
2026-07-31 00:13:59 - mkk_pika - database.py:215 - INFO - 第一次下载该漫画，记录数据库中
2026-07-31 00:14:00 - mkk_pika - main.py:83 - INFO - 找到 23 张图片在:第1集
2026-07-31 00:14:00 - mkk_pika - main.py:112 - INFO - [episode:第1集       ] downloaded:    23, total:  23, progress:100%
2026-07-31 00:14:00 - mkk_pika - database.py:238 - INFO - 数据库更新已下载章节
2026-07-31 00:14:00 - mkk_pika - database.py:244 - INFO - 该漫画已下载章节如下
2026-07-31 00:14:00 - mkk_pika - database.py:245 - INFO - ['第1集']
2026-07-31 00:14:02 - mkk_pika - main.py:348 - INFO - ==================== 漫画信息 ====================
                                   漫画ID：5c3da18541328f62b94d9b19
                                   标题：(C95)今夜はずっと一緒に-MWLの一番熱い夜-(英雄伝説 閃の軌跡)
                                   作者：The Seventh Sign (神楽優人)
                                   是否完结：是
                                   总页数：23
                                   分类：同人,短篇,純愛
                                   章节数：1
                                   最后更新时间：2019-01-15T09:01:57.950Z
                                   =================================================
2026-07-31 00:14:02 - mkk_pika - database.py:101 - INFO - 保存成功：(C95)今夜はずっと一緒に-MWLの一番熱い夜-(英雄伝説 閃の軌跡)
2026-07-31 00:14:02 - mkk_pika - main.py:35 - INFO - 开始检查(C95)素直な彼女とヘタレ指揮官 (少女前線)是否存在未下载章节
2026-07-31 00:14:02 - mkk_pika - main.py:45 - INFO - 正在下载:[(C95)素直な彼女とヘタレ指揮官 (少女前線)]-[REI's ROOM (REI)]-[['同人', '短篇', '純愛']]-[total_pages:25]
2026-07-31 00:14:02 - mkk_pika - main.py:49 - INFO - [{'_id': '5c3da1a5561fe83859eebc24', 'title': '第1集', 'order': 1, 'updated_at': '2019-01-15T05:22:45.835Z', 'id': '5c3da1a5561fe83859eebc24'}]
2026-07-31 00:14:02 - mkk_pika - database.py:215 - INFO - 第一次下载该漫画，记录数据库中
2026-07-31 00:14:03 - mkk_pika - main.py:83 - INFO - 找到 25 张图片在:第1集
2026-07-31 00:14:03 - mkk_pika - main.py:112 - INFO - [episode:第1集       ] downloaded:    25, total:  25, progress:100%
2026-07-31 00:14:03 - mkk_pika - database.py:238 - INFO - 数据库更新已下载章节
2026-07-31 00:14:03 - mkk_pika - database.py:244 - INFO - 该漫画已下载章节如下
2026-07-31 00:14:03 - mkk_pika - database.py:245 - INFO - ['第1集']
2026-07-31 00:14:04 - mkk_pika - main.py:348 - INFO - ==================== 漫画信息 ====================
                                   漫画ID：5c3da1a5561fe83859eebc23
                                   标题：(C95)素直な彼女とヘタレ指揮官 (少女前線)
                                   作者：REI's ROOM (REI)
                                   是否完结：是
                                   总页数：25
                                   分类：同人,短篇,純愛
                                   章节数：1
                                   最后更新时间：2019-01-15T09:02:29.580Z
                                   =================================================
2026-07-31 00:14:04 - mkk_pika - database.py:101 - INFO - 保存成功：(C95)素直な彼女とヘタレ指揮官 (少女前線)
2026-07-31 00:14:04 - mkk_pika - main.py:35 - INFO - 开始检查無敗の女 (ワンピース)是否存在未下载章节
2026-07-31 00:14:05 - mkk_pika - main.py:45 - INFO - 正在下载:[無敗の女 (ワンピース)]-[ダシガラ100％ (民兵一号)]-[['同人', '短篇', '強暴']]-[total_pages:26]
2026-07-31 00:14:05 - mkk_pika - main.py:49 - INFO - [{'_id': '5c3da1c7abe96064820a7a1c', 'title': '第1集', 'order': 1, 'updated_at': '2019-01-15T07:01:45.662Z', 'id': '5c3da1c7abe96064820a7a1c'}]
2026-07-31 00:14:05 - mkk_pika - database.py:215 - INFO - 第一次下载该漫画，记录数据库中
2026-07-31 00:14:05 - mkk_pika - main.py:83 - INFO - 找到 26 张图片在:第1集
2026-07-31 00:14:06 - mkk_pika - main.py:112 - INFO - [episode:第1集       ] downloaded:    26, total:  26, progress:100%
2026-07-31 00:14:06 - mkk_pika - database.py:238 - INFO - 数据库更新已下载章节
2026-07-31 00:14:06 - mkk_pika - database.py:244 - INFO - 该漫画已下载章节如下
2026-07-31 00:14:06 - mkk_pika - database.py:245 - INFO - ['第1集']
2026-07-31 00:14:07 - mkk_pika - main.py:348 - INFO - ==================== 漫画信息 ====================
                                   漫画ID：5c3da1c7abe96064820a7a1b
                                   标题：無敗の女 (ワンピース)
                                   作者：ダシガラ100％ (民兵一号)
                                   是否完结：是
                                   总页数：26
                                   分类：同人,短篇,強暴
                                   章节数：1
                                   最后更新时间：2019-01-15T09:03:03.038Z
                                   =================================================
2026-07-31 00:14:07 - mkk_pika - database.py:101 - INFO - 保存成功：無敗の女 (ワンピース)
2026-07-31 00:14:07 - mkk_pika - main.py:35 - INFO - 开始检查キュアップ・ラパパ! はーちゃんの脳ミソ壊れちゃえ! (魔法使いプリキュア！)是否存在未下载章节
2026-07-31 00:14:07 - mkk_pika - main.py:45 - INFO - 正在下载:[キュアップ・ラパパ! はーちゃんの脳ミソ壊れちゃえ! (魔法使いプリキュア！)]-[コンディメントは8分目 (前島龍)]-[['短篇', '同人', '後宮閃光', '扶他樂園']]-[total_pages:34]
2026-07-31 00:14:07 - mkk_pika - main.py:49 - INFO - [{'_id': '5c3da1f596e23806e0966c7c', 'title': '第1集', 'order': 1, 'updated_at': '2019-01-15T07:54:06.132Z', 'id': '5c3da1f596e23806e0966c7c'}]
2026-07-31 00:14:07 - mkk_pika - database.py:215 - INFO - 第一次下载该漫画，记录数据库中
2026-07-31 00:14:08 - mkk_pika - main.py:83 - INFO - 找到 34 张图片在:第1集
2026-07-31 00:14:09 - mkk_pika - main.py:112 - INFO - [episode:第1集       ] downloaded:    34, total:  34, progress:100%
2026-07-31 00:14:09 - mkk_pika - database.py:238 - INFO - 数据库更新已下载章节
2026-07-31 00:14:09 - mkk_pika - database.py:244 - INFO - 该漫画已下载章节如下
2026-07-31 00:14:09 - mkk_pika - database.py:245 - INFO - ['第1集']
2026-07-31 00:14:10 - mkk_pika - main.py:348 - INFO - ==================== 漫画信息 ====================
                                   漫画ID：5c3da1f596e23806e0966c7b
                                   标题：キュアップ・ラパパ! はーちゃんの脳ミソ壊れちゃえ! (魔法使いプリキュア！)
                                   作者：コンディメントは8分目 (前島龍)
                                   是否完结：否
                                   总页数：34
                                   分类：短篇,同人,後宮閃光,扶他樂園
                                   章节数：1
                                   最后更新时间：2019-01-15T09:03:49.624Z
                                   =================================================
2026-07-31 00:14:10 - mkk_pika - database.py:101 - INFO - 保存成功：キュアップ・ラパパ! はーちゃんの脳ミソ壊れちゃえ! (魔法使いプリキュア！)
2026-07-31 00:14:10 - mkk_pika - main.py:35 - INFO - 开始检查凌雪酱的淫梦是否存在未下载章节
2026-07-31 00:14:11 - mkk_pika - main.py:45 - INFO - 正在下载:[凌雪酱的淫梦]-[らな淫 夢]-[['短篇']]-[total_pages:9]
2026-07-31 00:14:11 - mkk_pika - main.py:49 - INFO - [{'_id': '5c3da2c341328f62b94d9b49', 'title': '第1集', 'order': 1, 'updated_at': '2019-01-15T08:25:10.673Z', 'id': '5c3da2c341328f62b94d9b49'}]
2026-07-31 00:14:11 - mkk_pika - database.py:215 - INFO - 第一次下载该漫画，记录数据库中
2026-07-31 00:14:11 - mkk_pika - main.py:83 - INFO - 找到 9 张图片在:第1集
2026-07-31 00:14:11 - mkk_pika - main.py:112 - INFO - [episode:第1集       ] downloaded:     9, total:   9, progress:100%
2026-07-31 00:14:11 - mkk_pika - database.py:238 - INFO - 数据库更新已下载章节
2026-07-31 00:14:11 - mkk_pika - database.py:244 - INFO - 该漫画已下载章节如下
2026-07-31 00:14:11 - mkk_pika - database.py:245 - INFO - ['第1集']
2026-07-31 00:14:13 - mkk_pika - main.py:348 - INFO - ==================== 漫画信息 ====================
                                   漫画ID：5c3da2c341328f62b94d9b48
                                   标题：凌雪酱的淫梦
                                   作者：らな淫 夢
                                   是否完结：是
                                   总页数：9
                                   分类：短篇
                                   章节数：1
                                   最后更新时间：2019-01-15T09:07:15.254Z
                                   =================================================
2026-07-31 00:14:13 - mkk_pika - database.py:101 - INFO - 保存成功：凌雪酱的淫梦
2026-07-31 00:14:13 - mkk_pika - main.py:35 - INFO - 开始检查さすおに! 2 (魔法科高校の劣等生)是否存在未下载章节
2026-07-31 00:14:13 - mkk_pika - main.py:45 - INFO - 正在下载:[さすおに! 2 (魔法科高校の劣等生)]-[赤兎 (復八磨直兎)]-[['同人', '短篇', '後宮閃光', '妹妹系']]-[total_pages:34]
2026-07-31 00:14:13 - mkk_pika - main.py:49 - INFO - [{'_id': '5c3da2e1313bcb6286dc1283', 'title': '第1集', 'order': 1, 'updated_at': '2019-01-15T08:39:53.028Z', 'id': '5c3da2e1313bcb6286dc1283'}]
2026-07-31 00:14:13 - mkk_pika - database.py:215 - INFO - 第一次下载该漫画，记录数据库中
2026-07-31 00:14:14 - mkk_pika - main.py:83 - INFO - 找到 34 张图片在:第1集
2026-07-31 00:14:14 - mkk_pika - main.py:112 - INFO - [episode:第1集       ] downloaded:    34, total:  34, progress:100%
2026-07-31 00:14:14 - mkk_pika - database.py:238 - INFO - 数据库更新已下载章节
2026-07-31 00:14:14 - mkk_pika - database.py:244 - INFO - 该漫画已下载章节如下
2026-07-31 00:14:14 - mkk_pika - database.py:245 - INFO - ['第1集']
2026-07-31 00:14:16 - mkk_pika - main.py:348 - INFO - ==================== 漫画信息 ====================
                                   漫画ID：5c3da2e1313bcb6286dc1282
                                   标题：さすおに! 2 (魔法科高校の劣等生)
                                   作者：赤兎 (復八磨直兎)
                                   是否完结：是
                                   总页数：34
                                   分类：同人,短篇,後宮閃光,妹妹系
                                   章节数：1
                                   最后更新时间：2019-01-15T09:07:45.948Z
                                   =================================================
2026-07-31 00:14:16 - mkk_pika - database.py:101 - INFO - 保存成功：さすおに! 2 (魔法科高校の劣等生)
2026-07-31 00:14:16 - mkk_pika - main.py:35 - INFO - 开始检查チノちゃんとうさぎごっこ (ご注文はうさぎですか)是否存在未下载章节
2026-07-31 00:14:16 - mkk_pika - main.py:45 - INFO - 正在下载:[チノちゃんとうさぎごっこ (ご注文はうさぎですか)]-[(わたくび) 笹井さじ]-[['全彩', '同人', '短篇', '純愛', '妹妹系']]-[total_pages:19]
2026-07-31 00:14:16 - mkk_pika - main.py:49 - INFO - [{'_id': '5c3da37441328f62b94d9b56', 'title': '第1集', 'order': 1, 'updated_at': '2019-01-15T09:05:27.522Z', 'id': '5c3da37441328f62b94d9b56'}]
2026-07-31 00:14:16 - mkk_pika - database.py:215 - INFO - 第一次下载该漫画，记录数据库中
2026-07-31 00:14:16 - mkk_pika - main.py:83 - INFO - 找到 19 张图片在:第1集
2026-07-31 00:14:17 - mkk_pika - main.py:112 - INFO - [episode:第1集       ] downloaded:    19, total:  19, progress:100%
2026-07-31 00:14:17 - mkk_pika - database.py:238 - INFO - 数据库更新已下载章节
2026-07-31 00:14:17 - mkk_pika - database.py:244 - INFO - 该漫画已下载章节如下
2026-07-31 00:14:17 - mkk_pika - database.py:245 - INFO - ['第1集']
2026-07-31 00:14:18 - mkk_pika - main.py:348 - INFO - ==================== 漫画信息 ====================
                                   漫画ID：5c3da37441328f62b94d9b55
                                   标题：チノちゃんとうさぎごっこ (ご注文はうさぎですか)
                                   作者：(わたくび) 笹井さじ
                                   是否完结：是
                                   总页数：19
                                   分类：全彩,同人,短篇,純愛,妹妹系
                                   章节数：1
                                   最后更新时间：2019-01-15T09:10:12.181Z
                                   =================================================
2026-07-31 00:14:18 - mkk_pika - database.py:101 - INFO - 保存成功：チノちゃんとうさぎごっこ (ご注文はうさぎですか)
2026-07-31 00:14:18 - mkk_pika - main.py:35 - INFO - 开始检查猫又のたまきちゃん是否存在未下载章节
2026-07-31 00:14:18 - mkk_pika - main.py:45 - INFO - 正在下载:[猫又のたまきちゃん]-[ポケットドロップ(けもりぼん)]-[['短篇', '純愛', '非人類']]-[total_pages:28]
2026-07-31 00:14:18 - mkk_pika - main.py:49 - INFO - [{'_id': '5c3e0713a84a7006d831da44', 'title': '第1集', 'order': 1, 'updated_at': '2019-01-15T13:18:11.361Z', 'id': '5c3e0713a84a7006d831da44'}]
2026-07-31 00:14:18 - mkk_pika - database.py:215 - INFO - 第一次下载该漫画，记录数据库中
2026-07-31 00:14:19 - mkk_pika - main.py:83 - INFO - 找到 28 张图片在:第1集
2026-07-31 00:14:20 - mkk_pika - main.py:112 - INFO - [episode:第1集       ] downloaded:    28, total:  28, progress:100%
2026-07-31 00:14:20 - mkk_pika - database.py:238 - INFO - 数据库更新已下载章节
2026-07-31 00:14:20 - mkk_pika - database.py:244 - INFO - 该漫画已下载章节如下
2026-07-31 00:14:20 - mkk_pika - database.py:245 - INFO - ['第1集']
2026-07-31 00:14:21 - mkk_pika - main.py:348 - INFO - ==================== 漫画信息 ====================
                                   漫画ID：5c3e0713a84a7006d831da43
                                   标题：猫又のたまきちゃん
                                   作者：ポケットドロップ(けもりぼん)
                                   是否完结：是
                                   总页数：28
                                   分类：短篇,純愛,非人類
                                   章节数：1
                                   最后更新时间：2019-01-15T16:15:15.492Z
                                   =================================================
2026-07-31 00:14:21 - mkk_pika - database.py:101 - INFO - 保存成功：猫又のたまきちゃん
2026-07-31 00:14:21 - mkk_pika - main.py:35 - INFO - 开始检查考えるウミウシ是否存在未下载章节
2026-07-31 00:14:21 - mkk_pika - main.py:45 - INFO - 正在下载:[考えるウミウシ]-[ニッチ]-[['全彩', '短篇', '同人', '扶他樂園']]-[total_pages:18]
2026-07-31 00:14:21 - mkk_pika - main.py:49 - INFO - [{'_id': '5c3e07520e39c80703f848fe', 'title': '第1集', 'order': 1, 'updated_at': '2019-01-15T12:08:15.495Z', 'id': '5c3e07520e39c80703f848fe'}]
2026-07-31 00:14:21 - mkk_pika - database.py:215 - INFO - 第一次下载该漫画，记录数据库中
2026-07-31 00:14:22 - mkk_pika - main.py:83 - INFO - 找到 18 张图片在:第1集
2026-07-31 00:14:22 - mkk_pika - main.py:112 - INFO - [episode:第1集       ] downloaded:    18, total:  18, progress:100%
2026-07-31 00:14:22 - mkk_pika - database.py:238 - INFO - 数据库更新已下载章节
2026-07-31 00:14:22 - mkk_pika - database.py:244 - INFO - 该漫画已下载章节如下
2026-07-31 00:14:22 - mkk_pika - database.py:245 - INFO - ['第1集']
2026-07-31 00:14:23 - mkk_pika - main.py:348 - INFO - ==================== 漫画信息 ====================
                                   漫画ID：5c3e07520e39c80703f848fd
                                   标题：考えるウミウシ
                                   作者：ニッチ
                                   是否完结：否
                                   总页数：18
                                   分类：全彩,短篇,同人,扶他樂園
                                   章节数：1
                                   最后更新时间：2019-01-15T16:16:18.317Z
                                   =================================================
2026-07-31 00:14:23 - mkk_pika - database.py:101 - INFO - 保存成功：考えるウミウシ
2026-07-31 00:14:23 - mkk_pika - main.py:35 - INFO - 开始检查我的妹妹做不了加法是否存在未下载章节
2026-07-31 00:14:24 - mkk_pika - main.py:45 - INFO - 正在下载:[我的妹妹做不了加法]-[squeezecandyheaven (いちはや)]-[['同人', '妹妹系']]-[total_pages:36]
2026-07-31 00:14:24 - mkk_pika - main.py:49 - INFO - [{'_id': '5c4024763f6e0f267dd4099f', 'title': '第1集', 'order': 1, 'updated_at': '2019-01-16T18:19:39.581Z', 'id': '5c4024763f6e0f267dd4099f'}]
2026-07-31 00:14:24 - mkk_pika - database.py:215 - INFO - 第一次下载该漫画，记录数据库中
2026-07-31 00:14:24 - mkk_pika - main.py:83 - INFO - 找到 36 张图片在:第1集
2026-07-31 00:14:25 - mkk_pika - main.py:112 - INFO - [episode:第1集       ] downloaded:    36, total:  36, progress:100%
2026-07-31 00:14:25 - mkk_pika - database.py:238 - INFO - 数据库更新已下载章节
2026-07-31 00:14:25 - mkk_pika - database.py:244 - INFO - 该漫画已下载章节如下
2026-07-31 00:14:25 - mkk_pika - database.py:245 - INFO - ['第1集']
2026-07-31 00:14:26 - mkk_pika - main.py:348 - INFO - ==================== 漫画信息 ====================
                                   漫画ID：5c3e07710e39c80703f84912
                                   标题：我的妹妹做不了加法
                                   作者：squeezecandyheaven (いちはや)
                                   是否完结：否
                                   总页数：36
                                   分类：同人,妹妹系
                                   章节数：1
                                   最后更新时间：2019-01-15T16:16:49.431Z
                                   =================================================
2026-07-31 00:14:26 - mkk_pika - database.py:101 - INFO - 保存成功：我的妹妹做不了加法
2026-07-31 00:14:26 - mkk_pika - main.py:35 - INFO - 开始检查パコざかり！ 性愛發情中！是否存在未下载章节
2026-07-31 00:14:27 - mkk_pika - main.py:45 - INFO - 正在下载:[パコざかり！ 性愛發情中！]-[チキン]-[['長篇', '純愛', '單行本', '姐姐系', '妹妹系', 'SM', '強暴']]-[total_pages:208]
2026-07-31 00:14:27 - mkk_pika - main.py:49 - INFO - [{'_id': '5c3e07acabe96064820a7ecd', 'title': '射爆發情妹子的單行本', 'order': 1, 'updated_at': '2019-01-10T16:31:58.817Z', 'id': '5c3e07acabe96064820a7ecd'}]
2026-07-31 00:14:27 - mkk_pika - database.py:215 - INFO - 第一次下载该漫画，记录数据库中
2026-07-31 00:14:29 - mkk_pika - main.py:83 - INFO - 找到 208 张图片在:射爆發情妹子的單行本
2026-07-31 00:14:32 - mkk_pika - main.py:112 - INFO - [episode:射爆發情妹子的單行本] downloaded:   208, total: 208, progress:100%
2026-07-31 00:14:32 - mkk_pika - database.py:238 - INFO - 数据库更新已下载章节
2026-07-31 00:14:32 - mkk_pika - database.py:244 - INFO - 该漫画已下载章节如下
2026-07-31 00:14:32 - mkk_pika - database.py:245 - INFO - ['射爆發情妹子的單行本']
2026-07-31 00:14:34 - mkk_pika - main.py:348 - INFO - ==================== 漫画信息 ====================
                                   漫画ID：5c3e07acabe96064820a7ecc
                                   标题：パコざかり！ 性愛發情中！
                                   作者：チキン
                                   是否完结：是
                                   总页数：208
                                   分类：長篇,純愛,單行本,姐姐系,妹妹系,SM,強暴
                                   章节数：1
                                   最后更新时间：2019-01-15T16:17:48.029Z
                                   =================================================
2026-07-31 00:14:34 - mkk_pika - database.py:101 - INFO - 保存成功：パコざかり！ 性愛發情中！
2026-07-31 00:14:34 - mkk_pika - main.py:35 - INFO - 开始检查 ロイヤルメイドズリ (アズールレーン) 是否存在未下载章节
2026-07-31 00:14:34 - mkk_pika - main.py:45 - INFO - 正在下载:[ ロイヤルメイドズリ (アズールレーン) ]-[ドウガネブイブイ (あぶりだしざくろ)]-[['同人', '短篇']]-[total_pages:20]
2026-07-31 00:14:34 - mkk_pika - main.py:49 - INFO - [{'_id': '5c3e07bd0e39c80703f84933', 'title': '第1集', 'order': 1, 'updated_at': '2019-01-15T13:54:37.531Z', 'id': '5c3e07bd0e39c80703f84933'}]
2026-07-31 00:14:34 - mkk_pika - database.py:215 - INFO - 第一次下载该漫画，记录数据库中
2026-07-31 00:14:35 - mkk_pika - main.py:83 - INFO - 找到 20 张图片在:第1集
2026-07-31 00:14:35 - mkk_pika - main.py:112 - INFO - [episode:第1集       ] downloaded:    20, total:  20, progress:100%
2026-07-31 00:14:35 - mkk_pika - database.py:238 - INFO - 数据库更新已下载章节
2026-07-31 00:14:35 - mkk_pika - database.py:244 - INFO - 该漫画已下载章节如下
2026-07-31 00:14:35 - mkk_pika - database.py:245 - INFO - ['第1集']
2026-07-31 00:14:37 - mkk_pika - main.py:348 - INFO - ==================== 漫画信息 ====================
                                   漫画ID：5c3e07bd0e39c80703f84932
                                   标题： ロイヤルメイドズリ (アズールレーン) 
                                   作者：ドウガネブイブイ (あぶりだしざくろ)
                                   是否完结：否
                                   总页数：20
                                   分类：同人,短篇
                                   章节数：1
                                   最后更新时间：2019-01-15T16:18:05.707Z
                                   =================================================
2026-07-31 00:14:37 - mkk_pika - database.py:101 - INFO - 保存成功： ロイヤルメイドズリ (アズールレーン) 
2026-07-31 00:14:37 - mkk_pika - main.py:35 - INFO - 开始检查アズールレーンR-18漫画 (アズールレーン) 是否存在未下载章节
2026-07-31 00:14:37 - mkk_pika - main.py:45 - INFO - 正在下载:[アズールレーンR-18漫画 (アズールレーン) ]-[y.ssanoha]-[['同人', '短篇', '純愛', '後宮閃光']]-[total_pages:50]
2026-07-31 00:14:37 - mkk_pika - main.py:49 - INFO - [{'_id': '5c3e07ff561fe83859eebe55', 'title': '第1集', 'order': 1, 'updated_at': '2019-01-15T13:54:29.212Z', 'id': '5c3e07ff561fe83859eebe55'}]
2026-07-31 00:14:37 - mkk_pika - database.py:215 - INFO - 第一次下载该漫画，记录数据库中
2026-07-31 00:14:38 - mkk_pika - main.py:83 - INFO - 找到 50 张图片在:第1集
2026-07-31 00:14:39 - mkk_pika - main.py:112 - INFO - [episode:第1集       ] downloaded:    50, total:  50, progress:100%
2026-07-31 00:14:39 - mkk_pika - database.py:238 - INFO - 数据库更新已下载章节
2026-07-31 00:14:39 - mkk_pika - database.py:244 - INFO - 该漫画已下载章节如下
2026-07-31 00:14:39 - mkk_pika - database.py:245 - INFO - ['第1集']
2026-07-31 00:14:40 - mkk_pika - main.py:348 - INFO - ==================== 漫画信息 ====================
                                   漫画ID：5c3e07ff561fe83859eebe54
                                   标题：アズールレーンR-18漫画 (アズールレーン) 
                                   作者：y.ssanoha
                                   是否完结：否
                                   总页数：50
                                   分类：同人,短篇,純愛,後宮閃光
                                   章节数：1
                                   最后更新时间：2019-01-15T16:19:11.717Z
                                   =================================================
2026-07-31 00:14:40 - mkk_pika - database.py:101 - INFO - 保存成功：アズールレーンR-18漫画 (アズールレーン) 
2026-07-31 00:14:40 - mkk_pika - main.py:35 - INFO - 开始检查椛しつけ教室 (東方Project)是否存在未下载章节
2026-07-31 00:14:40 - mkk_pika - main.py:45 - INFO - 正在下载:[椛しつけ教室 (東方Project)]-[キムチ亭 (瑠璃燕)]-[['東方', '非人類', '短篇', '同人']]-[total_pages:24]
2026-07-31 00:14:40 - mkk_pika - main.py:49 - INFO - [{'_id': '5c3e0824afe395382ad18d4a', 'title': '第1集', 'order': 1, 'updated_at': '2019-01-15T15:45:37.083Z', 'id': '5c3e0824afe395382ad18d4a'}]
2026-07-31 00:14:40 - mkk_pika - database.py:215 - INFO - 第一次下载该漫画，记录数据库中
2026-07-31 00:14:41 - mkk_pika - main.py:83 - INFO - 找到 24 张图片在:第1集
2026-07-31 00:14:41 - mkk_pika - main.py:112 - INFO - [episode:第1集       ] downloaded:    24, total:  24, progress:100%
2026-07-31 00:14:41 - mkk_pika - database.py:238 - INFO - 数据库更新已下载章节
2026-07-31 00:14:41 - mkk_pika - database.py:244 - INFO - 该漫画已下载章节如下
2026-07-31 00:14:41 - mkk_pika - database.py:245 - INFO - ['第1集']
2026-07-31 00:14:43 - mkk_pika - main.py:348 - INFO - ==================== 漫画信息 ====================
                                   漫画ID：5c3e0824afe395382ad18d49
                                   标题：椛しつけ教室 (東方Project)
                                   作者：キムチ亭 (瑠璃燕)
                                   是否完结：是
                                   总页数：24
                                   分类：東方,非人類,短篇,同人
                                   章节数：1
                                   最后更新时间：2019-01-15T16:19:48.689Z
                                   =================================================
2026-07-31 00:14:43 - mkk_pika - database.py:101 - INFO - 保存成功：椛しつけ教室 (東方Project)
2026-07-31 00:14:43 - mkk_pika - main.py:35 - INFO - 开始检查EDEN -Rei11-（新世紀エヴァンゲリオン EVA）是否存在未下载章节
2026-07-31 00:14:43 - mkk_pika - main.py:45 - INFO - 正在下载:[EDEN -Rei11-（新世紀エヴァンゲリオン EVA）]-[堺はまち]-[['同人', '短篇']]-[total_pages:28]
2026-07-31 00:14:43 - mkk_pika - main.py:49 - INFO - [{'_id': '5c3f383d00004e6bfca54430', 'title': '第1集', 'order': 1, 'updated_at': '2019-01-15T17:13:55.765Z', 'id': '5c3f383d00004e6bfca54430'}]
2026-07-31 00:14:43 - mkk_pika - database.py:215 - INFO - 第一次下载该漫画，记录数据库中
2026-07-31 00:14:44 - mkk_pika - main.py:83 - INFO - 找到 28 张图片在:第1集
2026-07-31 00:14:44 - mkk_pika - main.py:112 - INFO - [episode:第1集       ] downloaded:    28, total:  28, progress:100%
2026-07-31 00:14:44 - mkk_pika - database.py:238 - INFO - 数据库更新已下载章节
2026-07-31 00:14:44 - mkk_pika - database.py:244 - INFO - 该漫画已下载章节如下
2026-07-31 00:14:44 - mkk_pika - database.py:245 - INFO - ['第1集']
2026-07-31 00:14:45 - mkk_pika - main.py:348 - INFO - ==================== 漫画信息 ====================
                                   漫画ID：5c3f383d00004e6bfca5442f
                                   标题：EDEN -Rei11-（新世紀エヴァンゲリオン EVA）
                                   作者：堺はまち
                                   是否完结：是
                                   总页数：28
                                   分类：同人,短篇
                                   章节数：1
                                   最后更新时间：2019-01-16T13:57:17.695Z
                                   =================================================
2026-07-31 00:14:45 - mkk_pika - database.py:101 - INFO - 保存成功：EDEN -Rei11-（新世紀エヴァンゲリオン EVA）
2026-07-31 00:14:45 - mkk_pika - main.py:35 - INFO - 开始检查(C95)イチャラブエロクラウディウス是否存在未下载章节
2026-07-31 00:14:46 - mkk_pika - main.py:45 - INFO - 正在下载:[(C95)イチャラブエロクラウディウス]-[メスマン帝国 (交介)]-[['短篇', '同人', 'Fate']]-[total_pages:27]
2026-07-31 00:14:46 - mkk_pika - main.py:49 - INFO - [{'_id': '5c3f3913861d3e6c27ce18fe', 'title': '第1集', 'order': 1, 'updated_at': '2019-01-15T23:41:18.369Z', 'id': '5c3f3913861d3e6c27ce18fe'}]
2026-07-31 00:14:46 - mkk_pika - database.py:215 - INFO - 第一次下载该漫画，记录数据库中
2026-07-31 00:14:46 - mkk_pika - main.py:83 - INFO - 找到 27 张图片在:第1集
2026-07-31 00:14:47 - mkk_pika - main.py:112 - INFO - [episode:第1集       ] downloaded:    27, total:  27, progress:100%
2026-07-31 00:14:47 - mkk_pika - database.py:238 - INFO - 数据库更新已下载章节
2026-07-31 00:14:47 - mkk_pika - database.py:244 - INFO - 该漫画已下载章节如下
2026-07-31 00:14:47 - mkk_pika - database.py:245 - INFO - ['第1集']
2026-07-31 00:14:48 - mkk_pika - main.py:348 - INFO - ==================== 漫画信息 ====================
                                   漫画ID：5c3f3913861d3e6c27ce18fd
                                   标题：(C95)イチャラブエロクラウディウス
                                   作者：メスマン帝国 (交介)
                                   是否完结：是
                                   总页数：27
                                   分类：短篇,同人,Fate
                                   章节数：1
                                   最后更新时间：2019-01-16T14:00:51.064Z
                                   =================================================
2026-07-31 00:14:48 - mkk_pika - database.py:101 - INFO - 保存成功：(C95)イチャラブエロクラウディウス
2026-07-31 00:14:48 - mkk_pika - main.py:35 - INFO - 开始检查ヴァラコスの従者是否存在未下载章节
2026-07-31 00:14:48 - mkk_pika - main.py:45 - INFO - 正在下载:[ヴァラコスの従者]-[Evo.R.B (宇行日和)]-[['純愛', '短篇', '非人類']]-[total_pages:23]
2026-07-31 00:14:48 - mkk_pika - main.py:49 - INFO - [{'_id': '5c3f39d83f6e0f267dd40665', 'title': '第1集', 'order': 1, 'updated_at': '2019-01-15T15:30:18.485Z', 'id': '5c3f39d83f6e0f267dd40665'}]
2026-07-31 00:14:48 - mkk_pika - database.py:215 - INFO - 第一次下载该漫画，记录数据库中
2026-07-31 00:14:49 - mkk_pika - main.py:83 - INFO - 找到 23 张图片在:第1集
2026-07-31 00:14:50 - mkk_pika - main.py:112 - INFO - [episode:第1集       ] downloaded:    23, total:  23, progress:100%
2026-07-31 00:14:50 - mkk_pika - database.py:238 - INFO - 数据库更新已下载章节
2026-07-31 00:14:50 - mkk_pika - database.py:244 - INFO - 该漫画已下载章节如下
2026-07-31 00:14:50 - mkk_pika - database.py:245 - INFO - ['第1集']
2026-07-31 00:14:51 - mkk_pika - main.py:348 - INFO - ==================== 漫画信息 ====================
                                   漫画ID：5c3f39d83f6e0f267dd40664
                                   标题：ヴァラコスの従者
                                   作者：Evo.R.B (宇行日和)
                                   是否完结：否
                                   总页数：23
                                   分类：純愛,短篇,非人類
                                   章节数：1
                                   最后更新时间：2019-01-16T14:04:08.895Z
                                   =================================================
2026-07-31 00:14:51 - mkk_pika - database.py:101 - INFO - 保存成功：ヴァラコスの従者
2026-07-31 00:14:51 - mkk_pika - main.py:35 - INFO - 开始检查鷺沢さんが結ばれる日(アイドルマスター シンデレラガールズ)是否存在未下载章节
2026-07-31 00:14:52 - mkk_pika - main.py:45 - INFO - 正在下载:[鷺沢さんが結ばれる日(アイドルマスター シンデレラガールズ)]-[宇宙船庄司号 (庄司二号)]-[['同人', '純愛', '短篇']]-[total_pages:35]
2026-07-31 00:14:52 - mkk_pika - main.py:49 - INFO - [{'_id': '5c3f3a5100004e6bfca5449c', 'title': '第1集', 'order': 1, 'updated_at': '2019-01-16T05:11:23.320Z', 'id': '5c3f3a5100004e6bfca5449c'}]
2026-07-31 00:14:52 - mkk_pika - database.py:215 - INFO - 第一次下载该漫画，记录数据库中
2026-07-31 00:14:52 - mkk_pika - main.py:83 - INFO - 找到 35 张图片在:第1集
2026-07-31 00:14:53 - mkk_pika - main.py:112 - INFO - [episode:第1集       ] downloaded:    35, total:  35, progress:100%
2026-07-31 00:14:53 - mkk_pika - database.py:238 - INFO - 数据库更新已下载章节
2026-07-31 00:14:53 - mkk_pika - database.py:244 - INFO - 该漫画已下载章节如下
2026-07-31 00:14:53 - mkk_pika - database.py:245 - INFO - ['第1集']
2026-07-31 00:14:54 - mkk_pika - main.py:348 - INFO - ==================== 漫画信息 ====================
                                   漫画ID：5c3f3a5100004e6bfca5449b
                                   标题：鷺沢さんが結ばれる日(アイドルマスター シンデレラガールズ)
                                   作者：宇宙船庄司号 (庄司二号)
                                   是否完结：是
                                   总页数：35
                                   分类：同人,純愛,短篇
                                   章节数：1
                                   最后更新时间：2019-01-16T14:06:09.037Z
                                   =================================================
2026-07-31 00:14:54 - mkk_pika - database.py:101 - INFO - 保存成功：鷺沢さんが結ばれる日(アイドルマスター シンデレラガールズ)
2026-07-31 00:14:54 - mkk_pika - main.py:35 - INFO - 开始检查Pornstar mom是否存在未下载章节
2026-07-31 00:14:55 - mkk_pika - main.py:45 - INFO - 正在下载:[Pornstar mom]-[Abubu]-[['短篇', '人妻']]-[total_pages:3]
2026-07-31 00:14:55 - mkk_pika - main.py:49 - INFO - [{'_id': '5c3f3b83a78b4545a707ff3a', 'title': '第1集', 'order': 1, 'updated_at': '2019-01-16T05:26:36.041Z', 'id': '5c3f3b83a78b4545a707ff3a'}]
2026-07-31 00:14:55 - mkk_pika - database.py:215 - INFO - 第一次下载该漫画，记录数据库中
2026-07-31 00:14:55 - mkk_pika - main.py:83 - INFO - 找到 3 张图片在:第1集
2026-07-31 00:14:56 - mkk_pika - main.py:112 - INFO - [episode:第1集       ] downloaded:     3, total:   3, progress:100%
2026-07-31 00:14:56 - mkk_pika - database.py:238 - INFO - 数据库更新已下载章节
2026-07-31 00:14:56 - mkk_pika - database.py:244 - INFO - 该漫画已下载章节如下
2026-07-31 00:14:56 - mkk_pika - database.py:245 - INFO - ['第1集']
2026-07-31 00:14:57 - mkk_pika - main.py:348 - INFO - ==================== 漫画信息 ====================
                                   漫画ID：5c3f3b83a78b4545a707ff39
                                   标题：Pornstar mom
                                   作者：Abubu
                                   是否完结：是
                                   总页数：3
                                   分类：短篇,人妻
                                   章节数：1
                                   最后更新时间：2019-01-16T14:11:15.160Z
                                   =================================================
2026-07-31 00:14:57 - mkk_pika - database.py:101 - INFO - 保存成功：Pornstar mom
2026-07-31 00:14:57 - mkk_pika - main.py:35 - INFO - 开始检查の魔女 ～エロいお姉さんに時間停止されてイロイロされちゃうお話～是否存在未下载章节
2026-07-31 00:14:58 - mkk_pika - main.py:45 - INFO - 正在下载:[の魔女 ～エロいお姉さんに時間停止されてイロイロされちゃうお話～]-[boseの同人漫画研究所 (bose)]-[['短篇', '強暴']]-[total_pages:26]
2026-07-31 00:14:58 - mkk_pika - main.py:49 - INFO - [{'_id': '5c3f3bbf00004e6bfca544dc', 'title': '第1集', 'order': 1, 'updated_at': '2019-01-16T05:35:19.006Z', 'id': '5c3f3bbf00004e6bfca544dc'}]
2026-07-31 00:14:58 - mkk_pika - database.py:215 - INFO - 第一次下载该漫画，记录数据库中
2026-07-31 00:14:58 - mkk_pika - main.py:83 - INFO - 找到 26 张图片在:第1集
2026-07-31 00:14:59 - mkk_pika - main.py:112 - INFO - [episode:第1集       ] downloaded:    26, total:  26, progress:100%
2026-07-31 00:14:59 - mkk_pika - database.py:238 - INFO - 数据库更新已下载章节
2026-07-31 00:14:59 - mkk_pika - database.py:244 - INFO - 该漫画已下载章节如下
2026-07-31 00:14:59 - mkk_pika - database.py:245 - INFO - ['第1集']
2026-07-31 00:15:00 - mkk_pika - main.py:348 - INFO - ==================== 漫画信息 ====================
                                   漫画ID：5c3f3bbf00004e6bfca544db
                                   标题：の魔女 ～エロいお姉さんに時間停止されてイロイロされちゃうお話～
                                   作者：boseの同人漫画研究所 (bose)
                                   是否完结：是
                                   总页数：26
                                   分类：短篇,強暴
                                   章节数：1
                                   最后更新时间：2019-01-16T14:12:15.325Z
                                   =================================================
2026-07-31 00:15:00 - mkk_pika - database.py:101 - INFO - 保存成功：の魔女 ～エロいお姉さんに時間停止されてイロイロされちゃうお話～
2026-07-31 00:15:00 - mkk_pika - main.py:35 - INFO - 开始检查燦々日光午睡宮精池肉林 是否存在未下载章节
2026-07-31 00:15:00 - mkk_pika - main.py:45 - INFO - 正在下载:[燦々日光午睡宮精池肉林 ]-[藍の砂時計 (HaneRu)]-[['同人', 'Fate']]-[total_pages:32]
2026-07-31 00:15:00 - mkk_pika - main.py:49 - INFO - [{'_id': '5c3f3c109be31e0f9990d084', 'title': '第1集', 'order': 1, 'updated_at': '2019-01-16T05:27:33.757Z', 'id': '5c3f3c109be31e0f9990d084'}]
2026-07-31 00:15:00 - mkk_pika - database.py:215 - INFO - 第一次下载该漫画，记录数据库中
2026-07-31 00:15:01 - mkk_pika - main.py:83 - INFO - 找到 32 张图片在:第1集
2026-07-31 00:15:02 - mkk_pika - main.py:112 - INFO - [episode:第1集       ] downloaded:    32, total:  32, progress:100%
2026-07-31 00:15:02 - mkk_pika - database.py:238 - INFO - 数据库更新已下载章节
2026-07-31 00:15:02 - mkk_pika - database.py:244 - INFO - 该漫画已下载章节如下
2026-07-31 00:15:02 - mkk_pika - database.py:245 - INFO - ['第1集']
2026-07-31 00:15:03 - mkk_pika - main.py:348 - INFO - ==================== 漫画信息 ====================
                                   漫画ID：5c3f3c109be31e0f9990d083
                                   标题：燦々日光午睡宮精池肉林 
                                   作者：藍の砂時計 (HaneRu)
                                   是否完结：否
                                   总页数：32
                                   分类：同人,Fate
                                   章节数：1
                                   最后更新时间：2019-01-16T14:13:36.069Z
                                   =================================================
2026-07-31 00:15:03 - mkk_pika - database.py:101 - INFO - 保存成功：燦々日光午睡宮精池肉林 
2026-07-31 00:15:03 - mkk_pika - main.py:35 - INFO - 开始检查サキュバスの妊娠錄是否存在未下载章节
2026-07-31 00:15:03 - mkk_pika - main.py:45 - INFO - 正在下载:[サキュバスの妊娠錄]-[カルムアトモスフィア(しんや)]-[['全彩', '短篇']]-[total_pages:44]
2026-07-31 00:15:03 - mkk_pika - main.py:49 - INFO - [{'_id': '5c3f3c51861d3e6c27ce1a1f', 'title': '第1集', 'order': 1, 'updated_at': '2019-01-16T05:33:42.676Z', 'id': '5c3f3c51861d3e6c27ce1a1f'}]
2026-07-31 00:15:03 - mkk_pika - database.py:215 - INFO - 第一次下载该漫画，记录数据库中
2026-07-31 00:15:04 - mkk_pika - main.py:83 - INFO - 找到 44 张图片在:第1集
2026-07-31 00:15:05 - mkk_pika - main.py:112 - INFO - [episode:第1集       ] downloaded:    44, total:  44, progress:100%
2026-07-31 00:15:05 - mkk_pika - database.py:238 - INFO - 数据库更新已下载章节
2026-07-31 00:15:05 - mkk_pika - database.py:244 - INFO - 该漫画已下载章节如下
2026-07-31 00:15:05 - mkk_pika - database.py:245 - INFO - ['第1集']
2026-07-31 00:15:06 - mkk_pika - main.py:348 - INFO - ==================== 漫画信息 ====================
                                   漫画ID：5c3f3c51861d3e6c27ce1a1e
                                   标题：サキュバスの妊娠錄
                                   作者：カルムアトモスフィア(しんや)
                                   是否完结：是
                                   总页数：44
                                   分类：全彩,短篇
                                   章节数：1
                                   最后更新时间：2019-01-16T14:14:41.560Z
                                   =================================================
2026-07-31 00:15:06 - mkk_pika - database.py:101 - INFO - 保存成功：サキュバスの妊娠錄
2026-07-31 00:15:06 - mkk_pika - main.py:380 - INFO - 本次任务下载完毕
2026-07-31 00:15:06 - mkk_pika - database.py:173 - INFO - 数据库连接已关闭
