2026-08-09 23:40:29 - mkk_pika - main.py:193 - INFO - =======================================================================
2026-08-09 23:40:29 - mkk_pika - database.py:61 - INFO - 表和索引初始化成功
2026-08-09 23:40:29 - mkk_pika - main.py:197 - INFO - 已经累计下载18545本漫画
2026-08-09 23:40:29 - mkk_pika - api.py:87 - INFO - 登录成功
2026-08-09 23:40:30 - mkk_pika - main.py:203 - INFO - 收藏夹共计0本漫画
2026-08-09 23:40:30 - mkk_pika - main.py:206 - INFO - 开始下载收藏夹内未下载内容
2026-08-09 23:40:30 - mkk_pika - main.py:266 - INFO - 收藏夹内容下载完毕
2026-08-09 23:40:30 - mkk_pika - main.py:268 - INFO - 开始下载订阅内容
2026-08-09 23:40:30 - mkk_pika - database.py:258 - INFO - 根据ID查询到标题：萝莉 -> 陽菜ちゃん調教日記|阳菜酱的调教日记 [中国翻译][進行中]
2026-08-09 23:40:30 - mkk_pika - database.py:101 - INFO - 保存成功：あめのちろり～メスガキに犯されまくるお話～
2026-08-09 23:40:30 - mkk_pika - main.py:273 - INFO - 关键词萝莉找到1本漫画
2026-08-09 23:40:30 - mkk_pika - database.py:258 - INFO - 根据ID查询到标题：蘿莉 -> [Artist] QUACKIES（AI）
2026-08-09 23:40:31 - mkk_pika - database.py:101 - INFO - 保存成功：Think About It Toilet
2026-08-09 23:40:31 - mkk_pika - main.py:273 - INFO - 关键词蘿莉找到2本漫画
2026-08-09 23:40:31 - mkk_pika - main.py:275 - INFO - 订阅内容共计3本漫画
2026-08-09 23:40:31 - mkk_pika - main.py:35 - INFO - 开始检查あめのちろり～メスガキに犯されまくるお話～是否存在未下载章节
2026-08-09 23:40:31 - mkk_pika - database.py:203 - INFO - 查询数据库中是否已存在第1話
2026-08-09 23:40:31 - mkk_pika - database.py:203 - INFO - 查询数据库中是否已存在次元控去码
2026-08-09 23:40:31 - mkk_pika - database.py:203 - INFO - 查询数据库中是否已存在黑丝版
2026-08-09 23:40:31 - mkk_pika - main.py:51 - INFO - あめのちろり～メスガキに犯されまくるお話～中没有可下载章节
2026-08-09 23:40:31 - mkk_pika - main.py:292 - INFO - ==================== 漫画信息 ====================
                                漫画ID：66cf408ca9a2f6388f517f27
                                标题：あめのちろり～メスガキに犯されまくるお話～
                                作者：ろすとている (雨楽)
                                是否完结：是
                                总页数：34
                                分类：短篇
                                章节数：1
                                最后更新时间：2024-08-28T15:21:48.945Z
                                =================================================
2026-08-09 23:40:31 - mkk_pika - database.py:101 - INFO - 保存成功：あめのちろり～メスガキに犯されまくるお話～
2026-08-09 23:40:31 - mkk_pika - main.py:35 - INFO - 开始检查“理解”らせるまであと♥秒 (ブルーアーカイブ)是否存在未下载章节
2026-08-09 23:40:32 - mkk_pika - main.py:45 - INFO - 正在下载:[“理解”らせるまであと♥秒 (ブルーアーカイブ)]-[ませがきんちょ! (照焼さん次郎)]-[['短篇', '同人', '全彩']]-[total_pages:-1]
2026-08-09 23:40:32 - mkk_pika - main.py:49 - INFO - [{'_id': '6a78c0a0911fbf0872a98d5e', 'title': '第1話', 'order': 1, 'updated_at': '2026-08-07T17:13:02.296Z', 'id': '6a78c0a0911fbf0872a98d5e'}]
2026-08-09 23:40:32 - mkk_pika - database.py:215 - INFO - 第一次下载该漫画，记录数据库中
2026-08-09 23:40:32 - mkk_pika - main.py:83 - INFO - 找到 18 张图片在:第1話
2026-08-09 23:40:33 - mkk_pika - main.py:112 - INFO - [episode:第1話       ] downloaded:    18, total:  18, progress:100%
2026-08-09 23:40:33 - mkk_pika - database.py:238 - INFO - 数据库更新已下载章节
2026-08-09 23:40:33 - mkk_pika - database.py:244 - INFO - 该漫画已下载章节如下
2026-08-09 23:40:33 - mkk_pika - database.py:245 - INFO - ['第1話']
2026-08-09 23:40:34 - mkk_pika - main.py:292 - INFO - ==================== 漫画信息 ====================
                                漫画ID：6a78c0a0911fbf0872a98d5d
                                标题：“理解”らせるまであと♥秒 (ブルーアーカイブ)
                                作者：ませがきんちょ! (照焼さん次郎)
                                是否完结：是
                                总页数：18
                                分类：短篇,同人,全彩
                                章节数：1
                                最后更新时间：2026-08-09T18:02:08.607Z
                                =================================================
2026-08-09 23:40:34 - mkk_pika - database.py:101 - INFO - 保存成功：“理解”らせるまであと♥秒 (ブルーアーカイブ)
2026-08-09 23:40:34 - mkk_pika - main.py:35 - INFO - 开始检查Think About It Toilet是否存在未下载章节
2026-08-09 23:40:35 - mkk_pika - main.py:45 - INFO - 正在下载:[Think About It Toilet]-[チグチミリ]-[['短篇']]-[total_pages:-1]
2026-08-09 23:40:35 - mkk_pika - main.py:49 - INFO - [{'_id': '6a78c05b911fbf0872a98d41', 'title': '第1話', 'order': 1, 'updated_at': '2026-08-09T13:15:50.701Z', 'id': '6a78c05b911fbf0872a98d41'}]
2026-08-09 23:40:35 - mkk_pika - database.py:215 - INFO - 第一次下载该漫画，记录数据库中
2026-08-09 23:40:35 - mkk_pika - main.py:83 - INFO - 找到 24 张图片在:第1話
2026-08-09 23:40:37 - mkk_pika - main.py:112 - INFO - [episode:第1話       ] downloaded:    24, total:  24, progress:100%
2026-08-09 23:40:37 - mkk_pika - database.py:238 - INFO - 数据库更新已下载章节
2026-08-09 23:40:37 - mkk_pika - database.py:244 - INFO - 该漫画已下载章节如下
2026-08-09 23:40:37 - mkk_pika - database.py:245 - INFO - ['第1話']
2026-08-09 23:40:38 - mkk_pika - main.py:292 - INFO - ==================== 漫画信息 ====================
                                漫画ID：6a78c05b911fbf0872a98d40
                                标题：Think About It Toilet
                                作者：チグチミリ
                                是否完结：否
                                总页数：24
                                分类：短篇
                                章节数：1
                                最后更新时间：2026-08-09T18:00:59.890Z
                                =================================================
2026-08-09 23:40:38 - mkk_pika - database.py:101 - INFO - 保存成功：Think About It Toilet
2026-08-09 23:40:38 - mkk_pika - main.py:323 - INFO - 订阅内容内容下载完毕
2026-08-09 23:40:38 - mkk_pika - main.py:324 - INFO - 开始分批下载全部章节
2026-08-09 23:40:38 - mkk_pika - database.py:280 - INFO - 表和索引初始化成功
2026-08-09 23:40:38 - mkk_pika - main.py:177 - INFO - 已经下载了1393页，一共7066页，现在开始添加第1394页
2026-08-09 23:40:39 - mkk_pika - database.py:318 - INFO - 保存成功
2026-08-09 23:40:39 - mkk_pika - main.py:177 - INFO - 已经下载了1394页，一共7066页，现在开始添加第1395页
2026-08-09 23:40:39 - mkk_pika - database.py:318 - INFO - 保存成功
2026-08-09 23:40:40 - mkk_pika - main.py:177 - INFO - 已经下载了1395页，一共7066页，现在开始添加第1396页
2026-08-09 23:40:40 - mkk_pika - database.py:318 - INFO - 保存成功
2026-08-09 23:40:40 - mkk_pika - main.py:177 - INFO - 已经下载了1396页，一共7066页，现在开始添加第1397页
2026-08-09 23:40:41 - mkk_pika - database.py:318 - INFO - 保存成功
2026-08-09 23:40:41 - mkk_pika - main.py:177 - INFO - 已经下载了1397页，一共7066页，现在开始添加第1398页
2026-08-09 23:40:42 - mkk_pika - database.py:318 - INFO - 保存成功
2026-08-09 23:40:42 - mkk_pika - main.py:331 - INFO - 分批下载共计43本漫画
2026-08-09 23:40:42 - mkk_pika - main.py:35 - INFO - 开始检查(C86) 君の光と僕の影 (艦隊これくしょん -艦これ-) 是否存在未下载章节
2026-08-09 23:40:42 - mkk_pika - main.py:45 - INFO - 正在下载:[(C86) 君の光と僕の影 (艦隊これくしょん -艦これ-) ]-[LUNATIC PROPHET (有村悠)]-[['短篇', '同人', '艦隊收藏']]-[total_pages:44]
2026-08-09 23:40:42 - mkk_pika - main.py:49 - INFO - [{'_id': '5c52bbaf3f608c5968c8f71f', 'title': '第1集', 'order': 1, 'updated_at': '2019-01-30T23:37:55.348Z', 'id': '5c52bbaf3f608c5968c8f71f'}]
2026-08-09 23:40:42 - mkk_pika - database.py:215 - INFO - 第一次下载该漫画，记录数据库中
2026-08-09 23:40:43 - mkk_pika - main.py:83 - INFO - 找到 44 张图片在:第1集
2026-08-09 23:40:44 - mkk_pika - main.py:112 - INFO - [episode:第1集       ] downloaded:    44, total:  44, progress:100%
2026-08-09 23:40:44 - mkk_pika - database.py:238 - INFO - 数据库更新已下载章节
2026-08-09 23:40:44 - mkk_pika - database.py:244 - INFO - 该漫画已下载章节如下
2026-08-09 23:40:44 - mkk_pika - database.py:245 - INFO - ['第1集']
2026-08-09 23:40:45 - mkk_pika - main.py:348 - INFO - ==================== 漫画信息 ====================
                                   漫画ID：5c52bbaf3f608c5968c8f71e
                                   标题：(C86) 君の光と僕の影 (艦隊これくしょん -艦これ-) 
                                   作者：LUNATIC PROPHET (有村悠)
                                   是否完结：是
                                   总页数：44
                                   分类：短篇,同人,艦隊收藏
                                   章节数：1
                                   最后更新时间：2019-01-31T09:11:11.520Z
                                   =================================================
2026-08-09 23:40:45 - mkk_pika - database.py:101 - INFO - 保存成功：(C86) 君の光と僕の影 (艦隊これくしょん -艦これ-) 
2026-08-09 23:40:45 - mkk_pika - main.py:35 - INFO - 开始检查(C95)龍驤ちゃんがやってきた。 (艦隊これくしょん -艦これ-)是否存在未下载章节
2026-08-09 23:40:45 - mkk_pika - main.py:45 - INFO - 正在下载:[(C95)龍驤ちゃんがやってきた。 (艦隊これくしょん -艦これ-)]-[魚ウサ王国 (魚ウサ王)]-[['短篇', '同人', '艦隊收藏']]-[total_pages:20]
2026-08-09 23:40:45 - mkk_pika - main.py:49 - INFO - [{'_id': '5c52bc0077133f597ccb227b', 'title': '第1集', 'order': 1, 'updated_at': '2019-01-31T02:54:00.525Z', 'id': '5c52bc0077133f597ccb227b'}]
2026-08-09 23:40:45 - mkk_pika - database.py:215 - INFO - 第一次下载该漫画，记录数据库中
2026-08-09 23:40:46 - mkk_pika - main.py:83 - INFO - 找到 20 张图片在:第1集
2026-08-09 23:40:46 - mkk_pika - main.py:112 - INFO - [episode:第1集       ] downloaded:    20, total:  20, progress:100%
2026-08-09 23:40:46 - mkk_pika - database.py:238 - INFO - 数据库更新已下载章节
2026-08-09 23:40:46 - mkk_pika - database.py:244 - INFO - 该漫画已下载章节如下
2026-08-09 23:40:46 - mkk_pika - database.py:245 - INFO - ['第1集']
2026-08-09 23:40:48 - mkk_pika - main.py:348 - INFO - ==================== 漫画信息 ====================
                                   漫画ID：5c52bc0077133f597ccb227a
                                   标题：(C95)龍驤ちゃんがやってきた。 (艦隊これくしょん -艦これ-)
                                   作者：魚ウサ王国 (魚ウサ王)
                                   是否完结：是
                                   总页数：20
                                   分类：短篇,同人,艦隊收藏
                                   章节数：1
                                   最后更新时间：2019-01-31T09:12:32.613Z
                                   =================================================
2026-08-09 23:40:48 - mkk_pika - database.py:101 - INFO - 保存成功：(C95)龍驤ちゃんがやってきた。 (艦隊これくしょん -艦これ-)
2026-08-09 23:40:48 - mkk_pika - main.py:35 - INFO - 开始检查それいけ!パン工場! (COMIC BAVEL 2018年7月号)是否存在未下载章节
2026-08-09 23:40:48 - mkk_pika - main.py:45 - INFO - 正在下载:[それいけ!パン工場! (COMIC BAVEL 2018年7月号)]-[ぬんぬ]-[['短篇']]-[total_pages:21]
2026-08-09 23:40:48 - mkk_pika - main.py:49 - INFO - [{'_id': '5c52bc13e8d11539936d59b8', 'title': '第1集', 'order': 1, 'updated_at': '2019-01-31T02:57:05.863Z', 'id': '5c52bc13e8d11539936d59b8'}]
2026-08-09 23:40:48 - mkk_pika - database.py:215 - INFO - 第一次下载该漫画，记录数据库中
2026-08-09 23:40:49 - mkk_pika - main.py:83 - INFO - 找到 21 张图片在:第1集
2026-08-09 23:40:49 - mkk_pika - main.py:112 - INFO - [episode:第1集       ] downloaded:    21, total:  21, progress:100%
2026-08-09 23:40:49 - mkk_pika - database.py:238 - INFO - 数据库更新已下载章节
2026-08-09 23:40:49 - mkk_pika - database.py:244 - INFO - 该漫画已下载章节如下
2026-08-09 23:40:49 - mkk_pika - database.py:245 - INFO - ['第1集']
2026-08-09 23:40:50 - mkk_pika - main.py:348 - INFO - ==================== 漫画信息 ====================
                                   漫画ID：5c52bc13e8d11539936d59b7
                                   标题：それいけ!パン工場! (COMIC BAVEL 2018年7月号)
                                   作者：ぬんぬ
                                   是否完结：否
                                   总页数：21
                                   分类：短篇
                                   章节数：1
                                   最后更新时间：2019-01-31T09:12:51.233Z
                                   =================================================
2026-08-09 23:40:50 - mkk_pika - database.py:101 - INFO - 保存成功：それいけ!パン工場! (COMIC BAVEL 2018年7月号)
2026-08-09 23:40:50 - mkk_pika - main.py:35 - INFO - 开始检查あとで怒られるから! (BanG Dream!)是否存在未下载章节
2026-08-09 23:40:50 - mkk_pika - main.py:45 - INFO - 正在下载:[あとで怒られるから! (BanG Dream!)]-[√75 (なご)]-[['短篇', '同人', '純愛', '百合花園']]-[total_pages:29]
2026-08-09 23:40:50 - mkk_pika - main.py:49 - INFO - [{'_id': '5c52be2021e7d00852284420', 'title': '第1集', 'order': 1, 'updated_at': '2019-01-31T03:21:01.869Z', 'id': '5c52be2021e7d00852284420'}]
2026-08-09 23:40:50 - mkk_pika - database.py:215 - INFO - 第一次下载该漫画，记录数据库中
2026-08-09 23:40:51 - mkk_pika - main.py:83 - INFO - 找到 29 张图片在:第1集
2026-08-09 23:40:52 - mkk_pika - main.py:112 - INFO - [episode:第1集       ] downloaded:    29, total:  29, progress:100%
2026-08-09 23:40:52 - mkk_pika - database.py:238 - INFO - 数据库更新已下载章节
2026-08-09 23:40:52 - mkk_pika - database.py:244 - INFO - 该漫画已下载章节如下
2026-08-09 23:40:52 - mkk_pika - database.py:245 - INFO - ['第1集']
2026-08-09 23:40:53 - mkk_pika - main.py:348 - INFO - ==================== 漫画信息 ====================
                                   漫画ID：5c52be2021e7d0085228441f
                                   标题：あとで怒られるから! (BanG Dream!)
                                   作者：√75 (なご)
                                   是否完结：是
                                   总页数：29
                                   分类：短篇,同人,純愛,百合花園
                                   章节数：1
                                   最后更新时间：2019-01-31T09:21:36.804Z
                                   =================================================
2026-08-09 23:40:53 - mkk_pika - database.py:101 - INFO - 保存成功：あとで怒られるから! (BanG Dream!)
2026-08-09 23:40:53 - mkk_pika - main.py:35 - INFO - 开始检查そのくちびるはだれのもの (BanG Dream!)是否存在未下载章节
2026-08-09 23:40:53 - mkk_pika - main.py:45 - INFO - 正在下载:[そのくちびるはだれのもの (BanG Dream!)]-[スペースくじら (くじらジオ)]-[['短篇', '同人', '純愛', '百合花園']]-[total_pages:39]
2026-08-09 23:40:53 - mkk_pika - main.py:49 - INFO - [{'_id': '5c52bee52da78c08486d7fb8', 'title': '第1集', 'order': 1, 'updated_at': '2019-01-31T03:38:13.846Z', 'id': '5c52bee52da78c08486d7fb8'}]
2026-08-09 23:40:53 - mkk_pika - database.py:215 - INFO - 第一次下载该漫画，记录数据库中
2026-08-09 23:40:54 - mkk_pika - main.py:83 - INFO - 找到 39 张图片在:第1集
2026-08-09 23:40:55 - mkk_pika - main.py:112 - INFO - [episode:第1集       ] downloaded:    39, total:  39, progress:100%
2026-08-09 23:40:55 - mkk_pika - database.py:238 - INFO - 数据库更新已下载章节
2026-08-09 23:40:55 - mkk_pika - database.py:244 - INFO - 该漫画已下载章节如下
2026-08-09 23:40:55 - mkk_pika - database.py:245 - INFO - ['第1集']
2026-08-09 23:40:56 - mkk_pika - main.py:348 - INFO - ==================== 漫画信息 ====================
                                   漫画ID：5c52bee52da78c08486d7fb7
                                   标题：そのくちびるはだれのもの (BanG Dream!)
                                   作者：スペースくじら (くじらジオ)
                                   是否完结：是
                                   总页数：39
                                   分类：短篇,同人,純愛,百合花園
                                   章节数：1
                                   最后更新时间：2019-01-31T09:24:53.918Z
                                   =================================================
2026-08-09 23:40:56 - mkk_pika - database.py:101 - INFO - 保存成功：そのくちびるはだれのもの (BanG Dream!)
2026-08-09 23:40:56 - mkk_pika - main.py:35 - INFO - 开始检查龍驤ちゃんがやってきた。是否存在未下载章节
2026-08-09 23:40:56 - mkk_pika - main.py:45 - INFO - 正在下载:[龍驤ちゃんがやってきた。]-[魚ウサ王国 (魚ウサ王)]-[['同人', '短篇', '艦隊收藏']]-[total_pages:43]
2026-08-09 23:40:56 - mkk_pika - main.py:49 - INFO - [{'_id': '5c3ca93e0e39c80703f843fa', 'title': '生肉', 'order': 1, 'updated_at': '2019-01-31T09:26:09.973Z', 'id': '5c3ca93e0e39c80703f843fa'}, {'_id': '5c52bf312c854b2125c9c934', 'title': '熟肉', 'order': 2, 'updated_at': '2019-01-31T04:20:43.223Z', 'id': '5c52bf312c854b2125c9c934'}]
2026-08-09 23:40:56 - mkk_pika - database.py:215 - INFO - 第一次下载该漫画，记录数据库中
2026-08-09 23:40:57 - mkk_pika - main.py:83 - INFO - 找到 24 张图片在:生肉
2026-08-09 23:40:57 - mkk_pika - main.py:112 - INFO - [episode:生肉        ] downloaded:    24, total:  24, progress:100%
2026-08-09 23:40:57 - mkk_pika - database.py:238 - INFO - 数据库更新已下载章节
2026-08-09 23:40:57 - mkk_pika - database.py:244 - INFO - 该漫画已下载章节如下
2026-08-09 23:40:57 - mkk_pika - database.py:245 - INFO - ['生肉']
2026-08-09 23:40:59 - mkk_pika - main.py:83 - INFO - 找到 19 张图片在:熟肉
2026-08-09 23:40:59 - mkk_pika - main.py:112 - INFO - [episode:熟肉        ] downloaded:    19, total:  19, progress:100%
2026-08-09 23:40:59 - mkk_pika - database.py:238 - INFO - 数据库更新已下载章节
2026-08-09 23:40:59 - mkk_pika - database.py:244 - INFO - 该漫画已下载章节如下
2026-08-09 23:40:59 - mkk_pika - database.py:245 - INFO - ['生肉', '熟肉']
2026-08-09 23:41:01 - mkk_pika - main.py:348 - INFO - ==================== 漫画信息 ====================
                                   漫画ID：5c3ca93e0e39c80703f843f9
                                   标题：龍驤ちゃんがやってきた。
                                   作者：魚ウサ王国 (魚ウサ王)
                                   是否完结：否
                                   总页数：43
                                   分类：同人,短篇,艦隊收藏
                                   章节数：2
                                   最后更新时间：2019-01-31T09:26:09.935Z
                                   =================================================
2026-08-09 23:41:01 - mkk_pika - database.py:101 - INFO - 保存成功：龍驤ちゃんがやってきた。
2026-08-09 23:41:01 - mkk_pika - main.py:35 - INFO - 开始检查6年B組 えりかちゃんとショタせんせー是否存在未下载章节
2026-08-09 23:41:01 - mkk_pika - main.py:45 - INFO - 正在下载:[6年B組 えりかちゃんとショタせんせー]-[海通信 (なまもななせ、まいけるん)]-[['嗶咔漢化', '短篇', '純愛', '妹妹系']]-[total_pages:27]
2026-08-09 23:41:01 - mkk_pika - main.py:49 - INFO - [{'_id': '5c52bf81124309211f9bdfe7', 'title': '第1集', 'order': 1, 'updated_at': '2019-01-31T04:55:07.498Z', 'id': '5c52bf81124309211f9bdfe7'}]
2026-08-09 23:41:01 - mkk_pika - database.py:215 - INFO - 第一次下载该漫画，记录数据库中
2026-08-09 23:41:01 - mkk_pika - main.py:83 - INFO - 找到 27 张图片在:第1集
2026-08-09 23:41:02 - mkk_pika - main.py:112 - INFO - [episode:第1集       ] downloaded:    27, total:  27, progress:100%
2026-08-09 23:41:02 - mkk_pika - database.py:238 - INFO - 数据库更新已下载章节
2026-08-09 23:41:02 - mkk_pika - database.py:244 - INFO - 该漫画已下载章节如下
2026-08-09 23:41:02 - mkk_pika - database.py:245 - INFO - ['第1集']
2026-08-09 23:41:03 - mkk_pika - main.py:348 - INFO - ==================== 漫画信息 ====================
                                   漫画ID：5c52bf81124309211f9bdfe6
                                   标题：6年B組 えりかちゃんとショタせんせー
                                   作者：海通信 (なまもななせ、まいけるん)
                                   是否完结：是
                                   总页数：27
                                   分类：嗶咔漢化,短篇,純愛,妹妹系
                                   章节数：1
                                   最后更新时间：2019-01-31T09:27:29.720Z
                                   =================================================
2026-08-09 23:41:03 - mkk_pika - database.py:101 - INFO - 保存成功：6年B組 えりかちゃんとショタせんせー
2026-08-09 23:41:03 - mkk_pika - main.py:35 - INFO - 开始检查(C86)瑞鳳と大和がケッコンカッコカリのために秘書艦を争う本艦隊これくしょん -艦これ-)是否存在未下载章节
2026-08-09 23:41:04 - mkk_pika - main.py:45 - INFO - 正在下载:[(C86)瑞鳳と大和がケッコンカッコカリのために秘書艦を争う本艦隊これくしょん -艦これ-)]-[L'ARCHANGE (カグツチ)]-[['全彩', '短篇', '同人']]-[total_pages:14]
2026-08-09 23:41:04 - mkk_pika - main.py:49 - INFO - [{'_id': '5c52bf9ce8d11539936d59da', 'title': '第1集', 'order': 1, 'updated_at': '2019-01-31T05:03:48.090Z', 'id': '5c52bf9ce8d11539936d59da'}]
2026-08-09 23:41:04 - mkk_pika - database.py:215 - INFO - 第一次下载该漫画，记录数据库中
2026-08-09 23:41:04 - mkk_pika - main.py:83 - INFO - 找到 14 张图片在:第1集
2026-08-09 23:41:04 - mkk_pika - main.py:112 - INFO - [episode:第1集       ] downloaded:    14, total:  14, progress:100%
2026-08-09 23:41:04 - mkk_pika - database.py:238 - INFO - 数据库更新已下载章节
2026-08-09 23:41:04 - mkk_pika - database.py:244 - INFO - 该漫画已下载章节如下
2026-08-09 23:41:04 - mkk_pika - database.py:245 - INFO - ['第1集']
2026-08-09 23:41:06 - mkk_pika - main.py:348 - INFO - ==================== 漫画信息 ====================
                                   漫画ID：5c52bf9ce8d11539936d59d9
                                   标题：(C86)瑞鳳と大和がケッコンカッコカリのために秘書艦を争う本艦隊これくしょん -艦これ-)
                                   作者：L'ARCHANGE (カグツチ)
                                   是否完结：是
                                   总页数：14
                                   分类：全彩,短篇,同人
                                   章节数：1
                                   最后更新时间：2019-01-31T09:27:56.777Z
                                   =================================================
2026-08-09 23:41:06 - mkk_pika - database.py:101 - INFO - 保存成功：(C86)瑞鳳と大和がケッコンカッコカリのために秘書艦を争う本艦隊これくしょん -艦これ-)
2026-08-09 23:41:06 - mkk_pika - main.py:35 - INFO - 开始检查(C92) 東方あまママ2 霊夢ママ (東方Project)是否存在未下载章节
2026-08-09 23:41:06 - mkk_pika - main.py:45 - INFO - 正在下载:[(C92) 東方あまママ2 霊夢ママ (東方Project)]-[[背徳漢 (背徳漢)] ]-[['短篇', '同人', '東方']]-[total_pages:23]
2026-08-09 23:41:06 - mkk_pika - main.py:49 - INFO - [{'_id': '5cc7303a00133807e7723006', 'title': '第1集', 'order': 1, 'updated_at': '2019-04-29T10:13:08.883Z', 'id': '5cc7303a00133807e7723006'}]
2026-08-09 23:41:06 - mkk_pika - database.py:215 - INFO - 第一次下载该漫画，记录数据库中
2026-08-09 23:41:06 - mkk_pika - main.py:83 - INFO - 找到 23 张图片在:第1集
2026-08-09 23:41:07 - mkk_pika - main.py:112 - INFO - [episode:第1集       ] downloaded:    23, total:  23, progress:100%
2026-08-09 23:41:07 - mkk_pika - database.py:238 - INFO - 数据库更新已下载章节
2026-08-09 23:41:07 - mkk_pika - database.py:244 - INFO - 该漫画已下载章节如下
2026-08-09 23:41:07 - mkk_pika - database.py:245 - INFO - ['第1集']
2026-08-09 23:41:08 - mkk_pika - main.py:348 - INFO - ==================== 漫画信息 ====================
                                   漫画ID：5c52bfc6124309211f9be006
                                   标题：(C92) 東方あまママ2 霊夢ママ (東方Project)
                                   作者：[背徳漢 (背徳漢)] 
                                   是否完结：是
                                   总页数：23
                                   分类：短篇,同人,東方
                                   章节数：1
                                   最后更新时间：2019-01-31T09:28:38.643Z
                                   =================================================
2026-08-09 23:41:08 - mkk_pika - database.py:101 - INFO - 保存成功：(C92) 東方あまママ2 霊夢ママ (東方Project)
2026-08-09 23:41:08 - mkk_pika - main.py:35 - INFO - 开始检查Bind AW (アクセル・ワールド)是否存在未下载章节
2026-08-09 23:41:08 - mkk_pika - main.py:45 - INFO - 正在下载:[Bind AW (アクセル・ワールド)]-[しんきゃら (YO-JIN)]-[['短篇', '同人', '非人類', '強暴', 'SM']]-[total_pages:31]
2026-08-09 23:41:08 - mkk_pika - main.py:49 - INFO - [{'_id': '5c52c04a124309211f9be01e', 'title': '第1集', 'order': 1, 'updated_at': '2019-01-31T05:45:24.158Z', 'id': '5c52c04a124309211f9be01e'}]
2026-08-09 23:41:08 - mkk_pika - database.py:215 - INFO - 第一次下载该漫画，记录数据库中
2026-08-09 23:41:09 - mkk_pika - main.py:83 - INFO - 找到 31 张图片在:第1集
2026-08-09 23:41:10 - mkk_pika - main.py:112 - INFO - [episode:第1集       ] downloaded:    31, total:  31, progress:100%
2026-08-09 23:41:10 - mkk_pika - database.py:238 - INFO - 数据库更新已下载章节
2026-08-09 23:41:10 - mkk_pika - database.py:244 - INFO - 该漫画已下载章节如下
2026-08-09 23:41:10 - mkk_pika - database.py:245 - INFO - ['第1集']
2026-08-09 23:41:11 - mkk_pika - main.py:348 - INFO - ==================== 漫画信息 ====================
                                   漫画ID：5c52c04a124309211f9be01d
                                   标题：Bind AW (アクセル・ワールド)
                                   作者：しんきゃら (YO-JIN)
                                   是否完结：是
                                   总页数：31
                                   分类：短篇,同人,非人類,強暴,SM
                                   章节数：1
                                   最后更新时间：2019-01-31T09:30:50.862Z
                                   =================================================
2026-08-09 23:41:11 - mkk_pika - database.py:101 - INFO - 保存成功：Bind AW (アクセル・ワールド)
2026-08-09 23:41:11 - mkk_pika - main.py:35 - INFO - 开始检查36.8℃のまぼろし (BanG Dream!)是否存在未下载章节
2026-08-09 23:41:11 - mkk_pika - main.py:45 - INFO - 正在下载:[36.8℃のまぼろし (BanG Dream!)]-[カゲ路 (唯野影吉)]-[['短篇', '同人', '純愛', '百合花園']]-[total_pages:18]
2026-08-09 23:41:11 - mkk_pika - main.py:49 - INFO - [{'_id': '5c52c0823f608c5968c8f834', 'title': '第1集', 'order': 1, 'updated_at': '2019-01-31T09:25:52.125Z', 'id': '5c52c0823f608c5968c8f834'}]
2026-08-09 23:41:11 - mkk_pika - database.py:215 - INFO - 第一次下载该漫画，记录数据库中
2026-08-09 23:41:12 - mkk_pika - main.py:83 - INFO - 找到 18 张图片在:第1集
2026-08-09 23:41:12 - mkk_pika - main.py:112 - INFO - [episode:第1集       ] downloaded:    18, total:  18, progress:100%
2026-08-09 23:41:12 - mkk_pika - database.py:238 - INFO - 数据库更新已下载章节
2026-08-09 23:41:12 - mkk_pika - database.py:244 - INFO - 该漫画已下载章节如下
2026-08-09 23:41:12 - mkk_pika - database.py:245 - INFO - ['第1集']
2026-08-09 23:41:13 - mkk_pika - main.py:348 - INFO - ==================== 漫画信息 ====================
                                   漫画ID：5c52c0823f608c5968c8f833
                                   标题：36.8℃のまぼろし (BanG Dream!)
                                   作者：カゲ路 (唯野影吉)
                                   是否完结：是
                                   总页数：18
                                   分类：短篇,同人,純愛,百合花園
                                   章节数：1
                                   最后更新时间：2019-01-31T09:31:46.348Z
                                   =================================================
2026-08-09 23:41:13 - mkk_pika - database.py:101 - INFO - 保存成功：36.8℃のまぼろし (BanG Dream!)
2026-08-09 23:41:13 - mkk_pika - main.py:35 - INFO - 开始检查(C95)旧校舎裏文化祭#2 ご注文は交尾ですか？動物ふれあいカフェ編(オリジナル)是否存在未下载章节
2026-08-09 23:41:14 - mkk_pika - main.py:45 - INFO - 正在下载:[(C95)旧校舎裏文化祭#2 ご注文は交尾ですか？動物ふれあいカフェ編(オリジナル)]-[にゅう工房 (にゅう)]-[['短篇', '同人', '後宮閃光']]-[total_pages:48]
2026-08-09 23:41:14 - mkk_pika - main.py:49 - INFO - [{'_id': '5c5308ef53411d397eafc1e8', 'title': '第1集', 'order': 1, 'updated_at': '2019-01-31T10:02:03.033Z', 'id': '5c5308ef53411d397eafc1e8'}]
2026-08-09 23:41:14 - mkk_pika - database.py:215 - INFO - 第一次下载该漫画，记录数据库中
2026-08-09 23:41:15 - mkk_pika - main.py:83 - INFO - 找到 48 张图片在:第1集
2026-08-09 23:41:16 - mkk_pika - main.py:112 - INFO - [episode:第1集       ] downloaded:    48, total:  48, progress:100%
2026-08-09 23:41:16 - mkk_pika - database.py:238 - INFO - 数据库更新已下载章节
2026-08-09 23:41:16 - mkk_pika - database.py:244 - INFO - 该漫画已下载章节如下
2026-08-09 23:41:16 - mkk_pika - database.py:245 - INFO - ['第1集']
2026-08-09 23:41:17 - mkk_pika - main.py:348 - INFO - ==================== 漫画信息 ====================
                                   漫画ID：5c5308ef53411d397eafc1e7
                                   标题：(C95)旧校舎裏文化祭#2 ご注文は交尾ですか？動物ふれあいカフェ編(オリジナル)
                                   作者：にゅう工房 (にゅう)
                                   是否完结：是
                                   总页数：48
                                   分类：短篇,同人,後宮閃光
                                   章节数：1
                                   最后更新时间：2019-01-31T14:40:47.151Z
                                   =================================================
2026-08-09 23:41:17 - mkk_pika - database.py:101 - INFO - 保存成功：(C95)旧校舎裏文化祭#2 ご注文は交尾ですか？動物ふれあいカフェ編(オリジナル)
2026-08-09 23:41:17 - mkk_pika - main.py:35 - INFO - 开始检查羽化(COMIC 快楽天ビースト 2019年2月号)是否存在未下载章节
2026-08-09 23:41:17 - mkk_pika - main.py:45 - INFO - 正在下载:[羽化(COMIC 快楽天ビースト 2019年2月号)]-[ベコ太郎]-[['短篇']]-[total_pages:16]
2026-08-09 23:41:17 - mkk_pika - main.py:49 - INFO - [{'_id': '5c53091221e7d00852284819', 'title': '第1集', 'order': 1, 'updated_at': '2019-01-31T10:15:18.631Z', 'id': '5c53091221e7d00852284819'}]
2026-08-09 23:41:17 - mkk_pika - database.py:215 - INFO - 第一次下载该漫画，记录数据库中
2026-08-09 23:41:18 - mkk_pika - main.py:83 - INFO - 找到 16 张图片在:第1集
2026-08-09 23:41:18 - mkk_pika - main.py:112 - INFO - [episode:第1集       ] downloaded:    16, total:  16, progress:100%
2026-08-09 23:41:18 - mkk_pika - database.py:238 - INFO - 数据库更新已下载章节
2026-08-09 23:41:18 - mkk_pika - database.py:244 - INFO - 该漫画已下载章节如下
2026-08-09 23:41:18 - mkk_pika - database.py:245 - INFO - ['第1集']
2026-08-09 23:41:19 - mkk_pika - main.py:348 - INFO - ==================== 漫画信息 ====================
                                   漫画ID：5c53091221e7d00852284818
                                   标题：羽化(COMIC 快楽天ビースト 2019年2月号)
                                   作者：ベコ太郎
                                   是否完结：是
                                   总页数：16
                                   分类：短篇
                                   章节数：1
                                   最后更新时间：2019-01-31T14:41:22.441Z
                                   =================================================
2026-08-09 23:41:19 - mkk_pika - database.py:101 - INFO - 保存成功：羽化(COMIC 快楽天ビースト 2019年2月号)
2026-08-09 23:41:19 - mkk_pika - main.py:35 - INFO - 开始检查ゆけむりハーレム物語 [中国翻訳]是否存在未下载章节
2026-08-09 23:41:19 - mkk_pika - main.py:45 - INFO - 正在下载:[ゆけむりハーレム物語 [中国翻訳]]-[立花オミナ]-[['長篇', '姐姐系', '單行本', '後宮閃光']]-[total_pages:208]
2026-08-09 23:41:19 - mkk_pika - main.py:49 - INFO - [{'_id': '5c530a0f2da78c08486d834e', 'title': '第1集', 'order': 1, 'updated_at': '2019-01-31T12:15:00.776Z', 'id': '5c530a0f2da78c08486d834e'}]
2026-08-09 23:41:19 - mkk_pika - database.py:215 - INFO - 第一次下载该漫画，记录数据库中
2026-08-09 23:41:21 - mkk_pika - main.py:83 - INFO - 找到 208 张图片在:第1集
2026-08-09 23:41:25 - mkk_pika - main.py:112 - INFO - [episode:第1集       ] downloaded:   208, total: 208, progress:100%
2026-08-09 23:41:25 - mkk_pika - database.py:238 - INFO - 数据库更新已下载章节
2026-08-09 23:41:25 - mkk_pika - database.py:244 - INFO - 该漫画已下载章节如下
2026-08-09 23:41:25 - mkk_pika - database.py:245 - INFO - ['第1集']
2026-08-09 23:41:26 - mkk_pika - main.py:348 - INFO - ==================== 漫画信息 ====================
                                   漫画ID：5c530a0f2da78c08486d834d
                                   标题：ゆけむりハーレム物語 [中国翻訳]
                                   作者：立花オミナ
                                   是否完结：否
                                   总页数：208
                                   分类：長篇,姐姐系,單行本,後宮閃光
                                   章节数：1
                                   最后更新时间：2019-01-31T14:45:35.506Z
                                   =================================================
2026-08-09 23:41:26 - mkk_pika - database.py:101 - INFO - 保存成功：ゆけむりハーレム物語 [中国翻訳]
2026-08-09 23:41:26 - mkk_pika - main.py:35 - INFO - 开始检查(C94)SEX SYMBOLS 2 [中国翻訳]是否存在未下载章节
2026-08-09 23:41:27 - mkk_pika - main.py:45 - INFO - 正在下载:[(C94)SEX SYMBOLS 2 [中国翻訳]]-[魔太郎 (魔太郎)]-[['短篇', '全彩']]-[total_pages:28]
2026-08-09 23:41:27 - mkk_pika - main.py:49 - INFO - [{'_id': '5c530aec61e3d42131101802', 'title': '第1集', 'order': 1, 'updated_at': '2019-01-31T12:29:29.956Z', 'id': '5c530aec61e3d42131101802'}]
2026-08-09 23:41:27 - mkk_pika - database.py:215 - INFO - 第一次下载该漫画，记录数据库中
2026-08-09 23:41:28 - mkk_pika - main.py:83 - INFO - 找到 28 张图片在:第1集
2026-08-09 23:41:28 - mkk_pika - main.py:112 - INFO - [episode:第1集       ] downloaded:    28, total:  28, progress:100%
2026-08-09 23:41:28 - mkk_pika - database.py:238 - INFO - 数据库更新已下载章节
2026-08-09 23:41:28 - mkk_pika - database.py:244 - INFO - 该漫画已下载章节如下
2026-08-09 23:41:28 - mkk_pika - database.py:245 - INFO - ['第1集']
2026-08-09 23:41:30 - mkk_pika - main.py:348 - INFO - ==================== 漫画信息 ====================
                                   漫画ID：5c530aec61e3d42131101801
                                   标题：(C94)SEX SYMBOLS 2 [中国翻訳]
                                   作者：魔太郎 (魔太郎)
                                   是否完结：否
                                   总页数：28
                                   分类：短篇,全彩
                                   章节数：1
                                   最后更新时间：2019-01-31T14:49:16.484Z
                                   =================================================
2026-08-09 23:41:30 - mkk_pika - database.py:101 - INFO - 保存成功：(C94)SEX SYMBOLS 2 [中国翻訳]
2026-08-09 23:41:30 - mkk_pika - main.py:35 - INFO - 开始检查小鳥は翔ばない是否存在未下载章节
2026-08-09 23:41:30 - mkk_pika - main.py:45 - INFO - 正在下载:[小鳥は翔ばない]-[軒下ネギヲ]-[['短篇', '強暴']]-[total_pages:18]
2026-08-09 23:41:30 - mkk_pika - main.py:49 - INFO - [{'_id': '5c530afb2c854b2125c9cb19', 'title': '第1集', 'order': 1, 'updated_at': '2019-01-31T12:31:28.622Z', 'id': '5c530afb2c854b2125c9cb19'}]
2026-08-09 23:41:30 - mkk_pika - database.py:215 - INFO - 第一次下载该漫画，记录数据库中
2026-08-09 23:41:30 - mkk_pika - main.py:83 - INFO - 找到 18 张图片在:第1集
2026-08-09 23:41:31 - mkk_pika - main.py:112 - INFO - [episode:第1集       ] downloaded:    18, total:  18, progress:100%
2026-08-09 23:41:31 - mkk_pika - database.py:238 - INFO - 数据库更新已下载章节
2026-08-09 23:41:31 - mkk_pika - database.py:244 - INFO - 该漫画已下载章节如下
2026-08-09 23:41:31 - mkk_pika - database.py:245 - INFO - ['第1集']
2026-08-09 23:41:32 - mkk_pika - main.py:348 - INFO - ==================== 漫画信息 ====================
                                   漫画ID：5c530afb2c854b2125c9cb18
                                   标题：小鳥は翔ばない
                                   作者：軒下ネギヲ
                                   是否完结：是
                                   总页数：18
                                   分类：短篇,強暴
                                   章节数：1
                                   最后更新时间：2019-01-31T14:49:31.932Z
                                   =================================================
2026-08-09 23:41:32 - mkk_pika - database.py:101 - INFO - 保存成功：小鳥は翔ばない
2026-08-09 23:41:32 - mkk_pika - main.py:35 - INFO - 开始检查(C86) SEX p.a.r.t.y -hard drug lesson- (ラブライブ!)是否存在未下载章节
2026-08-09 23:41:32 - mkk_pika - main.py:45 - INFO - 正在下载:[(C86) SEX p.a.r.t.y -hard drug lesson- (ラブライブ!)]-[ バス停シャワー (桂井よしあき)]-[['短篇', '同人']]-[total_pages:40]
2026-08-09 23:41:32 - mkk_pika - main.py:49 - INFO - [{'_id': '5c530b232da78c08486d84a2', 'title': '第1集', 'order': 1, 'updated_at': '2019-01-31T12:37:19.606Z', 'id': '5c530b232da78c08486d84a2'}]
2026-08-09 23:41:32 - mkk_pika - database.py:215 - INFO - 第一次下载该漫画，记录数据库中
2026-08-09 23:41:33 - mkk_pika - main.py:83 - INFO - 找到 40 张图片在:第1集
2026-08-09 23:41:34 - mkk_pika - main.py:112 - INFO - [episode:第1集       ] downloaded:    40, total:  40, progress:100%
2026-08-09 23:41:34 - mkk_pika - database.py:238 - INFO - 数据库更新已下载章节
2026-08-09 23:41:34 - mkk_pika - database.py:244 - INFO - 该漫画已下载章节如下
2026-08-09 23:41:34 - mkk_pika - database.py:245 - INFO - ['第1集']
2026-08-09 23:41:35 - mkk_pika - main.py:348 - INFO - ==================== 漫画信息 ====================
                                   漫画ID：5c530b232da78c08486d84a1
                                   标题：(C86) SEX p.a.r.t.y -hard drug lesson- (ラブライブ!)
                                   作者： バス停シャワー (桂井よしあき)
                                   是否完结：否
                                   总页数：40
                                   分类：短篇,同人
                                   章节数：1
                                   最后更新时间：2019-01-31T14:50:11.226Z
                                   =================================================
2026-08-09 23:41:35 - mkk_pika - database.py:101 - INFO - 保存成功：(C86) SEX p.a.r.t.y -hard drug lesson- (ラブライブ!)
2026-08-09 23:41:35 - mkk_pika - main.py:35 - INFO - 开始检查淫堕の鬼姫アンネローゼ是否存在未下载章节
2026-08-09 23:41:35 - mkk_pika - main.py:45 - INFO - 正在下载:[淫堕の鬼姫アンネローゼ]-[たいらはじめ]-[['長篇', '單行本', 'SM']]-[total_pages:191]
2026-08-09 23:41:35 - mkk_pika - main.py:49 - INFO - [{'_id': '5c530b34b837d85962cca7a3', 'title': '一集全', 'order': 1, 'updated_at': '2019-01-31T12:48:17.573Z', 'id': '5c530b34b837d85962cca7a3'}]
2026-08-09 23:41:35 - mkk_pika - database.py:215 - INFO - 第一次下载该漫画，记录数据库中
2026-08-09 23:41:37 - mkk_pika - main.py:83 - INFO - 找到 191 张图片在:一集全
2026-08-09 23:41:41 - mkk_pika - main.py:112 - INFO - [episode:一集全       ] downloaded:   191, total: 191, progress:100%
2026-08-09 23:41:41 - mkk_pika - database.py:238 - INFO - 数据库更新已下载章节
2026-08-09 23:41:41 - mkk_pika - database.py:244 - INFO - 该漫画已下载章节如下
2026-08-09 23:41:41 - mkk_pika - database.py:245 - INFO - ['一集全']
2026-08-09 23:41:42 - mkk_pika - main.py:348 - INFO - ==================== 漫画信息 ====================
                                   漫画ID：5c530b34b837d85962cca7a2
                                   标题：淫堕の鬼姫アンネローゼ
                                   作者：たいらはじめ
                                   是否完结：是
                                   总页数：191
                                   分类：長篇,單行本,SM
                                   章节数：1
                                   最后更新时间：2019-01-31T14:50:28.296Z
                                   =================================================
2026-08-09 23:41:42 - mkk_pika - database.py:101 - INFO - 保存成功：淫堕の鬼姫アンネローゼ
2026-08-09 23:41:42 - mkk_pika - main.py:35 - INFO - 开始检查春と青 春與青是否存在未下载章节
2026-08-09 23:41:43 - mkk_pika - main.py:45 - INFO - 正在下载:[春と青 春與青]-[楝蛙]-[['長篇', '純愛', '妹妹系', '單行本', '姐姐系', '足の恋', '強暴']]-[total_pages:201]
2026-08-09 23:41:43 - mkk_pika - main.py:49 - INFO - [{'_id': '5c530b5e124309211f9be32b', 'title': '第1集', 'order': 1, 'updated_at': '2019-01-25T07:33:34.853Z', 'id': '5c530b5e124309211f9be32b'}]
2026-08-09 23:41:43 - mkk_pika - database.py:215 - INFO - 第一次下载该漫画，记录数据库中
2026-08-09 23:41:45 - mkk_pika - main.py:83 - INFO - 找到 201 张图片在:第1集
2026-08-09 23:41:48 - mkk_pika - main.py:112 - INFO - [episode:第1集       ] downloaded:   201, total: 201, progress:100%
2026-08-09 23:41:48 - mkk_pika - database.py:238 - INFO - 数据库更新已下载章节
2026-08-09 23:41:48 - mkk_pika - database.py:244 - INFO - 该漫画已下载章节如下
2026-08-09 23:41:48 - mkk_pika - database.py:245 - INFO - ['第1集']
2026-08-09 23:41:50 - mkk_pika - main.py:348 - INFO - ==================== 漫画信息 ====================
                                   漫画ID：5c530b5e124309211f9be32a
                                   标题：春と青 春與青
                                   作者：楝蛙
                                   是否完结：是
                                   总页数：201
                                   分类：長篇,純愛,妹妹系,單行本,姐姐系,足の恋,強暴
                                   章节数：1
                                   最后更新时间：2019-01-31T14:51:10.830Z
                                   =================================================
2026-08-09 23:41:50 - mkk_pika - database.py:101 - INFO - 保存成功：春と青 春與青
2026-08-09 23:41:50 - mkk_pika - main.py:35 - INFO - 开始检查(COMIC1☆12)猫姦～幼猫編～ [中国翻訳]是否存在未下载章节
2026-08-09 23:41:50 - mkk_pika - main.py:45 - INFO - 正在下载:[(COMIC1☆12)猫姦～幼猫編～ [中国翻訳]]-[Lonely Church (鈴音れな)]-[['短篇', '非人類']]-[total_pages:48]
2026-08-09 23:41:50 - mkk_pika - main.py:49 - INFO - [{'_id': '5c530b72c72461213731b247', 'title': '第1集', 'order': 1, 'updated_at': '2019-01-31T12:52:27.358Z', 'id': '5c530b72c72461213731b247'}]
2026-08-09 23:41:50 - mkk_pika - database.py:215 - INFO - 第一次下载该漫画，记录数据库中
2026-08-09 23:41:51 - mkk_pika - main.py:83 - INFO - 找到 48 张图片在:第1集
2026-08-09 23:41:52 - mkk_pika - main.py:112 - INFO - [episode:第1集       ] downloaded:    48, total:  48, progress:100%
2026-08-09 23:41:52 - mkk_pika - database.py:238 - INFO - 数据库更新已下载章节
2026-08-09 23:41:52 - mkk_pika - database.py:244 - INFO - 该漫画已下载章节如下
2026-08-09 23:41:52 - mkk_pika - database.py:245 - INFO - ['第1集']
2026-08-09 23:41:53 - mkk_pika - main.py:348 - INFO - ==================== 漫画信息 ====================
                                   漫画ID：5c530b72c72461213731b246
                                   标题：(COMIC1☆12)猫姦～幼猫編～ [中国翻訳]
                                   作者：Lonely Church (鈴音れな)
                                   是否完结：否
                                   总页数：48
                                   分类：短篇,非人類
                                   章节数：1
                                   最后更新时间：2019-01-31T14:51:30.314Z
                                   =================================================
2026-08-09 23:41:53 - mkk_pika - database.py:101 - INFO - 保存成功：(COMIC1☆12)猫姦～幼猫編～ [中国翻訳]
2026-08-09 23:41:53 - mkk_pika - main.py:35 - INFO - 开始检查エルフ騎士マリカ 淫辱遊戯是否存在未下载章节
2026-08-09 23:41:53 - mkk_pika - main.py:45 - INFO - 正在下载:[エルフ騎士マリカ 淫辱遊戯]-[たいらはじめ]-[['長篇', '單行本', 'SM', 'NTR']]-[total_pages:208]
2026-08-09 23:41:53 - mkk_pika - main.py:49 - INFO - [{'_id': '5c530db64f9e095976002494', 'title': '一集全', 'order': 1, 'updated_at': '2019-01-31T13:12:11.218Z', 'id': '5c530db64f9e095976002494'}]
2026-08-09 23:41:53 - mkk_pika - database.py:215 - INFO - 第一次下载该漫画，记录数据库中
2026-08-09 23:41:55 - mkk_pika - main.py:83 - INFO - 找到 208 张图片在:一集全
2026-08-09 23:41:59 - mkk_pika - main.py:112 - INFO - [episode:一集全       ] downloaded:   208, total: 208, progress:100%
2026-08-09 23:41:59 - mkk_pika - database.py:238 - INFO - 数据库更新已下载章节
2026-08-09 23:41:59 - mkk_pika - database.py:244 - INFO - 该漫画已下载章节如下
2026-08-09 23:41:59 - mkk_pika - database.py:245 - INFO - ['一集全']
2026-08-09 23:42:01 - mkk_pika - main.py:348 - INFO - ==================== 漫画信息 ====================
                                   漫画ID：5c530db64f9e095976002493
                                   标题：エルフ騎士マリカ 淫辱遊戯
                                   作者：たいらはじめ
                                   是否完结：是
                                   总页数：208
                                   分类：長篇,單行本,SM,NTR
                                   章节数：1
                                   最后更新时间：2019-01-31T15:01:10.245Z
                                   =================================================
2026-08-09 23:42:01 - mkk_pika - database.py:101 - INFO - 保存成功：エルフ騎士マリカ 淫辱遊戯
2026-08-09 23:42:01 - mkk_pika - main.py:35 - INFO - 开始检查御堂按摩院にようこそ是否存在未下载章节
2026-08-09 23:42:01 - mkk_pika - main.py:45 - INFO - 正在下载:[御堂按摩院にようこそ]-[たいらはじめ]-[['長篇', '單行本']]-[total_pages:186]
2026-08-09 23:42:01 - mkk_pika - main.py:49 - INFO - [{'_id': '5c530e7753411d397eafc270', 'title': '一集全', 'order': 1, 'updated_at': '2019-01-31T13:40:58.257Z', 'id': '5c530e7753411d397eafc270'}]
2026-08-09 23:42:01 - mkk_pika - database.py:215 - INFO - 第一次下载该漫画，记录数据库中
2026-08-09 23:42:03 - mkk_pika - main.py:83 - INFO - 找到 186 张图片在:一集全
2026-08-09 23:42:06 - mkk_pika - main.py:112 - INFO - [episode:一集全       ] downloaded:   186, total: 186, progress:100%
2026-08-09 23:42:06 - mkk_pika - database.py:238 - INFO - 数据库更新已下载章节
2026-08-09 23:42:06 - mkk_pika - database.py:244 - INFO - 该漫画已下载章节如下
2026-08-09 23:42:06 - mkk_pika - database.py:245 - INFO - ['一集全']
2026-08-09 23:42:07 - mkk_pika - main.py:348 - INFO - ==================== 漫画信息 ====================
                                   漫画ID：5c530e7753411d397eafc26f
                                   标题：御堂按摩院にようこそ
                                   作者：たいらはじめ
                                   是否完结：是
                                   总页数：186
                                   分类：長篇,單行本
                                   章节数：1
                                   最后更新时间：2019-01-31T15:04:23.669Z
                                   =================================================
2026-08-09 23:42:07 - mkk_pika - database.py:101 - INFO - 保存成功：御堂按摩院にようこそ
2026-08-09 23:42:07 - mkk_pika - main.py:35 - INFO - 开始检查響の雀戰是否存在未下载章节
2026-08-09 23:42:08 - mkk_pika - main.py:45 - INFO - 正在下载:[響の雀戰]-[valssu (茶琉)]-[['長篇']]-[total_pages:134]
2026-08-09 23:42:08 - mkk_pika - main.py:49 - INFO - [{'_id': '5c530ef63f608c5968c8fabf', 'title': '第1集', 'order': 1, 'updated_at': '2019-01-31T13:56:17.128Z', 'id': '5c530ef63f608c5968c8fabf'}, {'_id': '5c530ef63f608c5968c8fac0', 'title': '第2集', 'order': 2, 'updated_at': '2019-01-31T14:01:08.809Z', 'id': '5c530ef63f608c5968c8fac0'}]
2026-08-09 23:42:08 - mkk_pika - database.py:215 - INFO - 第一次下载该漫画，记录数据库中
2026-08-09 23:42:08 - mkk_pika - main.py:83 - INFO - 找到 60 张图片在:第1集
2026-08-09 23:42:10 - mkk_pika - main.py:112 - INFO - [episode:第1集       ] downloaded:    60, total:  60, progress:100%
2026-08-09 23:42:10 - mkk_pika - database.py:238 - INFO - 数据库更新已下载章节
2026-08-09 23:42:10 - mkk_pika - database.py:244 - INFO - 该漫画已下载章节如下
2026-08-09 23:42:10 - mkk_pika - database.py:245 - INFO - ['第1集']
2026-08-09 23:42:11 - mkk_pika - main.py:83 - INFO - 找到 74 张图片在:第2集
2026-08-09 23:42:13 - mkk_pika - main.py:112 - INFO - [episode:第2集       ] downloaded:    74, total:  74, progress:100%
2026-08-09 23:42:13 - mkk_pika - database.py:238 - INFO - 数据库更新已下载章节
2026-08-09 23:42:13 - mkk_pika - database.py:244 - INFO - 该漫画已下载章节如下
2026-08-09 23:42:13 - mkk_pika - database.py:245 - INFO - ['第1集', '第2集']
2026-08-09 23:42:14 - mkk_pika - main.py:348 - INFO - ==================== 漫画信息 ====================
                                   漫画ID：5c530ef63f608c5968c8fabe
                                   标题：響の雀戰
                                   作者：valssu (茶琉)
                                   是否完结：是
                                   总页数：134
                                   分类：長篇
                                   章节数：2
                                   最后更新时间：2019-01-31T15:06:30.079Z
                                   =================================================
2026-08-09 23:42:14 - mkk_pika - database.py:101 - INFO - 保存成功：響の雀戰
2026-08-09 23:42:14 - mkk_pika - main.py:35 - INFO - 开始检查(C95)カリーナのデイリー感謝ギフト (少女前線)是否存在未下载章节
2026-08-09 23:42:14 - mkk_pika - main.py:45 - INFO - 正在下载:[(C95)カリーナのデイリー感謝ギフト (少女前線)]-[猫の巣 (猫國王)]-[['短篇', '同人', '純愛']]-[total_pages:23]
2026-08-09 23:42:14 - mkk_pika - main.py:49 - INFO - [{'_id': '5c530f46b837d85962cca909', 'title': '第1集', 'order': 1, 'updated_at': '2019-01-31T14:39:28.087Z', 'id': '5c530f46b837d85962cca909'}]
2026-08-09 23:42:14 - mkk_pika - database.py:215 - INFO - 第一次下载该漫画，记录数据库中
2026-08-09 23:42:15 - mkk_pika - main.py:83 - INFO - 找到 23 张图片在:第1集
2026-08-09 23:42:16 - mkk_pika - main.py:112 - INFO - [episode:第1集       ] downloaded:    23, total:  23, progress:100%
2026-08-09 23:42:16 - mkk_pika - database.py:238 - INFO - 数据库更新已下载章节
2026-08-09 23:42:16 - mkk_pika - database.py:244 - INFO - 该漫画已下载章节如下
2026-08-09 23:42:16 - mkk_pika - database.py:245 - INFO - ['第1集']
2026-08-09 23:42:17 - mkk_pika - main.py:348 - INFO - ==================== 漫画信息 ====================
                                   漫画ID：5c530f46b837d85962cca908
                                   标题：(C95)カリーナのデイリー感謝ギフト (少女前線)
                                   作者：猫の巣 (猫國王)
                                   是否完结：是
                                   总页数：23
                                   分类：短篇,同人,純愛
                                   章节数：1
                                   最后更新时间：2019-01-31T15:07:50.724Z
                                   =================================================
2026-08-09 23:42:17 - mkk_pika - database.py:101 - INFO - 保存成功：(C95)カリーナのデイリー感謝ギフト (少女前線)
2026-08-09 23:42:17 - mkk_pika - main.py:35 - INFO - 开始检查ヨルヤハギ10集编（舰队これくしょん - 舰これ - ）是否存在未下载章节
2026-08-09 23:42:17 - mkk_pika - main.py:45 - INFO - 正在下载:[ヨルヤハギ10集编（舰队これくしょん - 舰これ - ）]-[Rosapersica（一ノ宫）]-[['長篇', '純愛', '艦隊收藏', '人妻']]-[total_pages:486]
2026-08-09 23:42:17 - mkk_pika - main.py:49 - INFO - [{'_id': '5c530fede8d11539936d5c4b', 'title': '1~5', 'order': 1, 'updated_at': '2019-01-31T13:58:40.181Z', 'id': '5c530fede8d11539936d5c4b'}, {'_id': '5c530fede8d11539936d5c4c', 'title': '6', 'order': 2, 'updated_at': '2019-01-31T14:18:20.603Z', 'id': '5c530fede8d11539936d5c4c'}, {'_id': '5c530fede8d11539936d5c4d', 'title': '7', 'order': 3, 'updated_at': '2019-01-31T14:20:54.912Z', 'id': '5c530fede8d11539936d5c4d'}, {'_id': '5c530fede8d11539936d5c4e', 'title': '8', 'order': 4, 'updated_at': '2019-01-31T14:28:24.625Z', 'id': '5c530fede8d11539936d5c4e'}, {'_id': '5c530fede8d11539936d5c4f', 'title': '9', 'order': 5, 'updated_at': '2019-01-31T14:31:22.951Z', 'id': '5c530fede8d11539936d5c4f'}, {'_id': '5c530fede8d11539936d5c50', 'title': '10', 'order': 6, 'updated_at': '2019-01-31T14:34:45.250Z', 'id': '5c530fede8d11539936d5c50'}]
2026-08-09 23:42:17 - mkk_pika - database.py:215 - INFO - 第一次下载该漫画，记录数据库中
2026-08-09 23:42:19 - mkk_pika - main.py:83 - INFO - 找到 228 张图片在:1~5
2026-08-09 23:42:23 - mkk_pika - main.py:112 - INFO - [episode:1~5       ] downloaded:   228, total: 228, progress:100%
2026-08-09 23:42:23 - mkk_pika - database.py:238 - INFO - 数据库更新已下载章节
2026-08-09 23:42:23 - mkk_pika - database.py:244 - INFO - 该漫画已下载章节如下
2026-08-09 23:42:23 - mkk_pika - database.py:245 - INFO - ['1~5']
2026-08-09 23:42:25 - mkk_pika - main.py:83 - INFO - 找到 58 张图片在:6
2026-08-09 23:42:26 - mkk_pika - main.py:112 - INFO - [episode:6         ] downloaded:    58, total:  58, progress:100%
2026-08-09 23:42:26 - mkk_pika - database.py:238 - INFO - 数据库更新已下载章节
2026-08-09 23:42:26 - mkk_pika - database.py:244 - INFO - 该漫画已下载章节如下
2026-08-09 23:42:26 - mkk_pika - database.py:245 - INFO - ['1~5', '6']
2026-08-09 23:42:28 - mkk_pika - main.py:83 - INFO - 找到 57 张图片在:7
2026-08-09 23:42:29 - mkk_pika - main.py:112 - INFO - [episode:7         ] downloaded:    57, total:  57, progress:100%
2026-08-09 23:42:29 - mkk_pika - database.py:238 - INFO - 数据库更新已下载章节
2026-08-09 23:42:29 - mkk_pika - database.py:244 - INFO - 该漫画已下载章节如下
2026-08-09 23:42:29 - mkk_pika - database.py:245 - INFO - ['1~5', '6', '7']
2026-08-09 23:42:31 - mkk_pika - main.py:83 - INFO - 找到 59 张图片在:8
2026-08-09 23:42:32 - mkk_pika - main.py:112 - INFO - [episode:8         ] downloaded:    59, total:  59, progress:100%
2026-08-09 23:42:32 - mkk_pika - database.py:238 - INFO - 数据库更新已下载章节
2026-08-09 23:42:32 - mkk_pika - database.py:244 - INFO - 该漫画已下载章节如下
2026-08-09 23:42:32 - mkk_pika - database.py:245 - INFO - ['1~5', '6', '7', '8']
2026-08-09 23:42:34 - mkk_pika - main.py:83 - INFO - 找到 56 张图片在:9
2026-08-09 23:42:35 - mkk_pika - main.py:112 - INFO - [episode:9         ] downloaded:    56, total:  56, progress:100%
2026-08-09 23:42:35 - mkk_pika - database.py:238 - INFO - 数据库更新已下载章节
2026-08-09 23:42:35 - mkk_pika - database.py:244 - INFO - 该漫画已下载章节如下
2026-08-09 23:42:35 - mkk_pika - database.py:245 - INFO - ['1~5', '6', '7', '8', '9']
2026-08-09 23:42:37 - mkk_pika - main.py:83 - INFO - 找到 28 张图片在:10
2026-08-09 23:42:37 - mkk_pika - main.py:112 - INFO - [episode:10        ] downloaded:    28, total:  28, progress:100%
2026-08-09 23:42:37 - mkk_pika - database.py:238 - INFO - 数据库更新已下载章节
2026-08-09 23:42:37 - mkk_pika - database.py:244 - INFO - 该漫画已下载章节如下
2026-08-09 23:42:37 - mkk_pika - database.py:245 - INFO - ['1~5', '6', '7', '8', '9', '10']
2026-08-09 23:42:39 - mkk_pika - main.py:348 - INFO - ==================== 漫画信息 ====================
                                   漫画ID：5c530fede8d11539936d5c4a
                                   标题：ヨルヤハギ10集编（舰队これくしょん - 舰これ - ）
                                   作者：Rosapersica（一ノ宫）
                                   是否完结：否
                                   总页数：486
                                   分类：長篇,純愛,艦隊收藏,人妻
                                   章节数：6
                                   最后更新时间：2019-01-31T15:10:37.455Z
                                   =================================================
2026-08-09 23:42:39 - mkk_pika - database.py:101 - INFO - 保存成功：ヨルヤハギ10集编（舰队これくしょん - 舰これ - ）
2026-08-09 23:42:39 - mkk_pika - main.py:35 - INFO - 开始检查うちのケモ巫女嫁が尊すぎる件。～タユタマ2のほん～(Tayutama2)是否存在未下载章节
2026-08-09 23:42:39 - mkk_pika - main.py:45 - INFO - 正在下载:[うちのケモ巫女嫁が尊すぎる件。～タユタマ2のほん～(Tayutama2)]-[ZiP (萌木原ふみたけ)]-[['短篇', '同人', '純愛', '非人類']]-[total_pages:28]
2026-08-09 23:42:39 - mkk_pika - main.py:49 - INFO - [{'_id': '5c531026b837d85962cca93a', 'title': '第1集', 'order': 1, 'updated_at': '2019-01-31T14:48:29.057Z', 'id': '5c531026b837d85962cca93a'}]
2026-08-09 23:42:39 - mkk_pika - database.py:215 - INFO - 第一次下载该漫画，记录数据库中
2026-08-09 23:42:39 - mkk_pika - main.py:83 - INFO - 找到 28 张图片在:第1集
2026-08-09 23:42:40 - mkk_pika - main.py:112 - INFO - [episode:第1集       ] downloaded:    28, total:  28, progress:100%
2026-08-09 23:42:40 - mkk_pika - database.py:238 - INFO - 数据库更新已下载章节
2026-08-09 23:42:40 - mkk_pika - database.py:244 - INFO - 该漫画已下载章节如下
2026-08-09 23:42:40 - mkk_pika - database.py:245 - INFO - ['第1集']
2026-08-09 23:42:41 - mkk_pika - main.py:348 - INFO - ==================== 漫画信息 ====================
                                   漫画ID：5c531026b837d85962cca939
                                   标题：うちのケモ巫女嫁が尊すぎる件。～タユタマ2のほん～(Tayutama2)
                                   作者：ZiP (萌木原ふみたけ)
                                   是否完结：是
                                   总页数：28
                                   分类：短篇,同人,純愛,非人類
                                   章节数：1
                                   最后更新时间：2019-01-31T15:11:34.259Z
                                   =================================================
2026-08-09 23:42:41 - mkk_pika - database.py:101 - INFO - 保存成功：うちのケモ巫女嫁が尊すぎる件。～タユタマ2のほん～(Tayutama2)
2026-08-09 23:42:41 - mkk_pika - main.py:35 - INFO - 开始检查 吸血鬼ノ血二染マル少女 (二次元コミックマガジン 状態変化で絶望堕ち!Vol.1)是否存在未下载章节
2026-08-09 23:42:41 - mkk_pika - main.py:45 - INFO - 正在下载:[ 吸血鬼ノ血二染マル少女 (二次元コミックマガジン 状態変化で絶望堕ち!Vol.1)]-[ミカリン]-[['同人', '短篇', '非人類', '強暴']]-[total_pages:23]
2026-08-09 23:42:41 - mkk_pika - main.py:49 - INFO - [{'_id': '5c53103c2c854b2125c9cba8', 'title': '第1集', 'order': 1, 'updated_at': '2019-01-31T14:52:14.262Z', 'id': '5c53103c2c854b2125c9cba8'}]
2026-08-09 23:42:41 - mkk_pika - database.py:215 - INFO - 第一次下载该漫画，记录数据库中
2026-08-09 23:42:42 - mkk_pika - main.py:83 - INFO - 找到 23 张图片在:第1集
2026-08-09 23:42:42 - mkk_pika - main.py:112 - INFO - [episode:第1集       ] downloaded:    23, total:  23, progress:100%
2026-08-09 23:42:42 - mkk_pika - database.py:238 - INFO - 数据库更新已下载章节
2026-08-09 23:42:42 - mkk_pika - database.py:244 - INFO - 该漫画已下载章节如下
2026-08-09 23:42:42 - mkk_pika - database.py:245 - INFO - ['第1集']
2026-08-09 23:42:44 - mkk_pika - main.py:348 - INFO - ==================== 漫画信息 ====================
                                   漫画ID：5c53103c2c854b2125c9cba7
                                   标题： 吸血鬼ノ血二染マル少女 (二次元コミックマガジン 状態変化で絶望堕ち!Vol.1)
                                   作者：ミカリン
                                   是否完结：是
                                   总页数：23
                                   分类：同人,短篇,非人類,強暴
                                   章节数：1
                                   最后更新时间：2019-01-31T15:11:56.808Z
                                   =================================================
2026-08-09 23:42:44 - mkk_pika - database.py:101 - INFO - 保存成功： 吸血鬼ノ血二染マル少女 (二次元コミックマガジン 状態変化で絶望堕ち!Vol.1)
2026-08-09 23:42:44 - mkk_pika - main.py:35 - INFO - 开始检查とにかくやれ!!～Just Do It～ (永遠娘 朧絵巻 壱)是否存在未下载章节
2026-08-09 23:42:44 - mkk_pika - main.py:45 - INFO - 正在下载:[とにかくやれ!!～Just Do It～ (永遠娘 朧絵巻 壱)]-[Batta]-[['短篇', '同人', '純愛', '非人類']]-[total_pages:12]
2026-08-09 23:42:44 - mkk_pika - main.py:49 - INFO - [{'_id': '5c53105661e3d421311018ca', 'title': '第1集', 'order': 1, 'updated_at': '2019-01-31T14:56:55.614Z', 'id': '5c53105661e3d421311018ca'}]
2026-08-09 23:42:44 - mkk_pika - database.py:215 - INFO - 第一次下载该漫画，记录数据库中
2026-08-09 23:42:45 - mkk_pika - main.py:83 - INFO - 找到 12 张图片在:第1集
2026-08-09 23:42:45 - mkk_pika - main.py:112 - INFO - [episode:第1集       ] downloaded:    12, total:  12, progress:100%
2026-08-09 23:42:45 - mkk_pika - database.py:238 - INFO - 数据库更新已下载章节
2026-08-09 23:42:45 - mkk_pika - database.py:244 - INFO - 该漫画已下载章节如下
2026-08-09 23:42:45 - mkk_pika - database.py:245 - INFO - ['第1集']
2026-08-09 23:42:46 - mkk_pika - main.py:348 - INFO - ==================== 漫画信息 ====================
                                   漫画ID：5c53105661e3d421311018c9
                                   标题：とにかくやれ!!～Just Do It～ (永遠娘 朧絵巻 壱)
                                   作者：Batta
                                   是否完结：是
                                   总页数：12
                                   分类：短篇,同人,純愛,非人類
                                   章节数：1
                                   最后更新时间：2019-01-31T15:12:22.421Z
                                   =================================================
2026-08-09 23:42:46 - mkk_pika - database.py:101 - INFO - 保存成功：とにかくやれ!!～Just Do It～ (永遠娘 朧絵巻 壱)
2026-08-09 23:42:46 - mkk_pika - main.py:35 - INFO - 开始检查(C94)兼得 VOL.01 (Fate Grand Order) 是否存在未下载章节
2026-08-09 23:42:46 - mkk_pika - main.py:45 - INFO - 正在下载:[(C94)兼得 VOL.01 (Fate Grand Order) ]-[熊掌社 (魚生、俺正讀)]-[['短篇', '同人', 'Fate']]-[total_pages:10]
2026-08-09 23:42:46 - mkk_pika - main.py:49 - INFO - [{'_id': '5c53d177394b7008425cedc3', 'title': '第1集', 'order': 1, 'updated_at': '2019-01-31T21:20:08.688Z', 'id': '5c53d177394b7008425cedc3'}]
2026-08-09 23:42:46 - mkk_pika - database.py:215 - INFO - 第一次下载该漫画，记录数据库中
2026-08-09 23:42:47 - mkk_pika - main.py:83 - INFO - 找到 10 张图片在:第1集
2026-08-09 23:42:47 - mkk_pika - main.py:112 - INFO - [episode:第1集       ] downloaded:    10, total:  10, progress:100%
2026-08-09 23:42:47 - mkk_pika - database.py:238 - INFO - 数据库更新已下载章节
2026-08-09 23:42:47 - mkk_pika - database.py:244 - INFO - 该漫画已下载章节如下
2026-08-09 23:42:47 - mkk_pika - database.py:245 - INFO - ['第1集']
2026-08-09 23:42:48 - mkk_pika - main.py:348 - INFO - ==================== 漫画信息 ====================
                                   漫画ID：5c53d177394b7008425cedc2
                                   标题：(C94)兼得 VOL.01 (Fate Grand Order) 
                                   作者：熊掌社 (魚生、俺正讀)
                                   是否完结：是
                                   总页数：10
                                   分类：短篇,同人,Fate
                                   章节数：1
                                   最后更新时间：2019-02-01T04:56:23.526Z
                                   =================================================
2026-08-09 23:42:48 - mkk_pika - database.py:101 - INFO - 保存成功：(C94)兼得 VOL.01 (Fate Grand Order) 
2026-08-09 23:42:48 - mkk_pika - main.py:35 - INFO - 开始检查アズレンソープ部―ユニオン編― (アズールレーン)是否存在未下载章节
2026-08-09 23:42:49 - mkk_pika - main.py:45 - INFO - 正在下载:[アズレンソープ部―ユニオン編― (アズールレーン)]-[夏季のタネ (サマー)]-[['短篇', '同人', '後宮閃光']]-[total_pages:24]
2026-08-09 23:42:49 - mkk_pika - main.py:49 - INFO - [{'_id': '5c53d1ad394b7008425cedcf', 'title': '第1集', 'order': 1, 'updated_at': '2019-02-01T01:31:01.056Z', 'id': '5c53d1ad394b7008425cedcf'}]
2026-08-09 23:42:49 - mkk_pika - database.py:215 - INFO - 第一次下载该漫画，记录数据库中
2026-08-09 23:42:49 - mkk_pika - main.py:83 - INFO - 找到 24 张图片在:第1集
2026-08-09 23:42:50 - mkk_pika - main.py:112 - INFO - [episode:第1集       ] downloaded:    24, total:  24, progress:100%
2026-08-09 23:42:50 - mkk_pika - database.py:238 - INFO - 数据库更新已下载章节
2026-08-09 23:42:50 - mkk_pika - database.py:244 - INFO - 该漫画已下载章节如下
2026-08-09 23:42:50 - mkk_pika - database.py:245 - INFO - ['第1集']
2026-08-09 23:42:51 - mkk_pika - main.py:348 - INFO - ==================== 漫画信息 ====================
                                   漫画ID：5c53d1ad394b7008425cedce
                                   标题：アズレンソープ部―ユニオン編― (アズールレーン)
                                   作者：夏季のタネ (サマー)
                                   是否完结：是
                                   总页数：24
                                   分类：短篇,同人,後宮閃光
                                   章节数：1
                                   最后更新时间：2019-02-01T04:57:17.931Z
                                   =================================================
2026-08-09 23:42:51 - mkk_pika - database.py:101 - INFO - 保存成功：アズレンソープ部―ユニオン編― (アズールレーン)
2026-08-09 23:42:51 - mkk_pika - main.py:35 - INFO - 开始检查主従どりーみんぐ ～turn紫音～ (COMIC快楽天 2019年3月号)是否存在未下载章节
2026-08-09 23:42:51 - mkk_pika - main.py:45 - INFO - 正在下载:[主従どりーみんぐ ～turn紫音～ (COMIC快楽天 2019年3月号)]-[みちきんぐ]-[['短篇', '純愛']]-[total_pages:18]
2026-08-09 23:42:51 - mkk_pika - main.py:49 - INFO - [{'_id': '5c53d259b837d85962ccacfd', 'title': '第1集', 'order': 1, 'updated_at': '2019-02-01T02:42:00.749Z', 'id': '5c53d259b837d85962ccacfd'}]
2026-08-09 23:42:51 - mkk_pika - database.py:215 - INFO - 第一次下载该漫画，记录数据库中
2026-08-09 23:42:52 - mkk_pika - main.py:83 - INFO - 找到 18 张图片在:第1集
2026-08-09 23:42:52 - mkk_pika - main.py:112 - INFO - [episode:第1集       ] downloaded:    18, total:  18, progress:100%
2026-08-09 23:42:52 - mkk_pika - database.py:238 - INFO - 数据库更新已下载章节
2026-08-09 23:42:52 - mkk_pika - database.py:244 - INFO - 该漫画已下载章节如下
2026-08-09 23:42:52 - mkk_pika - database.py:245 - INFO - ['第1集']
2026-08-09 23:42:53 - mkk_pika - main.py:348 - INFO - ==================== 漫画信息 ====================
                                   漫画ID：5c53d259b837d85962ccacfc
                                   标题：主従どりーみんぐ ～turn紫音～ (COMIC快楽天 2019年3月号)
                                   作者：みちきんぐ
                                   是否完结：是
                                   总页数：18
                                   分类：短篇,純愛
                                   章节数：1
                                   最后更新时间：2019-02-01T05:00:09.128Z
                                   =================================================
2026-08-09 23:42:53 - mkk_pika - database.py:101 - INFO - 保存成功：主従どりーみんぐ ～turn紫音～ (COMIC快楽天 2019年3月号)
2026-08-09 23:42:53 - mkk_pika - main.py:35 - INFO - 开始检查(C95)Dancing Nightmare Diary (東方Project) 是否存在未下载章节
2026-08-09 23:42:54 - mkk_pika - main.py:45 - INFO - 正在下载:[(C95)Dancing Nightmare Diary (東方Project) ]-[芋。 (けんぴ)]-[['短篇', '同人', '東方', '強暴']]-[total_pages:26]
2026-08-09 23:42:54 - mkk_pika - main.py:49 - INFO - [{'_id': '5c53d2a167de1e0859463b3b', 'title': '第1集', 'order': 1, 'updated_at': '2019-02-01T03:01:07.035Z', 'id': '5c53d2a167de1e0859463b3b'}]
2026-08-09 23:42:54 - mkk_pika - database.py:215 - INFO - 第一次下载该漫画，记录数据库中
2026-08-09 23:42:54 - mkk_pika - main.py:83 - INFO - 找到 26 张图片在:第1集
2026-08-09 23:42:55 - mkk_pika - main.py:112 - INFO - [episode:第1集       ] downloaded:    26, total:  26, progress:100%
2026-08-09 23:42:55 - mkk_pika - database.py:238 - INFO - 数据库更新已下载章节
2026-08-09 23:42:55 - mkk_pika - database.py:244 - INFO - 该漫画已下载章节如下
2026-08-09 23:42:55 - mkk_pika - database.py:245 - INFO - ['第1集']
2026-08-09 23:42:56 - mkk_pika - main.py:348 - INFO - ==================== 漫画信息 ====================
                                   漫画ID：5c53d2a167de1e0859463b3a
                                   标题：(C95)Dancing Nightmare Diary (東方Project) 
                                   作者：芋。 (けんぴ)
                                   是否完结：是
                                   总页数：26
                                   分类：短篇,同人,東方,強暴
                                   章节数：1
                                   最后更新时间：2019-02-01T05:01:21.322Z
                                   =================================================
2026-08-09 23:42:56 - mkk_pika - database.py:101 - INFO - 保存成功：(C95)Dancing Nightmare Diary (東方Project) 
2026-08-09 23:42:56 - mkk_pika - main.py:35 - INFO - 开始检查ゆうかりんと無人島 (東方Project)是否存在未下载章节
2026-08-09 23:42:56 - mkk_pika - main.py:45 - INFO - 正在下载:[ゆうかりんと無人島 (東方Project)]-[夏中症 (雨存)]-[['同人', '短篇', '東方']]-[total_pages:27]
2026-08-09 23:42:56 - mkk_pika - main.py:49 - INFO - [{'_id': '5c53d2bf2da78c08486d8de4', 'title': '第1集', 'order': 1, 'updated_at': '2019-02-01T03:08:05.882Z', 'id': '5c53d2bf2da78c08486d8de4'}]
2026-08-09 23:42:56 - mkk_pika - database.py:215 - INFO - 第一次下载该漫画，记录数据库中
2026-08-09 23:42:57 - mkk_pika - main.py:83 - INFO - 找到 27 张图片在:第1集
2026-08-09 23:42:57 - mkk_pika - main.py:112 - INFO - [episode:第1集       ] downloaded:    27, total:  27, progress:100%
2026-08-09 23:42:57 - mkk_pika - database.py:238 - INFO - 数据库更新已下载章节
2026-08-09 23:42:57 - mkk_pika - database.py:244 - INFO - 该漫画已下载章节如下
2026-08-09 23:42:57 - mkk_pika - database.py:245 - INFO - ['第1集']
2026-08-09 23:42:58 - mkk_pika - main.py:348 - INFO - ==================== 漫画信息 ====================
                                   漫画ID：5c53d2bf2da78c08486d8de3
                                   标题：ゆうかりんと無人島 (東方Project)
                                   作者：夏中症 (雨存)
                                   是否完结：是
                                   总页数：27
                                   分类：同人,短篇,東方
                                   章节数：1
                                   最后更新时间：2019-02-01T05:01:51.884Z
                                   =================================================
2026-08-09 23:42:58 - mkk_pika - database.py:101 - INFO - 保存成功：ゆうかりんと無人島 (東方Project)
2026-08-09 23:42:58 - mkk_pika - main.py:35 - INFO - 开始检查西住姉妹凌辱2 (ガールズ&パンツァー) 是否存在未下载章节
2026-08-09 23:42:59 - mkk_pika - main.py:45 - INFO - 正在下载:[西住姉妹凌辱2 (ガールズ&パンツァー) ]-[きょくちょ局 (きょくちょ)]-[['同人', '短篇']]-[total_pages:26]
2026-08-09 23:42:59 - mkk_pika - main.py:49 - INFO - [{'_id': '5c53d2ce394b7008425ceed6', 'title': '第1集', 'order': 1, 'updated_at': '2019-02-01T03:20:26.189Z', 'id': '5c53d2ce394b7008425ceed6'}]
2026-08-09 23:42:59 - mkk_pika - database.py:215 - INFO - 第一次下载该漫画，记录数据库中
2026-08-09 23:42:59 - mkk_pika - main.py:83 - INFO - 找到 26 张图片在:第1集
2026-08-09 23:43:00 - mkk_pika - main.py:112 - INFO - [episode:第1集       ] downloaded:    26, total:  26, progress:100%
2026-08-09 23:43:00 - mkk_pika - database.py:238 - INFO - 数据库更新已下载章节
2026-08-09 23:43:00 - mkk_pika - database.py:244 - INFO - 该漫画已下载章节如下
2026-08-09 23:43:00 - mkk_pika - database.py:245 - INFO - ['第1集']
2026-08-09 23:43:01 - mkk_pika - main.py:348 - INFO - ==================== 漫画信息 ====================
                                   漫画ID：5c53d2ce394b7008425ceed5
                                   标题：西住姉妹凌辱2 (ガールズ&パンツァー) 
                                   作者：きょくちょ局 (きょくちょ)
                                   是否完结：是
                                   总页数：26
                                   分类：同人,短篇
                                   章节数：1
                                   最后更新时间：2019-02-01T05:02:06.268Z
                                   =================================================
2026-08-09 23:43:01 - mkk_pika - database.py:101 - INFO - 保存成功：西住姉妹凌辱2 (ガールズ&パンツァー) 
2026-08-09 23:43:01 - mkk_pika - main.py:35 - INFO - 开始检查(C95) スカサハ三昧 (Fate/Grand Order)是否存在未下载章节
2026-08-09 23:43:01 - mkk_pika - main.py:45 - INFO - 正在下载:[(C95) スカサハ三昧 (Fate/Grand Order)]-[七転八起 (kinntarou)]-[['同人', '短篇', 'Fate']]-[total_pages:32]
2026-08-09 23:43:01 - mkk_pika - main.py:49 - INFO - [{'_id': '5c53d2e0394b7008425ceef3', 'title': '第1集', 'order': 1, 'updated_at': '2019-02-01T03:27:36.100Z', 'id': '5c53d2e0394b7008425ceef3'}]
2026-08-09 23:43:01 - mkk_pika - database.py:215 - INFO - 第一次下载该漫画，记录数据库中
2026-08-09 23:43:02 - mkk_pika - main.py:83 - INFO - 找到 32 张图片在:第1集
2026-08-09 23:43:03 - mkk_pika - main.py:112 - INFO - [episode:第1集       ] downloaded:    32, total:  32, progress:100%
2026-08-09 23:43:03 - mkk_pika - database.py:238 - INFO - 数据库更新已下载章节
2026-08-09 23:43:03 - mkk_pika - database.py:244 - INFO - 该漫画已下载章节如下
2026-08-09 23:43:03 - mkk_pika - database.py:245 - INFO - ['第1集']
2026-08-09 23:43:04 - mkk_pika - main.py:348 - INFO - ==================== 漫画信息 ====================
                                   漫画ID：5c53d2e0394b7008425ceef2
                                   标题：(C95) スカサハ三昧 (Fate/Grand Order)
                                   作者：七転八起 (kinntarou)
                                   是否完结：是
                                   总页数：32
                                   分类：同人,短篇,Fate
                                   章节数：1
                                   最后更新时间：2019-02-01T05:02:24.086Z
                                   =================================================
2026-08-09 23:43:04 - mkk_pika - database.py:101 - INFO - 保存成功：(C95) スカサハ三昧 (Fate/Grand Order)
2026-08-09 23:43:04 - mkk_pika - main.py:35 - INFO - 开始检查UnknownUltimateChallenge (CROSS x BEATS)是否存在未下载章节
2026-08-09 23:43:04 - mkk_pika - main.py:45 - INFO - 正在下载:[UnknownUltimateChallenge (CROSS x BEATS)]-[d.a.p (舞戯)]-[['短篇', '同人', '扶他樂園']]-[total_pages:42]
2026-08-09 23:43:04 - mkk_pika - main.py:49 - INFO - [{'_id': '5c53d2ee394b7008425cef16', 'title': '第1集', 'order': 1, 'updated_at': '2019-02-01T03:43:38.463Z', 'id': '5c53d2ee394b7008425cef16'}]
2026-08-09 23:43:04 - mkk_pika - database.py:215 - INFO - 第一次下载该漫画，记录数据库中
2026-08-09 23:43:05 - mkk_pika - main.py:83 - INFO - 找到 42 张图片在:第1集
2026-08-09 23:43:06 - mkk_pika - main.py:112 - INFO - [episode:第1集       ] downloaded:    42, total:  42, progress:100%
2026-08-09 23:43:06 - mkk_pika - database.py:238 - INFO - 数据库更新已下载章节
2026-08-09 23:43:06 - mkk_pika - database.py:244 - INFO - 该漫画已下载章节如下
2026-08-09 23:43:06 - mkk_pika - database.py:245 - INFO - ['第1集']
2026-08-09 23:43:07 - mkk_pika - main.py:348 - INFO - ==================== 漫画信息 ====================
                                   漫画ID：5c53d2ee394b7008425cef15
                                   标题：UnknownUltimateChallenge (CROSS x BEATS)
                                   作者：d.a.p (舞戯)
                                   是否完结：是
                                   总页数：42
                                   分类：短篇,同人,扶他樂園
                                   章节数：1
                                   最后更新时间：2019-02-01T05:02:38.939Z
                                   =================================================
2026-08-09 23:43:07 - mkk_pika - database.py:101 - INFO - 保存成功：UnknownUltimateChallenge (CROSS x BEATS)
2026-08-09 23:43:07 - mkk_pika - main.py:35 - INFO - 开始检查(C95)シーチキン(クオリディア・コード)是否存在未下载章节
2026-08-09 23:43:07 - mkk_pika - main.py:45 - INFO - 正在下载:[(C95)シーチキン(クオリディア・コード)]-[不可不可 (関谷 あさみ)]-[['短篇', '同人', '妹妹系', '純愛']]-[total_pages:48]
2026-08-09 23:43:07 - mkk_pika - main.py:49 - INFO - [{'_id': '5c53d3517924f13978bd8f69', 'title': '第1集', 'order': 1, 'updated_at': '2019-02-01T03:58:44.235Z', 'id': '5c53d3517924f13978bd8f69'}]
2026-08-09 23:43:07 - mkk_pika - database.py:215 - INFO - 第一次下载该漫画，记录数据库中
2026-08-09 23:43:08 - mkk_pika - main.py:83 - INFO - 找到 48 张图片在:第1集
2026-08-09 23:43:09 - mkk_pika - main.py:112 - INFO - [episode:第1集       ] downloaded:    48, total:  48, progress:100%
2026-08-09 23:43:09 - mkk_pika - database.py:238 - INFO - 数据库更新已下载章节
2026-08-09 23:43:09 - mkk_pika - database.py:244 - INFO - 该漫画已下载章节如下
2026-08-09 23:43:09 - mkk_pika - database.py:245 - INFO - ['第1集']
2026-08-09 23:43:10 - mkk_pika - main.py:348 - INFO - ==================== 漫画信息 ====================
                                   漫画ID：5c53d3517924f13978bd8f68
                                   标题：(C95)シーチキン(クオリディア・コード)
                                   作者：不可不可 (関谷 あさみ)
                                   是否完结：是
                                   总页数：48
                                   分类：短篇,同人,妹妹系,純愛
                                   章节数：1
                                   最后更新时间：2019-02-01T05:04:17.349Z
                                   =================================================
2026-08-09 23:43:10 - mkk_pika - database.py:101 - INFO - 保存成功：(C95)シーチキン(クオリディア・コード)
2026-08-09 23:43:10 - mkk_pika - main.py:35 - INFO - 开始检查サキュママ足コキ是否存在未下载章节
2026-08-09 23:43:10 - mkk_pika - main.py:45 - INFO - 正在下载:[サキュママ足コキ]-[玉之けだま]-[['短篇', '全彩', '足の恋', '非人類']]-[total_pages:6]
2026-08-09 23:43:10 - mkk_pika - main.py:49 - INFO - [{'_id': '5c53d35c394b7008425cef45', 'title': '第1集', 'order': 1, 'updated_at': '2019-02-01T04:06:26.664Z', 'id': '5c53d35c394b7008425cef45'}]
2026-08-09 23:43:10 - mkk_pika - database.py:215 - INFO - 第一次下载该漫画，记录数据库中
2026-08-09 23:43:11 - mkk_pika - main.py:83 - INFO - 找到 6 张图片在:第1集
2026-08-09 23:43:11 - mkk_pika - main.py:112 - INFO - [episode:第1集       ] downloaded:     6, total:   6, progress:100%
2026-08-09 23:43:11 - mkk_pika - database.py:238 - INFO - 数据库更新已下载章节
2026-08-09 23:43:11 - mkk_pika - database.py:244 - INFO - 该漫画已下载章节如下
2026-08-09 23:43:11 - mkk_pika - database.py:245 - INFO - ['第1集']
2026-08-09 23:43:12 - mkk_pika - main.py:348 - INFO - ==================== 漫画信息 ====================
                                   漫画ID：5c53d35c394b7008425cef44
                                   标题：サキュママ足コキ
                                   作者：玉之けだま
                                   是否完结：是
                                   总页数：6
                                   分类：短篇,全彩,足の恋,非人類
                                   章节数：1
                                   最后更新时间：2019-02-01T05:04:28.741Z
                                   =================================================
2026-08-09 23:43:12 - mkk_pika - database.py:101 - INFO - 保存成功：サキュママ足コキ
2026-08-09 23:43:12 - mkk_pika - main.py:35 - INFO - 开始检查キケンなカンソウ是否存在未下载章节
2026-08-09 23:43:13 - mkk_pika - main.py:45 - INFO - 正在下载:[キケンなカンソウ]-[Angel Bless (月路)]-[['同人', '全彩', '短篇', '艦隊收藏']]-[total_pages:49]
2026-08-09 23:43:13 - mkk_pika - main.py:49 - INFO - [{'_id': '5c530fda7924f13978bd8b83', 'title': '生肉', 'order': 1, 'updated_at': '2019-02-01T05:04:35.722Z', 'id': '5c530fda7924f13978bd8b83'}, {'_id': '5c53d363e8d11539936d62b8', 'title': '熟肉', 'order': 2, 'updated_at': '2019-02-01T04:14:06.559Z', 'id': '5c53d363e8d11539936d62b8'}]
2026-08-09 23:43:13 - mkk_pika - database.py:215 - INFO - 第一次下载该漫画，记录数据库中
2026-08-09 23:43:13 - mkk_pika - main.py:83 - INFO - 找到 21 张图片在:生肉
2026-08-09 23:43:14 - mkk_pika - main.py:112 - INFO - [episode:生肉        ] downloaded:    21, total:  21, progress:100%
2026-08-09 23:43:14 - mkk_pika - database.py:238 - INFO - 数据库更新已下载章节
2026-08-09 23:43:14 - mkk_pika - database.py:244 - INFO - 该漫画已下载章节如下
2026-08-09 23:43:14 - mkk_pika - database.py:245 - INFO - ['生肉']
2026-08-09 23:43:15 - mkk_pika - main.py:83 - INFO - 找到 28 张图片在:熟肉
2026-08-09 23:43:16 - mkk_pika - main.py:112 - INFO - [episode:熟肉        ] downloaded:    28, total:  28, progress:100%
2026-08-09 23:43:16 - mkk_pika - database.py:238 - INFO - 数据库更新已下载章节
2026-08-09 23:43:16 - mkk_pika - database.py:244 - INFO - 该漫画已下载章节如下
2026-08-09 23:43:16 - mkk_pika - database.py:245 - INFO - ['生肉', '熟肉']
2026-08-09 23:43:17 - mkk_pika - main.py:348 - INFO - ==================== 漫画信息 ====================
                                   漫画ID：5c530fda7924f13978bd8b82
                                   标题：キケンなカンソウ
                                   作者：Angel Bless (月路)
                                   是否完结：否
                                   总页数：49
                                   分类：同人,全彩,短篇,艦隊收藏
                                   章节数：2
                                   最后更新时间：2019-02-01T05:04:35.708Z
                                   =================================================
2026-08-09 23:43:17 - mkk_pika - database.py:101 - INFO - 保存成功：キケンなカンソウ
2026-08-09 23:43:17 - mkk_pika - main.py:35 - INFO - 开始检查ラブラブ獣姦ガールズ是否存在未下载章节
2026-08-09 23:43:17 - mkk_pika - main.py:45 - INFO - 正在下载:[ラブラブ獣姦ガールズ]-[漸速ライダー (天漸雅)]-[['長篇', '單行本', '純愛', '非人類']]-[total_pages:216]
2026-08-09 23:43:17 - mkk_pika - main.py:49 - INFO - [{'_id': '5c53d7f84ee32c398db92e21', 'title': '第1集', 'order': 1, 'updated_at': '2019-02-01T05:20:38.521Z', 'id': '5c53d7f84ee32c398db92e21'}]
2026-08-09 23:43:17 - mkk_pika - database.py:215 - INFO - 第一次下载该漫画，记录数据库中
2026-08-09 23:43:19 - mkk_pika - main.py:83 - INFO - 找到 216 张图片在:第1集
2026-08-09 23:43:23 - mkk_pika - main.py:112 - INFO - [episode:第1集       ] downloaded:   216, total: 216, progress:100%
2026-08-09 23:43:23 - mkk_pika - database.py:238 - INFO - 数据库更新已下载章节
2026-08-09 23:43:23 - mkk_pika - database.py:244 - INFO - 该漫画已下载章节如下
2026-08-09 23:43:23 - mkk_pika - database.py:245 - INFO - ['第1集']
2026-08-09 23:43:25 - mkk_pika - main.py:348 - INFO - ==================== 漫画信息 ====================
                                   漫画ID：5c53d7f84ee32c398db92e20
                                   标题：ラブラブ獣姦ガールズ
                                   作者：漸速ライダー (天漸雅)
                                   是否完结：是
                                   总页数：216
                                   分类：長篇,單行本,純愛,非人類
                                   章节数：1
                                   最后更新时间：2019-02-01T05:24:08.966Z
                                   =================================================
2026-08-09 23:43:25 - mkk_pika - database.py:101 - INFO - 保存成功：ラブラブ獣姦ガールズ
2026-08-09 23:43:25 - mkk_pika - main.py:35 - INFO - 开始检查西住まほの知るべきじゃなかった事・後 (ガールズ&パンツァー)是否存在未下载章节
2026-08-09 23:43:25 - mkk_pika - main.py:45 - INFO - 正在下载:[西住まほの知るべきじゃなかった事・後 (ガールズ&パンツァー)]-[蕎麦部 (らっそん)]-[['短篇', '同人', '人妻']]-[total_pages:26]
2026-08-09 23:43:25 - mkk_pika - main.py:49 - INFO - [{'_id': '5c5502b821e7d00852285f33', 'title': '第1集', 'order': 1, 'updated_at': '2019-02-01T06:26:07.788Z', 'id': '5c5502b821e7d00852285f33'}]
2026-08-09 23:43:25 - mkk_pika - database.py:215 - INFO - 第一次下载该漫画，记录数据库中
2026-08-09 23:43:25 - mkk_pika - main.py:83 - INFO - 找到 26 张图片在:第1集
2026-08-09 23:43:26 - mkk_pika - main.py:112 - INFO - [episode:第1集       ] downloaded:    26, total:  26, progress:100%
2026-08-09 23:43:26 - mkk_pika - database.py:238 - INFO - 数据库更新已下载章节
2026-08-09 23:43:26 - mkk_pika - database.py:244 - INFO - 该漫画已下载章节如下
2026-08-09 23:43:26 - mkk_pika - database.py:245 - INFO - ['第1集']
2026-08-09 23:43:27 - mkk_pika - main.py:348 - INFO - ==================== 漫画信息 ====================
                                   漫画ID：5c5502b721e7d00852285f32
                                   标题：西住まほの知るべきじゃなかった事・後 (ガールズ&パンツァー)
                                   作者：蕎麦部 (らっそん)
                                   是否完结：是
                                   总页数：26
                                   分类：短篇,同人,人妻
                                   章节数：1
                                   最后更新时间：2019-02-02T02:38:47.987Z
                                   =================================================
2026-08-09 23:43:27 - mkk_pika - database.py:101 - INFO - 保存成功：西住まほの知るべきじゃなかった事・後 (ガールズ&パンツァー)
2026-08-09 23:43:27 - mkk_pika - main.py:35 - INFO - 开始检查橘さん家ノ男性事情（全彩）是否存在未下载章节
2026-08-09 23:43:27 - mkk_pika - main.py:45 - INFO - 正在下载:[橘さん家ノ男性事情（全彩）]-[原作：JIN   上色：鬼畜天月]-[['全彩']]-[total_pages:251]
2026-08-09 23:43:27 - mkk_pika - main.py:49 - INFO - [{'_id': '5c550347b837d85962ccb2b5', 'title': '第1集', 'order': 1, 'updated_at': '2019-01-31T12:51:16.713Z', 'id': '5c550347b837d85962ccb2b5'}]
2026-08-09 23:43:27 - mkk_pika - database.py:215 - INFO - 第一次下载该漫画，记录数据库中
2026-08-09 23:43:30 - mkk_pika - main.py:83 - INFO - 找到 251 张图片在:第1集
2026-08-09 23:43:34 - mkk_pika - main.py:112 - INFO - [episode:第1集       ] downloaded:   251, total: 251, progress:100%
2026-08-09 23:43:34 - mkk_pika - database.py:238 - INFO - 数据库更新已下载章节
2026-08-09 23:43:34 - mkk_pika - database.py:244 - INFO - 该漫画已下载章节如下
2026-08-09 23:43:34 - mkk_pika - database.py:245 - INFO - ['第1集']
2026-08-09 23:43:36 - mkk_pika - main.py:348 - INFO - ==================== 漫画信息 ====================
                                   漫画ID：5c550347b837d85962ccb2b4
                                   标题：橘さん家ノ男性事情（全彩）
                                   作者：原作：JIN   上色：鬼畜天月
                                   是否完结：否
                                   总页数：251
                                   分类：全彩
                                   章节数：1
                                   最后更新时间：2019-02-02T02:41:11.672Z
                                   =================================================
2026-08-09 23:43:36 - mkk_pika - database.py:101 - INFO - 保存成功：橘さん家ノ男性事情（全彩）
2026-08-09 23:43:36 - mkk_pika - main.py:35 - INFO - 开始检查(C95)昨夜 (アイドルマスターシャイニーカラーズ)是否存在未下载章节
2026-08-09 23:43:36 - mkk_pika - main.py:45 - INFO - 正在下载:[(C95)昨夜 (アイドルマスターシャイニーカラーズ)]-[Ciel (エレレ)]-[['短篇', '同人', '全彩']]-[total_pages:27]
2026-08-09 23:43:36 - mkk_pika - main.py:49 - INFO - [{'_id': '5c5503af2da78c08486d9a70', 'title': '第1集', 'order': 1, 'updated_at': '2019-02-01T07:48:31.694Z', 'id': '5c5503af2da78c08486d9a70'}]
2026-08-09 23:43:36 - mkk_pika - database.py:215 - INFO - 第一次下载该漫画，记录数据库中
2026-08-09 23:43:36 - mkk_pika - main.py:83 - INFO - 找到 27 张图片在:第1集
2026-08-09 23:43:37 - mkk_pika - main.py:112 - INFO - [episode:第1集       ] downloaded:    27, total:  27, progress:100%
2026-08-09 23:43:37 - mkk_pika - database.py:238 - INFO - 数据库更新已下载章节
2026-08-09 23:43:37 - mkk_pika - database.py:244 - INFO - 该漫画已下载章节如下
2026-08-09 23:43:37 - mkk_pika - database.py:245 - INFO - ['第1集']
2026-08-09 23:43:38 - mkk_pika - main.py:348 - INFO - ==================== 漫画信息 ====================
                                   漫画ID：5c5503af2da78c08486d9a6f
                                   标题：(C95)昨夜 (アイドルマスターシャイニーカラーズ)
                                   作者：Ciel (エレレ)
                                   是否完结：是
                                   总页数：27
                                   分类：短篇,同人,全彩
                                   章节数：1
                                   最后更新时间：2019-02-02T02:42:55.042Z
                                   =================================================
2026-08-09 23:43:38 - mkk_pika - database.py:101 - INFO - 保存成功：(C95)昨夜 (アイドルマスターシャイニーカラーズ)
2026-08-09 23:43:38 - mkk_pika - main.py:380 - INFO - 本次任务下载完毕
2026-08-09 23:43:38 - mkk_pika - database.py:173 - INFO - 数据库连接已关闭
