2026-08-01 00:09:00 - mkk_pika - main.py:193 - INFO - =======================================================================
2026-08-01 00:09:00 - mkk_pika - database.py:61 - INFO - 表和索引初始化成功
2026-08-01 00:09:00 - mkk_pika - main.py:197 - INFO - 已经累计下载18045本漫画
2026-08-01 00:09:00 - mkk_pika - api.py:87 - INFO - 登录成功
2026-08-01 00:09:01 - mkk_pika - main.py:203 - INFO - 收藏夹共计0本漫画
2026-08-01 00:09:01 - mkk_pika - main.py:206 - INFO - 开始下载收藏夹内未下载内容
2026-08-01 00:09:01 - mkk_pika - main.py:266 - INFO - 收藏夹内容下载完毕
2026-08-01 00:09:01 - mkk_pika - main.py:268 - INFO - 开始下载订阅内容
2026-08-01 00:09:01 - mkk_pika - database.py:258 - INFO - 根据ID查询到标题：萝莉 -> TSロリおじさんの冒険 前戯編 | TS萝莉中年大叔的冒险 前戏篇
2026-08-01 00:09:01 - mkk_pika - database.py:101 - INFO - 保存成功：TSロリおじさんの冒険 前戯編 | TS萝莉中年大叔的冒险 前戏篇
2026-08-01 00:09:01 - mkk_pika - main.py:273 - INFO - 关键词萝莉找到1本漫画
2026-08-01 00:09:01 - mkk_pika - database.py:258 - INFO - 根据ID查询到标题：蘿莉 -> [Pixiv] 牧之 (118005784)（AI）
2026-08-01 00:09:02 - mkk_pika - database.py:101 - INFO - 保存成功：[Artist] QUACKIES（AI）
2026-08-01 00:09:02 - mkk_pika - main.py:273 - INFO - 关键词蘿莉找到4本漫画
2026-08-01 00:09:02 - mkk_pika - main.py:275 - INFO - 订阅内容共计5本漫画
2026-08-01 00:09:02 - mkk_pika - main.py:35 - INFO - 开始检查バイト中のゆ〜わく是否存在未下载章节
2026-08-01 00:09:02 - mkk_pika - database.py:203 - INFO - 查询数据库中是否已存在第1話
2026-08-01 00:09:02 - mkk_pika - main.py:51 - INFO - バイト中のゆ〜わく中没有可下载章节
2026-08-01 00:09:02 - mkk_pika - main.py:292 - INFO - ==================== 漫画信息 ====================
                                漫画ID：6a6397d265bf3e38d164dfa0
                                标题：バイト中のゆ〜わく
                                作者：スミヅミ
                                是否完结：是
                                总页数：26
                                分类：短篇,純愛
                                章节数：1
                                最后更新时间：2026-07-24T16:50:26.165Z
                                =================================================
2026-08-01 00:09:02 - mkk_pika - database.py:101 - INFO - 保存成功：バイト中のゆ〜わく
2026-08-01 00:09:02 - mkk_pika - main.py:35 - INFO - 开始检查神様の性事情是否存在未下载章节
2026-08-01 00:09:03 - mkk_pika - main.py:45 - INFO - 正在下载:[神様の性事情]-[ざんどろ]-[['短篇', '百合花園']]-[total_pages:-1]
2026-08-01 00:09:03 - mkk_pika - main.py:49 - INFO - [{'_id': '6a6cd5c2624fe140a45547b7', 'title': '第1話', 'order': 1, 'updated_at': '2026-07-31T07:01:35.377Z', 'id': '6a6cd5c2624fe140a45547b7'}]
2026-08-01 00:09:03 - mkk_pika - database.py:215 - INFO - 第一次下载该漫画，记录数据库中
2026-08-01 00:09:03 - mkk_pika - main.py:83 - INFO - 找到 16 张图片在:第1話
2026-08-01 00:09:04 - mkk_pika - main.py:112 - INFO - [episode:第1話       ] downloaded:    16, total:  16, progress:100%
2026-08-01 00:09:04 - mkk_pika - database.py:238 - INFO - 数据库更新已下载章节
2026-08-01 00:09:04 - mkk_pika - database.py:244 - INFO - 该漫画已下载章节如下
2026-08-01 00:09:04 - mkk_pika - database.py:245 - INFO - ['第1話']
2026-08-01 00:09:05 - mkk_pika - main.py:292 - INFO - ==================== 漫画信息 ====================
                                漫画ID：6a6cd5c2624fe140a45547b6
                                标题：神様の性事情
                                作者：ざんどろ
                                是否完结：是
                                总页数：16
                                分类：短篇,百合花園
                                章节数：1
                                最后更新时间：2026-07-31T17:05:06.831Z
                                =================================================
2026-08-01 00:09:05 - mkk_pika - database.py:101 - INFO - 保存成功：神様の性事情
2026-08-01 00:09:05 - mkk_pika - main.py:35 - INFO - 开始检查たんプリまんが (名探偵プリキュア!)是否存在未下载章节
2026-08-01 00:09:05 - mkk_pika - database.py:203 - INFO - 查询数据库中是否已存在第1話
2026-08-01 00:09:05 - mkk_pika - main.py:51 - INFO - たんプリまんが (名探偵プリキュア!)中没有可下载章节
2026-08-01 00:09:06 - mkk_pika - main.py:292 - INFO - ==================== 漫画信息 ====================
                                漫画ID：69bc40a80828ef198c5ebbf8
                                标题：たんプリまんが (名探偵プリキュア!)
                                作者：たいらー
                                是否完结：是
                                总页数：69
                                分类：同人,長篇
                                章节数：1
                                最后更新时间：2026-03-19T18:30:00.052Z
                                =================================================
2026-08-01 00:09:06 - mkk_pika - database.py:101 - INFO - 保存成功：たんプリまんが (名探偵プリキュア!)
2026-08-01 00:09:06 - mkk_pika - main.py:35 - INFO - 开始检查恋愛なんかしないで兄妹姦だけでイキたい | 想進行不需要戀愛只需要做愛的兄妹相姦是否存在未下载章节
2026-08-01 00:09:06 - mkk_pika - main.py:45 - INFO - 正在下载:[恋愛なんかしないで兄妹姦だけでイキたい | 想進行不需要戀愛只需要做愛的兄妹相姦]-[チグチミリ]-[['短篇', '妹妹系']]-[total_pages:-1]
2026-08-01 00:09:06 - mkk_pika - main.py:49 - INFO - [{'_id': '6a6cd52b76dc3040d3e00659', 'title': '第1話', 'order': 1, 'updated_at': '2026-07-30T13:08:07.114Z', 'id': '6a6cd52b76dc3040d3e00659'}]
2026-08-01 00:09:06 - mkk_pika - database.py:215 - INFO - 第一次下载该漫画，记录数据库中
2026-08-01 00:09:06 - mkk_pika - main.py:83 - INFO - 找到 20 张图片在:第1話
2026-08-01 00:09:07 - mkk_pika - main.py:112 - INFO - [episode:第1話       ] downloaded:    20, total:  20, progress:100%
2026-08-01 00:09:07 - mkk_pika - database.py:238 - INFO - 数据库更新已下载章节
2026-08-01 00:09:07 - mkk_pika - database.py:244 - INFO - 该漫画已下载章节如下
2026-08-01 00:09:07 - mkk_pika - database.py:245 - INFO - ['第1話']
2026-08-01 00:09:08 - mkk_pika - main.py:292 - INFO - ==================== 漫画信息 ====================
                                漫画ID：6a6cd52b76dc3040d3e00658
                                标题：恋愛なんかしないで兄妹姦だけでイキたい | 想進行不需要戀愛只需要做愛的兄妹相姦
                                作者：チグチミリ
                                是否完结：否
                                总页数：20
                                分类：短篇,妹妹系
                                章节数：1
                                最后更新时间：2026-07-31T17:02:35.190Z
                                =================================================
2026-08-01 00:09:08 - mkk_pika - database.py:101 - INFO - 保存成功：恋愛なんかしないで兄妹姦だけでイキたい | 想進行不需要戀愛只需要做愛的兄妹相姦
2026-08-01 00:09:08 - mkk_pika - main.py:35 - INFO - 开始检查キラキラルパワー是否存在未下载章节
2026-08-01 00:09:09 - mkk_pika - main.py:45 - INFO - 正在下载:[キラキラルパワー]-[そーま党 (そーま)]-[['短篇', '同人']]-[total_pages:-1]
2026-08-01 00:09:09 - mkk_pika - main.py:49 - INFO - [{'_id': '6048f305ce0865407c09220b', 'title': '生肉', 'order': 1, 'updated_at': '2026-07-31T17:01:27.069Z', 'id': '6048f305ce0865407c09220b'}, {'_id': '6a6cd4e7624fe140a455469e', 'title': '熟肉', 'order': 2, 'updated_at': '2026-07-30T12:30:10.401Z', 'id': '6a6cd4e7624fe140a455469e'}]
2026-08-01 00:09:09 - mkk_pika - database.py:215 - INFO - 第一次下载该漫画，记录数据库中
2026-08-01 00:09:09 - mkk_pika - main.py:83 - INFO - 找到 22 张图片在:生肉
2026-08-01 00:09:10 - mkk_pika - main.py:112 - INFO - [episode:生肉        ] downloaded:    22, total:  22, progress:100%
2026-08-01 00:09:10 - mkk_pika - database.py:238 - INFO - 数据库更新已下载章节
2026-08-01 00:09:10 - mkk_pika - database.py:244 - INFO - 该漫画已下载章节如下
2026-08-01 00:09:10 - mkk_pika - database.py:245 - INFO - ['生肉']
2026-08-01 00:09:12 - mkk_pika - main.py:83 - INFO - 找到 23 张图片在:熟肉
2026-08-01 00:09:13 - mkk_pika - main.py:112 - INFO - [episode:熟肉        ] downloaded:    23, total:  23, progress:100%
2026-08-01 00:09:13 - mkk_pika - database.py:238 - INFO - 数据库更新已下载章节
2026-08-01 00:09:13 - mkk_pika - database.py:244 - INFO - 该漫画已下载章节如下
2026-08-01 00:09:13 - mkk_pika - database.py:245 - INFO - ['生肉', '熟肉']
2026-08-01 00:09:14 - mkk_pika - main.py:292 - INFO - ==================== 漫画信息 ====================
                                漫画ID：6048f305ce0865407c09220a
                                标题：キラキラルパワー
                                作者：そーま党 (そーま)
                                是否完结：否
                                总页数：45
                                分类：短篇,同人
                                章节数：2
                                最后更新时间：2026-07-31T17:01:27.061Z
                                =================================================
2026-08-01 00:09:14 - mkk_pika - database.py:101 - INFO - 保存成功：キラキラルパワー
2026-08-01 00:09:14 - mkk_pika - main.py:323 - INFO - 订阅内容内容下载完毕
2026-08-01 00:09:14 - mkk_pika - main.py:324 - INFO - 开始分批下载全部章节
2026-08-01 00:09:14 - mkk_pika - database.py:280 - INFO - 表和索引初始化成功
2026-08-01 00:09:15 - mkk_pika - main.py:177 - INFO - 已经下载了1348页，一共7048页，现在开始添加第1349页
2026-08-01 00:09:15 - mkk_pika - database.py:318 - INFO - 保存成功
2026-08-01 00:09:15 - mkk_pika - main.py:177 - INFO - 已经下载了1349页，一共7048页，现在开始添加第1350页
2026-08-01 00:09:16 - mkk_pika - database.py:318 - INFO - 保存成功
2026-08-01 00:09:16 - mkk_pika - main.py:177 - INFO - 已经下载了1350页，一共7048页，现在开始添加第1351页
2026-08-01 00:09:17 - mkk_pika - database.py:318 - INFO - 保存成功
2026-08-01 00:09:17 - mkk_pika - main.py:177 - INFO - 已经下载了1351页，一共7048页，现在开始添加第1352页
2026-08-01 00:09:17 - mkk_pika - database.py:318 - INFO - 保存成功
2026-08-01 00:09:18 - mkk_pika - main.py:177 - INFO - 已经下载了1352页，一共7048页，现在开始添加第1353页
2026-08-01 00:09:18 - mkk_pika - database.py:318 - INFO - 保存成功
2026-08-01 00:09:18 - mkk_pika - main.py:331 - INFO - 分批下载共计53本漫画
2026-08-01 00:09:18 - mkk_pika - main.py:35 - INFO - 开始检查吸血鬼ちゃんのおしおきタイム是否存在未下载章节
2026-08-01 00:09:18 - mkk_pika - main.py:45 - INFO - 正在下载:[吸血鬼ちゃんのおしおきタイム]-[薄稀]-[['短篇', '非人類', '強暴']]-[total_pages:9]
2026-08-01 00:09:18 - mkk_pika - main.py:49 - INFO - [{'_id': '5c3f3c63faaa1d45af441738', 'title': '第1集', 'order': 1, 'updated_at': '2019-01-16T05:37:58.856Z', 'id': '5c3f3c63faaa1d45af441738'}]
2026-08-01 00:09:18 - mkk_pika - database.py:215 - INFO - 第一次下载该漫画，记录数据库中
2026-08-01 00:09:19 - mkk_pika - main.py:83 - INFO - 找到 9 张图片在:第1集
2026-08-01 00:09:19 - mkk_pika - main.py:112 - INFO - [episode:第1集       ] downloaded:     9, total:   9, progress:100%
2026-08-01 00:09:19 - mkk_pika - database.py:238 - INFO - 数据库更新已下载章节
2026-08-01 00:09:19 - mkk_pika - database.py:244 - INFO - 该漫画已下载章节如下
2026-08-01 00:09:19 - mkk_pika - database.py:245 - INFO - ['第1集']
2026-08-01 00:09:21 - mkk_pika - main.py:348 - INFO - ==================== 漫画信息 ====================
                                   漫画ID：5c3f3c63faaa1d45af441737
                                   标题：吸血鬼ちゃんのおしおきタイム
                                   作者：薄稀
                                   是否完结：是
                                   总页数：9
                                   分类：短篇,非人類,強暴
                                   章节数：1
                                   最后更新时间：2019-01-16T14:14:59.769Z
                                   =================================================
2026-08-01 00:09:21 - mkk_pika - database.py:101 - INFO - 保存成功：吸血鬼ちゃんのおしおきタイム
2026-08-01 00:09:21 - mkk_pika - main.py:35 - INFO - 开始检查生意気ルナちゃん(COMIC LO 2018年11月號)是否存在未下载章节
2026-08-01 00:09:21 - mkk_pika - main.py:45 - INFO - 正在下载:[生意気ルナちゃん(COMIC LO 2018年11月號)]-[あいらんどう]-[['短篇', '妹妹系']]-[total_pages:23]
2026-08-01 00:09:21 - mkk_pika - main.py:49 - INFO - [{'_id': '5f96fb713c3bf61ceee79394', 'title': '第1話', 'order': 1, 'updated_at': '2020-10-26T16:36:28.340Z', 'id': '5f96fb713c3bf61ceee79394'}]
2026-08-01 00:09:21 - mkk_pika - database.py:215 - INFO - 第一次下载该漫画，记录数据库中
2026-08-01 00:09:21 - mkk_pika - main.py:83 - INFO - 找到 23 张图片在:第1話
2026-08-01 00:09:22 - mkk_pika - main.py:112 - INFO - [episode:第1話       ] downloaded:    23, total:  23, progress:100%
2026-08-01 00:09:22 - mkk_pika - database.py:238 - INFO - 数据库更新已下载章节
2026-08-01 00:09:22 - mkk_pika - database.py:244 - INFO - 该漫画已下载章节如下
2026-08-01 00:09:22 - mkk_pika - database.py:245 - INFO - ['第1話']
2026-08-01 00:09:24 - mkk_pika - main.py:348 - INFO - ==================== 漫画信息 ====================
                                   漫画ID：5c3f3cad861d3e6c27ce1a52
                                   标题：生意気ルナちゃん(COMIC LO 2018年11月號)
                                   作者：あいらんどう
                                   是否完结：是
                                   总页数：23
                                   分类：短篇,妹妹系
                                   章节数：1
                                   最后更新时间：2019-01-16T14:16:13.329Z
                                   =================================================
2026-08-01 00:09:24 - mkk_pika - database.py:101 - INFO - 保存成功：生意気ルナちゃん(COMIC LO 2018年11月號)
2026-08-01 00:09:24 - mkk_pika - main.py:35 - INFO - 开始检查こんなことでボクは屈したりしません! (アイドルマ スター シンデレラガールズ)是否存在未下载章节
2026-08-01 00:09:24 - mkk_pika - main.py:45 - INFO - 正在下载:[こんなことでボクは屈したりしません! (アイドルマ スター シンデレラガールズ)]-[Lazy★Lazy (南高春告)]-[['短篇', '同人', '百合花園']]-[total_pages:19]
2026-08-01 00:09:24 - mkk_pika - main.py:49 - INFO - [{'_id': '5c3f3d037cc20645eb062a55', 'title': '第1集', 'order': 1, 'updated_at': '2019-01-16T07:08:34.166Z', 'id': '5c3f3d037cc20645eb062a55'}]
2026-08-01 00:09:24 - mkk_pika - database.py:215 - INFO - 第一次下载该漫画，记录数据库中
2026-08-01 00:09:24 - mkk_pika - main.py:83 - INFO - 找到 19 张图片在:第1集
2026-08-01 00:09:25 - mkk_pika - main.py:112 - INFO - [episode:第1集       ] downloaded:    19, total:  19, progress:100%
2026-08-01 00:09:25 - mkk_pika - database.py:238 - INFO - 数据库更新已下载章节
2026-08-01 00:09:25 - mkk_pika - database.py:244 - INFO - 该漫画已下载章节如下
2026-08-01 00:09:25 - mkk_pika - database.py:245 - INFO - ['第1集']
2026-08-01 00:09:27 - mkk_pika - main.py:348 - INFO - ==================== 漫画信息 ====================
                                   漫画ID：5c3f3d037cc20645eb062a54
                                   标题：こんなことでボクは屈したりしません! (アイドルマ スター シンデレラガールズ)
                                   作者：Lazy★Lazy (南高春告)
                                   是否完结：是
                                   总页数：19
                                   分类：短篇,同人,百合花園
                                   章节数：1
                                   最后更新时间：2019-01-16T14:17:39.587Z
                                   =================================================
2026-08-01 00:09:27 - mkk_pika - database.py:101 - INFO - 保存成功：こんなことでボクは屈したりしません! (アイドルマ スター シンデレラガールズ)
2026-08-01 00:09:27 - mkk_pika - main.py:35 - INFO - 开始检查ルミノシティ18 (よろず)是否存在未下载章节
2026-08-01 00:09:27 - mkk_pika - main.py:45 - INFO - 正在下载:[ルミノシティ18 (よろず)]-[ルミノシティ (かにビーム)]-[['短篇', '同人', '百合花園']]-[total_pages:24]
2026-08-01 00:09:27 - mkk_pika - main.py:49 - INFO - [{'_id': '5c3f3d6ee53650266ff1a54a', 'title': '第1集', 'order': 1, 'updated_at': '2019-01-16T07:31:55.683Z', 'id': '5c3f3d6ee53650266ff1a54a'}]
2026-08-01 00:09:27 - mkk_pika - database.py:215 - INFO - 第一次下载该漫画，记录数据库中
2026-08-01 00:09:27 - mkk_pika - main.py:83 - INFO - 找到 24 张图片在:第1集
2026-08-01 00:09:29 - mkk_pika - main.py:112 - INFO - [episode:第1集       ] downloaded:    24, total:  24, progress:100%
2026-08-01 00:09:29 - mkk_pika - database.py:238 - INFO - 数据库更新已下载章节
2026-08-01 00:09:29 - mkk_pika - database.py:244 - INFO - 该漫画已下载章节如下
2026-08-01 00:09:29 - mkk_pika - database.py:245 - INFO - ['第1集']
2026-08-01 00:09:30 - mkk_pika - main.py:348 - INFO - ==================== 漫画信息 ====================
                                   漫画ID：5c3f3d6ee53650266ff1a549
                                   标题：ルミノシティ18 (よろず)
                                   作者：ルミノシティ (かにビーム)
                                   是否完结：是
                                   总页数：24
                                   分类：短篇,同人,百合花園
                                   章节数：1
                                   最后更新时间：2019-01-16T14:19:26.400Z
                                   =================================================
2026-08-01 00:09:30 - mkk_pika - database.py:101 - INFO - 保存成功：ルミノシティ18 (よろず)
2026-08-01 00:09:30 - mkk_pika - main.py:35 - INFO - 开始检查 キュアップ・ラパパ!脳ミソ壊れちゃえ!(魔法つかいプリキュア!)是否存在未下载章节
2026-08-01 00:09:30 - mkk_pika - main.py:45 - INFO - 正在下载:[ キュアップ・ラパパ!脳ミソ壊れちゃえ!(魔法つかいプリキュア!)]-[コンディメントは8分目 (前島龍)]-[['同人', '短篇']]-[total_pages:31]
2026-08-01 00:09:30 - mkk_pika - main.py:49 - INFO - [{'_id': '5c3f3de900004e6bfca54542', 'title': '第1集', 'order': 1, 'updated_at': '2019-01-16T07:51:16.275Z', 'id': '5c3f3de900004e6bfca54542'}]
2026-08-01 00:09:30 - mkk_pika - database.py:215 - INFO - 第一次下载该漫画，记录数据库中
2026-08-01 00:09:31 - mkk_pika - main.py:83 - INFO - 找到 31 张图片在:第1集
2026-08-01 00:09:32 - mkk_pika - main.py:112 - INFO - [episode:第1集       ] downloaded:    31, total:  31, progress:100%
2026-08-01 00:09:32 - mkk_pika - database.py:238 - INFO - 数据库更新已下载章节
2026-08-01 00:09:32 - mkk_pika - database.py:244 - INFO - 该漫画已下载章节如下
2026-08-01 00:09:32 - mkk_pika - database.py:245 - INFO - ['第1集']
2026-08-01 00:09:34 - mkk_pika - main.py:348 - INFO - ==================== 漫画信息 ====================
                                   漫画ID：5c3f3de900004e6bfca54541
                                   标题： キュアップ・ラパパ!脳ミソ壊れちゃえ!(魔法つかいプリキュア!)
                                   作者：コンディメントは8分目 (前島龍)
                                   是否完结：是
                                   总页数：31
                                   分类：同人,短篇
                                   章节数：1
                                   最后更新时间：2019-01-16T14:21:29.221Z
                                   =================================================
2026-08-01 00:09:34 - mkk_pika - database.py:101 - INFO - 保存成功： キュアップ・ラパパ!脳ミソ壊れちゃえ!(魔法つかいプリキュア!)
2026-08-01 00:09:34 - mkk_pika - main.py:35 - INFO - 开始检查排水ポケット (東方Project)是否存在未下载章节
2026-08-01 00:09:34 - mkk_pika - main.py:45 - INFO - 正在下载:[排水ポケット (東方Project)]-[うぉーたーどろっぷ (MA-SA)]-[['同人', '短篇', '純愛', '東方']]-[total_pages:21]
2026-08-01 00:09:34 - mkk_pika - main.py:49 - INFO - [{'_id': '5c3f3e059be31e0f9990d0d6', 'title': '第1集', 'order': 1, 'updated_at': '2019-01-16T07:58:30.916Z', 'id': '5c3f3e059be31e0f9990d0d6'}]
2026-08-01 00:09:34 - mkk_pika - database.py:215 - INFO - 第一次下载该漫画，记录数据库中
2026-08-01 00:09:34 - mkk_pika - main.py:83 - INFO - 找到 21 张图片在:第1集
2026-08-01 00:09:36 - mkk_pika - main.py:112 - INFO - [episode:第1集       ] downloaded:    21, total:  21, progress:100%
2026-08-01 00:09:36 - mkk_pika - database.py:238 - INFO - 数据库更新已下载章节
2026-08-01 00:09:36 - mkk_pika - database.py:244 - INFO - 该漫画已下载章节如下
2026-08-01 00:09:36 - mkk_pika - database.py:245 - INFO - ['第1集']
2026-08-01 00:09:37 - mkk_pika - main.py:348 - INFO - ==================== 漫画信息 ====================
                                   漫画ID：5c3f3e059be31e0f9990d0d5
                                   标题：排水ポケット (東方Project)
                                   作者：うぉーたーどろっぷ (MA-SA)
                                   是否完结：是
                                   总页数：21
                                   分类：同人,短篇,純愛,東方
                                   章节数：1
                                   最后更新时间：2019-01-16T14:21:57.317Z
                                   =================================================
2026-08-01 00:09:37 - mkk_pika - database.py:101 - INFO - 保存成功：排水ポケット (東方Project)
2026-08-01 00:09:37 - mkk_pika - main.py:35 - INFO - 开始检查あらいめんとゆーゆー是否存在未下载章节
2026-08-01 00:09:37 - mkk_pika - main.py:45 - INFO - 正在下载:[あらいめんとゆーゆー]-[松本ドリル研究所]-[['長篇', '純愛', '扶他樂園', '性轉換', '非人類', '單行本', '強暴']]-[total_pages:200]
2026-08-01 00:09:37 - mkk_pika - main.py:49 - INFO - [{'_id': '5c3f3e65e53650266ff1a56b', 'title': '第1集', 'order': 1, 'updated_at': '2019-01-16T08:49:58.212Z', 'id': '5c3f3e65e53650266ff1a56b'}]
2026-08-01 00:09:37 - mkk_pika - database.py:215 - INFO - 第一次下载该漫画，记录数据库中
2026-08-01 00:09:39 - mkk_pika - main.py:83 - INFO - 找到 200 张图片在:第1集
2026-08-01 00:09:47 - mkk_pika - main.py:112 - INFO - [episode:第1集       ] downloaded:   200, total: 200, progress:100%
2026-08-01 00:09:47 - mkk_pika - database.py:238 - INFO - 数据库更新已下载章节
2026-08-01 00:09:47 - mkk_pika - database.py:244 - INFO - 该漫画已下载章节如下
2026-08-01 00:09:47 - mkk_pika - database.py:245 - INFO - ['第1集']
2026-08-01 00:09:48 - mkk_pika - main.py:348 - INFO - ==================== 漫画信息 ====================
                                   漫画ID：5c3f3e65e53650266ff1a56a
                                   标题：あらいめんとゆーゆー
                                   作者：松本ドリル研究所
                                   是否完结：是
                                   总页数：200
                                   分类：長篇,純愛,扶他樂園,性轉換,非人類,單行本,強暴
                                   章节数：1
                                   最后更新时间：2019-01-16T14:23:33.667Z
                                   =================================================
2026-08-01 00:09:48 - mkk_pika - database.py:101 - INFO - 保存成功：あらいめんとゆーゆー
2026-08-01 00:09:48 - mkk_pika - main.py:35 - INFO - 开始检查 Auguste Temptation是否存在未下载章节
2026-08-01 00:09:49 - mkk_pika - main.py:45 - INFO - 正在下载:[ Auguste Temptation]-[秋風アスパラガス (秋)]-[['短篇', '全彩', '同人', '純愛', '後宮閃光', '碧藍幻想']]-[total_pages:21]
2026-08-01 00:09:49 - mkk_pika - main.py:49 - INFO - [{'_id': '5c3f3f2ee8bb5f0fc5bfb69f', 'title': '第1集', 'order': 1, 'updated_at': '2019-01-16T11:51:39.998Z', 'id': '5c3f3f2ee8bb5f0fc5bfb69f'}]
2026-08-01 00:09:49 - mkk_pika - database.py:215 - INFO - 第一次下载该漫画，记录数据库中
2026-08-01 00:09:49 - mkk_pika - main.py:83 - INFO - 找到 21 张图片在:第1集
2026-08-01 00:09:50 - mkk_pika - main.py:112 - INFO - [episode:第1集       ] downloaded:    21, total:  21, progress:100%
2026-08-01 00:09:50 - mkk_pika - database.py:238 - INFO - 数据库更新已下载章节
2026-08-01 00:09:50 - mkk_pika - database.py:244 - INFO - 该漫画已下载章节如下
2026-08-01 00:09:50 - mkk_pika - database.py:245 - INFO - ['第1集']
2026-08-01 00:09:52 - mkk_pika - main.py:348 - INFO - ==================== 漫画信息 ====================
                                   漫画ID：5c3f3f2ee8bb5f0fc5bfb69e
                                   标题： Auguste Temptation
                                   作者：秋風アスパラガス (秋)
                                   是否完结：是
                                   总页数：21
                                   分类：短篇,全彩,同人,純愛,後宮閃光,碧藍幻想
                                   章节数：1
                                   最后更新时间：2019-01-16T14:26:54.193Z
                                   =================================================
2026-08-01 00:09:52 - mkk_pika - database.py:101 - INFO - 保存成功： Auguste Temptation
2026-08-01 00:09:52 - mkk_pika - main.py:35 - INFO - 开始检查Artist3D - Ishka98是否存在未下载章节
2026-08-01 00:09:52 - mkk_pika - main.py:45 - INFO - 正在下载:[Artist3D - Ishka98]-[Ishka98]-[['同人', '全彩', '長篇']]-[total_pages:197]
2026-08-01 00:09:52 - mkk_pika - main.py:49 - INFO - [{'_id': '5c3f43a7e8bb5f0fc5bfb909', 'title': '第1集', 'order': 1, 'updated_at': '2019-01-16T12:51:01.645Z', 'id': '5c3f43a7e8bb5f0fc5bfb909'}]
2026-08-01 00:09:52 - mkk_pika - database.py:215 - INFO - 第一次下载该漫画，记录数据库中
2026-08-01 00:09:53 - mkk_pika - main.py:83 - INFO - 找到 197 张图片在:第1集
2026-08-01 00:10:01 - mkk_pika - main.py:112 - INFO - [episode:第1集       ] downloaded:   197, total: 197, progress:100%
2026-08-01 00:10:01 - mkk_pika - database.py:238 - INFO - 数据库更新已下载章节
2026-08-01 00:10:01 - mkk_pika - database.py:244 - INFO - 该漫画已下载章节如下
2026-08-01 00:10:01 - mkk_pika - database.py:245 - INFO - ['第1集']
2026-08-01 00:10:02 - mkk_pika - main.py:348 - INFO - ==================== 漫画信息 ====================
                                   漫画ID：5c3f43a7e8bb5f0fc5bfb908
                                   标题：Artist3D - Ishka98
                                   作者：Ishka98
                                   是否完结：否
                                   总页数：197
                                   分类：同人,全彩,長篇
                                   章节数：1
                                   最后更新时间：2019-01-16T14:45:59.379Z
                                   =================================================
2026-08-01 00:10:02 - mkk_pika - database.py:101 - INFO - 保存成功：Artist3D - Ishka98
2026-08-01 00:10:02 - mkk_pika - main.py:35 - INFO - 开始检查マーブルガールズ 閃亮亮的女孩們是否存在未下载章节
2026-08-01 00:10:03 - mkk_pika - main.py:45 - INFO - 正在下载:[マーブルガールズ 閃亮亮的女孩們]-[電気将軍]-[['長篇', '純愛', '單行本', '後宮閃光', '姐姐系', 'SM', '人妻', 'NTR', '強暴', '妹妹系']]-[total_pages:205]
2026-08-01 00:10:03 - mkk_pika - main.py:49 - INFO - [{'_id': '5c3f43c10dae210f91c9ef72', 'title': '閃亮女孩們的單行本', 'order': 1, 'updated_at': '2019-01-10T17:18:29.836Z', 'id': '5c3f43c10dae210f91c9ef72'}]
2026-08-01 00:10:03 - mkk_pika - database.py:215 - INFO - 第一次下载该漫画，记录数据库中
2026-08-01 00:10:04 - mkk_pika - main.py:83 - INFO - 找到 205 张图片在:閃亮女孩們的單行本
2026-08-01 00:10:13 - mkk_pika - main.py:112 - INFO - [episode:閃亮女孩們的單行本 ] downloaded:   205, total: 205, progress:100%
2026-08-01 00:10:13 - mkk_pika - database.py:238 - INFO - 数据库更新已下载章节
2026-08-01 00:10:13 - mkk_pika - database.py:244 - INFO - 该漫画已下载章节如下
2026-08-01 00:10:13 - mkk_pika - database.py:245 - INFO - ['閃亮女孩們的單行本']
2026-08-01 00:10:14 - mkk_pika - main.py:348 - INFO - ==================== 漫画信息 ====================
                                   漫画ID：5c3f43c10dae210f91c9ef71
                                   标题：マーブルガールズ 閃亮亮的女孩們
                                   作者：電気将軍
                                   是否完结：是
                                   总页数：205
                                   分类：長篇,純愛,單行本,後宮閃光,姐姐系,SM,人妻,NTR,強暴,妹妹系
                                   章节数：1
                                   最后更新时间：2019-01-16T14:46:25.448Z
                                   =================================================
2026-08-01 00:10:14 - mkk_pika - database.py:101 - INFO - 保存成功：マーブルガールズ 閃亮亮的女孩們
2026-08-01 00:10:14 - mkk_pika - main.py:35 - INFO - 开始检查それコーヒーだよ二見さん（キミキス 君吻）是否存在未下载章节
2026-08-01 00:10:14 - mkk_pika - main.py:45 - INFO - 正在下载:[それコーヒーだよ二見さん（キミキス 君吻）]-[森井しづき]-[['同人', '短篇', '純愛']]-[total_pages:23]
2026-08-01 00:10:14 - mkk_pika - main.py:49 - INFO - [{'_id': '5c3f440e0dae210f91c9f042', 'title': '第1集', 'order': 1, 'updated_at': '2019-01-15T17:52:46.255Z', 'id': '5c3f440e0dae210f91c9f042'}]
2026-08-01 00:10:14 - mkk_pika - database.py:215 - INFO - 第一次下载该漫画，记录数据库中
2026-08-01 00:10:15 - mkk_pika - main.py:83 - INFO - 找到 23 张图片在:第1集
2026-08-01 00:10:16 - mkk_pika - main.py:112 - INFO - [episode:第1集       ] downloaded:    23, total:  23, progress:100%
2026-08-01 00:10:16 - mkk_pika - database.py:238 - INFO - 数据库更新已下载章节
2026-08-01 00:10:16 - mkk_pika - database.py:244 - INFO - 该漫画已下载章节如下
2026-08-01 00:10:16 - mkk_pika - database.py:245 - INFO - ['第1集']
2026-08-01 00:10:18 - mkk_pika - main.py:348 - INFO - ==================== 漫画信息 ====================
                                   漫画ID：5c3f440e0dae210f91c9f041
                                   标题：それコーヒーだよ二見さん（キミキス 君吻）
                                   作者：森井しづき
                                   是否完结：是
                                   总页数：23
                                   分类：同人,短篇,純愛
                                   章节数：1
                                   最后更新时间：2019-01-16T14:47:42.720Z
                                   =================================================
2026-08-01 00:10:18 - mkk_pika - database.py:101 - INFO - 保存成功：それコーヒーだよ二見さん（キミキス 君吻）
2026-08-01 00:10:18 - mkk_pika - main.py:35 - INFO - 开始检查聖女マルタの全力介抱!?是否存在未下载章节
2026-08-01 00:10:18 - mkk_pika - main.py:45 - INFO - 正在下载:[聖女マルタの全力介抱!?]-[Garimpeiro (まめでんきゅう)]-[['同人', '短篇', 'Fate']]-[total_pages:26]
2026-08-01 00:10:18 - mkk_pika - main.py:49 - INFO - [{'_id': '5c3f4463fed6c445ddd3b94b', 'title': '第1集', 'order': 1, 'updated_at': '2019-01-16T14:39:46.640Z', 'id': '5c3f4463fed6c445ddd3b94b'}]
2026-08-01 00:10:18 - mkk_pika - database.py:215 - INFO - 第一次下载该漫画，记录数据库中
2026-08-01 00:10:18 - mkk_pika - main.py:83 - INFO - 找到 26 张图片在:第1集
2026-08-01 00:10:20 - mkk_pika - main.py:112 - INFO - [episode:第1集       ] downloaded:    26, total:  26, progress:100%
2026-08-01 00:10:20 - mkk_pika - database.py:238 - INFO - 数据库更新已下载章节
2026-08-01 00:10:20 - mkk_pika - database.py:244 - INFO - 该漫画已下载章节如下
2026-08-01 00:10:20 - mkk_pika - database.py:245 - INFO - ['第1集']
2026-08-01 00:10:21 - mkk_pika - main.py:348 - INFO - ==================== 漫画信息 ====================
                                   漫画ID：5c3f4463fed6c445ddd3b94a
                                   标题：聖女マルタの全力介抱!?
                                   作者：Garimpeiro (まめでんきゅう)
                                   是否完结：否
                                   总页数：26
                                   分类：同人,短篇,Fate
                                   章节数：1
                                   最后更新时间：2019-01-16T14:49:07.011Z
                                   =================================================
2026-08-01 00:10:21 - mkk_pika - database.py:101 - INFO - 保存成功：聖女マルタの全力介抱!?
2026-08-01 00:10:21 - mkk_pika - main.py:35 - INFO - 开始检查少女が堕ちる触手の宴是否存在未下载章节
2026-08-01 00:10:21 - mkk_pika - main.py:45 - INFO - 正在下载:[少女が堕ちる触手の宴]-[ふみひろ]-[['長篇', '非人類', '強暴', '單行本']]-[total_pages:173]
2026-08-01 00:10:21 - mkk_pika - main.py:49 - INFO - [{'_id': '5c402365fed6c445ddd3bba7', 'title': '第1集', 'order': 1, 'updated_at': '2019-01-16T14:52:31.623Z', 'id': '5c402365fed6c445ddd3bba7'}]
2026-08-01 00:10:21 - mkk_pika - database.py:215 - INFO - 第一次下载该漫画，记录数据库中
2026-08-01 00:10:23 - mkk_pika - main.py:83 - INFO - 找到 173 张图片在:第1集
2026-08-01 00:10:32 - mkk_pika - main.py:112 - INFO - [episode:第1集       ] downloaded:   173, total: 173, progress:100%
2026-08-01 00:10:32 - mkk_pika - database.py:238 - INFO - 数据库更新已下载章节
2026-08-01 00:10:32 - mkk_pika - database.py:244 - INFO - 该漫画已下载章节如下
2026-08-01 00:10:32 - mkk_pika - database.py:245 - INFO - ['第1集']
2026-08-01 00:10:34 - mkk_pika - main.py:348 - INFO - ==================== 漫画信息 ====================
                                   漫画ID：5c402365fed6c445ddd3bba6
                                   标题：少女が堕ちる触手の宴
                                   作者：ふみひろ
                                   是否完结：是
                                   总页数：173
                                   分类：長篇,非人類,強暴,單行本
                                   章节数：1
                                   最后更新时间：2019-01-17T06:40:37.913Z
                                   =================================================
2026-08-01 00:10:34 - mkk_pika - database.py:101 - INFO - 保存成功：少女が堕ちる触手の宴
2026-08-01 00:10:34 - mkk_pika - main.py:35 - INFO - 开始检查Achromatic Moon03(青春ブタ野郎はバニーガール先輩の夢を見ない)是否存在未下载章节
2026-08-01 00:10:34 - mkk_pika - main.py:45 - INFO - 正在下载:[Achromatic Moon03(青春ブタ野郎はバニーガール先輩の夢を見ない)]-[わつき屋(わつきるみ、結城成)]-[['同人', '足の恋', '姐姐系']]-[total_pages:19]
2026-08-01 00:10:34 - mkk_pika - main.py:49 - INFO - [{'_id': '5c4023dfe8bb5f0fc5bfbc8f', 'title': '第1集', 'order': 1, 'updated_at': '2019-01-16T16:23:25.741Z', 'id': '5c4023dfe8bb5f0fc5bfbc8f'}]
2026-08-01 00:10:34 - mkk_pika - database.py:215 - INFO - 第一次下载该漫画，记录数据库中
2026-08-01 00:10:34 - mkk_pika - main.py:83 - INFO - 找到 22 张图片在:第1集
2026-08-01 00:10:36 - mkk_pika - main.py:112 - INFO - [episode:第1集       ] downloaded:    22, total:  22, progress:100%
2026-08-01 00:10:36 - mkk_pika - database.py:238 - INFO - 数据库更新已下载章节
2026-08-01 00:10:36 - mkk_pika - database.py:244 - INFO - 该漫画已下载章节如下
2026-08-01 00:10:36 - mkk_pika - database.py:245 - INFO - ['第1集']
2026-08-01 00:10:37 - mkk_pika - main.py:348 - INFO - ==================== 漫画信息 ====================
                                   漫画ID：5c4023dfe8bb5f0fc5bfbc8e
                                   标题：Achromatic Moon03(青春ブタ野郎はバニーガール先輩の夢を見ない)
                                   作者：わつき屋(わつきるみ、結城成)
                                   是否完结：是
                                   总页数：19
                                   分类：同人,足の恋,姐姐系
                                   章节数：1
                                   最后更新时间：2019-01-17T06:42:39.189Z
                                   =================================================
2026-08-01 00:10:37 - mkk_pika - database.py:101 - INFO - 保存成功：Achromatic Moon03(青春ブタ野郎はバニーガール先輩の夢を見ない)
2026-08-01 00:10:37 - mkk_pika - main.py:35 - INFO - 开始检查有名キャラ官能小説CG集第273弹！！(俺の妹がこんなに可愛いわけがない)是否存在未下载章节
2026-08-01 00:10:37 - mkk_pika - main.py:45 - INFO - 正在下载:[有名キャラ官能小説CG集第273弹！！(俺の妹がこんなに可愛いわけがない)]-[lolita channel]-[['全彩', '同人']]-[total_pages:11]
2026-08-01 00:10:37 - mkk_pika - main.py:49 - INFO - [{'_id': '5c402551d7df306bf6f73770', 'title': '第1集', 'order': 1, 'updated_at': '2019-01-17T01:56:03.898Z', 'id': '5c402551d7df306bf6f73770'}]
2026-08-01 00:10:37 - mkk_pika - database.py:215 - INFO - 第一次下载该漫画，记录数据库中
2026-08-01 00:10:38 - mkk_pika - main.py:83 - INFO - 找到 11 张图片在:第1集
2026-08-01 00:10:38 - mkk_pika - main.py:112 - INFO - [episode:第1集       ] downloaded:    11, total:  11, progress:100%
2026-08-01 00:10:38 - mkk_pika - database.py:238 - INFO - 数据库更新已下载章节
2026-08-01 00:10:38 - mkk_pika - database.py:244 - INFO - 该漫画已下载章节如下
2026-08-01 00:10:38 - mkk_pika - database.py:245 - INFO - ['第1集']
2026-08-01 00:10:40 - mkk_pika - main.py:348 - INFO - ==================== 漫画信息 ====================
                                   漫画ID：5c402551d7df306bf6f7376f
                                   标题：有名キャラ官能小説CG集第273弹！！(俺の妹がこんなに可愛いわけがない)
                                   作者：lolita channel
                                   是否完结：否
                                   总页数：11
                                   分类：全彩,同人
                                   章节数：1
                                   最后更新时间：2019-01-17T06:48:49.400Z
                                   =================================================
2026-08-01 00:10:40 - mkk_pika - database.py:101 - INFO - 保存成功：有名キャラ官能小説CG集第273弹！！(俺の妹がこんなに可愛いわけがない)
2026-08-01 00:10:40 - mkk_pika - main.py:35 - INFO - 开始检查お兄ちゃんなら…いいよ…？(アズールレーン) 是否存在未下载章节
2026-08-01 00:10:40 - mkk_pika - main.py:45 - INFO - 正在下载:[お兄ちゃんなら…いいよ…？(アズールレーン) ]-[きのこのみ (kino)]-[['同人', '短篇', '妹妹系']]-[total_pages:24]
2026-08-01 00:10:40 - mkk_pika - main.py:49 - INFO - [{'_id': '5c4025fc7f433826425af49e', 'title': '第1集', 'order': 1, 'updated_at': '2019-01-17T02:20:10.113Z', 'id': '5c4025fc7f433826425af49e'}]
2026-08-01 00:10:40 - mkk_pika - database.py:215 - INFO - 第一次下载该漫画，记录数据库中
2026-08-01 00:10:40 - mkk_pika - main.py:83 - INFO - 找到 24 张图片在:第1集
2026-08-01 00:10:42 - mkk_pika - main.py:112 - INFO - [episode:第1集       ] downloaded:    24, total:  24, progress:100%
2026-08-01 00:10:42 - mkk_pika - database.py:238 - INFO - 数据库更新已下载章节
2026-08-01 00:10:42 - mkk_pika - database.py:244 - INFO - 该漫画已下载章节如下
2026-08-01 00:10:42 - mkk_pika - database.py:245 - INFO - ['第1集']
2026-08-01 00:10:43 - mkk_pika - main.py:348 - INFO - ==================== 漫画信息 ====================
                                   漫画ID：5c4025fc7f433826425af49d
                                   标题：お兄ちゃんなら…いいよ…？(アズールレーン) 
                                   作者：きのこのみ (kino)
                                   是否完结：否
                                   总页数：24
                                   分类：同人,短篇,妹妹系
                                   章节数：1
                                   最后更新时间：2019-01-17T06:51:40.301Z
                                   =================================================
2026-08-01 00:10:43 - mkk_pika - database.py:101 - INFO - 保存成功：お兄ちゃんなら…いいよ…？(アズールレーン) 
2026-08-01 00:10:43 - mkk_pika - main.py:35 - INFO - 开始检查メイド学園へようこそ!! 淫女傭的學園歡迎您來!!是否存在未下载章节
2026-08-01 00:10:43 - mkk_pika - main.py:45 - INFO - 正在下载:[メイド学園へようこそ!! 淫女傭的學園歡迎您來!!]-[荒岸来歩]-[['長篇', '後宮閃光']]-[total_pages:200]
2026-08-01 00:10:43 - mkk_pika - main.py:49 - INFO - [{'_id': '5c4026123f6e0f267dd409ef', 'title': '第1集', 'order': 1, 'updated_at': '2019-01-17T02:40:50.096Z', 'id': '5c4026123f6e0f267dd409ef'}]
2026-08-01 00:10:43 - mkk_pika - database.py:215 - INFO - 第一次下载该漫画，记录数据库中
2026-08-01 00:10:45 - mkk_pika - main.py:83 - INFO - 找到 200 张图片在:第1集
2026-08-01 00:10:54 - mkk_pika - main.py:112 - INFO - [episode:第1集       ] downloaded:   200, total: 200, progress:100%
2026-08-01 00:10:54 - mkk_pika - database.py:238 - INFO - 数据库更新已下载章节
2026-08-01 00:10:54 - mkk_pika - database.py:244 - INFO - 该漫画已下载章节如下
2026-08-01 00:10:54 - mkk_pika - database.py:245 - INFO - ['第1集']
2026-08-01 00:10:55 - mkk_pika - main.py:348 - INFO - ==================== 漫画信息 ====================
                                   漫画ID：5c4026123f6e0f267dd409ee
                                   标题：メイド学園へようこそ!! 淫女傭的學園歡迎您來!!
                                   作者：荒岸来歩
                                   是否完结：是
                                   总页数：200
                                   分类：長篇,後宮閃光
                                   章节数：1
                                   最后更新时间：2019-01-17T06:52:02.039Z
                                   =================================================
2026-08-01 00:10:55 - mkk_pika - database.py:101 - INFO - 保存成功：メイド学園へようこそ!! 淫女傭的學園歡迎您來!!
2026-08-01 00:10:55 - mkk_pika - main.py:35 - INFO - 开始检查(C95) 私は令呪なんかに負けないしぜったい母乳も出さないっ!! (Fate/Grand Order)是否存在未下载章节
2026-08-01 00:10:55 - mkk_pika - main.py:45 - INFO - 正在下载:[(C95) 私は令呪なんかに負けないしぜったい母乳も出さないっ!! (Fate/Grand Order)]-[げっしゅ (超絶美少女mine)]-[['短篇', '同人', '純愛', 'Fate']]-[total_pages:27]
2026-08-01 00:10:55 - mkk_pika - main.py:49 - INFO - [{'_id': '5c40262d00004e6bfca54bce', 'title': '第1集', 'order': 1, 'updated_at': '2019-01-17T02:41:20.918Z', 'id': '5c40262d00004e6bfca54bce'}]
2026-08-01 00:10:55 - mkk_pika - database.py:215 - INFO - 第一次下载该漫画，记录数据库中
2026-08-01 00:10:56 - mkk_pika - main.py:83 - INFO - 找到 27 张图片在:第1集
2026-08-01 00:10:57 - mkk_pika - main.py:112 - INFO - [episode:第1集       ] downloaded:    27, total:  27, progress:100%
2026-08-01 00:10:57 - mkk_pika - database.py:238 - INFO - 数据库更新已下载章节
2026-08-01 00:10:57 - mkk_pika - database.py:244 - INFO - 该漫画已下载章节如下
2026-08-01 00:10:57 - mkk_pika - database.py:245 - INFO - ['第1集']
2026-08-01 00:10:58 - mkk_pika - main.py:348 - INFO - ==================== 漫画信息 ====================
                                   漫画ID：5c40262d00004e6bfca54bcd
                                   标题：(C95) 私は令呪なんかに負けないしぜったい母乳も出さないっ!! (Fate/Grand Order)
                                   作者：げっしゅ (超絶美少女mine)
                                   是否完结：是
                                   总页数：27
                                   分类：短篇,同人,純愛,Fate
                                   章节数：1
                                   最后更新时间：2019-01-17T06:52:29.215Z
                                   =================================================
2026-08-01 00:10:58 - mkk_pika - database.py:101 - INFO - 保存成功：(C95) 私は令呪なんかに負けないしぜったい母乳も出さないっ!! (Fate/Grand Order)
2026-08-01 00:10:58 - mkk_pika - main.py:35 - INFO - 开始检查(C95) オサカビッチNTR (Fate/Grand Order)是否存在未下载章节
2026-08-01 00:10:59 - mkk_pika - main.py:45 - INFO - 正在下载:[(C95) オサカビッチNTR (Fate/Grand Order)]-[ヒツジ企画 (むねしろ)]-[['同人', '短篇', 'Fate']]-[total_pages:29]
2026-08-01 00:10:59 - mkk_pika - main.py:49 - INFO - [{'_id': '5c40264600004e6bfca54beb', 'title': '第1集', 'order': 1, 'updated_at': '2019-01-17T02:44:12.562Z', 'id': '5c40264600004e6bfca54beb'}]
2026-08-01 00:10:59 - mkk_pika - database.py:215 - INFO - 第一次下载该漫画，记录数据库中
2026-08-01 00:10:59 - mkk_pika - main.py:83 - INFO - 找到 29 张图片在:第1集
2026-08-01 00:11:01 - mkk_pika - main.py:112 - INFO - [episode:第1集       ] downloaded:    29, total:  29, progress:100%
2026-08-01 00:11:01 - mkk_pika - database.py:238 - INFO - 数据库更新已下载章节
2026-08-01 00:11:01 - mkk_pika - database.py:244 - INFO - 该漫画已下载章节如下
2026-08-01 00:11:01 - mkk_pika - database.py:245 - INFO - ['第1集']
2026-08-01 00:11:02 - mkk_pika - main.py:348 - INFO - ==================== 漫画信息 ====================
                                   漫画ID：5c40264600004e6bfca54bea
                                   标题：(C95) オサカビッチNTR (Fate/Grand Order)
                                   作者：ヒツジ企画 (むねしろ)
                                   是否完结：是
                                   总页数：29
                                   分类：同人,短篇,Fate
                                   章节数：1
                                   最后更新时间：2019-01-17T06:52:54.053Z
                                   =================================================
2026-08-01 00:11:02 - mkk_pika - database.py:101 - INFO - 保存成功：(C95) オサカビッチNTR (Fate/Grand Order)
2026-08-01 00:11:02 - mkk_pika - main.py:35 - INFO - 开始检查(C95) ネトラレノトリコツズキ是否存在未下载章节
2026-08-01 00:11:02 - mkk_pika - main.py:45 - INFO - 正在下载:[(C95) ネトラレノトリコツズキ]-[彩～IRODORI～ (SOYOSOYO)]-[['短篇', 'NTR']]-[total_pages:39]
2026-08-01 00:11:02 - mkk_pika - main.py:49 - INFO - [{'_id': '5c40265b9d789e6c3cc94f05', 'title': '第1集', 'order': 1, 'updated_at': '2019-01-17T02:51:50.849Z', 'id': '5c40265b9d789e6c3cc94f05'}]
2026-08-01 00:11:02 - mkk_pika - database.py:215 - INFO - 第一次下载该漫画，记录数据库中
2026-08-01 00:11:03 - mkk_pika - main.py:83 - INFO - 找到 39 张图片在:第1集
2026-08-01 00:11:04 - mkk_pika - main.py:112 - INFO - [episode:第1集       ] downloaded:    39, total:  39, progress:100%
2026-08-01 00:11:04 - mkk_pika - database.py:238 - INFO - 数据库更新已下载章节
2026-08-01 00:11:04 - mkk_pika - database.py:244 - INFO - 该漫画已下载章节如下
2026-08-01 00:11:04 - mkk_pika - database.py:245 - INFO - ['第1集']
2026-08-01 00:11:06 - mkk_pika - main.py:348 - INFO - ==================== 漫画信息 ====================
                                   漫画ID：5c40265b9d789e6c3cc94f04
                                   标题：(C95) ネトラレノトリコツズキ
                                   作者：彩～IRODORI～ (SOYOSOYO)
                                   是否完结：是
                                   总页数：39
                                   分类：短篇,NTR
                                   章节数：1
                                   最后更新时间：2019-01-17T06:53:15.985Z
                                   =================================================
2026-08-01 00:11:06 - mkk_pika - database.py:101 - INFO - 保存成功：(C95) ネトラレノトリコツズキ
2026-08-01 00:11:06 - mkk_pika - main.py:35 - INFO - 开始检查魔肉の恥辱 (対魔忍ユキカゼ) 是否存在未下载章节
2026-08-01 00:11:06 - mkk_pika - main.py:45 - INFO - 正在下载:[魔肉の恥辱 (対魔忍ユキカゼ) ]-[マロン工房 (魔龍)]-[['同人', '短篇']]-[total_pages:55]
2026-08-01 00:11:06 - mkk_pika - main.py:49 - INFO - [{'_id': '5baf49fd780b484ae9eede5f', 'title': '第1集', 'order': 1, 'updated_at': '2018-09-15T06:26:44.015Z', 'id': '5baf49fd780b484ae9eede5f'}, {'_id': '5c4027377f433826425af4bb', 'title': '汉化', 'order': 2, 'updated_at': '2019-01-17T02:57:09.252Z', 'id': '5c4027377f433826425af4bb'}]
2026-08-01 00:11:06 - mkk_pika - database.py:215 - INFO - 第一次下载该漫画，记录数据库中
2026-08-01 00:11:06 - mkk_pika - main.py:83 - INFO - 找到 25 张图片在:第1集
2026-08-01 00:11:08 - mkk_pika - main.py:112 - INFO - [episode:第1集       ] downloaded:    25, total:  25, progress:100%
2026-08-01 00:11:08 - mkk_pika - database.py:238 - INFO - 数据库更新已下载章节
2026-08-01 00:11:08 - mkk_pika - database.py:244 - INFO - 该漫画已下载章节如下
2026-08-01 00:11:08 - mkk_pika - database.py:245 - INFO - ['第1集']
2026-08-01 00:11:09 - mkk_pika - main.py:83 - INFO - 找到 30 张图片在:汉化
2026-08-01 00:11:10 - mkk_pika - main.py:112 - INFO - [episode:汉化        ] downloaded:    30, total:  30, progress:100%
2026-08-01 00:11:10 - mkk_pika - database.py:238 - INFO - 数据库更新已下载章节
2026-08-01 00:11:10 - mkk_pika - database.py:244 - INFO - 该漫画已下载章节如下
2026-08-01 00:11:10 - mkk_pika - database.py:245 - INFO - ['第1集', '汉化']
2026-08-01 00:11:12 - mkk_pika - main.py:348 - INFO - ==================== 漫画信息 ====================
                                   漫画ID：5baf49fd780b484ae9eede5e
                                   标题：魔肉の恥辱 (対魔忍ユキカゼ) 
                                   作者：マロン工房 (魔龍)
                                   是否完结：是
                                   总页数：55
                                   分类：同人,短篇
                                   章节数：2
                                   最后更新时间：2019-01-17T06:56:55.956Z
                                   =================================================
2026-08-01 00:11:12 - mkk_pika - database.py:101 - INFO - 保存成功：魔肉の恥辱 (対魔忍ユキカゼ) 
2026-08-01 00:11:12 - mkk_pika - main.py:35 - INFO - 开始检查(C95) 緒尻さんの尻穴自慰記録是否存在未下载章节
2026-08-01 00:11:12 - mkk_pika - main.py:45 - INFO - 正在下载:[(C95) 緒尻さんの尻穴自慰記録]-[石村屋 (いしむら)]-[['短篇']]-[total_pages:36]
2026-08-01 00:11:12 - mkk_pika - main.py:49 - INFO - [{'_id': '5c40274f7f433826425af4dc', 'title': '第1集', 'order': 1, 'updated_at': '2019-01-17T03:00:43.760Z', 'id': '5c40274f7f433826425af4dc'}]
2026-08-01 00:11:12 - mkk_pika - database.py:215 - INFO - 第一次下载该漫画，记录数据库中
2026-08-01 00:11:12 - mkk_pika - main.py:83 - INFO - 找到 36 张图片在:第1集
2026-08-01 00:11:14 - mkk_pika - main.py:112 - INFO - [episode:第1集       ] downloaded:    36, total:  36, progress:100%
2026-08-01 00:11:14 - mkk_pika - database.py:238 - INFO - 数据库更新已下载章节
2026-08-01 00:11:14 - mkk_pika - database.py:244 - INFO - 该漫画已下载章节如下
2026-08-01 00:11:14 - mkk_pika - database.py:245 - INFO - ['第1集']
2026-08-01 00:11:15 - mkk_pika - main.py:348 - INFO - ==================== 漫画信息 ====================
                                   漫画ID：5c40274f7f433826425af4db
                                   标题：(C95) 緒尻さんの尻穴自慰記録
                                   作者：石村屋 (いしむら)
                                   是否完结：是
                                   总页数：36
                                   分类：短篇
                                   章节数：1
                                   最后更新时间：2019-01-17T06:57:19.005Z
                                   =================================================
2026-08-01 00:11:15 - mkk_pika - database.py:101 - INFO - 保存成功：(C95) 緒尻さんの尻穴自慰記録
2026-08-01 00:11:15 - mkk_pika - main.py:35 - INFO - 开始检查(C95) 魔女のクリスマス感謝祭 (Fate/Grand Order) 是否存在未下载章节
2026-08-01 00:11:16 - mkk_pika - main.py:45 - INFO - 正在下载:[(C95) 魔女のクリスマス感謝祭 (Fate/Grand Order) ]-[ウサギBOSS (神奈弥莎)]-[['同人', '短篇', '全彩', 'Fate']]-[total_pages:20]
2026-08-01 00:11:16 - mkk_pika - main.py:49 - INFO - [{'_id': '5c4027679d789e6c3cc94f4e', 'title': '第1集', 'order': 1, 'updated_at': '2019-01-17T03:04:48.838Z', 'id': '5c4027679d789e6c3cc94f4e'}]
2026-08-01 00:11:16 - mkk_pika - database.py:215 - INFO - 第一次下载该漫画，记录数据库中
2026-08-01 00:11:16 - mkk_pika - main.py:83 - INFO - 找到 20 张图片在:第1集
2026-08-01 00:11:17 - mkk_pika - main.py:112 - INFO - [episode:第1集       ] downloaded:    20, total:  20, progress:100%
2026-08-01 00:11:17 - mkk_pika - database.py:238 - INFO - 数据库更新已下载章节
2026-08-01 00:11:17 - mkk_pika - database.py:244 - INFO - 该漫画已下载章节如下
2026-08-01 00:11:17 - mkk_pika - database.py:245 - INFO - ['第1集']
2026-08-01 00:11:18 - mkk_pika - main.py:348 - INFO - ==================== 漫画信息 ====================
                                   漫画ID：5c4027679d789e6c3cc94f4d
                                   标题：(C95) 魔女のクリスマス感謝祭 (Fate/Grand Order) 
                                   作者：ウサギBOSS (神奈弥莎)
                                   是否完结：是
                                   总页数：20
                                   分类：同人,短篇,全彩,Fate
                                   章节数：1
                                   最后更新时间：2019-01-17T06:57:43.357Z
                                   =================================================
2026-08-01 00:11:18 - mkk_pika - database.py:101 - INFO - 保存成功：(C95) 魔女のクリスマス感謝祭 (Fate/Grand Order) 
2026-08-01 00:11:18 - mkk_pika - main.py:35 - INFO - 开始检查すきあつめ~是否存在未下载章节
2026-08-01 00:11:19 - mkk_pika - main.py:45 - INFO - 正在下载:[すきあつめ~]-[うえかん]-[['長篇', '純愛']]-[total_pages:205]
2026-08-01 00:11:19 - mkk_pika - main.py:49 - INFO - [{'_id': '5c4027a48f20d60fd1326bf2', 'title': '第1集', 'order': 1, 'updated_at': '2019-01-17T14:40:07.247Z', 'id': '5c4027a48f20d60fd1326bf2'}]
2026-08-01 00:11:19 - mkk_pika - database.py:215 - INFO - 第一次下载该漫画，记录数据库中
2026-08-01 00:11:20 - mkk_pika - main.py:83 - INFO - 找到 211 张图片在:第1集
2026-08-01 00:11:29 - mkk_pika - main.py:112 - INFO - [episode:第1集       ] downloaded:   211, total: 211, progress:100%
2026-08-01 00:11:29 - mkk_pika - database.py:238 - INFO - 数据库更新已下载章节
2026-08-01 00:11:29 - mkk_pika - database.py:244 - INFO - 该漫画已下载章节如下
2026-08-01 00:11:29 - mkk_pika - database.py:245 - INFO - ['第1集']
2026-08-01 00:11:30 - mkk_pika - main.py:348 - INFO - ==================== 漫画信息 ====================
                                   漫画ID：5c4027a48f20d60fd1326bf1
                                   标题：すきあつめ~
                                   作者：うえかん
                                   是否完结：否
                                   总页数：205
                                   分类：長篇,純愛
                                   章节数：1
                                   最后更新时间：2019-01-17T06:58:44.846Z
                                   =================================================
2026-08-01 00:11:30 - mkk_pika - database.py:101 - INFO - 保存成功：すきあつめ~
2026-08-01 00:11:30 - mkk_pika - main.py:35 - INFO - 开始检查 (C95)Smile for you.(ラブライブ!)是否存在未下载章节
2026-08-01 00:11:30 - mkk_pika - main.py:45 - INFO - 正在下载:[ (C95)Smile for you.(ラブライブ!)]-[くそざこなめこ (しょうろんぽぴー)]-[['短篇', '同人', '純愛', 'Love Live']]-[total_pages:51]
2026-08-01 00:11:30 - mkk_pika - main.py:49 - INFO - [{'_id': '5c402837861d3e6c27ce215c', 'title': '第1集', 'order': 1, 'updated_at': '2019-01-17T04:09:12.438Z', 'id': '5c402837861d3e6c27ce215c'}]
2026-08-01 00:11:30 - mkk_pika - database.py:215 - INFO - 第一次下载该漫画，记录数据库中
2026-08-01 00:11:31 - mkk_pika - main.py:83 - INFO - 找到 51 张图片在:第1集
2026-08-01 00:11:34 - mkk_pika - main.py:112 - INFO - [episode:第1集       ] downloaded:    51, total:  51, progress:100%
2026-08-01 00:11:34 - mkk_pika - database.py:238 - INFO - 数据库更新已下载章节
2026-08-01 00:11:34 - mkk_pika - database.py:244 - INFO - 该漫画已下载章节如下
2026-08-01 00:11:34 - mkk_pika - database.py:245 - INFO - ['第1集']
2026-08-01 00:11:35 - mkk_pika - main.py:348 - INFO - ==================== 漫画信息 ====================
                                   漫画ID：5c402837861d3e6c27ce215b
                                   标题： (C95)Smile for you.(ラブライブ!)
                                   作者：くそざこなめこ (しょうろんぽぴー)
                                   是否完结：是
                                   总页数：51
                                   分类：短篇,同人,純愛,Love Live
                                   章节数：1
                                   最后更新时间：2019-01-17T07:01:11.120Z
                                   =================================================
2026-08-01 00:11:35 - mkk_pika - database.py:101 - INFO - 保存成功： (C95)Smile for you.(ラブライブ!)
2026-08-01 00:11:35 - mkk_pika - main.py:35 - INFO - 开始检查伝説の本 (甲骨文&小篆翻譯版)是否存在未下载章节
2026-08-01 00:11:35 - mkk_pika - main.py:45 - INFO - 正在下载:[伝説の本 (甲骨文&小篆翻譯版)]-[カラスちゃん (カラスちゃん)]-[['同人']]-[total_pages:28]
2026-08-01 00:11:35 - mkk_pika - main.py:49 - INFO - [{'_id': '5c402a11861d3e6c27ce21b0', 'title': '第1集', 'order': 1, 'updated_at': '2019-01-17T05:32:34.096Z', 'id': '5c402a11861d3e6c27ce21b0'}]
2026-08-01 00:11:35 - mkk_pika - database.py:215 - INFO - 第一次下载该漫画，记录数据库中
2026-08-01 00:11:36 - mkk_pika - main.py:83 - INFO - 找到 28 张图片在:第1集
2026-08-01 00:11:37 - mkk_pika - main.py:112 - INFO - [episode:第1集       ] downloaded:    28, total:  28, progress:100%
2026-08-01 00:11:37 - mkk_pika - database.py:238 - INFO - 数据库更新已下载章节
2026-08-01 00:11:37 - mkk_pika - database.py:244 - INFO - 该漫画已下载章节如下
2026-08-01 00:11:37 - mkk_pika - database.py:245 - INFO - ['第1集']
2026-08-01 00:11:38 - mkk_pika - main.py:348 - INFO - ==================== 漫画信息 ====================
                                   漫画ID：5c402a11861d3e6c27ce21af
                                   标题：伝説の本 (甲骨文&小篆翻譯版)
                                   作者：カラスちゃん (カラスちゃん)
                                   是否完结：否
                                   总页数：28
                                   分类：同人
                                   章节数：1
                                   最后更新时间：2019-01-17T07:09:05.536Z
                                   =================================================
2026-08-01 00:11:38 - mkk_pika - database.py:101 - INFO - 保存成功：伝説の本 (甲骨文&小篆翻譯版)
2026-08-01 00:11:38 - mkk_pika - main.py:35 - INFO - 开始检查(秋季例大祭5) 時間停止東風谷早苗陵辱 (東方Project)是否存在未下载章节
2026-08-01 00:11:38 - mkk_pika - main.py:45 - INFO - 正在下载:[(秋季例大祭5) 時間停止東風谷早苗陵辱 (東方Project)]-[かうすしあん (やまいそ)]-[['短篇', '東方']]-[total_pages:26]
2026-08-01 00:11:38 - mkk_pika - main.py:49 - INFO - [{'_id': '5c402a2efed6c445ddd3bc6c', 'title': '第1集', 'order': 1, 'updated_at': '2019-01-17T06:39:08.413Z', 'id': '5c402a2efed6c445ddd3bc6c'}]
2026-08-01 00:11:38 - mkk_pika - database.py:215 - INFO - 第一次下载该漫画，记录数据库中
2026-08-01 00:11:39 - mkk_pika - main.py:83 - INFO - 找到 26 张图片在:第1集
2026-08-01 00:11:40 - mkk_pika - main.py:112 - INFO - [episode:第1集       ] downloaded:    26, total:  26, progress:100%
2026-08-01 00:11:40 - mkk_pika - database.py:238 - INFO - 数据库更新已下载章节
2026-08-01 00:11:40 - mkk_pika - database.py:244 - INFO - 该漫画已下载章节如下
2026-08-01 00:11:40 - mkk_pika - database.py:245 - INFO - ['第1集']
2026-08-01 00:11:41 - mkk_pika - main.py:348 - INFO - ==================== 漫画信息 ====================
                                   漫画ID：5c402a2efed6c445ddd3bc6b
                                   标题：(秋季例大祭5) 時間停止東風谷早苗陵辱 (東方Project)
                                   作者：かうすしあん (やまいそ)
                                   是否完结：是
                                   总页数：26
                                   分类：短篇,東方
                                   章节数：1
                                   最后更新时间：2019-01-17T07:09:34.418Z
                                   =================================================
2026-08-01 00:11:41 - mkk_pika - database.py:101 - INFO - 保存成功：(秋季例大祭5) 時間停止東風谷早苗陵辱 (東方Project)
2026-08-01 00:11:41 - mkk_pika - main.py:35 - INFO - 开始检查C95ちっちゃい提督は苦労がたえない!(艦隊これくしょん -艦これ-)是否存在未下载章节
2026-08-01 00:11:41 - mkk_pika - main.py:45 - INFO - 正在下载:[C95ちっちゃい提督は苦労がたえない!(艦隊これくしょん -艦これ-)]-[ねこすのすみか (ねこす)]-[['同人', '短篇', '後宮閃光', '艦隊收藏']]-[total_pages:35]
2026-08-01 00:11:41 - mkk_pika - main.py:49 - INFO - [{'_id': '5c40937400004e6bfca5520c', 'title': '第1集', 'order': 1, 'updated_at': '2019-01-17T07:30:49.844Z', 'id': '5c40937400004e6bfca5520c'}]
2026-08-01 00:11:41 - mkk_pika - database.py:215 - INFO - 第一次下载该漫画，记录数据库中
2026-08-01 00:11:42 - mkk_pika - main.py:83 - INFO - 找到 35 张图片在:第1集
2026-08-01 00:11:43 - mkk_pika - main.py:112 - INFO - [episode:第1集       ] downloaded:    35, total:  35, progress:100%
2026-08-01 00:11:43 - mkk_pika - database.py:238 - INFO - 数据库更新已下载章节
2026-08-01 00:11:43 - mkk_pika - database.py:244 - INFO - 该漫画已下载章节如下
2026-08-01 00:11:43 - mkk_pika - database.py:245 - INFO - ['第1集']
2026-08-01 00:11:45 - mkk_pika - main.py:348 - INFO - ==================== 漫画信息 ====================
                                   漫画ID：5c40937400004e6bfca5520b
                                   标题：C95ちっちゃい提督は苦労がたえない!(艦隊これくしょん -艦これ-)
                                   作者：ねこすのすみか (ねこす)
                                   是否完结：是
                                   总页数：35
                                   分类：同人,短篇,後宮閃光,艦隊收藏
                                   章节数：1
                                   最后更新时间：2019-01-17T14:38:44.662Z
                                   =================================================
2026-08-01 00:11:45 - mkk_pika - database.py:101 - INFO - 保存成功：C95ちっちゃい提督は苦労がたえない!(艦隊これくしょん -艦これ-)
2026-08-01 00:11:45 - mkk_pika - main.py:35 - INFO - 开始检查マンダレイに筆卸ししてもらう本是否存在未下载章节
2026-08-01 00:11:45 - mkk_pika - main.py:45 - INFO - 正在下载:[マンダレイに筆卸ししてもらう本]-[crossray (大森誠)]-[['同人', '短篇', '純愛']]-[total_pages:37]
2026-08-01 00:11:45 - mkk_pika - main.py:49 - INFO - [{'_id': '5c409387861d3e6c27ce251c', 'title': '第1集', 'order': 1, 'updated_at': '2019-01-17T08:44:58.867Z', 'id': '5c409387861d3e6c27ce251c'}]
2026-08-01 00:11:45 - mkk_pika - database.py:215 - INFO - 第一次下载该漫画，记录数据库中
2026-08-01 00:11:45 - mkk_pika - main.py:83 - INFO - 找到 37 张图片在:第1集
2026-08-01 00:11:47 - mkk_pika - main.py:112 - INFO - [episode:第1集       ] downloaded:    37, total:  37, progress:100%
2026-08-01 00:11:47 - mkk_pika - database.py:238 - INFO - 数据库更新已下载章节
2026-08-01 00:11:47 - mkk_pika - database.py:244 - INFO - 该漫画已下载章节如下
2026-08-01 00:11:47 - mkk_pika - database.py:245 - INFO - ['第1集']
2026-08-01 00:11:49 - mkk_pika - main.py:348 - INFO - ==================== 漫画信息 ====================
                                   漫画ID：5c409387861d3e6c27ce251b
                                   标题：マンダレイに筆卸ししてもらう本
                                   作者：crossray (大森誠)
                                   是否完结：是
                                   总页数：37
                                   分类：同人,短篇,純愛
                                   章节数：1
                                   最后更新时间：2019-01-17T14:39:03.592Z
                                   =================================================
2026-08-01 00:11:49 - mkk_pika - database.py:101 - INFO - 保存成功：マンダレイに筆卸ししてもらう本
2026-08-01 00:11:49 - mkk_pika - main.py:35 - INFO - 开始检查鈴谷とどうする？ナニしちゃう？11 (艦隊これくしょん -艦これ-)是否存在未下载章节
2026-08-01 00:11:49 - mkk_pika - main.py:45 - INFO - 正在下载:[鈴谷とどうする？ナニしちゃう？11 (艦隊これくしょん -艦これ-)]-[フルーツジャム (水鏡想)]-[['同人', '短篇', '純愛', '艦隊收藏']]-[total_pages:20]
2026-08-01 00:11:49 - mkk_pika - main.py:49 - INFO - [{'_id': '5c4093bd9d789e6c3cc95387', 'title': '第1集', 'order': 1, 'updated_at': '2019-01-17T09:07:35.183Z', 'id': '5c4093bd9d789e6c3cc95387'}]
2026-08-01 00:11:49 - mkk_pika - database.py:215 - INFO - 第一次下载该漫画，记录数据库中
2026-08-01 00:11:49 - mkk_pika - main.py:83 - INFO - 找到 20 张图片在:第1集
2026-08-01 00:11:51 - mkk_pika - main.py:112 - INFO - [episode:第1集       ] downloaded:    20, total:  20, progress:100%
2026-08-01 00:11:51 - mkk_pika - database.py:238 - INFO - 数据库更新已下载章节
2026-08-01 00:11:51 - mkk_pika - database.py:244 - INFO - 该漫画已下载章节如下
2026-08-01 00:11:51 - mkk_pika - database.py:245 - INFO - ['第1集']
2026-08-01 00:11:52 - mkk_pika - main.py:348 - INFO - ==================== 漫画信息 ====================
                                   漫画ID：5c4093bd9d789e6c3cc95386
                                   标题：鈴谷とどうする？ナニしちゃう？11 (艦隊これくしょん -艦これ-)
                                   作者：フルーツジャム (水鏡想)
                                   是否完结：是
                                   总页数：20
                                   分类：同人,短篇,純愛,艦隊收藏
                                   章节数：1
                                   最后更新时间：2019-01-17T14:39:57.743Z
                                   =================================================
2026-08-01 00:11:52 - mkk_pika - database.py:101 - INFO - 保存成功：鈴谷とどうする？ナニしちゃう？11 (艦隊これくしょん -艦これ-)
2026-08-01 00:11:52 - mkk_pika - main.py:35 - INFO - 开始检查 おいでよ! 水龍敬ランド the 7th Day是否存在未下载章节
2026-08-01 00:11:52 - mkk_pika - main.py:45 - INFO - 正在下载:[ おいでよ! 水龍敬ランド the 7th Day]-[ありすの宝箱 (水龍敬)]-[['短篇', '後宮閃光']]-[total_pages:43]
2026-08-01 00:11:52 - mkk_pika - main.py:49 - INFO - [{'_id': '5c4094c53f6e0f267dd40cb6', 'title': '第1集', 'order': 1, 'updated_at': '2019-01-17T10:00:26.155Z', 'id': '5c4094c53f6e0f267dd40cb6'}]
2026-08-01 00:11:52 - mkk_pika - database.py:215 - INFO - 第一次下载该漫画，记录数据库中
2026-08-01 00:11:53 - mkk_pika - main.py:83 - INFO - 找到 43 张图片在:第1集
2026-08-01 00:11:55 - mkk_pika - main.py:112 - INFO - [episode:第1集       ] downloaded:    43, total:  43, progress:100%
2026-08-01 00:11:55 - mkk_pika - database.py:238 - INFO - 数据库更新已下载章节
2026-08-01 00:11:55 - mkk_pika - database.py:244 - INFO - 该漫画已下载章节如下
2026-08-01 00:11:55 - mkk_pika - database.py:245 - INFO - ['第1集']
2026-08-01 00:11:56 - mkk_pika - main.py:348 - INFO - ==================== 漫画信息 ====================
                                   漫画ID：5c4094c53f6e0f267dd40cb5
                                   标题： おいでよ! 水龍敬ランド the 7th Day
                                   作者：ありすの宝箱 (水龍敬)
                                   是否完结：是
                                   总页数：43
                                   分类：短篇,後宮閃光
                                   章节数：1
                                   最后更新时间：2019-01-17T14:44:21.004Z
                                   =================================================
2026-08-01 00:11:56 - mkk_pika - database.py:101 - INFO - 保存成功： おいでよ! 水龍敬ランド the 7th Day
2026-08-01 00:11:56 - mkk_pika - main.py:35 - INFO - 开始检查無口な彼女是否存在未下载章节
2026-08-01 00:11:57 - mkk_pika - main.py:45 - INFO - 正在下载:[無口な彼女]-[きょくちょ]-[['短篇', '純愛']]-[total_pages:25]
2026-08-01 00:11:57 - mkk_pika - main.py:49 - INFO - [{'_id': '5c40950d7f433826425af7f4', 'title': '第1集', 'order': 1, 'updated_at': '2019-01-17T10:56:13.415Z', 'id': '5c40950d7f433826425af7f4'}]
2026-08-01 00:11:57 - mkk_pika - database.py:215 - INFO - 第一次下载该漫画，记录数据库中
2026-08-01 00:11:57 - mkk_pika - main.py:83 - INFO - 找到 25 张图片在:第1集
2026-08-01 00:11:58 - mkk_pika - main.py:112 - INFO - [episode:第1集       ] downloaded:    25, total:  25, progress:100%
2026-08-01 00:11:58 - mkk_pika - database.py:238 - INFO - 数据库更新已下载章节
2026-08-01 00:11:58 - mkk_pika - database.py:244 - INFO - 该漫画已下载章节如下
2026-08-01 00:11:58 - mkk_pika - database.py:245 - INFO - ['第1集']
2026-08-01 00:11:59 - mkk_pika - main.py:348 - INFO - ==================== 漫画信息 ====================
                                   漫画ID：5c40950d7f433826425af7f3
                                   标题：無口な彼女
                                   作者：きょくちょ
                                   是否完结：否
                                   总页数：25
                                   分类：短篇,純愛
                                   章节数：1
                                   最后更新时间：2019-01-17T14:45:33.953Z
                                   =================================================
2026-08-01 00:11:59 - mkk_pika - database.py:101 - INFO - 保存成功：無口な彼女
2026-08-01 00:11:59 - mkk_pika - main.py:35 - INFO - 开始检查ヲタ子さん（ほか） 御宅子小姐是否存在未下载章节
2026-08-01 00:11:59 - mkk_pika - main.py:45 - INFO - 正在下载:[ヲタ子さん（ほか） 御宅子小姐]-[Ash横島]-[['長篇', '純愛', '單行本', '姐姐系', '妹妹系', 'SM', '後宮閃光']]-[total_pages:208]
2026-08-01 00:11:59 - mkk_pika - main.py:49 - INFO - [{'_id': '5c4095a08f20d60fd1326e96', 'title': '淫靡女孩的單行本', 'order': 1, 'updated_at': '2019-01-10T16:26:16.656Z', 'id': '5c4095a08f20d60fd1326e96'}]
2026-08-01 00:11:59 - mkk_pika - database.py:215 - INFO - 第一次下载该漫画，记录数据库中
2026-08-01 00:12:01 - mkk_pika - main.py:83 - INFO - 找到 208 张图片在:淫靡女孩的單行本
2026-08-01 00:12:10 - mkk_pika - main.py:112 - INFO - [episode:淫靡女孩的單行本  ] downloaded:   208, total: 208, progress:100%
2026-08-01 00:12:10 - mkk_pika - database.py:238 - INFO - 数据库更新已下载章节
2026-08-01 00:12:10 - mkk_pika - database.py:244 - INFO - 该漫画已下载章节如下
2026-08-01 00:12:10 - mkk_pika - database.py:245 - INFO - ['淫靡女孩的單行本']
2026-08-01 00:12:11 - mkk_pika - main.py:348 - INFO - ==================== 漫画信息 ====================
                                   漫画ID：5c4095a08f20d60fd1326e95
                                   标题：ヲタ子さん（ほか） 御宅子小姐
                                   作者：Ash横島
                                   是否完结：是
                                   总页数：208
                                   分类：長篇,純愛,單行本,姐姐系,妹妹系,SM,後宮閃光
                                   章节数：1
                                   最后更新时间：2019-01-17T14:48:00.632Z
                                   =================================================
2026-08-01 00:12:11 - mkk_pika - database.py:101 - INFO - 保存成功：ヲタ子さん（ほか） 御宅子小姐
2026-08-01 00:12:11 - mkk_pika - main.py:35 - INFO - 开始检查アミアゲ是否存在未下载章节
2026-08-01 00:12:12 - mkk_pika - main.py:45 - INFO - 正在下载:[アミアゲ]-[フトコロガタナ]-[['短篇', '純愛', 'SM', '姐姐系', '足の恋']]-[total_pages:36]
2026-08-01 00:12:12 - mkk_pika - main.py:49 - INFO - [{'_id': '5c4095ad4e6512263a905823', 'title': '第1集', 'order': 1, 'updated_at': '2019-01-17T11:17:17.519Z', 'id': '5c4095ad4e6512263a905823'}]
2026-08-01 00:12:12 - mkk_pika - database.py:215 - INFO - 第一次下载该漫画，记录数据库中
2026-08-01 00:12:12 - mkk_pika - main.py:83 - INFO - 找到 36 张图片在:第1集
2026-08-01 00:12:14 - mkk_pika - main.py:112 - INFO - [episode:第1集       ] downloaded:    36, total:  36, progress:100%
2026-08-01 00:12:14 - mkk_pika - database.py:238 - INFO - 数据库更新已下载章节
2026-08-01 00:12:14 - mkk_pika - database.py:244 - INFO - 该漫画已下载章节如下
2026-08-01 00:12:14 - mkk_pika - database.py:245 - INFO - ['第1集']
2026-08-01 00:12:15 - mkk_pika - main.py:348 - INFO - ==================== 漫画信息 ====================
                                   漫画ID：5c4095ad4e6512263a905822
                                   标题：アミアゲ
                                   作者：フトコロガタナ
                                   是否完结：否
                                   总页数：36
                                   分类：短篇,純愛,SM,姐姐系,足の恋
                                   章节数：1
                                   最后更新时间：2019-01-17T14:48:13.763Z
                                   =================================================
2026-08-01 00:12:15 - mkk_pika - database.py:101 - INFO - 保存成功：アミアゲ
2026-08-01 00:12:15 - mkk_pika - main.py:35 - INFO - 开始检查メロンが超振動!R13是否存在未下载章节
2026-08-01 00:12:15 - mkk_pika - main.py:45 - INFO - 正在下载:[メロンが超振動!R13]-[valssu (茶琉)]-[['同人', '短篇']]-[total_pages:66]
2026-08-01 00:12:15 - mkk_pika - main.py:49 - INFO - [{'_id': '5c4095e39be31e0f9990d6bc', 'title': '第1集', 'order': 1, 'updated_at': '2019-01-17T12:04:37.337Z', 'id': '5c4095e39be31e0f9990d6bc'}]
2026-08-01 00:12:15 - mkk_pika - database.py:215 - INFO - 第一次下载该漫画，记录数据库中
2026-08-01 00:12:16 - mkk_pika - main.py:83 - INFO - 找到 66 张图片在:第1集
2026-08-01 00:12:19 - mkk_pika - main.py:112 - INFO - [episode:第1集       ] downloaded:    66, total:  66, progress:100%
2026-08-01 00:12:19 - mkk_pika - database.py:238 - INFO - 数据库更新已下载章节
2026-08-01 00:12:19 - mkk_pika - database.py:244 - INFO - 该漫画已下载章节如下
2026-08-01 00:12:19 - mkk_pika - database.py:245 - INFO - ['第1集']
2026-08-01 00:12:20 - mkk_pika - main.py:348 - INFO - ==================== 漫画信息 ====================
                                   漫画ID：5c4095e39be31e0f9990d6bb
                                   标题：メロンが超振動!R13
                                   作者：valssu (茶琉)
                                   是否完结：否
                                   总页数：66
                                   分类：同人,短篇
                                   章节数：1
                                   最后更新时间：2019-01-17T14:49:07.542Z
                                   =================================================
2026-08-01 00:12:20 - mkk_pika - database.py:101 - INFO - 保存成功：メロンが超振動!R13
2026-08-01 00:12:20 - mkk_pika - main.py:35 - INFO - 开始检查Sweet Angel是否存在未下载章节
2026-08-01 00:12:21 - mkk_pika - main.py:45 - INFO - 正在下载:[Sweet Angel]-[ロリエース (朱シオ)]-[['同人', '短篇']]-[total_pages:33]
2026-08-01 00:12:21 - mkk_pika - main.py:49 - INFO - [{'_id': '5c3ca832cfe50964b62f9f57', 'title': '生肉', 'order': 1, 'updated_at': '2019-01-17T14:49:27.356Z', 'id': '5c3ca832cfe50964b62f9f57'}, {'_id': '5c4095f7d7df306bf6f73e91', 'title': '熟肉', 'order': 2, 'updated_at': '2019-01-17T12:35:52.226Z', 'id': '5c4095f7d7df306bf6f73e91'}]
2026-08-01 00:12:21 - mkk_pika - database.py:215 - INFO - 第一次下载该漫画，记录数据库中
2026-08-01 00:12:21 - mkk_pika - main.py:83 - INFO - 找到 14 张图片在:生肉
2026-08-01 00:12:22 - mkk_pika - main.py:112 - INFO - [episode:生肉        ] downloaded:    14, total:  14, progress:100%
2026-08-01 00:12:22 - mkk_pika - database.py:238 - INFO - 数据库更新已下载章节
2026-08-01 00:12:22 - mkk_pika - database.py:244 - INFO - 该漫画已下载章节如下
2026-08-01 00:12:22 - mkk_pika - database.py:245 - INFO - ['生肉']
2026-08-01 00:12:24 - mkk_pika - main.py:83 - INFO - 找到 19 张图片在:熟肉
2026-08-01 00:12:25 - mkk_pika - main.py:112 - INFO - [episode:熟肉        ] downloaded:    19, total:  19, progress:100%
2026-08-01 00:12:25 - mkk_pika - database.py:238 - INFO - 数据库更新已下载章节
2026-08-01 00:12:25 - mkk_pika - database.py:244 - INFO - 该漫画已下载章节如下
2026-08-01 00:12:25 - mkk_pika - database.py:245 - INFO - ['生肉', '熟肉']
2026-08-01 00:12:26 - mkk_pika - main.py:348 - INFO - ==================== 漫画信息 ====================
                                   漫画ID：5c3ca832cfe50964b62f9f56
                                   标题：Sweet Angel
                                   作者：ロリエース (朱シオ)
                                   是否完结：否
                                   总页数：33
                                   分类：同人,短篇
                                   章节数：2
                                   最后更新时间：2019-01-17T14:49:27.339Z
                                   =================================================
2026-08-01 00:12:26 - mkk_pika - database.py:101 - INFO - 保存成功：Sweet Angel
2026-08-01 00:12:26 - mkk_pika - main.py:35 - INFO - 开始检查(C95)レンタル種付おじさん3～ある人妻の種付おじさん24時間セックス体験記～是否存在未下载章节
2026-08-01 00:12:26 - mkk_pika - main.py:45 - INFO - 正在下载:[(C95)レンタル種付おじさん3～ある人妻の種付おじさん24時間セックス体験記～]-[姫屋 (阿部いのり)]-[['短篇', '人妻', 'NTR']]-[total_pages:39]
2026-08-01 00:12:26 - mkk_pika - main.py:49 - INFO - [{'_id': '5c4096c00dae210f91c9f51a', 'title': '第1集', 'order': 1, 'updated_at': '2019-01-17T12:37:20.930Z', 'id': '5c4096c00dae210f91c9f51a'}]
2026-08-01 00:12:26 - mkk_pika - database.py:215 - INFO - 第一次下载该漫画，记录数据库中
2026-08-01 00:12:27 - mkk_pika - main.py:83 - INFO - 找到 39 张图片在:第1集
2026-08-01 00:12:29 - mkk_pika - main.py:112 - INFO - [episode:第1集       ] downloaded:    39, total:  39, progress:100%
2026-08-01 00:12:29 - mkk_pika - database.py:238 - INFO - 数据库更新已下载章节
2026-08-01 00:12:29 - mkk_pika - database.py:244 - INFO - 该漫画已下载章节如下
2026-08-01 00:12:29 - mkk_pika - database.py:245 - INFO - ['第1集']
2026-08-01 00:12:30 - mkk_pika - main.py:348 - INFO - ==================== 漫画信息 ====================
                                   漫画ID：5c4096c00dae210f91c9f519
                                   标题：(C95)レンタル種付おじさん3～ある人妻の種付おじさん24時間セックス体験記～
                                   作者：姫屋 (阿部いのり)
                                   是否完结：是
                                   总页数：39
                                   分类：短篇,人妻,NTR
                                   章节数：1
                                   最后更新时间：2019-01-17T14:52:48.774Z
                                   =================================================
2026-08-01 00:12:30 - mkk_pika - database.py:101 - INFO - 保存成功：(C95)レンタル種付おじさん3～ある人妻の種付おじさん24時間セックス体験記～
2026-08-01 00:12:30 - mkk_pika - main.py:35 - INFO - 开始检查どっちが先にデキるかな是否存在未下载章节
2026-08-01 00:12:30 - mkk_pika - main.py:45 - INFO - 正在下载:[どっちが先にデキるかな]-[とんずら道中 (かざわ)]-[['同人', '短篇', '後宮閃光', '東方']]-[total_pages:30]
2026-08-01 00:12:30 - mkk_pika - main.py:49 - INFO - [{'_id': '5c4096e03f6e0f267dd40d0f', 'title': '第1集', 'order': 1, 'updated_at': '2019-01-17T13:28:47.966Z', 'id': '5c4096e03f6e0f267dd40d0f'}]
2026-08-01 00:12:30 - mkk_pika - database.py:215 - INFO - 第一次下载该漫画，记录数据库中
2026-08-01 00:12:31 - mkk_pika - main.py:83 - INFO - 找到 30 张图片在:第1集
2026-08-01 00:12:32 - mkk_pika - main.py:112 - INFO - [episode:第1集       ] downloaded:    30, total:  30, progress:100%
2026-08-01 00:12:32 - mkk_pika - database.py:238 - INFO - 数据库更新已下载章节
2026-08-01 00:12:32 - mkk_pika - database.py:244 - INFO - 该漫画已下载章节如下
2026-08-01 00:12:32 - mkk_pika - database.py:245 - INFO - ['第1集']
2026-08-01 00:12:34 - mkk_pika - main.py:348 - INFO - ==================== 漫画信息 ====================
                                   漫画ID：5c4096e03f6e0f267dd40d0e
                                   标题：どっちが先にデキるかな
                                   作者：とんずら道中 (かざわ)
                                   是否完结：否
                                   总页数：30
                                   分类：同人,短篇,後宮閃光,東方
                                   章节数：1
                                   最后更新时间：2019-01-17T14:53:20.636Z
                                   =================================================
2026-08-01 00:12:34 - mkk_pika - database.py:101 - INFO - 保存成功：どっちが先にデキるかな
2026-08-01 00:12:34 - mkk_pika - main.py:35 - INFO - 开始检查生徒会長のくせに通販でオトナのオモチャ買ってたでしょ ～オモチャのかわりに俺が気持ち良くしてやるよ!～ 1巻 [LD版]是否存在未下载章节
2026-08-01 00:12:34 - mkk_pika - main.py:45 - INFO - 正在下载:[生徒会長のくせに通販でオトナのオモチャ買ってたでしょ ～オモチャのかわりに俺が気持ち良くしてやるよ!～ 1巻 [LD版]]-[なるせ]-[['同人', '短篇']]-[total_pages:34]
2026-08-01 00:12:34 - mkk_pika - main.py:49 - INFO - [{'_id': '5c40972c861d3e6c27ce256c', 'title': '第1集', 'order': 1, 'updated_at': '2019-01-17T14:24:33.217Z', 'id': '5c40972c861d3e6c27ce256c'}]
2026-08-01 00:12:34 - mkk_pika - database.py:215 - INFO - 第一次下载该漫画，记录数据库中
2026-08-01 00:12:34 - mkk_pika - main.py:83 - INFO - 找到 34 张图片在:第1集
2026-08-01 00:12:36 - mkk_pika - main.py:112 - INFO - [episode:第1集       ] downloaded:    34, total:  34, progress:100%
2026-08-01 00:12:36 - mkk_pika - database.py:238 - INFO - 数据库更新已下载章节
2026-08-01 00:12:36 - mkk_pika - database.py:244 - INFO - 该漫画已下载章节如下
2026-08-01 00:12:36 - mkk_pika - database.py:245 - INFO - ['第1集']
2026-08-01 00:12:37 - mkk_pika - main.py:348 - INFO - ==================== 漫画信息 ====================
                                   漫画ID：5c40972c861d3e6c27ce256b
                                   标题：生徒会長のくせに通販でオトナのオモチャ買ってたでしょ ～オモチャのかわりに俺が気持ち良くしてやるよ!～ 1巻 [LD版]
                                   作者：なるせ
                                   是否完结：否
                                   总页数：34
                                   分类：同人,短篇
                                   章节数：1
                                   最后更新时间：2019-01-17T14:54:36.814Z
                                   =================================================
2026-08-01 00:12:37 - mkk_pika - database.py:101 - INFO - 保存成功：生徒会長のくせに通販でオトナのオモチャ買ってたでしょ ～オモチャのかわりに俺が気持ち良くしてやるよ!～ 1巻 [LD版]
2026-08-01 00:12:37 - mkk_pika - main.py:35 - INFO - 开始检查哆啦A梦桐人作品(P61)是否存在未下载章节
2026-08-01 00:12:37 - mkk_pika - main.py:45 - INFO - 正在下载:[哆啦A梦桐人作品(P61)]-[]-[['同人', '短篇', '純愛']]-[total_pages:35]
2026-08-01 00:12:37 - mkk_pika - main.py:49 - INFO - [{'_id': '5c41d1a9861d3e6c27ce2f66', 'title': '第1集', 'order': 1, 'updated_at': '2019-01-16T14:46:51.339Z', 'id': '5c41d1a9861d3e6c27ce2f66'}]
2026-08-01 00:12:37 - mkk_pika - database.py:215 - INFO - 第一次下载该漫画，记录数据库中
2026-08-01 00:12:38 - mkk_pika - main.py:83 - INFO - 找到 35 张图片在:第1集
2026-08-01 00:12:39 - mkk_pika - main.py:112 - INFO - [episode:第1集       ] downloaded:    35, total:  35, progress:100%
2026-08-01 00:12:39 - mkk_pika - database.py:238 - INFO - 数据库更新已下载章节
2026-08-01 00:12:39 - mkk_pika - database.py:244 - INFO - 该漫画已下载章节如下
2026-08-01 00:12:39 - mkk_pika - database.py:245 - INFO - ['第1集']
2026-08-01 00:12:40 - mkk_pika - main.py:348 - INFO - ==================== 漫画信息 ====================
                                   漫画ID：5c41d1a9861d3e6c27ce2f65
                                   标题：哆啦A梦桐人作品(P61)
                                   作者：
                                   是否完结：否
                                   总页数：35
                                   分类：同人,短篇,純愛
                                   章节数：1
                                   最后更新时间：2019-01-18T13:16:25.856Z
                                   =================================================
2026-08-01 00:12:40 - mkk_pika - database.py:101 - INFO - 保存成功：哆啦A梦桐人作品(P61)
2026-08-01 00:12:40 - mkk_pika - main.py:35 - INFO - 开始检查 (軍令部酒保&砲雷撃戦! よーい! 合同演習四戦目)  由良めくきもち (艦隊これくしょん -艦これ-)是否存在未下载章节
2026-08-01 00:12:41 - mkk_pika - main.py:45 - INFO - 正在下载:[ (軍令部酒保&砲雷撃戦! よーい! 合同演習四戦目)  由良めくきもち (艦隊これくしょん -艦これ-)]-[L5EX (Kamelie)]-[['短篇', '同人']]-[total_pages:23]
2026-08-01 00:12:41 - mkk_pika - main.py:49 - INFO - [{'_id': '5c41d24c0dae210f91c9f9a8', 'title': '第1集', 'order': 1, 'updated_at': '2019-01-17T14:35:16.835Z', 'id': '5c41d24c0dae210f91c9f9a8'}]
2026-08-01 00:12:41 - mkk_pika - database.py:215 - INFO - 第一次下载该漫画，记录数据库中
2026-08-01 00:12:41 - mkk_pika - main.py:83 - INFO - 找到 23 张图片在:第1集
2026-08-01 00:12:42 - mkk_pika - main.py:112 - INFO - [episode:第1集       ] downloaded:    23, total:  23, progress:100%
2026-08-01 00:12:42 - mkk_pika - database.py:238 - INFO - 数据库更新已下载章节
2026-08-01 00:12:42 - mkk_pika - database.py:244 - INFO - 该漫画已下载章节如下
2026-08-01 00:12:42 - mkk_pika - database.py:245 - INFO - ['第1集']
2026-08-01 00:12:44 - mkk_pika - main.py:348 - INFO - ==================== 漫画信息 ====================
                                   漫画ID：5c41d24c0dae210f91c9f9a7
                                   标题： (軍令部酒保&砲雷撃戦! よーい! 合同演習四戦目)  由良めくきもち (艦隊これくしょん -艦これ-)
                                   作者：L5EX (Kamelie)
                                   是否完结：否
                                   总页数：23
                                   分类：短篇,同人
                                   章节数：1
                                   最后更新时间：2019-01-18T13:19:08.482Z
                                   =================================================
2026-08-01 00:12:44 - mkk_pika - database.py:101 - INFO - 保存成功： (軍令部酒保&砲雷撃戦! よーい! 合同演習四戦目)  由良めくきもち (艦隊これくしょん -艦これ-)
2026-08-01 00:12:44 - mkk_pika - main.py:35 - INFO - 开始检查 (C95) 妹紅おねぇちゃんとショタがえっちする本8 (東方Project)是否存在未下载章节
2026-08-01 00:12:44 - mkk_pika - main.py:45 - INFO - 正在下载:[ (C95) 妹紅おねぇちゃんとショタがえっちする本8 (東方Project)]-[甘蜜博士 (甘蜜こうすけ)]-[['短篇', '同人', '東方']]-[total_pages:23]
2026-08-01 00:12:44 - mkk_pika - main.py:49 - INFO - [{'_id': '5c41d26c8f20d60fd13273d0', 'title': '第1集', 'order': 1, 'updated_at': '2019-01-17T14:50:29.734Z', 'id': '5c41d26c8f20d60fd13273d0'}]
2026-08-01 00:12:44 - mkk_pika - database.py:215 - INFO - 第一次下载该漫画，记录数据库中
2026-08-01 00:12:44 - mkk_pika - main.py:83 - INFO - 找到 23 张图片在:第1集
2026-08-01 00:12:45 - mkk_pika - main.py:112 - INFO - [episode:第1集       ] downloaded:    23, total:  23, progress:100%
2026-08-01 00:12:45 - mkk_pika - database.py:238 - INFO - 数据库更新已下载章节
2026-08-01 00:12:45 - mkk_pika - database.py:244 - INFO - 该漫画已下载章节如下
2026-08-01 00:12:45 - mkk_pika - database.py:245 - INFO - ['第1集']
2026-08-01 00:12:47 - mkk_pika - main.py:348 - INFO - ==================== 漫画信息 ====================
                                   漫画ID：5c41d26c8f20d60fd13273cf
                                   标题： (C95) 妹紅おねぇちゃんとショタがえっちする本8 (東方Project)
                                   作者：甘蜜博士 (甘蜜こうすけ)
                                   是否完结：否
                                   总页数：23
                                   分类：短篇,同人,東方
                                   章节数：1
                                   最后更新时间：2019-01-18T13:19:40.653Z
                                   =================================================
2026-08-01 00:12:47 - mkk_pika - database.py:101 - INFO - 保存成功： (C95) 妹紅おねぇちゃんとショタがえっちする本8 (東方Project)
2026-08-01 00:12:47 - mkk_pika - main.py:35 - INFO - 开始检查 (C95) 猫耳化するなんてまるで同人誌じゃないか!!! (艦隊これくしょん -艦これ-)是否存在未下载章节
2026-08-01 00:12:47 - mkk_pika - main.py:45 - INFO - 正在下载:[ (C95) 猫耳化するなんてまるで同人誌じゃないか!!! (艦隊これくしょん -艦これ-)]-[R.O.C (鈴川梨乃)]-[['短篇', '同人']]-[total_pages:23]
2026-08-01 00:12:47 - mkk_pika - main.py:49 - INFO - [{'_id': '5c41d3379d789e6c3cc960a9', 'title': '第1集', 'order': 1, 'updated_at': '2019-01-17T15:06:10.395Z', 'id': '5c41d3379d789e6c3cc960a9'}]
2026-08-01 00:12:47 - mkk_pika - database.py:215 - INFO - 第一次下载该漫画，记录数据库中
2026-08-01 00:12:47 - mkk_pika - main.py:83 - INFO - 找到 23 张图片在:第1集
2026-08-01 00:12:49 - mkk_pika - main.py:112 - INFO - [episode:第1集       ] downloaded:    23, total:  23, progress:100%
2026-08-01 00:12:49 - mkk_pika - database.py:238 - INFO - 数据库更新已下载章节
2026-08-01 00:12:49 - mkk_pika - database.py:244 - INFO - 该漫画已下载章节如下
2026-08-01 00:12:49 - mkk_pika - database.py:245 - INFO - ['第1集']
2026-08-01 00:12:50 - mkk_pika - main.py:348 - INFO - ==================== 漫画信息 ====================
                                   漫画ID：5c41d3379d789e6c3cc960a8
                                   标题： (C95) 猫耳化するなんてまるで同人誌じゃないか!!! (艦隊これくしょん -艦これ-)
                                   作者：R.O.C (鈴川梨乃)
                                   是否完结：否
                                   总页数：23
                                   分类：短篇,同人
                                   章节数：1
                                   最后更新时间：2019-01-18T13:23:03.017Z
                                   =================================================
2026-08-01 00:12:50 - mkk_pika - database.py:101 - INFO - 保存成功： (C95) 猫耳化するなんてまるで同人誌じゃないか!!! (艦隊これくしょん -艦これ-)
2026-08-01 00:12:50 - mkk_pika - main.py:35 - INFO - 开始检查 (C95)プチスール17 (ぼくたちは勉強ができない)是否存在未下载章节
2026-08-01 00:12:50 - mkk_pika - main.py:45 - INFO - 正在下载:[ (C95)プチスール17 (ぼくたちは勉強ができない)]-[Pazzo S.P. (秋風白雲)]-[['短篇', '同人']]-[total_pages:23]
2026-08-01 00:12:50 - mkk_pika - main.py:49 - INFO - [{'_id': '5c41d39fd7df306bf6f747d5', 'title': '第1集', 'order': 1, 'updated_at': '2019-01-17T15:11:25.086Z', 'id': '5c41d39fd7df306bf6f747d5'}]
2026-08-01 00:12:50 - mkk_pika - database.py:215 - INFO - 第一次下载该漫画，记录数据库中
2026-08-01 00:12:51 - mkk_pika - main.py:83 - INFO - 找到 23 张图片在:第1集
2026-08-01 00:12:52 - mkk_pika - main.py:112 - INFO - [episode:第1集       ] downloaded:    23, total:  23, progress:100%
2026-08-01 00:12:52 - mkk_pika - database.py:238 - INFO - 数据库更新已下载章节
2026-08-01 00:12:52 - mkk_pika - database.py:244 - INFO - 该漫画已下载章节如下
2026-08-01 00:12:52 - mkk_pika - database.py:245 - INFO - ['第1集']
2026-08-01 00:12:53 - mkk_pika - main.py:348 - INFO - ==================== 漫画信息 ====================
                                   漫画ID：5c41d39fd7df306bf6f747d4
                                   标题： (C95)プチスール17 (ぼくたちは勉強ができない)
                                   作者：Pazzo S.P. (秋風白雲)
                                   是否完结：否
                                   总页数：23
                                   分类：短篇,同人
                                   章节数：1
                                   最后更新时间：2019-01-18T13:24:47.327Z
                                   =================================================
2026-08-01 00:12:53 - mkk_pika - database.py:101 - INFO - 保存成功： (C95)プチスール17 (ぼくたちは勉強ができない)
2026-08-01 00:12:53 - mkk_pika - main.py:35 - INFO - 开始检查霞洛最后的任务是否存在未下载章节
2026-08-01 00:12:53 - mkk_pika - main.py:45 - INFO - 正在下载:[霞洛最后的任务]-[Mumuy]-[['短篇', '全彩', '同人', '非人類', '強暴', 'NTR', '人妻']]-[total_pages:20]
2026-08-01 00:12:53 - mkk_pika - main.py:49 - INFO - [{'_id': '5c41d417861d3e6c27ce3067', 'title': '第1集', 'order': 1, 'updated_at': '2019-01-17T16:09:20.261Z', 'id': '5c41d417861d3e6c27ce3067'}]
2026-08-01 00:12:53 - mkk_pika - database.py:215 - INFO - 第一次下载该漫画，记录数据库中
2026-08-01 00:12:54 - mkk_pika - main.py:83 - INFO - 找到 20 张图片在:第1集
2026-08-01 00:12:55 - mkk_pika - main.py:112 - INFO - [episode:第1集       ] downloaded:    20, total:  20, progress:100%
2026-08-01 00:12:55 - mkk_pika - database.py:238 - INFO - 数据库更新已下载章节
2026-08-01 00:12:55 - mkk_pika - database.py:244 - INFO - 该漫画已下载章节如下
2026-08-01 00:12:55 - mkk_pika - database.py:245 - INFO - ['第1集']
2026-08-01 00:12:56 - mkk_pika - main.py:348 - INFO - ==================== 漫画信息 ====================
                                   漫画ID：5c41d417861d3e6c27ce3066
                                   标题：霞洛最后的任务
                                   作者：Mumuy
                                   是否完结：否
                                   总页数：20
                                   分类：短篇,全彩,同人,非人類,強暴,NTR,人妻
                                   章节数：1
                                   最后更新时间：2019-01-18T13:26:47.072Z
                                   =================================================
2026-08-01 00:12:56 - mkk_pika - database.py:101 - INFO - 保存成功：霞洛最后的任务
2026-08-01 00:12:56 - mkk_pika - main.py:35 - INFO - 开始检查美マゾふぇすた是否存在未下载章节
2026-08-01 00:12:56 - mkk_pika - main.py:45 - INFO - 正在下载:[美マゾふぇすた]-[朝倉満]-[['長篇']]-[total_pages:201]
2026-08-01 00:12:56 - mkk_pika - main.py:49 - INFO - [{'_id': '5c41d51d861d3e6c27ce3086', 'title': '第1集', 'order': 1, 'updated_at': '2019-01-18T02:50:16.711Z', 'id': '5c41d51d861d3e6c27ce3086'}]
2026-08-01 00:12:56 - mkk_pika - database.py:215 - INFO - 第一次下载该漫画，记录数据库中
2026-08-01 00:12:58 - mkk_pika - main.py:83 - INFO - 找到 201 张图片在:第1集
2026-08-01 00:13:08 - mkk_pika - main.py:112 - INFO - [episode:第1集       ] downloaded:   201, total: 201, progress:100%
2026-08-01 00:13:08 - mkk_pika - database.py:238 - INFO - 数据库更新已下载章节
2026-08-01 00:13:08 - mkk_pika - database.py:244 - INFO - 该漫画已下载章节如下
2026-08-01 00:13:08 - mkk_pika - database.py:245 - INFO - ['第1集']
2026-08-01 00:13:09 - mkk_pika - main.py:348 - INFO - ==================== 漫画信息 ====================
                                   漫画ID：5c41d51d861d3e6c27ce3085
                                   标题：美マゾふぇすた
                                   作者：朝倉満
                                   是否完结：否
                                   总页数：201
                                   分类：長篇
                                   章节数：1
                                   最后更新时间：2019-01-18T13:31:09.452Z
                                   =================================================
2026-08-01 00:13:09 - mkk_pika - database.py:101 - INFO - 保存成功：美マゾふぇすた
2026-08-01 00:13:09 - mkk_pika - main.py:35 - INFO - 开始检查Admiralさん独り占め! (艦隊これくしょん -艦これ-)是否存在未下载章节
2026-08-01 00:13:09 - mkk_pika - main.py:45 - INFO - 正在下载:[Admiralさん独り占め! (艦隊これくしょん -艦これ-)]-[ゆうさりつかた(淡夢)]-[['同人', '短篇', '艦隊收藏']]-[total_pages:32]
2026-08-01 00:13:09 - mkk_pika - main.py:49 - INFO - [{'_id': '5c41d54dd7df306bf6f748eb', 'title': '第1集', 'order': 1, 'updated_at': '2019-01-18T03:46:09.864Z', 'id': '5c41d54dd7df306bf6f748eb'}]
2026-08-01 00:13:09 - mkk_pika - database.py:215 - INFO - 第一次下载该漫画，记录数据库中
2026-08-01 00:13:10 - mkk_pika - main.py:83 - INFO - 找到 32 张图片在:第1集
2026-08-01 00:13:11 - mkk_pika - main.py:112 - INFO - [episode:第1集       ] downloaded:    32, total:  32, progress:100%
2026-08-01 00:13:11 - mkk_pika - database.py:238 - INFO - 数据库更新已下载章节
2026-08-01 00:13:11 - mkk_pika - database.py:244 - INFO - 该漫画已下载章节如下
2026-08-01 00:13:11 - mkk_pika - database.py:245 - INFO - ['第1集']
2026-08-01 00:13:13 - mkk_pika - main.py:348 - INFO - ==================== 漫画信息 ====================
                                   漫画ID：5c41d54dd7df306bf6f748ea
                                   标题：Admiralさん独り占め! (艦隊これくしょん -艦これ-)
                                   作者：ゆうさりつかた(淡夢)
                                   是否完结：是
                                   总页数：32
                                   分类：同人,短篇,艦隊收藏
                                   章节数：1
                                   最后更新时间：2019-01-18T13:31:57.675Z
                                   =================================================
2026-08-01 00:13:13 - mkk_pika - database.py:101 - INFO - 保存成功：Admiralさん独り占め! (艦隊これくしょん -艦これ-)
2026-08-01 00:13:13 - mkk_pika - main.py:35 - INFO - 开始检查侵食椛 (東方Project)是否存在未下载章节
2026-08-01 00:13:13 - mkk_pika - main.py:45 - INFO - 正在下载:[侵食椛 (東方Project)]-[椛もふもふ亭 (ぽて)]-[['短篇', '同人', '非人類', '強暴', '東方']]-[total_pages:27]
2026-08-01 00:13:13 - mkk_pika - main.py:49 - INFO - [{'_id': '5c41d5ab8f20d60fd132744a', 'title': '第1集', 'order': 1, 'updated_at': '2019-01-18T05:08:47.807Z', 'id': '5c41d5ab8f20d60fd132744a'}]
2026-08-01 00:13:13 - mkk_pika - database.py:215 - INFO - 第一次下载该漫画，记录数据库中
2026-08-01 00:13:13 - mkk_pika - main.py:83 - INFO - 找到 27 张图片在:第1集
2026-08-01 00:13:15 - mkk_pika - main.py:112 - INFO - [episode:第1集       ] downloaded:    27, total:  27, progress:100%
2026-08-01 00:13:15 - mkk_pika - database.py:238 - INFO - 数据库更新已下载章节
2026-08-01 00:13:15 - mkk_pika - database.py:244 - INFO - 该漫画已下载章节如下
2026-08-01 00:13:15 - mkk_pika - database.py:245 - INFO - ['第1集']
2026-08-01 00:13:16 - mkk_pika - main.py:348 - INFO - ==================== 漫画信息 ====================
                                   漫画ID：5c41d5ab8f20d60fd1327449
                                   标题：侵食椛 (東方Project)
                                   作者：椛もふもふ亭 (ぽて)
                                   是否完结：是
                                   总页数：27
                                   分类：短篇,同人,非人類,強暴,東方
                                   章节数：1
                                   最后更新时间：2019-01-18T13:33:31.044Z
                                   =================================================
2026-08-01 00:13:16 - mkk_pika - database.py:101 - INFO - 保存成功：侵食椛 (東方Project)
2026-08-01 00:13:16 - mkk_pika - main.py:35 - INFO - 开始检查如月ちゃんに一週間拘束されて責められ続けた結果(艦隊これくしょん -艦これ-)是否存在未下载章节
2026-08-01 00:13:16 - mkk_pika - main.py:45 - INFO - 正在下载:[如月ちゃんに一週間拘束されて責められ続けた結果(艦隊これくしょん -艦これ-)]-[A.R.T (あんじぇりあ)]-[['短篇', '同人', '足の恋', '艦隊收藏']]-[total_pages:20]
2026-08-01 00:13:16 - mkk_pika - main.py:49 - INFO - [{'_id': '5c41d925d7df306bf6f7495d', 'title': '第1集', 'order': 1, 'updated_at': '2019-01-18T07:09:07.908Z', 'id': '5c41d925d7df306bf6f7495d'}]
2026-08-01 00:13:16 - mkk_pika - database.py:215 - INFO - 第一次下载该漫画，记录数据库中
2026-08-01 00:13:17 - mkk_pika - main.py:83 - INFO - 找到 20 张图片在:第1集
2026-08-01 00:13:18 - mkk_pika - main.py:112 - INFO - [episode:第1集       ] downloaded:    20, total:  20, progress:100%
2026-08-01 00:13:18 - mkk_pika - database.py:238 - INFO - 数据库更新已下载章节
2026-08-01 00:13:18 - mkk_pika - database.py:244 - INFO - 该漫画已下载章节如下
2026-08-01 00:13:18 - mkk_pika - database.py:245 - INFO - ['第1集']
2026-08-01 00:13:20 - mkk_pika - main.py:348 - INFO - ==================== 漫画信息 ====================
                                   漫画ID：5c41d925d7df306bf6f7495c
                                   标题：如月ちゃんに一週間拘束されて責められ続けた結果(艦隊これくしょん -艦これ-)
                                   作者：A.R.T (あんじぇりあ)
                                   是否完结：是
                                   总页数：20
                                   分类：短篇,同人,足の恋,艦隊收藏
                                   章节数：1
                                   最后更新时间：2019-01-18T13:48:21.428Z
                                   =================================================
2026-08-01 00:13:20 - mkk_pika - database.py:101 - INFO - 保存成功：如月ちゃんに一週間拘束されて責められ続けた結果(艦隊これくしょん -艦これ-)
2026-08-01 00:13:20 - mkk_pika - main.py:35 - INFO - 开始检查侵食文是否存在未下载章节
2026-08-01 00:13:20 - mkk_pika - main.py:45 - INFO - 正在下载:[侵食文]-[椛もふもふ亭 (ぽてにうむ)]-[['百合花園', '同人', '短篇', '非人類', '性轉換', '東方']]-[total_pages:15]
2026-08-01 00:13:20 - mkk_pika - main.py:49 - INFO - [{'_id': '5e1266b73610de7781630145', 'title': '第1話', 'order': 1, 'updated_at': '2020-01-05T17:29:15.330Z', 'id': '5e1266b73610de7781630145'}]
2026-08-01 00:13:20 - mkk_pika - database.py:215 - INFO - 第一次下载该漫画，记录数据库中
2026-08-01 00:13:20 - mkk_pika - main.py:83 - INFO - 找到 15 张图片在:第1話
2026-08-01 00:13:21 - mkk_pika - main.py:112 - INFO - [episode:第1話       ] downloaded:    15, total:  15, progress:100%
2026-08-01 00:13:21 - mkk_pika - database.py:238 - INFO - 数据库更新已下载章节
2026-08-01 00:13:21 - mkk_pika - database.py:244 - INFO - 该漫画已下载章节如下
2026-08-01 00:13:21 - mkk_pika - database.py:245 - INFO - ['第1話']
2026-08-01 00:13:22 - mkk_pika - main.py:348 - INFO - ==================== 漫画信息 ====================
                                   漫画ID：5c41d9394e6512263a905d46
                                   标题：侵食文
                                   作者：椛もふもふ亭 (ぽてにうむ)
                                   是否完结：否
                                   总页数：15
                                   分类：百合花園,同人,短篇,非人類,性轉換,東方
                                   章节数：1
                                   最后更新时间：2019-01-18T13:48:41.219Z
                                   =================================================
2026-08-01 00:13:22 - mkk_pika - database.py:101 - INFO - 保存成功：侵食文
2026-08-01 00:13:22 - mkk_pika - main.py:35 - INFO - 开始检查知的文学美少女とイキまくりお勉強えっち是否存在未下载章节
2026-08-01 00:13:23 - mkk_pika - main.py:45 - INFO - 正在下载:[知的文学美少女とイキまくりお勉強えっち]-[無糖紅茶]-[['純愛', '短篇']]-[total_pages:28]
2026-08-01 00:13:23 - mkk_pika - main.py:49 - INFO - [{'_id': '5c41d94a00004e6bfca5616f', 'title': '第1集', 'order': 1, 'updated_at': '2019-01-18T07:29:08.471Z', 'id': '5c41d94a00004e6bfca5616f'}]
2026-08-01 00:13:23 - mkk_pika - database.py:215 - INFO - 第一次下载该漫画，记录数据库中
2026-08-01 00:13:23 - mkk_pika - main.py:83 - INFO - 找到 28 张图片在:第1集
2026-08-01 00:13:25 - mkk_pika - main.py:112 - INFO - [episode:第1集       ] downloaded:    28, total:  28, progress:100%
2026-08-01 00:13:25 - mkk_pika - database.py:238 - INFO - 数据库更新已下载章节
2026-08-01 00:13:25 - mkk_pika - database.py:244 - INFO - 该漫画已下载章节如下
2026-08-01 00:13:25 - mkk_pika - database.py:245 - INFO - ['第1集']
2026-08-01 00:13:26 - mkk_pika - main.py:348 - INFO - ==================== 漫画信息 ====================
                                   漫画ID：5c41d94a00004e6bfca5616e
                                   标题：知的文学美少女とイキまくりお勉強えっち
                                   作者：無糖紅茶
                                   是否完结：否
                                   总页数：28
                                   分类：純愛,短篇
                                   章节数：1
                                   最后更新时间：2019-01-18T13:48:58.709Z
                                   =================================================
2026-08-01 00:13:26 - mkk_pika - database.py:101 - INFO - 保存成功：知的文学美少女とイキまくりお勉強えっち
2026-08-01 00:13:26 - mkk_pika - main.py:35 - INFO - 开始检查おしかけJKあーちゃん❤是否存在未下载章节
2026-08-01 00:13:26 - mkk_pika - main.py:45 - INFO - 正在下载:[おしかけJKあーちゃん❤]-[チームキハラ(もじゃりん)]-[['短篇', '妹妹系']]-[total_pages:9]
2026-08-01 00:13:26 - mkk_pika - main.py:49 - INFO - [{'_id': '5c41d9813f6e0f267dd411bf', 'title': '第1集', 'order': 1, 'updated_at': '2019-01-18T07:33:12.826Z', 'id': '5c41d9813f6e0f267dd411bf'}]
2026-08-01 00:13:26 - mkk_pika - database.py:215 - INFO - 第一次下载该漫画，记录数据库中
2026-08-01 00:13:27 - mkk_pika - main.py:83 - INFO - 找到 9 张图片在:第1集
2026-08-01 00:13:27 - mkk_pika - main.py:112 - INFO - [episode:第1集       ] downloaded:     9, total:   9, progress:100%
2026-08-01 00:13:27 - mkk_pika - database.py:238 - INFO - 数据库更新已下载章节
2026-08-01 00:13:27 - mkk_pika - database.py:244 - INFO - 该漫画已下载章节如下
2026-08-01 00:13:27 - mkk_pika - database.py:245 - INFO - ['第1集']
2026-08-01 00:13:29 - mkk_pika - main.py:348 - INFO - ==================== 漫画信息 ====================
                                   漫画ID：5c41d9813f6e0f267dd411be
                                   标题：おしかけJKあーちゃん❤
                                   作者：チームキハラ(もじゃりん)
                                   是否完结：是
                                   总页数：9
                                   分类：短篇,妹妹系
                                   章节数：1
                                   最后更新时间：2019-01-18T13:49:53.355Z
                                   =================================================
2026-08-01 00:13:29 - mkk_pika - database.py:101 - INFO - 保存成功：おしかけJKあーちゃん❤
2026-08-01 00:13:29 - mkk_pika - main.py:35 - INFO - 开始检查 はぐ×ハグ 11 (艦隊これくしょん -艦これ-)是否存在未下载章节
2026-08-01 00:13:29 - mkk_pika - main.py:45 - INFO - 正在下载:[ はぐ×ハグ 11 (艦隊これくしょん -艦これ-)]-[ブラック金魚 (みにまる)]-[['同人', '短篇', '純愛', '艦隊收藏']]-[total_pages:24]
2026-08-01 00:13:29 - mkk_pika - main.py:49 - INFO - [{'_id': '5c41d99b7f433826425afc7f', 'title': '第1集', 'order': 1, 'updated_at': '2019-01-18T07:47:59.684Z', 'id': '5c41d99b7f433826425afc7f'}]
2026-08-01 00:13:29 - mkk_pika - database.py:215 - INFO - 第一次下载该漫画，记录数据库中
2026-08-01 00:13:29 - mkk_pika - main.py:83 - INFO - 找到 24 张图片在:第1集
2026-08-01 00:13:31 - mkk_pika - main.py:112 - INFO - [episode:第1集       ] downloaded:    24, total:  24, progress:100%
2026-08-01 00:13:31 - mkk_pika - database.py:238 - INFO - 数据库更新已下载章节
2026-08-01 00:13:31 - mkk_pika - database.py:244 - INFO - 该漫画已下载章节如下
2026-08-01 00:13:31 - mkk_pika - database.py:245 - INFO - ['第1集']
2026-08-01 00:13:32 - mkk_pika - main.py:348 - INFO - ==================== 漫画信息 ====================
                                   漫画ID：5c41d99b7f433826425afc7e
                                   标题： はぐ×ハグ 11 (艦隊これくしょん -艦これ-)
                                   作者：ブラック金魚 (みにまる)
                                   是否完结：是
                                   总页数：24
                                   分类：同人,短篇,純愛,艦隊收藏
                                   章节数：1
                                   最后更新时间：2019-01-18T13:50:19.029Z
                                   =================================================
2026-08-01 00:13:32 - mkk_pika - database.py:101 - INFO - 保存成功： はぐ×ハグ 11 (艦隊これくしょん -艦これ-)
2026-08-01 00:13:32 - mkk_pika - main.py:380 - INFO - 本次任务下载完毕
2026-08-01 00:13:32 - mkk_pika - database.py:173 - INFO - 数据库连接已关闭
