2026-08-02 00:06:17 - mkk_pika - main.py:193 - INFO - =======================================================================
2026-08-02 00:06:17 - mkk_pika - database.py:61 - INFO - 表和索引初始化成功
2026-08-02 00:06:17 - mkk_pika - main.py:197 - INFO - 已经累计下载18101本漫画
2026-08-02 00:06:17 - mkk_pika - api.py:87 - INFO - 登录成功
2026-08-02 00:06:18 - mkk_pika - main.py:203 - INFO - 收藏夹共计0本漫画
2026-08-02 00:06:18 - mkk_pika - main.py:206 - INFO - 开始下载收藏夹内未下载内容
2026-08-02 00:06:18 - mkk_pika - main.py:266 - INFO - 收藏夹内容下载完毕
2026-08-02 00:06:18 - mkk_pika - main.py:268 - INFO - 开始下载订阅内容
2026-08-02 00:06:18 - mkk_pika - database.py:258 - INFO - 根据ID查询到标题：萝莉 -> TSロリおじさんの冒険 前戯編 | TS萝莉中年大叔的冒险 前戏篇
2026-08-02 00:06:19 - mkk_pika - database.py:101 - INFO - 保存成功：TSロリおじさんの冒険 前戯編 | TS萝莉中年大叔的冒险 前戏篇
2026-08-02 00:06:19 - mkk_pika - main.py:273 - INFO - 关键词萝莉找到1本漫画
2026-08-02 00:06:19 - mkk_pika - database.py:258 - INFO - 根据ID查询到标题：蘿莉 -> [Artist] QUACKIES（AI）
2026-08-02 00:06:19 - mkk_pika - database.py:101 - INFO - 保存成功：妖嬢性辱絵巻 参
2026-08-02 00:06:19 - mkk_pika - main.py:273 - INFO - 关键词蘿莉找到1本漫画
2026-08-02 00:06:19 - mkk_pika - main.py:275 - INFO - 订阅内容共计2本漫画
2026-08-02 00:06:19 - mkk_pika - main.py:35 - INFO - 开始检查バイト中のゆ〜わく是否存在未下载章节
2026-08-02 00:06:20 - mkk_pika - database.py:203 - INFO - 查询数据库中是否已存在第1話
2026-08-02 00:06:20 - mkk_pika - main.py:51 - INFO - バイト中のゆ〜わく中没有可下载章节
2026-08-02 00:06:20 - mkk_pika - main.py:292 - INFO - ==================== 漫画信息 ====================
                                漫画ID：6a6397d265bf3e38d164dfa0
                                标题：バイト中のゆ〜わく
                                作者：スミヅミ
                                是否完结：是
                                总页数：26
                                分类：短篇,純愛
                                章节数：1
                                最后更新时间：2026-07-24T16:50:26.165Z
                                =================================================
2026-08-02 00:06:20 - mkk_pika - database.py:101 - INFO - 保存成功：バイト中のゆ〜わく
2026-08-02 00:06:20 - mkk_pika - main.py:35 - INFO - 开始检查妖嬢性辱絵巻 参是否存在未下载章节
2026-08-02 00:06:20 - mkk_pika - main.py:45 - INFO - 正在下载:[妖嬢性辱絵巻 参]-[不決断 (茶鳥)]-[['短篇']]-[total_pages:-1]
2026-08-02 00:06:20 - mkk_pika - main.py:49 - INFO - [{'_id': '64b6c57ebb07d319696bea46', 'title': '生肉', 'order': 1, 'updated_at': '2026-08-01T17:14:12.329Z', 'id': '64b6c57ebb07d319696bea46'}, {'_id': '6a6e2964600e1b372f0547a6', 'title': '熟肉', 'order': 2, 'updated_at': '2026-08-01T13:12:58.396Z', 'id': '6a6e2964600e1b372f0547a6'}]
2026-08-02 00:06:20 - mkk_pika - database.py:215 - INFO - 第一次下载该漫画，记录数据库中
2026-08-02 00:06:21 - mkk_pika - main.py:83 - INFO - 找到 24 张图片在:生肉
2026-08-02 00:06:22 - mkk_pika - main.py:112 - INFO - [episode:生肉        ] downloaded:    24, total:  24, progress:100%
2026-08-02 00:06:22 - mkk_pika - database.py:238 - INFO - 数据库更新已下载章节
2026-08-02 00:06:22 - mkk_pika - database.py:244 - INFO - 该漫画已下载章节如下
2026-08-02 00:06:22 - mkk_pika - database.py:245 - INFO - ['生肉']
2026-08-02 00:06:24 - mkk_pika - main.py:83 - INFO - 找到 25 张图片在:熟肉
2026-08-02 00:06:24 - mkk_pika - main.py:112 - INFO - [episode:熟肉        ] downloaded:    25, total:  25, progress:100%
2026-08-02 00:06:24 - mkk_pika - database.py:238 - INFO - 数据库更新已下载章节
2026-08-02 00:06:24 - mkk_pika - database.py:244 - INFO - 该漫画已下载章节如下
2026-08-02 00:06:24 - mkk_pika - database.py:245 - INFO - ['生肉', '熟肉']
2026-08-02 00:06:25 - mkk_pika - main.py:292 - INFO - ==================== 漫画信息 ====================
                                漫画ID：64b6c57ebb07d319696bea45
                                标题：妖嬢性辱絵巻 参
                                作者：不決断 (茶鳥)
                                是否完结：否
                                总页数：49
                                分类：短篇
                                章节数：2
                                最后更新时间：2026-08-01T17:14:12.319Z
                                =================================================
2026-08-02 00:06:25 - mkk_pika - database.py:101 - INFO - 保存成功：妖嬢性辱絵巻 参
2026-08-02 00:06:25 - mkk_pika - main.py:323 - INFO - 订阅内容内容下载完毕
2026-08-02 00:06:25 - mkk_pika - main.py:324 - INFO - 开始分批下载全部章节
2026-08-02 00:06:25 - mkk_pika - database.py:280 - INFO - 表和索引初始化成功
2026-08-02 00:06:26 - mkk_pika - main.py:177 - INFO - 已经下载了1353页，一共7050页，现在开始添加第1354页
2026-08-02 00:06:27 - mkk_pika - database.py:318 - INFO - 保存成功
2026-08-02 00:06:27 - mkk_pika - main.py:177 - INFO - 已经下载了1354页，一共7050页，现在开始添加第1355页
2026-08-02 00:06:27 - mkk_pika - database.py:318 - INFO - 保存成功
2026-08-02 00:06:28 - mkk_pika - main.py:177 - INFO - 已经下载了1355页，一共7050页，现在开始添加第1356页
2026-08-02 00:06:28 - mkk_pika - database.py:318 - INFO - 保存成功
2026-08-02 00:06:29 - mkk_pika - main.py:177 - INFO - 已经下载了1356页，一共7050页，现在开始添加第1357页
2026-08-02 00:06:29 - mkk_pika - database.py:318 - INFO - 保存成功
2026-08-02 00:06:29 - mkk_pika - main.py:177 - INFO - 已经下载了1357页，一共7050页，现在开始添加第1358页
2026-08-02 00:06:30 - mkk_pika - database.py:318 - INFO - 保存成功
2026-08-02 00:06:30 - mkk_pika - main.py:331 - INFO - 分批下载共计56本漫画
2026-08-02 00:06:30 - mkk_pika - main.py:35 - INFO - 开始检查おとなのにこまき (ラブライブ!)是否存在未下载章节
2026-08-02 00:06:31 - mkk_pika - main.py:45 - INFO - 正在下载:[おとなのにこまき (ラブライブ!)]-[カスタムサイズ (櫻井マコト)]-[['短篇', '同人', '百合花園', 'Love Live']]-[total_pages:25]
2026-08-02 00:06:31 - mkk_pika - main.py:49 - INFO - [{'_id': '5c41d9f83f6e0f267dd411e7', 'title': '第1集', 'order': 1, 'updated_at': '2019-01-18T08:12:28.345Z', 'id': '5c41d9f83f6e0f267dd411e7'}]
2026-08-02 00:06:31 - mkk_pika - database.py:215 - INFO - 第一次下载该漫画，记录数据库中
2026-08-02 00:06:31 - mkk_pika - main.py:83 - INFO - 找到 25 张图片在:第1集
2026-08-02 00:06:32 - mkk_pika - main.py:112 - INFO - [episode:第1集       ] downloaded:    25, total:  25, progress:100%
2026-08-02 00:06:32 - mkk_pika - database.py:238 - INFO - 数据库更新已下载章节
2026-08-02 00:06:32 - mkk_pika - database.py:244 - INFO - 该漫画已下载章节如下
2026-08-02 00:06:32 - mkk_pika - database.py:245 - INFO - ['第1集']
2026-08-02 00:06:33 - mkk_pika - main.py:348 - INFO - ==================== 漫画信息 ====================
                                   漫画ID：5c41d9f83f6e0f267dd411e6
                                   标题：おとなのにこまき (ラブライブ!)
                                   作者：カスタムサイズ (櫻井マコト)
                                   是否完结：是
                                   总页数：25
                                   分类：短篇,同人,百合花園,Love Live
                                   章节数：1
                                   最后更新时间：2019-01-18T13:51:52.547Z
                                   =================================================
2026-08-02 00:06:33 - mkk_pika - database.py:101 - INFO - 保存成功：おとなのにこまき (ラブライブ!)
2026-08-02 00:06:33 - mkk_pika - main.py:35 - INFO - 开始检查バージンちゃうわ！是否存在未下载章节
2026-08-02 00:06:34 - mkk_pika - main.py:45 - INFO - 正在下载:[バージンちゃうわ！]-[ヘリを]-[['純愛', '短篇']]-[total_pages:33]
2026-08-02 00:06:34 - mkk_pika - main.py:49 - INFO - [{'_id': '5c41da2e3f6e0f267dd41204', 'title': '第1集', 'order': 1, 'updated_at': '2019-01-18T08:31:27.565Z', 'id': '5c41da2e3f6e0f267dd41204'}]
2026-08-02 00:06:34 - mkk_pika - database.py:215 - INFO - 第一次下载该漫画，记录数据库中
2026-08-02 00:06:34 - mkk_pika - main.py:83 - INFO - 找到 33 张图片在:第1集
2026-08-02 00:06:35 - mkk_pika - main.py:112 - INFO - [episode:第1集       ] downloaded:    33, total:  33, progress:100%
2026-08-02 00:06:35 - mkk_pika - database.py:238 - INFO - 数据库更新已下载章节
2026-08-02 00:06:35 - mkk_pika - database.py:244 - INFO - 该漫画已下载章节如下
2026-08-02 00:06:35 - mkk_pika - database.py:245 - INFO - ['第1集']
2026-08-02 00:06:36 - mkk_pika - main.py:348 - INFO - ==================== 漫画信息 ====================
                                   漫画ID：5c41da2e3f6e0f267dd41203
                                   标题：バージンちゃうわ！
                                   作者：ヘリを
                                   是否完结：是
                                   总页数：33
                                   分类：純愛,短篇
                                   章节数：1
                                   最后更新时间：2019-01-18T13:52:46.955Z
                                   =================================================
2026-08-02 00:06:36 - mkk_pika - database.py:101 - INFO - 保存成功：バージンちゃうわ！
2026-08-02 00:06:36 - mkk_pika - main.py:35 - INFO - 开始检查ある人魚の思い出 | 美人鱼的回忆是否存在未下载章节
2026-08-02 00:06:36 - mkk_pika - main.py:45 - INFO - 正在下载:[ある人魚の思い出 | 美人鱼的回忆]-[新炎館 (のゆき)]-[['短篇', '百合花園', '非人類']]-[total_pages:14]
2026-08-02 00:06:36 - mkk_pika - main.py:49 - INFO - [{'_id': '5c41daa1e53650266ff1b20e', 'title': '第1集', 'order': 1, 'updated_at': '2019-01-18T08:32:44.277Z', 'id': '5c41daa1e53650266ff1b20e'}]
2026-08-02 00:06:36 - mkk_pika - database.py:215 - INFO - 第一次下载该漫画，记录数据库中
2026-08-02 00:06:37 - mkk_pika - main.py:83 - INFO - 找到 14 张图片在:第1集
2026-08-02 00:06:37 - mkk_pika - main.py:112 - INFO - [episode:第1集       ] downloaded:    14, total:  14, progress:100%
2026-08-02 00:06:37 - mkk_pika - database.py:238 - INFO - 数据库更新已下载章节
2026-08-02 00:06:37 - mkk_pika - database.py:244 - INFO - 该漫画已下载章节如下
2026-08-02 00:06:37 - mkk_pika - database.py:245 - INFO - ['第1集']
2026-08-02 00:06:39 - mkk_pika - main.py:348 - INFO - ==================== 漫画信息 ====================
                                   漫画ID：5c41daa1e53650266ff1b20d
                                   标题：ある人魚の思い出 | 美人鱼的回忆
                                   作者：新炎館 (のゆき)
                                   是否完结：是
                                   总页数：14
                                   分类：短篇,百合花園,非人類
                                   章节数：1
                                   最后更新时间：2019-01-18T13:54:41.440Z
                                   =================================================
2026-08-02 00:06:39 - mkk_pika - database.py:101 - INFO - 保存成功：ある人魚の思い出 | 美人鱼的回忆
2026-08-02 00:06:39 - mkk_pika - main.py:35 - INFO - 开始检查メリルちゃんに甘えたいっ 是否存在未下载章节
2026-08-02 00:06:39 - mkk_pika - main.py:45 - INFO - 正在下载:[メリルちゃんに甘えたいっ ]-[Rico]-[['短篇', '純愛', '妹妹系']]-[total_pages:32]
2026-08-02 00:06:39 - mkk_pika - main.py:49 - INFO - [{'_id': '5c41dab93f6e0f267dd4122c', 'title': '第1集', 'order': 1, 'updated_at': '2019-01-18T08:37:24.405Z', 'id': '5c41dab93f6e0f267dd4122c'}]
2026-08-02 00:06:39 - mkk_pika - database.py:215 - INFO - 第一次下载该漫画，记录数据库中
2026-08-02 00:06:40 - mkk_pika - main.py:83 - INFO - 找到 32 张图片在:第1集
2026-08-02 00:06:41 - mkk_pika - main.py:112 - INFO - [episode:第1集       ] downloaded:    32, total:  32, progress:100%
2026-08-02 00:06:41 - mkk_pika - database.py:238 - INFO - 数据库更新已下载章节
2026-08-02 00:06:41 - mkk_pika - database.py:244 - INFO - 该漫画已下载章节如下
2026-08-02 00:06:41 - mkk_pika - database.py:245 - INFO - ['第1集']
2026-08-02 00:06:42 - mkk_pika - main.py:348 - INFO - ==================== 漫画信息 ====================
                                   漫画ID：5c41dab93f6e0f267dd4122b
                                   标题：メリルちゃんに甘えたいっ 
                                   作者：Rico
                                   是否完结：是
                                   总页数：32
                                   分类：短篇,純愛,妹妹系
                                   章节数：1
                                   最后更新时间：2019-01-18T13:55:05.498Z
                                   =================================================
2026-08-02 00:06:42 - mkk_pika - database.py:101 - INFO - 保存成功：メリルちゃんに甘えたいっ 
2026-08-02 00:06:42 - mkk_pika - main.py:35 - INFO - 开始检查 (C95)イリヤ☆ヨツンヴァイン(Fate/kaleid liner プリズマ☆イリヤ)是否存在未下载章节
2026-08-02 00:06:42 - mkk_pika - main.py:45 - INFO - 正在下载:[ (C95)イリヤ☆ヨツンヴァイン(Fate/kaleid liner プリズマ☆イリヤ)]-[夏のチーズ工場 (母乳ち～ずの夏)]-[['短篇', '同人', 'Fate', '強暴']]-[total_pages:18]
2026-08-02 00:06:42 - mkk_pika - main.py:49 - INFO - [{'_id': '5c41dae3e53650266ff1b21e', 'title': '第1集', 'order': 1, 'updated_at': '2019-01-18T09:42:13.048Z', 'id': '5c41dae3e53650266ff1b21e'}]
2026-08-02 00:06:42 - mkk_pika - database.py:215 - INFO - 第一次下载该漫画，记录数据库中
2026-08-02 00:06:43 - mkk_pika - main.py:83 - INFO - 找到 18 张图片在:第1集
2026-08-02 00:06:43 - mkk_pika - main.py:112 - INFO - [episode:第1集       ] downloaded:    18, total:  18, progress:100%
2026-08-02 00:06:43 - mkk_pika - database.py:238 - INFO - 数据库更新已下载章节
2026-08-02 00:06:43 - mkk_pika - database.py:244 - INFO - 该漫画已下载章节如下
2026-08-02 00:06:43 - mkk_pika - database.py:245 - INFO - ['第1集']
2026-08-02 00:06:45 - mkk_pika - main.py:348 - INFO - ==================== 漫画信息 ====================
                                   漫画ID：5c41dae3e53650266ff1b21d
                                   标题： (C95)イリヤ☆ヨツンヴァイン(Fate/kaleid liner プリズマ☆イリヤ)
                                   作者：夏のチーズ工場 (母乳ち～ずの夏)
                                   是否完结：是
                                   总页数：18
                                   分类：短篇,同人,Fate,強暴
                                   章节数：1
                                   最后更新时间：2019-01-18T13:55:47.647Z
                                   =================================================
2026-08-02 00:06:45 - mkk_pika - database.py:101 - INFO - 保存成功： (C95)イリヤ☆ヨツンヴァイン(Fate/kaleid liner プリズマ☆イリヤ)
2026-08-02 00:06:45 - mkk_pika - main.py:35 - INFO - 开始检查秘蜜のタイツ是否存在未下载章节
2026-08-02 00:06:45 - mkk_pika - main.py:45 - INFO - 正在下载:[秘蜜のタイツ]-[Booblian (豚たま子)]-[['短篇']]-[total_pages:28]
2026-08-02 00:06:45 - mkk_pika - main.py:49 - INFO - [{'_id': '5c41db049d789e6c3cc969e6', 'title': '第1集', 'order': 1, 'updated_at': '2019-01-18T11:30:54.478Z', 'id': '5c41db049d789e6c3cc969e6'}]
2026-08-02 00:06:45 - mkk_pika - database.py:215 - INFO - 第一次下载该漫画，记录数据库中
2026-08-02 00:06:45 - mkk_pika - main.py:83 - INFO - 找到 28 张图片在:第1集
2026-08-02 00:06:46 - mkk_pika - main.py:112 - INFO - [episode:第1集       ] downloaded:    28, total:  28, progress:100%
2026-08-02 00:06:46 - mkk_pika - database.py:238 - INFO - 数据库更新已下载章节
2026-08-02 00:06:46 - mkk_pika - database.py:244 - INFO - 该漫画已下载章节如下
2026-08-02 00:06:46 - mkk_pika - database.py:245 - INFO - ['第1集']
2026-08-02 00:06:47 - mkk_pika - main.py:348 - INFO - ==================== 漫画信息 ====================
                                   漫画ID：5c41db049d789e6c3cc969e5
                                   标题：秘蜜のタイツ
                                   作者：Booblian (豚たま子)
                                   是否完结：否
                                   总页数：28
                                   分类：短篇
                                   章节数：1
                                   最后更新时间：2019-01-18T13:56:20.596Z
                                   =================================================
2026-08-02 00:06:47 - mkk_pika - database.py:101 - INFO - 保存成功：秘蜜のタイツ
2026-08-02 00:06:47 - mkk_pika - main.py:35 - INFO - 开始检查じょうずにぴゅっぴゅできるかな？ 很厲害的咻嚕咻嚕你做得到嗎？是否存在未下载章节
2026-08-02 00:06:48 - mkk_pika - main.py:45 - INFO - 正在下载:[じょうずにぴゅっぴゅできるかな？ 很厲害的咻嚕咻嚕你做得到嗎？]-[HANABi]-[['長篇', '純愛', '單行本', '後宮閃光', '姐姐系', 'SM']]-[total_pages:177]
2026-08-02 00:06:48 - mkk_pika - main.py:49 - INFO - [{'_id': '5c41db1200004e6bfca561a0', 'title': '第1集', 'order': 1, 'updated_at': '2019-01-18T06:57:39.882Z', 'id': '5c41db1200004e6bfca561a0'}]
2026-08-02 00:06:48 - mkk_pika - database.py:215 - INFO - 第一次下载该漫画，记录数据库中
2026-08-02 00:06:49 - mkk_pika - main.py:83 - INFO - 找到 177 张图片在:第1集
2026-08-02 00:06:52 - mkk_pika - main.py:112 - INFO - [episode:第1集       ] downloaded:   177, total: 177, progress:100%
2026-08-02 00:06:52 - mkk_pika - database.py:238 - INFO - 数据库更新已下载章节
2026-08-02 00:06:52 - mkk_pika - database.py:244 - INFO - 该漫画已下载章节如下
2026-08-02 00:06:52 - mkk_pika - database.py:245 - INFO - ['第1集']
2026-08-02 00:06:54 - mkk_pika - main.py:348 - INFO - ==================== 漫画信息 ====================
                                   漫画ID：5c41db1200004e6bfca5619f
                                   标题：じょうずにぴゅっぴゅできるかな？ 很厲害的咻嚕咻嚕你做得到嗎？
                                   作者：HANABi
                                   是否完结：是
                                   总页数：177
                                   分类：長篇,純愛,單行本,後宮閃光,姐姐系,SM
                                   章节数：1
                                   最后更新时间：2019-01-18T13:56:34.474Z
                                   =================================================
2026-08-02 00:06:54 - mkk_pika - database.py:101 - INFO - 保存成功：じょうずにぴゅっぴゅできるかな？ 很厲害的咻嚕咻嚕你做得到嗎？
2026-08-02 00:06:54 - mkk_pika - main.py:35 - INFO - 开始检查鹿島と夜の練習姦是否存在未下载章节
2026-08-02 00:06:54 - mkk_pika - main.py:45 - INFO - 正在下载:[鹿島と夜の練習姦]-[小判堂 (さめだ小判)]-[['同人', '短篇', '艦隊收藏']]-[total_pages:26]
2026-08-02 00:06:54 - mkk_pika - main.py:49 - INFO - [{'_id': '5c41dba99d789e6c3cc96a06', 'title': '第1集', 'order': 1, 'updated_at': '2019-01-18T12:21:34.279Z', 'id': '5c41dba99d789e6c3cc96a06'}]
2026-08-02 00:06:54 - mkk_pika - database.py:215 - INFO - 第一次下载该漫画，记录数据库中
2026-08-02 00:06:55 - mkk_pika - main.py:83 - INFO - 找到 26 张图片在:第1集
2026-08-02 00:06:55 - mkk_pika - main.py:112 - INFO - [episode:第1集       ] downloaded:    26, total:  26, progress:100%
2026-08-02 00:06:55 - mkk_pika - database.py:238 - INFO - 数据库更新已下载章节
2026-08-02 00:06:55 - mkk_pika - database.py:244 - INFO - 该漫画已下载章节如下
2026-08-02 00:06:55 - mkk_pika - database.py:245 - INFO - ['第1集']
2026-08-02 00:06:56 - mkk_pika - main.py:348 - INFO - ==================== 漫画信息 ====================
                                   漫画ID：5c41dba99d789e6c3cc96a05
                                   标题：鹿島と夜の練習姦
                                   作者：小判堂 (さめだ小判)
                                   是否完结：否
                                   总页数：26
                                   分类：同人,短篇,艦隊收藏
                                   章节数：1
                                   最后更新时间：2019-01-18T13:59:05.411Z
                                   =================================================
2026-08-02 00:06:56 - mkk_pika - database.py:101 - INFO - 保存成功：鹿島と夜の練習姦
2026-08-02 00:06:56 - mkk_pika - main.py:35 - INFO - 开始检查きらら＆みなみと犯りたいっ！是否存在未下载章节
2026-08-02 00:06:57 - mkk_pika - main.py:45 - INFO - 正在下载:[きらら＆みなみと犯りたいっ！]-[U.R.C (桃屋しょう猫)]-[['同人', '短篇']]-[total_pages:8]
2026-08-02 00:06:57 - mkk_pika - main.py:49 - INFO - [{'_id': '5c41dc099be31e0f9990dbf4', 'title': '第1集', 'order': 1, 'updated_at': '2019-01-18T12:40:54.837Z', 'id': '5c41dc099be31e0f9990dbf4'}]
2026-08-02 00:06:57 - mkk_pika - database.py:215 - INFO - 第一次下载该漫画，记录数据库中
2026-08-02 00:06:57 - mkk_pika - main.py:83 - INFO - 找到 8 张图片在:第1集
2026-08-02 00:06:58 - mkk_pika - main.py:112 - INFO - [episode:第1集       ] downloaded:     8, total:   8, progress:100%
2026-08-02 00:06:58 - mkk_pika - database.py:238 - INFO - 数据库更新已下载章节
2026-08-02 00:06:58 - mkk_pika - database.py:244 - INFO - 该漫画已下载章节如下
2026-08-02 00:06:58 - mkk_pika - database.py:245 - INFO - ['第1集']
2026-08-02 00:06:59 - mkk_pika - main.py:348 - INFO - ==================== 漫画信息 ====================
                                   漫画ID：5c41dc099be31e0f9990dbf3
                                   标题：きらら＆みなみと犯りたいっ！
                                   作者：U.R.C (桃屋しょう猫)
                                   是否完结：否
                                   总页数：8
                                   分类：同人,短篇
                                   章节数：1
                                   最后更新时间：2019-01-18T14:00:41.412Z
                                   =================================================
2026-08-02 00:06:59 - mkk_pika - database.py:101 - INFO - 保存成功：きらら＆みなみと犯りたいっ！
2026-08-02 00:06:59 - mkk_pika - main.py:35 - INFO - 开始检查お姉ちゃんとショタのお泊りデイズ是否存在未下载章节
2026-08-02 00:06:59 - mkk_pika - main.py:45 - INFO - 正在下载:[お姉ちゃんとショタのお泊りデイズ]-[Hasemi box (長谷見亮)]-[['同人', '短篇', '後宮閃光', '姐姐系']]-[total_pages:41]
2026-08-02 00:06:59 - mkk_pika - main.py:49 - INFO - [{'_id': '5c41dd41e53650266ff1b24e', 'title': '第1集', 'order': 1, 'updated_at': '2019-01-18T13:11:16.120Z', 'id': '5c41dd41e53650266ff1b24e'}]
2026-08-02 00:06:59 - mkk_pika - database.py:215 - INFO - 第一次下载该漫画，记录数据库中
2026-08-02 00:07:00 - mkk_pika - main.py:83 - INFO - 找到 41 张图片在:第1集
2026-08-02 00:07:01 - mkk_pika - main.py:112 - INFO - [episode:第1集       ] downloaded:    41, total:  41, progress:100%
2026-08-02 00:07:01 - mkk_pika - database.py:238 - INFO - 数据库更新已下载章节
2026-08-02 00:07:01 - mkk_pika - database.py:244 - INFO - 该漫画已下载章节如下
2026-08-02 00:07:01 - mkk_pika - database.py:245 - INFO - ['第1集']
2026-08-02 00:07:02 - mkk_pika - main.py:348 - INFO - ==================== 漫画信息 ====================
                                   漫画ID：5c41dd41e53650266ff1b24d
                                   标题：お姉ちゃんとショタのお泊りデイズ
                                   作者：Hasemi box (長谷見亮)
                                   是否完结：否
                                   总页数：41
                                   分类：同人,短篇,後宮閃光,姐姐系
                                   章节数：1
                                   最后更新时间：2019-01-18T14:05:53.088Z
                                   =================================================
2026-08-02 00:07:02 - mkk_pika - database.py:101 - INFO - 保存成功：お姉ちゃんとショタのお泊りデイズ
2026-08-02 00:07:02 - mkk_pika - main.py:35 - INFO - 开始检查(C95)エレちゃんはスイーツ（笑）がしたかったね(Fate Grand Order)是否存在未下载章节
2026-08-02 00:07:03 - mkk_pika - main.py:45 - INFO - 正在下载:[(C95)エレちゃんはスイーツ（笑）がしたかったね(Fate Grand Order)]-[こいくちきなこ (濃口kiki)]-[['短篇', '同人', 'Fate']]-[total_pages:30]
2026-08-02 00:07:03 - mkk_pika - main.py:49 - INFO - [{'_id': '5c41dd563f6e0f267dd4126f', 'title': '第1集', 'order': 1, 'updated_at': '2019-01-18T13:34:04.292Z', 'id': '5c41dd563f6e0f267dd4126f'}]
2026-08-02 00:07:03 - mkk_pika - database.py:215 - INFO - 第一次下载该漫画，记录数据库中
2026-08-02 00:07:03 - mkk_pika - main.py:83 - INFO - 找到 30 张图片在:第1集
2026-08-02 00:07:04 - mkk_pika - main.py:112 - INFO - [episode:第1集       ] downloaded:    30, total:  30, progress:100%
2026-08-02 00:07:04 - mkk_pika - database.py:238 - INFO - 数据库更新已下载章节
2026-08-02 00:07:04 - mkk_pika - database.py:244 - INFO - 该漫画已下载章节如下
2026-08-02 00:07:04 - mkk_pika - database.py:245 - INFO - ['第1集']
2026-08-02 00:07:05 - mkk_pika - main.py:348 - INFO - ==================== 漫画信息 ====================
                                   漫画ID：5c41dd563f6e0f267dd4126e
                                   标题：(C95)エレちゃんはスイーツ（笑）がしたかったね(Fate Grand Order)
                                   作者：こいくちきなこ (濃口kiki)
                                   是否完结：是
                                   总页数：30
                                   分类：短篇,同人,Fate
                                   章节数：1
                                   最后更新时间：2019-01-18T14:06:14.486Z
                                   =================================================
2026-08-02 00:07:05 - mkk_pika - database.py:101 - INFO - 保存成功：(C95)エレちゃんはスイーツ（笑）がしたかったね(Fate Grand Order)
2026-08-02 00:07:05 - mkk_pika - main.py:35 - INFO - 开始检查ゆきずり是否存在未下载章节
2026-08-02 00:07:05 - mkk_pika - main.py:45 - INFO - 正在下载:[ゆきずり]-[姉ヶ丘三丁目 (おきゅうり)]-[['足の恋', 'SM', '短篇']]-[total_pages:41]
2026-08-02 00:07:05 - mkk_pika - main.py:49 - INFO - [{'_id': '5c42f28b09220c2140a0e27e', 'title': '第1集', 'order': 1, 'updated_at': '2019-01-18T06:29:43.298Z', 'id': '5c42f28b09220c2140a0e27e'}]
2026-08-02 00:07:05 - mkk_pika - database.py:215 - INFO - 第一次下载该漫画，记录数据库中
2026-08-02 00:07:06 - mkk_pika - main.py:83 - INFO - 找到 21 张图片在:第1集
2026-08-02 00:07:06 - mkk_pika - main.py:112 - INFO - [episode:第1集       ] downloaded:    21, total:  21, progress:100%
2026-08-02 00:07:06 - mkk_pika - database.py:238 - INFO - 数据库更新已下载章节
2026-08-02 00:07:06 - mkk_pika - database.py:244 - INFO - 该漫画已下载章节如下
2026-08-02 00:07:06 - mkk_pika - database.py:245 - INFO - ['第1集']
2026-08-02 00:07:08 - mkk_pika - main.py:348 - INFO - ==================== 漫画信息 ====================
                                   漫画ID：5c42f28b09220c2140a0e27d
                                   标题：ゆきずり
                                   作者：姉ヶ丘三丁目 (おきゅうり)
                                   是否完结：是
                                   总页数：41
                                   分类：足の恋,SM,短篇
                                   章节数：1
                                   最后更新时间：2019-01-19T09:48:59.742Z
                                   =================================================
2026-08-02 00:07:08 - mkk_pika - database.py:101 - INFO - 保存成功：ゆきずり
2026-08-02 00:07:08 - mkk_pika - main.py:35 - INFO - 开始检查 毒麦茶 是否存在未下载章节
2026-08-02 00:07:08 - mkk_pika - main.py:45 - INFO - 正在下载:[ 毒麦茶 ]-[姉ヶ丘三丁目 (おきゅうり)]-[['短篇']]-[total_pages:21]
2026-08-02 00:07:08 - mkk_pika - main.py:49 - INFO - [{'_id': '5c42f298013ad7213a2af90e', 'title': '第1集', 'order': 1, 'updated_at': '2019-01-18T11:56:11.015Z', 'id': '5c42f298013ad7213a2af90e'}]
2026-08-02 00:07:08 - mkk_pika - database.py:215 - INFO - 第一次下载该漫画，记录数据库中
2026-08-02 00:07:09 - mkk_pika - main.py:83 - INFO - 找到 21 张图片在:第1集
2026-08-02 00:07:09 - mkk_pika - main.py:112 - INFO - [episode:第1集       ] downloaded:    21, total:  21, progress:100%
2026-08-02 00:07:09 - mkk_pika - database.py:238 - INFO - 数据库更新已下载章节
2026-08-02 00:07:09 - mkk_pika - database.py:244 - INFO - 该漫画已下载章节如下
2026-08-02 00:07:09 - mkk_pika - database.py:245 - INFO - ['第1集']
2026-08-02 00:07:10 - mkk_pika - main.py:348 - INFO - ==================== 漫画信息 ====================
                                   漫画ID：5c42f298013ad7213a2af90d
                                   标题： 毒麦茶 
                                   作者：姉ヶ丘三丁目 (おきゅうり)
                                   是否完结：是
                                   总页数：21
                                   分类：短篇
                                   章节数：1
                                   最后更新时间：2019-01-19T09:49:12.851Z
                                   =================================================
2026-08-02 00:07:10 - mkk_pika - database.py:101 - INFO - 保存成功： 毒麦茶 
2026-08-02 00:07:10 - mkk_pika - main.py:35 - INFO - 开始检查なつやすみラジオたいそうおねえさん 是否存在未下载章节
2026-08-02 00:07:11 - mkk_pika - main.py:45 - INFO - 正在下载:[なつやすみラジオたいそうおねえさん ]-[姉ヶ丘三丁目 (おきゅうり)]-[['短篇', '強暴']]-[total_pages:32]
2026-08-02 00:07:11 - mkk_pika - main.py:49 - INFO - [{'_id': '5c42f2b7013ad7213a2af926', 'title': '第1集', 'order': 1, 'updated_at': '2019-01-18T12:06:57.937Z', 'id': '5c42f2b7013ad7213a2af926'}]
2026-08-02 00:07:11 - mkk_pika - database.py:215 - INFO - 第一次下载该漫画，记录数据库中
2026-08-02 00:07:11 - mkk_pika - main.py:83 - INFO - 找到 32 张图片在:第1集
2026-08-02 00:07:12 - mkk_pika - main.py:112 - INFO - [episode:第1集       ] downloaded:    32, total:  32, progress:100%
2026-08-02 00:07:12 - mkk_pika - database.py:238 - INFO - 数据库更新已下载章节
2026-08-02 00:07:12 - mkk_pika - database.py:244 - INFO - 该漫画已下载章节如下
2026-08-02 00:07:12 - mkk_pika - database.py:245 - INFO - ['第1集']
2026-08-02 00:07:13 - mkk_pika - main.py:348 - INFO - ==================== 漫画信息 ====================
                                   漫画ID：5c42f2b6013ad7213a2af925
                                   标题：なつやすみラジオたいそうおねえさん 
                                   作者：姉ヶ丘三丁目 (おきゅうり)
                                   是否完结：是
                                   总页数：32
                                   分类：短篇,強暴
                                   章节数：1
                                   最后更新时间：2019-01-19T09:49:42.995Z
                                   =================================================
2026-08-02 00:07:13 - mkk_pika - database.py:101 - INFO - 保存成功：なつやすみラジオたいそうおねえさん 
2026-08-02 00:07:13 - mkk_pika - main.py:35 - INFO - 开始检查 ヤンデレ時雨総集編 (艦隊これくしょん -艦これ-)是否存在未下载章节
2026-08-02 00:07:13 - mkk_pika - main.py:45 - INFO - 正在下载:[ ヤンデレ時雨総集編 (艦隊これくしょん -艦これ-)]-[PigPanPan (伊倉ナギサ)]-[['同人', '長篇', '艦隊收藏', '嗶咔漢化']]-[total_pages:86]
2026-08-02 00:07:13 - mkk_pika - main.py:49 - INFO - [{'_id': '5c42f2ea71c56e210b83938e', 'title': '总集篇', 'order': 1, 'updated_at': '2019-01-18T12:35:32.252Z', 'id': '5c42f2ea71c56e210b83938e'}]
2026-08-02 00:07:13 - mkk_pika - database.py:215 - INFO - 第一次下载该漫画，记录数据库中
2026-08-02 00:07:15 - mkk_pika - main.py:83 - INFO - 找到 86 张图片在:总集篇
2026-08-02 00:07:16 - mkk_pika - main.py:112 - INFO - [episode:总集篇       ] downloaded:    86, total:  86, progress:100%
2026-08-02 00:07:16 - mkk_pika - database.py:238 - INFO - 数据库更新已下载章节
2026-08-02 00:07:16 - mkk_pika - database.py:244 - INFO - 该漫画已下载章节如下
2026-08-02 00:07:16 - mkk_pika - database.py:245 - INFO - ['总集篇']
2026-08-02 00:07:17 - mkk_pika - main.py:348 - INFO - ==================== 漫画信息 ====================
                                   漫画ID：5c42f2ea71c56e210b83938d
                                   标题： ヤンデレ時雨総集編 (艦隊これくしょん -艦これ-)
                                   作者：PigPanPan (伊倉ナギサ)
                                   是否完结：是
                                   总页数：86
                                   分类：同人,長篇,艦隊收藏,嗶咔漢化
                                   章节数：1
                                   最后更新时间：2019-01-19T09:50:34.003Z
                                   =================================================
2026-08-02 00:07:17 - mkk_pika - database.py:101 - INFO - 保存成功： ヤンデレ時雨総集編 (艦隊これくしょん -艦これ-)
2026-08-02 00:07:17 - mkk_pika - main.py:35 - INFO - 开始检查 (C95)転生したら薄い本になった件 (転生したらスライムだった件)是否存在未下载章节
2026-08-02 00:07:18 - mkk_pika - main.py:45 - INFO - 正在下载:[ (C95)転生したら薄い本になった件 (転生したらスライムだった件)]-[ナギヤマスギ (那岐山)]-[['短篇', '同人', '非人類']]-[total_pages:22]
2026-08-02 00:07:18 - mkk_pika - main.py:49 - INFO - [{'_id': '5c42f302ce5d522113d1e395', 'title': '第1集', 'order': 1, 'updated_at': '2019-01-18T15:03:48.340Z', 'id': '5c42f302ce5d522113d1e395'}]
2026-08-02 00:07:18 - mkk_pika - database.py:215 - INFO - 第一次下载该漫画，记录数据库中
2026-08-02 00:07:18 - mkk_pika - main.py:83 - INFO - 找到 22 张图片在:第1集
2026-08-02 00:07:19 - mkk_pika - main.py:112 - INFO - [episode:第1集       ] downloaded:    22, total:  22, progress:100%
2026-08-02 00:07:19 - mkk_pika - database.py:238 - INFO - 数据库更新已下载章节
2026-08-02 00:07:19 - mkk_pika - database.py:244 - INFO - 该漫画已下载章节如下
2026-08-02 00:07:19 - mkk_pika - database.py:245 - INFO - ['第1集']
2026-08-02 00:07:20 - mkk_pika - main.py:348 - INFO - ==================== 漫画信息 ====================
                                   漫画ID：5c42f302ce5d522113d1e394
                                   标题： (C95)転生したら薄い本になった件 (転生したらスライムだった件)
                                   作者：ナギヤマスギ (那岐山)
                                   是否完结：是
                                   总页数：22
                                   分类：短篇,同人,非人類
                                   章节数：1
                                   最后更新时间：2019-01-19T09:50:58.920Z
                                   =================================================
2026-08-02 00:07:20 - mkk_pika - database.py:101 - INFO - 保存成功： (C95)転生したら薄い本になった件 (転生したらスライムだった件)
2026-08-02 00:07:20 - mkk_pika - main.py:35 - INFO - 开始检查星守生徒会長の修練成果日誌(バトルガールハイスクール)是否存在未下载章节
2026-08-02 00:07:20 - mkk_pika - main.py:45 - INFO - 正在下载:[星守生徒会長の修練成果日誌(バトルガールハイスクール)]-[Commanding Eagle (鷲塚翔)]-[['短篇', '同人', '純愛', '後宮閃光']]-[total_pages:23]
2026-08-02 00:07:20 - mkk_pika - main.py:49 - INFO - [{'_id': '5c42f3290f61b92a9d489e22', 'title': '第1集', 'order': 1, 'updated_at': '2019-01-18T15:15:20.723Z', 'id': '5c42f3290f61b92a9d489e22'}]
2026-08-02 00:07:20 - mkk_pika - database.py:215 - INFO - 第一次下载该漫画，记录数据库中
2026-08-02 00:07:21 - mkk_pika - main.py:83 - INFO - 找到 23 张图片在:第1集
2026-08-02 00:07:21 - mkk_pika - main.py:112 - INFO - [episode:第1集       ] downloaded:    23, total:  23, progress:100%
2026-08-02 00:07:21 - mkk_pika - database.py:238 - INFO - 数据库更新已下载章节
2026-08-02 00:07:21 - mkk_pika - database.py:244 - INFO - 该漫画已下载章节如下
2026-08-02 00:07:21 - mkk_pika - database.py:245 - INFO - ['第1集']
2026-08-02 00:07:23 - mkk_pika - main.py:348 - INFO - ==================== 漫画信息 ====================
                                   漫画ID：5c42f3290f61b92a9d489e21
                                   标题：星守生徒会長の修練成果日誌(バトルガールハイスクール)
                                   作者：Commanding Eagle (鷲塚翔)
                                   是否完结：是
                                   总页数：23
                                   分类：短篇,同人,純愛,後宮閃光
                                   章节数：1
                                   最后更新时间：2019-01-19T09:51:37.276Z
                                   =================================================
2026-08-02 00:07:23 - mkk_pika - database.py:101 - INFO - 保存成功：星守生徒会長の修練成果日誌(バトルガールハイスクール)
2026-08-02 00:07:23 - mkk_pika - main.py:35 - INFO - 开始检查(C95)  オジサン★お願いあるんだから (Fate/Grand Order)是否存在未下载章节
2026-08-02 00:07:23 - mkk_pika - main.py:45 - INFO - 正在下载:[(C95)  オジサン★お願いあるんだから (Fate/Grand Order)]-[kulmov_ (黒輪)]-[['短篇', '同人', 'Fate']]-[total_pages:28]
2026-08-02 00:07:23 - mkk_pika - main.py:49 - INFO - [{'_id': '5c42f3e9f1484f45360727ee', 'title': '第1集', 'order': 1, 'updated_at': '2019-01-18T18:37:44.939Z', 'id': '5c42f3e9f1484f45360727ee'}]
2026-08-02 00:07:23 - mkk_pika - database.py:215 - INFO - 第一次下载该漫画，记录数据库中
2026-08-02 00:07:24 - mkk_pika - main.py:83 - INFO - 找到 28 张图片在:第1集
2026-08-02 00:07:24 - mkk_pika - main.py:112 - INFO - [episode:第1集       ] downloaded:    28, total:  28, progress:100%
2026-08-02 00:07:24 - mkk_pika - database.py:238 - INFO - 数据库更新已下载章节
2026-08-02 00:07:24 - mkk_pika - database.py:244 - INFO - 该漫画已下载章节如下
2026-08-02 00:07:24 - mkk_pika - database.py:245 - INFO - ['第1集']
2026-08-02 00:07:26 - mkk_pika - main.py:348 - INFO - ==================== 漫画信息 ====================
                                   漫画ID：5c42f3e9f1484f45360727ed
                                   标题：(C95)  オジサン★お願いあるんだから (Fate/Grand Order)
                                   作者：kulmov_ (黒輪)
                                   是否完结：是
                                   总页数：28
                                   分类：短篇,同人,Fate
                                   章节数：1
                                   最后更新时间：2019-01-19T09:54:49.730Z
                                   =================================================
2026-08-02 00:07:26 - mkk_pika - database.py:101 - INFO - 保存成功：(C95)  オジサン★お願いあるんだから (Fate/Grand Order)
2026-08-02 00:07:26 - mkk_pika - main.py:35 - INFO - 开始检查沙耶加X杏子是否存在未下载章节
2026-08-02 00:07:26 - mkk_pika - main.py:45 - INFO - 正在下载:[沙耶加X杏子]-[やわらぎ瓶]-[['百合花園']]-[total_pages:31]
2026-08-02 00:07:26 - mkk_pika - main.py:49 - INFO - [{'_id': '5c42f461a2ec9c44f682d143', 'title': '第1集', 'order': 1, 'updated_at': '2019-01-19T01:06:38.779Z', 'id': '5c42f461a2ec9c44f682d143'}]
2026-08-02 00:07:26 - mkk_pika - database.py:215 - INFO - 第一次下载该漫画，记录数据库中
2026-08-02 00:07:27 - mkk_pika - main.py:83 - INFO - 找到 34 张图片在:第1集
2026-08-02 00:07:27 - mkk_pika - main.py:112 - INFO - [episode:第1集       ] downloaded:    34, total:  34, progress:100%
2026-08-02 00:07:27 - mkk_pika - database.py:238 - INFO - 数据库更新已下载章节
2026-08-02 00:07:27 - mkk_pika - database.py:244 - INFO - 该漫画已下载章节如下
2026-08-02 00:07:27 - mkk_pika - database.py:245 - INFO - ['第1集']
2026-08-02 00:07:28 - mkk_pika - main.py:348 - INFO - ==================== 漫画信息 ====================
                                   漫画ID：5c42f461a2ec9c44f682d142
                                   标题：沙耶加X杏子
                                   作者：やわらぎ瓶
                                   是否完结：是
                                   总页数：31
                                   分类：百合花園
                                   章节数：1
                                   最后更新时间：2019-01-19T09:56:49.107Z
                                   =================================================
2026-08-02 00:07:28 - mkk_pika - database.py:101 - INFO - 保存成功：沙耶加X杏子
2026-08-02 00:07:28 - mkk_pika - main.py:35 - INFO - 开始检查(C92) 発情義妹和泉紗霧開発性活。 (エロマンガ先生)是否存在未下载章节
2026-08-02 00:07:29 - mkk_pika - main.py:45 - INFO - 正在下载:[(C92) 発情義妹和泉紗霧開発性活。 (エロマンガ先生)]-[waterwheel (白田太)]-[['同人', '短篇', '妹妹系']]-[total_pages:23]
2026-08-02 00:07:29 - mkk_pika - main.py:49 - INFO - [{'_id': '5c42f485ce5d522113d1e3b5', 'title': '第1集', 'order': 1, 'updated_at': '2019-01-19T03:03:43.433Z', 'id': '5c42f485ce5d522113d1e3b5'}]
2026-08-02 00:07:29 - mkk_pika - database.py:215 - INFO - 第一次下载该漫画，记录数据库中
2026-08-02 00:07:29 - mkk_pika - main.py:83 - INFO - 找到 23 张图片在:第1集
2026-08-02 00:07:30 - mkk_pika - main.py:112 - INFO - [episode:第1集       ] downloaded:    23, total:  23, progress:100%
2026-08-02 00:07:30 - mkk_pika - database.py:238 - INFO - 数据库更新已下载章节
2026-08-02 00:07:30 - mkk_pika - database.py:244 - INFO - 该漫画已下载章节如下
2026-08-02 00:07:30 - mkk_pika - database.py:245 - INFO - ['第1集']
2026-08-02 00:07:31 - mkk_pika - main.py:348 - INFO - ==================== 漫画信息 ====================
                                   漫画ID：5c42f485ce5d522113d1e3b4
                                   标题：(C92) 発情義妹和泉紗霧開発性活。 (エロマンガ先生)
                                   作者：waterwheel (白田太)
                                   是否完结：是
                                   总页数：23
                                   分类：同人,短篇,妹妹系
                                   章节数：1
                                   最后更新时间：2019-01-19T09:57:25.752Z
                                   =================================================
2026-08-02 00:07:31 - mkk_pika - database.py:101 - INFO - 保存成功：(C92) 発情義妹和泉紗霧開発性活。 (エロマンガ先生)
2026-08-02 00:07:31 - mkk_pika - main.py:35 - INFO - 开始检查(C95) 秘密の娼館で亜人メイドを 是否存在未下载章节
2026-08-02 00:07:31 - mkk_pika - main.py:45 - INFO - 正在下载:[(C95) 秘密の娼館で亜人メイドを ]-[少女騎士団 (大槍葦人)]-[['全彩', '短篇']]-[total_pages:26]
2026-08-02 00:07:31 - mkk_pika - main.py:49 - INFO - [{'_id': '5c42f49409220c2140a0e29d', 'title': '第1集', 'order': 1, 'updated_at': '2019-01-19T03:08:10.675Z', 'id': '5c42f49409220c2140a0e29d'}]
2026-08-02 00:07:31 - mkk_pika - database.py:215 - INFO - 第一次下载该漫画，记录数据库中
2026-08-02 00:07:32 - mkk_pika - main.py:83 - INFO - 找到 26 张图片在:第1集
2026-08-02 00:07:32 - mkk_pika - main.py:112 - INFO - [episode:第1集       ] downloaded:    26, total:  26, progress:100%
2026-08-02 00:07:32 - mkk_pika - database.py:238 - INFO - 数据库更新已下载章节
2026-08-02 00:07:32 - mkk_pika - database.py:244 - INFO - 该漫画已下载章节如下
2026-08-02 00:07:32 - mkk_pika - database.py:245 - INFO - ['第1集']
2026-08-02 00:07:34 - mkk_pika - main.py:348 - INFO - ==================== 漫画信息 ====================
                                   漫画ID：5c42f49409220c2140a0e29c
                                   标题：(C95) 秘密の娼館で亜人メイドを 
                                   作者：少女騎士団 (大槍葦人)
                                   是否完结：是
                                   总页数：26
                                   分类：全彩,短篇
                                   章节数：1
                                   最后更新时间：2019-01-19T09:57:40.422Z
                                   =================================================
2026-08-02 00:07:34 - mkk_pika - database.py:101 - INFO - 保存成功：(C95) 秘密の娼館で亜人メイドを 
2026-08-02 00:07:34 - mkk_pika - main.py:35 - INFO - 开始检查妻と罰是否存在未下载章节
2026-08-02 00:07:34 - mkk_pika - main.py:45 - INFO - 正在下载:[妻と罰]-[山田タヒチ]-[['長篇', '人妻', 'NTR']]-[total_pages:217]
2026-08-02 00:07:34 - mkk_pika - main.py:49 - INFO - [{'_id': '5c42f49f8a09b0452842de62', 'title': '第1集', 'order': 1, 'updated_at': '2019-01-19T03:06:25.636Z', 'id': '5c42f49f8a09b0452842de62'}]
2026-08-02 00:07:34 - mkk_pika - database.py:215 - INFO - 第一次下载该漫画，记录数据库中
2026-08-02 00:07:37 - mkk_pika - main.py:83 - INFO - 找到 217 张图片在:第1集
2026-08-02 00:07:41 - mkk_pika - main.py:112 - INFO - [episode:第1集       ] downloaded:   217, total: 217, progress:100%
2026-08-02 00:07:41 - mkk_pika - database.py:238 - INFO - 数据库更新已下载章节
2026-08-02 00:07:41 - mkk_pika - database.py:244 - INFO - 该漫画已下载章节如下
2026-08-02 00:07:41 - mkk_pika - database.py:245 - INFO - ['第1集']
2026-08-02 00:07:42 - mkk_pika - main.py:348 - INFO - ==================== 漫画信息 ====================
                                   漫画ID：5c42f49f8a09b0452842de61
                                   标题：妻と罰
                                   作者：山田タヒチ
                                   是否完结：否
                                   总页数：217
                                   分类：長篇,人妻,NTR
                                   章节数：1
                                   最后更新时间：2019-01-19T09:57:51.588Z
                                   =================================================
2026-08-02 00:07:42 - mkk_pika - database.py:101 - INFO - 保存成功：妻と罰
2026-08-02 00:07:42 - mkk_pika - main.py:35 - INFO - 开始检查伝説の本 數碼世界語 デジ文字是否存在未下载章节
2026-08-02 00:07:42 - mkk_pika - main.py:45 - INFO - 正在下载:[伝説の本 數碼世界語 デジ文字]-[カラスちゃん (カラスちゃん)]-[['同人']]-[total_pages:28]
2026-08-02 00:07:42 - mkk_pika - main.py:49 - INFO - [{'_id': '5c42f55c8a09b0452842df6a', 'title': '第1集', 'order': 1, 'updated_at': '2019-01-19T05:01:41.781Z', 'id': '5c42f55c8a09b0452842df6a'}]
2026-08-02 00:07:42 - mkk_pika - database.py:215 - INFO - 第一次下载该漫画，记录数据库中
2026-08-02 00:07:43 - mkk_pika - main.py:83 - INFO - 找到 28 张图片在:第1集
2026-08-02 00:07:44 - mkk_pika - main.py:112 - INFO - [episode:第1集       ] downloaded:    28, total:  28, progress:100%
2026-08-02 00:07:44 - mkk_pika - database.py:238 - INFO - 数据库更新已下载章节
2026-08-02 00:07:44 - mkk_pika - database.py:244 - INFO - 该漫画已下载章节如下
2026-08-02 00:07:44 - mkk_pika - database.py:245 - INFO - ['第1集']
2026-08-02 00:07:45 - mkk_pika - main.py:348 - INFO - ==================== 漫画信息 ====================
                                   漫画ID：5c42f55c8a09b0452842df69
                                   标题：伝説の本 數碼世界語 デジ文字
                                   作者：カラスちゃん (カラスちゃん)
                                   是否完结：否
                                   总页数：28
                                   分类：同人
                                   章节数：1
                                   最后更新时间：2019-01-19T10:01:00.094Z
                                   =================================================
2026-08-02 00:07:45 - mkk_pika - database.py:101 - INFO - 保存成功：伝説の本 數碼世界語 デジ文字
2026-08-02 00:07:45 - mkk_pika - main.py:35 - INFO - 开始检查 (C95)夜野とばり連続中出し絶頂ガチハメ生配信 (夜野とばり)是否存在未下载章节
2026-08-02 00:07:45 - mkk_pika - main.py:45 - INFO - 正在下载:[ (C95)夜野とばり連続中出し絶頂ガチハメ生配信 (夜野とばり)]-[French letter (藤崎ひかり)]-[['短篇', '同人', '強暴']]-[total_pages:30]
2026-08-02 00:07:45 - mkk_pika - main.py:49 - INFO - [{'_id': '5c42f56cf1484f4536072835', 'title': '第1集', 'order': 1, 'updated_at': '2019-01-19T05:45:22.157Z', 'id': '5c42f56cf1484f4536072835'}]
2026-08-02 00:07:45 - mkk_pika - database.py:215 - INFO - 第一次下载该漫画，记录数据库中
2026-08-02 00:07:46 - mkk_pika - main.py:83 - INFO - 找到 30 张图片在:第1集
2026-08-02 00:07:46 - mkk_pika - main.py:112 - INFO - [episode:第1集       ] downloaded:    30, total:  30, progress:100%
2026-08-02 00:07:46 - mkk_pika - database.py:238 - INFO - 数据库更新已下载章节
2026-08-02 00:07:46 - mkk_pika - database.py:244 - INFO - 该漫画已下载章节如下
2026-08-02 00:07:46 - mkk_pika - database.py:245 - INFO - ['第1集']
2026-08-02 00:07:48 - mkk_pika - main.py:348 - INFO - ==================== 漫画信息 ====================
                                   漫画ID：5c42f56cf1484f4536072834
                                   标题： (C95)夜野とばり連続中出し絶頂ガチハメ生配信 (夜野とばり)
                                   作者：French letter (藤崎ひかり)
                                   是否完结：是
                                   总页数：30
                                   分类：短篇,同人,強暴
                                   章节数：1
                                   最后更新时间：2019-01-19T10:01:16.275Z
                                   =================================================
2026-08-02 00:07:48 - mkk_pika - database.py:101 - INFO - 保存成功： (C95)夜野とばり連続中出し絶頂ガチハメ生配信 (夜野とばり)
2026-08-02 00:07:48 - mkk_pika - main.py:35 - INFO - 开始检查マイナスの距離（ことのはアムリラート）是否存在未下载章节
2026-08-02 00:07:48 - mkk_pika - main.py:45 - INFO - 正在下载:[マイナスの距離（ことのはアムリラート）]-[辻柚那]-[['短篇', '純愛', '百合花園']]-[total_pages:50]
2026-08-02 00:07:48 - mkk_pika - main.py:49 - INFO - [{'_id': '5c42f58fce5d522113d1e417', 'title': '第1集', 'order': 1, 'updated_at': '2019-01-19T07:12:10.955Z', 'id': '5c42f58fce5d522113d1e417'}]
2026-08-02 00:07:48 - mkk_pika - database.py:215 - INFO - 第一次下载该漫画，记录数据库中
2026-08-02 00:07:49 - mkk_pika - main.py:83 - INFO - 找到 50 张图片在:第1集
2026-08-02 00:07:50 - mkk_pika - main.py:112 - INFO - [episode:第1集       ] downloaded:    50, total:  50, progress:100%
2026-08-02 00:07:50 - mkk_pika - database.py:238 - INFO - 数据库更新已下载章节
2026-08-02 00:07:50 - mkk_pika - database.py:244 - INFO - 该漫画已下载章节如下
2026-08-02 00:07:50 - mkk_pika - database.py:245 - INFO - ['第1集']
2026-08-02 00:07:52 - mkk_pika - main.py:348 - INFO - ==================== 漫画信息 ====================
                                   漫画ID：5c42f58fce5d522113d1e416
                                   标题：マイナスの距離（ことのはアムリラート）
                                   作者：辻柚那
                                   是否完结：是
                                   总页数：50
                                   分类：短篇,純愛,百合花園
                                   章节数：1
                                   最后更新时间：2019-01-19T10:01:51.905Z
                                   =================================================
2026-08-02 00:07:52 - mkk_pika - database.py:101 - INFO - 保存成功：マイナスの距離（ことのはアムリラート）
2026-08-02 00:07:52 - mkk_pika - main.py:35 - INFO - 开始检查足コキ!ヴァンパイアちゃん(アズールレーン)是否存在未下载章节
2026-08-02 00:07:52 - mkk_pika - main.py:45 - INFO - 正在下载:[足コキ!ヴァンパイアちゃん(アズールレーン)]-[ぷりたにあ (ぷり)]-[['短篇', '同人', '足の恋']]-[total_pages:19]
2026-08-02 00:07:52 - mkk_pika - main.py:49 - INFO - [{'_id': '5c42f5baf8c54a44fe33beb9', 'title': '第1集', 'order': 1, 'updated_at': '2019-01-19T07:21:47.983Z', 'id': '5c42f5baf8c54a44fe33beb9'}]
2026-08-02 00:07:52 - mkk_pika - database.py:215 - INFO - 第一次下载该漫画，记录数据库中
2026-08-02 00:07:53 - mkk_pika - main.py:83 - INFO - 找到 19 张图片在:第1集
2026-08-02 00:07:53 - mkk_pika - main.py:112 - INFO - [episode:第1集       ] downloaded:    19, total:  19, progress:100%
2026-08-02 00:07:53 - mkk_pika - database.py:238 - INFO - 数据库更新已下载章节
2026-08-02 00:07:53 - mkk_pika - database.py:244 - INFO - 该漫画已下载章节如下
2026-08-02 00:07:53 - mkk_pika - database.py:245 - INFO - ['第1集']
2026-08-02 00:07:54 - mkk_pika - main.py:348 - INFO - ==================== 漫画信息 ====================
                                   漫画ID：5c42f5baf8c54a44fe33beb8
                                   标题：足コキ!ヴァンパイアちゃん(アズールレーン)
                                   作者：ぷりたにあ (ぷり)
                                   是否完结：是
                                   总页数：19
                                   分类：短篇,同人,足の恋
                                   章节数：1
                                   最后更新时间：2019-01-19T10:02:34.111Z
                                   =================================================
2026-08-02 00:07:54 - mkk_pika - database.py:101 - INFO - 保存成功：足コキ!ヴァンパイアちゃん(アズールレーン)
2026-08-02 00:07:54 - mkk_pika - main.py:35 - INFO - 开始检查びっち⁉びゅあ♥らぶ !!（無修正）是否存在未下载章节
2026-08-02 00:07:55 - mkk_pika - main.py:45 - INFO - 正在下载:[びっち⁉びゅあ♥らぶ !!（無修正）]-[軽部ぐり]-[['短篇', 'NTR']]-[total_pages:17]
2026-08-02 00:07:55 - mkk_pika - main.py:49 - INFO - [{'_id': '5c42f5c978c3e02addf19307', 'title': '第1集', 'order': 1, 'updated_at': '2019-01-19T07:46:57.879Z', 'id': '5c42f5c978c3e02addf19307'}]
2026-08-02 00:07:55 - mkk_pika - database.py:215 - INFO - 第一次下载该漫画，记录数据库中
2026-08-02 00:07:55 - mkk_pika - main.py:83 - INFO - 找到 17 张图片在:第1集
2026-08-02 00:07:56 - mkk_pika - main.py:112 - INFO - [episode:第1集       ] downloaded:    17, total:  17, progress:100%
2026-08-02 00:07:56 - mkk_pika - database.py:238 - INFO - 数据库更新已下载章节
2026-08-02 00:07:56 - mkk_pika - database.py:244 - INFO - 该漫画已下载章节如下
2026-08-02 00:07:56 - mkk_pika - database.py:245 - INFO - ['第1集']
2026-08-02 00:07:57 - mkk_pika - main.py:348 - INFO - ==================== 漫画信息 ====================
                                   漫画ID：5c42f5c978c3e02addf19306
                                   标题：びっち⁉びゅあ♥らぶ !!（無修正）
                                   作者：軽部ぐり
                                   是否完结：是
                                   总页数：17
                                   分类：短篇,NTR
                                   章节数：1
                                   最后更新时间：2019-01-19T10:02:49.912Z
                                   =================================================
2026-08-02 00:07:57 - mkk_pika - database.py:101 - INFO - 保存成功：びっち⁉びゅあ♥らぶ !!（無修正）
2026-08-02 00:07:57 - mkk_pika - main.py:35 - INFO - 开始检查 黄金色バラッド (少女カラフル)是否存在未下载章节
2026-08-02 00:07:57 - mkk_pika - main.py:45 - INFO - 正在下载:[ 黄金色バラッド (少女カラフル)]-[丸和太郎]-[['短篇']]-[total_pages:24]
2026-08-02 00:07:57 - mkk_pika - main.py:49 - INFO - [{'_id': '5c42f5d95eddd02ad3ea39c6', 'title': '第1集', 'order': 1, 'updated_at': '2019-01-19T07:52:22.158Z', 'id': '5c42f5d95eddd02ad3ea39c6'}]
2026-08-02 00:07:57 - mkk_pika - database.py:215 - INFO - 第一次下载该漫画，记录数据库中
2026-08-02 00:07:58 - mkk_pika - main.py:83 - INFO - 找到 24 张图片在:第1集
2026-08-02 00:07:58 - mkk_pika - main.py:112 - INFO - [episode:第1集       ] downloaded:    24, total:  24, progress:100%
2026-08-02 00:07:58 - mkk_pika - database.py:238 - INFO - 数据库更新已下载章节
2026-08-02 00:07:58 - mkk_pika - database.py:244 - INFO - 该漫画已下载章节如下
2026-08-02 00:07:58 - mkk_pika - database.py:245 - INFO - ['第1集']
2026-08-02 00:08:00 - mkk_pika - main.py:348 - INFO - ==================== 漫画信息 ====================
                                   漫画ID：5c42f5d95eddd02ad3ea39c5
                                   标题： 黄金色バラッド (少女カラフル)
                                   作者：丸和太郎
                                   是否完结：是
                                   总页数：24
                                   分类：短篇
                                   章节数：1
                                   最后更新时间：2019-01-19T10:03:05.443Z
                                   =================================================
2026-08-02 00:08:00 - mkk_pika - database.py:101 - INFO - 保存成功： 黄金色バラッド (少女カラフル)
2026-08-02 00:08:00 - mkk_pika - main.py:35 - INFO - 开始检查(C89)奥様はiDOL -佐久間まゆ編- (アイドルマスター シンデレラガールズ)是否存在未下载章节
2026-08-02 00:08:00 - mkk_pika - main.py:45 - INFO - 正在下载:[(C89)奥様はiDOL -佐久間まゆ編- (アイドルマスター シンデレラガールズ)]-[丸和太郎]-[['全彩', '短篇', '純愛']]-[total_pages:20]
2026-08-02 00:08:00 - mkk_pika - main.py:49 - INFO - [{'_id': '5c42f5ed7bb72c6753e38d2b', 'title': '第1集', 'order': 1, 'updated_at': '2019-01-19T08:09:28.711Z', 'id': '5c42f5ed7bb72c6753e38d2b'}]
2026-08-02 00:08:00 - mkk_pika - database.py:215 - INFO - 第一次下载该漫画，记录数据库中
2026-08-02 00:08:00 - mkk_pika - main.py:83 - INFO - 找到 20 张图片在:第1集
2026-08-02 00:08:01 - mkk_pika - main.py:112 - INFO - [episode:第1集       ] downloaded:    20, total:  20, progress:100%
2026-08-02 00:08:01 - mkk_pika - database.py:238 - INFO - 数据库更新已下载章节
2026-08-02 00:08:01 - mkk_pika - database.py:244 - INFO - 该漫画已下载章节如下
2026-08-02 00:08:01 - mkk_pika - database.py:245 - INFO - ['第1集']
2026-08-02 00:08:02 - mkk_pika - main.py:348 - INFO - ==================== 漫画信息 ====================
                                   漫画ID：5c42f5ed7bb72c6753e38d2a
                                   标题：(C89)奥様はiDOL -佐久間まゆ編- (アイドルマスター シンデレラガールズ)
                                   作者：丸和太郎
                                   是否完结：是
                                   总页数：20
                                   分类：全彩,短篇,純愛
                                   章节数：1
                                   最后更新时间：2019-01-19T10:03:25.071Z
                                   =================================================
2026-08-02 00:08:02 - mkk_pika - database.py:101 - INFO - 保存成功：(C89)奥様はiDOL -佐久間まゆ編- (アイドルマスター シンデレラガールズ)
2026-08-02 00:08:02 - mkk_pika - main.py:35 - INFO - 开始检查(C91)  奥さまはiDoL-美嘉・莉嘉編-是否存在未下载章节
2026-08-02 00:08:02 - mkk_pika - main.py:45 - INFO - 正在下载:[(C91)  奥さまはiDoL-美嘉・莉嘉編-]-[丸和太郎]-[['全彩', '短篇', '同人']]-[total_pages:20]
2026-08-02 00:08:02 - mkk_pika - main.py:49 - INFO - [{'_id': '5c42f603f1484f453607288c', 'title': '第1集', 'order': 1, 'updated_at': '2019-01-19T08:11:13.378Z', 'id': '5c42f603f1484f453607288c'}]
2026-08-02 00:08:02 - mkk_pika - database.py:215 - INFO - 第一次下载该漫画，记录数据库中
2026-08-02 00:08:03 - mkk_pika - main.py:83 - INFO - 找到 20 张图片在:第1集
2026-08-02 00:08:03 - mkk_pika - main.py:112 - INFO - [episode:第1集       ] downloaded:    20, total:  20, progress:100%
2026-08-02 00:08:03 - mkk_pika - database.py:238 - INFO - 数据库更新已下载章节
2026-08-02 00:08:03 - mkk_pika - database.py:244 - INFO - 该漫画已下载章节如下
2026-08-02 00:08:03 - mkk_pika - database.py:245 - INFO - ['第1集']
2026-08-02 00:08:05 - mkk_pika - main.py:348 - INFO - ==================== 漫画信息 ====================
                                   漫画ID：5c42f603f1484f453607288b
                                   标题：(C91)  奥さまはiDoL-美嘉・莉嘉編-
                                   作者：丸和太郎
                                   是否完结：是
                                   总页数：20
                                   分类：全彩,短篇,同人
                                   章节数：1
                                   最后更新时间：2019-01-19T10:03:47.758Z
                                   =================================================
2026-08-02 00:08:05 - mkk_pika - database.py:101 - INFO - 保存成功：(C91)  奥さまはiDoL-美嘉・莉嘉編-
2026-08-02 00:08:05 - mkk_pika - main.py:35 - INFO - 开始检查(COMIC1☆11)奥さまはiDOLS -Wives of CINDERELLA2-(アイドルマスター シンデレラガールズ)是否存在未下载章节
2026-08-02 00:08:05 - mkk_pika - main.py:45 - INFO - 正在下载:[(COMIC1☆11)奥さまはiDOLS -Wives of CINDERELLA2-(アイドルマスター シンデレラガールズ)]-[丸和太郎]-[['全彩', '同人', '短篇']]-[total_pages:58]
2026-08-02 00:08:05 - mkk_pika - main.py:49 - INFO - [{'_id': '5c42f646a2ec9c44f682d352', 'title': '第1集', 'order': 1, 'updated_at': '2019-01-19T08:26:34.874Z', 'id': '5c42f646a2ec9c44f682d352'}]
2026-08-02 00:08:05 - mkk_pika - database.py:215 - INFO - 第一次下载该漫画，记录数据库中
2026-08-02 00:08:06 - mkk_pika - main.py:83 - INFO - 找到 58 张图片在:第1集
2026-08-02 00:08:07 - mkk_pika - main.py:112 - INFO - [episode:第1集       ] downloaded:    58, total:  58, progress:100%
2026-08-02 00:08:07 - mkk_pika - database.py:238 - INFO - 数据库更新已下载章节
2026-08-02 00:08:07 - mkk_pika - database.py:244 - INFO - 该漫画已下载章节如下
2026-08-02 00:08:07 - mkk_pika - database.py:245 - INFO - ['第1集']
2026-08-02 00:08:08 - mkk_pika - main.py:348 - INFO - ==================== 漫画信息 ====================
                                   漫画ID：5c42f646a2ec9c44f682d351
                                   标题：(COMIC1☆11)奥さまはiDOLS -Wives of CINDERELLA2-(アイドルマスター シンデレラガールズ)
                                   作者：丸和太郎
                                   是否完结：是
                                   总页数：58
                                   分类：全彩,同人,短篇
                                   章节数：1
                                   最后更新时间：2019-01-19T10:04:54.220Z
                                   =================================================
2026-08-02 00:08:08 - mkk_pika - database.py:101 - INFO - 保存成功：(COMIC1☆11)奥さまはiDOLS -Wives of CINDERELLA2-(アイドルマスター シンデレラガールズ)
2026-08-02 00:08:08 - mkk_pika - main.py:35 - INFO - 开始检查(C84)  奥さまはiDOL -高槻やよい編- (アイドルマスター)是否存在未下载章节
2026-08-02 00:08:09 - mkk_pika - main.py:45 - INFO - 正在下载:[(C84)  奥さまはiDOL -高槻やよい編- (アイドルマスター)]-[丸和太郎]-[['全彩', '同人', '短篇', '純愛']]-[total_pages:17]
2026-08-02 00:08:09 - mkk_pika - main.py:49 - INFO - [{'_id': '5c42f67571c56e210b83945f', 'title': '第1集', 'order': 1, 'updated_at': '2019-01-19T08:31:08.084Z', 'id': '5c42f67571c56e210b83945f'}]
2026-08-02 00:08:09 - mkk_pika - database.py:215 - INFO - 第一次下载该漫画，记录数据库中
2026-08-02 00:08:10 - mkk_pika - main.py:83 - INFO - 找到 17 张图片在:第1集
2026-08-02 00:08:10 - mkk_pika - main.py:112 - INFO - [episode:第1集       ] downloaded:    17, total:  17, progress:100%
2026-08-02 00:08:10 - mkk_pika - database.py:238 - INFO - 数据库更新已下载章节
2026-08-02 00:08:10 - mkk_pika - database.py:244 - INFO - 该漫画已下载章节如下
2026-08-02 00:08:10 - mkk_pika - database.py:245 - INFO - ['第1集']
2026-08-02 00:08:11 - mkk_pika - main.py:348 - INFO - ==================== 漫画信息 ====================
                                   漫画ID：5c42f67571c56e210b83945e
                                   标题：(C84)  奥さまはiDOL -高槻やよい編- (アイドルマスター)
                                   作者：丸和太郎
                                   是否完结：是
                                   总页数：17
                                   分类：全彩,同人,短篇,純愛
                                   章节数：1
                                   最后更新时间：2019-01-19T10:05:41.964Z
                                   =================================================
2026-08-02 00:08:11 - mkk_pika - database.py:101 - INFO - 保存成功：(C84)  奥さまはiDOL -高槻やよい編- (アイドルマスター)
2026-08-02 00:08:11 - mkk_pika - main.py:35 - INFO - 开始检查(C86) 奥さまはiDOL -千早と子作り編- (アイドルマスター)是否存在未下载章节
2026-08-02 00:08:12 - mkk_pika - main.py:45 - INFO - 正在下载:[(C86) 奥さまはiDOL -千早と子作り編- (アイドルマスター)]-[丸和太郎]-[['同人', '全彩', '短篇', '純愛']]-[total_pages:20]
2026-08-02 00:08:12 - mkk_pika - main.py:49 - INFO - [{'_id': '5c42f690ce5d522113d1e451', 'title': '第1集', 'order': 1, 'updated_at': '2019-01-19T08:40:44.995Z', 'id': '5c42f690ce5d522113d1e451'}]
2026-08-02 00:08:12 - mkk_pika - database.py:215 - INFO - 第一次下载该漫画，记录数据库中
2026-08-02 00:08:12 - mkk_pika - main.py:83 - INFO - 找到 20 张图片在:第1集
2026-08-02 00:08:13 - mkk_pika - main.py:112 - INFO - [episode:第1集       ] downloaded:    20, total:  20, progress:100%
2026-08-02 00:08:13 - mkk_pika - database.py:238 - INFO - 数据库更新已下载章节
2026-08-02 00:08:13 - mkk_pika - database.py:244 - INFO - 该漫画已下载章节如下
2026-08-02 00:08:13 - mkk_pika - database.py:245 - INFO - ['第1集']
2026-08-02 00:08:14 - mkk_pika - main.py:348 - INFO - ==================== 漫画信息 ====================
                                   漫画ID：5c42f690ce5d522113d1e450
                                   标题：(C86) 奥さまはiDOL -千早と子作り編- (アイドルマスター)
                                   作者：丸和太郎
                                   是否完结：是
                                   总页数：20
                                   分类：同人,全彩,短篇,純愛
                                   章节数：1
                                   最后更新时间：2019-01-19T10:06:08.684Z
                                   =================================================
2026-08-02 00:08:14 - mkk_pika - database.py:101 - INFO - 保存成功：(C86) 奥さまはiDOL -千早と子作り編- (アイドルマスター)
2026-08-02 00:08:14 - mkk_pika - main.py:35 - INFO - 开始检查(C94)無課金司令に指輪を買わせる最後の方法3 (アズールレーン)是否存在未下载章节
2026-08-02 00:08:14 - mkk_pika - main.py:45 - INFO - 正在下载:[(C94)無課金司令に指輪を買わせる最後の方法3 (アズールレーン)]-[Armadillo (練慈)]-[['短篇', '同人', '後宮閃光']]-[total_pages:14]
2026-08-02 00:08:14 - mkk_pika - main.py:49 - INFO - [{'_id': '5c42f6a10f61b92a9d489e4d', 'title': '第1集', 'order': 1, 'updated_at': '2019-01-19T09:08:10.825Z', 'id': '5c42f6a10f61b92a9d489e4d'}]
2026-08-02 00:08:14 - mkk_pika - database.py:215 - INFO - 第一次下载该漫画，记录数据库中
2026-08-02 00:08:15 - mkk_pika - main.py:83 - INFO - 找到 14 张图片在:第1集
2026-08-02 00:08:16 - mkk_pika - main.py:112 - INFO - [episode:第1集       ] downloaded:    14, total:  14, progress:100%
2026-08-02 00:08:16 - mkk_pika - database.py:238 - INFO - 数据库更新已下载章节
2026-08-02 00:08:16 - mkk_pika - database.py:244 - INFO - 该漫画已下载章节如下
2026-08-02 00:08:16 - mkk_pika - database.py:245 - INFO - ['第1集']
2026-08-02 00:08:17 - mkk_pika - main.py:348 - INFO - ==================== 漫画信息 ====================
                                   漫画ID：5c42f6a10f61b92a9d489e4c
                                   标题：(C94)無課金司令に指輪を買わせる最後の方法3 (アズールレーン)
                                   作者：Armadillo (練慈)
                                   是否完结：是
                                   总页数：14
                                   分类：短篇,同人,後宮閃光
                                   章节数：1
                                   最后更新时间：2019-01-19T10:06:25.616Z
                                   =================================================
2026-08-02 00:08:17 - mkk_pika - database.py:101 - INFO - 保存成功：(C94)無課金司令に指輪を買わせる最後の方法3 (アズールレーン)
2026-08-02 00:08:17 - mkk_pika - main.py:35 - INFO - 开始检查楽園 (コミックゼロス #68)無修正是否存在未下载章节
2026-08-02 00:08:17 - mkk_pika - main.py:45 - INFO - 正在下载:[楽園 (コミックゼロス #68)無修正]-[富士やま]-[['短篇', '純愛']]-[total_pages:22]
2026-08-02 00:08:17 - mkk_pika - main.py:49 - INFO - [{'_id': '5c42f6dbf8c54a44fe33beea', 'title': '第1集', 'order': 1, 'updated_at': '2019-01-19T09:26:46.995Z', 'id': '5c42f6dbf8c54a44fe33beea'}]
2026-08-02 00:08:17 - mkk_pika - database.py:215 - INFO - 第一次下载该漫画，记录数据库中
2026-08-02 00:08:18 - mkk_pika - main.py:83 - INFO - 找到 22 张图片在:第1集
2026-08-02 00:08:18 - mkk_pika - main.py:112 - INFO - [episode:第1集       ] downloaded:    22, total:  22, progress:100%
2026-08-02 00:08:18 - mkk_pika - database.py:238 - INFO - 数据库更新已下载章节
2026-08-02 00:08:18 - mkk_pika - database.py:244 - INFO - 该漫画已下载章节如下
2026-08-02 00:08:18 - mkk_pika - database.py:245 - INFO - ['第1集']
2026-08-02 00:08:20 - mkk_pika - main.py:348 - INFO - ==================== 漫画信息 ====================
                                   漫画ID：5c42f6dbf8c54a44fe33bee9
                                   标题：楽園 (コミックゼロス #68)無修正
                                   作者：富士やま
                                   是否完结：是
                                   总页数：22
                                   分类：短篇,純愛
                                   章节数：1
                                   最后更新时间：2019-01-19T10:07:23.500Z
                                   =================================================
2026-08-02 00:08:20 - mkk_pika - database.py:101 - INFO - 保存成功：楽園 (コミックゼロス #68)無修正
2026-08-02 00:08:20 - mkk_pika - main.py:35 - INFO - 开始检查(COMIC1☆5) 奥さまはiDOL -双海亜美真美編- (アイドルマスター)是否存在未下载章节
2026-08-02 00:08:20 - mkk_pika - main.py:45 - INFO - 正在下载:[(COMIC1☆5) 奥さまはiDOL -双海亜美真美編- (アイドルマスター)]-[丸和太郎]-[['同人', '短篇', '純愛', '全彩']]-[total_pages:19]
2026-08-02 00:08:20 - mkk_pika - main.py:49 - INFO - [{'_id': '5c42f7078a09b0452842df9b', 'title': '第1集', 'order': 1, 'updated_at': '2019-01-19T09:37:59.322Z', 'id': '5c42f7078a09b0452842df9b'}]
2026-08-02 00:08:20 - mkk_pika - database.py:215 - INFO - 第一次下载该漫画，记录数据库中
2026-08-02 00:08:21 - mkk_pika - main.py:83 - INFO - 找到 19 张图片在:第1集
2026-08-02 00:08:21 - mkk_pika - main.py:112 - INFO - [episode:第1集       ] downloaded:    19, total:  19, progress:100%
2026-08-02 00:08:21 - mkk_pika - database.py:238 - INFO - 数据库更新已下载章节
2026-08-02 00:08:21 - mkk_pika - database.py:244 - INFO - 该漫画已下载章节如下
2026-08-02 00:08:21 - mkk_pika - database.py:245 - INFO - ['第1集']
2026-08-02 00:08:22 - mkk_pika - main.py:348 - INFO - ==================== 漫画信息 ====================
                                   漫画ID：5c42f7078a09b0452842df9a
                                   标题：(COMIC1☆5) 奥さまはiDOL -双海亜美真美編- (アイドルマスター)
                                   作者：丸和太郎
                                   是否完结：是
                                   总页数：19
                                   分类：同人,短篇,純愛,全彩
                                   章节数：1
                                   最后更新时间：2019-01-19T10:08:07.056Z
                                   =================================================
2026-08-02 00:08:22 - mkk_pika - database.py:101 - INFO - 保存成功：(COMIC1☆5) 奥さまはiDOL -双海亜美真美編- (アイドルマスター)
2026-08-02 00:08:22 - mkk_pika - main.py:35 - INFO - 开始检查(C81) 奥さまはiDOL -三浦あずさ編- (アイドルマスター)是否存在未下载章节
2026-08-02 00:08:23 - mkk_pika - main.py:45 - INFO - 正在下载:[(C81) 奥さまはiDOL -三浦あずさ編- (アイドルマスター)]-[丸和太郎]-[['同人', '短篇', '全彩', '純愛']]-[total_pages:18]
2026-08-02 00:08:23 - mkk_pika - main.py:49 - INFO - [{'_id': '5c42f73ea2ec9c44f682d398', 'title': '第1集', 'order': 1, 'updated_at': '2019-01-19T09:36:41.865Z', 'id': '5c42f73ea2ec9c44f682d398'}]
2026-08-02 00:08:23 - mkk_pika - database.py:215 - INFO - 第一次下载该漫画，记录数据库中
2026-08-02 00:08:23 - mkk_pika - main.py:83 - INFO - 找到 18 张图片在:第1集
2026-08-02 00:08:24 - mkk_pika - main.py:112 - INFO - [episode:第1集       ] downloaded:    18, total:  18, progress:100%
2026-08-02 00:08:24 - mkk_pika - database.py:238 - INFO - 数据库更新已下载章节
2026-08-02 00:08:24 - mkk_pika - database.py:244 - INFO - 该漫画已下载章节如下
2026-08-02 00:08:24 - mkk_pika - database.py:245 - INFO - ['第1集']
2026-08-02 00:08:25 - mkk_pika - main.py:348 - INFO - ==================== 漫画信息 ====================
                                   漫画ID：5c42f73ea2ec9c44f682d397
                                   标题：(C81) 奥さまはiDOL -三浦あずさ編- (アイドルマスター)
                                   作者：丸和太郎
                                   是否完结：是
                                   总页数：18
                                   分类：同人,短篇,全彩,純愛
                                   章节数：1
                                   最后更新时间：2019-01-19T10:09:02.857Z
                                   =================================================
2026-08-02 00:08:25 - mkk_pika - database.py:101 - INFO - 保存成功：(C81) 奥さまはiDOL -三浦あずさ編- (アイドルマスター)
2026-08-02 00:08:25 - mkk_pika - main.py:35 - INFO - 开始检查夏のWARASHI達是否存在未下载章节
2026-08-02 00:08:25 - mkk_pika - main.py:45 - INFO - 正在下载:[夏のWARASHI達]-[柴七世]-[['短篇', '後宮閃光']]-[total_pages:20]
2026-08-02 00:08:25 - mkk_pika - main.py:49 - INFO - [{'_id': '5c42f77a8a09b0452842dfb6', 'title': '第1集', 'order': 1, 'updated_at': '2019-01-19T09:40:55.132Z', 'id': '5c42f77a8a09b0452842dfb6'}]
2026-08-02 00:08:25 - mkk_pika - database.py:215 - INFO - 第一次下载该漫画，记录数据库中
2026-08-02 00:08:26 - mkk_pika - main.py:83 - INFO - 找到 20 张图片在:第1集
2026-08-02 00:08:26 - mkk_pika - main.py:112 - INFO - [episode:第1集       ] downloaded:    20, total:  20, progress:100%
2026-08-02 00:08:26 - mkk_pika - database.py:238 - INFO - 数据库更新已下载章节
2026-08-02 00:08:26 - mkk_pika - database.py:244 - INFO - 该漫画已下载章节如下
2026-08-02 00:08:26 - mkk_pika - database.py:245 - INFO - ['第1集']
2026-08-02 00:08:28 - mkk_pika - main.py:348 - INFO - ==================== 漫画信息 ====================
                                   漫画ID：5c42f77a8a09b0452842dfb5
                                   标题：夏のWARASHI達
                                   作者：柴七世
                                   是否完结：是
                                   总页数：20
                                   分类：短篇,後宮閃光
                                   章节数：1
                                   最后更新时间：2019-01-19T10:10:02.355Z
                                   =================================================
2026-08-02 00:08:28 - mkk_pika - database.py:101 - INFO - 保存成功：夏のWARASHI達
2026-08-02 00:08:28 - mkk_pika - main.py:35 - INFO - 开始检查強女姦落是否存在未下载章节
2026-08-02 00:08:28 - mkk_pika - main.py:45 - INFO - 正在下载:[強女姦落]-[デイノジ]-[['長篇', '單行本', 'NTR', '強暴', '妹妹系', 'SM', '姐姐系']]-[total_pages:186]
2026-08-02 00:08:28 - mkk_pika - main.py:49 - INFO - [{'_id': '5c43349698b28a0daf10b1a4', 'title': '第1集', 'order': 1, 'updated_at': '2019-01-18T07:04:29.452Z', 'id': '5c43349698b28a0daf10b1a4'}]
2026-08-02 00:08:28 - mkk_pika - database.py:215 - INFO - 第一次下载该漫画，记录数据库中
2026-08-02 00:08:30 - mkk_pika - main.py:83 - INFO - 找到 186 张图片在:第1集
2026-08-02 00:08:33 - mkk_pika - main.py:112 - INFO - [episode:第1集       ] downloaded:   186, total: 186, progress:100%
2026-08-02 00:08:33 - mkk_pika - database.py:238 - INFO - 数据库更新已下载章节
2026-08-02 00:08:33 - mkk_pika - database.py:244 - INFO - 该漫画已下载章节如下
2026-08-02 00:08:33 - mkk_pika - database.py:245 - INFO - ['第1集']
2026-08-02 00:08:34 - mkk_pika - main.py:348 - INFO - ==================== 漫画信息 ====================
                                   漫画ID：5c43349698b28a0daf10b1a3
                                   标题：強女姦落
                                   作者：デイノジ
                                   是否完结：是
                                   总页数：186
                                   分类：長篇,單行本,NTR,強暴,妹妹系,SM,姐姐系
                                   章节数：1
                                   最后更新时间：2019-01-19T14:30:46.633Z
                                   =================================================
2026-08-02 00:08:34 - mkk_pika - database.py:101 - INFO - 保存成功：強女姦落
2026-08-02 00:08:34 - mkk_pika - main.py:35 - INFO - 开始检查メロンが超振動!R14是否存在未下载章节
2026-08-02 00:08:34 - mkk_pika - main.py:45 - INFO - 正在下载:[メロンが超振動!R14]-[valssu (茶琉)]-[['同人', '短篇']]-[total_pages:51]
2026-08-02 00:08:34 - mkk_pika - main.py:49 - INFO - [{'_id': '5c433595bb67890da9f3e72e', 'title': '第1集', 'order': 1, 'updated_at': '2019-01-19T12:01:55.699Z', 'id': '5c433595bb67890da9f3e72e'}]
2026-08-02 00:08:34 - mkk_pika - database.py:215 - INFO - 第一次下载该漫画，记录数据库中
2026-08-02 00:08:35 - mkk_pika - main.py:83 - INFO - 找到 51 张图片在:第1集
2026-08-02 00:08:36 - mkk_pika - main.py:112 - INFO - [episode:第1集       ] downloaded:    51, total:  51, progress:100%
2026-08-02 00:08:36 - mkk_pika - database.py:238 - INFO - 数据库更新已下载章节
2026-08-02 00:08:36 - mkk_pika - database.py:244 - INFO - 该漫画已下载章节如下
2026-08-02 00:08:36 - mkk_pika - database.py:245 - INFO - ['第1集']
2026-08-02 00:08:38 - mkk_pika - main.py:348 - INFO - ==================== 漫画信息 ====================
                                   漫画ID：5c433595bb67890da9f3e72d
                                   标题：メロンが超振動!R14
                                   作者：valssu (茶琉)
                                   是否完结：否
                                   总页数：51
                                   分类：同人,短篇
                                   章节数：1
                                   最后更新时间：2019-01-19T14:35:01.494Z
                                   =================================================
2026-08-02 00:08:38 - mkk_pika - database.py:101 - INFO - 保存成功：メロンが超振動!R14
2026-08-02 00:08:38 - mkk_pika - main.py:35 - INFO - 开始检查キンダンデイズ その1是否存在未下载章节
2026-08-02 00:08:38 - mkk_pika - main.py:45 - INFO - 正在下载:[キンダンデイズ その1]-[きまぐれblue]-[['短篇', '純愛', '妹妹系']]-[total_pages:19]
2026-08-02 00:08:38 - mkk_pika - main.py:49 - INFO - [{'_id': '5c433674e0c4ba04d4373d91', 'title': '第1集', 'order': 1, 'updated_at': '2019-01-19T12:08:04.910Z', 'id': '5c433674e0c4ba04d4373d91'}, {'_id': '5c433674e0c4ba04d4373d92', 'title': '其他', 'order': 2, 'updated_at': '2019-01-19T12:09:01.379Z', 'id': '5c433674e0c4ba04d4373d92'}]
2026-08-02 00:08:38 - mkk_pika - database.py:215 - INFO - 第一次下载该漫画，记录数据库中
2026-08-02 00:08:38 - mkk_pika - main.py:83 - INFO - 找到 11 张图片在:第1集
2026-08-02 00:08:39 - mkk_pika - main.py:112 - INFO - [episode:第1集       ] downloaded:    11, total:  11, progress:100%
2026-08-02 00:08:39 - mkk_pika - database.py:238 - INFO - 数据库更新已下载章节
2026-08-02 00:08:39 - mkk_pika - database.py:244 - INFO - 该漫画已下载章节如下
2026-08-02 00:08:39 - mkk_pika - database.py:245 - INFO - ['第1集']
2026-08-02 00:08:40 - mkk_pika - main.py:83 - INFO - 找到 8 张图片在:其他
2026-08-02 00:08:40 - mkk_pika - main.py:112 - INFO - [episode:其他        ] downloaded:     8, total:   8, progress:100%
2026-08-02 00:08:40 - mkk_pika - database.py:238 - INFO - 数据库更新已下载章节
2026-08-02 00:08:40 - mkk_pika - database.py:244 - INFO - 该漫画已下载章节如下
2026-08-02 00:08:40 - mkk_pika - database.py:245 - INFO - ['第1集', '其他']
2026-08-02 00:08:42 - mkk_pika - main.py:348 - INFO - ==================== 漫画信息 ====================
                                   漫画ID：5c433674e0c4ba04d4373d90
                                   标题：キンダンデイズ その1
                                   作者：きまぐれblue
                                   是否完结：是
                                   总页数：19
                                   分类：短篇,純愛,妹妹系
                                   章节数：2
                                   最后更新时间：2019-01-19T14:38:44.560Z
                                   =================================================
2026-08-02 00:08:42 - mkk_pika - database.py:101 - INFO - 保存成功：キンダンデイズ その1
2026-08-02 00:08:42 - mkk_pika - main.py:35 - INFO - 开始检查快楽に堕ちる母娘～嫌いなアイツの絶倫チ〇ポで快楽に堕ちた私達～是否存在未下载章节
2026-08-02 00:08:42 - mkk_pika - main.py:45 - INFO - 正在下载:[快楽に堕ちる母娘～嫌いなアイツの絶倫チ〇ポで快楽に堕ちた私達～]-[NCP (鷲塚翔)]-[['全彩', '短篇', '後宮閃光', '人妻', '妹妹系']]-[total_pages:50]
2026-08-02 00:08:42 - mkk_pika - main.py:49 - INFO - [{'_id': '5c4336860dc95e0d7a678cdd', 'title': '第1集', 'order': 1, 'updated_at': '2019-01-19T12:12:47.466Z', 'id': '5c4336860dc95e0d7a678cdd'}]
2026-08-02 00:08:42 - mkk_pika - database.py:215 - INFO - 第一次下载该漫画，记录数据库中
2026-08-02 00:08:43 - mkk_pika - main.py:83 - INFO - 找到 50 张图片在:第1集
2026-08-02 00:08:44 - mkk_pika - main.py:112 - INFO - [episode:第1集       ] downloaded:    50, total:  50, progress:100%
2026-08-02 00:08:44 - mkk_pika - database.py:238 - INFO - 数据库更新已下载章节
2026-08-02 00:08:44 - mkk_pika - database.py:244 - INFO - 该漫画已下载章节如下
2026-08-02 00:08:44 - mkk_pika - database.py:245 - INFO - ['第1集']
2026-08-02 00:08:45 - mkk_pika - main.py:348 - INFO - ==================== 漫画信息 ====================
                                   漫画ID：5c4336860dc95e0d7a678cdc
                                   标题：快楽に堕ちる母娘～嫌いなアイツの絶倫チ〇ポで快楽に堕ちた私達～
                                   作者：NCP (鷲塚翔)
                                   是否完结：否
                                   总页数：50
                                   分类：全彩,短篇,後宮閃光,人妻,妹妹系
                                   章节数：1
                                   最后更新时间：2019-01-19T14:39:02.879Z
                                   =================================================
2026-08-02 00:08:45 - mkk_pika - database.py:101 - INFO - 保存成功：快楽に堕ちる母娘～嫌いなアイツの絶倫チ〇ポで快楽に堕ちた私達～
2026-08-02 00:08:45 - mkk_pika - main.py:35 - INFO - 开始检查 リトルマグナム （ギャルとかビッチとか色々）是否存在未下载章节
2026-08-02 00:08:46 - mkk_pika - main.py:45 - INFO - 正在下载:[ リトルマグナム （ギャルとかビッチとか色々）]-[ぐじら]-[['短篇', '純愛']]-[total_pages:22]
2026-08-02 00:08:46 - mkk_pika - main.py:49 - INFO - [{'_id': '5c43369a80f86004e4213df6', 'title': '第1集', 'order': 1, 'updated_at': '2019-01-19T12:16:32.440Z', 'id': '5c43369a80f86004e4213df6'}]
2026-08-02 00:08:46 - mkk_pika - database.py:215 - INFO - 第一次下载该漫画，记录数据库中
2026-08-02 00:08:46 - mkk_pika - main.py:83 - INFO - 找到 22 张图片在:第1集
2026-08-02 00:08:47 - mkk_pika - main.py:112 - INFO - [episode:第1集       ] downloaded:    22, total:  22, progress:100%
2026-08-02 00:08:47 - mkk_pika - database.py:238 - INFO - 数据库更新已下载章节
2026-08-02 00:08:47 - mkk_pika - database.py:244 - INFO - 该漫画已下载章节如下
2026-08-02 00:08:47 - mkk_pika - database.py:245 - INFO - ['第1集']
2026-08-02 00:08:48 - mkk_pika - main.py:348 - INFO - ==================== 漫画信息 ====================
                                   漫画ID：5c43369a80f86004e4213df5
                                   标题： リトルマグナム （ギャルとかビッチとか色々）
                                   作者：ぐじら
                                   是否完结：是
                                   总页数：22
                                   分类：短篇,純愛
                                   章节数：1
                                   最后更新时间：2019-01-19T14:39:22.401Z
                                   =================================================
2026-08-02 00:08:48 - mkk_pika - database.py:101 - INFO - 保存成功： リトルマグナム （ギャルとかビッチとか色々）
2026-08-02 00:08:48 - mkk_pika - main.py:35 - INFO - 开始检查蓮華草 罰是否存在未下载章节
2026-08-02 00:08:48 - mkk_pika - main.py:45 - INFO - 正在下载:[蓮華草 罰]-[face to face (りょう@涼)]-[['短篇', 'SM', '強暴']]-[total_pages:26]
2026-08-02 00:08:48 - mkk_pika - main.py:49 - INFO - [{'_id': '5c4336adbb67890da9f3e770', 'title': '第1集', 'order': 1, 'updated_at': '2019-01-19T12:27:57.245Z', 'id': '5c4336adbb67890da9f3e770'}]
2026-08-02 00:08:48 - mkk_pika - database.py:215 - INFO - 第一次下载该漫画，记录数据库中
2026-08-02 00:08:49 - mkk_pika - main.py:83 - INFO - 找到 26 张图片在:第1集
2026-08-02 00:08:49 - mkk_pika - main.py:112 - INFO - [episode:第1集       ] downloaded:    26, total:  26, progress:100%
2026-08-02 00:08:49 - mkk_pika - database.py:238 - INFO - 数据库更新已下载章节
2026-08-02 00:08:49 - mkk_pika - database.py:244 - INFO - 该漫画已下载章节如下
2026-08-02 00:08:49 - mkk_pika - database.py:245 - INFO - ['第1集']
2026-08-02 00:08:51 - mkk_pika - main.py:348 - INFO - ==================== 漫画信息 ====================
                                   漫画ID：5c4336adbb67890da9f3e76f
                                   标题：蓮華草 罰
                                   作者：face to face (りょう@涼)
                                   是否完结：否
                                   总页数：26
                                   分类：短篇,SM,強暴
                                   章节数：1
                                   最后更新时间：2019-01-19T14:39:41.619Z
                                   =================================================
2026-08-02 00:08:51 - mkk_pika - database.py:101 - INFO - 保存成功：蓮華草 罰
2026-08-02 00:08:51 - mkk_pika - main.py:35 - INFO - 开始检查需要艦長的的八重桜ry (崩壊3rd)是否存在未下载章节
2026-08-02 00:08:51 - mkk_pika - main.py:45 - INFO - 正在下载:[需要艦長的的八重桜ry (崩壊3rd)]-[藺]-[['同人', '短篇', '純愛', '全彩']]-[total_pages:11]
2026-08-02 00:08:51 - mkk_pika - main.py:49 - INFO - [{'_id': '5c4336d998b28a0daf10b291', 'title': '第1集', 'order': 1, 'updated_at': '2019-01-19T12:57:57.838Z', 'id': '5c4336d998b28a0daf10b291'}]
2026-08-02 00:08:51 - mkk_pika - database.py:215 - INFO - 第一次下载该漫画，记录数据库中
2026-08-02 00:08:52 - mkk_pika - main.py:83 - INFO - 找到 11 张图片在:第1集
2026-08-02 00:08:52 - mkk_pika - main.py:112 - INFO - [episode:第1集       ] downloaded:    11, total:  11, progress:100%
2026-08-02 00:08:52 - mkk_pika - database.py:238 - INFO - 数据库更新已下载章节
2026-08-02 00:08:52 - mkk_pika - database.py:244 - INFO - 该漫画已下载章节如下
2026-08-02 00:08:52 - mkk_pika - database.py:245 - INFO - ['第1集']
2026-08-02 00:08:54 - mkk_pika - main.py:348 - INFO - ==================== 漫画信息 ====================
                                   漫画ID：5c4336d998b28a0daf10b290
                                   标题：需要艦長的的八重桜ry (崩壊3rd)
                                   作者：藺
                                   是否完结：是
                                   总页数：11
                                   分类：同人,短篇,純愛,全彩
                                   章节数：1
                                   最后更新时间：2019-01-19T14:40:25.390Z
                                   =================================================
2026-08-02 00:08:54 - mkk_pika - database.py:101 - INFO - 保存成功：需要艦長的的八重桜ry (崩壊3rd)
2026-08-02 00:08:54 - mkk_pika - main.py:35 - INFO - 开始检查JKタマモちゃんといちゃいちゃする本是否存在未下载章节
2026-08-02 00:08:54 - mkk_pika - main.py:45 - INFO - 正在下载:[JKタマモちゃんといちゃいちゃする本]-[pit.ra.bit (丹羽香ゆあん)]-[['同人', '短篇', 'Fate']]-[total_pages:27]
2026-08-02 00:08:54 - mkk_pika - main.py:49 - INFO - [{'_id': '5c4336ea0dc95e0d7a678d15', 'title': '第1集', 'order': 1, 'updated_at': '2019-01-19T13:15:18.404Z', 'id': '5c4336ea0dc95e0d7a678d15'}]
2026-08-02 00:08:54 - mkk_pika - database.py:215 - INFO - 第一次下载该漫画，记录数据库中
2026-08-02 00:08:54 - mkk_pika - main.py:83 - INFO - 找到 27 张图片在:第1集
2026-08-02 00:08:55 - mkk_pika - main.py:112 - INFO - [episode:第1集       ] downloaded:    27, total:  27, progress:100%
2026-08-02 00:08:55 - mkk_pika - database.py:238 - INFO - 数据库更新已下载章节
2026-08-02 00:08:55 - mkk_pika - database.py:244 - INFO - 该漫画已下载章节如下
2026-08-02 00:08:55 - mkk_pika - database.py:245 - INFO - ['第1集']
2026-08-02 00:08:56 - mkk_pika - main.py:348 - INFO - ==================== 漫画信息 ====================
                                   漫画ID：5c4336ea0dc95e0d7a678d14
                                   标题：JKタマモちゃんといちゃいちゃする本
                                   作者：pit.ra.bit (丹羽香ゆあん)
                                   是否完结：否
                                   总页数：27
                                   分类：同人,短篇,Fate
                                   章节数：1
                                   最后更新时间：2019-01-19T14:40:42.176Z
                                   =================================================
2026-08-02 00:08:56 - mkk_pika - database.py:101 - INFO - 保存成功：JKタマモちゃんといちゃいちゃする本
2026-08-02 00:08:56 - mkk_pika - main.py:35 - INFO - 开始检查妹のエッチなマンガのおてつだい是否存在未下载章节
2026-08-02 00:08:57 - mkk_pika - main.py:45 - INFO - 正在下载:[妹のエッチなマンガのおてつだい]-[Rico-ba (Rico)]-[['短篇', '妹妹系']]-[total_pages:24]
2026-08-02 00:08:57 - mkk_pika - main.py:49 - INFO - [{'_id': '5c4336fdac956d67eac19126', 'title': '第1集', 'order': 1, 'updated_at': '2019-01-19T13:50:23.902Z', 'id': '5c4336fdac956d67eac19126'}]
2026-08-02 00:08:57 - mkk_pika - database.py:215 - INFO - 第一次下载该漫画，记录数据库中
2026-08-02 00:08:57 - mkk_pika - main.py:83 - INFO - 找到 24 张图片在:第1集
2026-08-02 00:08:58 - mkk_pika - main.py:112 - INFO - [episode:第1集       ] downloaded:    24, total:  24, progress:100%
2026-08-02 00:08:58 - mkk_pika - database.py:238 - INFO - 数据库更新已下载章节
2026-08-02 00:08:58 - mkk_pika - database.py:244 - INFO - 该漫画已下载章节如下
2026-08-02 00:08:58 - mkk_pika - database.py:245 - INFO - ['第1集']
2026-08-02 00:08:59 - mkk_pika - main.py:348 - INFO - ==================== 漫画信息 ====================
                                   漫画ID：5c4336fdac956d67eac19125
                                   标题：妹のエッチなマンガのおてつだい
                                   作者：Rico-ba (Rico)
                                   是否完结：否
                                   总页数：24
                                   分类：短篇,妹妹系
                                   章节数：1
                                   最后更新时间：2019-01-19T14:41:01.841Z
                                   =================================================
2026-08-02 00:08:59 - mkk_pika - database.py:101 - INFO - 保存成功：妹のエッチなマンガのおてつだい
2026-08-02 00:08:59 - mkk_pika - main.py:35 - INFO - 开始检查P站五千以上收藏主题是否存在未下载章节
2026-08-02 00:08:59 - mkk_pika - main.py:375 - ERROR - Download failed for P站五千以上收藏主题, with Exception:'author'
2026-08-02 00:08:59 - mkk_pika - main.py:35 - INFO - 开始检查人妻ヒナタの奥さん米屋です。是否存在未下载章节
2026-08-02 00:08:59 - mkk_pika - main.py:45 - INFO - 正在下载:[人妻ヒナタの奥さん米屋です。]-[ACID-HEAD (ムラタ。)]-[['同人', '短篇', '人妻', 'NTR']]-[total_pages:17]
2026-08-02 00:08:59 - mkk_pika - main.py:49 - INFO - [{'_id': '5c433717ac956d67eac19141', 'title': '第1集', 'order': 1, 'updated_at': '2019-01-19T14:09:59.878Z', 'id': '5c433717ac956d67eac19141'}]
2026-08-02 00:08:59 - mkk_pika - database.py:215 - INFO - 第一次下载该漫画，记录数据库中
2026-08-02 00:09:00 - mkk_pika - main.py:83 - INFO - 找到 17 张图片在:第1集
2026-08-02 00:09:00 - mkk_pika - main.py:112 - INFO - [episode:第1集       ] downloaded:    17, total:  17, progress:100%
2026-08-02 00:09:00 - mkk_pika - database.py:238 - INFO - 数据库更新已下载章节
2026-08-02 00:09:00 - mkk_pika - database.py:244 - INFO - 该漫画已下载章节如下
2026-08-02 00:09:00 - mkk_pika - database.py:245 - INFO - ['第1集']
2026-08-02 00:09:02 - mkk_pika - main.py:348 - INFO - ==================== 漫画信息 ====================
                                   漫画ID：5c433717ac956d67eac19140
                                   标题：人妻ヒナタの奥さん米屋です。
                                   作者：ACID-HEAD (ムラタ。)
                                   是否完结：否
                                   总页数：17
                                   分类：同人,短篇,人妻,NTR
                                   章节数：1
                                   最后更新时间：2019-01-19T14:41:27.735Z
                                   =================================================
2026-08-02 00:09:02 - mkk_pika - database.py:101 - INFO - 保存成功：人妻ヒナタの奥さん米屋です。
2026-08-02 00:09:02 - mkk_pika - main.py:35 - INFO - 开始检查イヤだと言えない地味系少女と痴漢電車是否存在未下载章节
2026-08-02 00:09:02 - mkk_pika - main.py:45 - INFO - 正在下载:[イヤだと言えない地味系少女と痴漢電車]-[F宅 (安間)]-[['短篇', '強暴']]-[total_pages:27]
2026-08-02 00:09:02 - mkk_pika - main.py:49 - INFO - [{'_id': '5c433728bb67890da9f3e78f', 'title': '第1集', 'order': 1, 'updated_at': '2019-01-19T14:19:49.404Z', 'id': '5c433728bb67890da9f3e78f'}]
2026-08-02 00:09:02 - mkk_pika - database.py:215 - INFO - 第一次下载该漫画，记录数据库中
2026-08-02 00:09:03 - mkk_pika - main.py:83 - INFO - 找到 27 张图片在:第1集
2026-08-02 00:09:03 - mkk_pika - main.py:112 - INFO - [episode:第1集       ] downloaded:    27, total:  27, progress:100%
2026-08-02 00:09:03 - mkk_pika - database.py:238 - INFO - 数据库更新已下载章节
2026-08-02 00:09:03 - mkk_pika - database.py:244 - INFO - 该漫画已下载章节如下
2026-08-02 00:09:03 - mkk_pika - database.py:245 - INFO - ['第1集']
2026-08-02 00:09:05 - mkk_pika - main.py:348 - INFO - ==================== 漫画信息 ====================
                                   漫画ID：5c433728bb67890da9f3e78e
                                   标题：イヤだと言えない地味系少女と痴漢電車
                                   作者：F宅 (安間)
                                   是否完结：是
                                   总页数：27
                                   分类：短篇,強暴
                                   章节数：1
                                   最后更新时间：2019-01-19T14:41:44.681Z
                                   =================================================
2026-08-02 00:09:05 - mkk_pika - database.py:101 - INFO - 保存成功：イヤだと言えない地味系少女と痴漢電車
2026-08-02 00:09:05 - mkk_pika - main.py:35 - INFO - 开始检查就算媽媽被NTR了 後篇是否存在未下载章节
2026-08-02 00:09:05 - mkk_pika - main.py:45 - INFO - 正在下载:[就算媽媽被NTR了 後篇]-[ヨーグル本舗]-[['長篇', '全彩', '人妻', 'NTR']]-[total_pages:317]
2026-08-02 00:09:05 - mkk_pika - main.py:49 - INFO - [{'_id': '5c4464f60bb41704ace4f6fd', 'title': '第1集', 'order': 1, 'updated_at': '2019-01-19T17:08:20.236Z', 'id': '5c4464f60bb41704ace4f6fd'}]
2026-08-02 00:09:05 - mkk_pika - database.py:215 - INFO - 第一次下载该漫画，记录数据库中
2026-08-02 00:09:08 - mkk_pika - main.py:83 - INFO - 找到 317 张图片在:第1集
2026-08-02 00:09:12 - mkk_pika - main.py:112 - INFO - [episode:第1集       ] downloaded:   317, total: 317, progress:100%
2026-08-02 00:09:12 - mkk_pika - database.py:238 - INFO - 数据库更新已下载章节
2026-08-02 00:09:12 - mkk_pika - database.py:244 - INFO - 该漫画已下载章节如下
2026-08-02 00:09:12 - mkk_pika - database.py:245 - INFO - ['第1集']
2026-08-02 00:09:14 - mkk_pika - main.py:348 - INFO - ==================== 漫画信息 ====================
                                   漫画ID：5c4464f60bb41704ace4f6fc
                                   标题：就算媽媽被NTR了 後篇
                                   作者：ヨーグル本舗
                                   是否完结：是
                                   总页数：317
                                   分类：長篇,全彩,人妻,NTR
                                   章节数：1
                                   最后更新时间：2019-01-20T12:09:26.747Z
                                   =================================================
2026-08-02 00:09:14 - mkk_pika - database.py:101 - INFO - 保存成功：就算媽媽被NTR了 後篇
2026-08-02 00:09:14 - mkk_pika - main.py:35 - INFO - 开始检查(C95) 思い込みイリヤスフィール (Fate/kaleid liner プリズマ☆イリヤ)是否存在未下载章节
2026-08-02 00:09:14 - mkk_pika - main.py:45 - INFO - 正在下载:[(C95) 思い込みイリヤスフィール (Fate/kaleid liner プリズマ☆イリヤ)]-[要 (椎名悠輝)]-[['短篇', '同人', 'Fate']]-[total_pages:21]
2026-08-02 00:09:14 - mkk_pika - main.py:49 - INFO - [{'_id': '5c44652798b28a0daf10bc55', 'title': '第1集', 'order': 1, 'updated_at': '2019-01-19T20:00:41.163Z', 'id': '5c44652798b28a0daf10bc55'}]
2026-08-02 00:09:14 - mkk_pika - database.py:215 - INFO - 第一次下载该漫画，记录数据库中
2026-08-02 00:09:15 - mkk_pika - main.py:83 - INFO - 找到 21 张图片在:第1集
2026-08-02 00:09:15 - mkk_pika - main.py:112 - INFO - [episode:第1集       ] downloaded:    21, total:  21, progress:100%
2026-08-02 00:09:15 - mkk_pika - database.py:238 - INFO - 数据库更新已下载章节
2026-08-02 00:09:15 - mkk_pika - database.py:244 - INFO - 该漫画已下载章节如下
2026-08-02 00:09:15 - mkk_pika - database.py:245 - INFO - ['第1集']
2026-08-02 00:09:16 - mkk_pika - main.py:348 - INFO - ==================== 漫画信息 ====================
                                   漫画ID：5c44652798b28a0daf10bc54
                                   标题：(C95) 思い込みイリヤスフィール (Fate/kaleid liner プリズマ☆イリヤ)
                                   作者：要 (椎名悠輝)
                                   是否完结：是
                                   总页数：21
                                   分类：短篇,同人,Fate
                                   章节数：1
                                   最后更新时间：2019-01-20T12:10:15.881Z
                                   =================================================
2026-08-02 00:09:16 - mkk_pika - database.py:101 - INFO - 保存成功：(C95) 思い込みイリヤスフィール (Fate/kaleid liner プリズマ☆イリヤ)
2026-08-02 00:09:16 - mkk_pika - main.py:35 - INFO - 开始检查(C94) 御萌地獄 (Fate/Grand Order)是否存在未下载章节
2026-08-02 00:09:17 - mkk_pika - main.py:45 - INFO - 正在下载:[(C94) 御萌地獄 (Fate/Grand Order)]-[ばつ印 (ばつ)]-[['短篇', '同人', '人妻', '非人類', 'Fate']]-[total_pages:22]
2026-08-02 00:09:17 - mkk_pika - main.py:49 - INFO - [{'_id': '5c44653c80f86004e42142db', 'title': '第1集', 'order': 1, 'updated_at': '2019-01-20T00:26:48.517Z', 'id': '5c44653c80f86004e42142db'}]
2026-08-02 00:09:17 - mkk_pika - database.py:215 - INFO - 第一次下载该漫画，记录数据库中
2026-08-02 00:09:17 - mkk_pika - main.py:83 - INFO - 找到 22 张图片在:第1集
2026-08-02 00:09:18 - mkk_pika - main.py:112 - INFO - [episode:第1集       ] downloaded:    22, total:  22, progress:100%
2026-08-02 00:09:18 - mkk_pika - database.py:238 - INFO - 数据库更新已下载章节
2026-08-02 00:09:18 - mkk_pika - database.py:244 - INFO - 该漫画已下载章节如下
2026-08-02 00:09:18 - mkk_pika - database.py:245 - INFO - ['第1集']
2026-08-02 00:09:19 - mkk_pika - main.py:348 - INFO - ==================== 漫画信息 ====================
                                   漫画ID：5c44653c80f86004e42142da
                                   标题：(C94) 御萌地獄 (Fate/Grand Order)
                                   作者：ばつ印 (ばつ)
                                   是否完结：是
                                   总页数：22
                                   分类：短篇,同人,人妻,非人類,Fate
                                   章节数：1
                                   最后更新时间：2019-01-20T12:10:36.011Z
                                   =================================================
2026-08-02 00:09:19 - mkk_pika - database.py:101 - INFO - 保存成功：(C94) 御萌地獄 (Fate/Grand Order)
2026-08-02 00:09:19 - mkk_pika - main.py:35 - INFO - 开始检查悪魔娘監禁日誌2是否存在未下载章节
2026-08-02 00:09:19 - mkk_pika - main.py:45 - INFO - 正在下载:[悪魔娘監禁日誌2]-[はせ☆裕]-[['短篇']]-[total_pages:17]
2026-08-02 00:09:19 - mkk_pika - main.py:49 - INFO - [{'_id': '5c44659fbb6e3767c36694b7', 'title': '第1集', 'order': 1, 'updated_at': '2019-01-20T04:06:17.549Z', 'id': '5c44659fbb6e3767c36694b7'}]
2026-08-02 00:09:19 - mkk_pika - database.py:215 - INFO - 第一次下载该漫画，记录数据库中
2026-08-02 00:09:20 - mkk_pika - main.py:83 - INFO - 找到 17 张图片在:第1集
2026-08-02 00:09:20 - mkk_pika - main.py:112 - INFO - [episode:第1集       ] downloaded:    17, total:  17, progress:100%
2026-08-02 00:09:20 - mkk_pika - database.py:238 - INFO - 数据库更新已下载章节
2026-08-02 00:09:20 - mkk_pika - database.py:244 - INFO - 该漫画已下载章节如下
2026-08-02 00:09:20 - mkk_pika - database.py:245 - INFO - ['第1集']
2026-08-02 00:09:22 - mkk_pika - main.py:348 - INFO - ==================== 漫画信息 ====================
                                   漫画ID：5c44659fbb6e3767c36694b6
                                   标题：悪魔娘監禁日誌2
                                   作者：はせ☆裕
                                   是否完结：是
                                   总页数：17
                                   分类：短篇
                                   章节数：1
                                   最后更新时间：2019-01-20T12:12:15.623Z
                                   =================================================
2026-08-02 00:09:22 - mkk_pika - database.py:101 - INFO - 保存成功：悪魔娘監禁日誌2
2026-08-02 00:09:22 - mkk_pika - main.py:35 - INFO - 开始检查(紅楼夢13) ドスケベペットのパチュリーとガチハメ本気交尾シちゃいました (東方Project)是否存在未下载章节
2026-08-02 00:09:22 - mkk_pika - main.py:45 - INFO - 正在下载:[(紅楼夢13) ドスケベペットのパチュリーとガチハメ本気交尾シちゃいました (東方Project)]-[Chocolate Synapse (椎架ゆの)]-[['同人', '短篇', '東方']]-[total_pages:24]
2026-08-02 00:09:22 - mkk_pika - main.py:49 - INFO - [{'_id': '5c4466070dc95e0d7a679895', 'title': '第1集', 'order': 1, 'updated_at': '2019-01-20T04:12:12.809Z', 'id': '5c4466070dc95e0d7a679895'}]
2026-08-02 00:09:22 - mkk_pika - database.py:215 - INFO - 第一次下载该漫画，记录数据库中
2026-08-02 00:09:22 - mkk_pika - main.py:83 - INFO - 找到 24 张图片在:第1集
2026-08-02 00:09:23 - mkk_pika - main.py:112 - INFO - [episode:第1集       ] downloaded:    24, total:  24, progress:100%
2026-08-02 00:09:23 - mkk_pika - database.py:238 - INFO - 数据库更新已下载章节
2026-08-02 00:09:23 - mkk_pika - database.py:244 - INFO - 该漫画已下载章节如下
2026-08-02 00:09:23 - mkk_pika - database.py:245 - INFO - ['第1集']
2026-08-02 00:09:24 - mkk_pika - main.py:348 - INFO - ==================== 漫画信息 ====================
                                   漫画ID：5c4466070dc95e0d7a679894
                                   标题：(紅楼夢13) ドスケベペットのパチュリーとガチハメ本気交尾シちゃいました (東方Project)
                                   作者：Chocolate Synapse (椎架ゆの)
                                   是否完结：是
                                   总页数：24
                                   分类：同人,短篇,東方
                                   章节数：1
                                   最后更新时间：2019-01-20T12:13:59.185Z
                                   =================================================
2026-08-02 00:09:24 - mkk_pika - database.py:101 - INFO - 保存成功：(紅楼夢13) ドスケベペットのパチュリーとガチハメ本気交尾シちゃいました (東方Project)
2026-08-02 00:09:24 - mkk_pika - main.py:35 - INFO - 开始检查低身長コンプレックスお嬢様の逆襲是否存在未下载章节
2026-08-02 00:09:25 - mkk_pika - main.py:45 - INFO - 正在下载:[低身長コンプレックスお嬢様の逆襲]-[うる]-[['短篇']]-[total_pages:6]
2026-08-02 00:09:25 - mkk_pika - main.py:49 - INFO - [{'_id': '5c44668785d5962fb3953bff', 'title': '第1集', 'order': 1, 'updated_at': '2019-01-20T05:16:26.521Z', 'id': '5c44668785d5962fb3953bff'}]
2026-08-02 00:09:25 - mkk_pika - database.py:215 - INFO - 第一次下载该漫画，记录数据库中
2026-08-02 00:09:25 - mkk_pika - main.py:83 - INFO - 找到 6 张图片在:第1集
2026-08-02 00:09:25 - mkk_pika - main.py:112 - INFO - [episode:第1集       ] downloaded:     6, total:   6, progress:100%
2026-08-02 00:09:25 - mkk_pika - database.py:238 - INFO - 数据库更新已下载章节
2026-08-02 00:09:25 - mkk_pika - database.py:244 - INFO - 该漫画已下载章节如下
2026-08-02 00:09:25 - mkk_pika - database.py:245 - INFO - ['第1集']
2026-08-02 00:09:27 - mkk_pika - main.py:348 - INFO - ==================== 漫画信息 ====================
                                   漫画ID：5c44668785d5962fb3953bfe
                                   标题：低身長コンプレックスお嬢様の逆襲
                                   作者：うる
                                   是否完结：是
                                   总页数：6
                                   分类：短篇
                                   章节数：1
                                   最后更新时间：2019-01-20T12:16:07.934Z
                                   =================================================
2026-08-02 00:09:27 - mkk_pika - database.py:101 - INFO - 保存成功：低身長コンプレックスお嬢様の逆襲
2026-08-02 00:09:27 - mkk_pika - main.py:380 - INFO - 本次任务下载完毕
2026-08-02 00:09:27 - mkk_pika - database.py:173 - INFO - 数据库连接已关闭
