2026-08-22 23:29:50 - mkk_pika - main.py:193 - INFO - =======================================================================
2026-08-22 23:29:50 - mkk_pika - database.py:61 - INFO - 表和索引初始化成功
2026-08-22 23:29:50 - mkk_pika - main.py:197 - INFO - 已经累计下载19234本漫画
2026-08-22 23:29:50 - mkk_pika - api.py:87 - INFO - 登录成功
2026-08-22 23:29:51 - mkk_pika - main.py:203 - INFO - 收藏夹共计0本漫画
2026-08-22 23:29:51 - mkk_pika - main.py:206 - INFO - 开始下载收藏夹内未下载内容
2026-08-22 23:29:51 - mkk_pika - main.py:266 - INFO - 收藏夹内容下载完毕
2026-08-22 23:29:51 - mkk_pika - main.py:268 - INFO - 开始下载订阅内容
2026-08-22 23:29:51 - mkk_pika - database.py:258 - INFO - 根据ID查询到标题：萝莉 -> エロ本大好きなガキが女の子な訳ねえだろ!! | 喜欢看小黄漫的小鬼怎么可会是女生呢‼
2026-08-22 23:29:51 - mkk_pika - database.py:101 - INFO - 保存成功：Little Giant! ─〇リ巨乳・低身長巨乳合同 | Little Giant! ─萝莉巨乳・低身高巨乳合同
2026-08-22 23:29:51 - mkk_pika - main.py:273 - INFO - 关键词萝莉找到2本漫画
2026-08-22 23:29:51 - mkk_pika - database.py:258 - INFO - 根据ID查询到标题：蘿莉 -> CM manga
2026-08-22 23:29:52 - mkk_pika - database.py:101 - INFO - 保存成功：[Pixiv] Nyako (87118066) part.8（AI）
2026-08-22 23:29:52 - mkk_pika - main.py:273 - INFO - 关键词蘿莉找到7本漫画
2026-08-22 23:29:52 - mkk_pika - main.py:275 - INFO - 订阅内容共计9本漫画
2026-08-22 23:29:52 - mkk_pika - main.py:35 - INFO - 开始检查椿ちゃんとコスプレHする本 | 和椿酱的换装色色本是否存在未下载章节
2026-08-22 23:29:52 - mkk_pika - main.py:45 - INFO - 正在下载:[椿ちゃんとコスプレHする本 | 和椿酱的换装色色本]-[吉沢生活 (狐ノ沢)]-[['短篇', '全彩']]-[total_pages:-1]
2026-08-22 23:29:52 - mkk_pika - main.py:49 - INFO - [{'_id': '6a89bc992729844985b1b04d', 'title': '第1話', 'order': 1, 'updated_at': '2026-08-12T15:36:50.312Z', 'id': '6a89bc992729844985b1b04d'}]
2026-08-22 23:29:52 - mkk_pika - database.py:215 - INFO - 第一次下载该漫画，记录数据库中
2026-08-22 23:29:53 - mkk_pika - main.py:83 - INFO - 找到 21 张图片在:第1話
2026-08-22 23:29:55 - mkk_pika - main.py:112 - INFO - [episode:第1話       ] downloaded:    21, total:  21, progress:100%
2026-08-22 23:29:55 - mkk_pika - database.py:238 - INFO - 数据库更新已下载章节
2026-08-22 23:29:55 - mkk_pika - database.py:244 - INFO - 该漫画已下载章节如下
2026-08-22 23:29:55 - mkk_pika - database.py:245 - INFO - ['第1話']
2026-08-22 23:29:56 - mkk_pika - main.py:292 - INFO - ==================== 漫画信息 ====================
                                漫画ID：6a89bc992729844985b1b04c
                                标题：椿ちゃんとコスプレHする本 | 和椿酱的换装色色本
                                作者：吉沢生活 (狐ノ沢)
                                是否完结：是
                                总页数：21
                                分类：短篇,全彩
                                章节数：1
                                最后更新时间：2026-08-22T15:13:29.615Z
                                =================================================
2026-08-22 23:29:56 - mkk_pika - database.py:101 - INFO - 保存成功：椿ちゃんとコスプレHする本 | 和椿酱的换装色色本
2026-08-22 23:29:56 - mkk_pika - main.py:35 - INFO - 开始检查Little Giant! ─〇リ巨乳・低身長巨乳合同 | Little Giant! ─萝莉巨乳・低身高巨乳合同是否存在未下载章节
2026-08-22 23:29:56 - mkk_pika - database.py:203 - INFO - 查询数据库中是否已存在第1話
2026-08-22 23:29:56 - mkk_pika - main.py:51 - INFO - Little Giant! ─〇リ巨乳・低身長巨乳合同 | Little Giant! ─萝莉巨乳・低身高巨乳合同中没有可下载章节
2026-08-22 23:29:56 - mkk_pika - main.py:292 - INFO - ==================== 漫画信息 ====================
                                漫画ID：6a847ed40decb03d594aa1de
                                标题：Little Giant! ─〇リ巨乳・低身長巨乳合同 | Little Giant! ─萝莉巨乳・低身高巨乳合同
                                作者：色即絶句
                                是否完结：是
                                总页数：110
                                分类：長篇,同人
                                章节数：1
                                最后更新时间：2026-08-18T15:48:36.118Z
                                =================================================
2026-08-22 23:29:56 - mkk_pika - database.py:101 - INFO - 保存成功：Little Giant! ─〇リ巨乳・低身長巨乳合同 | Little Giant! ─萝莉巨乳・低身高巨乳合同
2026-08-22 23:29:56 - mkk_pika - main.py:35 - INFO - 开始检查ヒカノゾ搾精特急 (ブルーアーカイブ)是否存在未下载章节
2026-08-22 23:29:57 - mkk_pika - main.py:45 - INFO - 正在下载:[ヒカノゾ搾精特急 (ブルーアーカイブ)]-[K+W (ささちん)]-[['同人', '短篇']]-[total_pages:-1]
2026-08-22 23:29:57 - mkk_pika - main.py:49 - INFO - [{'_id': '6a89bd8b1487384a68aafd57', 'title': '第1話', 'order': 1, 'updated_at': '2026-08-22T07:12:19.546Z', 'id': '6a89bd8b1487384a68aafd57'}]
2026-08-22 23:29:57 - mkk_pika - database.py:215 - INFO - 第一次下载该漫画，记录数据库中
2026-08-22 23:29:58 - mkk_pika - main.py:83 - INFO - 找到 23 张图片在:第1話
2026-08-22 23:29:59 - mkk_pika - main.py:112 - INFO - [episode:第1話       ] downloaded:    23, total:  23, progress:100%
2026-08-22 23:29:59 - mkk_pika - database.py:238 - INFO - 数据库更新已下载章节
2026-08-22 23:29:59 - mkk_pika - database.py:244 - INFO - 该漫画已下载章节如下
2026-08-22 23:29:59 - mkk_pika - database.py:245 - INFO - ['第1話']
2026-08-22 23:30:00 - mkk_pika - main.py:292 - INFO - ==================== 漫画信息 ====================
                                漫画ID：6a89bd8b1487384a68aafd56
                                标题：ヒカノゾ搾精特急 (ブルーアーカイブ)
                                作者：K+W (ささちん)
                                是否完结：是
                                总页数：23
                                分类：同人,短篇
                                章节数：1
                                最后更新时间：2026-08-22T15:17:31.904Z
                                =================================================
2026-08-22 23:30:00 - mkk_pika - database.py:101 - INFO - 保存成功：ヒカノゾ搾精特急 (ブルーアーカイブ)
2026-08-22 23:30:00 - mkk_pika - main.py:35 - INFO - 开始检查メスガキリナちゃん是否存在未下载章节
2026-08-22 23:30:01 - mkk_pika - database.py:203 - INFO - 查询数据库中是否已存在第1話
2026-08-22 23:30:01 - mkk_pika - database.py:203 - INFO - 查询数据库中是否已存在無修正版
2026-08-22 23:30:01 - mkk_pika - database.py:203 - INFO - 查询数据库中是否已存在第2話
2026-08-22 23:30:01 - mkk_pika - database.py:203 - INFO - 查询数据库中是否已存在無修正版2
2026-08-22 23:30:01 - mkk_pika - main.py:51 - INFO - メスガキリナちゃん中没有可下载章节
2026-08-22 23:30:01 - mkk_pika - main.py:292 - INFO - ==================== 漫画信息 ====================
                                漫画ID：643fbf45ce0d8f0b1c9f8ef0
                                标题：メスガキリナちゃん
                                作者：餅屋 (かろちー)
                                是否完结：是
                                总页数：300
                                分类：長篇
                                章节数：5
                                最后更新时间：2026-08-22T15:17:24.054Z
                                =================================================
2026-08-22 23:30:01 - mkk_pika - database.py:101 - INFO - 保存成功：メスガキリナちゃん
2026-08-22 23:30:01 - mkk_pika - main.py:35 - INFO - 开始检查午睡の悪魔 是否存在未下载章节
2026-08-22 23:30:02 - mkk_pika - database.py:203 - INFO - 查询数据库中是否已存在第1話
2026-08-22 23:30:02 - mkk_pika - database.py:203 - INFO - 查询数据库中是否已存在買動漫
2026-08-22 23:30:02 - mkk_pika - main.py:45 - INFO - 正在下载:[午睡の悪魔 ]-[不可不可 (関谷あさみ)]-[['長篇']]-[total_pages:-1]
2026-08-22 23:30:02 - mkk_pika - main.py:49 - INFO - [{'_id': '6a89bd17f68bb44a817c0237', 'title': '買動漫', 'order': 2, 'updated_at': '2026-08-22T06:30:50.511Z', 'id': '6a89bd17f68bb44a817c0237'}]
2026-08-22 23:30:04 - mkk_pika - main.py:83 - INFO - 找到 115 张图片在:買動漫
2026-08-22 23:30:10 - mkk_pika - main.py:112 - INFO - [episode:買動漫       ] downloaded:   115, total: 115, progress:100%
2026-08-22 23:30:10 - mkk_pika - database.py:238 - INFO - 数据库更新已下载章节
2026-08-22 23:30:10 - mkk_pika - database.py:244 - INFO - 该漫画已下载章节如下
2026-08-22 23:30:10 - mkk_pika - database.py:245 - INFO - ['第1話', '買動漫']
2026-08-22 23:30:12 - mkk_pika - main.py:292 - INFO - ==================== 漫画信息 ====================
                                漫画ID：6a5282808888d1767c4f369d
                                标题：午睡の悪魔 
                                作者：不可不可 (関谷あさみ)
                                是否完结：是
                                总页数：233
                                分类：長篇
                                章节数：2
                                最后更新时间：2026-08-22T15:15:35.504Z
                                =================================================
2026-08-22 23:30:12 - mkk_pika - database.py:101 - INFO - 保存成功：午睡の悪魔 
2026-08-22 23:30:12 - mkk_pika - main.py:35 - INFO - 开始检查ずっと一緒にいてね After+Answer[中文］是否存在未下载章节
2026-08-22 23:30:12 - mkk_pika - main.py:45 - INFO - 正在下载:[ずっと一緒にいてね After+Answer[中文］]-[しぷおる]-[['短篇']]-[total_pages:-1]
2026-08-22 23:30:12 - mkk_pika - main.py:49 - INFO - [{'_id': '6a89bd142729844985b1b0e5', 'title': '第1話After+Answer熟肉', 'order': 1, 'updated_at': '2026-08-22T06:22:20.344Z', 'id': '6a89bd142729844985b1b0e5'}]
2026-08-22 23:30:12 - mkk_pika - database.py:215 - INFO - 第一次下载该漫画，记录数据库中
2026-08-22 23:30:13 - mkk_pika - main.py:83 - INFO - 找到 48 张图片在:第1話After+Answer熟肉
2026-08-22 23:30:16 - mkk_pika - main.py:112 - INFO - [episode:第1話After+Answer熟肉] downloaded:    48, total:  48, progress:100%
2026-08-22 23:30:16 - mkk_pika - database.py:238 - INFO - 数据库更新已下载章节
2026-08-22 23:30:16 - mkk_pika - database.py:244 - INFO - 该漫画已下载章节如下
2026-08-22 23:30:16 - mkk_pika - database.py:245 - INFO - ['第1話After+Answer熟肉']
2026-08-22 23:30:17 - mkk_pika - main.py:292 - INFO - ==================== 漫画信息 ====================
                                漫画ID：6a89bd142729844985b1b0e4
                                标题：ずっと一緒にいてね After+Answer[中文］
                                作者：しぷおる
                                是否完结：是
                                总页数：48
                                分类：短篇
                                章节数：1
                                最后更新时间：2026-08-22T15:15:32.180Z
                                =================================================
2026-08-22 23:30:17 - mkk_pika - database.py:101 - INFO - 保存成功：ずっと一緒にいてね After+Answer[中文］
2026-08-22 23:30:17 - mkk_pika - main.py:35 - INFO - 开始检查椿ちゃんとコスプレHする本 | 和椿酱的换装色色本是否存在未下载章节
2026-08-22 23:30:17 - mkk_pika - database.py:203 - INFO - 查询数据库中是否已存在第1話
2026-08-22 23:30:17 - mkk_pika - main.py:51 - INFO - 椿ちゃんとコスプレHする本 | 和椿酱的换装色色本中没有可下载章节
2026-08-22 23:30:18 - mkk_pika - main.py:292 - INFO - ==================== 漫画信息 ====================
                                漫画ID：6a89bc992729844985b1b04c
                                标题：椿ちゃんとコスプレHする本 | 和椿酱的换装色色本
                                作者：吉沢生活 (狐ノ沢)
                                是否完结：是
                                总页数：21
                                分类：短篇,全彩
                                章节数：1
                                最后更新时间：2026-08-22T15:13:29.615Z
                                =================================================
2026-08-22 23:30:18 - mkk_pika - database.py:101 - INFO - 保存成功：椿ちゃんとコスプレHする本 | 和椿酱的换装色色本
2026-08-22 23:30:18 - mkk_pika - main.py:35 - INFO - 开始检查しょうびっち [DL版][中国翻译][進行中]是否存在未下载章节
2026-08-22 23:30:18 - mkk_pika - database.py:203 - INFO - 查询数据库中是否已存在生肉
2026-08-22 23:30:18 - mkk_pika - database.py:203 - INFO - 查询数据库中是否已存在第1話6月12日（土）
2026-08-22 23:30:18 - mkk_pika - database.py:203 - INFO - 查询数据库中是否已存在第2+3話もっと知りたい1-2
2026-08-22 23:30:18 - mkk_pika - database.py:203 - INFO - 查询数据库中是否已存在第4話日常の中のフラグ
2026-08-22 23:30:18 - mkk_pika - database.py:203 - INFO - 查询数据库中是否已存在第5話うちの妹
2026-08-22 23:30:18 - mkk_pika - main.py:45 - INFO - 正在下载:[しょうびっち [DL版][中国翻译][進行中]]-[さらだ]-[['長篇', '單行本', '妹妹系']]-[total_pages:-1]
2026-08-22 23:30:18 - mkk_pika - main.py:49 - INFO - [{'_id': '6a89bc1841d7194a923fb707', 'title': '第5話うちの妹', 'order': 5, 'updated_at': '2026-08-22T04:48:36.695Z', 'id': '6a89bc1841d7194a923fb707'}]
2026-08-22 23:30:19 - mkk_pika - main.py:83 - INFO - 找到 32 张图片在:第5話うちの妹
2026-08-22 23:30:21 - mkk_pika - main.py:112 - INFO - [episode:第5話うちの妹   ] downloaded:    32, total:  32, progress:100%
2026-08-22 23:30:21 - mkk_pika - database.py:238 - INFO - 数据库更新已下载章节
2026-08-22 23:30:21 - mkk_pika - database.py:244 - INFO - 该漫画已下载章节如下
2026-08-22 23:30:21 - mkk_pika - database.py:245 - INFO - ['生肉', '第1話6月12日（土）', '第2+3話もっと知りたい1-2', '第4話日常の中のフラグ', '第5話うちの妹']
2026-08-22 23:30:22 - mkk_pika - main.py:292 - INFO - ==================== 漫画信息 ====================
                                漫画ID：62c84278b3b0a812db28afc4
                                标题：しょうびっち [DL版][中国翻译][進行中]
                                作者：さらだ
                                是否完结：否
                                总页数：350
                                分类：長篇,單行本,妹妹系
                                章节数：5
                                最后更新时间：2026-08-22T15:11:20.572Z
                                =================================================
2026-08-22 23:30:22 - mkk_pika - database.py:101 - INFO - 保存成功：しょうびっち [DL版][中国翻译][進行中]
2026-08-22 23:30:22 - mkk_pika - main.py:35 - INFO - 开始检查妄想秘話是否存在未下载章节
2026-08-22 23:30:23 - mkk_pika - database.py:203 - INFO - 查询数据库中是否已存在熟肉
2026-08-22 23:30:23 - mkk_pika - database.py:203 - INFO - 查询数据库中是否已存在生肉
2026-08-22 23:30:23 - mkk_pika - main.py:51 - INFO - 妄想秘話中没有可下载章节
2026-08-22 23:30:23 - mkk_pika - main.py:292 - INFO - ==================== 漫画信息 ====================
                                漫画ID：6a88a0b441d7194a923fa4f4
                                标题：妄想秘話
                                作者：餃子部 (笑笑餃子)
                                是否完结：是
                                总页数：51
                                分类：短篇,同人,強暴
                                章节数：2
                                最后更新时间：2026-08-21T19:02:12.711Z
                                =================================================
2026-08-22 23:30:23 - mkk_pika - database.py:101 - INFO - 保存成功：妄想秘話
2026-08-22 23:30:23 - mkk_pika - main.py:323 - INFO - 订阅内容内容下载完毕
2026-08-22 23:30:23 - mkk_pika - main.py:324 - INFO - 开始分批下载全部章节
2026-08-22 23:30:23 - mkk_pika - database.py:280 - INFO - 表和索引初始化成功
2026-08-22 23:30:23 - mkk_pika - main.py:177 - INFO - 已经下载了1458页，一共7094页，现在开始添加第1459页
2026-08-22 23:30:24 - mkk_pika - database.py:318 - INFO - 保存成功
2026-08-22 23:30:24 - mkk_pika - main.py:177 - INFO - 已经下载了1459页，一共7094页，现在开始添加第1460页
2026-08-22 23:30:25 - mkk_pika - database.py:318 - INFO - 保存成功
2026-08-22 23:30:25 - mkk_pika - main.py:177 - INFO - 已经下载了1460页，一共7094页，现在开始添加第1461页
2026-08-22 23:30:26 - mkk_pika - database.py:318 - INFO - 保存成功
2026-08-22 23:30:26 - mkk_pika - main.py:177 - INFO - 已经下载了1461页，一共7094页，现在开始添加第1462页
2026-08-22 23:30:26 - mkk_pika - database.py:318 - INFO - 保存成功
2026-08-22 23:30:27 - mkk_pika - main.py:177 - INFO - 已经下载了1462页，一共7094页，现在开始添加第1463页
2026-08-22 23:30:27 - mkk_pika - database.py:318 - INFO - 保存成功
2026-08-22 23:30:27 - mkk_pika - main.py:331 - INFO - 分批下载共计51本漫画
2026-08-22 23:30:27 - mkk_pika - main.py:35 - INFO - 开始检查 Kカップ外人妻是否存在未下载章节
2026-08-22 23:30:28 - mkk_pika - main.py:45 - INFO - 正在下载:[ Kカップ外人妻]-[のびしろ]-[['短篇', '全彩', '人妻', 'NTR']]-[total_pages:30]
2026-08-22 23:30:28 - mkk_pika - main.py:49 - INFO - [{'_id': '5c6d5f17fe11a871a62f81bb', 'title': '第1集', 'order': 1, 'updated_at': '2019-02-20T09:08:33.065Z', 'id': '5c6d5f17fe11a871a62f81bb'}]
2026-08-22 23:30:28 - mkk_pika - database.py:215 - INFO - 第一次下载该漫画，记录数据库中
2026-08-22 23:30:28 - mkk_pika - main.py:83 - INFO - 找到 30 张图片在:第1集
2026-08-22 23:30:30 - mkk_pika - main.py:112 - INFO - [episode:第1集       ] downloaded:    30, total:  30, progress:100%
2026-08-22 23:30:30 - mkk_pika - database.py:238 - INFO - 数据库更新已下载章节
2026-08-22 23:30:30 - mkk_pika - database.py:244 - INFO - 该漫画已下载章节如下
2026-08-22 23:30:30 - mkk_pika - database.py:245 - INFO - ['第1集']
2026-08-22 23:30:31 - mkk_pika - main.py:348 - INFO - ==================== 漫画信息 ====================
                                   漫画ID：5c6d5f17fe11a871a62f81ba
                                   标题： Kカップ外人妻
                                   作者：のびしろ
                                   是否完结：是
                                   总页数：30
                                   分类：短篇,全彩,人妻,NTR
                                   章节数：1
                                   最后更新时间：2019-02-20T14:07:19.796Z
                                   =================================================
2026-08-22 23:30:31 - mkk_pika - database.py:101 - INFO - 保存成功： Kカップ外人妻
2026-08-22 23:30:31 - mkk_pika - main.py:35 - INFO - 开始检查(C94)ブラザートレード 一之瀬彩篇是否存在未下载章节
2026-08-22 23:30:31 - mkk_pika - main.py:45 - INFO - 正在下载:[(C94)ブラザートレード 一之瀬彩篇]-[恋愛脳 (みずゆき)]-[['短篇', '同人']]-[total_pages:23]
2026-08-22 23:30:31 - mkk_pika - main.py:49 - INFO - [{'_id': '5c6d5f29c520b864c016f882', 'title': '第1集', 'order': 1, 'updated_at': '2019-02-20T09:24:12.699Z', 'id': '5c6d5f29c520b864c016f882'}]
2026-08-22 23:30:31 - mkk_pika - database.py:215 - INFO - 第一次下载该漫画，记录数据库中
2026-08-22 23:30:33 - mkk_pika - main.py:83 - INFO - 找到 23 张图片在:第1集
2026-08-22 23:30:34 - mkk_pika - main.py:112 - INFO - [episode:第1集       ] downloaded:    23, total:  23, progress:100%
2026-08-22 23:30:34 - mkk_pika - database.py:238 - INFO - 数据库更新已下载章节
2026-08-22 23:30:34 - mkk_pika - database.py:244 - INFO - 该漫画已下载章节如下
2026-08-22 23:30:34 - mkk_pika - database.py:245 - INFO - ['第1集']
2026-08-22 23:30:35 - mkk_pika - main.py:348 - INFO - ==================== 漫画信息 ====================
                                   漫画ID：5c6d5f29c520b864c016f881
                                   标题：(C94)ブラザートレード 一之瀬彩篇
                                   作者：恋愛脳 (みずゆき)
                                   是否完结：否
                                   总页数：23
                                   分类：短篇,同人
                                   章节数：1
                                   最后更新时间：2019-02-20T14:07:37.737Z
                                   =================================================
2026-08-22 23:30:35 - mkk_pika - database.py:101 - INFO - 保存成功：(C94)ブラザートレード 一之瀬彩篇
2026-08-22 23:30:35 - mkk_pika - main.py:35 - INFO - 开始检查(C94)食うか、食われるか?3是否存在未下载章节
2026-08-22 23:30:35 - mkk_pika - main.py:45 - INFO - 正在下载:[(C94)食うか、食われるか?3]-[恋愛脳 (みずゆき)]-[['短篇', '同人']]-[total_pages:19]
2026-08-22 23:30:35 - mkk_pika - main.py:49 - INFO - [{'_id': '5c6d603791f47c57108adda3', 'title': '第1集', 'order': 1, 'updated_at': '2019-02-20T09:34:10.562Z', 'id': '5c6d603791f47c57108adda3'}]
2026-08-22 23:30:35 - mkk_pika - database.py:215 - INFO - 第一次下载该漫画，记录数据库中
2026-08-22 23:30:36 - mkk_pika - main.py:83 - INFO - 找到 19 张图片在:第1集
2026-08-22 23:30:37 - mkk_pika - main.py:112 - INFO - [episode:第1集       ] downloaded:    19, total:  19, progress:100%
2026-08-22 23:30:37 - mkk_pika - database.py:238 - INFO - 数据库更新已下载章节
2026-08-22 23:30:37 - mkk_pika - database.py:244 - INFO - 该漫画已下载章节如下
2026-08-22 23:30:37 - mkk_pika - database.py:245 - INFO - ['第1集']
2026-08-22 23:30:38 - mkk_pika - main.py:348 - INFO - ==================== 漫画信息 ====================
                                   漫画ID：5c6d603791f47c57108adda2
                                   标题：(C94)食うか、食われるか?3
                                   作者：恋愛脳 (みずゆき)
                                   是否完结：否
                                   总页数：19
                                   分类：短篇,同人
                                   章节数：1
                                   最后更新时间：2019-02-20T14:12:07.720Z
                                   =================================================
2026-08-22 23:30:38 - mkk_pika - database.py:101 - INFO - 保存成功：(C94)食うか、食われるか?3
2026-08-22 23:30:38 - mkk_pika - main.py:35 - INFO - 开始检查手办色影（御守雏菊）是否存在未下载章节
2026-08-22 23:30:39 - mkk_pika - main.py:45 - INFO - 正在下载:[手办色影（御守雏菊）]-[宝塔熊天王]-[['全彩', '短篇', '同人']]-[total_pages:43]
2026-08-22 23:30:39 - mkk_pika - main.py:49 - INFO - [{'_id': '5c6d6041ea9d9e716eb3a275', 'title': '第1集', 'order': 1, 'updated_at': '2019-02-20T09:57:06.734Z', 'id': '5c6d6041ea9d9e716eb3a275'}]
2026-08-22 23:30:39 - mkk_pika - database.py:215 - INFO - 第一次下载该漫画，记录数据库中
2026-08-22 23:30:40 - mkk_pika - main.py:83 - INFO - 找到 43 张图片在:第1集
2026-08-22 23:30:42 - mkk_pika - main.py:112 - INFO - [episode:第1集       ] downloaded:    43, total:  43, progress:100%
2026-08-22 23:30:42 - mkk_pika - database.py:238 - INFO - 数据库更新已下载章节
2026-08-22 23:30:42 - mkk_pika - database.py:244 - INFO - 该漫画已下载章节如下
2026-08-22 23:30:42 - mkk_pika - database.py:245 - INFO - ['第1集']
2026-08-22 23:30:43 - mkk_pika - main.py:348 - INFO - ==================== 漫画信息 ====================
                                   漫画ID：5c6d6041ea9d9e716eb3a274
                                   标题：手办色影（御守雏菊）
                                   作者：宝塔熊天王
                                   是否完结：是
                                   总页数：43
                                   分类：全彩,短篇,同人
                                   章节数：1
                                   最后更新时间：2019-02-20T14:12:17.898Z
                                   =================================================
2026-08-22 23:30:43 - mkk_pika - database.py:101 - INFO - 保存成功：手办色影（御守雏菊）
2026-08-22 23:30:43 - mkk_pika - main.py:35 - INFO - 开始检查3Piece~Valentine~ (コミック エグゼ 17)是否存在未下载章节
2026-08-22 23:30:44 - mkk_pika - main.py:45 - INFO - 正在下载:[3Piece~Valentine~ (コミック エグゼ 17)]-[ななお]-[['短篇', '全彩']]-[total_pages:8]
2026-08-22 23:30:44 - mkk_pika - main.py:49 - INFO - [{'_id': '5c6d611adcfdf27d4ecd276c', 'title': '第1集', 'order': 1, 'updated_at': '2019-02-20T13:57:46.603Z', 'id': '5c6d611adcfdf27d4ecd276c'}]
2026-08-22 23:30:44 - mkk_pika - database.py:215 - INFO - 第一次下载该漫画，记录数据库中
2026-08-22 23:30:44 - mkk_pika - main.py:83 - INFO - 找到 8 张图片在:第1集
2026-08-22 23:30:45 - mkk_pika - main.py:112 - INFO - [episode:第1集       ] downloaded:     8, total:   8, progress:100%
2026-08-22 23:30:45 - mkk_pika - database.py:238 - INFO - 数据库更新已下载章节
2026-08-22 23:30:45 - mkk_pika - database.py:244 - INFO - 该漫画已下载章节如下
2026-08-22 23:30:45 - mkk_pika - database.py:245 - INFO - ['第1集']
2026-08-22 23:30:46 - mkk_pika - main.py:348 - INFO - ==================== 漫画信息 ====================
                                   漫画ID：5c6d611adcfdf27d4ecd276b
                                   标题：3Piece~Valentine~ (コミック エグゼ 17)
                                   作者：ななお
                                   是否完结：是
                                   总页数：8
                                   分类：短篇,全彩
                                   章节数：1
                                   最后更新时间：2019-02-20T14:15:54.949Z
                                   =================================================
2026-08-22 23:30:46 - mkk_pika - database.py:101 - INFO - 保存成功：3Piece~Valentine~ (コミック エグゼ 17)
2026-08-22 23:30:46 - mkk_pika - main.py:35 - INFO - 开始检查人間水槽是否存在未下载章节
2026-08-22 23:30:46 - mkk_pika - main.py:45 - INFO - 正在下载:[人間水槽]-[白夜弦]-[['短篇', 'SM', '非人類']]-[total_pages:13]
2026-08-22 23:30:46 - mkk_pika - main.py:49 - INFO - [{'_id': '5c6d6126179363719e9703e3', 'title': '第1集', 'order': 1, 'updated_at': '2019-02-20T13:40:24.506Z', 'id': '5c6d6126179363719e9703e3'}]
2026-08-22 23:30:46 - mkk_pika - database.py:215 - INFO - 第一次下载该漫画，记录数据库中
2026-08-22 23:30:47 - mkk_pika - main.py:83 - INFO - 找到 13 张图片在:第1集
2026-08-22 23:30:48 - mkk_pika - main.py:112 - INFO - [episode:第1集       ] downloaded:    13, total:  13, progress:100%
2026-08-22 23:30:48 - mkk_pika - database.py:238 - INFO - 数据库更新已下载章节
2026-08-22 23:30:48 - mkk_pika - database.py:244 - INFO - 该漫画已下载章节如下
2026-08-22 23:30:48 - mkk_pika - database.py:245 - INFO - ['第1集']
2026-08-22 23:30:49 - mkk_pika - main.py:348 - INFO - ==================== 漫画信息 ====================
                                   漫画ID：5c6d6126179363719e9703e2
                                   标题：人間水槽
                                   作者：白夜弦
                                   是否完结：是
                                   总页数：13
                                   分类：短篇,SM,非人類
                                   章节数：1
                                   最后更新时间：2019-02-20T14:16:06.868Z
                                   =================================================
2026-08-22 23:30:49 - mkk_pika - database.py:101 - INFO - 保存成功：人間水槽
2026-08-22 23:30:49 - mkk_pika - main.py:35 - INFO - 开始检查アシカのハーレムに混ざりこんだ少女の顛末是否存在未下载章节
2026-08-22 23:30:50 - mkk_pika - main.py:45 - INFO - 正在下载:[アシカのハーレムに混ざりこんだ少女の顛末]-[エルデライド (音音丸)]-[['短篇', '非人類']]-[total_pages:5]
2026-08-22 23:30:50 - mkk_pika - main.py:49 - INFO - [{'_id': '5c6d61330487607d1a9587a0', 'title': '第1集', 'order': 1, 'updated_at': '2019-02-20T11:49:02.827Z', 'id': '5c6d61330487607d1a9587a0'}]
2026-08-22 23:30:50 - mkk_pika - database.py:215 - INFO - 第一次下载该漫画，记录数据库中
2026-08-22 23:30:50 - mkk_pika - main.py:83 - INFO - 找到 5 张图片在:第1集
2026-08-22 23:30:51 - mkk_pika - main.py:112 - INFO - [episode:第1集       ] downloaded:     5, total:   5, progress:100%
2026-08-22 23:30:51 - mkk_pika - database.py:238 - INFO - 数据库更新已下载章节
2026-08-22 23:30:51 - mkk_pika - database.py:244 - INFO - 该漫画已下载章节如下
2026-08-22 23:30:51 - mkk_pika - database.py:245 - INFO - ['第1集']
2026-08-22 23:30:52 - mkk_pika - main.py:348 - INFO - ==================== 漫画信息 ====================
                                   漫画ID：5c6d61330487607d1a95879f
                                   标题：アシカのハーレムに混ざりこんだ少女の顛末
                                   作者：エルデライド (音音丸)
                                   是否完结：是
                                   总页数：5
                                   分类：短篇,非人類
                                   章节数：1
                                   最后更新时间：2019-02-20T14:16:19.598Z
                                   =================================================
2026-08-22 23:30:52 - mkk_pika - database.py:101 - INFO - 保存成功：アシカのハーレムに混ざりこんだ少女の顛末
2026-08-22 23:30:52 - mkk_pika - main.py:35 - INFO - 开始检查真夜中は女神―寝取られ性転換是否存在未下载章节
2026-08-22 23:30:52 - mkk_pika - main.py:45 - INFO - 正在下载:[真夜中は女神―寝取られ性転換]-[ガットマキア (砕骨子)]-[['短篇', '強暴', '性轉換']]-[total_pages:25]
2026-08-22 23:30:52 - mkk_pika - main.py:49 - INFO - [{'_id': '5c6d630e3892cd7d22199d2a', 'title': '第1集', 'order': 1, 'updated_at': '2019-02-20T14:20:13.526Z', 'id': '5c6d630e3892cd7d22199d2a'}]
2026-08-22 23:30:52 - mkk_pika - database.py:215 - INFO - 第一次下载该漫画，记录数据库中
2026-08-22 23:30:53 - mkk_pika - main.py:83 - INFO - 找到 25 张图片在:第1集
2026-08-22 23:30:54 - mkk_pika - main.py:112 - INFO - [episode:第1集       ] downloaded:    25, total:  25, progress:100%
2026-08-22 23:30:54 - mkk_pika - database.py:238 - INFO - 数据库更新已下载章节
2026-08-22 23:30:54 - mkk_pika - database.py:244 - INFO - 该漫画已下载章节如下
2026-08-22 23:30:54 - mkk_pika - database.py:245 - INFO - ['第1集']
2026-08-22 23:30:56 - mkk_pika - main.py:348 - INFO - ==================== 漫画信息 ====================
                                   漫画ID：5c6d630e3892cd7d22199d29
                                   标题：真夜中は女神―寝取られ性転換
                                   作者：ガットマキア (砕骨子)
                                   是否完结：是
                                   总页数：25
                                   分类：短篇,強暴,性轉換
                                   章节数：1
                                   最后更新时间：2019-02-20T14:24:14.479Z
                                   =================================================
2026-08-22 23:30:56 - mkk_pika - database.py:101 - INFO - 保存成功：真夜中は女神―寝取られ性転換
2026-08-22 23:30:56 - mkk_pika - main.py:35 - INFO - 开始检查思春期のエロス 思春期 情色事是否存在未下载章节
2026-08-22 23:30:56 - mkk_pika - main.py:45 - INFO - 正在下载:[思春期のエロス 思春期 情色事]-[きいろいたまご]-[['純愛', '單行本', '長篇']]-[total_pages:177]
2026-08-22 23:30:56 - mkk_pika - main.py:49 - INFO - [{'_id': '5c6d891ea80a5557413d5d3a', 'title': '思春期情色的單行本', 'order': 1, 'updated_at': '2019-02-15T08:32:05.520Z', 'id': '5c6d891ea80a5557413d5d3a'}]
2026-08-22 23:30:56 - mkk_pika - database.py:215 - INFO - 第一次下载该漫画，记录数据库中
2026-08-22 23:30:59 - mkk_pika - main.py:83 - INFO - 找到 177 张图片在:思春期情色的單行本
2026-08-22 23:31:04 - mkk_pika - main.py:112 - INFO - [episode:思春期情色的單行本 ] downloaded:   177, total: 177, progress:100%
2026-08-22 23:31:04 - mkk_pika - database.py:238 - INFO - 数据库更新已下载章节
2026-08-22 23:31:04 - mkk_pika - database.py:244 - INFO - 该漫画已下载章节如下
2026-08-22 23:31:04 - mkk_pika - database.py:245 - INFO - ['思春期情色的單行本']
2026-08-22 23:31:06 - mkk_pika - main.py:348 - INFO - ==================== 漫画信息 ====================
                                   漫画ID：5c6d891ea80a5557413d5d39
                                   标题：思春期のエロス 思春期 情色事
                                   作者：きいろいたまご
                                   是否完结：是
                                   总页数：177
                                   分类：純愛,單行本,長篇
                                   章节数：1
                                   最后更新时间：2019-02-20T17:06:38.121Z
                                   =================================================
2026-08-22 23:31:06 - mkk_pika - database.py:101 - INFO - 保存成功：思春期のエロス 思春期 情色事
2026-08-22 23:31:06 - mkk_pika - main.py:35 - INFO - 开始检查BOSOM BUDDY (グランブルーファンタジー)是否存在未下载章节
2026-08-22 23:31:06 - mkk_pika - main.py:45 - INFO - 正在下载:[BOSOM BUDDY (グランブルーファンタジー)]-[AZASUKE WIND (AZASUKE)]-[['同人', '短篇', '碧藍幻想', '非人類']]-[total_pages:27]
2026-08-22 23:31:06 - mkk_pika - main.py:49 - INFO - [{'_id': '5c6d9646a80a5557413d5e2b', 'title': '第1集', 'order': 1, 'updated_at': '2019-02-20T17:44:27.969Z', 'id': '5c6d9646a80a5557413d5e2b'}]
2026-08-22 23:31:06 - mkk_pika - database.py:215 - INFO - 第一次下载该漫画，记录数据库中
2026-08-22 23:31:07 - mkk_pika - main.py:83 - INFO - 找到 27 张图片在:第1集
2026-08-22 23:31:08 - mkk_pika - main.py:112 - INFO - [episode:第1集       ] downloaded:    27, total:  27, progress:100%
2026-08-22 23:31:08 - mkk_pika - database.py:238 - INFO - 数据库更新已下载章节
2026-08-22 23:31:08 - mkk_pika - database.py:244 - INFO - 该漫画已下载章节如下
2026-08-22 23:31:08 - mkk_pika - database.py:245 - INFO - ['第1集']
2026-08-22 23:31:09 - mkk_pika - main.py:348 - INFO - ==================== 漫画信息 ====================
                                   漫画ID：5c6d9646a80a5557413d5e2a
                                   标题：BOSOM BUDDY (グランブルーファンタジー)
                                   作者：AZASUKE WIND (AZASUKE)
                                   是否完结：是
                                   总页数：27
                                   分类：同人,短篇,碧藍幻想,非人類
                                   章节数：1
                                   最后更新时间：2019-02-20T18:02:46.431Z
                                   =================================================
2026-08-22 23:31:09 - mkk_pika - database.py:101 - INFO - 保存成功：BOSOM BUDDY (グランブルーファンタジー)
2026-08-22 23:31:09 - mkk_pika - main.py:35 - INFO - 开始检查CL-orz 51 (ガールズ&パンツァー)是否存在未下载章节
2026-08-22 23:31:10 - mkk_pika - main.py:45 - INFO - 正在下载:[CL-orz 51 (ガールズ&パンツァー)]-[クレスタ (呉マサヒロ)]-[['全彩', '同人', '短篇', '後宮閃光']]-[total_pages:20]
2026-08-22 23:31:10 - mkk_pika - main.py:49 - INFO - [{'_id': '5c6e14e36ef6c264cca94ce9', 'title': '第1集', 'order': 1, 'updated_at': '2019-02-21T00:23:40.287Z', 'id': '5c6e14e36ef6c264cca94ce9'}]
2026-08-22 23:31:10 - mkk_pika - database.py:215 - INFO - 第一次下载该漫画，记录数据库中
2026-08-22 23:31:11 - mkk_pika - main.py:83 - INFO - 找到 20 张图片在:第1集
2026-08-22 23:31:11 - mkk_pika - main.py:112 - INFO - [episode:第1集       ] downloaded:    20, total:  20, progress:100%
2026-08-22 23:31:11 - mkk_pika - database.py:238 - INFO - 数据库更新已下载章节
2026-08-22 23:31:11 - mkk_pika - database.py:244 - INFO - 该漫画已下载章节如下
2026-08-22 23:31:11 - mkk_pika - database.py:245 - INFO - ['第1集']
2026-08-22 23:31:13 - mkk_pika - main.py:348 - INFO - ==================== 漫画信息 ====================
                                   漫画ID：586f373202e8872a6ed9fe92
                                   标题：CL-orz 51 (ガールズ&パンツァー)
                                   作者：クレスタ (呉マサヒロ)
                                   是否完结：是
                                   总页数：20
                                   分类：全彩,同人,短篇,後宮閃光
                                   章节数：1
                                   最后更新时间：2019-02-21T03:02:59.759Z
                                   =================================================
2026-08-22 23:31:13 - mkk_pika - database.py:101 - INFO - 保存成功：CL-orz 51 (ガールズ&パンツァー)
2026-08-22 23:31:13 - mkk_pika - main.py:35 - INFO - 开始检查伝説の本 銀河系語翻譯是否存在未下载章节
2026-08-22 23:31:13 - mkk_pika - main.py:45 - INFO - 正在下载:[伝説の本 銀河系語翻譯]-[カラスちゃん (カラスちゃん)]-[['同人']]-[total_pages:28]
2026-08-22 23:31:13 - mkk_pika - main.py:49 - INFO - [{'_id': '5c6e1abd0487607d1a958b11', 'title': '第1集', 'order': 1, 'updated_at': '2019-02-20T19:26:32.419Z', 'id': '5c6e1abd0487607d1a958b11'}]
2026-08-22 23:31:13 - mkk_pika - database.py:215 - INFO - 第一次下载该漫画，记录数据库中
2026-08-22 23:31:14 - mkk_pika - main.py:83 - INFO - 找到 28 张图片在:第1集
2026-08-22 23:31:15 - mkk_pika - main.py:112 - INFO - [episode:第1集       ] downloaded:    28, total:  28, progress:100%
2026-08-22 23:31:15 - mkk_pika - database.py:238 - INFO - 数据库更新已下载章节
2026-08-22 23:31:15 - mkk_pika - database.py:244 - INFO - 该漫画已下载章节如下
2026-08-22 23:31:15 - mkk_pika - database.py:245 - INFO - ['第1集']
2026-08-22 23:31:16 - mkk_pika - main.py:348 - INFO - ==================== 漫画信息 ====================
                                   漫画ID：5c6e1abd0487607d1a958b10
                                   标题：伝説の本 銀河系語翻譯
                                   作者：カラスちゃん (カラスちゃん)
                                   是否完结：否
                                   总页数：28
                                   分类：同人
                                   章节数：1
                                   最后更新时间：2019-02-21T03:27:57.861Z
                                   =================================================
2026-08-22 23:31:16 - mkk_pika - database.py:101 - INFO - 保存成功：伝説の本 銀河系語翻譯
2026-08-22 23:31:16 - mkk_pika - main.py:35 - INFO - 开始检查(C95) 淫らなサバフェスの過ごし方 (Fate Grand Order) [翻訳]是否存在未下载章节
2026-08-22 23:31:17 - mkk_pika - main.py:45 - INFO - 正在下载:[(C95) 淫らなサバフェスの過ごし方 (Fate Grand Order) [翻訳]]-[Navy Blue (神楽七姫)]-[['短篇', '同人', 'Fate']]-[total_pages:25]
2026-08-22 23:31:17 - mkk_pika - main.py:49 - INFO - [{'_id': '5c6e1adb2753db71669ed939', 'title': '第1集', 'order': 1, 'updated_at': '2019-02-20T19:42:52.482Z', 'id': '5c6e1adb2753db71669ed939'}]
2026-08-22 23:31:17 - mkk_pika - database.py:215 - INFO - 第一次下载该漫画，记录数据库中
2026-08-22 23:31:18 - mkk_pika - main.py:83 - INFO - 找到 25 张图片在:第1集
2026-08-22 23:31:18 - mkk_pika - main.py:112 - INFO - [episode:第1集       ] downloaded:    25, total:  25, progress:100%
2026-08-22 23:31:18 - mkk_pika - database.py:238 - INFO - 数据库更新已下载章节
2026-08-22 23:31:18 - mkk_pika - database.py:244 - INFO - 该漫画已下载章节如下
2026-08-22 23:31:18 - mkk_pika - database.py:245 - INFO - ['第1集']
2026-08-22 23:31:20 - mkk_pika - main.py:348 - INFO - ==================== 漫画信息 ====================
                                   漫画ID：5c6e1adb2753db71669ed938
                                   标题：(C95) 淫らなサバフェスの過ごし方 (Fate Grand Order) [翻訳]
                                   作者：Navy Blue (神楽七姫)
                                   是否完结：是
                                   总页数：25
                                   分类：短篇,同人,Fate
                                   章节数：1
                                   最后更新时间：2019-02-21T03:28:27.047Z
                                   =================================================
2026-08-22 23:31:20 - mkk_pika - database.py:101 - INFO - 保存成功：(C95) 淫らなサバフェスの過ごし方 (Fate Grand Order) [翻訳]
2026-08-22 23:31:20 - mkk_pika - main.py:35 - INFO - 开始检查鬼教官が催眠になんかに負けるはずがない! (グランブルーファンタジー)是否存在未下载章节
2026-08-22 23:31:20 - mkk_pika - main.py:45 - INFO - 正在下载:[鬼教官が催眠になんかに負けるはずがない! (グランブルーファンタジー)]-[ゆでのんの (のんのん)]-[['同人', '短篇', '碧藍幻想']]-[total_pages:28]
2026-08-22 23:31:20 - mkk_pika - main.py:49 - INFO - [{'_id': '5c6e1b8da80a5557413d5f8a', 'title': '第1集', 'order': 1, 'updated_at': '2019-02-20T19:43:22.295Z', 'id': '5c6e1b8da80a5557413d5f8a'}]
2026-08-22 23:31:20 - mkk_pika - database.py:215 - INFO - 第一次下载该漫画，记录数据库中
2026-08-22 23:31:21 - mkk_pika - main.py:83 - INFO - 找到 28 张图片在:第1集
2026-08-22 23:31:22 - mkk_pika - main.py:112 - INFO - [episode:第1集       ] downloaded:    28, total:  28, progress:100%
2026-08-22 23:31:22 - mkk_pika - database.py:238 - INFO - 数据库更新已下载章节
2026-08-22 23:31:22 - mkk_pika - database.py:244 - INFO - 该漫画已下载章节如下
2026-08-22 23:31:22 - mkk_pika - database.py:245 - INFO - ['第1集']
2026-08-22 23:31:24 - mkk_pika - main.py:348 - INFO - ==================== 漫画信息 ====================
                                   漫画ID：5c6e1b8da80a5557413d5f89
                                   标题：鬼教官が催眠になんかに負けるはずがない! (グランブルーファンタジー)
                                   作者：ゆでのんの (のんのん)
                                   是否完结：是
                                   总页数：28
                                   分类：同人,短篇,碧藍幻想
                                   章节数：1
                                   最后更新时间：2019-02-21T03:31:25.054Z
                                   =================================================
2026-08-22 23:31:24 - mkk_pika - database.py:101 - INFO - 保存成功：鬼教官が催眠になんかに負けるはずがない! (グランブルーファンタジー)
2026-08-22 23:31:24 - mkk_pika - main.py:35 - INFO - 开始检查追試は白濁液の匂い (コミック刺激的SQUIRT!! Vol.01) 是否存在未下载章节
2026-08-22 23:31:24 - mkk_pika - main.py:45 - INFO - 正在下载:[追試は白濁液の匂い (コミック刺激的SQUIRT!! Vol.01) ]-[はんぺら]-[['短篇', '同人']]-[total_pages:16]
2026-08-22 23:31:24 - mkk_pika - main.py:49 - INFO - [{'_id': '5c6e1bb56ef6c264cca94e7f', 'title': '第1集', 'order': 1, 'updated_at': '2019-02-20T21:24:04.907Z', 'id': '5c6e1bb56ef6c264cca94e7f'}]
2026-08-22 23:31:24 - mkk_pika - database.py:215 - INFO - 第一次下载该漫画，记录数据库中
2026-08-22 23:31:25 - mkk_pika - main.py:83 - INFO - 找到 16 张图片在:第1集
2026-08-22 23:31:25 - mkk_pika - main.py:112 - INFO - [episode:第1集       ] downloaded:    16, total:  16, progress:100%
2026-08-22 23:31:25 - mkk_pika - database.py:238 - INFO - 数据库更新已下载章节
2026-08-22 23:31:25 - mkk_pika - database.py:244 - INFO - 该漫画已下载章节如下
2026-08-22 23:31:25 - mkk_pika - database.py:245 - INFO - ['第1集']
2026-08-22 23:31:27 - mkk_pika - main.py:348 - INFO - ==================== 漫画信息 ====================
                                   漫画ID：5c6e1bb56ef6c264cca94e7e
                                   标题：追試は白濁液の匂い (コミック刺激的SQUIRT!! Vol.01) 
                                   作者：はんぺら
                                   是否完结：是
                                   总页数：16
                                   分类：短篇,同人
                                   章节数：1
                                   最后更新时间：2019-02-21T03:32:05.812Z
                                   =================================================
2026-08-22 23:31:27 - mkk_pika - database.py:101 - INFO - 保存成功：追試は白濁液の匂い (コミック刺激的SQUIRT!! Vol.01) 
2026-08-22 23:31:27 - mkk_pika - main.py:35 - INFO - 开始检查母娘丼 (コミック・マショウ 2019年2月号) 是否存在未下载章节
2026-08-22 23:31:27 - mkk_pika - main.py:45 - INFO - 正在下载:[母娘丼 (コミック・マショウ 2019年2月号) ]-[夏のおやつ]-[['短篇', '純愛', '人妻']]-[total_pages:23]
2026-08-22 23:31:27 - mkk_pika - main.py:49 - INFO - [{'_id': '5c6e1bc1dcfdf27d4ecd2bd3', 'title': '第1集', 'order': 1, 'updated_at': '2019-02-20T21:37:24.996Z', 'id': '5c6e1bc1dcfdf27d4ecd2bd3'}]
2026-08-22 23:31:27 - mkk_pika - database.py:215 - INFO - 第一次下载该漫画，记录数据库中
2026-08-22 23:31:28 - mkk_pika - main.py:83 - INFO - 找到 23 张图片在:第1集
2026-08-22 23:31:29 - mkk_pika - main.py:112 - INFO - [episode:第1集       ] downloaded:    23, total:  23, progress:100%
2026-08-22 23:31:29 - mkk_pika - database.py:238 - INFO - 数据库更新已下载章节
2026-08-22 23:31:29 - mkk_pika - database.py:244 - INFO - 该漫画已下载章节如下
2026-08-22 23:31:29 - mkk_pika - database.py:245 - INFO - ['第1集']
2026-08-22 23:31:30 - mkk_pika - main.py:348 - INFO - ==================== 漫画信息 ====================
                                   漫画ID：5c6e1bc1dcfdf27d4ecd2bd2
                                   标题：母娘丼 (コミック・マショウ 2019年2月号) 
                                   作者：夏のおやつ
                                   是否完结：是
                                   总页数：23
                                   分类：短篇,純愛,人妻
                                   章节数：1
                                   最后更新时间：2019-02-21T03:32:17.665Z
                                   =================================================
2026-08-22 23:31:30 - mkk_pika - database.py:101 - INFO - 保存成功：母娘丼 (コミック・マショウ 2019年2月号) 
2026-08-22 23:31:30 - mkk_pika - main.py:35 - INFO - 开始检查 hepatica6.0 (ゼノブレイド2)是否存在未下载章节
2026-08-22 23:31:30 - mkk_pika - main.py:45 - INFO - 正在下载:[ hepatica6.0 (ゼノブレイド2)]-[Hotel Negresco (Negresco)]-[['短篇', '同人', '非人類']]-[total_pages:29]
2026-08-22 23:31:30 - mkk_pika - main.py:49 - INFO - [{'_id': '5c6e1f50c520b864c0170125', 'title': '第1集', 'order': 1, 'updated_at': '2019-02-20T23:11:08.780Z', 'id': '5c6e1f50c520b864c0170125'}]
2026-08-22 23:31:30 - mkk_pika - database.py:215 - INFO - 第一次下载该漫画，记录数据库中
2026-08-22 23:31:32 - mkk_pika - main.py:83 - INFO - 找到 29 张图片在:第1集
2026-08-22 23:31:33 - mkk_pika - main.py:112 - INFO - [episode:第1集       ] downloaded:    29, total:  29, progress:100%
2026-08-22 23:31:33 - mkk_pika - database.py:238 - INFO - 数据库更新已下载章节
2026-08-22 23:31:33 - mkk_pika - database.py:244 - INFO - 该漫画已下载章节如下
2026-08-22 23:31:33 - mkk_pika - database.py:245 - INFO - ['第1集']
2026-08-22 23:31:34 - mkk_pika - main.py:348 - INFO - ==================== 漫画信息 ====================
                                   漫画ID：5c6e1f50c520b864c0170124
                                   标题： hepatica6.0 (ゼノブレイド2)
                                   作者：Hotel Negresco (Negresco)
                                   是否完结：是
                                   总页数：29
                                   分类：短篇,同人,非人類
                                   章节数：1
                                   最后更新时间：2019-02-21T03:47:28.990Z
                                   =================================================
2026-08-22 23:31:34 - mkk_pika - database.py:101 - INFO - 保存成功： hepatica6.0 (ゼノブレイド2)
2026-08-22 23:31:34 - mkk_pika - main.py:35 - INFO - 开始检查(C95)頼光ママと丑御前ママのセックス戦争 (FateGrand Order)是否存在未下载章节
2026-08-22 23:31:34 - mkk_pika - main.py:45 - INFO - 正在下载:[(C95)頼光ママと丑御前ママのセックス戦争 (FateGrand Order)]-[試行屋]-[['短篇', '同人', 'Fate', '後宮閃光']]-[total_pages:24]
2026-08-22 23:31:34 - mkk_pika - main.py:49 - INFO - [{'_id': '5c6e1fbac520b864c0170147', 'title': '第1集', 'order': 1, 'updated_at': '2019-02-21T01:46:31.609Z', 'id': '5c6e1fbac520b864c0170147'}]
2026-08-22 23:31:34 - mkk_pika - database.py:215 - INFO - 第一次下载该漫画，记录数据库中
2026-08-22 23:31:35 - mkk_pika - main.py:83 - INFO - 找到 24 张图片在:第1集
2026-08-22 23:31:36 - mkk_pika - main.py:112 - INFO - [episode:第1集       ] downloaded:    24, total:  24, progress:100%
2026-08-22 23:31:36 - mkk_pika - database.py:238 - INFO - 数据库更新已下载章节
2026-08-22 23:31:36 - mkk_pika - database.py:244 - INFO - 该漫画已下载章节如下
2026-08-22 23:31:36 - mkk_pika - database.py:245 - INFO - ['第1集']
2026-08-22 23:31:38 - mkk_pika - main.py:348 - INFO - ==================== 漫画信息 ====================
                                   漫画ID：5c6e1fbac520b864c0170146
                                   标题：(C95)頼光ママと丑御前ママのセックス戦争 (FateGrand Order)
                                   作者：試行屋
                                   是否完结：是
                                   总页数：24
                                   分类：短篇,同人,Fate,後宮閃光
                                   章节数：1
                                   最后更新时间：2019-02-21T03:49:14.826Z
                                   =================================================
2026-08-22 23:31:38 - mkk_pika - database.py:101 - INFO - 保存成功：(C95)頼光ママと丑御前ママのセックス戦争 (FateGrand Order)
2026-08-22 23:31:38 - mkk_pika - main.py:35 - INFO - 开始检查 (C95)東方陵辱41 こいし (東方Project)是否存在未下载章节
2026-08-22 23:31:38 - mkk_pika - main.py:45 - INFO - 正在下载:[ (C95)東方陵辱41 こいし (東方Project)]-[ナギヤマスギ (那岐山)]-[['短篇', '同人', '東方', 'SM', '強暴']]-[total_pages:23]
2026-08-22 23:31:38 - mkk_pika - main.py:49 - INFO - [{'_id': '5c6e2037a80a5557413d5fdb', 'title': '第1集', 'order': 1, 'updated_at': '2019-02-21T02:17:03.171Z', 'id': '5c6e2037a80a5557413d5fdb'}]
2026-08-22 23:31:38 - mkk_pika - database.py:215 - INFO - 第一次下载该漫画，记录数据库中
2026-08-22 23:31:39 - mkk_pika - main.py:83 - INFO - 找到 23 张图片在:第1集
2026-08-22 23:31:40 - mkk_pika - main.py:112 - INFO - [episode:第1集       ] downloaded:    23, total:  23, progress:100%
2026-08-22 23:31:40 - mkk_pika - database.py:238 - INFO - 数据库更新已下载章节
2026-08-22 23:31:40 - mkk_pika - database.py:244 - INFO - 该漫画已下载章节如下
2026-08-22 23:31:40 - mkk_pika - database.py:245 - INFO - ['第1集']
2026-08-22 23:31:41 - mkk_pika - main.py:348 - INFO - ==================== 漫画信息 ====================
                                   漫画ID：5c6e2037a80a5557413d5fda
                                   标题： (C95)東方陵辱41 こいし (東方Project)
                                   作者：ナギヤマスギ (那岐山)
                                   是否完结：是
                                   总页数：23
                                   分类：短篇,同人,東方,SM,強暴
                                   章节数：1
                                   最后更新时间：2019-02-21T03:51:19.660Z
                                   =================================================
2026-08-22 23:31:41 - mkk_pika - database.py:101 - INFO - 保存成功： (C95)東方陵辱41 こいし (東方Project)
2026-08-22 23:31:41 - mkk_pika - main.py:35 - INFO - 开始检查 (C95)幻想艶交-Flandre-較 (东方Project)是否存在未下载章节
2026-08-22 23:31:41 - mkk_pika - main.py:45 - INFO - 正在下载:[ (C95)幻想艶交-Flandre-較 (东方Project)]-[MegaSoundOrchestra (三割引)]-[['短篇', '同人', '東方', '非人類']]-[total_pages:28]
2026-08-22 23:31:41 - mkk_pika - main.py:49 - INFO - [{'_id': '5c6e205d6ef6c264cca94ea6', 'title': '第1集', 'order': 1, 'updated_at': '2019-02-21T02:23:15.897Z', 'id': '5c6e205d6ef6c264cca94ea6'}]
2026-08-22 23:31:41 - mkk_pika - database.py:215 - INFO - 第一次下载该漫画，记录数据库中
2026-08-22 23:31:43 - mkk_pika - main.py:83 - INFO - 找到 28 张图片在:第1集
2026-08-22 23:31:44 - mkk_pika - main.py:112 - INFO - [episode:第1集       ] downloaded:    28, total:  28, progress:100%
2026-08-22 23:31:44 - mkk_pika - database.py:238 - INFO - 数据库更新已下载章节
2026-08-22 23:31:44 - mkk_pika - database.py:244 - INFO - 该漫画已下载章节如下
2026-08-22 23:31:44 - mkk_pika - database.py:245 - INFO - ['第1集']
2026-08-22 23:31:45 - mkk_pika - main.py:348 - INFO - ==================== 漫画信息 ====================
                                   漫画ID：5c6e205d6ef6c264cca94ea5
                                   标题： (C95)幻想艶交-Flandre-較 (东方Project)
                                   作者：MegaSoundOrchestra (三割引)
                                   是否完结：是
                                   总页数：28
                                   分类：短篇,同人,東方,非人類
                                   章节数：1
                                   最后更新时间：2019-02-21T03:51:57.458Z
                                   =================================================
2026-08-22 23:31:45 - mkk_pika - database.py:101 - INFO - 保存成功： (C95)幻想艶交-Flandre-較 (东方Project)
2026-08-22 23:31:45 - mkk_pika - main.py:35 - INFO - 开始检查チルノ大ピンチ!～カエルの復讐編～ (東方Project)是否存在未下载章节
2026-08-22 23:31:45 - mkk_pika - main.py:45 - INFO - 正在下载:[チルノ大ピンチ!～カエルの復讐編～ (東方Project)]-[Marked-two (まーくん)]-[['短篇', '同人', '非人類', '東方']]-[total_pages:32]
2026-08-22 23:31:45 - mkk_pika - main.py:49 - INFO - [{'_id': '5c6e20bee840d057404d88e2', 'title': '第1集', 'order': 1, 'updated_at': '2019-02-21T03:37:09.981Z', 'id': '5c6e20bee840d057404d88e2'}]
2026-08-22 23:31:45 - mkk_pika - database.py:215 - INFO - 第一次下载该漫画，记录数据库中
2026-08-22 23:31:46 - mkk_pika - main.py:83 - INFO - 找到 32 张图片在:第1集
2026-08-22 23:31:47 - mkk_pika - main.py:112 - INFO - [episode:第1集       ] downloaded:    32, total:  32, progress:100%
2026-08-22 23:31:47 - mkk_pika - database.py:238 - INFO - 数据库更新已下载章节
2026-08-22 23:31:47 - mkk_pika - database.py:244 - INFO - 该漫画已下载章节如下
2026-08-22 23:31:47 - mkk_pika - database.py:245 - INFO - ['第1集']
2026-08-22 23:31:49 - mkk_pika - main.py:348 - INFO - ==================== 漫画信息 ====================
                                   漫画ID：5c6e20bee840d057404d88e1
                                   标题：チルノ大ピンチ!～カエルの復讐編～ (東方Project)
                                   作者：Marked-two (まーくん)
                                   是否完结：是
                                   总页数：32
                                   分类：短篇,同人,非人類,東方
                                   章节数：1
                                   最后更新时间：2019-02-21T03:53:34.366Z
                                   =================================================
2026-08-22 23:31:49 - mkk_pika - database.py:101 - INFO - 保存成功：チルノ大ピンチ!～カエルの復讐編～ (東方Project)
2026-08-22 23:31:49 - mkk_pika - main.py:35 - INFO - 开始检查ハクマヨスケジュールPM (東方Project)是否存在未下载章节
2026-08-22 23:31:49 - mkk_pika - main.py:45 - INFO - 正在下载:[ハクマヨスケジュールPM (東方Project)]-[みどりねこ (みどり)]-[['同人', '短篇', '東方', '後宮閃光']]-[total_pages:32]
2026-08-22 23:31:49 - mkk_pika - main.py:49 - INFO - [{'_id': '5c6e2114a80a5557413d600e', 'title': '第1集', 'order': 1, 'updated_at': '2019-02-21T03:09:20.343Z', 'id': '5c6e2114a80a5557413d600e'}]
2026-08-22 23:31:49 - mkk_pika - database.py:215 - INFO - 第一次下载该漫画，记录数据库中
2026-08-22 23:31:50 - mkk_pika - main.py:83 - INFO - 找到 32 张图片在:第1集
2026-08-22 23:31:51 - mkk_pika - main.py:112 - INFO - [episode:第1集       ] downloaded:    32, total:  32, progress:100%
2026-08-22 23:31:51 - mkk_pika - database.py:238 - INFO - 数据库更新已下载章节
2026-08-22 23:31:51 - mkk_pika - database.py:244 - INFO - 该漫画已下载章节如下
2026-08-22 23:31:51 - mkk_pika - database.py:245 - INFO - ['第1集']
2026-08-22 23:31:53 - mkk_pika - main.py:348 - INFO - ==================== 漫画信息 ====================
                                   漫画ID：5c6e2114a80a5557413d600d
                                   标题：ハクマヨスケジュールPM (東方Project)
                                   作者：みどりねこ (みどり)
                                   是否完结：是
                                   总页数：32
                                   分类：同人,短篇,東方,後宮閃光
                                   章节数：1
                                   最后更新时间：2019-02-21T03:55:00.173Z
                                   =================================================
2026-08-22 23:31:53 - mkk_pika - database.py:101 - INFO - 保存成功：ハクマヨスケジュールPM (東方Project)
2026-08-22 23:31:53 - mkk_pika - main.py:35 - INFO - 开始检查(C95) 実は川上の方が節制できない説是否存在未下载章节
2026-08-22 23:31:53 - mkk_pika - main.py:45 - INFO - 正在下载:[(C95) 実は川上の方が節制できない説]-[割れ目 (こっぺ)]-[['短篇', '同人', '純愛']]-[total_pages:24]
2026-08-22 23:31:53 - mkk_pika - main.py:49 - INFO - [{'_id': '5c6e218088d6ea649444d65d', 'title': '第1集', 'order': 1, 'updated_at': '2019-02-21T03:49:43.740Z', 'id': '5c6e218088d6ea649444d65d'}]
2026-08-22 23:31:53 - mkk_pika - database.py:215 - INFO - 第一次下载该漫画，记录数据库中
2026-08-22 23:31:54 - mkk_pika - main.py:83 - INFO - 找到 24 张图片在:第1集
2026-08-22 23:31:55 - mkk_pika - main.py:112 - INFO - [episode:第1集       ] downloaded:    24, total:  24, progress:100%
2026-08-22 23:31:55 - mkk_pika - database.py:238 - INFO - 数据库更新已下载章节
2026-08-22 23:31:55 - mkk_pika - database.py:244 - INFO - 该漫画已下载章节如下
2026-08-22 23:31:55 - mkk_pika - database.py:245 - INFO - ['第1集']
2026-08-22 23:31:56 - mkk_pika - main.py:348 - INFO - ==================== 漫画信息 ====================
                                   漫画ID：5c6e218088d6ea649444d65c
                                   标题：(C95) 実は川上の方が節制できない説
                                   作者：割れ目 (こっぺ)
                                   是否完结：否
                                   总页数：24
                                   分类：短篇,同人,純愛
                                   章节数：1
                                   最后更新时间：2019-02-21T03:56:48.574Z
                                   =================================================
2026-08-22 23:31:56 - mkk_pika - database.py:101 - INFO - 保存成功：(C95) 実は川上の方が節制できない説
2026-08-22 23:31:56 - mkk_pika - main.py:35 - INFO - 开始检查主殿に一途な牛若丸を変態AVに出演させる寝取らせ本 (FateGrand Order)（汉化）是否存在未下载章节
2026-08-22 23:31:57 - mkk_pika - main.py:45 - INFO - 正在下载:[主殿に一途な牛若丸を変態AVに出演させる寝取らせ本 (FateGrand Order)（汉化）]-[んほぉおおおぉおおおおおお♥おっ♥おっ♥ (さだお)]-[['短篇', '同人', 'Fate']]-[total_pages:19]
2026-08-22 23:31:57 - mkk_pika - main.py:49 - INFO - [{'_id': '5c6e83c348b743648cc61f01', 'title': '第1集', 'order': 1, 'updated_at': '2019-02-21T04:28:12.647Z', 'id': '5c6e83c348b743648cc61f01'}]
2026-08-22 23:31:57 - mkk_pika - database.py:215 - INFO - 第一次下载该漫画，记录数据库中
2026-08-22 23:31:58 - mkk_pika - main.py:83 - INFO - 找到 19 张图片在:第1集
2026-08-22 23:31:58 - mkk_pika - main.py:112 - INFO - [episode:第1集       ] downloaded:    19, total:  19, progress:100%
2026-08-22 23:31:58 - mkk_pika - database.py:238 - INFO - 数据库更新已下载章节
2026-08-22 23:31:58 - mkk_pika - database.py:244 - INFO - 该漫画已下载章节如下
2026-08-22 23:31:58 - mkk_pika - database.py:245 - INFO - ['第1集']
2026-08-22 23:32:00 - mkk_pika - main.py:348 - INFO - ==================== 漫画信息 ====================
                                   漫画ID：5c6e83c348b743648cc61f00
                                   标题：主殿に一途な牛若丸を変態AVに出演させる寝取らせ本 (FateGrand Order)（汉化）
                                   作者：んほぉおおおぉおおおおおお♥おっ♥おっ♥ (さだお)
                                   是否完结：是
                                   总页数：19
                                   分类：短篇,同人,Fate
                                   章节数：1
                                   最后更新时间：2019-02-21T10:56:03.405Z
                                   =================================================
2026-08-22 23:32:00 - mkk_pika - database.py:101 - INFO - 保存成功：主殿に一途な牛若丸を変態AVに出演させる寝取らせ本 (FateGrand Order)（汉化）
2026-08-22 23:32:00 - mkk_pika - main.py:35 - INFO - 开始检查(C95)ミッドガルで売春してたらがっつり堕とされた件 (ファイナルファンタジーVII)是否存在未下载章节
2026-08-22 23:32:00 - mkk_pika - main.py:45 - INFO - 正在下载:[(C95)ミッドガルで売春してたらがっつり堕とされた件 (ファイナルファンタジーVII)]-[ヘビツナガリ (えすじーけー)]-[['短篇', '同人', 'SM']]-[total_pages:29]
2026-08-22 23:32:00 - mkk_pika - main.py:49 - INFO - [{'_id': '5c6e840d179363719e9709ef', 'title': '第1集', 'order': 1, 'updated_at': '2019-02-21T06:44:30.107Z', 'id': '5c6e840d179363719e9709ef'}]
2026-08-22 23:32:00 - mkk_pika - database.py:215 - INFO - 第一次下载该漫画，记录数据库中
2026-08-22 23:32:01 - mkk_pika - main.py:83 - INFO - 找到 29 张图片在:第1集
2026-08-22 23:32:02 - mkk_pika - main.py:112 - INFO - [episode:第1集       ] downloaded:    29, total:  29, progress:100%
2026-08-22 23:32:02 - mkk_pika - database.py:238 - INFO - 数据库更新已下载章节
2026-08-22 23:32:02 - mkk_pika - database.py:244 - INFO - 该漫画已下载章节如下
2026-08-22 23:32:02 - mkk_pika - database.py:245 - INFO - ['第1集']
2026-08-22 23:32:04 - mkk_pika - main.py:348 - INFO - ==================== 漫画信息 ====================
                                   漫画ID：5c6e840d179363719e9709ee
                                   标题：(C95)ミッドガルで売春してたらがっつり堕とされた件 (ファイナルファンタジーVII)
                                   作者：ヘビツナガリ (えすじーけー)
                                   是否完结：是
                                   总页数：29
                                   分类：短篇,同人,SM
                                   章节数：1
                                   最后更新时间：2019-02-21T10:57:17.701Z
                                   =================================================
2026-08-22 23:32:04 - mkk_pika - database.py:101 - INFO - 保存成功：(C95)ミッドガルで売春してたらがっつり堕とされた件 (ファイナルファンタジーVII)
2026-08-22 23:32:04 - mkk_pika - main.py:35 - INFO - 开始检查ヤリサーの実態 1-2 + 番外編是否存在未下载章节
2026-08-22 23:32:04 - mkk_pika - main.py:45 - INFO - 正在下载:[ヤリサーの実態 1-2 + 番外編]-[月本築希]-[['全彩', '短篇', '強暴']]-[total_pages:74]
2026-08-22 23:32:04 - mkk_pika - main.py:49 - INFO - [{'_id': '5c6e8437179363719e970a0e', 'title': '第1集', 'order': 1, 'updated_at': '2019-02-21T06:53:39.406Z', 'id': '5c6e8437179363719e970a0e'}]
2026-08-22 23:32:04 - mkk_pika - database.py:215 - INFO - 第一次下载该漫画，记录数据库中
2026-08-22 23:32:05 - mkk_pika - main.py:83 - INFO - 找到 74 张图片在:第1集
2026-08-22 23:32:08 - mkk_pika - main.py:112 - INFO - [episode:第1集       ] downloaded:    74, total:  74, progress:100%
2026-08-22 23:32:08 - mkk_pika - database.py:238 - INFO - 数据库更新已下载章节
2026-08-22 23:32:08 - mkk_pika - database.py:244 - INFO - 该漫画已下载章节如下
2026-08-22 23:32:08 - mkk_pika - database.py:245 - INFO - ['第1集']
2026-08-22 23:32:09 - mkk_pika - main.py:348 - INFO - ==================== 漫画信息 ====================
                                   漫画ID：5c6e8437179363719e970a0d
                                   标题：ヤリサーの実態 1-2 + 番外編
                                   作者：月本築希
                                   是否完结：是
                                   总页数：74
                                   分类：全彩,短篇,強暴
                                   章节数：1
                                   最后更新时间：2019-02-21T10:57:59.431Z
                                   =================================================
2026-08-22 23:32:09 - mkk_pika - database.py:101 - INFO - 保存成功：ヤリサーの実態 1-2 + 番外編
2026-08-22 23:32:09 - mkk_pika - main.py:35 - INFO - 开始检查ヤリサーの実態3-4是否存在未下载章节
2026-08-22 23:32:09 - mkk_pika - main.py:45 - INFO - 正在下载:[ヤリサーの実態3-4]-[月本築希]-[['同人', '短篇', '全彩']]-[total_pages:89]
2026-08-22 23:32:09 - mkk_pika - main.py:49 - INFO - [{'_id': '5c6e8440faf9aa570a1ce354', 'title': '第3集', 'order': 1, 'updated_at': '2019-02-21T07:05:42.008Z', 'id': '5c6e8440faf9aa570a1ce354'}, {'_id': '5c6e8440faf9aa570a1ce355', 'title': '第4集', 'order': 2, 'updated_at': '2019-02-21T07:09:35.587Z', 'id': '5c6e8440faf9aa570a1ce355'}, {'_id': '5c6e8440faf9aa570a1ce356', 'title': '第3集黑白前篇', 'order': 3, 'updated_at': '2019-02-21T07:07:39.418Z', 'id': '5c6e8440faf9aa570a1ce356'}]
2026-08-22 23:32:09 - mkk_pika - database.py:215 - INFO - 第一次下载该漫画，记录数据库中
2026-08-22 23:32:10 - mkk_pika - main.py:83 - INFO - 找到 37 张图片在:第3集
2026-08-22 23:32:11 - mkk_pika - main.py:112 - INFO - [episode:第3集       ] downloaded:    37, total:  37, progress:100%
2026-08-22 23:32:11 - mkk_pika - database.py:238 - INFO - 数据库更新已下载章节
2026-08-22 23:32:11 - mkk_pika - database.py:244 - INFO - 该漫画已下载章节如下
2026-08-22 23:32:11 - mkk_pika - database.py:245 - INFO - ['第3集']
2026-08-22 23:32:13 - mkk_pika - main.py:83 - INFO - 找到 31 张图片在:第4集
2026-08-22 23:32:14 - mkk_pika - main.py:112 - INFO - [episode:第4集       ] downloaded:    31, total:  31, progress:100%
2026-08-22 23:32:14 - mkk_pika - database.py:238 - INFO - 数据库更新已下载章节
2026-08-22 23:32:14 - mkk_pika - database.py:244 - INFO - 该漫画已下载章节如下
2026-08-22 23:32:14 - mkk_pika - database.py:245 - INFO - ['第3集', '第4集']
2026-08-22 23:32:16 - mkk_pika - main.py:83 - INFO - 找到 21 张图片在:第3集黑白前篇
2026-08-22 23:32:17 - mkk_pika - main.py:112 - INFO - [episode:第3集黑白前篇   ] downloaded:    21, total:  21, progress:100%
2026-08-22 23:32:17 - mkk_pika - database.py:238 - INFO - 数据库更新已下载章节
2026-08-22 23:32:17 - mkk_pika - database.py:244 - INFO - 该漫画已下载章节如下
2026-08-22 23:32:17 - mkk_pika - database.py:245 - INFO - ['第3集', '第4集', '第3集黑白前篇']
2026-08-22 23:32:18 - mkk_pika - main.py:348 - INFO - ==================== 漫画信息 ====================
                                   漫画ID：5c6e8440faf9aa570a1ce353
                                   标题：ヤリサーの実態3-4
                                   作者：月本築希
                                   是否完结：是
                                   总页数：89
                                   分类：同人,短篇,全彩
                                   章节数：3
                                   最后更新时间：2019-02-21T10:58:08.495Z
                                   =================================================
2026-08-22 23:32:18 - mkk_pika - database.py:101 - INFO - 保存成功：ヤリサーの実態3-4
2026-08-22 23:32:18 - mkk_pika - main.py:35 - INFO - 开始检查ヤリサーの実態5-6是否存在未下载章节
2026-08-22 23:32:18 - mkk_pika - main.py:45 - INFO - 正在下载:[ヤリサーの実態5-6]-[月本築希]-[['同人', '短篇', '強暴']]-[total_pages:50]
2026-08-22 23:32:18 - mkk_pika - main.py:49 - INFO - [{'_id': '5c6e8449179363719e970a5a', 'title': '第5集', 'order': 1, 'updated_at': '2019-02-21T07:16:40.938Z', 'id': '5c6e8449179363719e970a5a'}, {'_id': '5c6e8449179363719e970a5b', 'title': '第6集', 'order': 2, 'updated_at': '2019-02-21T07:19:39.208Z', 'id': '5c6e8449179363719e970a5b'}]
2026-08-22 23:32:18 - mkk_pika - database.py:215 - INFO - 第一次下载该漫画，记录数据库中
2026-08-22 23:32:19 - mkk_pika - main.py:83 - INFO - 找到 25 张图片在:第5集
2026-08-22 23:32:20 - mkk_pika - main.py:112 - INFO - [episode:第5集       ] downloaded:    25, total:  25, progress:100%
2026-08-22 23:32:20 - mkk_pika - database.py:238 - INFO - 数据库更新已下载章节
2026-08-22 23:32:20 - mkk_pika - database.py:244 - INFO - 该漫画已下载章节如下
2026-08-22 23:32:20 - mkk_pika - database.py:245 - INFO - ['第5集']
2026-08-22 23:32:22 - mkk_pika - main.py:83 - INFO - 找到 25 张图片在:第6集
2026-08-22 23:32:23 - mkk_pika - main.py:112 - INFO - [episode:第6集       ] downloaded:    25, total:  25, progress:100%
2026-08-22 23:32:23 - mkk_pika - database.py:238 - INFO - 数据库更新已下载章节
2026-08-22 23:32:23 - mkk_pika - database.py:244 - INFO - 该漫画已下载章节如下
2026-08-22 23:32:23 - mkk_pika - database.py:245 - INFO - ['第5集', '第6集']
2026-08-22 23:32:24 - mkk_pika - main.py:348 - INFO - ==================== 漫画信息 ====================
                                   漫画ID：5c6e8449179363719e970a59
                                   标题：ヤリサーの実態5-6
                                   作者：月本築希
                                   是否完结：是
                                   总页数：50
                                   分类：同人,短篇,強暴
                                   章节数：2
                                   最后更新时间：2019-02-21T10:58:17.598Z
                                   =================================================
2026-08-22 23:32:24 - mkk_pika - database.py:101 - INFO - 保存成功：ヤリサーの実態5-6
2026-08-22 23:32:24 - mkk_pika - main.py:35 - INFO - 开始检查(C94) 川上の前では節制できない説 (ペルソナ5)是否存在未下载章节
2026-08-22 23:32:24 - mkk_pika - main.py:45 - INFO - 正在下载:[(C94) 川上の前では節制できない説 (ペルソナ5)]-[割れ目 (こっぺ)]-[['同人', '短篇']]-[total_pages:33]
2026-08-22 23:32:24 - mkk_pika - main.py:49 - INFO - [{'_id': '5c6e845c88d6ea649444da2f', 'title': '第1集', 'order': 1, 'updated_at': '2019-02-21T07:27:27.154Z', 'id': '5c6e845c88d6ea649444da2f'}]
2026-08-22 23:32:24 - mkk_pika - database.py:215 - INFO - 第一次下载该漫画，记录数据库中
2026-08-22 23:32:26 - mkk_pika - main.py:83 - INFO - 找到 33 张图片在:第1集
2026-08-22 23:32:27 - mkk_pika - main.py:112 - INFO - [episode:第1集       ] downloaded:    33, total:  33, progress:100%
2026-08-22 23:32:27 - mkk_pika - database.py:238 - INFO - 数据库更新已下载章节
2026-08-22 23:32:27 - mkk_pika - database.py:244 - INFO - 该漫画已下载章节如下
2026-08-22 23:32:27 - mkk_pika - database.py:245 - INFO - ['第1集']
2026-08-22 23:32:28 - mkk_pika - main.py:348 - INFO - ==================== 漫画信息 ====================
                                   漫画ID：5c6e845c88d6ea649444da2e
                                   标题：(C94) 川上の前では節制できない説 (ペルソナ5)
                                   作者：割れ目 (こっぺ)
                                   是否完结：是
                                   总页数：33
                                   分类：同人,短篇
                                   章节数：1
                                   最后更新时间：2019-02-21T10:58:36.983Z
                                   =================================================
2026-08-22 23:32:28 - mkk_pika - database.py:101 - INFO - 保存成功：(C94) 川上の前では節制できない説 (ペルソナ5)
2026-08-22 23:32:28 - mkk_pika - main.py:35 - INFO - 开始检查(COMIC1☆13) 君の笑顔が僕の星2 (ニーア オートマタ)是否存在未下载章节
2026-08-22 23:32:28 - mkk_pika - main.py:45 - INFO - 正在下载:[(COMIC1☆13) 君の笑顔が僕の星2 (ニーア オートマタ)]-[モンモー牧場 (ウーロン・レイ)]-[['同人', '短篇']]-[total_pages:28]
2026-08-22 23:32:28 - mkk_pika - main.py:49 - INFO - [{'_id': '5c6e84e50487607d1a958cd8', 'title': '第1集', 'order': 1, 'updated_at': '2019-02-21T07:33:46.754Z', 'id': '5c6e84e50487607d1a958cd8'}]
2026-08-22 23:32:28 - mkk_pika - database.py:215 - INFO - 第一次下载该漫画，记录数据库中
2026-08-22 23:32:30 - mkk_pika - main.py:83 - INFO - 找到 28 张图片在:第1集
2026-08-22 23:32:31 - mkk_pika - main.py:112 - INFO - [episode:第1集       ] downloaded:    28, total:  28, progress:100%
2026-08-22 23:32:31 - mkk_pika - database.py:238 - INFO - 数据库更新已下载章节
2026-08-22 23:32:31 - mkk_pika - database.py:244 - INFO - 该漫画已下载章节如下
2026-08-22 23:32:31 - mkk_pika - database.py:245 - INFO - ['第1集']
2026-08-22 23:32:32 - mkk_pika - main.py:348 - INFO - ==================== 漫画信息 ====================
                                   漫画ID：5c6e84e50487607d1a958cd7
                                   标题：(COMIC1☆13) 君の笑顔が僕の星2 (ニーア オートマタ)
                                   作者：モンモー牧場 (ウーロン・レイ)
                                   是否完结：是
                                   总页数：28
                                   分类：同人,短篇
                                   章节数：1
                                   最后更新时间：2019-02-21T11:00:53.221Z
                                   =================================================
2026-08-22 23:32:32 - mkk_pika - database.py:101 - INFO - 保存成功：(COMIC1☆13) 君の笑顔が僕の星2 (ニーア オートマタ)
2026-08-22 23:32:32 - mkk_pika - main.py:35 - INFO - 开始检查(C95) ぬぎネロ (Fate/Grand Order)是否存在未下载章节
2026-08-22 23:32:32 - mkk_pika - main.py:45 - INFO - 正在下载:[(C95) ぬぎネロ (Fate/Grand Order)]-[まいむ～まいむ (九童まいむ)]-[['全彩', '同人', 'Fate']]-[total_pages:22]
2026-08-22 23:32:32 - mkk_pika - main.py:49 - INFO - [{'_id': '5c6e84f96ef6c264cca95296', 'title': '第1集', 'order': 1, 'updated_at': '2019-02-20T21:49:27.024Z', 'id': '5c6e84f96ef6c264cca95296'}]
2026-08-22 23:32:32 - mkk_pika - database.py:215 - INFO - 第一次下载该漫画，记录数据库中
2026-08-22 23:32:33 - mkk_pika - main.py:83 - INFO - 找到 22 张图片在:第1集
2026-08-22 23:32:34 - mkk_pika - main.py:112 - INFO - [episode:第1集       ] downloaded:    22, total:  22, progress:100%
2026-08-22 23:32:34 - mkk_pika - database.py:238 - INFO - 数据库更新已下载章节
2026-08-22 23:32:34 - mkk_pika - database.py:244 - INFO - 该漫画已下载章节如下
2026-08-22 23:32:34 - mkk_pika - database.py:245 - INFO - ['第1集']
2026-08-22 23:32:35 - mkk_pika - main.py:348 - INFO - ==================== 漫画信息 ====================
                                   漫画ID：5c6e84f96ef6c264cca95295
                                   标题：(C95) ぬぎネロ (Fate/Grand Order)
                                   作者：まいむ～まいむ (九童まいむ)
                                   是否完结：是
                                   总页数：22
                                   分类：全彩,同人,Fate
                                   章节数：1
                                   最后更新时间：2019-02-21T11:01:13.144Z
                                   =================================================
2026-08-22 23:32:35 - mkk_pika - database.py:101 - INFO - 保存成功：(C95) ぬぎネロ (Fate/Grand Order)
2026-08-22 23:32:35 - mkk_pika - main.py:35 - INFO - 开始检查(C93) FRANKEN&STEIN (Fate Grand Order) [中国翻訳]是否存在未下载章节
2026-08-22 23:32:36 - mkk_pika - main.py:45 - INFO - 正在下载:[(C93) FRANKEN&STEIN (Fate Grand Order) [中国翻訳]]-[C.H.A.R.I.O.T (月上クロニカ)]-[['短篇', '同人', '純愛', 'Fate', '非人類']]-[total_pages:18]
2026-08-22 23:32:36 - mkk_pika - main.py:49 - INFO - [{'_id': '5c6e852848b743648cc61f27', 'title': '第1集', 'order': 1, 'updated_at': '2019-02-21T07:48:15.750Z', 'id': '5c6e852848b743648cc61f27'}]
2026-08-22 23:32:36 - mkk_pika - database.py:215 - INFO - 第一次下载该漫画，记录数据库中
2026-08-22 23:32:36 - mkk_pika - main.py:83 - INFO - 找到 18 张图片在:第1集
2026-08-22 23:32:37 - mkk_pika - main.py:112 - INFO - [episode:第1集       ] downloaded:    18, total:  18, progress:100%
2026-08-22 23:32:37 - mkk_pika - database.py:238 - INFO - 数据库更新已下载章节
2026-08-22 23:32:37 - mkk_pika - database.py:244 - INFO - 该漫画已下载章节如下
2026-08-22 23:32:37 - mkk_pika - database.py:245 - INFO - ['第1集']
2026-08-22 23:32:38 - mkk_pika - main.py:348 - INFO - ==================== 漫画信息 ====================
                                   漫画ID：5c6e852848b743648cc61f26
                                   标题：(C93) FRANKEN&STEIN (Fate Grand Order) [中国翻訳]
                                   作者：C.H.A.R.I.O.T (月上クロニカ)
                                   是否完结：是
                                   总页数：18
                                   分类：短篇,同人,純愛,Fate,非人類
                                   章节数：1
                                   最后更新时间：2019-02-21T11:02:00.046Z
                                   =================================================
2026-08-22 23:32:38 - mkk_pika - database.py:101 - INFO - 保存成功：(C93) FRANKEN&STEIN (Fate Grand Order) [中国翻訳]
2026-08-22 23:32:38 - mkk_pika - main.py:35 - INFO - 开始检查ちいさな森の魔女の罠（コミックアンリアル Vol.71 ）是否存在未下载章节
2026-08-22 23:32:39 - mkk_pika - main.py:45 - INFO - 正在下载:[ちいさな森の魔女の罠（コミックアンリアル Vol.71 ）]-[春日まゆ]-[['短篇', '非人類', '足の恋']]-[total_pages:10]
2026-08-22 23:32:39 - mkk_pika - main.py:49 - INFO - [{'_id': '5c6e854ec520b864c0170592', 'title': '第1集', 'order': 1, 'updated_at': '2019-02-21T08:10:08.275Z', 'id': '5c6e854ec520b864c0170592'}]
2026-08-22 23:32:39 - mkk_pika - database.py:215 - INFO - 第一次下载该漫画，记录数据库中
2026-08-22 23:32:40 - mkk_pika - main.py:83 - INFO - 找到 10 张图片在:第1集
2026-08-22 23:32:40 - mkk_pika - main.py:112 - INFO - [episode:第1集       ] downloaded:    10, total:  10, progress:100%
2026-08-22 23:32:40 - mkk_pika - database.py:238 - INFO - 数据库更新已下载章节
2026-08-22 23:32:40 - mkk_pika - database.py:244 - INFO - 该漫画已下载章节如下
2026-08-22 23:32:40 - mkk_pika - database.py:245 - INFO - ['第1集']
2026-08-22 23:32:41 - mkk_pika - main.py:348 - INFO - ==================== 漫画信息 ====================
                                   漫画ID：5c6e854ec520b864c0170591
                                   标题：ちいさな森の魔女の罠（コミックアンリアル Vol.71 ）
                                   作者：春日まゆ
                                   是否完结：是
                                   总页数：10
                                   分类：短篇,非人類,足の恋
                                   章节数：1
                                   最后更新时间：2019-02-21T11:02:38.254Z
                                   =================================================
2026-08-22 23:32:41 - mkk_pika - database.py:101 - INFO - 保存成功：ちいさな森の魔女の罠（コミックアンリアル Vol.71 ）
2026-08-22 23:32:41 - mkk_pika - main.py:35 - INFO - 开始检查管理しちゃうぞ! (すのはら荘の管理人さん)是否存在未下载章节
2026-08-22 23:32:42 - mkk_pika - main.py:45 - INFO - 正在下载:[管理しちゃうぞ! (すのはら荘の管理人さん)]-[UROBOROS (うたたねひろゆき)]-[['短篇', '同人', '後宮閃光']]-[total_pages:29]
2026-08-22 23:32:42 - mkk_pika - main.py:49 - INFO - [{'_id': '5c6e8573fe11a871a62f8831', 'title': '第1集', 'order': 1, 'updated_at': '2019-02-21T08:20:48.065Z', 'id': '5c6e8573fe11a871a62f8831'}]
2026-08-22 23:32:42 - mkk_pika - database.py:215 - INFO - 第一次下载该漫画，记录数据库中
2026-08-22 23:32:43 - mkk_pika - main.py:83 - INFO - 找到 29 张图片在:第1集
2026-08-22 23:32:44 - mkk_pika - main.py:112 - INFO - [episode:第1集       ] downloaded:    29, total:  29, progress:100%
2026-08-22 23:32:44 - mkk_pika - database.py:238 - INFO - 数据库更新已下载章节
2026-08-22 23:32:44 - mkk_pika - database.py:244 - INFO - 该漫画已下载章节如下
2026-08-22 23:32:44 - mkk_pika - database.py:245 - INFO - ['第1集']
2026-08-22 23:32:45 - mkk_pika - main.py:348 - INFO - ==================== 漫画信息 ====================
                                   漫画ID：5c6e8573fe11a871a62f8830
                                   标题：管理しちゃうぞ! (すのはら荘の管理人さん)
                                   作者：UROBOROS (うたたねひろゆき)
                                   是否完结：是
                                   总页数：29
                                   分类：短篇,同人,後宮閃光
                                   章节数：1
                                   最后更新时间：2019-02-21T11:03:15.178Z
                                   =================================================
2026-08-22 23:32:45 - mkk_pika - database.py:101 - INFO - 保存成功：管理しちゃうぞ! (すのはら荘の管理人さん)
2026-08-22 23:32:45 - mkk_pika - main.py:35 - INFO - 开始检查あなるとすいっち♥是否存在未下载章节
2026-08-22 23:32:45 - mkk_pika - main.py:45 - INFO - 正在下载:[あなるとすいっち♥]-[ふらいぱん大魔王 (提灯暗光)]-[['短篇']]-[total_pages:12]
2026-08-22 23:32:45 - mkk_pika - main.py:49 - INFO - [{'_id': '5c6e858b6ef6c264cca952ef', 'title': '第1集', 'order': 1, 'updated_at': '2019-02-21T08:31:45.301Z', 'id': '5c6e858b6ef6c264cca952ef'}]
2026-08-22 23:32:45 - mkk_pika - database.py:215 - INFO - 第一次下载该漫画，记录数据库中
2026-08-22 23:32:46 - mkk_pika - main.py:83 - INFO - 找到 12 张图片在:第1集
2026-08-22 23:32:47 - mkk_pika - main.py:112 - INFO - [episode:第1集       ] downloaded:    12, total:  12, progress:100%
2026-08-22 23:32:47 - mkk_pika - database.py:238 - INFO - 数据库更新已下载章节
2026-08-22 23:32:47 - mkk_pika - database.py:244 - INFO - 该漫画已下载章节如下
2026-08-22 23:32:47 - mkk_pika - database.py:245 - INFO - ['第1集']
2026-08-22 23:32:48 - mkk_pika - main.py:348 - INFO - ==================== 漫画信息 ====================
                                   漫画ID：5c6e858b6ef6c264cca952ee
                                   标题：あなるとすいっち♥
                                   作者：ふらいぱん大魔王 (提灯暗光)
                                   是否完结：是
                                   总页数：12
                                   分类：短篇
                                   章节数：1
                                   最后更新时间：2019-02-21T11:03:39.252Z
                                   =================================================
2026-08-22 23:32:48 - mkk_pika - database.py:101 - INFO - 保存成功：あなるとすいっち♥
2026-08-22 23:32:48 - mkk_pika - main.py:35 - INFO - 开始检查秋子さんといっしょ 21 (カノン)是否存在未下载章节
2026-08-22 23:32:48 - mkk_pika - main.py:45 - INFO - 正在下载:[秋子さんといっしょ 21 (カノン)]-[みたらし倶楽部 (みたらし侯成)]-[['短篇', '純愛', '人妻', '同人']]-[total_pages:34]
2026-08-22 23:32:48 - mkk_pika - main.py:49 - INFO - [{'_id': '5c6e85f148b743648cc61f42', 'title': '第1集', 'order': 1, 'updated_at': '2019-02-21T08:35:03.716Z', 'id': '5c6e85f148b743648cc61f42'}]
2026-08-22 23:32:48 - mkk_pika - database.py:215 - INFO - 第一次下载该漫画，记录数据库中
2026-08-22 23:32:49 - mkk_pika - main.py:83 - INFO - 找到 34 张图片在:第1集
2026-08-22 23:32:50 - mkk_pika - main.py:112 - INFO - [episode:第1集       ] downloaded:    34, total:  34, progress:100%
2026-08-22 23:32:50 - mkk_pika - database.py:238 - INFO - 数据库更新已下载章节
2026-08-22 23:32:50 - mkk_pika - database.py:244 - INFO - 该漫画已下载章节如下
2026-08-22 23:32:50 - mkk_pika - database.py:245 - INFO - ['第1集']
2026-08-22 23:32:52 - mkk_pika - main.py:348 - INFO - ==================== 漫画信息 ====================
                                   漫画ID：5c6e85f148b743648cc61f41
                                   标题：秋子さんといっしょ 21 (カノン)
                                   作者：みたらし倶楽部 (みたらし侯成)
                                   是否完结：否
                                   总页数：34
                                   分类：短篇,純愛,人妻,同人
                                   章节数：1
                                   最后更新时间：2019-02-21T11:05:21.850Z
                                   =================================================
2026-08-22 23:32:52 - mkk_pika - database.py:101 - INFO - 保存成功：秋子さんといっしょ 21 (カノン)
2026-08-22 23:32:52 - mkk_pika - main.py:35 - INFO - 开始检查秋子さんといっしょ22 (カノン)是否存在未下载章节
2026-08-22 23:32:52 - mkk_pika - main.py:45 - INFO - 正在下载:[秋子さんといっしょ22 (カノン)]-[みたらし倶楽部 (みたらし侯成)]-[['同人', '短篇', '純愛', '人妻']]-[total_pages:38]
2026-08-22 23:32:52 - mkk_pika - main.py:49 - INFO - [{'_id': '5c6e8604dcfdf27d4ecd2d82', 'title': '第1集', 'order': 1, 'updated_at': '2019-02-21T08:39:02.942Z', 'id': '5c6e8604dcfdf27d4ecd2d82'}]
2026-08-22 23:32:52 - mkk_pika - database.py:215 - INFO - 第一次下载该漫画，记录数据库中
2026-08-22 23:32:53 - mkk_pika - main.py:83 - INFO - 找到 38 张图片在:第1集
2026-08-22 23:32:55 - mkk_pika - main.py:112 - INFO - [episode:第1集       ] downloaded:    38, total:  38, progress:100%
2026-08-22 23:32:55 - mkk_pika - database.py:238 - INFO - 数据库更新已下载章节
2026-08-22 23:32:55 - mkk_pika - database.py:244 - INFO - 该漫画已下载章节如下
2026-08-22 23:32:55 - mkk_pika - database.py:245 - INFO - ['第1集']
2026-08-22 23:32:56 - mkk_pika - main.py:348 - INFO - ==================== 漫画信息 ====================
                                   漫画ID：5c6e8604dcfdf27d4ecd2d81
                                   标题：秋子さんといっしょ22 (カノン)
                                   作者：みたらし倶楽部 (みたらし侯成)
                                   是否完结：否
                                   总页数：38
                                   分类：同人,短篇,純愛,人妻
                                   章节数：1
                                   最后更新时间：2019-02-21T11:05:40.267Z
                                   =================================================
2026-08-22 23:32:56 - mkk_pika - database.py:101 - INFO - 保存成功：秋子さんといっしょ22 (カノン)
2026-08-22 23:32:56 - mkk_pika - main.py:35 - INFO - 开始检查義兄の性欲を姉に代わって鎮めてみた (コミック エグゼ 17) 是否存在未下载章节
2026-08-22 23:32:56 - mkk_pika - main.py:45 - INFO - 正在下载:[義兄の性欲を姉に代わって鎮めてみた (コミック エグゼ 17) ]-[たかやKi]-[['短篇']]-[total_pages:11]
2026-08-22 23:32:56 - mkk_pika - main.py:49 - INFO - [{'_id': '5c6e868bc520b864c0170650', 'title': '第1集', 'order': 1, 'updated_at': '2019-02-21T09:35:47.732Z', 'id': '5c6e868bc520b864c0170650'}]
2026-08-22 23:32:56 - mkk_pika - database.py:215 - INFO - 第一次下载该漫画，记录数据库中
2026-08-22 23:32:57 - mkk_pika - main.py:83 - INFO - 找到 11 张图片在:第1集
2026-08-22 23:32:58 - mkk_pika - main.py:112 - INFO - [episode:第1集       ] downloaded:    11, total:  11, progress:100%
2026-08-22 23:32:58 - mkk_pika - database.py:238 - INFO - 数据库更新已下载章节
2026-08-22 23:32:58 - mkk_pika - database.py:244 - INFO - 该漫画已下载章节如下
2026-08-22 23:32:58 - mkk_pika - database.py:245 - INFO - ['第1集']
2026-08-22 23:32:59 - mkk_pika - main.py:348 - INFO - ==================== 漫画信息 ====================
                                   漫画ID：5c6e868bc520b864c017064f
                                   标题：義兄の性欲を姉に代わって鎮めてみた (コミック エグゼ 17) 
                                   作者：たかやKi
                                   是否完结：是
                                   总页数：11
                                   分类：短篇
                                   章节数：1
                                   最后更新时间：2019-02-21T11:07:55.086Z
                                   =================================================
2026-08-22 23:32:59 - mkk_pika - database.py:101 - INFO - 保存成功：義兄の性欲を姉に代わって鎮めてみた (コミック エグゼ 17) 
2026-08-22 23:32:59 - mkk_pika - main.py:35 - INFO - 开始检查母乳ちゃんは射(だ)したい。3(オリジナル)(汉化）是否存在未下载章节
2026-08-22 23:32:59 - mkk_pika - main.py:45 - INFO - 正在下载:[母乳ちゃんは射(だ)したい。3(オリジナル)(汉化）]-[ひつじまま(ひつじたかこ]-[['短篇', '同人', '後宮閃光', '妹妹系']]-[total_pages:30]
2026-08-22 23:32:59 - mkk_pika - main.py:49 - INFO - [{'_id': '5c6e86a0c520b864c017065f', 'title': '第1集', 'order': 1, 'updated_at': '2019-02-21T09:42:57.838Z', 'id': '5c6e86a0c520b864c017065f'}]
2026-08-22 23:32:59 - mkk_pika - database.py:215 - INFO - 第一次下载该漫画，记录数据库中
2026-08-22 23:33:00 - mkk_pika - main.py:83 - INFO - 找到 30 张图片在:第1集
2026-08-22 23:33:01 - mkk_pika - main.py:112 - INFO - [episode:第1集       ] downloaded:    30, total:  30, progress:100%
2026-08-22 23:33:01 - mkk_pika - database.py:238 - INFO - 数据库更新已下载章节
2026-08-22 23:33:01 - mkk_pika - database.py:244 - INFO - 该漫画已下载章节如下
2026-08-22 23:33:01 - mkk_pika - database.py:245 - INFO - ['第1集']
2026-08-22 23:33:02 - mkk_pika - main.py:348 - INFO - ==================== 漫画信息 ====================
                                   漫画ID：5c6e86a0c520b864c017065e
                                   标题：母乳ちゃんは射(だ)したい。3(オリジナル)(汉化）
                                   作者：ひつじまま(ひつじたかこ
                                   是否完结：是
                                   总页数：30
                                   分类：短篇,同人,後宮閃光,妹妹系
                                   章节数：1
                                   最后更新时间：2019-02-21T11:08:16.357Z
                                   =================================================
2026-08-22 23:33:02 - mkk_pika - database.py:101 - INFO - 保存成功：母乳ちゃんは射(だ)したい。3(オリジナル)(汉化）
2026-08-22 23:33:02 - mkk_pika - main.py:35 - INFO - 开始检查(C95)ふぶきたちの夜 (艦隊これくしょん -艦これ-)是否存在未下载章节
2026-08-22 23:33:03 - mkk_pika - main.py:45 - INFO - 正在下载:[(C95)ふぶきたちの夜 (艦隊これくしょん -艦これ-)]-[Pixel Cot. (羽原メグル)]-[['短篇', '同人', '艦隊收藏', '後宮閃光']]-[total_pages:28]
2026-08-22 23:33:03 - mkk_pika - main.py:49 - INFO - [{'_id': '5c6e8773fe11a871a62f8858', 'title': '第1集', 'order': 1, 'updated_at': '2019-02-21T09:54:43.242Z', 'id': '5c6e8773fe11a871a62f8858'}]
2026-08-22 23:33:03 - mkk_pika - database.py:215 - INFO - 第一次下载该漫画，记录数据库中
2026-08-22 23:33:04 - mkk_pika - main.py:83 - INFO - 找到 28 张图片在:第1集
2026-08-22 23:33:05 - mkk_pika - main.py:112 - INFO - [episode:第1集       ] downloaded:    28, total:  28, progress:100%
2026-08-22 23:33:05 - mkk_pika - database.py:238 - INFO - 数据库更新已下载章节
2026-08-22 23:33:05 - mkk_pika - database.py:244 - INFO - 该漫画已下载章节如下
2026-08-22 23:33:05 - mkk_pika - database.py:245 - INFO - ['第1集']
2026-08-22 23:33:06 - mkk_pika - main.py:348 - INFO - ==================== 漫画信息 ====================
                                   漫画ID：5c6e8773fe11a871a62f8857
                                   标题：(C95)ふぶきたちの夜 (艦隊これくしょん -艦これ-)
                                   作者：Pixel Cot. (羽原メグル)
                                   是否完结：是
                                   总页数：28
                                   分类：短篇,同人,艦隊收藏,後宮閃光
                                   章节数：1
                                   最后更新时间：2019-02-21T11:11:47.440Z
                                   =================================================
2026-08-22 23:33:06 - mkk_pika - database.py:101 - INFO - 保存成功：(C95)ふぶきたちの夜 (艦隊これくしょん -艦これ-)
2026-08-22 23:33:06 - mkk_pika - main.py:35 - INFO - 开始检查 (C87)真とトレーニング!2 (アイドルマスター)是否存在未下载章节
2026-08-22 23:33:06 - mkk_pika - main.py:45 - INFO - 正在下载:[ (C87)真とトレーニング!2 (アイドルマスター)]-[ PLANT (鶴井)]-[['短篇', '同人']]-[total_pages:47]
2026-08-22 23:33:06 - mkk_pika - main.py:49 - INFO - [{'_id': '5c6e9d62dcfdf27d4ecd2e57', 'title': '第1集', 'order': 1, 'updated_at': '2019-02-21T12:18:53.917Z', 'id': '5c6e9d62dcfdf27d4ecd2e57'}]
2026-08-22 23:33:06 - mkk_pika - database.py:215 - INFO - 第一次下载该漫画，记录数据库中
2026-08-22 23:33:08 - mkk_pika - main.py:83 - INFO - 找到 47 张图片在:第1集
2026-08-22 23:33:10 - mkk_pika - main.py:112 - INFO - [episode:第1集       ] downloaded:    47, total:  47, progress:100%
2026-08-22 23:33:10 - mkk_pika - database.py:238 - INFO - 数据库更新已下载章节
2026-08-22 23:33:10 - mkk_pika - database.py:244 - INFO - 该漫画已下载章节如下
2026-08-22 23:33:10 - mkk_pika - database.py:245 - INFO - ['第1集']
2026-08-22 23:33:11 - mkk_pika - main.py:348 - INFO - ==================== 漫画信息 ====================
                                   漫画ID：5c6e9d62dcfdf27d4ecd2e56
                                   标题： (C87)真とトレーニング!2 (アイドルマスター)
                                   作者： PLANT (鶴井)
                                   是否完结：否
                                   总页数：47
                                   分类：短篇,同人
                                   章节数：1
                                   最后更新时间：2019-02-21T12:45:22.794Z
                                   =================================================
2026-08-22 23:33:11 - mkk_pika - database.py:101 - INFO - 保存成功： (C87)真とトレーニング!2 (アイドルマスター)
2026-08-22 23:33:11 - mkk_pika - main.py:35 - INFO - 开始检查いとなむ夫婦。 性事經營夫婦。是否存在未下载章节
2026-08-22 23:33:12 - mkk_pika - main.py:45 - INFO - 正在下载:[いとなむ夫婦。 性事經營夫婦。]-[石紙一]-[['純愛', '單行本', '人妻', '長篇', '姐姐系', '足の恋']]-[total_pages:194]
2026-08-22 23:33:12 - mkk_pika - main.py:49 - INFO - [{'_id': '5c6eb5ab0487607d1a958fc9', 'title': '恩愛又刺激的兩對夫妻單行本', 'order': 1, 'updated_at': '2019-02-15T08:56:45.404Z', 'id': '5c6eb5ab0487607d1a958fc9'}]
2026-08-22 23:33:12 - mkk_pika - database.py:215 - INFO - 第一次下载该漫画，记录数据库中
2026-08-22 23:33:14 - mkk_pika - main.py:83 - INFO - 找到 194 张图片在:恩愛又刺激的兩對夫妻單行本
2026-08-22 23:33:20 - mkk_pika - main.py:112 - INFO - [episode:恩愛又刺激的兩對夫妻單行本] downloaded:   194, total: 194, progress:100%
2026-08-22 23:33:20 - mkk_pika - database.py:238 - INFO - 数据库更新已下载章节
2026-08-22 23:33:20 - mkk_pika - database.py:244 - INFO - 该漫画已下载章节如下
2026-08-22 23:33:20 - mkk_pika - database.py:245 - INFO - ['恩愛又刺激的兩對夫妻單行本']
2026-08-22 23:33:21 - mkk_pika - main.py:348 - INFO - ==================== 漫画信息 ====================
                                   漫画ID：5c6eb5ab0487607d1a958fc8
                                   标题：いとなむ夫婦。 性事經營夫婦。
                                   作者：石紙一
                                   是否完结：是
                                   总页数：194
                                   分类：純愛,單行本,人妻,長篇,姐姐系,足の恋
                                   章节数：1
                                   最后更新时间：2019-02-21T14:28:59.716Z
                                   =================================================
2026-08-22 23:33:21 - mkk_pika - database.py:101 - INFO - 保存成功：いとなむ夫婦。 性事經營夫婦。
2026-08-22 23:33:21 - mkk_pika - main.py:35 - INFO - 开始检查(サンクリ2017 Summer) やったね紗霧ちゃん資料が増えるね! (エロマンガ先生)是否存在未下载章节
2026-08-22 23:33:21 - mkk_pika - main.py:45 - INFO - 正在下载:[(サンクリ2017 Summer) やったね紗霧ちゃん資料が増えるね! (エロマンガ先生)]-[要 (椎名悠輝)]-[['短篇', '同人']]-[total_pages:35]
2026-08-22 23:33:21 - mkk_pika - main.py:49 - INFO - [{'_id': '5c6ec91648b743648cc625ba', 'title': '第1集', 'order': 1, 'updated_at': '2019-02-21T14:35:10.247Z', 'id': '5c6ec91648b743648cc625ba'}]
2026-08-22 23:33:21 - mkk_pika - database.py:215 - INFO - 第一次下载该漫画，记录数据库中
2026-08-22 23:33:22 - mkk_pika - main.py:83 - INFO - 找到 35 张图片在:第1集
2026-08-22 23:33:24 - mkk_pika - main.py:112 - INFO - [episode:第1集       ] downloaded:    35, total:  35, progress:100%
2026-08-22 23:33:24 - mkk_pika - database.py:238 - INFO - 数据库更新已下载章节
2026-08-22 23:33:24 - mkk_pika - database.py:244 - INFO - 该漫画已下载章节如下
2026-08-22 23:33:24 - mkk_pika - database.py:245 - INFO - ['第1集']
2026-08-22 23:33:25 - mkk_pika - main.py:348 - INFO - ==================== 漫画信息 ====================
                                   漫画ID：5c6ec91548b743648cc625b9
                                   标题：(サンクリ2017 Summer) やったね紗霧ちゃん資料が増えるね! (エロマンガ先生)
                                   作者：要 (椎名悠輝)
                                   是否完结：否
                                   总页数：35
                                   分类：短篇,同人
                                   章节数：1
                                   最后更新时间：2019-02-21T15:51:49.983Z
                                   =================================================
2026-08-22 23:33:25 - mkk_pika - database.py:101 - INFO - 保存成功：(サンクリ2017 Summer) やったね紗霧ちゃん資料が増えるね! (エロマンガ先生)
2026-08-22 23:33:25 - mkk_pika - main.py:35 - INFO - 开始检查OrangeGirls (きまぐれオレンジロード)是否存在未下载章节
2026-08-22 23:33:25 - mkk_pika - main.py:45 - INFO - 正在下载:[OrangeGirls (きまぐれオレンジロード)]-[黒澤pict (黒澤清崇)]-[['短篇', '同人', '後宮閃光']]-[total_pages:9]
2026-08-22 23:33:25 - mkk_pika - main.py:49 - INFO - [{'_id': '5c6ede782753db71669edfa6', 'title': '第1集', 'order': 1, 'updated_at': '2019-02-21T07:27:04.824Z', 'id': '5c6ede782753db71669edfa6'}]
2026-08-22 23:33:25 - mkk_pika - database.py:215 - INFO - 第一次下载该漫画，记录数据库中
2026-08-22 23:33:26 - mkk_pika - main.py:83 - INFO - 找到 9 张图片在:第1集
2026-08-22 23:33:26 - mkk_pika - main.py:112 - INFO - [episode:第1集       ] downloaded:     9, total:   9, progress:100%
2026-08-22 23:33:26 - mkk_pika - database.py:238 - INFO - 数据库更新已下载章节
2026-08-22 23:33:26 - mkk_pika - database.py:244 - INFO - 该漫画已下载章节如下
2026-08-22 23:33:26 - mkk_pika - database.py:245 - INFO - ['第1集']
2026-08-22 23:33:28 - mkk_pika - main.py:348 - INFO - ==================== 漫画信息 ====================
                                   漫画ID：5c6ede782753db71669edfa5
                                   标题：OrangeGirls (きまぐれオレンジロード)
                                   作者：黒澤pict (黒澤清崇)
                                   是否完结：是
                                   总页数：9
                                   分类：短篇,同人,後宮閃光
                                   章节数：1
                                   最后更新时间：2019-02-21T17:23:04.417Z
                                   =================================================
2026-08-22 23:33:28 - mkk_pika - database.py:101 - INFO - 保存成功：OrangeGirls (きまぐれオレンジロード)
2026-08-22 23:33:28 - mkk_pika - main.py:35 - INFO - 开始检查アストレアおとし (そらのおとしもの) 是否存在未下载章节
2026-08-22 23:33:28 - mkk_pika - main.py:45 - INFO - 正在下载:[アストレアおとし (そらのおとしもの) ]-[黒澤pict (黒澤清崇)]-[['短篇', '同人', '非人類']]-[total_pages:9]
2026-08-22 23:33:28 - mkk_pika - main.py:49 - INFO - [{'_id': '5c6edeb048b743648cc62778', 'title': '第1集', 'order': 1, 'updated_at': '2019-02-21T07:32:23.384Z', 'id': '5c6edeb048b743648cc62778'}]
2026-08-22 23:33:28 - mkk_pika - database.py:215 - INFO - 第一次下载该漫画，记录数据库中
2026-08-22 23:33:29 - mkk_pika - main.py:83 - INFO - 找到 9 张图片在:第1集
2026-08-22 23:33:30 - mkk_pika - main.py:112 - INFO - [episode:第1集       ] downloaded:     9, total:   9, progress:100%
2026-08-22 23:33:30 - mkk_pika - database.py:238 - INFO - 数据库更新已下载章节
2026-08-22 23:33:30 - mkk_pika - database.py:244 - INFO - 该漫画已下载章节如下
2026-08-22 23:33:30 - mkk_pika - database.py:245 - INFO - ['第1集']
2026-08-22 23:33:31 - mkk_pika - main.py:348 - INFO - ==================== 漫画信息 ====================
                                   漫画ID：5c6edeb048b743648cc62777
                                   标题：アストレアおとし (そらのおとしもの) 
                                   作者：黒澤pict (黒澤清崇)
                                   是否完结：是
                                   总页数：9
                                   分类：短篇,同人,非人類
                                   章节数：1
                                   最后更新时间：2019-02-21T17:24:00.661Z
                                   =================================================
2026-08-22 23:33:31 - mkk_pika - database.py:101 - INFO - 保存成功：アストレアおとし (そらのおとしもの) 
2026-08-22 23:33:31 - mkk_pika - main.py:35 - INFO - 开始检查プリンセスボディチェック (プリンセス・プリンシパル)是否存在未下载章节
2026-08-22 23:33:31 - mkk_pika - main.py:45 - INFO - 正在下载:[プリンセスボディチェック (プリンセス・プリンシパル)]-[黒澤pict (黒澤ユリ)]-[['短篇', '同人']]-[total_pages:20]
2026-08-22 23:33:31 - mkk_pika - main.py:49 - INFO - [{'_id': '5c6edec4c7832b7d5aa6282b', 'title': '第1集', 'order': 1, 'updated_at': '2019-02-21T05:15:53.597Z', 'id': '5c6edec4c7832b7d5aa6282b'}]
2026-08-22 23:33:31 - mkk_pika - database.py:215 - INFO - 第一次下载该漫画，记录数据库中
2026-08-22 23:33:32 - mkk_pika - main.py:83 - INFO - 找到 20 张图片在:第1集
2026-08-22 23:33:33 - mkk_pika - main.py:112 - INFO - [episode:第1集       ] downloaded:    20, total:  20, progress:100%
2026-08-22 23:33:33 - mkk_pika - database.py:238 - INFO - 数据库更新已下载章节
2026-08-22 23:33:33 - mkk_pika - database.py:244 - INFO - 该漫画已下载章节如下
2026-08-22 23:33:33 - mkk_pika - database.py:245 - INFO - ['第1集']
2026-08-22 23:33:35 - mkk_pika - main.py:348 - INFO - ==================== 漫画信息 ====================
                                   漫画ID：5c6edec4c7832b7d5aa6282a
                                   标题：プリンセスボディチェック (プリンセス・プリンシパル)
                                   作者：黒澤pict (黒澤ユリ)
                                   是否完结：是
                                   总页数：20
                                   分类：短篇,同人
                                   章节数：1
                                   最后更新时间：2019-02-21T17:24:20.471Z
                                   =================================================
2026-08-22 23:33:35 - mkk_pika - database.py:101 - INFO - 保存成功：プリンセスボディチェック (プリンセス・プリンシパル)
2026-08-22 23:33:35 - mkk_pika - main.py:35 - INFO - 开始检查BitterOrange (きまぐれオレンジロード)是否存在未下载章节
2026-08-22 23:33:35 - mkk_pika - main.py:45 - INFO - 正在下载:[BitterOrange (きまぐれオレンジロード)]-[黒澤pict (黒澤清崇)]-[['短篇', '同人', '姐姐系']]-[total_pages:26]
2026-08-22 23:33:35 - mkk_pika - main.py:49 - INFO - [{'_id': '5c6edecc179363719e970e65', 'title': '第1集', 'order': 1, 'updated_at': '2019-02-21T05:37:56.761Z', 'id': '5c6edecc179363719e970e65'}]
2026-08-22 23:33:35 - mkk_pika - database.py:215 - INFO - 第一次下载该漫画，记录数据库中
2026-08-22 23:33:36 - mkk_pika - main.py:83 - INFO - 找到 26 张图片在:第1集
2026-08-22 23:33:37 - mkk_pika - main.py:112 - INFO - [episode:第1集       ] downloaded:    26, total:  26, progress:100%
2026-08-22 23:33:37 - mkk_pika - database.py:238 - INFO - 数据库更新已下载章节
2026-08-22 23:33:37 - mkk_pika - database.py:244 - INFO - 该漫画已下载章节如下
2026-08-22 23:33:37 - mkk_pika - database.py:245 - INFO - ['第1集']
2026-08-22 23:33:38 - mkk_pika - main.py:348 - INFO - ==================== 漫画信息 ====================
                                   漫画ID：5c6edecc179363719e970e64
                                   标题：BitterOrange (きまぐれオレンジロード)
                                   作者：黒澤pict (黒澤清崇)
                                   是否完结：是
                                   总页数：26
                                   分类：短篇,同人,姐姐系
                                   章节数：1
                                   最后更新时间：2019-02-21T17:24:28.982Z
                                   =================================================
2026-08-22 23:33:38 - mkk_pika - database.py:101 - INFO - 保存成功：BitterOrange (きまぐれオレンジロード)
2026-08-22 23:33:38 - mkk_pika - main.py:35 - INFO - 开始检查(C95)ショタ喰いワンコとお泊り会 (東方Project)是否存在未下载章节
2026-08-22 23:33:38 - mkk_pika - main.py:45 - INFO - 正在下载:[(C95)ショタ喰いワンコとお泊り会 (東方Project)]-[圧縮工房 (テラzip)]-[['短篇', '同人', '東方', '非人類']]-[total_pages:28]
2026-08-22 23:33:38 - mkk_pika - main.py:49 - INFO - [{'_id': '5c6edee4ea9d9e716eb3acf5', 'title': '第1集', 'order': 1, 'updated_at': '2019-02-21T11:31:33.065Z', 'id': '5c6edee4ea9d9e716eb3acf5'}]
2026-08-22 23:33:38 - mkk_pika - database.py:215 - INFO - 第一次下载该漫画，记录数据库中
2026-08-22 23:33:39 - mkk_pika - main.py:83 - INFO - 找到 28 张图片在:第1集
2026-08-22 23:33:40 - mkk_pika - main.py:112 - INFO - [episode:第1集       ] downloaded:    28, total:  28, progress:100%
2026-08-22 23:33:40 - mkk_pika - database.py:238 - INFO - 数据库更新已下载章节
2026-08-22 23:33:40 - mkk_pika - database.py:244 - INFO - 该漫画已下载章节如下
2026-08-22 23:33:40 - mkk_pika - database.py:245 - INFO - ['第1集']
2026-08-22 23:33:42 - mkk_pika - main.py:348 - INFO - ==================== 漫画信息 ====================
                                   漫画ID：5c6edee4ea9d9e716eb3acf4
                                   标题：(C95)ショタ喰いワンコとお泊り会 (東方Project)
                                   作者：圧縮工房 (テラzip)
                                   是否完结：是
                                   总页数：28
                                   分类：短篇,同人,東方,非人類
                                   章节数：1
                                   最后更新时间：2019-02-21T17:24:52.812Z
                                   =================================================
2026-08-22 23:33:42 - mkk_pika - database.py:101 - INFO - 保存成功：(C95)ショタ喰いワンコとお泊り会 (東方Project)
2026-08-22 23:33:42 - mkk_pika - main.py:35 - INFO - 开始检查九条先輩のお誘いは断れない! (To LOVEる ダークネス)是否存在未下载章节
2026-08-22 23:33:42 - mkk_pika - main.py:45 - INFO - 正在下载:[九条先輩のお誘いは断れない! (To LOVEる ダークネス)]-[ぶれいんでっど (Eiジ)]-[['短篇', '同人', '純愛']]-[total_pages:21]
2026-08-22 23:33:42 - mkk_pika - main.py:49 - INFO - [{'_id': '5c6edf0088d6ea649444e2e8', 'title': '第1集', 'order': 1, 'updated_at': '2019-02-21T11:38:24.880Z', 'id': '5c6edf0088d6ea649444e2e8'}]
2026-08-22 23:33:42 - mkk_pika - database.py:215 - INFO - 第一次下载该漫画，记录数据库中
2026-08-22 23:33:43 - mkk_pika - main.py:83 - INFO - 找到 21 张图片在:第1集
2026-08-22 23:33:44 - mkk_pika - main.py:112 - INFO - [episode:第1集       ] downloaded:    21, total:  21, progress:100%
2026-08-22 23:33:44 - mkk_pika - database.py:238 - INFO - 数据库更新已下载章节
2026-08-22 23:33:44 - mkk_pika - database.py:244 - INFO - 该漫画已下载章节如下
2026-08-22 23:33:44 - mkk_pika - database.py:245 - INFO - ['第1集']
2026-08-22 23:33:45 - mkk_pika - main.py:348 - INFO - ==================== 漫画信息 ====================
                                   漫画ID：5c6edf0088d6ea649444e2e7
                                   标题：九条先輩のお誘いは断れない! (To LOVEる ダークネス)
                                   作者：ぶれいんでっど (Eiジ)
                                   是否完结：是
                                   总页数：21
                                   分类：短篇,同人,純愛
                                   章节数：1
                                   最后更新时间：2019-02-21T17:25:20.050Z
                                   =================================================
2026-08-22 23:33:45 - mkk_pika - database.py:101 - INFO - 保存成功：九条先輩のお誘いは断れない! (To LOVEる ダークネス)
2026-08-22 23:33:45 - mkk_pika - main.py:35 - INFO - 开始检查(C95) Boy Meets Girls (ゼノブレイド2) 是否存在未下载章节
2026-08-22 23:33:45 - mkk_pika - main.py:45 - INFO - 正在下载:[(C95) Boy Meets Girls (ゼノブレイド2) ]-[PROJECT KAGUYA (コーモ)]-[['同人', '短篇', '後宮閃光']]-[total_pages:20]
2026-08-22 23:33:45 - mkk_pika - main.py:49 - INFO - [{'_id': '5c6edf270487607d1a95927f', 'title': '第1集', 'order': 1, 'updated_at': '2019-02-21T12:07:41.974Z', 'id': '5c6edf270487607d1a95927f'}]
2026-08-22 23:33:45 - mkk_pika - database.py:215 - INFO - 第一次下载该漫画，记录数据库中
2026-08-22 23:33:47 - mkk_pika - main.py:83 - INFO - 找到 20 张图片在:第1集
2026-08-22 23:33:47 - mkk_pika - main.py:112 - INFO - [episode:第1集       ] downloaded:    20, total:  20, progress:100%
2026-08-22 23:33:47 - mkk_pika - database.py:238 - INFO - 数据库更新已下载章节
2026-08-22 23:33:47 - mkk_pika - database.py:244 - INFO - 该漫画已下载章节如下
2026-08-22 23:33:47 - mkk_pika - database.py:245 - INFO - ['第1集']
2026-08-22 23:33:49 - mkk_pika - main.py:348 - INFO - ==================== 漫画信息 ====================
                                   漫画ID：5c6edf270487607d1a95927e
                                   标题：(C95) Boy Meets Girls (ゼノブレイド2) 
                                   作者：PROJECT KAGUYA (コーモ)
                                   是否完结：否
                                   总页数：20
                                   分类：同人,短篇,後宮閃光
                                   章节数：1
                                   最后更新时间：2019-02-21T17:25:59.811Z
                                   =================================================
2026-08-22 23:33:49 - mkk_pika - database.py:101 - INFO - 保存成功：(C95) Boy Meets Girls (ゼノブレイド2) 
2026-08-22 23:33:49 - mkk_pika - main.py:35 - INFO - 开始检查DOKIDOKI×DECADE是否存在未下载章节
2026-08-22 23:33:49 - mkk_pika - main.py:45 - INFO - 正在下载:[DOKIDOKI×DECADE]-[『真・南海大決戦』 (TJ-type1)]-[['同人', '短篇']]-[total_pages:36]
2026-08-22 23:33:49 - mkk_pika - main.py:49 - INFO - [{'_id': '5c6edf46c520b864c0170fad', 'title': '第1集', 'order': 1, 'updated_at': '2019-02-21T12:25:55.212Z', 'id': '5c6edf46c520b864c0170fad'}]
2026-08-22 23:33:49 - mkk_pika - database.py:215 - INFO - 第一次下载该漫画，记录数据库中
2026-08-22 23:33:50 - mkk_pika - main.py:83 - INFO - 找到 36 张图片在:第1集
2026-08-22 23:33:51 - mkk_pika - main.py:112 - INFO - [episode:第1集       ] downloaded:    36, total:  36, progress:100%
2026-08-22 23:33:51 - mkk_pika - database.py:238 - INFO - 数据库更新已下载章节
2026-08-22 23:33:51 - mkk_pika - database.py:244 - INFO - 该漫画已下载章节如下
2026-08-22 23:33:51 - mkk_pika - database.py:245 - INFO - ['第1集']
2026-08-22 23:33:52 - mkk_pika - main.py:348 - INFO - ==================== 漫画信息 ====================
                                   漫画ID：5c6edf46c520b864c0170fac
                                   标题：DOKIDOKI×DECADE
                                   作者：『真・南海大決戦』 (TJ-type1)
                                   是否完结：否
                                   总页数：36
                                   分类：同人,短篇
                                   章节数：1
                                   最后更新时间：2019-02-21T17:26:30.268Z
                                   =================================================
2026-08-22 23:33:52 - mkk_pika - database.py:101 - INFO - 保存成功：DOKIDOKI×DECADE
2026-08-22 23:33:52 - mkk_pika - main.py:380 - INFO - 本次任务下载完毕
2026-08-22 23:33:52 - mkk_pika - database.py:173 - INFO - 数据库连接已关闭
