2026-09-07 00:54:45 - mkk_pika - main.py:193 - INFO - =======================================================================
2026-09-07 00:54:45 - mkk_pika - database.py:61 - INFO - 表和索引初始化成功
2026-09-07 00:54:45 - mkk_pika - main.py:197 - INFO - 已经累计下载20099本漫画
2026-09-07 00:54:45 - mkk_pika - api.py:87 - INFO - 登录成功
2026-09-07 00:54:46 - mkk_pika - main.py:203 - INFO - 收藏夹共计0本漫画
2026-09-07 00:54:46 - mkk_pika - main.py:206 - INFO - 开始下载收藏夹内未下载内容
2026-09-07 00:54:46 - mkk_pika - main.py:266 - INFO - 收藏夹内容下载完毕
2026-09-07 00:54:46 - mkk_pika - main.py:268 - INFO - 开始下载订阅内容
2026-09-07 00:54:46 - mkk_pika - database.py:258 - INFO - 根据ID查询到标题：萝莉 -> C102おまけ本 アリスとの後日談 | 爱丽丝酱的後日談
2026-09-07 00:54:47 - mkk_pika - database.py:101 - INFO - 保存成功：ロリババお義母さんは押しに弱い11 | 萝莉老太婆义母小姐十分易推倒
2026-09-07 00:54:47 - mkk_pika - main.py:273 - INFO - 关键词萝莉找到3本漫画
2026-09-07 00:54:47 - mkk_pika - database.py:258 - INFO - 根据ID查询到标题：蘿莉 -> [PIXIV] regy (44012863)（AI）
2026-09-07 00:54:47 - mkk_pika - database.py:101 - INFO - 保存成功：ネコミミ柔軟お嬢様のセルフフィスト脱肛オナニー
2026-09-07 00:54:47 - mkk_pika - main.py:273 - INFO - 关键词蘿莉找到6本漫画
2026-09-07 00:54:47 - mkk_pika - main.py:275 - INFO - 订阅内容共计9本漫画
2026-09-07 00:54:47 - mkk_pika - main.py:35 - INFO - 开始检查海ちゃんと夏休み 気づいたら俺の家が無防備汗だく○リっ子の休憩スポットになっていた話 |小海和暑假关于一不小心我家里多了一个汗津津的无防备小萝莉在休息这件事是否存在未下载章节
2026-09-07 00:54:47 - mkk_pika - main.py:45 - INFO - 正在下载:[海ちゃんと夏休み 気づいたら俺の家が無防備汗だく○リっ子の休憩スポットになっていた話 |小海和暑假关于一不小心我家里多了一个汗津津的无防备小萝莉在休息这件事]-[ラインアウト (こまり)]-[['短篇']]-[total_pages:-1]
2026-09-07 00:54:47 - mkk_pika - main.py:49 - INFO - [{'_id': '6a9dab3808eee634cc4d7f43', 'title': '第1話', 'order': 1, 'updated_at': '2026-09-06T05:42:12.198Z', 'id': '6a9dab3808eee634cc4d7f43'}]
2026-09-07 00:54:47 - mkk_pika - database.py:215 - INFO - 第一次下载该漫画，记录数据库中
2026-09-07 00:54:48 - mkk_pika - main.py:83 - INFO - 找到 44 张图片在:第1話
2026-09-07 00:54:51 - mkk_pika - main.py:112 - INFO - [episode:第1話       ] downloaded:    44, total:  44, progress:100%
2026-09-07 00:54:51 - mkk_pika - database.py:238 - INFO - 数据库更新已下载章节
2026-09-07 00:54:51 - mkk_pika - database.py:244 - INFO - 该漫画已下载章节如下
2026-09-07 00:54:51 - mkk_pika - database.py:245 - INFO - ['第1話']
2026-09-07 00:54:52 - mkk_pika - main.py:292 - INFO - ==================== 漫画信息 ====================
                                漫画ID：6a9dab3808eee634cc4d7f42
                                标题：海ちゃんと夏休み 気づいたら俺の家が無防備汗だく○リっ子の休憩スポットになっていた話 |小海和暑假关于一不小心我家里多了一个汗津津的无防备小萝莉在休息这件事
                                作者：ラインアウト (こまり)
                                是否完结：是
                                总页数：45
                                分类：短篇
                                章节数：1
                                最后更新时间：2026-09-06T18:04:40.006Z
                                =================================================
2026-09-07 00:54:52 - mkk_pika - database.py:101 - INFO - 保存成功：海ちゃんと夏休み 気づいたら俺の家が無防備汗だく○リっ子の休憩スポットになっていた話 |小海和暑假关于一不小心我家里多了一个汗津津的无防备小萝莉在休息这件事
2026-09-07 00:54:52 - mkk_pika - main.py:35 - INFO - 开始检查ロリババお義母さんは押しに弱い11 | 萝莉老太婆义母小姐十分易推倒是否存在未下载章节
2026-09-07 00:54:52 - mkk_pika - main.py:45 - INFO - 正在下载:[ロリババお義母さんは押しに弱い11 | 萝莉老太婆义母小姐十分易推倒]-[LBL]-[['長篇']]-[total_pages:-1]
2026-09-07 00:54:52 - mkk_pika - main.py:49 - INFO - [{'_id': '6a9daaea08eee634cc4d7a08', 'title': '第1話', 'order': 1, 'updated_at': '2026-09-05T18:54:02.836Z', 'id': '6a9daaea08eee634cc4d7a08'}]
2026-09-07 00:54:52 - mkk_pika - database.py:215 - INFO - 第一次下载该漫画，记录数据库中
2026-09-07 00:54:54 - mkk_pika - main.py:83 - INFO - 找到 124 张图片在:第1話
2026-09-07 00:55:00 - mkk_pika - main.py:112 - INFO - [episode:第1話       ] downloaded:   124, total: 124, progress:100%
2026-09-07 00:55:00 - mkk_pika - database.py:238 - INFO - 数据库更新已下载章节
2026-09-07 00:55:00 - mkk_pika - database.py:244 - INFO - 该漫画已下载章节如下
2026-09-07 00:55:00 - mkk_pika - database.py:245 - INFO - ['第1話']
2026-09-07 00:55:02 - mkk_pika - main.py:292 - INFO - ==================== 漫画信息 ====================
                                漫画ID：6a9daaea08eee634cc4d7a07
                                标题：ロリババお義母さんは押しに弱い11 | 萝莉老太婆义母小姐十分易推倒
                                作者：LBL
                                是否完结：是
                                总页数：124
                                分类：長篇
                                章节数：1
                                最后更新时间：2026-09-06T18:03:22.130Z
                                =================================================
2026-09-07 00:55:02 - mkk_pika - database.py:101 - INFO - 保存成功：ロリババお義母さんは押しに弱い11 | 萝莉老太婆义母小姐十分易推倒
2026-09-07 00:55:02 - mkk_pika - main.py:35 - INFO - 开始检查私のさーちゃん（ゆるゆり）[中国翻訳]是否存在未下载章节
2026-09-07 00:55:02 - mkk_pika - database.py:203 - INFO - 查询数据库中是否已存在熟肉
2026-09-07 00:55:02 - mkk_pika - main.py:51 - INFO - 私のさーちゃん（ゆるゆり）[中国翻訳]中没有可下载章节
2026-09-07 00:55:02 - mkk_pika - main.py:292 - INFO - ==================== 漫画信息 ====================
                                漫画ID：6a95c96a27dc2b3498058300
                                标题：私のさーちゃん（ゆるゆり）[中国翻訳]
                                作者：az
                                是否完结：是
                                总页数：20
                                分类：短篇,同人,百合花園
                                章节数：1
                                最后更新时间：2026-08-31T18:35:22.366Z
                                =================================================
2026-09-07 00:55:02 - mkk_pika - database.py:101 - INFO - 保存成功：私のさーちゃん（ゆるゆり）[中国翻訳]
2026-09-07 00:55:02 - mkk_pika - main.py:35 - INFO - 开始检查M.P.vol.29 -育てた弟子(オス)は愛する恩師(おとめ)を抱き染める-是否存在未下载章节
2026-09-07 00:55:03 - mkk_pika - main.py:45 - INFO - 正在下载:[M.P.vol.29 -育てた弟子(オス)は愛する恩師(おとめ)を抱き染める-]-[FishBone (ふじのん)]-[['長篇']]-[total_pages:-1]
2026-09-07 00:55:03 - mkk_pika - main.py:49 - INFO - [{'_id': '6a9dac17f335e335660d9f96', 'title': '第1話', 'order': 1, 'updated_at': '2026-09-06T07:52:34.514Z', 'id': '6a9dac17f335e335660d9f96'}]
2026-09-07 00:55:03 - mkk_pika - database.py:215 - INFO - 第一次下载该漫画，记录数据库中
2026-09-07 00:55:04 - mkk_pika - main.py:83 - INFO - 找到 72 张图片在:第1話
2026-09-07 00:55:06 - mkk_pika - main.py:112 - INFO - [episode:第1話       ] downloaded:    72, total:  72, progress:100%
2026-09-07 00:55:06 - mkk_pika - database.py:238 - INFO - 数据库更新已下载章节
2026-09-07 00:55:06 - mkk_pika - database.py:244 - INFO - 该漫画已下载章节如下
2026-09-07 00:55:06 - mkk_pika - database.py:245 - INFO - ['第1話']
2026-09-07 00:55:07 - mkk_pika - main.py:292 - INFO - ==================== 漫画信息 ====================
                                漫画ID：6a9dac17f335e335660d9f95
                                标题：M.P.vol.29 -育てた弟子(オス)は愛する恩師(おとめ)を抱き染める-
                                作者：FishBone (ふじのん)
                                是否完结：是
                                总页数：72
                                分类：長篇
                                章节数：1
                                最后更新时间：2026-09-06T18:08:23.532Z
                                =================================================
2026-09-07 00:55:07 - mkk_pika - database.py:101 - INFO - 保存成功：M.P.vol.29 -育てた弟子(オス)は愛する恩師(おとめ)を抱き染める-
2026-09-07 00:55:07 - mkk_pika - main.py:35 - INFO - 开始检查お母さんの言うことは聞かないとね(COMIC LOE VOL.13 noir 2)是否存在未下载章节
2026-09-07 00:55:08 - mkk_pika - main.py:45 - INFO - 正在下载:[お母さんの言うことは聞かないとね(COMIC LOE VOL.13 noir 2)]-[獅子丸屋 (獅子千丸)]-[['短篇', '強暴']]-[total_pages:-1]
2026-09-07 00:55:08 - mkk_pika - main.py:49 - INFO - [{'_id': '6a9dab4aab04ba357766753c', 'title': '第1話', 'order': 1, 'updated_at': '2026-09-06T07:23:10.148Z', 'id': '6a9dab4aab04ba357766753c'}]
2026-09-07 00:55:08 - mkk_pika - database.py:215 - INFO - 第一次下载该漫画，记录数据库中
2026-09-07 00:55:08 - mkk_pika - main.py:83 - INFO - 找到 28 张图片在:第1話
2026-09-07 00:55:09 - mkk_pika - main.py:112 - INFO - [episode:第1話       ] downloaded:    28, total:  28, progress:100%
2026-09-07 00:55:09 - mkk_pika - database.py:238 - INFO - 数据库更新已下载章节
2026-09-07 00:55:09 - mkk_pika - database.py:244 - INFO - 该漫画已下载章节如下
2026-09-07 00:55:09 - mkk_pika - database.py:245 - INFO - ['第1話']
2026-09-07 00:55:10 - mkk_pika - main.py:292 - INFO - ==================== 漫画信息 ====================
                                漫画ID：6a9dab4aab04ba357766753b
                                标题：お母さんの言うことは聞かないとね(COMIC LOE VOL.13 noir 2)
                                作者：獅子丸屋 (獅子千丸)
                                是否完结：是
                                总页数：28
                                分类：短篇,強暴
                                章节数：1
                                最后更新时间：2026-09-06T18:04:58.607Z
                                =================================================
2026-09-07 00:55:10 - mkk_pika - database.py:101 - INFO - 保存成功：お母さんの言うことは聞かないとね(COMIC LOE VOL.13 noir 2)
2026-09-07 00:55:10 - mkk_pika - main.py:35 - INFO - 开始检查海ちゃんと夏休み 気づいたら俺の家が無防備汗だく○リっ子の休憩スポットになっていた話 |小海和暑假关于一不小心我家里多了一个汗津津的无防备小萝莉在休息这件事是否存在未下载章节
2026-09-07 00:55:11 - mkk_pika - database.py:203 - INFO - 查询数据库中是否已存在第1話
2026-09-07 00:55:11 - mkk_pika - main.py:51 - INFO - 海ちゃんと夏休み 気づいたら俺の家が無防備汗だく○リっ子の休憩スポットになっていた話 |小海和暑假关于一不小心我家里多了一个汗津津的无防备小萝莉在休息这件事中没有可下载章节
2026-09-07 00:55:11 - mkk_pika - main.py:292 - INFO - ==================== 漫画信息 ====================
                                漫画ID：6a9dab3808eee634cc4d7f42
                                标题：海ちゃんと夏休み 気づいたら俺の家が無防備汗だく○リっ子の休憩スポットになっていた話 |小海和暑假关于一不小心我家里多了一个汗津津的无防备小萝莉在休息这件事
                                作者：ラインアウト (こまり)
                                是否完结：是
                                总页数：45
                                分类：短篇
                                章节数：1
                                最后更新时间：2026-09-06T18:04:40.006Z
                                =================================================
2026-09-07 00:55:11 - mkk_pika - database.py:101 - INFO - 保存成功：海ちゃんと夏休み 気づいたら俺の家が無防備汗だく○リっ子の休憩スポットになっていた話 |小海和暑假关于一不小心我家里多了一个汗津津的无防备小萝莉在休息这件事
2026-09-07 00:55:11 - mkk_pika - main.py:35 - INFO - 开始检查ロリババお義母さんは押しに弱い11 | 萝莉老太婆义母小姐十分易推倒是否存在未下载章节
2026-09-07 00:55:11 - mkk_pika - database.py:203 - INFO - 查询数据库中是否已存在第1話
2026-09-07 00:55:11 - mkk_pika - main.py:51 - INFO - ロリババお義母さんは押しに弱い11 | 萝莉老太婆义母小姐十分易推倒中没有可下载章节
2026-09-07 00:55:11 - mkk_pika - main.py:292 - INFO - ==================== 漫画信息 ====================
                                漫画ID：6a9daaea08eee634cc4d7a07
                                标题：ロリババお義母さんは押しに弱い11 | 萝莉老太婆义母小姐十分易推倒
                                作者：LBL
                                是否完结：是
                                总页数：124
                                分类：長篇
                                章节数：1
                                最后更新时间：2026-09-06T18:03:22.130Z
                                =================================================
2026-09-07 00:55:11 - mkk_pika - database.py:101 - INFO - 保存成功：ロリババお義母さんは押しに弱い11 | 萝莉老太婆义母小姐十分易推倒
2026-09-07 00:55:11 - mkk_pika - main.py:35 - INFO - 开始检查七罪四糸乃琴里とえっちする本/与七罪四糸乃琴里做爱之书（DATE A LIVE）[中国翻译]是否存在未下载章节
2026-09-07 00:55:12 - mkk_pika - main.py:45 - INFO - 正在下载:[七罪四糸乃琴里とえっちする本/与七罪四糸乃琴里做爱之书（DATE A LIVE）[中国翻译]]-[あんどうりゅう]-[['短篇', '同人']]-[total_pages:-1]
2026-09-07 00:55:12 - mkk_pika - main.py:49 - INFO - [{'_id': '6a9daa34f335e335660d9f02', 'title': '熟肉', 'order': 1, 'updated_at': '2026-09-05T13:13:06.527Z', 'id': '6a9daa34f335e335660d9f02'}]
2026-09-07 00:55:12 - mkk_pika - database.py:215 - INFO - 第一次下载该漫画，记录数据库中
2026-09-07 00:55:12 - mkk_pika - main.py:83 - INFO - 找到 22 张图片在:熟肉
2026-09-07 00:55:13 - mkk_pika - main.py:112 - INFO - [episode:熟肉        ] downloaded:    22, total:  22, progress:100%
2026-09-07 00:55:13 - mkk_pika - database.py:238 - INFO - 数据库更新已下载章节
2026-09-07 00:55:13 - mkk_pika - database.py:244 - INFO - 该漫画已下载章节如下
2026-09-07 00:55:13 - mkk_pika - database.py:245 - INFO - ['熟肉']
2026-09-07 00:55:14 - mkk_pika - main.py:292 - INFO - ==================== 漫画信息 ====================
                                漫画ID：6a9daa34f335e335660d9f01
                                标题：七罪四糸乃琴里とえっちする本/与七罪四糸乃琴里做爱之书（DATE A LIVE）[中国翻译]
                                作者：あんどうりゅう
                                是否完结：是
                                总页数：22
                                分类：短篇,同人
                                章节数：1
                                最后更新时间：2026-09-06T18:00:20.232Z
                                =================================================
2026-09-07 00:55:14 - mkk_pika - database.py:101 - INFO - 保存成功：七罪四糸乃琴里とえっちする本/与七罪四糸乃琴里做爱之书（DATE A LIVE）[中国翻译]
2026-09-07 00:55:14 - mkk_pika - main.py:35 - INFO - 开始检查こどもアイドルをすきほーだいしていでんしまぜまぜはらませにゃんこ (アイドルマスター シンデレラガールズ、学園アイドルマスター)是否存在未下载章节
2026-09-07 00:55:15 - mkk_pika - database.py:203 - INFO - 查询数据库中是否已存在第1話
2026-09-07 00:55:15 - mkk_pika - database.py:203 - INFO - 查询数据库中是否已存在無修正
2026-09-07 00:55:15 - mkk_pika - main.py:51 - INFO - こどもアイドルをすきほーだいしていでんしまぜまぜはらませにゃんこ (アイドルマスター シンデレラガールズ、学園アイドルマスター)中没有可下载章节
2026-09-07 00:55:15 - mkk_pika - main.py:292 - INFO - ==================== 漫画信息 ====================
                                漫画ID：6884c2ca1f7f2f70cb11397b
                                标题：こどもアイドルをすきほーだいしていでんしまぜまぜはらませにゃんこ (アイドルマスター シンデレラガールズ、学園アイドルマスター)
                                作者：セカンドカラー (たいぷはてな)
                                是否完结：是
                                总页数：41
                                分类：同人,短篇
                                章节数：2
                                最后更新时间：2026-09-05T16:37:09.113Z
                                =================================================
2026-09-07 00:55:15 - mkk_pika - database.py:101 - INFO - 保存成功：こどもアイドルをすきほーだいしていでんしまぜまぜはらませにゃんこ (アイドルマスター シンデレラガールズ、学園アイドルマスター)
2026-09-07 00:55:15 - mkk_pika - main.py:323 - INFO - 订阅内容内容下载完毕
2026-09-07 00:55:15 - mkk_pika - main.py:324 - INFO - 开始分批下载全部章节
2026-09-07 00:55:15 - mkk_pika - database.py:280 - INFO - 表和索引初始化成功
2026-09-07 00:55:16 - mkk_pika - main.py:177 - INFO - 已经下载了1538页，一共7125页，现在开始添加第1539页
2026-09-07 00:55:16 - mkk_pika - database.py:318 - INFO - 保存成功
2026-09-07 00:55:16 - mkk_pika - main.py:177 - INFO - 已经下载了1539页，一共7125页，现在开始添加第1540页
2026-09-07 00:55:17 - mkk_pika - database.py:318 - INFO - 保存成功
2026-09-07 00:55:17 - mkk_pika - main.py:177 - INFO - 已经下载了1540页，一共7125页，现在开始添加第1541页
2026-09-07 00:55:18 - mkk_pika - database.py:318 - INFO - 保存成功
2026-09-07 00:55:18 - mkk_pika - main.py:177 - INFO - 已经下载了1541页，一共7125页，现在开始添加第1542页
2026-09-07 00:55:19 - mkk_pika - database.py:318 - INFO - 保存成功
2026-09-07 00:55:19 - mkk_pika - main.py:177 - INFO - 已经下载了1542页，一共7125页，现在开始添加第1543页
2026-09-07 00:55:19 - mkk_pika - database.py:318 - INFO - 保存成功
2026-09-07 00:55:19 - mkk_pika - main.py:331 - INFO - 分批下载共计46本漫画
2026-09-07 00:55:19 - mkk_pika - main.py:35 - INFO - 开始检查GRANCOLOR FANTASY 2 (グランブルーファンタジー)是否存在未下载章节
2026-09-07 00:55:20 - mkk_pika - main.py:45 - INFO - 正在下载:[GRANCOLOR FANTASY 2 (グランブルーファンタジー)]-[藤屋本店 (藤ます)]-[['同人', '短篇', '碧藍幻想', '全彩']]-[total_pages:17]
2026-09-07 00:55:20 - mkk_pika - main.py:49 - INFO - [{'_id': '5c990964066c482f11292413', 'title': '第1集', 'order': 1, 'updated_at': '2019-03-25T09:10:04.237Z', 'id': '5c990964066c482f11292413'}]
2026-09-07 00:55:20 - mkk_pika - database.py:215 - INFO - 第一次下载该漫画，记录数据库中
2026-09-07 00:55:20 - mkk_pika - main.py:83 - INFO - 找到 17 张图片在:第1集
2026-09-07 00:55:21 - mkk_pika - main.py:112 - INFO - [episode:第1集       ] downloaded:    17, total:  17, progress:100%
2026-09-07 00:55:21 - mkk_pika - database.py:238 - INFO - 数据库更新已下载章节
2026-09-07 00:55:21 - mkk_pika - database.py:244 - INFO - 该漫画已下载章节如下
2026-09-07 00:55:21 - mkk_pika - database.py:245 - INFO - ['第1集']
2026-09-07 00:55:22 - mkk_pika - main.py:348 - INFO - ==================== 漫画信息 ====================
                                   漫画ID：5c990964066c482f11292412
                                   标题：GRANCOLOR FANTASY 2 (グランブルーファンタジー)
                                   作者：藤屋本店 (藤ます)
                                   是否完结：是
                                   总页数：17
                                   分类：同人,短篇,碧藍幻想,全彩
                                   章节数：1
                                   最后更新时间：2019-03-25T17:01:24.584Z
                                   =================================================
2026-09-07 00:55:22 - mkk_pika - database.py:101 - INFO - 保存成功：GRANCOLOR FANTASY 2 (グランブルーファンタジー)
2026-09-07 00:55:22 - mkk_pika - main.py:35 - INFO - 开始检查(C83) LoveSong 探して (ドラゴンクエスト10)是否存在未下载章节
2026-09-07 00:55:22 - mkk_pika - main.py:45 - INFO - 正在下载:[(C83) LoveSong 探して (ドラゴンクエスト10)]-[藤屋本店 (藤ます)]-[['同人', '短篇']]-[total_pages:21]
2026-09-07 00:55:22 - mkk_pika - main.py:49 - INFO - [{'_id': '5c99098d771bfc38095a2b38', 'title': '第1集', 'order': 1, 'updated_at': '2019-03-25T09:15:52.485Z', 'id': '5c99098d771bfc38095a2b38'}]
2026-09-07 00:55:22 - mkk_pika - database.py:215 - INFO - 第一次下载该漫画，记录数据库中
2026-09-07 00:55:23 - mkk_pika - main.py:83 - INFO - 找到 21 张图片在:第1集
2026-09-07 00:55:24 - mkk_pika - main.py:112 - INFO - [episode:第1集       ] downloaded:    21, total:  21, progress:100%
2026-09-07 00:55:24 - mkk_pika - database.py:238 - INFO - 数据库更新已下载章节
2026-09-07 00:55:24 - mkk_pika - database.py:244 - INFO - 该漫画已下载章节如下
2026-09-07 00:55:24 - mkk_pika - database.py:245 - INFO - ['第1集']
2026-09-07 00:55:25 - mkk_pika - main.py:348 - INFO - ==================== 漫画信息 ====================
                                   漫画ID：5c99098d771bfc38095a2b37
                                   标题：(C83) LoveSong 探して (ドラゴンクエスト10)
                                   作者：藤屋本店 (藤ます)
                                   是否完结：是
                                   总页数：21
                                   分类：同人,短篇
                                   章节数：1
                                   最后更新时间：2019-03-25T17:02:05.907Z
                                   =================================================
2026-09-07 00:55:25 - mkk_pika - database.py:101 - INFO - 保存成功：(C83) LoveSong 探して (ドラゴンクエスト10)
2026-09-07 00:55:25 - mkk_pika - main.py:35 - INFO - 开始检查无内鬼，做点爱—— 鬼の気まぐれ。 (Fate Grand Order)是否存在未下载章节
2026-09-07 00:55:25 - mkk_pika - main.py:45 - INFO - 正在下载:[无内鬼，做点爱—— 鬼の気まぐれ。 (Fate Grand Order)]-[白蛟会 (白瑞みずち)]-[['同人', 'Fate', '非人類', '短篇']]-[total_pages:31]
2026-09-07 00:55:25 - mkk_pika - main.py:49 - INFO - [{'_id': '5c9909bb066c482f11292428', 'title': '抽象版本', 'order': 1, 'updated_at': '2019-03-25T09:55:18.951Z', 'id': '5c9909bb066c482f11292428'}, {'_id': '5c9909bb066c482f11292429', 'title': '正常版本', 'order': 2, 'updated_at': '2019-03-25T09:53:08.723Z', 'id': '5c9909bb066c482f11292429'}]
2026-09-07 00:55:25 - mkk_pika - database.py:215 - INFO - 第一次下载该漫画，记录数据库中
2026-09-07 00:55:26 - mkk_pika - main.py:83 - INFO - 找到 22 张图片在:抽象版本
2026-09-07 00:55:27 - mkk_pika - main.py:112 - INFO - [episode:抽象版本      ] downloaded:    22, total:  22, progress:100%
2026-09-07 00:55:27 - mkk_pika - database.py:238 - INFO - 数据库更新已下载章节
2026-09-07 00:55:27 - mkk_pika - database.py:244 - INFO - 该漫画已下载章节如下
2026-09-07 00:55:27 - mkk_pika - database.py:245 - INFO - ['抽象版本']
2026-09-07 00:55:29 - mkk_pika - main.py:83 - INFO - 找到 22 张图片在:正常版本
2026-09-07 00:55:29 - mkk_pika - main.py:112 - INFO - [episode:正常版本      ] downloaded:    22, total:  22, progress:100%
2026-09-07 00:55:29 - mkk_pika - database.py:238 - INFO - 数据库更新已下载章节
2026-09-07 00:55:29 - mkk_pika - database.py:244 - INFO - 该漫画已下载章节如下
2026-09-07 00:55:29 - mkk_pika - database.py:245 - INFO - ['抽象版本', '正常版本']
2026-09-07 00:55:31 - mkk_pika - main.py:348 - INFO - ==================== 漫画信息 ====================
                                   漫画ID：5c9909bb066c482f11292427
                                   标题：无内鬼，做点爱—— 鬼の気まぐれ。 (Fate Grand Order)
                                   作者：白蛟会 (白瑞みずち)
                                   是否完结：是
                                   总页数：31
                                   分类：同人,Fate,非人類,短篇
                                   章节数：2
                                   最后更新时间：2019-03-25T17:02:51.286Z
                                   =================================================
2026-09-07 00:55:31 - mkk_pika - database.py:101 - INFO - 保存成功：无内鬼，做点爱—— 鬼の気まぐれ。 (Fate Grand Order)
2026-09-07 00:55:31 - mkk_pika - main.py:35 - INFO - 开始检查  Hに興味津々な花丸ちゃんは痴漢に抵抗出来ない (ラブライブ! サンシャイン!!)  [全彩] [DL版] v2是否存在未下载章节
2026-09-07 00:55:31 - mkk_pika - main.py:45 - INFO - 正在下载:[  Hに興味津々な花丸ちゃんは痴漢に抵抗出来ない (ラブライブ! サンシャイン!!)  [全彩] [DL版] v2]-[烏賊輪 (アジシオ)]-[['短篇', '同人', '全彩', 'Love Live']]-[total_pages:23]
2026-09-07 00:55:31 - mkk_pika - main.py:49 - INFO - [{'_id': '5c9909f6eb825e7469c1f17d', 'title': '第1集', 'order': 1, 'updated_at': '2019-03-22T05:30:36.582Z', 'id': '5c9909f6eb825e7469c1f17d'}]
2026-09-07 00:55:31 - mkk_pika - database.py:215 - INFO - 第一次下载该漫画，记录数据库中
2026-09-07 00:55:31 - mkk_pika - main.py:83 - INFO - 找到 23 张图片在:第1集
2026-09-07 00:55:32 - mkk_pika - main.py:112 - INFO - [episode:第1集       ] downloaded:    23, total:  23, progress:100%
2026-09-07 00:55:32 - mkk_pika - database.py:238 - INFO - 数据库更新已下载章节
2026-09-07 00:55:32 - mkk_pika - database.py:244 - INFO - 该漫画已下载章节如下
2026-09-07 00:55:32 - mkk_pika - database.py:245 - INFO - ['第1集']
2026-09-07 00:55:33 - mkk_pika - main.py:348 - INFO - ==================== 漫画信息 ====================
                                   漫画ID：5c9909f6eb825e7469c1f17c
                                   标题：  Hに興味津々な花丸ちゃんは痴漢に抵抗出来ない (ラブライブ! サンシャイン!!)  [全彩] [DL版] v2
                                   作者：烏賊輪 (アジシオ)
                                   是否完结：否
                                   总页数：23
                                   分类：短篇,同人,全彩,Love Live
                                   章节数：1
                                   最后更新时间：2019-03-25T17:03:50.699Z
                                   =================================================
2026-09-07 00:55:33 - mkk_pika - database.py:101 - INFO - 保存成功：  Hに興味津々な花丸ちゃんは痴漢に抵抗出来ない (ラブライブ! サンシャイン!!)  [全彩] [DL版] v2
2026-09-07 00:55:33 - mkk_pika - main.py:35 - INFO - 开始检查おとなの学習帳是否存在未下载章节
2026-09-07 00:55:34 - mkk_pika - main.py:45 - INFO - 正在下载:[おとなの学習帳]-[のうないカノジョ (キシリトヲル)]-[['同人', '短篇']]-[total_pages:27]
2026-09-07 00:55:34 - mkk_pika - main.py:49 - INFO - [{'_id': '5c990a876fdf147b1eb3f192', 'title': '第1集', 'order': 1, 'updated_at': '2019-03-25T12:24:29.177Z', 'id': '5c990a876fdf147b1eb3f192'}]
2026-09-07 00:55:34 - mkk_pika - database.py:215 - INFO - 第一次下载该漫画，记录数据库中
2026-09-07 00:55:34 - mkk_pika - main.py:83 - INFO - 找到 27 张图片在:第1集
2026-09-07 00:55:35 - mkk_pika - main.py:112 - INFO - [episode:第1集       ] downloaded:    27, total:  27, progress:100%
2026-09-07 00:55:35 - mkk_pika - database.py:238 - INFO - 数据库更新已下载章节
2026-09-07 00:55:35 - mkk_pika - database.py:244 - INFO - 该漫画已下载章节如下
2026-09-07 00:55:35 - mkk_pika - database.py:245 - INFO - ['第1集']
2026-09-07 00:55:36 - mkk_pika - main.py:348 - INFO - ==================== 漫画信息 ====================
                                   漫画ID：5c990a876fdf147b1eb3f191
                                   标题：おとなの学習帳
                                   作者：のうないカノジョ (キシリトヲル)
                                   是否完结：否
                                   总页数：27
                                   分类：同人,短篇
                                   章节数：1
                                   最后更新时间：2019-03-25T17:06:15.587Z
                                   =================================================
2026-09-07 00:55:36 - mkk_pika - database.py:101 - INFO - 保存成功：おとなの学習帳
2026-09-07 00:55:36 - mkk_pika - main.py:35 - INFO - 开始检查用催眠app给小学女生做了性教育是否存在未下载章节
2026-09-07 00:55:37 - mkk_pika - main.py:45 - INFO - 正在下载:[用催眠app给小学女生做了性教育]-[廚]-[['短篇']]-[total_pages:11]
2026-09-07 00:55:37 - mkk_pika - main.py:49 - INFO - [{'_id': '5c991a1be95e677b1d2a871b', 'title': '我他妈真该得个诺贝尔和平奖', 'order': 1, 'updated_at': '2019-03-25T05:59:32.297Z', 'id': '5c991a1be95e677b1d2a871b'}]
2026-09-07 00:55:37 - mkk_pika - database.py:215 - INFO - 第一次下载该漫画，记录数据库中
2026-09-07 00:55:37 - mkk_pika - main.py:83 - INFO - 找到 6 张图片在:我他妈真该得个诺贝尔和平奖
2026-09-07 00:55:38 - mkk_pika - main.py:112 - INFO - [episode:我他妈真该得个诺贝尔和平奖] downloaded:     6, total:   6, progress:100%
2026-09-07 00:55:38 - mkk_pika - database.py:238 - INFO - 数据库更新已下载章节
2026-09-07 00:55:38 - mkk_pika - database.py:244 - INFO - 该漫画已下载章节如下
2026-09-07 00:55:38 - mkk_pika - database.py:245 - INFO - ['我他妈真该得个诺贝尔和平奖']
2026-09-07 00:55:39 - mkk_pika - main.py:348 - INFO - ==================== 漫画信息 ====================
                                   漫画ID：5c991a1be95e677b1d2a871a
                                   标题：用催眠app给小学女生做了性教育
                                   作者：廚
                                   是否完结：否
                                   总页数：11
                                   分类：短篇
                                   章节数：1
                                   最后更新时间：2019-03-25T18:12:43.405Z
                                   =================================================
2026-09-07 00:55:39 - mkk_pika - database.py:101 - INFO - 保存成功：用催眠app给小学女生做了性教育
2026-09-07 00:55:39 - mkk_pika - main.py:35 - INFO - 开始检查洗脳マゾ人形 洗腦嗜虐人偶是否存在未下载章节
2026-09-07 00:55:39 - mkk_pika - main.py:45 - INFO - 正在下载:[洗脳マゾ人形 洗腦嗜虐人偶]-[ぽるたん]-[['長篇', '單行本', '姐姐系', 'SM', '人妻', 'NTR', '強暴']]-[total_pages:182]
2026-09-07 00:55:39 - mkk_pika - main.py:49 - INFO - [{'_id': '5c991b76af2dbb3844f76cd5', 'title': '催眠調教的單行本', 'order': 1, 'updated_at': '2019-03-22T06:45:21.607Z', 'id': '5c991b76af2dbb3844f76cd5'}]
2026-09-07 00:55:39 - mkk_pika - database.py:215 - INFO - 第一次下载该漫画，记录数据库中
2026-09-07 00:55:41 - mkk_pika - main.py:83 - INFO - 找到 182 张图片在:催眠調教的單行本
2026-09-07 00:55:45 - mkk_pika - main.py:112 - INFO - [episode:催眠調教的單行本  ] downloaded:   182, total: 182, progress:100%
2026-09-07 00:55:45 - mkk_pika - database.py:238 - INFO - 数据库更新已下载章节
2026-09-07 00:55:45 - mkk_pika - database.py:244 - INFO - 该漫画已下载章节如下
2026-09-07 00:55:45 - mkk_pika - database.py:245 - INFO - ['催眠調教的單行本']
2026-09-07 00:55:47 - mkk_pika - main.py:348 - INFO - ==================== 漫画信息 ====================
                                   漫画ID：5c991b75af2dbb3844f76cd4
                                   标题：洗脳マゾ人形 洗腦嗜虐人偶
                                   作者：ぽるたん
                                   是否完结：是
                                   总页数：182
                                   分类：長篇,單行本,姐姐系,SM,人妻,NTR,強暴
                                   章节数：1
                                   最后更新时间：2019-03-25T18:18:29.979Z
                                   =================================================
2026-09-07 00:55:47 - mkk_pika - database.py:101 - INFO - 保存成功：洗脳マゾ人形 洗腦嗜虐人偶
2026-09-07 00:55:47 - mkk_pika - main.py:35 - INFO - 开始检查 (COMIC1☆9) the Eucharist Orgia (アイドルマスター シンデレラガールズ)是否存在未下载章节
2026-09-07 00:55:47 - mkk_pika - main.py:45 - INFO - 正在下载:[ (COMIC1☆9) the Eucharist Orgia (アイドルマスター シンデレラガールズ)]-[tomatohouse-905's room (うらび)]-[['短篇', '同人']]-[total_pages:21]
2026-09-07 00:55:47 - mkk_pika - main.py:49 - INFO - [{'_id': '5c991bab15ed4b7b0b047ec3', 'title': '第1集', 'order': 1, 'updated_at': '2019-03-25T10:49:30.055Z', 'id': '5c991bab15ed4b7b0b047ec3'}]
2026-09-07 00:55:47 - mkk_pika - database.py:215 - INFO - 第一次下载该漫画，记录数据库中
2026-09-07 00:55:47 - mkk_pika - main.py:83 - INFO - 找到 21 张图片在:第1集
2026-09-07 00:55:48 - mkk_pika - main.py:112 - INFO - [episode:第1集       ] downloaded:    21, total:  21, progress:100%
2026-09-07 00:55:48 - mkk_pika - database.py:238 - INFO - 数据库更新已下载章节
2026-09-07 00:55:48 - mkk_pika - database.py:244 - INFO - 该漫画已下载章节如下
2026-09-07 00:55:48 - mkk_pika - database.py:245 - INFO - ['第1集']
2026-09-07 00:55:49 - mkk_pika - main.py:348 - INFO - ==================== 漫画信息 ====================
                                   漫画ID：5c991bab15ed4b7b0b047ec2
                                   标题： (COMIC1☆9) the Eucharist Orgia (アイドルマスター シンデレラガールズ)
                                   作者：tomatohouse-905's room (うらび)
                                   是否完结：否
                                   总页数：21
                                   分类：短篇,同人
                                   章节数：1
                                   最后更新时间：2019-03-25T18:19:23.372Z
                                   =================================================
2026-09-07 00:55:49 - mkk_pika - database.py:101 - INFO - 保存成功： (COMIC1☆9) the Eucharist Orgia (アイドルマスター シンデレラガールズ)
2026-09-07 00:55:49 - mkk_pika - main.py:35 - INFO - 开始检查狀態異常【合集】【Kemoket6/7】是否存在未下载章节
2026-09-07 00:55:50 - mkk_pika - main.py:45 - INFO - 正在下载:[狀態異常【合集】【Kemoket6/7】]-[合作本]-[['長篇', '同人', 'SM', '非人類', '強暴']]-[total_pages:197]
2026-09-07 00:55:50 - mkk_pika - main.py:49 - INFO - [{'_id': '5c991d008a7e682eec0255d6', 'title': 'CASE:0', 'order': 1, 'updated_at': '2019-03-25T15:16:24.092Z', 'id': '5c991d008a7e682eec0255d6'}, {'_id': '5c991d008a7e682eec0255d7', 'title': 'CASE:1', 'order': 2, 'updated_at': '2019-03-25T15:36:28.378Z', 'id': '5c991d008a7e682eec0255d7'}, {'_id': '5c991d008a7e682eec0255d8', 'title': 'CASE:2', 'order': 3, 'updated_at': '2019-03-25T15:44:28.986Z', 'id': '5c991d008a7e682eec0255d8'}]
2026-09-07 00:55:50 - mkk_pika - database.py:215 - INFO - 第一次下载该漫画，记录数据库中
2026-09-07 00:55:51 - mkk_pika - main.py:83 - INFO - 找到 46 张图片在:CASE：0
2026-09-07 00:55:52 - mkk_pika - main.py:112 - INFO - [episode:CASE:0    ] downloaded:    46, total:  46, progress:100%
2026-09-07 00:55:52 - mkk_pika - database.py:238 - INFO - 数据库更新已下载章节
2026-09-07 00:55:52 - mkk_pika - database.py:244 - INFO - 该漫画已下载章节如下
2026-09-07 00:55:52 - mkk_pika - database.py:245 - INFO - ['CASE:0']
2026-09-07 00:55:54 - mkk_pika - main.py:83 - INFO - 找到 72 张图片在:CASE：1
2026-09-07 00:55:56 - mkk_pika - main.py:112 - INFO - [episode:CASE:1    ] downloaded:    72, total:  72, progress:100%
2026-09-07 00:55:56 - mkk_pika - database.py:238 - INFO - 数据库更新已下载章节
2026-09-07 00:55:56 - mkk_pika - database.py:244 - INFO - 该漫画已下载章节如下
2026-09-07 00:55:56 - mkk_pika - database.py:245 - INFO - ['CASE:0', 'CASE:1']
2026-09-07 00:55:58 - mkk_pika - main.py:83 - INFO - 找到 79 张图片在:CASE：2
2026-09-07 00:56:00 - mkk_pika - main.py:112 - INFO - [episode:CASE:2    ] downloaded:    79, total:  79, progress:100%
2026-09-07 00:56:00 - mkk_pika - database.py:238 - INFO - 数据库更新已下载章节
2026-09-07 00:56:00 - mkk_pika - database.py:244 - INFO - 该漫画已下载章节如下
2026-09-07 00:56:00 - mkk_pika - database.py:245 - INFO - ['CASE:0', 'CASE:1', 'CASE:2']
2026-09-07 00:56:01 - mkk_pika - main.py:348 - INFO - ==================== 漫画信息 ====================
                                   漫画ID：5c991d008a7e682eec0255d5
                                   标题：狀態異常【合集】【Kemoket6/7】
                                   作者：合作本
                                   是否完结：否
                                   总页数：197
                                   分类：長篇,同人,SM,非人類,強暴
                                   章节数：3
                                   最后更新时间：2019-03-25T18:25:04.351Z
                                   =================================================
2026-09-07 00:56:01 - mkk_pika - database.py:101 - INFO - 保存成功：狀態異常【合集】【Kemoket6/7】
2026-09-07 00:56:01 - mkk_pika - main.py:35 - INFO - 开始检查便女狩り是否存在未下载章节
2026-09-07 00:56:02 - mkk_pika - main.py:45 - INFO - 正在下载:[便女狩り]-[ べるがもつと]-[['短篇']]-[total_pages:50]
2026-09-07 00:56:02 - mkk_pika - main.py:49 - INFO - [{'_id': '5c991d0f8854ff2ee6e1fbbe', 'title': '第1集', 'order': 1, 'updated_at': '2019-03-25T15:54:16.430Z', 'id': '5c991d0f8854ff2ee6e1fbbe'}]
2026-09-07 00:56:02 - mkk_pika - database.py:215 - INFO - 第一次下载该漫画，记录数据库中
2026-09-07 00:56:03 - mkk_pika - main.py:83 - INFO - 找到 50 张图片在:第1集
2026-09-07 00:56:04 - mkk_pika - main.py:112 - INFO - [episode:第1集       ] downloaded:    50, total:  50, progress:100%
2026-09-07 00:56:04 - mkk_pika - database.py:238 - INFO - 数据库更新已下载章节
2026-09-07 00:56:04 - mkk_pika - database.py:244 - INFO - 该漫画已下载章节如下
2026-09-07 00:56:04 - mkk_pika - database.py:245 - INFO - ['第1集']
2026-09-07 00:56:05 - mkk_pika - main.py:348 - INFO - ==================== 漫画信息 ====================
                                   漫画ID：5c991d0f8854ff2ee6e1fbbd
                                   标题：便女狩り
                                   作者： べるがもつと
                                   是否完结：否
                                   总页数：50
                                   分类：短篇
                                   章节数：1
                                   最后更新时间：2019-03-25T18:25:19.379Z
                                   =================================================
2026-09-07 00:56:05 - mkk_pika - database.py:101 - INFO - 保存成功：便女狩り
2026-09-07 00:56:05 - mkk_pika - main.py:35 - INFO - 开始检查便女狩り2是否存在未下载章节
2026-09-07 00:56:05 - mkk_pika - main.py:45 - INFO - 正在下载:[便女狩り2]-[ べるがもつと]-[['短篇']]-[total_pages:42]
2026-09-07 00:56:05 - mkk_pika - main.py:49 - INFO - [{'_id': '5c991d1c771bfc38095a2baf', 'title': '第1集', 'order': 1, 'updated_at': '2019-03-25T16:01:17.916Z', 'id': '5c991d1c771bfc38095a2baf'}]
2026-09-07 00:56:05 - mkk_pika - database.py:215 - INFO - 第一次下载该漫画，记录数据库中
2026-09-07 00:56:06 - mkk_pika - main.py:83 - INFO - 找到 42 张图片在:第1集
2026-09-07 00:56:07 - mkk_pika - main.py:112 - INFO - [episode:第1集       ] downloaded:    42, total:  42, progress:100%
2026-09-07 00:56:07 - mkk_pika - database.py:238 - INFO - 数据库更新已下载章节
2026-09-07 00:56:07 - mkk_pika - database.py:244 - INFO - 该漫画已下载章节如下
2026-09-07 00:56:07 - mkk_pika - database.py:245 - INFO - ['第1集']
2026-09-07 00:56:08 - mkk_pika - main.py:348 - INFO - ==================== 漫画信息 ====================
                                   漫画ID：5c991d1c771bfc38095a2bae
                                   标题：便女狩り2
                                   作者： べるがもつと
                                   是否完结：否
                                   总页数：42
                                   分类：短篇
                                   章节数：1
                                   最后更新时间：2019-03-25T18:25:32.379Z
                                   =================================================
2026-09-07 00:56:08 - mkk_pika - database.py:101 - INFO - 保存成功：便女狩り2
2026-09-07 00:56:08 - mkk_pika - main.py:35 - INFO - 开始检查M豚3是否存在未下载章节
2026-09-07 00:56:09 - mkk_pika - main.py:45 - INFO - 正在下载:[M豚3]-[ べるがもつと]-[['短篇']]-[total_pages:26]
2026-09-07 00:56:09 - mkk_pika - main.py:49 - INFO - [{'_id': '5c991d33154df22f183a3107', 'title': '第1集', 'order': 1, 'updated_at': '2019-03-25T16:05:11.065Z', 'id': '5c991d33154df22f183a3107'}]
2026-09-07 00:56:09 - mkk_pika - database.py:215 - INFO - 第一次下载该漫画，记录数据库中
2026-09-07 00:56:09 - mkk_pika - main.py:83 - INFO - 找到 26 张图片在:第1集
2026-09-07 00:56:10 - mkk_pika - main.py:112 - INFO - [episode:第1集       ] downloaded:    26, total:  26, progress:100%
2026-09-07 00:56:10 - mkk_pika - database.py:238 - INFO - 数据库更新已下载章节
2026-09-07 00:56:10 - mkk_pika - database.py:244 - INFO - 该漫画已下载章节如下
2026-09-07 00:56:10 - mkk_pika - database.py:245 - INFO - ['第1集']
2026-09-07 00:56:11 - mkk_pika - main.py:348 - INFO - ==================== 漫画信息 ====================
                                   漫画ID：5c991d33154df22f183a3106
                                   标题：M豚3
                                   作者： べるがもつと
                                   是否完结：否
                                   总页数：26
                                   分类：短篇
                                   章节数：1
                                   最后更新时间：2019-03-25T18:25:55.026Z
                                   =================================================
2026-09-07 00:56:11 - mkk_pika - database.py:101 - INFO - 保存成功：M豚3
2026-09-07 00:56:11 - mkk_pika - main.py:35 - INFO - 开始检查リトルヘイヴン (FateGrand Order)是否存在未下载章节
2026-09-07 00:56:11 - mkk_pika - main.py:45 - INFO - 正在下载:[リトルヘイヴン (FateGrand Order)]-[CAT GARDEN (ねこてゐ)]-[['短篇', '同人', 'Fate', '全彩']]-[total_pages:23]
2026-09-07 00:56:11 - mkk_pika - main.py:49 - INFO - [{'_id': '5c991d486fdf147b1eb3f207', 'title': '第1集', 'order': 1, 'updated_at': '2019-03-25T16:10:12.970Z', 'id': '5c991d486fdf147b1eb3f207'}]
2026-09-07 00:56:11 - mkk_pika - database.py:215 - INFO - 第一次下载该漫画，记录数据库中
2026-09-07 00:56:13 - mkk_pika - main.py:83 - INFO - 找到 23 张图片在:第1集
2026-09-07 00:56:13 - mkk_pika - main.py:112 - INFO - [episode:第1集       ] downloaded:    23, total:  23, progress:100%
2026-09-07 00:56:13 - mkk_pika - database.py:238 - INFO - 数据库更新已下载章节
2026-09-07 00:56:13 - mkk_pika - database.py:244 - INFO - 该漫画已下载章节如下
2026-09-07 00:56:13 - mkk_pika - database.py:245 - INFO - ['第1集']
2026-09-07 00:56:15 - mkk_pika - main.py:348 - INFO - ==================== 漫画信息 ====================
                                   漫画ID：5c991d486fdf147b1eb3f206
                                   标题：リトルヘイヴン (FateGrand Order)
                                   作者：CAT GARDEN (ねこてゐ)
                                   是否完结：是
                                   总页数：23
                                   分类：短篇,同人,Fate,全彩
                                   章节数：1
                                   最后更新时间：2019-03-25T18:26:16.878Z
                                   =================================================
2026-09-07 00:56:15 - mkk_pika - database.py:101 - INFO - 保存成功：リトルヘイヴン (FateGrand Order)
2026-09-07 00:56:15 - mkk_pika - main.py:35 - INFO - 开始检查 会長は覚えてない! (かぐや様は告らせたい) [中国翻訳]是否存在未下载章节
2026-09-07 00:56:15 - mkk_pika - main.py:45 - INFO - 正在下载:[ 会長は覚えてない! (かぐや様は告らせたい) [中国翻訳]]-[紅茶屋 (大塚子虎)]-[['同人', '純愛']]-[total_pages:32]
2026-09-07 00:56:15 - mkk_pika - main.py:49 - INFO - [{'_id': '5c991d80d3149e74970e5996', 'title': '第1集', 'order': 1, 'updated_at': '2019-03-25T16:27:45.439Z', 'id': '5c991d80d3149e74970e5996'}]
2026-09-07 00:56:15 - mkk_pika - database.py:215 - INFO - 第一次下载该漫画，记录数据库中
2026-09-07 00:56:15 - mkk_pika - main.py:83 - INFO - 找到 32 张图片在:第1集
2026-09-07 00:56:16 - mkk_pika - main.py:112 - INFO - [episode:第1集       ] downloaded:    32, total:  32, progress:100%
2026-09-07 00:56:16 - mkk_pika - database.py:238 - INFO - 数据库更新已下载章节
2026-09-07 00:56:16 - mkk_pika - database.py:244 - INFO - 该漫画已下载章节如下
2026-09-07 00:56:16 - mkk_pika - database.py:245 - INFO - ['第1集']
2026-09-07 00:56:18 - mkk_pika - main.py:348 - INFO - ==================== 漫画信息 ====================
                                   漫画ID：5c991d80d3149e74970e5995
                                   标题： 会長は覚えてない! (かぐや様は告らせたい) [中国翻訳]
                                   作者：紅茶屋 (大塚子虎)
                                   是否完结：是
                                   总页数：32
                                   分类：同人,純愛
                                   章节数：1
                                   最后更新时间：2019-03-25T18:27:12.043Z
                                   =================================================
2026-09-07 00:56:18 - mkk_pika - database.py:101 - INFO - 保存成功： 会長は覚えてない! (かぐや様は告らせたい) [中国翻訳]
2026-09-07 00:56:18 - mkk_pika - main.py:35 - INFO - 开始检查(C95)スズランの花言葉是否存在未下载章节
2026-09-07 00:56:18 - mkk_pika - main.py:45 - INFO - 正在下载:[(C95)スズランの花言葉]-[ハウス栽培もち (白玉もち、ボブキャ)]-[['短篇', '百合花園', '純愛']]-[total_pages:34]
2026-09-07 00:56:18 - mkk_pika - main.py:49 - INFO - [{'_id': '5c991db38a7e682eec0256a0', 'title': '第1集', 'order': 1, 'updated_at': '2019-03-25T16:30:16.618Z', 'id': '5c991db38a7e682eec0256a0'}]
2026-09-07 00:56:18 - mkk_pika - database.py:215 - INFO - 第一次下载该漫画，记录数据库中
2026-09-07 00:56:19 - mkk_pika - main.py:83 - INFO - 找到 34 张图片在:第1集
2026-09-07 00:56:19 - mkk_pika - main.py:112 - INFO - [episode:第1集       ] downloaded:    34, total:  34, progress:100%
2026-09-07 00:56:19 - mkk_pika - database.py:238 - INFO - 数据库更新已下载章节
2026-09-07 00:56:19 - mkk_pika - database.py:244 - INFO - 该漫画已下载章节如下
2026-09-07 00:56:19 - mkk_pika - database.py:245 - INFO - ['第1集']
2026-09-07 00:56:21 - mkk_pika - main.py:348 - INFO - ==================== 漫画信息 ====================
                                   漫画ID：5c991db38a7e682eec02569f
                                   标题：(C95)スズランの花言葉
                                   作者：ハウス栽培もち (白玉もち、ボブキャ)
                                   是否完结：是
                                   总页数：34
                                   分类：短篇,百合花園,純愛
                                   章节数：1
                                   最后更新时间：2019-03-25T18:28:03.652Z
                                   =================================================
2026-09-07 00:56:21 - mkk_pika - database.py:101 - INFO - 保存成功：(C95)スズランの花言葉
2026-09-07 00:56:21 - mkk_pika - main.py:35 - INFO - 开始检查AME NOCHI COLORS 3是否存在未下载章节
2026-09-07 00:56:21 - mkk_pika - main.py:45 - INFO - 正在下载:[AME NOCHI COLORS 3]-[あめ のち ゆき (あめとゆき)]-[['短篇', '全彩', '非人類']]-[total_pages:12]
2026-09-07 00:56:21 - mkk_pika - main.py:49 - INFO - [{'_id': '5c991de18a7e682eec0256c5', 'title': '第1集', 'order': 1, 'updated_at': '2019-03-25T16:42:33.432Z', 'id': '5c991de18a7e682eec0256c5'}]
2026-09-07 00:56:21 - mkk_pika - database.py:215 - INFO - 第一次下载该漫画，记录数据库中
2026-09-07 00:56:22 - mkk_pika - main.py:83 - INFO - 找到 12 张图片在:第1集
2026-09-07 00:56:22 - mkk_pika - main.py:112 - INFO - [episode:第1集       ] downloaded:    12, total:  12, progress:100%
2026-09-07 00:56:22 - mkk_pika - database.py:238 - INFO - 数据库更新已下载章节
2026-09-07 00:56:22 - mkk_pika - database.py:244 - INFO - 该漫画已下载章节如下
2026-09-07 00:56:22 - mkk_pika - database.py:245 - INFO - ['第1集']
2026-09-07 00:56:23 - mkk_pika - main.py:348 - INFO - ==================== 漫画信息 ====================
                                   漫画ID：5c991de18a7e682eec0256c4
                                   标题：AME NOCHI COLORS 3
                                   作者：あめ のち ゆき (あめとゆき)
                                   是否完结：是
                                   总页数：12
                                   分类：短篇,全彩,非人類
                                   章节数：1
                                   最后更新时间：2019-03-25T18:28:49.743Z
                                   =================================================
2026-09-07 00:56:23 - mkk_pika - database.py:101 - INFO - 保存成功：AME NOCHI COLORS 3
2026-09-07 00:56:23 - mkk_pika - main.py:35 - INFO - 开始检查(C95)ままかつどう?是否存在未下载章节
2026-09-07 00:56:24 - mkk_pika - main.py:45 - INFO - 正在下载:[(C95)ままかつどう?]-[Usacastle (うさ城まに)]-[['短篇']]-[total_pages:24]
2026-09-07 00:56:24 - mkk_pika - main.py:49 - INFO - [{'_id': '5c991e0b8854ff2ee6e1fbf4', 'title': '第1集', 'order': 1, 'updated_at': '2019-03-25T16:50:34.518Z', 'id': '5c991e0b8854ff2ee6e1fbf4'}]
2026-09-07 00:56:24 - mkk_pika - database.py:215 - INFO - 第一次下载该漫画，记录数据库中
2026-09-07 00:56:24 - mkk_pika - main.py:83 - INFO - 找到 24 张图片在:第1集
2026-09-07 00:56:25 - mkk_pika - main.py:112 - INFO - [episode:第1集       ] downloaded:    24, total:  24, progress:100%
2026-09-07 00:56:25 - mkk_pika - database.py:238 - INFO - 数据库更新已下载章节
2026-09-07 00:56:25 - mkk_pika - database.py:244 - INFO - 该漫画已下载章节如下
2026-09-07 00:56:25 - mkk_pika - database.py:245 - INFO - ['第1集']
2026-09-07 00:56:26 - mkk_pika - main.py:348 - INFO - ==================== 漫画信息 ====================
                                   漫画ID：5c991e0b8854ff2ee6e1fbf3
                                   标题：(C95)ままかつどう?
                                   作者：Usacastle (うさ城まに)
                                   是否完结：是
                                   总页数：24
                                   分类：短篇
                                   章节数：1
                                   最后更新时间：2019-03-25T18:29:31.758Z
                                   =================================================
2026-09-07 00:56:26 - mkk_pika - database.py:101 - INFO - 保存成功：(C95)ままかつどう?
2026-09-07 00:56:26 - mkk_pika - main.py:35 - INFO - 开始检查大人の寓話TABOO是否存在未下载章节
2026-09-07 00:56:27 - mkk_pika - main.py:45 - INFO - 正在下载:[大人の寓話TABOO]-[山田太郎]-[['全彩', '短篇', '人妻', 'NTR', '強暴']]-[total_pages:116]
2026-09-07 00:56:27 - mkk_pika - main.py:49 - INFO - [{'_id': '5c991e7f154df22f183a3128', 'title': '瞳 前编', 'order': 1, 'updated_at': '2019-03-25T16:31:30.018Z', 'id': '5c991e7f154df22f183a3128'}, {'_id': '5c991e7f154df22f183a3129', 'title': '瞳 后编', 'order': 2, 'updated_at': '2019-03-25T14:17:14.132Z', 'id': '5c991e7f154df22f183a3129'}, {'_id': '5c991e7f154df22f183a312a', 'title': '香', 'order': 3, 'updated_at': '2019-03-25T15:33:20.160Z', 'id': '5c991e7f154df22f183a312a'}, {'_id': '5c991e7f154df22f183a312b', 'title': '梓', 'order': 4, 'updated_at': '2019-03-25T16:24:13.039Z', 'id': '5c991e7f154df22f183a312b'}]
2026-09-07 00:56:27 - mkk_pika - database.py:215 - INFO - 第一次下载该漫画，记录数据库中
2026-09-07 00:56:27 - mkk_pika - main.py:83 - INFO - 找到 31 张图片在:瞳前编
2026-09-07 00:56:28 - mkk_pika - main.py:112 - INFO - [episode:瞳 前编      ] downloaded:    31, total:  31, progress:100%
2026-09-07 00:56:28 - mkk_pika - database.py:238 - INFO - 数据库更新已下载章节
2026-09-07 00:56:28 - mkk_pika - database.py:244 - INFO - 该漫画已下载章节如下
2026-09-07 00:56:28 - mkk_pika - database.py:245 - INFO - ['瞳 前编']
2026-09-07 00:56:30 - mkk_pika - main.py:83 - INFO - 找到 28 张图片在:瞳后编
2026-09-07 00:56:31 - mkk_pika - main.py:112 - INFO - [episode:瞳 后编      ] downloaded:    28, total:  28, progress:100%
2026-09-07 00:56:31 - mkk_pika - database.py:238 - INFO - 数据库更新已下载章节
2026-09-07 00:56:31 - mkk_pika - database.py:244 - INFO - 该漫画已下载章节如下
2026-09-07 00:56:31 - mkk_pika - database.py:245 - INFO - ['瞳 前编', '瞳 后编']
2026-09-07 00:56:32 - mkk_pika - main.py:83 - INFO - 找到 36 张图片在:香
2026-09-07 00:56:33 - mkk_pika - main.py:112 - INFO - [episode:香         ] downloaded:    36, total:  36, progress:100%
2026-09-07 00:56:33 - mkk_pika - database.py:238 - INFO - 数据库更新已下载章节
2026-09-07 00:56:33 - mkk_pika - database.py:244 - INFO - 该漫画已下载章节如下
2026-09-07 00:56:33 - mkk_pika - database.py:245 - INFO - ['瞳 前编', '瞳 后编', '香']
2026-09-07 00:56:35 - mkk_pika - main.py:83 - INFO - 找到 35 张图片在:梓
2026-09-07 00:56:36 - mkk_pika - main.py:112 - INFO - [episode:梓         ] downloaded:    35, total:  35, progress:100%
2026-09-07 00:56:36 - mkk_pika - database.py:238 - INFO - 数据库更新已下载章节
2026-09-07 00:56:36 - mkk_pika - database.py:244 - INFO - 该漫画已下载章节如下
2026-09-07 00:56:36 - mkk_pika - database.py:245 - INFO - ['瞳 前编', '瞳 后编', '香', '梓']
2026-09-07 00:56:38 - mkk_pika - main.py:348 - INFO - ==================== 漫画信息 ====================
                                   漫画ID：5c991e7f154df22f183a3127
                                   标题：大人の寓話TABOO
                                   作者：山田太郎
                                   是否完结：否
                                   总页数：116
                                   分类：全彩,短篇,人妻,NTR,強暴
                                   章节数：4
                                   最后更新时间：2019-03-25T18:31:27.093Z
                                   =================================================
2026-09-07 00:56:38 - mkk_pika - database.py:101 - INFO - 保存成功：大人の寓話TABOO
2026-09-07 00:56:38 - mkk_pika - main.py:35 - INFO - 开始检查 ユア・マジェスティ、マイ・マスター2 (コミックアンリアル 2018年10月号 Vol.75) [DL版]是否存在未下载章节
2026-09-07 00:56:38 - mkk_pika - main.py:45 - INFO - 正在下载:[ ユア・マジェスティ、マイ・マスター2 (コミックアンリアル 2018年10月号 Vol.75) [DL版]]-[煌野一人]-[['短篇', '純愛', '非人類']]-[total_pages:15]
2026-09-07 00:56:38 - mkk_pika - main.py:49 - INFO - [{'_id': '5c9920986e9faa7b11048bf7', 'title': '第1集', 'order': 1, 'updated_at': '2019-03-24T10:11:29.671Z', 'id': '5c9920986e9faa7b11048bf7'}]
2026-09-07 00:56:38 - mkk_pika - database.py:215 - INFO - 第一次下载该漫画，记录数据库中
2026-09-07 00:56:39 - mkk_pika - main.py:83 - INFO - 找到 15 张图片在:第1集
2026-09-07 00:56:39 - mkk_pika - main.py:112 - INFO - [episode:第1集       ] downloaded:    15, total:  15, progress:100%
2026-09-07 00:56:39 - mkk_pika - database.py:238 - INFO - 数据库更新已下载章节
2026-09-07 00:56:39 - mkk_pika - database.py:244 - INFO - 该漫画已下载章节如下
2026-09-07 00:56:39 - mkk_pika - database.py:245 - INFO - ['第1集']
2026-09-07 00:56:40 - mkk_pika - main.py:348 - INFO - ==================== 漫画信息 ====================
                                   漫画ID：5c9920986e9faa7b11048bf6
                                   标题： ユア・マジェスティ、マイ・マスター2 (コミックアンリアル 2018年10月号 Vol.75) [DL版]
                                   作者：煌野一人
                                   是否完结：是
                                   总页数：15
                                   分类：短篇,純愛,非人類
                                   章节数：1
                                   最后更新时间：2019-03-25T18:40:24.627Z
                                   =================================================
2026-09-07 00:56:40 - mkk_pika - database.py:101 - INFO - 保存成功： ユア・マジェスティ、マイ・マスター2 (コミックアンリアル 2018年10月号 Vol.75) [DL版]
2026-09-07 00:56:40 - mkk_pika - main.py:35 - INFO - 开始检查これが私のサーヴァント (Fate/EXTRA CCC) [中国翻訳] [DL版]是否存在未下载章节
2026-09-07 00:56:41 - mkk_pika - main.py:45 - INFO - 正在下载:[これが私のサーヴァント (Fate/EXTRA CCC) [中国翻訳] [DL版]]-[たいやきやけた (池田秀子)]-[['短篇', '同人', '純愛', 'Fate']]-[total_pages:33]
2026-09-07 00:56:41 - mkk_pika - main.py:49 - INFO - [{'_id': '5c9920d96e9faa7b11048c09', 'title': '第1集', 'order': 1, 'updated_at': '2019-03-25T17:54:03.022Z', 'id': '5c9920d96e9faa7b11048c09'}]
2026-09-07 00:56:41 - mkk_pika - database.py:215 - INFO - 第一次下载该漫画，记录数据库中
2026-09-07 00:56:41 - mkk_pika - main.py:83 - INFO - 找到 33 张图片在:第1集
2026-09-07 00:56:42 - mkk_pika - main.py:112 - INFO - [episode:第1集       ] downloaded:    33, total:  33, progress:100%
2026-09-07 00:56:42 - mkk_pika - database.py:238 - INFO - 数据库更新已下载章节
2026-09-07 00:56:42 - mkk_pika - database.py:244 - INFO - 该漫画已下载章节如下
2026-09-07 00:56:42 - mkk_pika - database.py:245 - INFO - ['第1集']
2026-09-07 00:56:44 - mkk_pika - main.py:348 - INFO - ==================== 漫画信息 ====================
                                   漫画ID：5c9920d96e9faa7b11048c08
                                   标题：これが私のサーヴァント (Fate/EXTRA CCC) [中国翻訳] [DL版]
                                   作者：たいやきやけた (池田秀子)
                                   是否完结：是
                                   总页数：33
                                   分类：短篇,同人,純愛,Fate
                                   章节数：1
                                   最后更新时间：2019-03-25T18:41:29.249Z
                                   =================================================
2026-09-07 00:56:44 - mkk_pika - database.py:101 - INFO - 保存成功：これが私のサーヴァント (Fate/EXTRA CCC) [中国翻訳] [DL版]
2026-09-07 00:56:44 - mkk_pika - main.py:35 - INFO - 开始检查突きたて!! 王様げぇむ 2是否存在未下载章节
2026-09-07 00:56:44 - mkk_pika - main.py:45 - INFO - 正在下载:[突きたて!! 王様げぇむ 2]-[ハシスタント]-[['同人', '短篇', '後宮閃光', 'SM', '百合花園']]-[total_pages:41]
2026-09-07 00:56:44 - mkk_pika - main.py:49 - INFO - [{'_id': '5c99a520154df22f183a3307', 'title': '第1集', 'order': 1, 'updated_at': '2019-03-26T03:32:08.851Z', 'id': '5c99a520154df22f183a3307'}]
2026-09-07 00:56:44 - mkk_pika - database.py:215 - INFO - 第一次下载该漫画，记录数据库中
2026-09-07 00:56:45 - mkk_pika - main.py:83 - INFO - 找到 41 张图片在:第1集
2026-09-07 00:56:46 - mkk_pika - main.py:112 - INFO - [episode:第1集       ] downloaded:    41, total:  41, progress:100%
2026-09-07 00:56:46 - mkk_pika - database.py:238 - INFO - 数据库更新已下载章节
2026-09-07 00:56:46 - mkk_pika - database.py:244 - INFO - 该漫画已下载章节如下
2026-09-07 00:56:46 - mkk_pika - database.py:245 - INFO - ['第1集']
2026-09-07 00:56:47 - mkk_pika - main.py:348 - INFO - ==================== 漫画信息 ====================
                                   漫画ID：5c99a520154df22f183a3306
                                   标题：突きたて!! 王様げぇむ 2
                                   作者：ハシスタント
                                   是否完结：否
                                   总页数：41
                                   分类：同人,短篇,後宮閃光,SM,百合花園
                                   章节数：1
                                   最后更新时间：2019-03-26T04:05:52.905Z
                                   =================================================
2026-09-07 00:56:47 - mkk_pika - database.py:101 - INFO - 保存成功：突きたて!! 王様げぇむ 2
2026-09-07 00:56:47 - mkk_pika - main.py:35 - INFO - 开始检查弱体効果のせいだから仕方ない (グランブルーファンタジー)  [chinese]是否存在未下载章节
2026-09-07 00:56:48 - mkk_pika - main.py:45 - INFO - 正在下载:[弱体効果のせいだから仕方ない (グランブルーファンタジー)  [chinese]]-[Santa Fe Radio (Peniken)]-[['短篇', '同人', '純愛', '碧藍幻想']]-[total_pages:26]
2026-09-07 00:56:48 - mkk_pika - main.py:49 - INFO - [{'_id': '5c99c702df1b8c38016dad1c', 'title': '第1集', 'order': 1, 'updated_at': '2019-03-25T13:58:50.020Z', 'id': '5c99c702df1b8c38016dad1c'}]
2026-09-07 00:56:48 - mkk_pika - database.py:215 - INFO - 第一次下载该漫画，记录数据库中
2026-09-07 00:56:48 - mkk_pika - main.py:83 - INFO - 找到 26 张图片在:第1集
2026-09-07 00:56:49 - mkk_pika - main.py:112 - INFO - [episode:第1集       ] downloaded:    26, total:  26, progress:100%
2026-09-07 00:56:49 - mkk_pika - database.py:238 - INFO - 数据库更新已下载章节
2026-09-07 00:56:49 - mkk_pika - database.py:244 - INFO - 该漫画已下载章节如下
2026-09-07 00:56:49 - mkk_pika - database.py:245 - INFO - ['第1集']
2026-09-07 00:56:50 - mkk_pika - main.py:348 - INFO - ==================== 漫画信息 ====================
                                   漫画ID：5c99c702df1b8c38016dad1b
                                   标题：弱体効果のせいだから仕方ない (グランブルーファンタジー)  [chinese]
                                   作者：Santa Fe Radio (Peniken)
                                   是否完结：是
                                   总页数：26
                                   分类：短篇,同人,純愛,碧藍幻想
                                   章节数：1
                                   最后更新时间：2019-03-26T06:30:26.513Z
                                   =================================================
2026-09-07 00:56:50 - mkk_pika - database.py:101 - INFO - 保存成功：弱体効果のせいだから仕方ない (グランブルーファンタジー)  [chinese]
2026-09-07 00:56:50 - mkk_pika - main.py:35 - INFO - 开始检查寝取りっ娘計画 (先生いじり)是否存在未下载章节
2026-09-07 00:56:51 - mkk_pika - main.py:45 - INFO - 正在下载:[寝取りっ娘計画 (先生いじり)]-[舞原マツゲ]-[['短篇', 'NTR', '妹妹系']]-[total_pages:16]
2026-09-07 00:56:51 - mkk_pika - main.py:49 - INFO - [{'_id': '5c99c71a771bfc38095a2d8c', 'title': '第1集', 'order': 1, 'updated_at': '2019-03-25T17:18:15.995Z', 'id': '5c99c71a771bfc38095a2d8c'}]
2026-09-07 00:56:51 - mkk_pika - database.py:215 - INFO - 第一次下载该漫画，记录数据库中
2026-09-07 00:56:51 - mkk_pika - main.py:83 - INFO - 找到 16 张图片在:第1集
2026-09-07 00:56:52 - mkk_pika - main.py:112 - INFO - [episode:第1集       ] downloaded:    16, total:  16, progress:100%
2026-09-07 00:56:52 - mkk_pika - database.py:238 - INFO - 数据库更新已下载章节
2026-09-07 00:56:52 - mkk_pika - database.py:244 - INFO - 该漫画已下载章节如下
2026-09-07 00:56:52 - mkk_pika - database.py:245 - INFO - ['第1集']
2026-09-07 00:56:53 - mkk_pika - main.py:348 - INFO - ==================== 漫画信息 ====================
                                   漫画ID：5c99c71a771bfc38095a2d8b
                                   标题：寝取りっ娘計画 (先生いじり)
                                   作者：舞原マツゲ
                                   是否完结：否
                                   总页数：16
                                   分类：短篇,NTR,妹妹系
                                   章节数：1
                                   最后更新时间：2019-03-26T06:30:50.058Z
                                   =================================================
2026-09-07 00:56:53 - mkk_pika - database.py:101 - INFO - 保存成功：寝取りっ娘計画 (先生いじり)
2026-09-07 00:56:53 - mkk_pika - main.py:35 - INFO - 开始检查せんぱい、おねがい (COMIC快楽天 2018年12月号)[無修正]是否存在未下载章节
2026-09-07 00:56:53 - mkk_pika - main.py:45 - INFO - 正在下载:[せんぱい、おねがい (COMIC快楽天 2018年12月号)[無修正]]-[なぱた]-[['短篇']]-[total_pages:19]
2026-09-07 00:56:53 - mkk_pika - main.py:49 - INFO - [{'_id': '5c99cc1d8a7e682eec025aa1', 'title': '第1集', 'order': 1, 'updated_at': '2019-03-26T02:23:21.366Z', 'id': '5c99cc1d8a7e682eec025aa1'}]
2026-09-07 00:56:53 - mkk_pika - database.py:215 - INFO - 第一次下载该漫画，记录数据库中
2026-09-07 00:56:54 - mkk_pika - main.py:83 - INFO - 找到 19 张图片在:第1集
2026-09-07 00:56:55 - mkk_pika - main.py:112 - INFO - [episode:第1集       ] downloaded:    19, total:  19, progress:100%
2026-09-07 00:56:55 - mkk_pika - database.py:238 - INFO - 数据库更新已下载章节
2026-09-07 00:56:55 - mkk_pika - database.py:244 - INFO - 该漫画已下载章节如下
2026-09-07 00:56:55 - mkk_pika - database.py:245 - INFO - ['第1集']
2026-09-07 00:56:56 - mkk_pika - main.py:348 - INFO - ==================== 漫画信息 ====================
                                   漫画ID：5c99cc1d8a7e682eec025aa0
                                   标题：せんぱい、おねがい (COMIC快楽天 2018年12月号)[無修正]
                                   作者：なぱた
                                   是否完结：否
                                   总页数：19
                                   分类：短篇
                                   章节数：1
                                   最后更新时间：2019-03-26T06:52:13.069Z
                                   =================================================
2026-09-07 00:56:56 - mkk_pika - database.py:101 - INFO - 保存成功：せんぱい、おねがい (COMIC快楽天 2018年12月号)[無修正]
2026-09-07 00:56:56 - mkk_pika - main.py:35 - INFO - 开始检查YET INNOCENT MAIDEN是否存在未下载章节
2026-09-07 00:56:56 - mkk_pika - main.py:45 - INFO - 正在下载:[YET INNOCENT MAIDEN]-[あかあお (HiRoB816)]-[['短篇']]-[total_pages:52]
2026-09-07 00:56:56 - mkk_pika - main.py:49 - INFO - [{'_id': '5c721110939410787059e391', 'title': '生肉', 'order': 1, 'updated_at': '2019-03-26T06:56:49.379Z', 'id': '5c721110939410787059e391'}, {'_id': '5c99cd31154df22f183a34e5', 'title': '熟肉', 'order': 2, 'updated_at': '2019-03-26T04:27:21.104Z', 'id': '5c99cd31154df22f183a34e5'}]
2026-09-07 00:56:56 - mkk_pika - database.py:215 - INFO - 第一次下载该漫画，记录数据库中
2026-09-07 00:56:57 - mkk_pika - main.py:83 - INFO - 找到 26 张图片在:生肉
2026-09-07 00:56:57 - mkk_pika - main.py:112 - INFO - [episode:生肉        ] downloaded:    26, total:  26, progress:100%
2026-09-07 00:56:57 - mkk_pika - database.py:238 - INFO - 数据库更新已下载章节
2026-09-07 00:56:57 - mkk_pika - database.py:244 - INFO - 该漫画已下载章节如下
2026-09-07 00:56:57 - mkk_pika - database.py:245 - INFO - ['生肉']
2026-09-07 00:56:59 - mkk_pika - main.py:83 - INFO - 找到 26 张图片在:熟肉
2026-09-07 00:57:00 - mkk_pika - main.py:112 - INFO - [episode:熟肉        ] downloaded:    26, total:  26, progress:100%
2026-09-07 00:57:00 - mkk_pika - database.py:238 - INFO - 数据库更新已下载章节
2026-09-07 00:57:00 - mkk_pika - database.py:244 - INFO - 该漫画已下载章节如下
2026-09-07 00:57:00 - mkk_pika - database.py:245 - INFO - ['生肉', '熟肉']
2026-09-07 00:57:01 - mkk_pika - main.py:348 - INFO - ==================== 漫画信息 ====================
                                   漫画ID：5c721110939410787059e390
                                   标题：YET INNOCENT MAIDEN
                                   作者：あかあお (HiRoB816)
                                   是否完结：否
                                   总页数：52
                                   分类：短篇
                                   章节数：2
                                   最后更新时间：2019-03-26T06:56:49.356Z
                                   =================================================
2026-09-07 00:57:01 - mkk_pika - database.py:101 - INFO - 保存成功：YET INNOCENT MAIDEN
2026-09-07 00:57:01 - mkk_pika - main.py:35 - INFO - 开始检查提督は遅くても絶対大丈夫!!是否存在未下载章节
2026-09-07 00:57:01 - mkk_pika - main.py:45 - INFO - 正在下载:[提督は遅くても絶対大丈夫!!]-[秒殺狸団 (佐伯達也)]-[['同人', '短篇', '艦隊收藏']]-[total_pages:36]
2026-09-07 00:57:01 - mkk_pika - main.py:49 - INFO - [{'_id': '5baf93daf3ac7e2d4b3e7dc7', 'title': '生肉', 'order': 1, 'updated_at': '2019-03-26T17:41:57.840Z', 'id': '5baf93daf3ac7e2d4b3e7dc7'}, {'_id': '5c9a6465eb825e7469c1f62b', 'title': '熟肉', 'order': 2, 'updated_at': '2019-03-26T13:45:10.915Z', 'id': '5c9a6465eb825e7469c1f62b'}]
2026-09-07 00:57:01 - mkk_pika - database.py:215 - INFO - 第一次下载该漫画，记录数据库中
2026-09-07 00:57:02 - mkk_pika - main.py:83 - INFO - 找到 18 张图片在:生肉
2026-09-07 00:57:02 - mkk_pika - main.py:112 - INFO - [episode:生肉        ] downloaded:    18, total:  18, progress:100%
2026-09-07 00:57:02 - mkk_pika - database.py:238 - INFO - 数据库更新已下载章节
2026-09-07 00:57:02 - mkk_pika - database.py:244 - INFO - 该漫画已下载章节如下
2026-09-07 00:57:02 - mkk_pika - database.py:245 - INFO - ['生肉']
2026-09-07 00:57:04 - mkk_pika - main.py:83 - INFO - 找到 18 张图片在:熟肉
2026-09-07 00:57:05 - mkk_pika - main.py:112 - INFO - [episode:熟肉        ] downloaded:    18, total:  18, progress:100%
2026-09-07 00:57:05 - mkk_pika - database.py:238 - INFO - 数据库更新已下载章节
2026-09-07 00:57:05 - mkk_pika - database.py:244 - INFO - 该漫画已下载章节如下
2026-09-07 00:57:05 - mkk_pika - database.py:245 - INFO - ['生肉', '熟肉']
2026-09-07 00:57:06 - mkk_pika - main.py:348 - INFO - ==================== 漫画信息 ====================
                                   漫画ID：5baf93daf3ac7e2d4b3e7dc6
                                   标题：提督は遅くても絶対大丈夫!!
                                   作者：秒殺狸団 (佐伯達也)
                                   是否完结：否
                                   总页数：36
                                   分类：同人,短篇,艦隊收藏
                                   章节数：2
                                   最后更新时间：2019-03-26T17:41:57.827Z
                                   =================================================
2026-09-07 00:57:06 - mkk_pika - database.py:101 - INFO - 保存成功：提督は遅くても絶対大丈夫!!
2026-09-07 00:57:06 - mkk_pika - main.py:35 - INFO - 开始检查(C95) 沖田さん凌辱 (Fate Grand Order)是否存在未下载章节
2026-09-07 00:57:06 - mkk_pika - main.py:45 - INFO - 正在下载:[(C95) 沖田さん凌辱 (Fate Grand Order)]-[シシドマート (宍戸くろう)]-[['短篇', '同人', '非人類', 'Fate', '強暴']]-[total_pages:42]
2026-09-07 00:57:06 - mkk_pika - main.py:49 - INFO - [{'_id': '5c5d474c96f1c60594bf6996', 'title': '第1集', 'order': 1, 'updated_at': '2019-01-31T21:29:25.839Z', 'id': '5c5d474c96f1c60594bf6996'}, {'_id': '5c9a64888a7e682eec026391', 'title': '汉化', 'order': 2, 'updated_at': '2019-03-26T14:46:34.667Z', 'id': '5c9a64888a7e682eec026391'}]
2026-09-07 00:57:06 - mkk_pika - database.py:215 - INFO - 第一次下载该漫画，记录数据库中
2026-09-07 00:57:07 - mkk_pika - main.py:83 - INFO - 找到 22 张图片在:第1集
2026-09-07 00:57:07 - mkk_pika - main.py:112 - INFO - [episode:第1集       ] downloaded:    22, total:  22, progress:100%
2026-09-07 00:57:07 - mkk_pika - database.py:238 - INFO - 数据库更新已下载章节
2026-09-07 00:57:07 - mkk_pika - database.py:244 - INFO - 该漫画已下载章节如下
2026-09-07 00:57:07 - mkk_pika - database.py:245 - INFO - ['第1集']
2026-09-07 00:57:09 - mkk_pika - main.py:83 - INFO - 找到 20 张图片在:汉化
2026-09-07 00:57:10 - mkk_pika - main.py:112 - INFO - [episode:汉化        ] downloaded:    20, total:  20, progress:100%
2026-09-07 00:57:10 - mkk_pika - database.py:238 - INFO - 数据库更新已下载章节
2026-09-07 00:57:10 - mkk_pika - database.py:244 - INFO - 该漫画已下载章节如下
2026-09-07 00:57:10 - mkk_pika - database.py:245 - INFO - ['第1集', '汉化']
2026-09-07 00:57:11 - mkk_pika - main.py:348 - INFO - ==================== 漫画信息 ====================
                                   漫画ID：5c5d474c96f1c60594bf6995
                                   标题：(C95) 沖田さん凌辱 (Fate Grand Order)
                                   作者：シシドマート (宍戸くろう)
                                   是否完结：是
                                   总页数：42
                                   分类：短篇,同人,非人類,Fate,強暴
                                   章节数：2
                                   最后更新时间：2019-03-26T17:42:32.615Z
                                   =================================================
2026-09-07 00:57:11 - mkk_pika - database.py:101 - INFO - 保存成功：(C95) 沖田さん凌辱 (Fate Grand Order)
2026-09-07 00:57:11 - mkk_pika - main.py:35 - INFO - 开始检查ピンサロ母さん 汉化是否存在未下载章节
2026-09-07 00:57:11 - mkk_pika - main.py:45 - INFO - 正在下载:[ピンサロ母さん 汉化]-[虚川財団]-[['全彩', '短篇', '人妻']]-[total_pages:35]
2026-09-07 00:57:11 - mkk_pika - main.py:49 - INFO - [{'_id': '5c9a652ddf1b8c38016dafd6', 'title': '第1集', 'order': 1, 'updated_at': '2019-03-26T04:40:32.250Z', 'id': '5c9a652ddf1b8c38016dafd6'}]
2026-09-07 00:57:11 - mkk_pika - database.py:215 - INFO - 第一次下载该漫画，记录数据库中
2026-09-07 00:57:12 - mkk_pika - main.py:83 - INFO - 找到 35 张图片在:第1集
2026-09-07 00:57:13 - mkk_pika - main.py:112 - INFO - [episode:第1集       ] downloaded:    35, total:  35, progress:100%
2026-09-07 00:57:13 - mkk_pika - database.py:238 - INFO - 数据库更新已下载章节
2026-09-07 00:57:13 - mkk_pika - database.py:244 - INFO - 该漫画已下载章节如下
2026-09-07 00:57:13 - mkk_pika - database.py:245 - INFO - ['第1集']
2026-09-07 00:57:14 - mkk_pika - main.py:348 - INFO - ==================== 漫画信息 ====================
                                   漫画ID：5c9a652ddf1b8c38016dafd5
                                   标题：ピンサロ母さん 汉化
                                   作者：虚川財団
                                   是否完结：是
                                   总页数：35
                                   分类：全彩,短篇,人妻
                                   章节数：1
                                   最后更新时间：2019-03-26T17:45:17.691Z
                                   =================================================
2026-09-07 00:57:14 - mkk_pika - database.py:101 - INFO - 保存成功：ピンサロ母さん 汉化
2026-09-07 00:57:14 - mkk_pika - main.py:35 - INFO - 开始检查(C94)ガムシャラコレクション2 (FateGrand Order)是否存在未下载章节
2026-09-07 00:57:14 - mkk_pika - main.py:45 - INFO - 正在下载:[(C94)ガムシャラコレクション2 (FateGrand Order)]-[餓武者羅 (銀河味)]-[['短篇', '同人', 'Fate', '全彩']]-[total_pages:23]
2026-09-07 00:57:14 - mkk_pika - main.py:49 - INFO - [{'_id': '5c9a6643af2dbb3844f7726d', 'title': '第1集', 'order': 1, 'updated_at': '2019-03-26T11:24:04.649Z', 'id': '5c9a6643af2dbb3844f7726d'}]
2026-09-07 00:57:14 - mkk_pika - database.py:215 - INFO - 第一次下载该漫画，记录数据库中
2026-09-07 00:57:15 - mkk_pika - main.py:83 - INFO - 找到 23 张图片在:第1集
2026-09-07 00:57:16 - mkk_pika - main.py:112 - INFO - [episode:第1集       ] downloaded:    23, total:  23, progress:100%
2026-09-07 00:57:16 - mkk_pika - database.py:238 - INFO - 数据库更新已下载章节
2026-09-07 00:57:16 - mkk_pika - database.py:244 - INFO - 该漫画已下载章节如下
2026-09-07 00:57:16 - mkk_pika - database.py:245 - INFO - ['第1集']
2026-09-07 00:57:17 - mkk_pika - main.py:348 - INFO - ==================== 漫画信息 ====================
                                   漫画ID：5c9a6643af2dbb3844f7726c
                                   标题：(C94)ガムシャラコレクション2 (FateGrand Order)
                                   作者：餓武者羅 (銀河味)
                                   是否完结：否
                                   总页数：23
                                   分类：短篇,同人,Fate,全彩
                                   章节数：1
                                   最后更新时间：2019-03-26T17:49:55.673Z
                                   =================================================
2026-09-07 00:57:17 - mkk_pika - database.py:101 - INFO - 保存成功：(C94)ガムシャラコレクション2 (FateGrand Order)
2026-09-07 00:57:17 - mkk_pika - main.py:35 - INFO - 开始检查ヴィニ本是否存在未下载章节
2026-09-07 00:57:17 - mkk_pika - main.py:45 - INFO - 正在下载:[ヴィニ本]-[秒殺狸団 (佐伯達也)]-[['同人', '短篇']]-[total_pages:17]
2026-09-07 00:57:17 - mkk_pika - main.py:49 - INFO - [{'_id': '5c9a66684086373827999d31', 'title': '第1集', 'order': 1, 'updated_at': '2019-03-26T13:38:28.404Z', 'id': '5c9a66684086373827999d31'}]
2026-09-07 00:57:17 - mkk_pika - database.py:215 - INFO - 第一次下载该漫画，记录数据库中
2026-09-07 00:57:18 - mkk_pika - main.py:83 - INFO - 找到 17 张图片在:第1集
2026-09-07 00:57:18 - mkk_pika - main.py:112 - INFO - [episode:第1集       ] downloaded:    17, total:  17, progress:100%
2026-09-07 00:57:18 - mkk_pika - database.py:238 - INFO - 数据库更新已下载章节
2026-09-07 00:57:18 - mkk_pika - database.py:244 - INFO - 该漫画已下载章节如下
2026-09-07 00:57:18 - mkk_pika - database.py:245 - INFO - ['第1集']
2026-09-07 00:57:20 - mkk_pika - main.py:348 - INFO - ==================== 漫画信息 ====================
                                   漫画ID：5c9a66684086373827999d30
                                   标题：ヴィニ本
                                   作者：秒殺狸団 (佐伯達也)
                                   是否完结：否
                                   总页数：17
                                   分类：同人,短篇
                                   章节数：1
                                   最后更新时间：2019-03-26T17:50:32.032Z
                                   =================================================
2026-09-07 00:57:20 - mkk_pika - database.py:101 - INFO - 保存成功：ヴィニ本
2026-09-07 00:57:20 - mkk_pika - main.py:35 - INFO - 开始检查ぶきっちょせっくす 青澀生疏的性愛是否存在未下载章节
2026-09-07 00:57:20 - mkk_pika - main.py:45 - INFO - 正在下载:[ぶきっちょせっくす 青澀生疏的性愛]-[蒼井ミハル]-[['長篇', '純愛', '單行本', '姐姐系', '後宮閃光']]-[total_pages:194]
2026-09-07 00:57:20 - mkk_pika - main.py:49 - INFO - [{'_id': '5c9a680cd3149e74970e60d7', 'title': '青澀性愛的單行本', 'order': 1, 'updated_at': '2019-03-22T07:50:58.681Z', 'id': '5c9a680cd3149e74970e60d7'}]
2026-09-07 00:57:20 - mkk_pika - database.py:215 - INFO - 第一次下载该漫画，记录数据库中
2026-09-07 00:57:22 - mkk_pika - main.py:83 - INFO - 找到 194 张图片在:青澀性愛的單行本
2026-09-07 00:57:26 - mkk_pika - main.py:112 - INFO - [episode:青澀性愛的單行本  ] downloaded:   194, total: 194, progress:100%
2026-09-07 00:57:26 - mkk_pika - database.py:238 - INFO - 数据库更新已下载章节
2026-09-07 00:57:26 - mkk_pika - database.py:244 - INFO - 该漫画已下载章节如下
2026-09-07 00:57:26 - mkk_pika - database.py:245 - INFO - ['青澀性愛的單行本']
2026-09-07 00:57:27 - mkk_pika - main.py:348 - INFO - ==================== 漫画信息 ====================
                                   漫画ID：5c9a680cd3149e74970e60d6
                                   标题：ぶきっちょせっくす 青澀生疏的性愛
                                   作者：蒼井ミハル
                                   是否完结：是
                                   总页数：194
                                   分类：長篇,純愛,單行本,姐姐系,後宮閃光
                                   章节数：1
                                   最后更新时间：2019-03-26T17:57:32.640Z
                                   =================================================
2026-09-07 00:57:27 - mkk_pika - database.py:101 - INFO - 保存成功：ぶきっちょせっくす 青澀生疏的性愛
2026-09-07 00:57:27 - mkk_pika - main.py:35 - INFO - 开始检查まなつの午後のスキトキメキトキス是否存在未下载章节
2026-09-07 00:57:28 - mkk_pika - main.py:45 - INFO - 正在下载:[まなつの午後のスキトキメキトキス]-[AYUEST (あゆや)]-[['同人', '短篇', '艦隊收藏']]-[total_pages:24]
2026-09-07 00:57:28 - mkk_pika - main.py:49 - INFO - [{'_id': '5c9a6833066c482f11293186', 'title': '第1集', 'order': 1, 'updated_at': '2019-03-26T14:07:28.666Z', 'id': '5c9a6833066c482f11293186'}]
2026-09-07 00:57:28 - mkk_pika - database.py:215 - INFO - 第一次下载该漫画，记录数据库中
2026-09-07 00:57:28 - mkk_pika - main.py:83 - INFO - 找到 24 张图片在:第1集
2026-09-07 00:57:29 - mkk_pika - main.py:112 - INFO - [episode:第1集       ] downloaded:    24, total:  24, progress:100%
2026-09-07 00:57:29 - mkk_pika - database.py:238 - INFO - 数据库更新已下载章节
2026-09-07 00:57:29 - mkk_pika - database.py:244 - INFO - 该漫画已下载章节如下
2026-09-07 00:57:29 - mkk_pika - database.py:245 - INFO - ['第1集']
2026-09-07 00:57:30 - mkk_pika - main.py:348 - INFO - ==================== 漫画信息 ====================
                                   漫画ID：5c9a6833066c482f11293185
                                   标题：まなつの午後のスキトキメキトキス
                                   作者：AYUEST (あゆや)
                                   是否完结：否
                                   总页数：24
                                   分类：同人,短篇,艦隊收藏
                                   章节数：1
                                   最后更新时间：2019-03-26T17:58:11.189Z
                                   =================================================
2026-09-07 00:57:30 - mkk_pika - database.py:101 - INFO - 保存成功：まなつの午後のスキトキメキトキス
2026-09-07 00:57:30 - mkk_pika - main.py:35 - INFO - 开始检查AV出演、頑張ります! 男子の上でも超信地旋回しちゃった是否存在未下载章节
2026-09-07 00:57:30 - mkk_pika - main.py:45 - INFO - 正在下载:[AV出演、頑張ります! 男子の上でも超信地旋回しちゃった]-[秒殺狸団 (佐伯達也)]-[['同人', '短篇']]-[total_pages:20]
2026-09-07 00:57:30 - mkk_pika - main.py:49 - INFO - [{'_id': '5c9a685a8a7e682eec0263b5', 'title': '第1集', 'order': 1, 'updated_at': '2019-03-26T13:53:51.807Z', 'id': '5c9a685a8a7e682eec0263b5'}]
2026-09-07 00:57:30 - mkk_pika - database.py:215 - INFO - 第一次下载该漫画，记录数据库中
2026-09-07 00:57:31 - mkk_pika - main.py:83 - INFO - 找到 20 张图片在:第1集
2026-09-07 00:57:32 - mkk_pika - main.py:112 - INFO - [episode:第1集       ] downloaded:    20, total:  20, progress:100%
2026-09-07 00:57:32 - mkk_pika - database.py:238 - INFO - 数据库更新已下载章节
2026-09-07 00:57:32 - mkk_pika - database.py:244 - INFO - 该漫画已下载章节如下
2026-09-07 00:57:32 - mkk_pika - database.py:245 - INFO - ['第1集']
2026-09-07 00:57:33 - mkk_pika - main.py:348 - INFO - ==================== 漫画信息 ====================
                                   漫画ID：5c9a685a8a7e682eec0263b4
                                   标题：AV出演、頑張ります! 男子の上でも超信地旋回しちゃった
                                   作者：秒殺狸団 (佐伯達也)
                                   是否完结：否
                                   总页数：20
                                   分类：同人,短篇
                                   章节数：1
                                   最后更新时间：2019-03-26T17:58:50.808Z
                                   =================================================
2026-09-07 00:57:33 - mkk_pika - database.py:101 - INFO - 保存成功：AV出演、頑張ります! 男子の上でも超信地旋回しちゃった
2026-09-07 00:57:33 - mkk_pika - main.py:35 - INFO - 开始检查艦隊カーニバル-ドイツから来た観艦式- 是否存在未下载章节
2026-09-07 00:57:33 - mkk_pika - main.py:45 - INFO - 正在下载:[艦隊カーニバル-ドイツから来た観艦式- ]-[萌姫連合 (obiwan、xin)]-[['全彩', '同人', '短篇', '艦隊收藏', '後宮閃光']]-[total_pages:27]
2026-09-07 00:57:33 - mkk_pika - main.py:49 - INFO - [{'_id': '5c9a687c5bfece74a17c9519', 'title': '第1集', 'order': 1, 'updated_at': '2019-03-26T14:12:01.414Z', 'id': '5c9a687c5bfece74a17c9519'}]
2026-09-07 00:57:33 - mkk_pika - database.py:215 - INFO - 第一次下载该漫画，记录数据库中
2026-09-07 00:57:34 - mkk_pika - main.py:83 - INFO - 找到 27 张图片在:第1集
2026-09-07 00:57:35 - mkk_pika - main.py:112 - INFO - [episode:第1集       ] downloaded:    27, total:  27, progress:100%
2026-09-07 00:57:35 - mkk_pika - database.py:238 - INFO - 数据库更新已下载章节
2026-09-07 00:57:35 - mkk_pika - database.py:244 - INFO - 该漫画已下载章节如下
2026-09-07 00:57:35 - mkk_pika - database.py:245 - INFO - ['第1集']
2026-09-07 00:57:36 - mkk_pika - main.py:348 - INFO - ==================== 漫画信息 ====================
                                   漫画ID：5c9a687c5bfece74a17c9518
                                   标题：艦隊カーニバル-ドイツから来た観艦式- 
                                   作者：萌姫連合 (obiwan、xin)
                                   是否完结：否
                                   总页数：27
                                   分类：全彩,同人,短篇,艦隊收藏,後宮閃光
                                   章节数：1
                                   最后更新时间：2019-03-26T17:59:24.871Z
                                   =================================================
2026-09-07 00:57:36 - mkk_pika - database.py:101 - INFO - 保存成功：艦隊カーニバル-ドイツから来た観艦式- 
2026-09-07 00:57:36 - mkk_pika - main.py:35 - INFO - 开始检查「AV出演、頑張ります!?」次は援交です!! 是否存在未下载章节
2026-09-07 00:57:36 - mkk_pika - main.py:45 - INFO - 正在下载:[「AV出演、頑張ります!?」次は援交です!! ]-[秒殺狸団 (佐伯達也)]-[['同人', '短篇']]-[total_pages:19]
2026-09-07 00:57:36 - mkk_pika - main.py:49 - INFO - [{'_id': '5c9afcb0d3149e74970e6229', 'title': '第1集', 'order': 1, 'updated_at': '2019-03-26T13:19:06.828Z', 'id': '5c9afcb0d3149e74970e6229'}]
2026-09-07 00:57:36 - mkk_pika - database.py:215 - INFO - 第一次下载该漫画，记录数据库中
2026-09-07 00:57:37 - mkk_pika - main.py:83 - INFO - 找到 19 张图片在:第1集
2026-09-07 00:57:37 - mkk_pika - main.py:112 - INFO - [episode:第1集       ] downloaded:    19, total:  19, progress:100%
2026-09-07 00:57:37 - mkk_pika - database.py:238 - INFO - 数据库更新已下载章节
2026-09-07 00:57:37 - mkk_pika - database.py:244 - INFO - 该漫画已下载章节如下
2026-09-07 00:57:37 - mkk_pika - database.py:245 - INFO - ['第1集']
2026-09-07 00:57:39 - mkk_pika - main.py:348 - INFO - ==================== 漫画信息 ====================
                                   漫画ID：5c9afcb0d3149e74970e6228
                                   标题：「AV出演、頑張ります!?」次は援交です!! 
                                   作者：秒殺狸団 (佐伯達也)
                                   是否完结：否
                                   总页数：19
                                   分类：同人,短篇
                                   章节数：1
                                   最后更新时间：2019-03-27T04:31:44.470Z
                                   =================================================
2026-09-07 00:57:39 - mkk_pika - database.py:101 - INFO - 保存成功：「AV出演、頑張ります!?」次は援交です!! 
2026-09-07 00:57:39 - mkk_pika - main.py:35 - INFO - 开始检查プリンツちゃんと入渠しますか?是否存在未下载章节
2026-09-07 00:57:39 - mkk_pika - main.py:45 - INFO - 正在下载:[プリンツちゃんと入渠しますか?]-[星夢亭 (星遥ゆめ)]-[['全彩', '同人', '短篇', '艦隊收藏']]-[total_pages:21]
2026-09-07 00:57:39 - mkk_pika - main.py:49 - INFO - [{'_id': '5c9afd5cfce83f747154c43c', 'title': '第1集', 'order': 1, 'updated_at': '2019-03-26T14:20:06.641Z', 'id': '5c9afd5cfce83f747154c43c'}]
2026-09-07 00:57:39 - mkk_pika - database.py:215 - INFO - 第一次下载该漫画，记录数据库中
2026-09-07 00:57:40 - mkk_pika - main.py:83 - INFO - 找到 21 张图片在:第1集
2026-09-07 00:57:40 - mkk_pika - main.py:112 - INFO - [episode:第1集       ] downloaded:    21, total:  21, progress:100%
2026-09-07 00:57:40 - mkk_pika - database.py:238 - INFO - 数据库更新已下载章节
2026-09-07 00:57:40 - mkk_pika - database.py:244 - INFO - 该漫画已下载章节如下
2026-09-07 00:57:40 - mkk_pika - database.py:245 - INFO - ['第1集']
2026-09-07 00:57:42 - mkk_pika - main.py:348 - INFO - ==================== 漫画信息 ====================
                                   漫画ID：5c9afd5cfce83f747154c43b
                                   标题：プリンツちゃんと入渠しますか?
                                   作者：星夢亭 (星遥ゆめ)
                                   是否完结：否
                                   总页数：21
                                   分类：全彩,同人,短篇,艦隊收藏
                                   章节数：1
                                   最后更新时间：2019-03-27T04:34:36.014Z
                                   =================================================
2026-09-07 00:57:42 - mkk_pika - database.py:101 - INFO - 保存成功：プリンツちゃんと入渠しますか?
2026-09-07 00:57:42 - mkk_pika - main.py:35 - INFO - 开始检查撃沈娘Neo是否存在未下载章节
2026-09-07 00:57:42 - mkk_pika - main.py:45 - INFO - 正在下载:[撃沈娘Neo]-[浅野屋 (キッツ)]-[['同人', '短篇']]-[total_pages:23]
2026-09-07 00:57:42 - mkk_pika - main.py:49 - INFO - [{'_id': '5c9b03d8126fac3f54b1b083', 'title': '第1集', 'order': 1, 'updated_at': '2019-03-26T14:30:55.463Z', 'id': '5c9b03d8126fac3f54b1b083'}]
2026-09-07 00:57:42 - mkk_pika - database.py:215 - INFO - 第一次下载该漫画，记录数据库中
2026-09-07 00:57:42 - mkk_pika - main.py:83 - INFO - 找到 23 张图片在:第1集
2026-09-07 00:57:43 - mkk_pika - main.py:112 - INFO - [episode:第1集       ] downloaded:    23, total:  23, progress:100%
2026-09-07 00:57:43 - mkk_pika - database.py:238 - INFO - 数据库更新已下载章节
2026-09-07 00:57:43 - mkk_pika - database.py:244 - INFO - 该漫画已下载章节如下
2026-09-07 00:57:43 - mkk_pika - database.py:245 - INFO - ['第1集']
2026-09-07 00:57:44 - mkk_pika - main.py:348 - INFO - ==================== 漫画信息 ====================
                                   漫画ID：5c9b03d8126fac3f54b1b082
                                   标题：撃沈娘Neo
                                   作者：浅野屋 (キッツ)
                                   是否完结：否
                                   总页数：23
                                   分类：同人,短篇
                                   章节数：1
                                   最后更新时间：2019-03-27T05:02:16.207Z
                                   =================================================
2026-09-07 00:57:44 - mkk_pika - database.py:101 - INFO - 保存成功：撃沈娘Neo
2026-09-07 00:57:44 - mkk_pika - main.py:35 - INFO - 开始检查 弟のちんぽには逆らえない(雌イキネトラレ ) [中国翻訳] [DL版]是否存在未下载章节
2026-09-07 00:57:45 - mkk_pika - main.py:45 - INFO - 正在下载:[ 弟のちんぽには逆らえない(雌イキネトラレ ) [中国翻訳] [DL版]]-[神宮小川]-[['短篇', 'NTR']]-[total_pages:18]
2026-09-07 00:57:45 - mkk_pika - main.py:49 - INFO - [{'_id': '5c9b041ea181613f68a362d3', 'title': '第1集', 'order': 1, 'updated_at': '2019-03-26T14:34:15.274Z', 'id': '5c9b041ea181613f68a362d3'}]
2026-09-07 00:57:45 - mkk_pika - database.py:215 - INFO - 第一次下载该漫画，记录数据库中
2026-09-07 00:57:45 - mkk_pika - main.py:83 - INFO - 找到 18 张图片在:第1集
2026-09-07 00:57:46 - mkk_pika - main.py:112 - INFO - [episode:第1集       ] downloaded:    18, total:  18, progress:100%
2026-09-07 00:57:46 - mkk_pika - database.py:238 - INFO - 数据库更新已下载章节
2026-09-07 00:57:46 - mkk_pika - database.py:244 - INFO - 该漫画已下载章节如下
2026-09-07 00:57:46 - mkk_pika - database.py:245 - INFO - ['第1集']
2026-09-07 00:57:47 - mkk_pika - main.py:348 - INFO - ==================== 漫画信息 ====================
                                   漫画ID：5c9b041ea181613f68a362d2
                                   标题： 弟のちんぽには逆らえない(雌イキネトラレ ) [中国翻訳] [DL版]
                                   作者：神宮小川
                                   是否完结：是
                                   总页数：18
                                   分类：短篇,NTR
                                   章节数：1
                                   最后更新时间：2019-03-27T05:03:26.371Z
                                   =================================================
2026-09-07 00:57:47 - mkk_pika - database.py:101 - INFO - 保存成功： 弟のちんぽには逆らえない(雌イキネトラレ ) [中国翻訳] [DL版]
2026-09-07 00:57:47 - mkk_pika - main.py:35 - INFO - 开始检查演習後のプリンツとHしたい!是否存在未下载章节
2026-09-07 00:57:47 - mkk_pika - main.py:45 - INFO - 正在下载:[演習後のプリンツとHしたい!]-[CICADA (ヴァリオス)]-[['同人', '短篇', '艦隊收藏']]-[total_pages:19]
2026-09-07 00:57:47 - mkk_pika - main.py:49 - INFO - [{'_id': '5c9b0429fd5d9d246ceb2a0e', 'title': '第1集', 'order': 1, 'updated_at': '2019-03-26T14:40:28.876Z', 'id': '5c9b0429fd5d9d246ceb2a0e'}]
2026-09-07 00:57:47 - mkk_pika - database.py:215 - INFO - 第一次下载该漫画，记录数据库中
2026-09-07 00:57:48 - mkk_pika - main.py:83 - INFO - 找到 19 张图片在:第1集
2026-09-07 00:57:49 - mkk_pika - main.py:112 - INFO - [episode:第1集       ] downloaded:    19, total:  19, progress:100%
2026-09-07 00:57:49 - mkk_pika - database.py:238 - INFO - 数据库更新已下载章节
2026-09-07 00:57:49 - mkk_pika - database.py:244 - INFO - 该漫画已下载章节如下
2026-09-07 00:57:49 - mkk_pika - database.py:245 - INFO - ['第1集']
2026-09-07 00:57:50 - mkk_pika - main.py:348 - INFO - ==================== 漫画信息 ====================
                                   漫画ID：5c9b0429fd5d9d246ceb2a0d
                                   标题：演習後のプリンツとHしたい!
                                   作者：CICADA (ヴァリオス)
                                   是否完结：否
                                   总页数：19
                                   分类：同人,短篇,艦隊收藏
                                   章节数：1
                                   最后更新时间：2019-03-27T05:03:37.328Z
                                   =================================================
2026-09-07 00:57:50 - mkk_pika - database.py:101 - INFO - 保存成功：演習後のプリンツとHしたい!
2026-09-07 00:57:50 - mkk_pika - main.py:35 - INFO - 开始检查プリンツのご奉仕頑張りますっ!是否存在未下载章节
2026-09-07 00:57:50 - mkk_pika - main.py:45 - INFO - 正在下载:[プリンツのご奉仕頑張りますっ!]-[ショコラテ (一葉モカ)]-[['全彩', '同人', '短篇', '艦隊收藏']]-[total_pages:17]
2026-09-07 00:57:50 - mkk_pika - main.py:49 - INFO - [{'_id': '5c9b043d126fac3f54b1b09e', 'title': '第1集', 'order': 1, 'updated_at': '2019-03-26T14:51:21.412Z', 'id': '5c9b043d126fac3f54b1b09e'}]
2026-09-07 00:57:50 - mkk_pika - database.py:215 - INFO - 第一次下载该漫画，记录数据库中
2026-09-07 00:57:51 - mkk_pika - main.py:83 - INFO - 找到 17 张图片在:第1集
2026-09-07 00:57:51 - mkk_pika - main.py:112 - INFO - [episode:第1集       ] downloaded:    17, total:  17, progress:100%
2026-09-07 00:57:51 - mkk_pika - database.py:238 - INFO - 数据库更新已下载章节
2026-09-07 00:57:51 - mkk_pika - database.py:244 - INFO - 该漫画已下载章节如下
2026-09-07 00:57:51 - mkk_pika - database.py:245 - INFO - ['第1集']
2026-09-07 00:57:53 - mkk_pika - main.py:348 - INFO - ==================== 漫画信息 ====================
                                   漫画ID：5c9b043d126fac3f54b1b09d
                                   标题：プリンツのご奉仕頑張りますっ!
                                   作者：ショコラテ (一葉モカ)
                                   是否完结：否
                                   总页数：17
                                   分类：全彩,同人,短篇,艦隊收藏
                                   章节数：1
                                   最后更新时间：2019-03-27T05:03:57.810Z
                                   =================================================
2026-09-07 00:57:53 - mkk_pika - database.py:101 - INFO - 保存成功：プリンツのご奉仕頑張りますっ!
2026-09-07 00:57:53 - mkk_pika - main.py:35 - INFO - 开始检查(例大祭15) ハンドル付きスキマホール ふたなりち●こで自分とH (東方Project) [中国翻訳]是否存在未下载章节
2026-09-07 00:57:53 - mkk_pika - main.py:45 - INFO - 正在下载:[(例大祭15) ハンドル付きスキマホール ふたなりち●こで自分とH (東方Project) [中国翻訳]]-[にゅう工房 (にゅう)]-[['短篇', '同人', '東方', '扶他樂園']]-[total_pages:27]
2026-09-07 00:57:53 - mkk_pika - main.py:49 - INFO - [{'_id': '5c9b0453954320470bfaa7ff', 'title': '第1集', 'order': 1, 'updated_at': '2019-03-26T15:51:41.486Z', 'id': '5c9b0453954320470bfaa7ff'}]
2026-09-07 00:57:53 - mkk_pika - database.py:215 - INFO - 第一次下载该漫画，记录数据库中
2026-09-07 00:57:54 - mkk_pika - main.py:83 - INFO - 找到 27 张图片在:第1集
2026-09-07 00:57:54 - mkk_pika - main.py:112 - INFO - [episode:第1集       ] downloaded:    27, total:  27, progress:100%
2026-09-07 00:57:54 - mkk_pika - database.py:238 - INFO - 数据库更新已下载章节
2026-09-07 00:57:54 - mkk_pika - database.py:244 - INFO - 该漫画已下载章节如下
2026-09-07 00:57:54 - mkk_pika - database.py:245 - INFO - ['第1集']
2026-09-07 00:57:56 - mkk_pika - main.py:348 - INFO - ==================== 漫画信息 ====================
                                   漫画ID：5c9b0453954320470bfaa7fe
                                   标题：(例大祭15) ハンドル付きスキマホール ふたなりち●こで自分とH (東方Project) [中国翻訳]
                                   作者：にゅう工房 (にゅう)
                                   是否完结：是
                                   总页数：27
                                   分类：短篇,同人,東方,扶他樂園
                                   章节数：1
                                   最后更新时间：2019-03-27T05:04:19.186Z
                                   =================================================
2026-09-07 00:57:56 - mkk_pika - database.py:101 - INFO - 保存成功：(例大祭15) ハンドル付きスキマホール ふたなりち●こで自分とH (東方Project) [中国翻訳]
2026-09-07 00:57:56 - mkk_pika - main.py:35 - INFO - 开始检查Bestrafung (BanG Dream!)是否存在未下载章节
2026-09-07 00:57:56 - mkk_pika - main.py:45 - INFO - 正在下载:[Bestrafung (BanG Dream!)]-[ける都 (晴太)]-[['短篇', '同人', '扶他樂園']]-[total_pages:29]
2026-09-07 00:57:56 - mkk_pika - main.py:49 - INFO - [{'_id': '5c9b0462954320470bfaa81c', 'title': '第1集', 'order': 1, 'updated_at': '2019-03-26T16:09:47.501Z', 'id': '5c9b0462954320470bfaa81c'}]
2026-09-07 00:57:56 - mkk_pika - database.py:215 - INFO - 第一次下载该漫画，记录数据库中
2026-09-07 00:57:57 - mkk_pika - main.py:83 - INFO - 找到 29 张图片在:第1集
2026-09-07 00:57:57 - mkk_pika - main.py:112 - INFO - [episode:第1集       ] downloaded:    29, total:  29, progress:100%
2026-09-07 00:57:57 - mkk_pika - database.py:238 - INFO - 数据库更新已下载章节
2026-09-07 00:57:57 - mkk_pika - database.py:244 - INFO - 该漫画已下载章节如下
2026-09-07 00:57:57 - mkk_pika - database.py:245 - INFO - ['第1集']
2026-09-07 00:57:59 - mkk_pika - main.py:348 - INFO - ==================== 漫画信息 ====================
                                   漫画ID：5c9b0462954320470bfaa81b
                                   标题：Bestrafung (BanG Dream!)
                                   作者：ける都 (晴太)
                                   是否完结：是
                                   总页数：29
                                   分类：短篇,同人,扶他樂園
                                   章节数：1
                                   最后更新时间：2019-03-27T05:04:34.773Z
                                   =================================================
2026-09-07 00:57:59 - mkk_pika - database.py:101 - INFO - 保存成功：Bestrafung (BanG Dream!)
2026-09-07 00:57:59 - mkk_pika - main.py:35 - INFO - 开始检查おっぱいと芸術と (COMIC快楽天 2018年11月号)無修正]是否存在未下载章节
2026-09-07 00:57:59 - mkk_pika - main.py:45 - INFO - 正在下载:[おっぱいと芸術と (COMIC快楽天 2018年11月号)無修正]]-[きづかかずき]-[['短篇', '純愛']]-[total_pages:22]
2026-09-07 00:57:59 - mkk_pika - main.py:49 - INFO - [{'_id': '5c9b09ce471d9246e1a48adc', 'title': '第1集', 'order': 1, 'updated_at': '2019-03-27T01:05:53.687Z', 'id': '5c9b09ce471d9246e1a48adc'}]
2026-09-07 00:57:59 - mkk_pika - database.py:215 - INFO - 第一次下载该漫画，记录数据库中
2026-09-07 00:57:59 - mkk_pika - main.py:83 - INFO - 找到 22 张图片在:第1集
2026-09-07 00:58:01 - mkk_pika - main.py:112 - INFO - [episode:第1集       ] downloaded:    22, total:  22, progress:100%
2026-09-07 00:58:01 - mkk_pika - database.py:238 - INFO - 数据库更新已下载章节
2026-09-07 00:58:01 - mkk_pika - database.py:244 - INFO - 该漫画已下载章节如下
2026-09-07 00:58:01 - mkk_pika - database.py:245 - INFO - ['第1集']
2026-09-07 00:58:02 - mkk_pika - main.py:348 - INFO - ==================== 漫画信息 ====================
                                   漫画ID：5c9b09ce471d9246e1a48adb
                                   标题：おっぱいと芸術と (COMIC快楽天 2018年11月号)無修正]
                                   作者：きづかかずき
                                   是否完结：否
                                   总页数：22
                                   分类：短篇,純愛
                                   章节数：1
                                   最后更新时间：2019-03-27T05:27:42.033Z
                                   =================================================
2026-09-07 00:58:02 - mkk_pika - database.py:101 - INFO - 保存成功：おっぱいと芸術と (COMIC快楽天 2018年11月号)無修正]
2026-09-07 00:58:02 - mkk_pika - main.py:35 - INFO - 开始检查頁〈ページ〉の中で抱かれる彼女是否存在未下载章节
2026-09-07 00:58:02 - mkk_pika - main.py:45 - INFO - 正在下载:[頁〈ページ〉の中で抱かれる彼女]-[うつつつつ。 (うつつ＊みのる)]-[['短篇', 'NTR']]-[total_pages:42]
2026-09-07 00:58:02 - mkk_pika - main.py:49 - INFO - [{'_id': '5c9b09d4fd5d9d246ceb2a31', 'title': '第1集', 'order': 1, 'updated_at': '2019-03-27T01:30:11.052Z', 'id': '5c9b09d4fd5d9d246ceb2a31'}]
2026-09-07 00:58:02 - mkk_pika - database.py:215 - INFO - 第一次下载该漫画，记录数据库中
2026-09-07 00:58:03 - mkk_pika - main.py:83 - INFO - 找到 42 张图片在:第1集
2026-09-07 00:58:04 - mkk_pika - main.py:112 - INFO - [episode:第1集       ] downloaded:    42, total:  42, progress:100%
2026-09-07 00:58:04 - mkk_pika - database.py:238 - INFO - 数据库更新已下载章节
2026-09-07 00:58:04 - mkk_pika - database.py:244 - INFO - 该漫画已下载章节如下
2026-09-07 00:58:04 - mkk_pika - database.py:245 - INFO - ['第1集']
2026-09-07 00:58:06 - mkk_pika - main.py:348 - INFO - ==================== 漫画信息 ====================
                                   漫画ID：5c9b09d4fd5d9d246ceb2a30
                                   标题：頁〈ページ〉の中で抱かれる彼女
                                   作者：うつつつつ。 (うつつ＊みのる)
                                   是否完结：是
                                   总页数：42
                                   分类：短篇,NTR
                                   章节数：1
                                   最后更新时间：2019-03-27T05:27:48.340Z
                                   =================================================
2026-09-07 00:58:06 - mkk_pika - database.py:101 - INFO - 保存成功：頁〈ページ〉の中で抱かれる彼女
2026-09-07 00:58:06 - mkk_pika - main.py:35 - INFO - 开始检查Just a Furry Wanna be Friend | 毛毛只是想交朋友是否存在未下载章节
2026-09-07 00:58:06 - mkk_pika - main.py:45 - INFO - 正在下载:[Just a Furry Wanna be Friend | 毛毛只是想交朋友]-[Theterm]-[['長篇']]-[total_pages:63]
2026-09-07 00:58:06 - mkk_pika - main.py:49 - INFO - [{'_id': '5c9b13e6954320470bfaa8b0', 'title': '第1到12集', 'order': 1, 'updated_at': '2019-03-27T06:21:45.833Z', 'id': '5c9b13e6954320470bfaa8b0'}]
2026-09-07 00:58:06 - mkk_pika - database.py:215 - INFO - 第一次下载该漫画，记录数据库中
2026-09-07 00:58:07 - mkk_pika - main.py:83 - INFO - 找到 63 张图片在:第1到12集
2026-09-07 00:58:08 - mkk_pika - main.py:112 - INFO - [episode:第1到12集    ] downloaded:    63, total:  63, progress:100%
2026-09-07 00:58:08 - mkk_pika - database.py:238 - INFO - 数据库更新已下载章节
2026-09-07 00:58:08 - mkk_pika - database.py:244 - INFO - 该漫画已下载章节如下
2026-09-07 00:58:08 - mkk_pika - database.py:245 - INFO - ['第1到12集']
2026-09-07 00:58:10 - mkk_pika - main.py:348 - INFO - ==================== 漫画信息 ====================
                                   漫画ID：5c9b13e6954320470bfaa8af
                                   标题：Just a Furry Wanna be Friend | 毛毛只是想交朋友
                                   作者：Theterm
                                   是否完结：否
                                   总页数：63
                                   分类：長篇
                                   章节数：1
                                   最后更新时间：2019-03-27T06:10:46.874Z
                                   =================================================
2026-09-07 00:58:10 - mkk_pika - database.py:101 - INFO - 保存成功：Just a Furry Wanna be Friend | 毛毛只是想交朋友
2026-09-07 00:58:10 - mkk_pika - main.py:35 - INFO - 开始检查あたいとげんそーきょー | 老娘與幻想鄉是否存在未下载章节
2026-09-07 00:58:10 - mkk_pika - main.py:45 - INFO - 正在下载:[あたいとげんそーきょー | 老娘與幻想鄉]-[もや造]-[['全彩', '同人', '東方']]-[total_pages:31]
2026-09-07 00:58:10 - mkk_pika - main.py:49 - INFO - [{'_id': '5c9b13f5a550ec2474e76f15', 'title': '全1集', 'order': 1, 'updated_at': '2019-03-27T05:31:23.271Z', 'id': '5c9b13f5a550ec2474e76f15'}]
2026-09-07 00:58:10 - mkk_pika - database.py:215 - INFO - 第一次下载该漫画，记录数据库中
2026-09-07 00:58:11 - mkk_pika - main.py:83 - INFO - 找到 31 张图片在:全1集
2026-09-07 00:58:12 - mkk_pika - main.py:112 - INFO - [episode:全1集       ] downloaded:    31, total:  31, progress:100%
2026-09-07 00:58:12 - mkk_pika - database.py:238 - INFO - 数据库更新已下载章节
2026-09-07 00:58:12 - mkk_pika - database.py:244 - INFO - 该漫画已下载章节如下
2026-09-07 00:58:12 - mkk_pika - database.py:245 - INFO - ['全1集']
2026-09-07 00:58:13 - mkk_pika - main.py:348 - INFO - ==================== 漫画信息 ====================
                                   漫画ID：5c9b13f5a550ec2474e76f14
                                   标题：あたいとげんそーきょー | 老娘與幻想鄉
                                   作者：もや造
                                   是否完结：是
                                   总页数：31
                                   分类：全彩,同人,東方
                                   章节数：1
                                   最后更新时间：2019-03-27T06:11:01.515Z
                                   =================================================
2026-09-07 00:58:13 - mkk_pika - database.py:101 - INFO - 保存成功：あたいとげんそーきょー | 老娘與幻想鄉
2026-09-07 00:58:13 - mkk_pika - main.py:380 - INFO - 本次任务下载完毕
2026-09-07 00:58:13 - mkk_pika - database.py:173 - INFO - 数据库连接已关闭
