2026-08-27 04:29:05 - mkk_pika - main.py:193 - INFO - =======================================================================
2026-08-27 04:29:05 - mkk_pika - database.py:61 - INFO - 表和索引初始化成功
2026-08-27 04:29:05 - mkk_pika - main.py:197 - INFO - 已经累计下载19436本漫画
2026-08-27 04:29:05 - mkk_pika - api.py:87 - INFO - 登录成功
2026-08-27 04:29:05 - mkk_pika - main.py:203 - INFO - 收藏夹共计0本漫画
2026-08-27 04:29:05 - mkk_pika - main.py:206 - INFO - 开始下载收藏夹内未下载内容
2026-08-27 04:29:05 - mkk_pika - main.py:266 - INFO - 收藏夹内容下载完毕
2026-08-27 04:29:05 - mkk_pika - main.py:268 - INFO - 开始下载订阅内容
2026-08-27 04:29:05 - mkk_pika - database.py:258 - INFO - 根据ID查询到标题：萝莉 -> Little Giant! ─〇リ巨乳・低身長巨乳合同 | Little Giant! ─萝莉巨乳・低身高巨乳合同
2026-08-27 04:29:06 - mkk_pika - database.py:101 - INFO - 保存成功：椿ちゃんとコスプレHする本 | 和椿酱的换装色色本
2026-08-27 04:29:06 - mkk_pika - main.py:273 - INFO - 关键词萝莉找到1本漫画
2026-08-27 04:29:06 - mkk_pika - database.py:258 - INFO - 根据ID查询到标题：蘿莉 -> シロンと過ごす夏休み1.5(描き下ろし)
2026-08-27 04:29:07 - mkk_pika - database.py:101 - INFO - 保存成功：[Pixiv] Nyako (87118066) part.8（AI）
2026-08-27 04:29:07 - mkk_pika - main.py:273 - INFO - 关键词蘿莉找到11本漫画
2026-08-27 04:29:07 - mkk_pika - main.py:275 - INFO - 订阅内容共计12本漫画
2026-08-27 04:29:07 - mkk_pika - main.py:35 - INFO - 开始检查椿ちゃんとコスプレHする本 | 和椿酱的换装色色本是否存在未下载章节
2026-08-27 04:29:07 - mkk_pika - database.py:203 - INFO - 查询数据库中是否已存在第1話
2026-08-27 04:29:07 - mkk_pika - main.py:51 - INFO - 椿ちゃんとコスプレHする本 | 和椿酱的换装色色本中没有可下载章节
2026-08-27 04:29:07 - mkk_pika - main.py:292 - INFO - ==================== 漫画信息 ====================
                                漫画ID：6a89bc992729844985b1b04c
                                标题：椿ちゃんとコスプレHする本 | 和椿酱的换装色色本
                                作者：吉沢生活 (狐ノ沢)
                                是否完结：是
                                总页数：21
                                分类：短篇,全彩
                                章节数：1
                                最后更新时间：2026-08-22T15:13:29.615Z
                                =================================================
2026-08-27 04:29:07 - mkk_pika - database.py:101 - INFO - 保存成功：椿ちゃんとコスプレHする本 | 和椿酱的换装色色本
2026-08-27 04:29:07 - mkk_pika - main.py:35 - INFO - 开始检查粉幼檔案 (ブルーアーカイブ)是否存在未下载章节
2026-08-27 04:29:08 - mkk_pika - main.py:45 - INFO - 正在下载:[粉幼檔案 (ブルーアーカイブ)]-[骨頭蹦 (骨頭)]-[['全彩', '同人']]-[total_pages:-1]
2026-08-27 04:29:08 - mkk_pika - main.py:49 - INFO - [{'_id': '68ab0c604cace5086f16e3ef', 'title': '第1話', 'order': 1, 'updated_at': '2025-08-23T11:59:13.702Z', 'id': '68ab0c604cace5086f16e3ef'}, {'_id': '6a8f0fb5ed26af7eff10e496', 'title': '第2話', 'order': 2, 'updated_at': '2026-08-26T07:01:55.720Z', 'id': '6a8f0fb5ed26af7eff10e496'}, {'_id': '6a8f0fb5ed26af7eff10e497', 'title': '第3話', 'order': 3, 'updated_at': '2026-08-26T07:02:25.493Z', 'id': '6a8f0fb5ed26af7eff10e497'}, {'_id': '6a8f0fb5ed26af7eff10e498', 'title': '第4話', 'order': 4, 'updated_at': '2026-08-26T07:02:56.704Z', 'id': '6a8f0fb5ed26af7eff10e498'}]
2026-08-27 04:29:08 - mkk_pika - database.py:215 - INFO - 第一次下载该漫画，记录数据库中
2026-08-27 04:29:08 - mkk_pika - main.py:83 - INFO - 找到 10 张图片在:第1話
2026-08-27 04:29:09 - mkk_pika - main.py:112 - INFO - [episode:第1話       ] downloaded:    10, total:  10, progress:100%
2026-08-27 04:29:09 - mkk_pika - database.py:238 - INFO - 数据库更新已下载章节
2026-08-27 04:29:09 - mkk_pika - database.py:244 - INFO - 该漫画已下载章节如下
2026-08-27 04:29:09 - mkk_pika - database.py:245 - INFO - ['第1話']
2026-08-27 04:29:10 - mkk_pika - main.py:83 - INFO - 找到 18 张图片在:第2話
2026-08-27 04:29:11 - mkk_pika - main.py:112 - INFO - [episode:第2話       ] downloaded:    18, total:  18, progress:100%
2026-08-27 04:29:11 - mkk_pika - database.py:238 - INFO - 数据库更新已下载章节
2026-08-27 04:29:11 - mkk_pika - database.py:244 - INFO - 该漫画已下载章节如下
2026-08-27 04:29:11 - mkk_pika - database.py:245 - INFO - ['第1話', '第2話']
2026-08-27 04:29:12 - mkk_pika - main.py:83 - INFO - 找到 18 张图片在:第3話
2026-08-27 04:29:13 - mkk_pika - main.py:112 - INFO - [episode:第3話       ] downloaded:    18, total:  18, progress:100%
2026-08-27 04:29:13 - mkk_pika - database.py:238 - INFO - 数据库更新已下载章节
2026-08-27 04:29:13 - mkk_pika - database.py:244 - INFO - 该漫画已下载章节如下
2026-08-27 04:29:13 - mkk_pika - database.py:245 - INFO - ['第1話', '第2話', '第3話']
2026-08-27 04:29:15 - mkk_pika - main.py:83 - INFO - 找到 18 张图片在:第4話
2026-08-27 04:29:15 - mkk_pika - main.py:112 - INFO - [episode:第4話       ] downloaded:    18, total:  18, progress:100%
2026-08-27 04:29:15 - mkk_pika - database.py:238 - INFO - 数据库更新已下载章节
2026-08-27 04:29:15 - mkk_pika - database.py:244 - INFO - 该漫画已下载章节如下
2026-08-27 04:29:15 - mkk_pika - database.py:245 - INFO - ['第1話', '第2話', '第3話', '第4話']
2026-08-27 04:29:16 - mkk_pika - main.py:292 - INFO - ==================== 漫画信息 ====================
                                漫画ID：68ab0c604cace5086f16e3ee
                                标题：粉幼檔案 (ブルーアーカイブ)
                                作者：骨頭蹦 (骨頭)
                                是否完结：是
                                总页数：64
                                分类：全彩,同人
                                章节数：4
                                最后更新时间：2026-08-26T16:09:25.468Z
                                =================================================
2026-08-27 04:29:16 - mkk_pika - database.py:101 - INFO - 保存成功：粉幼檔案 (ブルーアーカイブ)
2026-08-27 04:29:16 - mkk_pika - main.py:35 - INFO - 开始检查不管是彩奈還是星奈 只要肯出彩的奈就是好NICE (ブルーアーカイブ)是否存在未下载章节
2026-08-27 04:29:17 - mkk_pika - main.py:45 - INFO - 正在下载:[不管是彩奈還是星奈 只要肯出彩的奈就是好NICE (ブルーアーカイブ)]-[四季注意 (四季)]-[['短篇', '同人']]-[total_pages:-1]
2026-08-27 04:29:17 - mkk_pika - main.py:49 - INFO - [{'_id': '6a8f0f6cdd850a013d7e6930', 'title': '第1話', 'order': 1, 'updated_at': '2026-08-26T06:35:43.146Z', 'id': '6a8f0f6cdd850a013d7e6930'}]
2026-08-27 04:29:17 - mkk_pika - database.py:215 - INFO - 第一次下载该漫画，记录数据库中
2026-08-27 04:29:17 - mkk_pika - main.py:83 - INFO - 找到 26 张图片在:第1話
2026-08-27 04:29:18 - mkk_pika - main.py:112 - INFO - [episode:第1話       ] downloaded:    26, total:  26, progress:100%
2026-08-27 04:29:18 - mkk_pika - database.py:238 - INFO - 数据库更新已下载章节
2026-08-27 04:29:18 - mkk_pika - database.py:244 - INFO - 该漫画已下载章节如下
2026-08-27 04:29:18 - mkk_pika - database.py:245 - INFO - ['第1話']
2026-08-27 04:29:19 - mkk_pika - main.py:292 - INFO - ==================== 漫画信息 ====================
                                漫画ID：6a8f0f6cdd850a013d7e692f
                                标题：不管是彩奈還是星奈 只要肯出彩的奈就是好NICE (ブルーアーカイブ)
                                作者：四季注意 (四季)
                                是否完结：是
                                总页数：26
                                分类：短篇,同人
                                章节数：1
                                最后更新时间：2026-08-26T16:08:12.862Z
                                =================================================
2026-08-27 04:29:19 - mkk_pika - database.py:101 - INFO - 保存成功：不管是彩奈還是星奈 只要肯出彩的奈就是好NICE (ブルーアーカイブ)
2026-08-27 04:29:19 - mkk_pika - main.py:35 - INFO - 开始检查當洛西化身野獸 (アークナイツ: エンドフィールド)是否存在未下载章节
2026-08-27 04:29:20 - mkk_pika - main.py:45 - INFO - 正在下载:[當洛西化身野獸 (アークナイツ: エンドフィールド)]-[邪惡明太子 (邪惡明太子)]-[['同人', '短篇']]-[total_pages:-1]
2026-08-27 04:29:20 - mkk_pika - main.py:49 - INFO - [{'_id': '6a8f0f662d3f0d7fff9e1fec', 'title': '第1話', 'order': 1, 'updated_at': '2026-08-26T06:26:32.273Z', 'id': '6a8f0f662d3f0d7fff9e1fec'}]
2026-08-27 04:29:20 - mkk_pika - database.py:215 - INFO - 第一次下载该漫画，记录数据库中
2026-08-27 04:29:20 - mkk_pika - main.py:83 - INFO - 找到 26 张图片在:第1話
2026-08-27 04:29:21 - mkk_pika - main.py:112 - INFO - [episode:第1話       ] downloaded:    26, total:  26, progress:100%
2026-08-27 04:29:21 - mkk_pika - database.py:238 - INFO - 数据库更新已下载章节
2026-08-27 04:29:21 - mkk_pika - database.py:244 - INFO - 该漫画已下载章节如下
2026-08-27 04:29:21 - mkk_pika - database.py:245 - INFO - ['第1話']
2026-08-27 04:29:22 - mkk_pika - main.py:292 - INFO - ==================== 漫画信息 ====================
                                漫画ID：6a8f0f662d3f0d7fff9e1feb
                                标题：當洛西化身野獸 (アークナイツ: エンドフィールド)
                                作者：邪惡明太子 (邪惡明太子)
                                是否完结：是
                                总页数：26
                                分类：同人,短篇
                                章节数：1
                                最后更新时间：2026-08-26T16:08:06.380Z
                                =================================================
2026-08-27 04:29:22 - mkk_pika - database.py:101 - INFO - 保存成功：當洛西化身野獸 (アークナイツ: エンドフィールド)
2026-08-27 04:29:22 - mkk_pika - main.py:35 - INFO - 开始检查小鈴蘭的特別體檢 (アークナイツ)是否存在未下载章节
2026-08-27 04:29:23 - mkk_pika - main.py:45 - INFO - 正在下载:[小鈴蘭的特別體檢 (アークナイツ)]-[邪惡明太子 (邪惡明太子)]-[['同人', '短篇']]-[total_pages:-1]
2026-08-27 04:29:23 - mkk_pika - main.py:49 - INFO - [{'_id': '6a8f0f5ded26af7eff10e2e3', 'title': '第1話', 'order': 1, 'updated_at': '2026-08-26T06:03:22.019Z', 'id': '6a8f0f5ded26af7eff10e2e3'}]
2026-08-27 04:29:23 - mkk_pika - database.py:215 - INFO - 第一次下载该漫画，记录数据库中
2026-08-27 04:29:23 - mkk_pika - main.py:83 - INFO - 找到 25 张图片在:第1話
2026-08-27 04:29:24 - mkk_pika - main.py:112 - INFO - [episode:第1話       ] downloaded:    25, total:  25, progress:100%
2026-08-27 04:29:24 - mkk_pika - database.py:238 - INFO - 数据库更新已下载章节
2026-08-27 04:29:24 - mkk_pika - database.py:244 - INFO - 该漫画已下载章节如下
2026-08-27 04:29:24 - mkk_pika - database.py:245 - INFO - ['第1話']
2026-08-27 04:29:25 - mkk_pika - main.py:292 - INFO - ==================== 漫画信息 ====================
                                漫画ID：6a8f0f5ded26af7eff10e2e2
                                标题：小鈴蘭的特別體檢 (アークナイツ)
                                作者：邪惡明太子 (邪惡明太子)
                                是否完结：是
                                总页数：25
                                分类：同人,短篇
                                章节数：1
                                最后更新时间：2026-08-26T16:07:57.429Z
                                =================================================
2026-08-27 04:29:25 - mkk_pika - database.py:101 - INFO - 保存成功：小鈴蘭的特別體檢 (アークナイツ)
2026-08-27 04:29:25 - mkk_pika - main.py:35 - INFO - 开始检查性に目ざめた佐城雪美 (アイドルマスター シンデレラガールズ)是否存在未下载章节
2026-08-27 04:29:25 - mkk_pika - main.py:45 - INFO - 正在下载:[性に目ざめた佐城雪美 (アイドルマスター シンデレラガールズ)]-[waterwheel (白田太)]-[['同人', '短篇']]-[total_pages:-1]
2026-08-27 04:29:25 - mkk_pika - main.py:49 - INFO - [{'_id': '6a8f0f4e8b1cb77f0f8b919e', 'title': '第1話', 'order': 1, 'updated_at': '2026-08-26T05:39:52.147Z', 'id': '6a8f0f4e8b1cb77f0f8b919e'}]
2026-08-27 04:29:25 - mkk_pika - database.py:215 - INFO - 第一次下载该漫画，记录数据库中
2026-08-27 04:29:26 - mkk_pika - main.py:83 - INFO - 找到 29 张图片在:第1話
2026-08-27 04:29:27 - mkk_pika - main.py:112 - INFO - [episode:第1話       ] downloaded:    29, total:  29, progress:100%
2026-08-27 04:29:27 - mkk_pika - database.py:238 - INFO - 数据库更新已下载章节
2026-08-27 04:29:27 - mkk_pika - database.py:244 - INFO - 该漫画已下载章节如下
2026-08-27 04:29:27 - mkk_pika - database.py:245 - INFO - ['第1話']
2026-08-27 04:29:28 - mkk_pika - main.py:292 - INFO - ==================== 漫画信息 ====================
                                漫画ID：6a8f0f4e8b1cb77f0f8b919d
                                标题：性に目ざめた佐城雪美 (アイドルマスター シンデレラガールズ)
                                作者：waterwheel (白田太)
                                是否完结：是
                                总页数：29
                                分类：同人,短篇
                                章节数：1
                                最后更新时间：2026-08-26T16:07:42.050Z
                                =================================================
2026-08-27 04:29:28 - mkk_pika - database.py:101 - INFO - 保存成功：性に目ざめた佐城雪美 (アイドルマスター シンデレラガールズ)
2026-08-27 04:29:28 - mkk_pika - main.py:35 - INFO - 开始检查好色の忠義くノ一ぼたん肆 | 好色的忠义女忍牡丹 肆是否存在未下载章节
2026-08-27 04:29:28 - mkk_pika - main.py:45 - INFO - 正在下载:[好色の忠義くノ一ぼたん肆 | 好色的忠义女忍牡丹 肆]-[夕鍋進行中 (田辺京)]-[['短篇']]-[total_pages:-1]
2026-08-27 04:29:28 - mkk_pika - main.py:49 - INFO - [{'_id': '6a8f0f872d3f0d7fff9e200b', 'title': '第1話', 'order': 1, 'updated_at': '2026-08-25T17:56:32.808Z', 'id': '6a8f0f872d3f0d7fff9e200b'}]
2026-08-27 04:29:28 - mkk_pika - database.py:215 - INFO - 第一次下载该漫画，记录数据库中
2026-08-27 04:29:29 - mkk_pika - main.py:83 - INFO - 找到 47 张图片在:第1話
2026-08-27 04:29:31 - mkk_pika - main.py:112 - INFO - [episode:第1話       ] downloaded:    47, total:  47, progress:100%
2026-08-27 04:29:31 - mkk_pika - database.py:238 - INFO - 数据库更新已下载章节
2026-08-27 04:29:31 - mkk_pika - database.py:244 - INFO - 该漫画已下载章节如下
2026-08-27 04:29:31 - mkk_pika - database.py:245 - INFO - ['第1話']
2026-08-27 04:29:32 - mkk_pika - main.py:292 - INFO - ==================== 漫画信息 ====================
                                漫画ID：6a8f0f872d3f0d7fff9e200a
                                标题：好色の忠義くノ一ぼたん肆 | 好色的忠义女忍牡丹 肆
                                作者：夕鍋進行中 (田辺京)
                                是否完结：是
                                总页数：47
                                分类：短篇
                                章节数：1
                                最后更新时间：2026-08-26T16:08:39.889Z
                                =================================================
2026-08-27 04:29:32 - mkk_pika - database.py:101 - INFO - 保存成功：好色の忠義くノ一ぼたん肆 | 好色的忠义女忍牡丹 肆
2026-08-27 04:29:32 - mkk_pika - main.py:35 - INFO - 开始检查先生♥一緒に風呂入ろう (ブルーアーカイブ)是否存在未下载章节
2026-08-27 04:29:32 - mkk_pika - main.py:45 - INFO - 正在下载:[先生♥一緒に風呂入ろう (ブルーアーカイブ)]-[ミルクセーキ工房 (ミルクセーキ)]-[['全彩', '同人', '短篇']]-[total_pages:-1]
2026-08-27 04:29:32 - mkk_pika - main.py:49 - INFO - [{'_id': '6a8f0f34dd850a013d7e67e9', 'title': '第1話', 'order': 1, 'updated_at': '2026-08-26T05:00:01.062Z', 'id': '6a8f0f34dd850a013d7e67e9'}]
2026-08-27 04:29:32 - mkk_pika - database.py:215 - INFO - 第一次下载该漫画，记录数据库中
2026-08-27 04:29:33 - mkk_pika - main.py:83 - INFO - 找到 37 张图片在:第1話
2026-08-27 04:29:34 - mkk_pika - main.py:112 - INFO - [episode:第1話       ] downloaded:    37, total:  37, progress:100%
2026-08-27 04:29:34 - mkk_pika - database.py:238 - INFO - 数据库更新已下载章节
2026-08-27 04:29:34 - mkk_pika - database.py:244 - INFO - 该漫画已下载章节如下
2026-08-27 04:29:34 - mkk_pika - database.py:245 - INFO - ['第1話']
2026-08-27 04:29:35 - mkk_pika - main.py:292 - INFO - ==================== 漫画信息 ====================
                                漫画ID：6a8f0f34dd850a013d7e67e8
                                标题：先生♥一緒に風呂入ろう (ブルーアーカイブ)
                                作者：ミルクセーキ工房 (ミルクセーキ)
                                是否完结：是
                                总页数：37
                                分类：全彩,同人,短篇
                                章节数：1
                                最后更新时间：2026-08-26T16:07:16.074Z
                                =================================================
2026-08-27 04:29:35 - mkk_pika - database.py:101 - INFO - 保存成功：先生♥一緒に風呂入ろう (ブルーアーカイブ)
2026-08-27 04:29:35 - mkk_pika - main.py:35 - INFO - 开始检查蹂躙職場体験～アナルマゾ豚に堕ちた幼馴染～後編 [中国翻译]是否存在未下载章节
2026-08-27 04:29:35 - mkk_pika - main.py:45 - INFO - 正在下载:[蹂躙職場体験～アナルマゾ豚に堕ちた幼馴染～後編 [中国翻译]]-[Dr.卑猥性器まらまら]-[['短篇', 'SM']]-[total_pages:-1]
2026-08-27 04:29:35 - mkk_pika - main.py:49 - INFO - [{'_id': '6a8f0f308b1cb77f0f8b912c', 'title': '第2話後編', 'order': 1, 'updated_at': '2026-08-25T21:15:51.553Z', 'id': '6a8f0f308b1cb77f0f8b912c'}]
2026-08-27 04:29:35 - mkk_pika - database.py:215 - INFO - 第一次下载该漫画，记录数据库中
2026-08-27 04:29:36 - mkk_pika - main.py:83 - INFO - 找到 31 张图片在:第2話後編
2026-08-27 04:29:37 - mkk_pika - main.py:112 - INFO - [episode:第2話後編     ] downloaded:    31, total:  31, progress:100%
2026-08-27 04:29:37 - mkk_pika - database.py:238 - INFO - 数据库更新已下载章节
2026-08-27 04:29:37 - mkk_pika - database.py:244 - INFO - 该漫画已下载章节如下
2026-08-27 04:29:37 - mkk_pika - database.py:245 - INFO - ['第2話後編']
2026-08-27 04:29:38 - mkk_pika - main.py:292 - INFO - ==================== 漫画信息 ====================
                                漫画ID：6a8f0f308b1cb77f0f8b912b
                                标题：蹂躙職場体験～アナルマゾ豚に堕ちた幼馴染～後編 [中国翻译]
                                作者：Dr.卑猥性器まらまら
                                是否完结：是
                                总页数：31
                                分类：短篇,SM
                                章节数：1
                                最后更新时间：2026-08-26T16:07:12.130Z
                                =================================================
2026-08-27 04:29:38 - mkk_pika - database.py:101 - INFO - 保存成功：蹂躙職場体験～アナルマゾ豚に堕ちた幼馴染～後編 [中国翻译]
2026-08-27 04:29:38 - mkk_pika - main.py:35 - INFO - 开始检查五時 [中国翻訳]是否存在未下载章节
2026-08-27 04:29:38 - mkk_pika - main.py:45 - INFO - 正在下载:[五時 [中国翻訳]]-[山本直樹]-[['長篇']]-[total_pages:-1]
2026-08-27 04:29:38 - mkk_pika - main.py:49 - INFO - [{'_id': '6a8f0f1a2d3f0d7fff9e1d3a', 'title': '熟肉', 'order': 1, 'updated_at': '2026-08-25T21:05:04.785Z', 'id': '6a8f0f1a2d3f0d7fff9e1d3a'}]
2026-08-27 04:29:38 - mkk_pika - database.py:215 - INFO - 第一次下载该漫画，记录数据库中
2026-08-27 04:29:41 - mkk_pika - main.py:83 - INFO - 找到 245 张图片在:熟肉
2026-08-27 04:29:49 - mkk_pika - main.py:112 - INFO - [episode:熟肉        ] downloaded:   245, total: 245, progress:100%
2026-08-27 04:29:49 - mkk_pika - database.py:238 - INFO - 数据库更新已下载章节
2026-08-27 04:29:49 - mkk_pika - database.py:244 - INFO - 该漫画已下载章节如下
2026-08-27 04:29:49 - mkk_pika - database.py:245 - INFO - ['熟肉']
2026-08-27 04:29:50 - mkk_pika - main.py:292 - INFO - ==================== 漫画信息 ====================
                                漫画ID：6a8f0f1a2d3f0d7fff9e1d39
                                标题：五時 [中国翻訳]
                                作者：山本直樹
                                是否完结：是
                                总页数：245
                                分类：長篇
                                章节数：1
                                最后更新时间：2026-08-26T16:06:50.050Z
                                =================================================
2026-08-27 04:29:50 - mkk_pika - database.py:101 - INFO - 保存成功：五時 [中国翻訳]
2026-08-27 04:29:50 - mkk_pika - main.py:35 - INFO - 开始检查地元民だけが入れる温泉 [DL版] [中国翻译]是否存在未下载章节
2026-08-27 04:29:51 - mkk_pika - main.py:45 - INFO - 正在下载:[地元民だけが入れる温泉 [DL版] [中国翻译]]-[暗中模索 (まるころんど)]-[['長篇']]-[total_pages:-1]
2026-08-27 04:29:51 - mkk_pika - main.py:49 - INFO - [{'_id': '6a8f0ec9dd850a013d7e66c1', 'title': '熟肉', 'order': 1, 'updated_at': '2026-08-25T20:12:10.916Z', 'id': '6a8f0ec9dd850a013d7e66c1'}]
2026-08-27 04:29:51 - mkk_pika - database.py:215 - INFO - 第一次下载该漫画，记录数据库中
2026-08-27 04:29:52 - mkk_pika - main.py:83 - INFO - 找到 107 张图片在:熟肉
2026-08-27 04:29:55 - mkk_pika - main.py:112 - INFO - [episode:熟肉        ] downloaded:   107, total: 107, progress:100%
2026-08-27 04:29:55 - mkk_pika - database.py:238 - INFO - 数据库更新已下载章节
2026-08-27 04:29:55 - mkk_pika - database.py:244 - INFO - 该漫画已下载章节如下
2026-08-27 04:29:55 - mkk_pika - database.py:245 - INFO - ['熟肉']
2026-08-27 04:29:56 - mkk_pika - main.py:292 - INFO - ==================== 漫画信息 ====================
                                漫画ID：6a8f0ec9dd850a013d7e66c0
                                标题：地元民だけが入れる温泉 [DL版] [中国翻译]
                                作者：暗中模索 (まるころんど)
                                是否完结：是
                                总页数：107
                                分类：長篇
                                章节数：1
                                最后更新时间：2026-08-26T16:05:29.262Z
                                =================================================
2026-08-27 04:29:56 - mkk_pika - database.py:101 - INFO - 保存成功：地元民だけが入れる温泉 [DL版] [中国翻译]
2026-08-27 04:29:56 - mkk_pika - main.py:35 - INFO - 开始检查コットンひゃくぱーせんと [中国翻訳] [DL版]是否存在未下载章节
2026-08-27 04:29:56 - mkk_pika - main.py:45 - INFO - 正在下载:[コットンひゃくぱーせんと [中国翻訳] [DL版]]-[カエデミノル]-[['長篇', '單行本']]-[total_pages:-1]
2026-08-27 04:29:56 - mkk_pika - main.py:49 - INFO - [{'_id': '6a8f0dca2d3f0d7fff9e1bbd', 'title': '熟肉', 'order': 1, 'updated_at': '2026-08-25T10:58:47.279Z', 'id': '6a8f0dca2d3f0d7fff9e1bbd'}]
2026-08-27 04:29:56 - mkk_pika - database.py:215 - INFO - 第一次下载该漫画，记录数据库中
2026-08-27 04:29:58 - mkk_pika - main.py:83 - INFO - 找到 229 张图片在:熟肉
2026-08-27 04:30:05 - mkk_pika - main.py:112 - INFO - [episode:熟肉        ] downloaded:   229, total: 229, progress:100%
2026-08-27 04:30:05 - mkk_pika - database.py:238 - INFO - 数据库更新已下载章节
2026-08-27 04:30:05 - mkk_pika - database.py:244 - INFO - 该漫画已下载章节如下
2026-08-27 04:30:05 - mkk_pika - database.py:245 - INFO - ['熟肉']
2026-08-27 04:30:06 - mkk_pika - main.py:292 - INFO - ==================== 漫画信息 ====================
                                漫画ID：6a8f0dca2d3f0d7fff9e1bbc
                                标题：コットンひゃくぱーせんと [中国翻訳] [DL版]
                                作者：カエデミノル
                                是否完结：是
                                总页数：229
                                分类：長篇,單行本
                                章节数：1
                                最后更新时间：2026-08-26T16:01:14.767Z
                                =================================================
2026-08-27 04:30:06 - mkk_pika - database.py:101 - INFO - 保存成功：コットンひゃくぱーせんと [中国翻訳] [DL版]
2026-08-27 04:30:06 - mkk_pika - main.py:323 - INFO - 订阅内容内容下载完毕
2026-08-27 04:30:06 - mkk_pika - main.py:324 - INFO - 开始分批下载全部章节
2026-08-27 04:30:06 - mkk_pika - database.py:280 - INFO - 表和索引初始化成功
2026-08-27 04:30:07 - mkk_pika - main.py:177 - INFO - 已经下载了1478页，一共7102页，现在开始添加第1479页
2026-08-27 04:30:07 - mkk_pika - database.py:318 - INFO - 保存成功
2026-08-27 04:30:08 - mkk_pika - main.py:177 - INFO - 已经下载了1479页，一共7102页，现在开始添加第1480页
2026-08-27 04:30:08 - mkk_pika - database.py:318 - INFO - 保存成功
2026-08-27 04:30:09 - mkk_pika - main.py:177 - INFO - 已经下载了1480页，一共7102页，现在开始添加第1481页
2026-08-27 04:30:09 - mkk_pika - database.py:318 - INFO - 保存成功
2026-08-27 04:30:09 - mkk_pika - main.py:177 - INFO - 已经下载了1481页，一共7102页，现在开始添加第1482页
2026-08-27 04:30:10 - mkk_pika - database.py:318 - INFO - 保存成功
2026-08-27 04:30:10 - mkk_pika - main.py:177 - INFO - 已经下载了1482页，一共7102页，现在开始添加第1483页
2026-08-27 04:30:11 - mkk_pika - database.py:318 - INFO - 保存成功
2026-08-27 04:30:11 - mkk_pika - main.py:331 - INFO - 分批下载共计41本漫画
2026-08-27 04:30:11 - mkk_pika - main.py:35 - INFO - 开始检查体育教師は寝取り上手 (コミック エグゼ 16) [中国翻訳] [DL版]是否存在未下载章节
2026-08-27 04:30:11 - mkk_pika - main.py:45 - INFO - 正在下载:[体育教師は寝取り上手 (コミック エグゼ 16) [中国翻訳] [DL版]]-[むねしろ]-[['短篇']]-[total_pages:20]
2026-08-27 04:30:11 - mkk_pika - main.py:49 - INFO - [{'_id': '5c74f62b2b8fc811eb4a35ad', 'title': '第1集', 'order': 1, 'updated_at': '2019-02-25T22:48:43.071Z', 'id': '5c74f62b2b8fc811eb4a35ad'}]
2026-08-27 04:30:11 - mkk_pika - database.py:215 - INFO - 第一次下载该漫画，记录数据库中
2026-08-27 04:30:12 - mkk_pika - main.py:83 - INFO - 找到 20 张图片在:第1集
2026-08-27 04:30:12 - mkk_pika - main.py:112 - INFO - [episode:第1集       ] downloaded:    20, total:  20, progress:100%
2026-08-27 04:30:12 - mkk_pika - database.py:238 - INFO - 数据库更新已下载章节
2026-08-27 04:30:12 - mkk_pika - database.py:244 - INFO - 该漫画已下载章节如下
2026-08-27 04:30:12 - mkk_pika - database.py:245 - INFO - ['第1集']
2026-08-27 04:30:14 - mkk_pika - main.py:348 - INFO - ==================== 漫画信息 ====================
                                   漫画ID：5c74f62b2b8fc811eb4a35ac
                                   标题：体育教師は寝取り上手 (コミック エグゼ 16) [中国翻訳] [DL版]
                                   作者：むねしろ
                                   是否完结：是
                                   总页数：20
                                   分类：短篇
                                   章节数：1
                                   最后更新时间：2019-02-26T08:17:47.447Z
                                   =================================================
2026-08-27 04:30:14 - mkk_pika - database.py:101 - INFO - 保存成功：体育教師は寝取り上手 (コミック エグゼ 16) [中国翻訳] [DL版]
2026-08-27 04:30:14 - mkk_pika - main.py:35 - INFO - 开始检查メイドのおしごと。是否存在未下载章节
2026-08-27 04:30:14 - mkk_pika - main.py:45 - INFO - 正在下载:[メイドのおしごと。]-[人生横滑り。 (荒岸来歩)]-[['短篇']]-[total_pages:40]
2026-08-27 04:30:14 - mkk_pika - main.py:49 - INFO - [{'_id': '5c74f67614208621f11007d7', 'title': '第1集', 'order': 1, 'updated_at': '2019-02-26T04:31:25.192Z', 'id': '5c74f67614208621f11007d7'}]
2026-08-27 04:30:14 - mkk_pika - database.py:215 - INFO - 第一次下载该漫画，记录数据库中
2026-08-27 04:30:15 - mkk_pika - main.py:83 - INFO - 找到 40 张图片在:第1集
2026-08-27 04:30:16 - mkk_pika - main.py:112 - INFO - [episode:第1集       ] downloaded:    40, total:  40, progress:100%
2026-08-27 04:30:16 - mkk_pika - database.py:238 - INFO - 数据库更新已下载章节
2026-08-27 04:30:16 - mkk_pika - database.py:244 - INFO - 该漫画已下载章节如下
2026-08-27 04:30:16 - mkk_pika - database.py:245 - INFO - ['第1集']
2026-08-27 04:30:17 - mkk_pika - main.py:348 - INFO - ==================== 漫画信息 ====================
                                   漫画ID：5c74f67614208621f11007d6
                                   标题：メイドのおしごと。
                                   作者：人生横滑り。 (荒岸来歩)
                                   是否完结：是
                                   总页数：40
                                   分类：短篇
                                   章节数：1
                                   最后更新时间：2019-02-26T08:19:02.091Z
                                   =================================================
2026-08-27 04:30:17 - mkk_pika - database.py:101 - INFO - 保存成功：メイドのおしごと。
2026-08-27 04:30:17 - mkk_pika - main.py:35 - INFO - 开始检查或る日の霧島さん。 (艦隊これくしょん -艦これ-)是否存在未下载章节
2026-08-27 04:30:17 - mkk_pika - main.py:45 - INFO - 正在下载:[或る日の霧島さん。 (艦隊これくしょん -艦これ-)]-[怪奇日蝕 (綾野なおと)]-[['短篇', '同人', '艦隊收藏']]-[total_pages:14]
2026-08-27 04:30:17 - mkk_pika - main.py:49 - INFO - [{'_id': '5c74f704d8619921c2aefc03', 'title': '第1集', 'order': 1, 'updated_at': '2019-02-26T07:53:21.928Z', 'id': '5c74f704d8619921c2aefc03'}]
2026-08-27 04:30:17 - mkk_pika - database.py:215 - INFO - 第一次下载该漫画，记录数据库中
2026-08-27 04:30:18 - mkk_pika - main.py:83 - INFO - 找到 14 张图片在:第1集
2026-08-27 04:30:18 - mkk_pika - main.py:112 - INFO - [episode:第1集       ] downloaded:    14, total:  14, progress:100%
2026-08-27 04:30:18 - mkk_pika - database.py:238 - INFO - 数据库更新已下载章节
2026-08-27 04:30:18 - mkk_pika - database.py:244 - INFO - 该漫画已下载章节如下
2026-08-27 04:30:18 - mkk_pika - database.py:245 - INFO - ['第1集']
2026-08-27 04:30:19 - mkk_pika - main.py:348 - INFO - ==================== 漫画信息 ====================
                                   漫画ID：5c74f704d8619921c2aefc02
                                   标题：或る日の霧島さん。 (艦隊これくしょん -艦これ-)
                                   作者：怪奇日蝕 (綾野なおと)
                                   是否完结：是
                                   总页数：14
                                   分类：短篇,同人,艦隊收藏
                                   章节数：1
                                   最后更新时间：2019-02-26T08:21:24.876Z
                                   =================================================
2026-08-27 04:30:19 - mkk_pika - database.py:101 - INFO - 保存成功：或る日の霧島さん。 (艦隊これくしょん -艦これ-)
2026-08-27 04:30:19 - mkk_pika - main.py:35 - INFO - 开始检查Fire Dus（烈火魔尘）是否存在未下载章节
2026-08-27 04:30:20 - mkk_pika - main.py:45 - INFO - 正在下载:[Fire Dus（烈火魔尘）]-[GrimArt]-[['全彩', '非人類', '短篇']]-[total_pages:15]
2026-08-27 04:30:20 - mkk_pika - main.py:49 - INFO - [{'_id': '5c74f741f6543378687126cb', 'title': '第1集', 'order': 1, 'updated_at': '2019-02-26T08:00:23.132Z', 'id': '5c74f741f6543378687126cb'}]
2026-08-27 04:30:20 - mkk_pika - database.py:215 - INFO - 第一次下载该漫画，记录数据库中
2026-08-27 04:30:20 - mkk_pika - main.py:83 - INFO - 找到 15 张图片在:第1集
2026-08-27 04:30:21 - mkk_pika - main.py:112 - INFO - [episode:第1集       ] downloaded:    15, total:  15, progress:100%
2026-08-27 04:30:21 - mkk_pika - database.py:238 - INFO - 数据库更新已下载章节
2026-08-27 04:30:21 - mkk_pika - database.py:244 - INFO - 该漫画已下载章节如下
2026-08-27 04:30:21 - mkk_pika - database.py:245 - INFO - ['第1集']
2026-08-27 04:30:22 - mkk_pika - main.py:348 - INFO - ==================== 漫画信息 ====================
                                   漫画ID：5c74f741f6543378687126ca
                                   标题：Fire Dus（烈火魔尘）
                                   作者：GrimArt
                                   是否完结：否
                                   总页数：15
                                   分类：全彩,非人類,短篇
                                   章节数：1
                                   最后更新时间：2019-02-26T08:22:25.788Z
                                   =================================================
2026-08-27 04:30:22 - mkk_pika - database.py:101 - INFO - 保存成功：Fire Dus（烈火魔尘）
2026-08-27 04:30:22 - mkk_pika - main.py:35 - INFO - 开始检查シンクロニシティ (ダンガンロンパ) 是否存在未下载章节
2026-08-27 04:30:22 - mkk_pika - main.py:45 - INFO - 正在下载:[シンクロニシティ (ダンガンロンパ) ]-[ACIDSEA (遊馬臣)]-[['短篇', '純愛']]-[total_pages:29]
2026-08-27 04:30:22 - mkk_pika - main.py:49 - INFO - [{'_id': '5c74f74ee5861f1211906ab3', 'title': '第1集', 'order': 1, 'updated_at': '2019-02-26T07:59:15.793Z', 'id': '5c74f74ee5861f1211906ab3'}]
2026-08-27 04:30:22 - mkk_pika - database.py:215 - INFO - 第一次下载该漫画，记录数据库中
2026-08-27 04:30:23 - mkk_pika - main.py:83 - INFO - 找到 29 张图片在:第1集
2026-08-27 04:30:24 - mkk_pika - main.py:112 - INFO - [episode:第1集       ] downloaded:    29, total:  29, progress:100%
2026-08-27 04:30:24 - mkk_pika - database.py:238 - INFO - 数据库更新已下载章节
2026-08-27 04:30:24 - mkk_pika - database.py:244 - INFO - 该漫画已下载章节如下
2026-08-27 04:30:24 - mkk_pika - database.py:245 - INFO - ['第1集']
2026-08-27 04:30:25 - mkk_pika - main.py:348 - INFO - ==================== 漫画信息 ====================
                                   漫画ID：5c74f74ee5861f1211906ab2
                                   标题：シンクロニシティ (ダンガンロンパ) 
                                   作者：ACIDSEA (遊馬臣)
                                   是否完结：否
                                   总页数：29
                                   分类：短篇,純愛
                                   章节数：1
                                   最后更新时间：2019-02-26T08:22:38.480Z
                                   =================================================
2026-08-27 04:30:25 - mkk_pika - database.py:101 - INFO - 保存成功：シンクロニシティ (ダンガンロンパ) 
2026-08-27 04:30:25 - mkk_pika - main.py:35 - INFO - 开始检查キョン子だって憂鬱 (涼宮ハルヒの憂鬱) 是否存在未下载章节
2026-08-27 04:30:25 - mkk_pika - main.py:45 - INFO - 正在下载:[キョン子だって憂鬱 (涼宮ハルヒの憂鬱) ]-[黒澤pict (黒澤清崇)]-[['短篇', '同人', '純愛', '扶他樂園']]-[total_pages:26]
2026-08-27 04:30:25 - mkk_pika - main.py:49 - INFO - [{'_id': '5c74f77a675be610e098f84d', 'title': '第1集', 'order': 1, 'updated_at': '2019-02-26T08:09:03.096Z', 'id': '5c74f77a675be610e098f84d'}]
2026-08-27 04:30:25 - mkk_pika - database.py:215 - INFO - 第一次下载该漫画，记录数据库中
2026-08-27 04:30:26 - mkk_pika - main.py:83 - INFO - 找到 26 张图片在:第1集
2026-08-27 04:30:27 - mkk_pika - main.py:112 - INFO - [episode:第1集       ] downloaded:    26, total:  26, progress:100%
2026-08-27 04:30:27 - mkk_pika - database.py:238 - INFO - 数据库更新已下载章节
2026-08-27 04:30:27 - mkk_pika - database.py:244 - INFO - 该漫画已下载章节如下
2026-08-27 04:30:27 - mkk_pika - database.py:245 - INFO - ['第1集']
2026-08-27 04:30:28 - mkk_pika - main.py:348 - INFO - ==================== 漫画信息 ====================
                                   漫画ID：5c74f77a675be610e098f84c
                                   标题：キョン子だって憂鬱 (涼宮ハルヒの憂鬱) 
                                   作者：黒澤pict (黒澤清崇)
                                   是否完结：是
                                   总页数：26
                                   分类：短篇,同人,純愛,扶他樂園
                                   章节数：1
                                   最后更新时间：2019-02-26T08:23:22.875Z
                                   =================================================
2026-08-27 04:30:28 - mkk_pika - database.py:101 - INFO - 保存成功：キョン子だって憂鬱 (涼宮ハルヒの憂鬱) 
2026-08-27 04:30:28 - mkk_pika - main.py:35 - INFO - 开始检查想定内カノジョ[無修正]是否存在未下载章节
2026-08-27 04:30:28 - mkk_pika - main.py:45 - INFO - 正在下载:[想定内カノジョ[無修正]]-[オクモト悠太]-[['短篇', '全彩', '人妻']]-[total_pages:6]
2026-08-27 04:30:28 - mkk_pika - main.py:49 - INFO - [{'_id': '5c74f794f6543378687126f1', 'title': '第1集', 'order': 1, 'updated_at': '2019-02-26T05:54:14.584Z', 'id': '5c74f794f6543378687126f1'}]
2026-08-27 04:30:28 - mkk_pika - database.py:215 - INFO - 第一次下载该漫画，记录数据库中
2026-08-27 04:30:29 - mkk_pika - main.py:83 - INFO - 找到 6 张图片在:第1集
2026-08-27 04:30:29 - mkk_pika - main.py:112 - INFO - [episode:第1集       ] downloaded:     6, total:   6, progress:100%
2026-08-27 04:30:29 - mkk_pika - database.py:238 - INFO - 数据库更新已下载章节
2026-08-27 04:30:29 - mkk_pika - database.py:244 - INFO - 该漫画已下载章节如下
2026-08-27 04:30:29 - mkk_pika - database.py:245 - INFO - ['第1集']
2026-08-27 04:30:30 - mkk_pika - main.py:348 - INFO - ==================== 漫画信息 ====================
                                   漫画ID：5c74f794f6543378687126f0
                                   标题：想定内カノジョ[無修正]
                                   作者：オクモト悠太
                                   是否完结：是
                                   总页数：6
                                   分类：短篇,全彩,人妻
                                   章节数：1
                                   最后更新时间：2019-02-26T08:23:48.615Z
                                   =================================================
2026-08-27 04:30:30 - mkk_pika - database.py:101 - INFO - 保存成功：想定内カノジョ[無修正]
2026-08-27 04:30:30 - mkk_pika - main.py:35 - INFO - 开始检查ルーミア経験+1 (東方Project)是否存在未下载章节
2026-08-27 04:30:30 - mkk_pika - main.py:45 - INFO - 正在下载:[ルーミア経験+1 (東方Project)]-[四人一升 (しゃも煮)]-[['短篇', '同人', '東方', '純愛']]-[total_pages:35]
2026-08-27 04:30:30 - mkk_pika - main.py:49 - INFO - [{'_id': '5c74f7a91dfd97789549c558', 'title': '第1集', 'order': 1, 'updated_at': '2019-02-26T08:12:06.460Z', 'id': '5c74f7a91dfd97789549c558'}]
2026-08-27 04:30:30 - mkk_pika - database.py:215 - INFO - 第一次下载该漫画，记录数据库中
2026-08-27 04:30:31 - mkk_pika - main.py:83 - INFO - 找到 35 张图片在:第1集
2026-08-27 04:30:32 - mkk_pika - main.py:112 - INFO - [episode:第1集       ] downloaded:    35, total:  35, progress:100%
2026-08-27 04:30:32 - mkk_pika - database.py:238 - INFO - 数据库更新已下载章节
2026-08-27 04:30:32 - mkk_pika - database.py:244 - INFO - 该漫画已下载章节如下
2026-08-27 04:30:32 - mkk_pika - database.py:245 - INFO - ['第1集']
2026-08-27 04:30:33 - mkk_pika - main.py:348 - INFO - ==================== 漫画信息 ====================
                                   漫画ID：5c74f7a91dfd97789549c557
                                   标题：ルーミア経験+1 (東方Project)
                                   作者：四人一升 (しゃも煮)
                                   是否完结：是
                                   总页数：35
                                   分类：短篇,同人,東方,純愛
                                   章节数：1
                                   最后更新时间：2019-02-26T08:24:09.330Z
                                   =================================================
2026-08-27 04:30:33 - mkk_pika - database.py:101 - INFO - 保存成功：ルーミア経験+1 (東方Project)
2026-08-27 04:30:33 - mkk_pika - main.py:35 - INFO - 开始检查姫蜘蛛 ・弐 (東方Project)是否存在未下载章节
2026-08-27 04:30:34 - mkk_pika - main.py:45 - INFO - 正在下载:[姫蜘蛛 ・弐 (東方Project)]-[あらくの☆まにあ (くもえもん)]-[['短篇', '同人', '東方', '強暴', 'SM']]-[total_pages:23]
2026-08-27 04:30:34 - mkk_pika - main.py:49 - INFO - [{'_id': '5c74f7d8f6543378687126fb', 'title': '第1集', 'order': 1, 'updated_at': '2019-02-26T08:15:23.267Z', 'id': '5c74f7d8f6543378687126fb'}]
2026-08-27 04:30:34 - mkk_pika - database.py:215 - INFO - 第一次下载该漫画，记录数据库中
2026-08-27 04:30:34 - mkk_pika - main.py:83 - INFO - 找到 23 张图片在:第1集
2026-08-27 04:30:35 - mkk_pika - main.py:112 - INFO - [episode:第1集       ] downloaded:    23, total:  23, progress:100%
2026-08-27 04:30:35 - mkk_pika - database.py:238 - INFO - 数据库更新已下载章节
2026-08-27 04:30:35 - mkk_pika - database.py:244 - INFO - 该漫画已下载章节如下
2026-08-27 04:30:35 - mkk_pika - database.py:245 - INFO - ['第1集']
2026-08-27 04:30:36 - mkk_pika - main.py:348 - INFO - ==================== 漫画信息 ====================
                                   漫画ID：5c74f7d8f6543378687126fa
                                   标题：姫蜘蛛 ・弐 (東方Project)
                                   作者：あらくの☆まにあ (くもえもん)
                                   是否完结：是
                                   总页数：23
                                   分类：短篇,同人,東方,強暴,SM
                                   章节数：1
                                   最后更新时间：2019-02-26T08:24:56.861Z
                                   =================================================
2026-08-27 04:30:36 - mkk_pika - database.py:101 - INFO - 保存成功：姫蜘蛛 ・弐 (東方Project)
2026-08-27 04:30:36 - mkk_pika - main.py:35 - INFO - 开始检查とろとろ酒呑 (Fate／Grand Order)是否存在未下载章节
2026-08-27 04:30:36 - mkk_pika - main.py:45 - INFO - 正在下载:[とろとろ酒呑 (Fate／Grand Order)]-[黄金忍者 (ゴールデン)]-[['短篇', '同人', 'Fate']]-[total_pages:19]
2026-08-27 04:30:36 - mkk_pika - main.py:49 - INFO - [{'_id': '5c74f85ec49b251117a3989f', 'title': '第1集', 'order': 1, 'updated_at': '2019-02-26T08:20:40.485Z', 'id': '5c74f85ec49b251117a3989f'}]
2026-08-27 04:30:36 - mkk_pika - database.py:215 - INFO - 第一次下载该漫画，记录数据库中
2026-08-27 04:30:37 - mkk_pika - main.py:83 - INFO - 找到 19 张图片在:第1集
2026-08-27 04:30:37 - mkk_pika - main.py:112 - INFO - [episode:第1集       ] downloaded:    19, total:  19, progress:100%
2026-08-27 04:30:37 - mkk_pika - database.py:238 - INFO - 数据库更新已下载章节
2026-08-27 04:30:37 - mkk_pika - database.py:244 - INFO - 该漫画已下载章节如下
2026-08-27 04:30:37 - mkk_pika - database.py:245 - INFO - ['第1集']
2026-08-27 04:30:39 - mkk_pika - main.py:348 - INFO - ==================== 漫画信息 ====================
                                   漫画ID：5c74f85ec49b251117a3989e
                                   标题：とろとろ酒呑 (Fate／Grand Order)
                                   作者：黄金忍者 (ゴールデン)
                                   是否完结：是
                                   总页数：19
                                   分类：短篇,同人,Fate
                                   章节数：1
                                   最后更新时间：2019-02-26T08:27:10.355Z
                                   =================================================
2026-08-27 04:30:39 - mkk_pika - database.py:101 - INFO - 保存成功：とろとろ酒呑 (Fate／Grand Order)
2026-08-27 04:30:39 - mkk_pika - main.py:35 - INFO - 开始检查酒呑ちゃんはやさしい (Fate/Grand Order)是否存在未下载章节
2026-08-27 04:30:39 - mkk_pika - main.py:45 - INFO - 正在下载:[酒呑ちゃんはやさしい (Fate/Grand Order)]-[黄金忍者 (ゴールデン)]-[['短篇', '同人', 'Fate']]-[total_pages:19]
2026-08-27 04:30:39 - mkk_pika - main.py:49 - INFO - [{'_id': '5c74f8cbc49b251117a398b5', 'title': '第1集', 'order': 1, 'updated_at': '2019-02-26T08:22:55.653Z', 'id': '5c74f8cbc49b251117a398b5'}]
2026-08-27 04:30:39 - mkk_pika - database.py:215 - INFO - 第一次下载该漫画，记录数据库中
2026-08-27 04:30:40 - mkk_pika - main.py:83 - INFO - 找到 19 张图片在:第1集
2026-08-27 04:30:40 - mkk_pika - main.py:112 - INFO - [episode:第1集       ] downloaded:    19, total:  19, progress:100%
2026-08-27 04:30:40 - mkk_pika - database.py:238 - INFO - 数据库更新已下载章节
2026-08-27 04:30:40 - mkk_pika - database.py:244 - INFO - 该漫画已下载章节如下
2026-08-27 04:30:40 - mkk_pika - database.py:245 - INFO - ['第1集']
2026-08-27 04:30:41 - mkk_pika - main.py:348 - INFO - ==================== 漫画信息 ====================
                                   漫画ID：5c74f8cbc49b251117a398b4
                                   标题：酒呑ちゃんはやさしい (Fate/Grand Order)
                                   作者：黄金忍者 (ゴールデン)
                                   是否完结：是
                                   总页数：19
                                   分类：短篇,同人,Fate
                                   章节数：1
                                   最后更新时间：2019-02-26T08:28:59.984Z
                                   =================================================
2026-08-27 04:30:41 - mkk_pika - database.py:101 - INFO - 保存成功：酒呑ちゃんはやさしい (Fate/Grand Order)
2026-08-27 04:30:41 - mkk_pika - main.py:35 - INFO - 开始检查TS彼女是否存在未下载章节
2026-08-27 04:30:42 - mkk_pika - main.py:45 - INFO - 正在下载:[TS彼女]-[吉田悟郎商會 (吉田悟郎)]-[['短篇', '性轉換']]-[total_pages:27]
2026-08-27 04:30:42 - mkk_pika - main.py:49 - INFO - [{'_id': '5c74f906c49b251117a39a7d', 'title': '第1集', 'order': 1, 'updated_at': '2019-02-25T20:16:40.644Z', 'id': '5c74f906c49b251117a39a7d'}]
2026-08-27 04:30:42 - mkk_pika - database.py:215 - INFO - 第一次下载该漫画，记录数据库中
2026-08-27 04:30:42 - mkk_pika - main.py:83 - INFO - 找到 27 张图片在:第1集
2026-08-27 04:30:43 - mkk_pika - main.py:112 - INFO - [episode:第1集       ] downloaded:    27, total:  27, progress:100%
2026-08-27 04:30:43 - mkk_pika - database.py:238 - INFO - 数据库更新已下载章节
2026-08-27 04:30:43 - mkk_pika - database.py:244 - INFO - 该漫画已下载章节如下
2026-08-27 04:30:43 - mkk_pika - database.py:245 - INFO - ['第1集']
2026-08-27 04:30:44 - mkk_pika - main.py:348 - INFO - ==================== 漫画信息 ====================
                                   漫画ID：5c74f906c49b251117a39a7c
                                   标题：TS彼女
                                   作者：吉田悟郎商會 (吉田悟郎)
                                   是否完结：是
                                   总页数：27
                                   分类：短篇,性轉換
                                   章节数：1
                                   最后更新时间：2019-02-26T08:29:58.424Z
                                   =================================================
2026-08-27 04:30:44 - mkk_pika - database.py:101 - INFO - 保存成功：TS彼女
2026-08-27 04:30:44 - mkk_pika - main.py:35 - INFO - 开始检查月影の雷咆是否存在未下载章节
2026-08-27 04:30:45 - mkk_pika - main.py:45 - INFO - 正在下载:[月影の雷咆]-[ま～きゅろ (李子昴)]-[['短篇', '純愛', '非人類']]-[total_pages:20]
2026-08-27 04:30:45 - mkk_pika - main.py:49 - INFO - [{'_id': '5c7582f693941078705a1cfc', 'title': '第1集', 'order': 1, 'updated_at': '2019-02-26T08:28:05.516Z', 'id': '5c7582f693941078705a1cfc'}]
2026-08-27 04:30:45 - mkk_pika - database.py:215 - INFO - 第一次下载该漫画，记录数据库中
2026-08-27 04:30:45 - mkk_pika - main.py:83 - INFO - 找到 20 张图片在:第1集
2026-08-27 04:30:46 - mkk_pika - main.py:112 - INFO - [episode:第1集       ] downloaded:    20, total:  20, progress:100%
2026-08-27 04:30:46 - mkk_pika - database.py:238 - INFO - 数据库更新已下载章节
2026-08-27 04:30:46 - mkk_pika - database.py:244 - INFO - 该漫画已下载章节如下
2026-08-27 04:30:46 - mkk_pika - database.py:245 - INFO - ['第1集']
2026-08-27 04:30:47 - mkk_pika - main.py:348 - INFO - ==================== 漫画信息 ====================
                                   漫画ID：5c7582f693941078705a1cfb
                                   标题：月影の雷咆
                                   作者：ま～きゅろ (李子昴)
                                   是否完结：否
                                   总页数：20
                                   分类：短篇,純愛,非人類
                                   章节数：1
                                   最后更新时间：2019-02-26T18:18:30.043Z
                                   =================================================
2026-08-27 04:30:47 - mkk_pika - database.py:101 - INFO - 保存成功：月影の雷咆
2026-08-27 04:30:47 - mkk_pika - main.py:35 - INFO - 开始检查【C85】gelato drop (ダンガンロンパ)是否存在未下载章节
2026-08-27 04:30:47 - mkk_pika - main.py:45 - INFO - 正在下载:[【C85】gelato drop (ダンガンロンパ)]-[ACID SEA (遊馬臣)]-[['短篇', '純愛']]-[total_pages:25]
2026-08-27 04:30:47 - mkk_pika - main.py:49 - INFO - [{'_id': '5c758343f654337868712f0c', 'title': '第1集', 'order': 1, 'updated_at': '2019-02-26T08:35:12.900Z', 'id': '5c758343f654337868712f0c'}]
2026-08-27 04:30:47 - mkk_pika - database.py:215 - INFO - 第一次下载该漫画，记录数据库中
2026-08-27 04:30:48 - mkk_pika - main.py:83 - INFO - 找到 25 张图片在:第1集
2026-08-27 04:30:49 - mkk_pika - main.py:112 - INFO - [episode:第1集       ] downloaded:    25, total:  25, progress:100%
2026-08-27 04:30:49 - mkk_pika - database.py:238 - INFO - 数据库更新已下载章节
2026-08-27 04:30:49 - mkk_pika - database.py:244 - INFO - 该漫画已下载章节如下
2026-08-27 04:30:49 - mkk_pika - database.py:245 - INFO - ['第1集']
2026-08-27 04:30:50 - mkk_pika - main.py:348 - INFO - ==================== 漫画信息 ====================
                                   漫画ID：5c758343f654337868712f0b
                                   标题：【C85】gelato drop (ダンガンロンパ)
                                   作者：ACID SEA (遊馬臣)
                                   是否完结：否
                                   总页数：25
                                   分类：短篇,純愛
                                   章节数：1
                                   最后更新时间：2019-02-26T18:19:47.426Z
                                   =================================================
2026-08-27 04:30:50 - mkk_pika - database.py:101 - INFO - 保存成功：【C85】gelato drop (ダンガンロンパ)
2026-08-27 04:30:50 - mkk_pika - main.py:35 - INFO - 开始检查スピリチュアルランチ2 (オリジナル)是否存在未下载章节
2026-08-27 04:30:50 - mkk_pika - main.py:45 - INFO - 正在下载:[スピリチュアルランチ2 (オリジナル)]-[オタクビーム (大塚まひろ)]-[['短篇', '同人', '純愛', '非人類']]-[total_pages:26]
2026-08-27 04:30:50 - mkk_pika - main.py:49 - INFO - [{'_id': '5c758466674e61789b513de6', 'title': '第1集', 'order': 1, 'updated_at': '2019-02-26T12:03:53.888Z', 'id': '5c758466674e61789b513de6'}]
2026-08-27 04:30:50 - mkk_pika - database.py:215 - INFO - 第一次下载该漫画，记录数据库中
2026-08-27 04:30:51 - mkk_pika - main.py:83 - INFO - 找到 26 张图片在:第1集
2026-08-27 04:30:51 - mkk_pika - main.py:112 - INFO - [episode:第1集       ] downloaded:    26, total:  26, progress:100%
2026-08-27 04:30:51 - mkk_pika - database.py:238 - INFO - 数据库更新已下载章节
2026-08-27 04:30:51 - mkk_pika - database.py:244 - INFO - 该漫画已下载章节如下
2026-08-27 04:30:51 - mkk_pika - database.py:245 - INFO - ['第1集']
2026-08-27 04:30:53 - mkk_pika - main.py:348 - INFO - ==================== 漫画信息 ====================
                                   漫画ID：5c758466674e61789b513de5
                                   标题：スピリチュアルランチ2 (オリジナル)
                                   作者：オタクビーム (大塚まひろ)
                                   是否完结：是
                                   总页数：26
                                   分类：短篇,同人,純愛,非人類
                                   章节数：1
                                   最后更新时间：2019-02-26T18:24:38.339Z
                                   =================================================
2026-08-27 04:30:53 - mkk_pika - database.py:101 - INFO - 保存成功：スピリチュアルランチ2 (オリジナル)
2026-08-27 04:30:53 - mkk_pika - main.py:35 - INFO - 开始检查 恋と幻 (三国恋戦記)是否存在未下载章节
2026-08-27 04:30:53 - mkk_pika - main.py:45 - INFO - 正在下载:[ 恋と幻 (三国恋戦記)]-[金塊 (えいとりんだ)]-[['短篇', '同人', '純愛']]-[total_pages:26]
2026-08-27 04:30:53 - mkk_pika - main.py:49 - INFO - [{'_id': '5c76044793941078705a1f91', 'title': '第1集', 'order': 1, 'updated_at': '2019-02-26T12:11:56.009Z', 'id': '5c76044793941078705a1f91'}]
2026-08-27 04:30:53 - mkk_pika - database.py:215 - INFO - 第一次下载该漫画，记录数据库中
2026-08-27 04:30:54 - mkk_pika - main.py:83 - INFO - 找到 26 张图片在:第1集
2026-08-27 04:30:54 - mkk_pika - main.py:112 - INFO - [episode:第1集       ] downloaded:    26, total:  26, progress:100%
2026-08-27 04:30:54 - mkk_pika - database.py:238 - INFO - 数据库更新已下载章节
2026-08-27 04:30:54 - mkk_pika - database.py:244 - INFO - 该漫画已下载章节如下
2026-08-27 04:30:54 - mkk_pika - database.py:245 - INFO - ['第1集']
2026-08-27 04:30:55 - mkk_pika - main.py:348 - INFO - ==================== 漫画信息 ====================
                                   漫画ID：5c76044793941078705a1f90
                                   标题： 恋と幻 (三国恋戦記)
                                   作者：金塊 (えいとりんだ)
                                   是否完结：是
                                   总页数：26
                                   分类：短篇,同人,純愛
                                   章节数：1
                                   最后更新时间：2019-02-27T03:30:15.292Z
                                   =================================================
2026-08-27 04:30:55 - mkk_pika - database.py:101 - INFO - 保存成功： 恋と幻 (三国恋戦記)
2026-08-27 04:30:55 - mkk_pika - main.py:35 - INFO - 开始检查 (C95)私のダーリン (アズールレーン)是否存在未下载章节
2026-08-27 04:30:56 - mkk_pika - main.py:45 - INFO - 正在下载:[ (C95)私のダーリン (アズールレーン)]-[ぽんぽんぺいん (ぽんぽん)]-[['短篇', '同人', '純愛']]-[total_pages:25]
2026-08-27 04:30:56 - mkk_pika - main.py:49 - INFO - [{'_id': '5c7604911bea87122025af50', 'title': '第1集', 'order': 1, 'updated_at': '2019-02-26T12:17:30.878Z', 'id': '5c7604911bea87122025af50'}]
2026-08-27 04:30:56 - mkk_pika - database.py:215 - INFO - 第一次下载该漫画，记录数据库中
2026-08-27 04:30:56 - mkk_pika - main.py:83 - INFO - 找到 25 张图片在:第1集
2026-08-27 04:30:57 - mkk_pika - main.py:112 - INFO - [episode:第1集       ] downloaded:    25, total:  25, progress:100%
2026-08-27 04:30:57 - mkk_pika - database.py:238 - INFO - 数据库更新已下载章节
2026-08-27 04:30:57 - mkk_pika - database.py:244 - INFO - 该漫画已下载章节如下
2026-08-27 04:30:57 - mkk_pika - database.py:245 - INFO - ['第1集']
2026-08-27 04:30:58 - mkk_pika - main.py:348 - INFO - ==================== 漫画信息 ====================
                                   漫画ID：5c7604911bea87122025af4f
                                   标题： (C95)私のダーリン (アズールレーン)
                                   作者：ぽんぽんぺいん (ぽんぽん)
                                   是否完结：是
                                   总页数：25
                                   分类：短篇,同人,純愛
                                   章节数：1
                                   最后更新时间：2019-02-27T03:31:29.830Z
                                   =================================================
2026-08-27 04:30:58 - mkk_pika - database.py:101 - INFO - 保存成功： (C95)私のダーリン (アズールレーン)
2026-08-27 04:30:58 - mkk_pika - main.py:35 - INFO - 开始检查モモイロパッション是否存在未下载章节
2026-08-27 04:30:59 - mkk_pika - main.py:45 - INFO - 正在下载:[モモイロパッション]-[Maniac Street (すがいし)]-[['同人', '短篇']]-[total_pages:64]
2026-08-27 04:30:59 - mkk_pika - main.py:49 - INFO - [{'_id': '5b1b2e1ce6f6953753cfc11d', 'title': '生肉', 'order': 1, 'updated_at': '2019-02-27T03:37:28.972Z', 'id': '5b1b2e1ce6f6953753cfc11d'}, {'_id': '5c7605f8f65433786871311f', 'title': '熟肉', 'order': 2, 'updated_at': '2019-02-26T13:02:06.305Z', 'id': '5c7605f8f65433786871311f'}]
2026-08-27 04:30:59 - mkk_pika - database.py:215 - INFO - 第一次下载该漫画，记录数据库中
2026-08-27 04:30:59 - mkk_pika - main.py:83 - INFO - 找到 33 张图片在:生肉
2026-08-27 04:31:00 - mkk_pika - main.py:112 - INFO - [episode:生肉        ] downloaded:    33, total:  33, progress:100%
2026-08-27 04:31:00 - mkk_pika - database.py:238 - INFO - 数据库更新已下载章节
2026-08-27 04:31:00 - mkk_pika - database.py:244 - INFO - 该漫画已下载章节如下
2026-08-27 04:31:00 - mkk_pika - database.py:245 - INFO - ['生肉']
2026-08-27 04:31:02 - mkk_pika - main.py:83 - INFO - 找到 31 张图片在:熟肉
2026-08-27 04:31:02 - mkk_pika - main.py:112 - INFO - [episode:熟肉        ] downloaded:    31, total:  31, progress:100%
2026-08-27 04:31:02 - mkk_pika - database.py:238 - INFO - 数据库更新已下载章节
2026-08-27 04:31:02 - mkk_pika - database.py:244 - INFO - 该漫画已下载章节如下
2026-08-27 04:31:02 - mkk_pika - database.py:245 - INFO - ['生肉', '熟肉']
2026-08-27 04:31:04 - mkk_pika - main.py:348 - INFO - ==================== 漫画信息 ====================
                                   漫画ID：5b1b2e1ce6f6953753cfc11c
                                   标题：モモイロパッション
                                   作者：Maniac Street (すがいし)
                                   是否完结：否
                                   总页数：64
                                   分类：同人,短篇
                                   章节数：2
                                   最后更新时间：2019-02-27T03:37:28.960Z
                                   =================================================
2026-08-27 04:31:04 - mkk_pika - database.py:101 - INFO - 保存成功：モモイロパッション
2026-08-27 04:31:04 - mkk_pika - main.py:35 - INFO - 开始检查JKxJSの百合エロ是否存在未下载章节
2026-08-27 04:31:04 - mkk_pika - main.py:45 - INFO - 正在下载:[JKxJSの百合エロ]-[ちふり]-[['短篇', '百合花園', '純愛', '全彩']]-[total_pages:20]
2026-08-27 04:31:04 - mkk_pika - main.py:49 - INFO - [{'_id': '5c7606601dfd97789549ce5b', 'title': '第1集', 'order': 1, 'updated_at': '2019-02-26T13:01:21.711Z', 'id': '5c7606601dfd97789549ce5b'}]
2026-08-27 04:31:04 - mkk_pika - database.py:215 - INFO - 第一次下载该漫画，记录数据库中
2026-08-27 04:31:04 - mkk_pika - main.py:83 - INFO - 找到 20 张图片在:第1集
2026-08-27 04:31:05 - mkk_pika - main.py:112 - INFO - [episode:第1集       ] downloaded:    20, total:  20, progress:100%
2026-08-27 04:31:05 - mkk_pika - database.py:238 - INFO - 数据库更新已下载章节
2026-08-27 04:31:05 - mkk_pika - database.py:244 - INFO - 该漫画已下载章节如下
2026-08-27 04:31:05 - mkk_pika - database.py:245 - INFO - ['第1集']
2026-08-27 04:31:06 - mkk_pika - main.py:348 - INFO - ==================== 漫画信息 ====================
                                   漫画ID：5c7606601dfd97789549ce5a
                                   标题：JKxJSの百合エロ
                                   作者：ちふり
                                   是否完结：是
                                   总页数：20
                                   分类：短篇,百合花園,純愛,全彩
                                   章节数：1
                                   最后更新时间：2019-02-27T03:39:12.846Z
                                   =================================================
2026-08-27 04:31:06 - mkk_pika - database.py:101 - INFO - 保存成功：JKxJSの百合エロ
2026-08-27 04:31:06 - mkk_pika - main.py:35 - INFO - 开始检查魔理沙が森で触手に·三是否存在未下载章节
2026-08-27 04:31:06 - mkk_pika - main.py:45 - INFO - 正在下载:[魔理沙が森で触手に·三]-[砂亭 (s73d)]-[['同人', '短篇', '強暴', '東方', '非人類']]-[total_pages:52]
2026-08-27 04:31:06 - mkk_pika - main.py:49 - INFO - [{'_id': '5b1b53edc236cf727211750b', 'title': '生肉', 'order': 1, 'updated_at': '2019-02-27T03:39:52.746Z', 'id': '5b1b53edc236cf727211750b'}, {'_id': '5c760688f65433786871313f', 'title': '熟肉', 'order': 2, 'updated_at': '2019-02-26T13:24:30.569Z', 'id': '5c760688f65433786871313f'}]
2026-08-27 04:31:06 - mkk_pika - database.py:215 - INFO - 第一次下载该漫画，记录数据库中
2026-08-27 04:31:07 - mkk_pika - main.py:83 - INFO - 找到 26 张图片在:生肉
2026-08-27 04:31:08 - mkk_pika - main.py:112 - INFO - [episode:生肉        ] downloaded:    26, total:  26, progress:100%
2026-08-27 04:31:08 - mkk_pika - database.py:238 - INFO - 数据库更新已下载章节
2026-08-27 04:31:08 - mkk_pika - database.py:244 - INFO - 该漫画已下载章节如下
2026-08-27 04:31:08 - mkk_pika - database.py:245 - INFO - ['生肉']
2026-08-27 04:31:09 - mkk_pika - main.py:83 - INFO - 找到 26 张图片在:熟肉
2026-08-27 04:31:10 - mkk_pika - main.py:112 - INFO - [episode:熟肉        ] downloaded:    26, total:  26, progress:100%
2026-08-27 04:31:10 - mkk_pika - database.py:238 - INFO - 数据库更新已下载章节
2026-08-27 04:31:10 - mkk_pika - database.py:244 - INFO - 该漫画已下载章节如下
2026-08-27 04:31:10 - mkk_pika - database.py:245 - INFO - ['生肉', '熟肉']
2026-08-27 04:31:11 - mkk_pika - main.py:348 - INFO - ==================== 漫画信息 ====================
                                   漫画ID：5b1b53edc236cf727211750a
                                   标题：魔理沙が森で触手に·三
                                   作者：砂亭 (s73d)
                                   是否完结：否
                                   总页数：52
                                   分类：同人,短篇,強暴,東方,非人類
                                   章节数：2
                                   最后更新时间：2019-02-27T03:39:52.721Z
                                   =================================================
2026-08-27 04:31:11 - mkk_pika - database.py:101 - INFO - 保存成功：魔理沙が森で触手に·三
2026-08-27 04:31:11 - mkk_pika - main.py:35 - INFO - 开始检查 (C94) [きつね屋 (リーフィ)] ちびっ娘英霊とナイショのおクスリ手帳 (FateGrand Order)是否存在未下载章节
2026-08-27 04:31:11 - mkk_pika - main.py:45 - INFO - 正在下载:[ (C94) [きつね屋 (リーフィ)] ちびっ娘英霊とナイショのおクスリ手帳 (FateGrand Order)]-[きつね屋 (リーフィ)]-[['短篇', '同人', 'Fate']]-[total_pages:23]
2026-08-27 04:31:11 - mkk_pika - main.py:49 - INFO - [{'_id': '5c7606c7f65433786871317d', 'title': '第1集', 'order': 1, 'updated_at': '2019-02-26T13:12:01.041Z', 'id': '5c7606c7f65433786871317d'}]
2026-08-27 04:31:11 - mkk_pika - database.py:215 - INFO - 第一次下载该漫画，记录数据库中
2026-08-27 04:31:12 - mkk_pika - main.py:83 - INFO - 找到 23 张图片在:第1集
2026-08-27 04:31:13 - mkk_pika - main.py:112 - INFO - [episode:第1集       ] downloaded:    23, total:  23, progress:100%
2026-08-27 04:31:13 - mkk_pika - database.py:238 - INFO - 数据库更新已下载章节
2026-08-27 04:31:13 - mkk_pika - database.py:244 - INFO - 该漫画已下载章节如下
2026-08-27 04:31:13 - mkk_pika - database.py:245 - INFO - ['第1集']
2026-08-27 04:31:14 - mkk_pika - main.py:348 - INFO - ==================== 漫画信息 ====================
                                   漫画ID：5c7606c7f65433786871317c
                                   标题： (C94) [きつね屋 (リーフィ)] ちびっ娘英霊とナイショのおクスリ手帳 (FateGrand Order)
                                   作者：きつね屋 (リーフィ)
                                   是否完结：否
                                   总页数：23
                                   分类：短篇,同人,Fate
                                   章节数：1
                                   最后更新时间：2019-02-27T03:40:55.204Z
                                   =================================================
2026-08-27 04:31:14 - mkk_pika - database.py:101 - INFO - 保存成功： (C94) [きつね屋 (リーフィ)] ちびっ娘英霊とナイショのおクスリ手帳 (FateGrand Order)
2026-08-27 04:31:14 - mkk_pika - main.py:35 - INFO - 开始检查C2lemon@EX是否存在未下载章节
2026-08-27 04:31:14 - mkk_pika - main.py:45 - INFO - 正在下载:[C2lemon@EX]-[ぶるーびーん (要青豆)]-[['同人', '短篇', '強暴']]-[total_pages:52]
2026-08-27 04:31:14 - mkk_pika - main.py:49 - INFO - [{'_id': '5b1b553674c0dc06b32a10c2', 'title': '生肉', 'order': 1, 'updated_at': '2019-02-27T03:44:13.687Z', 'id': '5b1b553674c0dc06b32a10c2'}, {'_id': '5c76078d9b0f6b11088848a9', 'title': '熟肉', 'order': 2, 'updated_at': '2019-02-26T13:42:45.436Z', 'id': '5c76078d9b0f6b11088848a9'}]
2026-08-27 04:31:14 - mkk_pika - database.py:215 - INFO - 第一次下载该漫画，记录数据库中
2026-08-27 04:31:15 - mkk_pika - main.py:83 - INFO - 找到 26 张图片在:生肉
2026-08-27 04:31:16 - mkk_pika - main.py:112 - INFO - [episode:生肉        ] downloaded:    26, total:  26, progress:100%
2026-08-27 04:31:16 - mkk_pika - database.py:238 - INFO - 数据库更新已下载章节
2026-08-27 04:31:16 - mkk_pika - database.py:244 - INFO - 该漫画已下载章节如下
2026-08-27 04:31:16 - mkk_pika - database.py:245 - INFO - ['生肉']
2026-08-27 04:31:17 - mkk_pika - main.py:83 - INFO - 找到 26 张图片在:熟肉
2026-08-27 04:31:18 - mkk_pika - main.py:112 - INFO - [episode:熟肉        ] downloaded:    26, total:  26, progress:100%
2026-08-27 04:31:18 - mkk_pika - database.py:238 - INFO - 数据库更新已下载章节
2026-08-27 04:31:18 - mkk_pika - database.py:244 - INFO - 该漫画已下载章节如下
2026-08-27 04:31:18 - mkk_pika - database.py:245 - INFO - ['生肉', '熟肉']
2026-08-27 04:31:19 - mkk_pika - main.py:348 - INFO - ==================== 漫画信息 ====================
                                   漫画ID：5b1b553674c0dc06b32a10c1
                                   标题：C2lemon@EX
                                   作者：ぶるーびーん (要青豆)
                                   是否完结：否
                                   总页数：52
                                   分类：同人,短篇,強暴
                                   章节数：2
                                   最后更新时间：2019-02-27T03:44:13.673Z
                                   =================================================
2026-08-27 04:31:19 - mkk_pika - database.py:101 - INFO - 保存成功：C2lemon@EX
2026-08-27 04:31:19 - mkk_pika - main.py:35 - INFO - 开始检查ハメどる混沌！是否存在未下载章节
2026-08-27 04:31:20 - mkk_pika - main.py:45 - INFO - 正在下载:[ハメどる混沌！]-[リングアベル (伊佐美ノゾミ)]-[['同人', '短篇', '純愛']]-[total_pages:57]
2026-08-27 04:31:20 - mkk_pika - main.py:49 - INFO - [{'_id': '5b1bb112d1ce8c1776c2d4c0', 'title': '生肉', 'order': 1, 'updated_at': '2019-02-27T03:45:05.256Z', 'id': '5b1bb112d1ce8c1776c2d4c0'}, {'_id': '5c7607c19b0f6b11088848c4', 'title': '熟肉', 'order': 2, 'updated_at': '2019-02-26T14:11:51.665Z', 'id': '5c7607c19b0f6b11088848c4'}]
2026-08-27 04:31:20 - mkk_pika - database.py:215 - INFO - 第一次下载该漫画，记录数据库中
2026-08-27 04:31:20 - mkk_pika - main.py:83 - INFO - 找到 28 张图片在:生肉
2026-08-27 04:31:21 - mkk_pika - main.py:112 - INFO - [episode:生肉        ] downloaded:    28, total:  28, progress:100%
2026-08-27 04:31:21 - mkk_pika - database.py:238 - INFO - 数据库更新已下载章节
2026-08-27 04:31:21 - mkk_pika - database.py:244 - INFO - 该漫画已下载章节如下
2026-08-27 04:31:21 - mkk_pika - database.py:245 - INFO - ['生肉']
2026-08-27 04:31:23 - mkk_pika - main.py:83 - INFO - 找到 29 张图片在:熟肉
2026-08-27 04:31:23 - mkk_pika - main.py:112 - INFO - [episode:熟肉        ] downloaded:    29, total:  29, progress:100%
2026-08-27 04:31:23 - mkk_pika - database.py:238 - INFO - 数据库更新已下载章节
2026-08-27 04:31:23 - mkk_pika - database.py:244 - INFO - 该漫画已下载章节如下
2026-08-27 04:31:23 - mkk_pika - database.py:245 - INFO - ['生肉', '熟肉']
2026-08-27 04:31:25 - mkk_pika - main.py:348 - INFO - ==================== 漫画信息 ====================
                                   漫画ID：5b1bb112d1ce8c1776c2d4bf
                                   标题：ハメどる混沌！
                                   作者：リングアベル (伊佐美ノゾミ)
                                   是否完结：否
                                   总页数：57
                                   分类：同人,短篇,純愛
                                   章节数：2
                                   最后更新时间：2019-02-27T03:45:05.244Z
                                   =================================================
2026-08-27 04:31:25 - mkk_pika - database.py:101 - INFO - 保存成功：ハメどる混沌！
2026-08-27 04:31:25 - mkk_pika - main.py:35 - INFO - 开始检查コスプレ彼女 #BB (Fate／Grand Order)是否存在未下载章节
2026-08-27 04:31:25 - mkk_pika - main.py:45 - INFO - 正在下载:[コスプレ彼女 #BB (Fate／Grand Order)]-[OrangeMaru (JP06)]-[['短篇', '同人', 'Fate']]-[total_pages:19]
2026-08-27 04:31:25 - mkk_pika - main.py:49 - INFO - [{'_id': '5c7607ec93941078705a21f1', 'title': '第1集', 'order': 1, 'updated_at': '2019-02-26T14:38:39.929Z', 'id': '5c7607ec93941078705a21f1'}]
2026-08-27 04:31:25 - mkk_pika - database.py:215 - INFO - 第一次下载该漫画，记录数据库中
2026-08-27 04:31:25 - mkk_pika - main.py:83 - INFO - 找到 19 张图片在:第1集
2026-08-27 04:31:26 - mkk_pika - main.py:112 - INFO - [episode:第1集       ] downloaded:    19, total:  19, progress:100%
2026-08-27 04:31:26 - mkk_pika - database.py:238 - INFO - 数据库更新已下载章节
2026-08-27 04:31:26 - mkk_pika - database.py:244 - INFO - 该漫画已下载章节如下
2026-08-27 04:31:26 - mkk_pika - database.py:245 - INFO - ['第1集']
2026-08-27 04:31:27 - mkk_pika - main.py:348 - INFO - ==================== 漫画信息 ====================
                                   漫画ID：5c7607ec93941078705a21f0
                                   标题：コスプレ彼女 #BB (Fate／Grand Order)
                                   作者：OrangeMaru (JP06)
                                   是否完结：是
                                   总页数：19
                                   分类：短篇,同人,Fate
                                   章节数：1
                                   最后更新时间：2019-02-27T03:45:48.125Z
                                   =================================================
2026-08-27 04:31:27 - mkk_pika - database.py:101 - INFO - 保存成功：コスプレ彼女 #BB (Fate／Grand Order)
2026-08-27 04:31:27 - mkk_pika - main.py:35 - INFO - 开始检查SWEET MOON 2 (アイドルマスター)是否存在未下载章节
2026-08-27 04:31:27 - mkk_pika - main.py:45 - INFO - 正在下载:[SWEET MOON 2 (アイドルマスター)]-[PLANT (鶴井)]-[['短篇', '同人']]-[total_pages:47]
2026-08-27 04:31:27 - mkk_pika - main.py:49 - INFO - [{'_id': '5c7608781dfd97789549d22a', 'title': '第1集', 'order': 1, 'updated_at': '2019-02-26T13:49:49.502Z', 'id': '5c7608781dfd97789549d22a'}]
2026-08-27 04:31:27 - mkk_pika - database.py:215 - INFO - 第一次下载该漫画，记录数据库中
2026-08-27 04:31:28 - mkk_pika - main.py:83 - INFO - 找到 47 张图片在:第1集
2026-08-27 04:31:30 - mkk_pika - main.py:112 - INFO - [episode:第1集       ] downloaded:    47, total:  47, progress:100%
2026-08-27 04:31:30 - mkk_pika - database.py:238 - INFO - 数据库更新已下载章节
2026-08-27 04:31:30 - mkk_pika - database.py:244 - INFO - 该漫画已下载章节如下
2026-08-27 04:31:30 - mkk_pika - database.py:245 - INFO - ['第1集']
2026-08-27 04:31:31 - mkk_pika - main.py:348 - INFO - ==================== 漫画信息 ====================
                                   漫画ID：5c7608781dfd97789549d229
                                   标题：SWEET MOON 2 (アイドルマスター)
                                   作者：PLANT (鶴井)
                                   是否完结：否
                                   总页数：47
                                   分类：短篇,同人
                                   章节数：1
                                   最后更新时间：2019-02-27T03:48:08.108Z
                                   =================================================
2026-08-27 04:31:31 - mkk_pika - database.py:101 - INFO - 保存成功：SWEET MOON 2 (アイドルマスター)
2026-08-27 04:31:31 - mkk_pika - main.py:35 - INFO - 开始检查 ムチムチ母娘とハメ放題！～巨乳な彼女の母親は更にボインな爆乳熟女でした～是否存在未下载章节
2026-08-27 04:31:31 - mkk_pika - main.py:45 - INFO - 正在下载:[ ムチムチ母娘とハメ放題！～巨乳な彼女の母親は更にボインな爆乳熟女でした～]-[子豚の館 (らら8)]-[['長篇', '純愛', '人妻']]-[total_pages:80]
2026-08-27 04:31:31 - mkk_pika - main.py:49 - INFO - [{'_id': '5c76089a675be610e09900d2', 'title': '汉化版', 'order': 1, 'updated_at': '2019-02-26T15:23:53.654Z', 'id': '5c76089a675be610e09900d2'}]
2026-08-27 04:31:31 - mkk_pika - database.py:215 - INFO - 第一次下载该漫画，记录数据库中
2026-08-27 04:31:32 - mkk_pika - main.py:83 - INFO - 找到 80 张图片在:汉化版
2026-08-27 04:31:34 - mkk_pika - main.py:112 - INFO - [episode:汉化版       ] downloaded:    80, total:  80, progress:100%
2026-08-27 04:31:34 - mkk_pika - database.py:238 - INFO - 数据库更新已下载章节
2026-08-27 04:31:34 - mkk_pika - database.py:244 - INFO - 该漫画已下载章节如下
2026-08-27 04:31:34 - mkk_pika - database.py:245 - INFO - ['汉化版']
2026-08-27 04:31:35 - mkk_pika - main.py:348 - INFO - ==================== 漫画信息 ====================
                                   漫画ID：5c76089a675be610e09900d1
                                   标题： ムチムチ母娘とハメ放題！～巨乳な彼女の母親は更にボインな爆乳熟女でした～
                                   作者：子豚の館 (らら8)
                                   是否完结：是
                                   总页数：80
                                   分类：長篇,純愛,人妻
                                   章节数：1
                                   最后更新时间：2019-02-27T03:48:42.628Z
                                   =================================================
2026-08-27 04:31:35 - mkk_pika - database.py:101 - INFO - 保存成功： ムチムチ母娘とハメ放題！～巨乳な彼女の母親は更にボインな爆乳熟女でした～
2026-08-27 04:31:35 - mkk_pika - main.py:35 - INFO - 开始检查サキュバスちゃんとふたなり魔法是否存在未下载章节
2026-08-27 04:31:35 - mkk_pika - main.py:45 - INFO - 正在下载:[サキュバスちゃんとふたなり魔法]-[あおむし]-[['短篇', '扶他樂園', '強暴']]-[total_pages:17]
2026-08-27 04:31:35 - mkk_pika - main.py:49 - INFO - [{'_id': '5c7608c99b0f6b110888496f', 'title': '第1集', 'order': 1, 'updated_at': '2019-02-26T12:55:33.449Z', 'id': '5c7608c99b0f6b110888496f'}]
2026-08-27 04:31:35 - mkk_pika - database.py:215 - INFO - 第一次下载该漫画，记录数据库中
2026-08-27 04:31:36 - mkk_pika - main.py:83 - INFO - 找到 17 张图片在:第1集
2026-08-27 04:31:36 - mkk_pika - main.py:112 - INFO - [episode:第1集       ] downloaded:    17, total:  17, progress:100%
2026-08-27 04:31:36 - mkk_pika - database.py:238 - INFO - 数据库更新已下载章节
2026-08-27 04:31:36 - mkk_pika - database.py:244 - INFO - 该漫画已下载章节如下
2026-08-27 04:31:36 - mkk_pika - database.py:245 - INFO - ['第1集']
2026-08-27 04:31:38 - mkk_pika - main.py:348 - INFO - ==================== 漫画信息 ====================
                                   漫画ID：5c7608c99b0f6b110888496e
                                   标题：サキュバスちゃんとふたなり魔法
                                   作者：あおむし
                                   是否完结：是
                                   总页数：17
                                   分类：短篇,扶他樂園,強暴
                                   章节数：1
                                   最后更新时间：2019-02-27T03:49:29.915Z
                                   =================================================
2026-08-27 04:31:38 - mkk_pika - database.py:101 - INFO - 保存成功：サキュバスちゃんとふたなり魔法
2026-08-27 04:31:38 - mkk_pika - main.py:35 - INFO - 开始检查彼女は私を丸呑みしたい (オリジナル)是否存在未下载章节
2026-08-27 04:31:38 - mkk_pika - main.py:45 - INFO - 正在下载:[彼女は私を丸呑みしたい (オリジナル)]-[ifpark]-[['全彩', '短篇', '非人類', '純愛', '同人']]-[total_pages:31]
2026-08-27 04:31:38 - mkk_pika - main.py:49 - INFO - [{'_id': '5c7608ea674e61789b51413f', 'title': '第1集', 'order': 1, 'updated_at': '2019-02-26T13:07:19.648Z', 'id': '5c7608ea674e61789b51413f'}]
2026-08-27 04:31:38 - mkk_pika - database.py:215 - INFO - 第一次下载该漫画，记录数据库中
2026-08-27 04:31:39 - mkk_pika - main.py:83 - INFO - 找到 31 张图片在:第1集
2026-08-27 04:31:39 - mkk_pika - main.py:112 - INFO - [episode:第1集       ] downloaded:    31, total:  31, progress:100%
2026-08-27 04:31:39 - mkk_pika - database.py:238 - INFO - 数据库更新已下载章节
2026-08-27 04:31:39 - mkk_pika - database.py:244 - INFO - 该漫画已下载章节如下
2026-08-27 04:31:39 - mkk_pika - database.py:245 - INFO - ['第1集']
2026-08-27 04:31:41 - mkk_pika - main.py:348 - INFO - ==================== 漫画信息 ====================
                                   漫画ID：5c7608ea674e61789b51413e
                                   标题：彼女は私を丸呑みしたい (オリジナル)
                                   作者：ifpark
                                   是否完结：是
                                   总页数：31
                                   分类：全彩,短篇,非人類,純愛,同人
                                   章节数：1
                                   最后更新时间：2019-02-27T03:50:02.178Z
                                   =================================================
2026-08-27 04:31:41 - mkk_pika - database.py:101 - INFO - 保存成功：彼女は私を丸呑みしたい (オリジナル)
2026-08-27 04:31:41 - mkk_pika - main.py:35 - INFO - 开始检查オナホ教室 2穴目是否存在未下载章节
2026-08-27 04:31:41 - mkk_pika - main.py:45 - INFO - 正在下载:[オナホ教室 2穴目]-[大嘘]-[['短篇', '強暴', '足の恋']]-[total_pages:27]
2026-08-27 04:31:41 - mkk_pika - main.py:49 - INFO - [{'_id': '5c76091693941078705a220a', 'title': '第1集', 'order': 1, 'updated_at': '2019-02-26T12:31:58.912Z', 'id': '5c76091693941078705a220a'}]
2026-08-27 04:31:41 - mkk_pika - database.py:215 - INFO - 第一次下载该漫画，记录数据库中
2026-08-27 04:31:42 - mkk_pika - main.py:83 - INFO - 找到 27 张图片在:第1集
2026-08-27 04:31:42 - mkk_pika - main.py:112 - INFO - [episode:第1集       ] downloaded:    27, total:  27, progress:100%
2026-08-27 04:31:42 - mkk_pika - database.py:238 - INFO - 数据库更新已下载章节
2026-08-27 04:31:42 - mkk_pika - database.py:244 - INFO - 该漫画已下载章节如下
2026-08-27 04:31:42 - mkk_pika - database.py:245 - INFO - ['第1集']
2026-08-27 04:31:44 - mkk_pika - main.py:348 - INFO - ==================== 漫画信息 ====================
                                   漫画ID：5c76091693941078705a2209
                                   标题：オナホ教室 2穴目
                                   作者：大嘘
                                   是否完结：是
                                   总页数：27
                                   分类：短篇,強暴,足の恋
                                   章节数：1
                                   最后更新时间：2019-02-27T03:50:46.639Z
                                   =================================================
2026-08-27 04:31:44 - mkk_pika - database.py:101 - INFO - 保存成功：オナホ教室 2穴目
2026-08-27 04:31:44 - mkk_pika - main.py:35 - INFO - 开始检查オナホ教室 3穴目是否存在未下载章节
2026-08-27 04:31:44 - mkk_pika - main.py:45 - INFO - 正在下载:[オナホ教室 3穴目]-[大嘘]-[['短篇']]-[total_pages:23]
2026-08-27 04:31:44 - mkk_pika - main.py:49 - INFO - [{'_id': '5c760921f6543378687131a2', 'title': '第1集', 'order': 1, 'updated_at': '2019-02-26T12:39:05.388Z', 'id': '5c760921f6543378687131a2'}]
2026-08-27 04:31:44 - mkk_pika - database.py:215 - INFO - 第一次下载该漫画，记录数据库中
2026-08-27 04:31:45 - mkk_pika - main.py:83 - INFO - 找到 23 张图片在:第1集
2026-08-27 04:31:45 - mkk_pika - main.py:112 - INFO - [episode:第1集       ] downloaded:    23, total:  23, progress:100%
2026-08-27 04:31:45 - mkk_pika - database.py:238 - INFO - 数据库更新已下载章节
2026-08-27 04:31:45 - mkk_pika - database.py:244 - INFO - 该漫画已下载章节如下
2026-08-27 04:31:45 - mkk_pika - database.py:245 - INFO - ['第1集']
2026-08-27 04:31:46 - mkk_pika - main.py:348 - INFO - ==================== 漫画信息 ====================
                                   漫画ID：5c760921f6543378687131a1
                                   标题：オナホ教室 3穴目
                                   作者：大嘘
                                   是否完结：是
                                   总页数：23
                                   分类：短篇
                                   章节数：1
                                   最后更新时间：2019-02-27T03:50:57.235Z
                                   =================================================
2026-08-27 04:31:46 - mkk_pika - database.py:101 - INFO - 保存成功：オナホ教室 3穴目
2026-08-27 04:31:46 - mkk_pika - main.py:35 - INFO - 开始检查透明の魔法(魔法騎士レイアース)是否存在未下载章节
2026-08-27 04:31:47 - mkk_pika - main.py:45 - INFO - 正在下载:[透明の魔法(魔法騎士レイアース)]-[matine (iyutani)]-[['短篇', '同人', '純愛']]-[total_pages:39]
2026-08-27 04:31:47 - mkk_pika - main.py:49 - INFO - [{'_id': '5c76094893941078705a2227', 'title': '第1集', 'order': 1, 'updated_at': '2019-02-26T12:49:32.035Z', 'id': '5c76094893941078705a2227'}]
2026-08-27 04:31:47 - mkk_pika - database.py:215 - INFO - 第一次下载该漫画，记录数据库中
2026-08-27 04:31:47 - mkk_pika - main.py:83 - INFO - 找到 39 张图片在:第1集
2026-08-27 04:31:48 - mkk_pika - main.py:112 - INFO - [episode:第1集       ] downloaded:    39, total:  39, progress:100%
2026-08-27 04:31:48 - mkk_pika - database.py:238 - INFO - 数据库更新已下载章节
2026-08-27 04:31:48 - mkk_pika - database.py:244 - INFO - 该漫画已下载章节如下
2026-08-27 04:31:48 - mkk_pika - database.py:245 - INFO - ['第1集']
2026-08-27 04:31:50 - mkk_pika - main.py:348 - INFO - ==================== 漫画信息 ====================
                                   漫画ID：5c76094893941078705a2226
                                   标题：透明の魔法(魔法騎士レイアース)
                                   作者：matine (iyutani)
                                   是否完结：是
                                   总页数：39
                                   分类：短篇,同人,純愛
                                   章节数：1
                                   最后更新时间：2019-02-27T03:51:36.707Z
                                   =================================================
2026-08-27 04:31:50 - mkk_pika - database.py:101 - INFO - 保存成功：透明の魔法(魔法騎士レイアース)
2026-08-27 04:31:50 - mkk_pika - main.py:35 - INFO - 开始检查エレナさんで童貞卒業させてもらう本 (FateGrand Order)是否存在未下载章节
2026-08-27 04:31:50 - mkk_pika - main.py:45 - INFO - 正在下载:[エレナさんで童貞卒業させてもらう本 (FateGrand Order)]-[むおとラボ (むおと)]-[['短篇', '全彩', '同人', 'Fate']]-[total_pages:17]
2026-08-27 04:31:50 - mkk_pika - main.py:49 - INFO - [{'_id': '5c76095d1bea87122025afbb', 'title': '第1集', 'order': 1, 'updated_at': '2019-02-26T13:14:52.174Z', 'id': '5c76095d1bea87122025afbb'}]
2026-08-27 04:31:50 - mkk_pika - database.py:215 - INFO - 第一次下载该漫画，记录数据库中
2026-08-27 04:31:50 - mkk_pika - main.py:83 - INFO - 找到 17 张图片在:第1集
2026-08-27 04:31:51 - mkk_pika - main.py:112 - INFO - [episode:第1集       ] downloaded:    17, total:  17, progress:100%
2026-08-27 04:31:51 - mkk_pika - database.py:238 - INFO - 数据库更新已下载章节
2026-08-27 04:31:51 - mkk_pika - database.py:244 - INFO - 该漫画已下载章节如下
2026-08-27 04:31:51 - mkk_pika - database.py:245 - INFO - ['第1集']
2026-08-27 04:31:52 - mkk_pika - main.py:348 - INFO - ==================== 漫画信息 ====================
                                   漫画ID：5c76095d1bea87122025afba
                                   标题：エレナさんで童貞卒業させてもらう本 (FateGrand Order)
                                   作者：むおとラボ (むおと)
                                   是否完结：是
                                   总页数：17
                                   分类：短篇,全彩,同人,Fate
                                   章节数：1
                                   最后更新时间：2019-02-27T03:51:57.148Z
                                   =================================================
2026-08-27 04:31:52 - mkk_pika - database.py:101 - INFO - 保存成功：エレナさんで童貞卒業させてもらう本 (FateGrand Order)
2026-08-27 04:31:52 - mkk_pika - main.py:35 - INFO - 开始检查下校JSのしくみと反応の記録是否存在未下载章节
2026-08-27 04:31:53 - mkk_pika - main.py:45 - INFO - 正在下载:[下校JSのしくみと反応の記録]-[こけこっこ☆こま]-[['短篇', '強暴']]-[total_pages:24]
2026-08-27 04:31:53 - mkk_pika - main.py:49 - INFO - [{'_id': '5c7609a09b0f6b1108884983', 'title': '第1集', 'order': 1, 'updated_at': '2019-02-26T13:21:09.121Z', 'id': '5c7609a09b0f6b1108884983'}]
2026-08-27 04:31:53 - mkk_pika - database.py:215 - INFO - 第一次下载该漫画，记录数据库中
2026-08-27 04:31:53 - mkk_pika - main.py:83 - INFO - 找到 24 张图片在:第1集
2026-08-27 04:31:54 - mkk_pika - main.py:112 - INFO - [episode:第1集       ] downloaded:    24, total:  24, progress:100%
2026-08-27 04:31:54 - mkk_pika - database.py:238 - INFO - 数据库更新已下载章节
2026-08-27 04:31:54 - mkk_pika - database.py:244 - INFO - 该漫画已下载章节如下
2026-08-27 04:31:54 - mkk_pika - database.py:245 - INFO - ['第1集']
2026-08-27 04:31:55 - mkk_pika - main.py:348 - INFO - ==================== 漫画信息 ====================
                                   漫画ID：5c7609a09b0f6b1108884982
                                   标题：下校JSのしくみと反応の記録
                                   作者：こけこっこ☆こま
                                   是否完结：是
                                   总页数：24
                                   分类：短篇,強暴
                                   章节数：1
                                   最后更新时间：2019-02-27T03:53:04.070Z
                                   =================================================
2026-08-27 04:31:55 - mkk_pika - database.py:101 - INFO - 保存成功：下校JSのしくみと反応の記録
2026-08-27 04:31:55 - mkk_pika - main.py:35 - INFO - 开始检查 PoisonX (ポケットモンスター)是否存在未下载章节
2026-08-27 04:31:55 - mkk_pika - main.py:45 - INFO - 正在下载:[ PoisonX (ポケットモンスター)]-[天気輪 (甘露アメ)]-[['短篇', '同人', '強暴']]-[total_pages:20]
2026-08-27 04:31:55 - mkk_pika - main.py:49 - INFO - [{'_id': '5c760a08d8619921c2af04ef', 'title': '第1集', 'order': 1, 'updated_at': '2019-02-26T15:56:27.906Z', 'id': '5c760a08d8619921c2af04ef'}]
2026-08-27 04:31:55 - mkk_pika - database.py:215 - INFO - 第一次下载该漫画，记录数据库中
2026-08-27 04:31:56 - mkk_pika - main.py:83 - INFO - 找到 20 张图片在:第1集
2026-08-27 04:31:57 - mkk_pika - main.py:112 - INFO - [episode:第1集       ] downloaded:    20, total:  20, progress:100%
2026-08-27 04:31:57 - mkk_pika - database.py:238 - INFO - 数据库更新已下载章节
2026-08-27 04:31:57 - mkk_pika - database.py:244 - INFO - 该漫画已下载章节如下
2026-08-27 04:31:57 - mkk_pika - database.py:245 - INFO - ['第1集']
2026-08-27 04:31:58 - mkk_pika - main.py:348 - INFO - ==================== 漫画信息 ====================
                                   漫画ID：5c760a08d8619921c2af04ee
                                   标题： PoisonX (ポケットモンスター)
                                   作者：天気輪 (甘露アメ)
                                   是否完结：是
                                   总页数：20
                                   分类：短篇,同人,強暴
                                   章节数：1
                                   最后更新时间：2019-02-27T03:54:48.161Z
                                   =================================================
2026-08-27 04:31:58 - mkk_pika - database.py:101 - INFO - 保存成功： PoisonX (ポケットモンスター)
2026-08-27 04:31:58 - mkk_pika - main.py:35 - INFO - 开始检查 ぱっちゅん!MILK☆ (東方Project)是否存在未下载章节
2026-08-27 04:31:58 - mkk_pika - main.py:45 - INFO - 正在下载:[ ぱっちゅん!MILK☆ (東方Project)]-[ほむら屋 (焔すばる)]-[['短篇', '同人', '東方', '純愛', '百合花園']]-[total_pages:28]
2026-08-27 04:31:58 - mkk_pika - main.py:49 - INFO - [{'_id': '5c760a379b0f6b110888499d', 'title': '第1集', 'order': 1, 'updated_at': '2019-02-26T13:41:23.667Z', 'id': '5c760a379b0f6b110888499d'}]
2026-08-27 04:31:58 - mkk_pika - database.py:215 - INFO - 第一次下载该漫画，记录数据库中
2026-08-27 04:31:59 - mkk_pika - main.py:83 - INFO - 找到 28 张图片在:第1集
2026-08-27 04:32:00 - mkk_pika - main.py:112 - INFO - [episode:第1集       ] downloaded:    28, total:  28, progress:100%
2026-08-27 04:32:00 - mkk_pika - database.py:238 - INFO - 数据库更新已下载章节
2026-08-27 04:32:00 - mkk_pika - database.py:244 - INFO - 该漫画已下载章节如下
2026-08-27 04:32:00 - mkk_pika - database.py:245 - INFO - ['第1集']
2026-08-27 04:32:01 - mkk_pika - main.py:348 - INFO - ==================== 漫画信息 ====================
                                   漫画ID：5c760a379b0f6b110888499c
                                   标题： ぱっちゅん!MILK☆ (東方Project)
                                   作者：ほむら屋 (焔すばる)
                                   是否完结：是
                                   总页数：28
                                   分类：短篇,同人,東方,純愛,百合花園
                                   章节数：1
                                   最后更新时间：2019-02-27T03:55:35.810Z
                                   =================================================
2026-08-27 04:32:01 - mkk_pika - database.py:101 - INFO - 保存成功： ぱっちゅん!MILK☆ (東方Project)
2026-08-27 04:32:01 - mkk_pika - main.py:35 - INFO - 开始检查Lady x Lady（汉化）是否存在未下载章节
2026-08-27 04:32:01 - mkk_pika - main.py:45 - INFO - 正在下载:[Lady x Lady（汉化）]-[Lilium Ladies (よろず)]-[['純愛', '百合花園', '長篇']]-[total_pages:79]
2026-08-27 04:32:01 - mkk_pika - main.py:49 - INFO - [{'_id': '5c697fdf85d3b6227fdd07e0', 'title': '第1集', 'order': 1, 'updated_at': '2019-02-16T03:31:55.380Z', 'id': '5c697fdf85d3b6227fdd07e0'}, {'_id': '5c6cad1e179363719e96fe2e', 'title': '第2集', 'order': 2, 'updated_at': '2019-02-19T14:16:29.816Z', 'id': '5c6cad1e179363719e96fe2e'}, {'_id': '5c760a71d8619921c2af0506', 'title': '第3集', 'order': 3, 'updated_at': '2019-02-26T15:00:10.670Z', 'id': '5c760a71d8619921c2af0506'}, {'_id': '5c760a71d8619921c2af0507', 'title': '第4集', 'order': 4, 'updated_at': '2019-02-26T15:00:39.936Z', 'id': '5c760a71d8619921c2af0507'}]
2026-08-27 04:32:01 - mkk_pika - database.py:215 - INFO - 第一次下载该漫画，记录数据库中
2026-08-27 04:32:02 - mkk_pika - main.py:83 - INFO - 找到 23 张图片在:第1集
2026-08-27 04:32:02 - mkk_pika - main.py:112 - INFO - [episode:第1集       ] downloaded:    23, total:  23, progress:100%
2026-08-27 04:32:02 - mkk_pika - database.py:238 - INFO - 数据库更新已下载章节
2026-08-27 04:32:02 - mkk_pika - database.py:244 - INFO - 该漫画已下载章节如下
2026-08-27 04:32:02 - mkk_pika - database.py:245 - INFO - ['第1集']
2026-08-27 04:32:04 - mkk_pika - main.py:83 - INFO - 找到 18 张图片在:第2集
2026-08-27 04:32:04 - mkk_pika - main.py:112 - INFO - [episode:第2集       ] downloaded:    18, total:  18, progress:100%
2026-08-27 04:32:04 - mkk_pika - database.py:238 - INFO - 数据库更新已下载章节
2026-08-27 04:32:04 - mkk_pika - database.py:244 - INFO - 该漫画已下载章节如下
2026-08-27 04:32:04 - mkk_pika - database.py:245 - INFO - ['第1集', '第2集']
2026-08-27 04:32:06 - mkk_pika - main.py:83 - INFO - 找到 19 张图片在:第3集
2026-08-27 04:32:06 - mkk_pika - main.py:112 - INFO - [episode:第3集       ] downloaded:    19, total:  19, progress:100%
2026-08-27 04:32:06 - mkk_pika - database.py:238 - INFO - 数据库更新已下载章节
2026-08-27 04:32:06 - mkk_pika - database.py:244 - INFO - 该漫画已下载章节如下
2026-08-27 04:32:06 - mkk_pika - database.py:245 - INFO - ['第1集', '第2集', '第3集']
2026-08-27 04:32:08 - mkk_pika - main.py:83 - INFO - 找到 19 张图片在:第4集
2026-08-27 04:32:08 - mkk_pika - main.py:112 - INFO - [episode:第4集       ] downloaded:    19, total:  19, progress:100%
2026-08-27 04:32:08 - mkk_pika - database.py:238 - INFO - 数据库更新已下载章节
2026-08-27 04:32:08 - mkk_pika - database.py:244 - INFO - 该漫画已下载章节如下
2026-08-27 04:32:08 - mkk_pika - database.py:245 - INFO - ['第1集', '第2集', '第3集', '第4集']
2026-08-27 04:32:10 - mkk_pika - main.py:348 - INFO - ==================== 漫画信息 ====================
                                   漫画ID：5c697fdf85d3b6227fdd07df
                                   标题：Lady x Lady（汉化）
                                   作者：Lilium Ladies (よろず)
                                   是否完结：是
                                   总页数：79
                                   分类：純愛,百合花園,長篇
                                   章节数：4
                                   最后更新时间：2019-02-27T03:56:33.768Z
                                   =================================================
2026-08-27 04:32:10 - mkk_pika - database.py:101 - INFO - 保存成功：Lady x Lady（汉化）
2026-08-27 04:32:10 - mkk_pika - main.py:35 - INFO - 开始检查memento mori (魔法少女まどか☆マギカ)是否存在未下载章节
2026-08-27 04:32:10 - mkk_pika - main.py:45 - INFO - 正在下载:[memento mori (魔法少女まどか☆マギカ)]-[EAR-POP (みさぎ和)]-[['短篇', '同人', '圓神領域', '非人類', '強暴', '扶他樂園']]-[total_pages:26]
2026-08-27 04:32:10 - mkk_pika - main.py:49 - INFO - [{'_id': '5c760aa01dfd97789549d25f', 'title': '第1集', 'order': 1, 'updated_at': '2019-02-27T03:12:13.175Z', 'id': '5c760aa01dfd97789549d25f'}]
2026-08-27 04:32:10 - mkk_pika - database.py:215 - INFO - 第一次下载该漫画，记录数据库中
2026-08-27 04:32:11 - mkk_pika - main.py:83 - INFO - 找到 26 张图片在:第1集
2026-08-27 04:32:11 - mkk_pika - main.py:112 - INFO - [episode:第1集       ] downloaded:    26, total:  26, progress:100%
2026-08-27 04:32:11 - mkk_pika - database.py:238 - INFO - 数据库更新已下载章节
2026-08-27 04:32:11 - mkk_pika - database.py:244 - INFO - 该漫画已下载章节如下
2026-08-27 04:32:11 - mkk_pika - database.py:245 - INFO - ['第1集']
2026-08-27 04:32:12 - mkk_pika - main.py:348 - INFO - ==================== 漫画信息 ====================
                                   漫画ID：5c760aa01dfd97789549d25e
                                   标题：memento mori (魔法少女まどか☆マギカ)
                                   作者：EAR-POP (みさぎ和)
                                   是否完结：是
                                   总页数：26
                                   分类：短篇,同人,圓神領域,非人類,強暴,扶他樂園
                                   章节数：1
                                   最后更新时间：2019-02-27T03:57:20.826Z
                                   =================================================
2026-08-27 04:32:12 - mkk_pika - database.py:101 - INFO - 保存成功：memento mori (魔法少女まどか☆マギカ)
2026-08-27 04:32:12 - mkk_pika - main.py:35 - INFO - 开始检查(C95) 夢見るあなるちゃん是否存在未下载章节
2026-08-27 04:32:13 - mkk_pika - main.py:45 - INFO - 正在下载:[(C95) 夢見るあなるちゃん]-[牛乳屋さん (牛乳のみお)]-[['短篇']]-[total_pages:22]
2026-08-27 04:32:13 - mkk_pika - main.py:49 - INFO - [{'_id': '5c760acf42457b11e313b5ec', 'title': '第1集', 'order': 1, 'updated_at': '2019-02-27T03:21:33.459Z', 'id': '5c760acf42457b11e313b5ec'}]
2026-08-27 04:32:13 - mkk_pika - database.py:215 - INFO - 第一次下载该漫画，记录数据库中
2026-08-27 04:32:13 - mkk_pika - main.py:83 - INFO - 找到 22 张图片在:第1集
2026-08-27 04:32:14 - mkk_pika - main.py:112 - INFO - [episode:第1集       ] downloaded:    22, total:  22, progress:100%
2026-08-27 04:32:14 - mkk_pika - database.py:238 - INFO - 数据库更新已下载章节
2026-08-27 04:32:14 - mkk_pika - database.py:244 - INFO - 该漫画已下载章节如下
2026-08-27 04:32:14 - mkk_pika - database.py:245 - INFO - ['第1集']
2026-08-27 04:32:15 - mkk_pika - main.py:348 - INFO - ==================== 漫画信息 ====================
                                   漫画ID：5c760acf42457b11e313b5eb
                                   标题：(C95) 夢見るあなるちゃん
                                   作者：牛乳屋さん (牛乳のみお)
                                   是否完结：是
                                   总页数：22
                                   分类：短篇
                                   章节数：1
                                   最后更新时间：2019-02-27T03:58:07.937Z
                                   =================================================
2026-08-27 04:32:15 - mkk_pika - database.py:101 - INFO - 保存成功：(C95) 夢見るあなるちゃん
2026-08-27 04:32:15 - mkk_pika - main.py:35 - INFO - 开始检查 (C92)ももありシェアハウス (アイドルマスター シンデレラガールズ)是否存在未下载章节
2026-08-27 04:32:16 - mkk_pika - main.py:45 - INFO - 正在下载:[ (C92)ももありシェアハウス (アイドルマスター シンデレラガールズ)]-[木鈴亭 (木鈴カケル)]-[['短篇', '同人']]-[total_pages:19]
2026-08-27 04:32:16 - mkk_pika - main.py:49 - INFO - [{'_id': '5c760af9674e61789b51416b', 'title': '第1集', 'order': 1, 'updated_at': '2019-02-27T03:19:08.362Z', 'id': '5c760af9674e61789b51416b'}]
2026-08-27 04:32:16 - mkk_pika - database.py:215 - INFO - 第一次下载该漫画，记录数据库中
2026-08-27 04:32:16 - mkk_pika - main.py:83 - INFO - 找到 19 张图片在:第1集
2026-08-27 04:32:17 - mkk_pika - main.py:112 - INFO - [episode:第1集       ] downloaded:    19, total:  19, progress:100%
2026-08-27 04:32:17 - mkk_pika - database.py:238 - INFO - 数据库更新已下载章节
2026-08-27 04:32:17 - mkk_pika - database.py:244 - INFO - 该漫画已下载章节如下
2026-08-27 04:32:17 - mkk_pika - database.py:245 - INFO - ['第1集']
2026-08-27 04:32:18 - mkk_pika - main.py:348 - INFO - ==================== 漫画信息 ====================
                                   漫画ID：5c760af9674e61789b51416a
                                   标题： (C92)ももありシェアハウス (アイドルマスター シンデレラガールズ)
                                   作者：木鈴亭 (木鈴カケル)
                                   是否完结：否
                                   总页数：19
                                   分类：短篇,同人
                                   章节数：1
                                   最后更新时间：2019-02-27T03:58:49.501Z
                                   =================================================
2026-08-27 04:32:18 - mkk_pika - database.py:101 - INFO - 保存成功： (C92)ももありシェアハウス (アイドルマスター シンデレラガールズ)
2026-08-27 04:32:18 - mkk_pika - main.py:35 - INFO - 开始检查小麦色ないと！！[無修正]是否存在未下载章节
2026-08-27 04:32:19 - mkk_pika - main.py:45 - INFO - 正在下载:[小麦色ないと！！[無修正]]-[中乃空]-[['短篇', '純愛']]-[total_pages:13]
2026-08-27 04:32:19 - mkk_pika - main.py:49 - INFO - [{'_id': '5c760b7d675be610e099012e', 'title': '第1集', 'order': 1, 'updated_at': '2019-02-27T03:52:05.537Z', 'id': '5c760b7d675be610e099012e'}]
2026-08-27 04:32:19 - mkk_pika - database.py:215 - INFO - 第一次下载该漫画，记录数据库中
2026-08-27 04:32:20 - mkk_pika - main.py:83 - INFO - 找到 13 张图片在:第1集
2026-08-27 04:32:20 - mkk_pika - main.py:112 - INFO - [episode:第1集       ] downloaded:    13, total:  13, progress:100%
2026-08-27 04:32:20 - mkk_pika - database.py:238 - INFO - 数据库更新已下载章节
2026-08-27 04:32:20 - mkk_pika - database.py:244 - INFO - 该漫画已下载章节如下
2026-08-27 04:32:20 - mkk_pika - database.py:245 - INFO - ['第1集']
2026-08-27 04:32:22 - mkk_pika - main.py:348 - INFO - ==================== 漫画信息 ====================
                                   漫画ID：5c760b7d675be610e099012d
                                   标题：小麦色ないと！！[無修正]
                                   作者：中乃空
                                   是否完结：是
                                   总页数：13
                                   分类：短篇,純愛
                                   章节数：1
                                   最后更新时间：2019-02-27T04:01:01.471Z
                                   =================================================
2026-08-27 04:32:22 - mkk_pika - database.py:101 - INFO - 保存成功：小麦色ないと！！[無修正]
2026-08-27 04:32:22 - mkk_pika - main.py:35 - INFO - 开始检查ぱいドルマスター！ 淫亂偶像育成大師!是否存在未下载章节
2026-08-27 04:32:22 - mkk_pika - main.py:45 - INFO - 正在下载:[ぱいドルマスター！ 淫亂偶像育成大師!]-[もみやま]-[['長篇', '單行本', '純愛', '後宮閃光', '姐姐系', 'SM']]-[total_pages:204]
2026-08-27 04:32:22 - mkk_pika - main.py:49 - INFO - [{'_id': '5c760b91d8619921c2af0534', 'title': '淫亂偶像的單行本', 'order': 1, 'updated_at': '2019-02-22T10:32:15.589Z', 'id': '5c760b91d8619921c2af0534'}]
2026-08-27 04:32:22 - mkk_pika - database.py:215 - INFO - 第一次下载该漫画，记录数据库中
2026-08-27 04:32:24 - mkk_pika - main.py:83 - INFO - 找到 204 张图片在:淫亂偶像的單行本
2026-08-27 04:32:28 - mkk_pika - main.py:112 - INFO - [episode:淫亂偶像的單行本  ] downloaded:   204, total: 204, progress:100%
2026-08-27 04:32:28 - mkk_pika - database.py:238 - INFO - 数据库更新已下载章节
2026-08-27 04:32:28 - mkk_pika - database.py:244 - INFO - 该漫画已下载章节如下
2026-08-27 04:32:28 - mkk_pika - database.py:245 - INFO - ['淫亂偶像的單行本']
2026-08-27 04:32:29 - mkk_pika - main.py:348 - INFO - ==================== 漫画信息 ====================
                                   漫画ID：5c760b91d8619921c2af0533
                                   标题：ぱいドルマスター！ 淫亂偶像育成大師!
                                   作者：もみやま
                                   是否完结：是
                                   总页数：204
                                   分类：長篇,單行本,純愛,後宮閃光,姐姐系,SM
                                   章节数：1
                                   最后更新时间：2019-02-27T04:01:21.718Z
                                   =================================================
2026-08-27 04:32:29 - mkk_pika - database.py:101 - INFO - 保存成功：ぱいドルマスター！ 淫亂偶像育成大師!
2026-08-27 04:32:29 - mkk_pika - main.py:380 - INFO - 本次任务下载完毕
2026-08-27 04:32:29 - mkk_pika - database.py:173 - INFO - 数据库连接已关闭
