2026-08-29 04:06:56 - mkk_pika - main.py:193 - INFO - =======================================================================
2026-08-29 04:06:56 - mkk_pika - database.py:61 - INFO - 表和索引初始化成功
2026-08-29 04:06:56 - mkk_pika - main.py:197 - INFO - 已经累计下载19539本漫画
2026-08-29 04:06:56 - mkk_pika - api.py:87 - INFO - 登录成功
2026-08-29 04:06:56 - mkk_pika - main.py:203 - INFO - 收藏夹共计0本漫画
2026-08-29 04:06:56 - mkk_pika - main.py:206 - INFO - 开始下载收藏夹内未下载内容
2026-08-29 04:06:56 - mkk_pika - main.py:266 - INFO - 收藏夹内容下载完毕
2026-08-29 04:06:56 - mkk_pika - main.py:268 - INFO - 开始下载订阅内容
2026-08-29 04:06:56 - mkk_pika - database.py:258 - INFO - 根据ID查询到标题：萝莉 -> 椿ちゃんとコスプレHする本 | 和椿酱的换装色色本
2026-08-29 04:06:57 - mkk_pika - database.py:101 - INFO - 保存成功：椿ちゃんとコスプレHする本 | 和椿酱的换装色色本
2026-08-29 04:06:57 - mkk_pika - main.py:273 - INFO - 关键词萝莉找到0本漫画
2026-08-29 04:06:57 - mkk_pika - database.py:258 - INFO - 根据ID查询到标题：蘿莉 -> おはようホシノ (ブルーアーカイブ)
2026-08-29 04:06:58 - mkk_pika - database.py:101 - INFO - 保存成功：Artist Kichiku-Sensei（AI）
2026-08-29 04:06:58 - mkk_pika - main.py:273 - INFO - 关键词蘿莉找到5本漫画
2026-08-29 04:06:58 - mkk_pika - main.py:275 - INFO - 订阅内容共计5本漫画
2026-08-29 04:06:58 - mkk_pika - main.py:35 - INFO - 开始检查俺たちの天使ちゃんが便所ちゃんになった日是否存在未下载章节
2026-08-29 04:06:58 - mkk_pika - main.py:45 - INFO - 正在下载:[俺たちの天使ちゃんが便所ちゃんになった日]-[海通信 (なまもななせ)]-[['短篇']]-[total_pages:-1]
2026-08-29 04:06:58 - mkk_pika - main.py:49 - INFO - [{'_id': '6a91bbcbdd850a013d7e8b4e', 'title': '第1話', 'order': 1, 'updated_at': '2026-08-28T12:02:54.375Z', 'id': '6a91bbcbdd850a013d7e8b4e'}]
2026-08-29 04:06:58 - mkk_pika - database.py:215 - INFO - 第一次下载该漫画，记录数据库中
2026-08-29 04:06:59 - mkk_pika - main.py:83 - INFO - 找到 44 张图片在:第1話
2026-08-29 04:07:00 - mkk_pika - main.py:112 - INFO - [episode:第1話       ] downloaded:    44, total:  44, progress:100%
2026-08-29 04:07:00 - mkk_pika - database.py:238 - INFO - 数据库更新已下载章节
2026-08-29 04:07:00 - mkk_pika - database.py:244 - INFO - 该漫画已下载章节如下
2026-08-29 04:07:00 - mkk_pika - database.py:245 - INFO - ['第1話']
2026-08-29 04:07:01 - mkk_pika - main.py:292 - INFO - ==================== 漫画信息 ====================
                                漫画ID：6a91bbcbdd850a013d7e8b4d
                                标题：俺たちの天使ちゃんが便所ちゃんになった日
                                作者：海通信 (なまもななせ)
                                是否完结：否
                                总页数：44
                                分类：短篇
                                章节数：1
                                最后更新时间：2026-08-28T16:48:11.729Z
                                =================================================
2026-08-29 04:07:01 - mkk_pika - database.py:101 - INFO - 保存成功：俺たちの天使ちゃんが便所ちゃんになった日
2026-08-29 04:07:01 - mkk_pika - main.py:35 - INFO - 开始检查尾を振る兎は縛られる | 受縛玉兔搖尾乞憐 (ブルーアーカイブ) [中国翻訳] [DL版]是否存在未下载章节
2026-08-29 04:07:01 - mkk_pika - main.py:45 - INFO - 正在下载:[尾を振る兎は縛られる | 受縛玉兔搖尾乞憐 (ブルーアーカイブ) [中国翻訳] [DL版]]-[むぎちょこストア (むぎちょこ)]-[['短篇', '同人']]-[total_pages:-1]
2026-08-29 04:07:01 - mkk_pika - main.py:49 - INFO - [{'_id': '6a91b9cba9b9a22a71ad9ba4', 'title': '熟肉', 'order': 1, 'updated_at': '2026-08-27T18:11:11.211Z', 'id': '6a91b9cba9b9a22a71ad9ba4'}]
2026-08-29 04:07:01 - mkk_pika - database.py:215 - INFO - 第一次下载该漫画，记录数据库中
2026-08-29 04:07:02 - mkk_pika - main.py:83 - INFO - 找到 33 张图片在:熟肉
2026-08-29 04:07:03 - mkk_pika - main.py:112 - INFO - [episode:熟肉        ] downloaded:    33, total:  33, progress:100%
2026-08-29 04:07:03 - mkk_pika - database.py:238 - INFO - 数据库更新已下载章节
2026-08-29 04:07:03 - mkk_pika - database.py:244 - INFO - 该漫画已下载章节如下
2026-08-29 04:07:03 - mkk_pika - database.py:245 - INFO - ['熟肉']
2026-08-29 04:07:05 - mkk_pika - main.py:292 - INFO - ==================== 漫画信息 ====================
                                漫画ID：6a91b9cba9b9a22a71ad9ba3
                                标题：尾を振る兎は縛られる | 受縛玉兔搖尾乞憐 (ブルーアーカイブ) [中国翻訳] [DL版]
                                作者：むぎちょこストア (むぎちょこ)
                                是否完结：是
                                总页数：33
                                分类：短篇,同人
                                章节数：1
                                最后更新时间：2026-08-28T16:39:39.206Z
                                =================================================
2026-08-29 04:07:05 - mkk_pika - database.py:101 - INFO - 保存成功：尾を振る兎は縛られる | 受縛玉兔搖尾乞憐 (ブルーアーカイブ) [中国翻訳] [DL版]
2026-08-29 04:07:05 - mkk_pika - main.py:35 - INFO - 开始检查小◯生で妊娠して赤ちゃん産んじゃいました 総集編 [DL版][中国语]是否存在未下载章节
2026-08-29 04:07:05 - mkk_pika - main.py:45 - INFO - 正在下载:[小◯生で妊娠して赤ちゃん産んじゃいました 総集編 [DL版][中国语]]-[んつぁてぃむん (遊来りん)]-[['長篇', '單行本']]-[total_pages:-1]
2026-08-29 04:07:05 - mkk_pika - main.py:49 - INFO - [{'_id': '6a91b9a4a53de22d887c21ec', 'title': '第1話総集編生肉', 'order': 1, 'updated_at': '2026-08-27T17:15:58.282Z', 'id': '6a91b9a4a53de22d887c21ec'}, {'_id': '6a91b9a4a53de22d887c21ed', 'title': '第2話総集編熟肉AI翻译', 'order': 2, 'updated_at': '2026-08-27T17:30:45.535Z', 'id': '6a91b9a4a53de22d887c21ed'}]
2026-08-29 04:07:05 - mkk_pika - database.py:215 - INFO - 第一次下载该漫画，记录数据库中
2026-08-29 04:07:06 - mkk_pika - main.py:83 - INFO - 找到 172 张图片在:第1話総集編生肉
2026-08-29 04:07:14 - mkk_pika - main.py:112 - INFO - [episode:第1話総集編生肉  ] downloaded:   172, total: 172, progress:100%
2026-08-29 04:07:14 - mkk_pika - database.py:238 - INFO - 数据库更新已下载章节
2026-08-29 04:07:14 - mkk_pika - database.py:244 - INFO - 该漫画已下载章节如下
2026-08-29 04:07:14 - mkk_pika - database.py:245 - INFO - ['第1話総集編生肉']
2026-08-29 04:07:16 - mkk_pika - main.py:83 - INFO - 找到 172 张图片在:第2話総集編熟肉AI翻译
2026-08-29 04:07:22 - mkk_pika - main.py:112 - INFO - [episode:第2話総集編熟肉AI翻译] downloaded:   172, total: 172, progress:100%
2026-08-29 04:07:22 - mkk_pika - database.py:238 - INFO - 数据库更新已下载章节
2026-08-29 04:07:22 - mkk_pika - database.py:244 - INFO - 该漫画已下载章节如下
2026-08-29 04:07:22 - mkk_pika - database.py:245 - INFO - ['第1話総集編生肉', '第2話総集編熟肉AI翻译']
2026-08-29 04:07:24 - mkk_pika - main.py:292 - INFO - ==================== 漫画信息 ====================
                                漫画ID：6a91b9a4a53de22d887c21eb
                                标题：小◯生で妊娠して赤ちゃん産んじゃいました 総集編 [DL版][中国语]
                                作者：んつぁてぃむん (遊来りん)
                                是否完结：是
                                总页数：344
                                分类：長篇,單行本
                                章节数：2
                                最后更新时间：2026-08-28T16:39:00.257Z
                                =================================================
2026-08-29 04:07:24 - mkk_pika - database.py:101 - INFO - 保存成功：小◯生で妊娠して赤ちゃん産んじゃいました 総集編 [DL版][中国语]
2026-08-29 04:07:24 - mkk_pika - main.py:35 - INFO - 开始检查マコと秘密の悪戯 (いたずら) #1+3-5 [中国翻译]是否存在未下载章节
2026-08-29 04:07:24 - mkk_pika - database.py:203 - INFO - 查询数据库中是否已存在第1話熟肉マコと新秘密基地
2026-08-29 04:07:24 - mkk_pika - database.py:203 - INFO - 查询数据库中是否已存在第3話熟肉マコと学ぼう
2026-08-29 04:07:24 - mkk_pika - database.py:203 - INFO - 查询数据库中是否已存在第4話熟肉マコのお悩み相談室
2026-08-29 04:07:24 - mkk_pika - database.py:203 - INFO - 查询数据库中是否已存在第5話熟肉マコの想い出運動会
2026-08-29 04:07:24 - mkk_pika - main.py:45 - INFO - 正在下载:[マコと秘密の悪戯 (いたずら) #1+3-5 [中国翻译]]-[えろり屋 (たまちゆき)]-[['長篇']]-[total_pages:-1]
2026-08-29 04:07:24 - mkk_pika - main.py:49 - INFO - [{'_id': '6a91b972dd850a013d7e87dd', 'title': '第1話熟肉マコと新秘密基地', 'order': 1, 'updated_at': '2026-08-27T16:27:18.955Z', 'id': '6a91b972dd850a013d7e87dd'}]
2026-08-29 04:07:24 - mkk_pika - main.py:83 - INFO - 找到 24 张图片在:第1話熟肉マコと新秘密基地
2026-08-29 04:07:25 - mkk_pika - main.py:112 - INFO - [episode:第1話熟肉マコと新秘密基地] downloaded:    24, total:  24, progress:100%
2026-08-29 04:07:25 - mkk_pika - database.py:238 - INFO - 数据库更新已下载章节
2026-08-29 04:07:25 - mkk_pika - database.py:244 - INFO - 该漫画已下载章节如下
2026-08-29 04:07:25 - mkk_pika - database.py:245 - INFO - ['第3話熟肉マコと学ぼう', '第4話熟肉マコのお悩み相談室', '第5話熟肉マコの想い出運動会', '第1話熟肉マコと新秘密基地']
2026-08-29 04:07:26 - mkk_pika - main.py:292 - INFO - ==================== 漫画信息 ====================
                                漫画ID：68a46dae133f122d47832d21
                                标题：マコと秘密の悪戯 (いたずら) #1+3-5 [中国翻译]
                                作者：えろり屋 (たまちゆき)
                                是否完结：是
                                总页数：132
                                分类：長篇
                                章节数：4
                                最后更新时间：2026-08-28T16:38:10.374Z
                                =================================================
2026-08-29 04:07:26 - mkk_pika - database.py:101 - INFO - 保存成功：マコと秘密の悪戯 (いたずら) #1+3-5 [中国翻译]
2026-08-29 04:07:26 - mkk_pika - main.py:35 - INFO - 开始检查田中くんが僕たちの前で兄妹セックスした日のこと 是否存在未下载章节
2026-08-29 04:07:27 - mkk_pika - database.py:203 - INFO - 查询数据库中是否已存在第1話
2026-08-29 04:07:27 - mkk_pika - database.py:203 - INFO - 查询数据库中是否已存在第2話
2026-08-29 04:07:27 - mkk_pika - main.py:51 - INFO - 田中くんが僕たちの前で兄妹セックスした日のこと 中没有可下载章节
2026-08-29 04:07:27 - mkk_pika - main.py:292 - INFO - ==================== 漫画信息 ====================
                                漫画ID：656304295a68062fb51d3ed4
                                标题：田中くんが僕たちの前で兄妹セックスした日のこと 
                                作者：Lithiumの個人サークル (Lithium)
                                是否完结：是
                                总页数：70
                                分类：妹妹系,長篇
                                章节数：1
                                最后更新时间：2023-11-26T08:39:05.958Z
                                =================================================
2026-08-29 04:07:27 - mkk_pika - database.py:101 - INFO - 保存成功：田中くんが僕たちの前で兄妹セックスした日のこと 
2026-08-29 04:07:27 - mkk_pika - main.py:323 - INFO - 订阅内容内容下载完毕
2026-08-29 04:07:27 - mkk_pika - main.py:324 - INFO - 开始分批下载全部章节
2026-08-29 04:07:27 - mkk_pika - database.py:280 - INFO - 表和索引初始化成功
2026-08-29 04:07:27 - mkk_pika - main.py:177 - INFO - 已经下载了1488页，一共7107页，现在开始添加第1489页
2026-08-29 04:07:28 - mkk_pika - database.py:318 - INFO - 保存成功
2026-08-29 04:07:28 - mkk_pika - main.py:177 - INFO - 已经下载了1489页，一共7107页，现在开始添加第1490页
2026-08-29 04:07:28 - mkk_pika - database.py:318 - INFO - 保存成功
2026-08-29 04:07:29 - mkk_pika - main.py:177 - INFO - 已经下载了1490页，一共7107页，现在开始添加第1491页
2026-08-29 04:07:29 - mkk_pika - database.py:318 - INFO - 保存成功
2026-08-29 04:07:29 - mkk_pika - main.py:177 - INFO - 已经下载了1491页，一共7107页，现在开始添加第1492页
2026-08-29 04:07:30 - mkk_pika - database.py:318 - INFO - 保存成功
2026-08-29 04:07:30 - mkk_pika - main.py:177 - INFO - 已经下载了1492页，一共7107页，现在开始添加第1493页
2026-08-29 04:07:31 - mkk_pika - database.py:318 - INFO - 保存成功
2026-08-29 04:07:31 - mkk_pika - main.py:331 - INFO - 分批下载共计29本漫画
2026-08-29 04:07:31 - mkk_pika - main.py:35 - INFO - 开始检查リトルウィッチの恋 (リトルウィッチアカデミア)是否存在未下载章节
2026-08-29 04:07:31 - mkk_pika - main.py:45 - INFO - 正在下载:[リトルウィッチの恋 (リトルウィッチアカデミア)]-[崩坏兔]-[['同人', '短篇', '扶他樂園', '全彩', '百合花園']]-[total_pages:26]
2026-08-29 04:07:31 - mkk_pika - main.py:49 - INFO - [{'_id': '5c7900ff674e61789b51614c', 'title': '第1集', 'order': 1, 'updated_at': '2019-03-01T08:26:20.952Z', 'id': '5c7900ff674e61789b51614c'}]
2026-08-29 04:07:31 - mkk_pika - database.py:215 - INFO - 第一次下载该漫画，记录数据库中
2026-08-29 04:07:31 - mkk_pika - main.py:83 - INFO - 找到 26 张图片在:第1集
2026-08-29 04:07:32 - mkk_pika - main.py:112 - INFO - [episode:第1集       ] downloaded:    26, total:  26, progress:100%
2026-08-29 04:07:32 - mkk_pika - database.py:238 - INFO - 数据库更新已下载章节
2026-08-29 04:07:32 - mkk_pika - database.py:244 - INFO - 该漫画已下载章节如下
2026-08-29 04:07:32 - mkk_pika - database.py:245 - INFO - ['第1集']
2026-08-29 04:07:33 - mkk_pika - main.py:348 - INFO - ==================== 漫画信息 ====================
                                   漫画ID：5c7900ff674e61789b51614b
                                   标题：リトルウィッチの恋 (リトルウィッチアカデミア)
                                   作者：崩坏兔
                                   是否完结：是
                                   总页数：26
                                   分类：同人,短篇,扶他樂園,全彩,百合花園
                                   章节数：1
                                   最后更新时间：2019-03-01T09:53:03.021Z
                                   =================================================
2026-08-29 04:07:33 - mkk_pika - database.py:101 - INFO - 保存成功：リトルウィッチの恋 (リトルウィッチアカデミア)
2026-08-29 04:07:33 - mkk_pika - main.py:35 - INFO - 开始检查 (C92) ちょっとえっちなメグとマヤ (ご注文はうさぎですか )是否存在未下载章节
2026-08-29 04:07:33 - mkk_pika - main.py:45 - INFO - 正在下载:[ (C92) ちょっとえっちなメグとマヤ (ご注文はうさぎですか )]-[Kuma-puro (小路あゆむ)]-[['短篇', '同人']]-[total_pages:21]
2026-08-29 04:07:33 - mkk_pika - main.py:49 - INFO - [{'_id': '5c79015b14208621f110187a', 'title': '第1集', 'order': 1, 'updated_at': '2019-03-01T08:07:51.219Z', 'id': '5c79015b14208621f110187a'}]
2026-08-29 04:07:33 - mkk_pika - database.py:215 - INFO - 第一次下载该漫画，记录数据库中
2026-08-29 04:07:34 - mkk_pika - main.py:83 - INFO - 找到 21 张图片在:第1集
2026-08-29 04:07:34 - mkk_pika - main.py:112 - INFO - [episode:第1集       ] downloaded:    21, total:  21, progress:100%
2026-08-29 04:07:34 - mkk_pika - database.py:238 - INFO - 数据库更新已下载章节
2026-08-29 04:07:34 - mkk_pika - database.py:244 - INFO - 该漫画已下载章节如下
2026-08-29 04:07:34 - mkk_pika - database.py:245 - INFO - ['第1集']
2026-08-29 04:07:36 - mkk_pika - main.py:348 - INFO - ==================== 漫画信息 ====================
                                   漫画ID：5c79015b14208621f1101879
                                   标题： (C92) ちょっとえっちなメグとマヤ (ご注文はうさぎですか )
                                   作者：Kuma-puro (小路あゆむ)
                                   是否完结：否
                                   总页数：21
                                   分类：短篇,同人
                                   章节数：1
                                   最后更新时间：2019-03-01T09:54:35.103Z
                                   =================================================
2026-08-29 04:07:36 - mkk_pika - database.py:101 - INFO - 保存成功： (C92) ちょっとえっちなメグとマヤ (ご注文はうさぎですか )
2026-08-29 04:07:36 - mkk_pika - main.py:35 - INFO - 开始检查高山神社 のはるかさん是否存在未下载章节
2026-08-29 04:07:36 - mkk_pika - main.py:45 - INFO - 正在下载:[高山神社 のはるかさん]-[アシオ]-[['長篇', '妹妹系', '純愛']]-[total_pages:199]
2026-08-29 04:07:36 - mkk_pika - main.py:49 - INFO - [{'_id': '5c7a45c61bea87122025c260', 'title': '第1集', 'order': 1, 'updated_at': '2019-03-01T12:34:44.202Z', 'id': '5c7a45c61bea87122025c260'}]
2026-08-29 04:07:36 - mkk_pika - database.py:215 - INFO - 第一次下载该漫画，记录数据库中
2026-08-29 04:07:38 - mkk_pika - main.py:83 - INFO - 找到 199 张图片在:第1集
2026-08-29 04:07:42 - mkk_pika - main.py:112 - INFO - [episode:第1集       ] downloaded:   199, total: 199, progress:100%
2026-08-29 04:07:42 - mkk_pika - database.py:238 - INFO - 数据库更新已下载章节
2026-08-29 04:07:42 - mkk_pika - database.py:244 - INFO - 该漫画已下载章节如下
2026-08-29 04:07:42 - mkk_pika - database.py:245 - INFO - ['第1集']
2026-08-29 04:07:43 - mkk_pika - main.py:348 - INFO - ==================== 漫画信息 ====================
                                   漫画ID：5c7a45c61bea87122025c25f
                                   标题：高山神社 のはるかさん
                                   作者：アシオ
                                   是否完结：是
                                   总页数：199
                                   分类：長篇,妹妹系,純愛
                                   章节数：1
                                   最后更新时间：2019-03-02T08:58:46.359Z
                                   =================================================
2026-08-29 04:07:43 - mkk_pika - database.py:101 - INFO - 保存成功：高山神社 のはるかさん
2026-08-29 04:07:43 - mkk_pika - main.py:35 - INFO - 开始检查ガールズ&パニッシャー是否存在未下载章节
2026-08-29 04:07:43 - mkk_pika - main.py:45 - INFO - 正在下载:[ガールズ&パニッシャー]-[人生横滑り。]-[['同人', '短篇']]-[total_pages:58]
2026-08-29 04:07:43 - mkk_pika - main.py:49 - INFO - [{'_id': '5b2f7e3374c0dc06b32a40b2', 'title': '生肉', 'order': 1, 'updated_at': '2019-03-02T09:01:52.948Z', 'id': '5b2f7e3374c0dc06b32a40b2'}, {'_id': '5c7a46809b0f6b1108885bb2', 'title': '熟肉', 'order': 2, 'updated_at': '2019-03-01T13:51:53.360Z', 'id': '5c7a46809b0f6b1108885bb2'}]
2026-08-29 04:07:43 - mkk_pika - database.py:215 - INFO - 第一次下载该漫画，记录数据库中
2026-08-29 04:07:44 - mkk_pika - main.py:83 - INFO - 找到 28 张图片在:生肉
2026-08-29 04:07:45 - mkk_pika - main.py:112 - INFO - [episode:生肉        ] downloaded:    28, total:  28, progress:100%
2026-08-29 04:07:45 - mkk_pika - database.py:238 - INFO - 数据库更新已下载章节
2026-08-29 04:07:45 - mkk_pika - database.py:244 - INFO - 该漫画已下载章节如下
2026-08-29 04:07:45 - mkk_pika - database.py:245 - INFO - ['生肉']
2026-08-29 04:07:47 - mkk_pika - main.py:83 - INFO - 找到 30 张图片在:熟肉
2026-08-29 04:07:47 - mkk_pika - main.py:112 - INFO - [episode:熟肉        ] downloaded:    30, total:  30, progress:100%
2026-08-29 04:07:47 - mkk_pika - database.py:238 - INFO - 数据库更新已下载章节
2026-08-29 04:07:47 - mkk_pika - database.py:244 - INFO - 该漫画已下载章节如下
2026-08-29 04:07:47 - mkk_pika - database.py:245 - INFO - ['生肉', '熟肉']
2026-08-29 04:07:48 - mkk_pika - main.py:348 - INFO - ==================== 漫画信息 ====================
                                   漫画ID：5b2f7e3374c0dc06b32a40b1
                                   标题：ガールズ&パニッシャー
                                   作者：人生横滑り。
                                   是否完结：否
                                   总页数：58
                                   分类：同人,短篇
                                   章节数：2
                                   最后更新时间：2019-03-02T09:01:52.937Z
                                   =================================================
2026-08-29 04:07:48 - mkk_pika - database.py:101 - INFO - 保存成功：ガールズ&パニッシャー
2026-08-29 04:07:48 - mkk_pika - main.py:35 - INFO - 开始检查M-chan是否存在未下载章节
2026-08-29 04:07:49 - mkk_pika - main.py:45 - INFO - 正在下载:[M-chan]-[kinbakuman]-[['短篇', 'SM']]-[total_pages:28]
2026-08-29 04:07:49 - mkk_pika - main.py:49 - INFO - [{'_id': '5c7a469693941078705a4792', 'title': '第1集', 'order': 1, 'updated_at': '2019-03-01T15:10:06.610Z', 'id': '5c7a469693941078705a4792'}]
2026-08-29 04:07:49 - mkk_pika - database.py:215 - INFO - 第一次下载该漫画，记录数据库中
2026-08-29 04:07:49 - mkk_pika - main.py:83 - INFO - 找到 28 张图片在:第1集
2026-08-29 04:07:50 - mkk_pika - main.py:112 - INFO - [episode:第1集       ] downloaded:    28, total:  28, progress:100%
2026-08-29 04:07:50 - mkk_pika - database.py:238 - INFO - 数据库更新已下载章节
2026-08-29 04:07:50 - mkk_pika - database.py:244 - INFO - 该漫画已下载章节如下
2026-08-29 04:07:50 - mkk_pika - database.py:245 - INFO - ['第1集']
2026-08-29 04:07:51 - mkk_pika - main.py:348 - INFO - ==================== 漫画信息 ====================
                                   漫画ID：5c7a469693941078705a4791
                                   标题：M-chan
                                   作者：kinbakuman
                                   是否完结：是
                                   总页数：28
                                   分类：短篇,SM
                                   章节数：1
                                   最后更新时间：2019-03-02T09:02:14.733Z
                                   =================================================
2026-08-29 04:07:51 - mkk_pika - database.py:101 - INFO - 保存成功：M-chan
2026-08-29 04:07:51 - mkk_pika - main.py:35 - INFO - 开始检查 アカリパコパコ (ミライアカリ)是否存在未下载章节
2026-08-29 04:07:51 - mkk_pika - main.py:45 - INFO - 正在下载:[ アカリパコパコ (ミライアカリ)]-[DOLL PLAY (黒巣ガタリ)]-[['短篇', '同人', '純愛']]-[total_pages:28]
2026-08-29 04:07:51 - mkk_pika - main.py:49 - INFO - [{'_id': '5c7a473a5e8c2321baf9fab8', 'title': '第1集', 'order': 1, 'updated_at': '2019-03-01T15:19:23.356Z', 'id': '5c7a473a5e8c2321baf9fab8'}]
2026-08-29 04:07:51 - mkk_pika - database.py:215 - INFO - 第一次下载该漫画，记录数据库中
2026-08-29 04:07:52 - mkk_pika - main.py:83 - INFO - 找到 28 张图片在:第1集
2026-08-29 04:07:53 - mkk_pika - main.py:112 - INFO - [episode:第1集       ] downloaded:    28, total:  28, progress:100%
2026-08-29 04:07:53 - mkk_pika - database.py:238 - INFO - 数据库更新已下载章节
2026-08-29 04:07:53 - mkk_pika - database.py:244 - INFO - 该漫画已下载章节如下
2026-08-29 04:07:53 - mkk_pika - database.py:245 - INFO - ['第1集']
2026-08-29 04:07:54 - mkk_pika - main.py:348 - INFO - ==================== 漫画信息 ====================
                                   漫画ID：5c7a473a5e8c2321baf9fab7
                                   标题： アカリパコパコ (ミライアカリ)
                                   作者：DOLL PLAY (黒巣ガタリ)
                                   是否完结：是
                                   总页数：28
                                   分类：短篇,同人,純愛
                                   章节数：1
                                   最后更新时间：2019-03-02T09:04:58.019Z
                                   =================================================
2026-08-29 04:07:54 - mkk_pika - database.py:101 - INFO - 保存成功： アカリパコパコ (ミライアカリ)
2026-08-29 04:07:54 - mkk_pika - main.py:35 - INFO - 开始检查夜の厩舎と明日の君 (MARE HOLIC5 ケモラヴァEX)是否存在未下载章节
2026-08-29 04:07:54 - mkk_pika - main.py:45 - INFO - 正在下载:[夜の厩舎と明日の君 (MARE HOLIC5 ケモラヴァEX)]-[迷い猫 (奈賀つくね)]-[['短篇', '純愛', '非人類']]-[total_pages:4]
2026-08-29 04:07:54 - mkk_pika - main.py:49 - INFO - [{'_id': '5c7a4748c49b251117a3b400', 'title': '第1集', 'order': 1, 'updated_at': '2019-03-01T15:23:45.296Z', 'id': '5c7a4748c49b251117a3b400'}]
2026-08-29 04:07:54 - mkk_pika - database.py:215 - INFO - 第一次下载该漫画，记录数据库中
2026-08-29 04:07:55 - mkk_pika - main.py:83 - INFO - 找到 4 张图片在:第1集
2026-08-29 04:07:55 - mkk_pika - main.py:112 - INFO - [episode:第1集       ] downloaded:     4, total:   4, progress:100%
2026-08-29 04:07:55 - mkk_pika - database.py:238 - INFO - 数据库更新已下载章节
2026-08-29 04:07:55 - mkk_pika - database.py:244 - INFO - 该漫画已下载章节如下
2026-08-29 04:07:55 - mkk_pika - database.py:245 - INFO - ['第1集']
2026-08-29 04:07:56 - mkk_pika - main.py:348 - INFO - ==================== 漫画信息 ====================
                                   漫画ID：5c7a4748c49b251117a3b3ff
                                   标题：夜の厩舎と明日の君 (MARE HOLIC5 ケモラヴァEX)
                                   作者：迷い猫 (奈賀つくね)
                                   是否完结：是
                                   总页数：4
                                   分类：短篇,純愛,非人類
                                   章节数：1
                                   最后更新时间：2019-03-02T09:05:12.817Z
                                   =================================================
2026-08-29 04:07:56 - mkk_pika - database.py:101 - INFO - 保存成功：夜の厩舎と明日の君 (MARE HOLIC5 ケモラヴァEX)
2026-08-29 04:07:56 - mkk_pika - main.py:35 - INFO - 开始检查シャロとリゼの秘密のレッスン (ご注文はうさぎですか )是否存在未下载章节
2026-08-29 04:07:56 - mkk_pika - main.py:45 - INFO - 正在下载:[シャロとリゼの秘密のレッスン (ご注文はうさぎですか )]-[Singleton (あずまゆき)]-[['短篇', '同人', '百合花園', '純愛']]-[total_pages:27]
2026-08-29 04:07:56 - mkk_pika - main.py:49 - INFO - [{'_id': '5c7a476b5e8c2321baf9fad6', 'title': '第1集', 'order': 1, 'updated_at': '2019-03-01T15:39:02.858Z', 'id': '5c7a476b5e8c2321baf9fad6'}]
2026-08-29 04:07:56 - mkk_pika - database.py:215 - INFO - 第一次下载该漫画，记录数据库中
2026-08-29 04:07:57 - mkk_pika - main.py:83 - INFO - 找到 27 张图片在:第1集
2026-08-29 04:07:57 - mkk_pika - main.py:112 - INFO - [episode:第1集       ] downloaded:    27, total:  27, progress:100%
2026-08-29 04:07:57 - mkk_pika - database.py:238 - INFO - 数据库更新已下载章节
2026-08-29 04:07:57 - mkk_pika - database.py:244 - INFO - 该漫画已下载章节如下
2026-08-29 04:07:57 - mkk_pika - database.py:245 - INFO - ['第1集']
2026-08-29 04:07:59 - mkk_pika - main.py:348 - INFO - ==================== 漫画信息 ====================
                                   漫画ID：5c7a476b5e8c2321baf9fad5
                                   标题：シャロとリゼの秘密のレッスン (ご注文はうさぎですか )
                                   作者：Singleton (あずまゆき)
                                   是否完结：是
                                   总页数：27
                                   分类：短篇,同人,百合花園,純愛
                                   章节数：1
                                   最后更新时间：2019-03-02T09:05:47.533Z
                                   =================================================
2026-08-29 04:07:59 - mkk_pika - database.py:101 - INFO - 保存成功：シャロとリゼの秘密のレッスン (ご注文はうさぎですか )
2026-08-29 04:07:59 - mkk_pika - main.py:35 - INFO - 开始检查Love Me Tender another story (僕のヒーローアカデミア)是否存在未下载章节
2026-08-29 04:07:59 - mkk_pika - main.py:45 - INFO - 正在下载:[Love Me Tender another story (僕のヒーローアカデミア)]-[休日出勤 (ちかや)]-[['短篇', '同人', '性轉換', '純愛']]-[total_pages:66]
2026-08-29 04:07:59 - mkk_pika - main.py:49 - INFO - [{'_id': '5c7a48d093941078705a47cb', 'title': '第1集', 'order': 1, 'updated_at': '2019-03-01T15:44:41.878Z', 'id': '5c7a48d093941078705a47cb'}]
2026-08-29 04:07:59 - mkk_pika - database.py:215 - INFO - 第一次下载该漫画，记录数据库中
2026-08-29 04:08:00 - mkk_pika - main.py:83 - INFO - 找到 66 张图片在:第1集
2026-08-29 04:08:01 - mkk_pika - main.py:112 - INFO - [episode:第1集       ] downloaded:    66, total:  66, progress:100%
2026-08-29 04:08:01 - mkk_pika - database.py:238 - INFO - 数据库更新已下载章节
2026-08-29 04:08:01 - mkk_pika - database.py:244 - INFO - 该漫画已下载章节如下
2026-08-29 04:08:01 - mkk_pika - database.py:245 - INFO - ['第1集']
2026-08-29 04:08:02 - mkk_pika - main.py:348 - INFO - ==================== 漫画信息 ====================
                                   漫画ID：5c7a48d093941078705a47ca
                                   标题：Love Me Tender another story (僕のヒーローアカデミア)
                                   作者：休日出勤 (ちかや)
                                   是否完结：是
                                   总页数：66
                                   分类：短篇,同人,性轉換,純愛
                                   章节数：1
                                   最后更新时间：2019-03-02T09:11:44.108Z
                                   =================================================
2026-08-29 04:08:02 - mkk_pika - database.py:101 - INFO - 保存成功：Love Me Tender another story (僕のヒーローアカデミア)
2026-08-29 04:08:02 - mkk_pika - main.py:35 - INFO - 开始检查かるでぁんふりーばーど (Fate Grand Order)是否存在未下载章节
2026-08-29 04:08:02 - mkk_pika - main.py:45 - INFO - 正在下载:[かるでぁんふりーばーど (Fate Grand Order)]-[醤油の里 (霧島鮎)]-[['短篇', '同人', 'Fate', '後宮閃光']]-[total_pages:29]
2026-08-29 04:08:02 - mkk_pika - main.py:49 - INFO - [{'_id': '5c7a49471bea87122025c337', 'title': '第1集', 'order': 1, 'updated_at': '2019-03-02T02:06:54.518Z', 'id': '5c7a49471bea87122025c337'}]
2026-08-29 04:08:02 - mkk_pika - database.py:215 - INFO - 第一次下载该漫画，记录数据库中
2026-08-29 04:08:03 - mkk_pika - main.py:83 - INFO - 找到 29 张图片在:第1集
2026-08-29 04:08:04 - mkk_pika - main.py:112 - INFO - [episode:第1集       ] downloaded:    29, total:  29, progress:100%
2026-08-29 04:08:04 - mkk_pika - database.py:238 - INFO - 数据库更新已下载章节
2026-08-29 04:08:04 - mkk_pika - database.py:244 - INFO - 该漫画已下载章节如下
2026-08-29 04:08:04 - mkk_pika - database.py:245 - INFO - ['第1集']
2026-08-29 04:08:05 - mkk_pika - main.py:348 - INFO - ==================== 漫画信息 ====================
                                   漫画ID：5c7a49471bea87122025c336
                                   标题：かるでぁんふりーばーど (Fate Grand Order)
                                   作者：醤油の里 (霧島鮎)
                                   是否完结：是
                                   总页数：29
                                   分类：短篇,同人,Fate,後宮閃光
                                   章节数：1
                                   最后更新时间：2019-03-02T09:13:43.893Z
                                   =================================================
2026-08-29 04:08:05 - mkk_pika - database.py:101 - INFO - 保存成功：かるでぁんふりーばーど (Fate Grand Order)
2026-08-29 04:08:05 - mkk_pika - main.py:35 - INFO - 开始检查Aura so Sexy 3 (ファイナルファンタジーXIV)是否存在未下载章节
2026-08-29 04:08:05 - mkk_pika - main.py:45 - INFO - 正在下载:[Aura so Sexy 3 (ファイナルファンタジーXIV)]-[竹坊主 (タケペン)]-[['短篇', '同人', '全彩']]-[total_pages:17]
2026-08-29 04:08:05 - mkk_pika - main.py:49 - INFO - [{'_id': '5c7a49581dfd97789549fc9d', 'title': '第1集', 'order': 1, 'updated_at': '2019-03-02T02:12:58.916Z', 'id': '5c7a49581dfd97789549fc9d'}]
2026-08-29 04:08:05 - mkk_pika - database.py:215 - INFO - 第一次下载该漫画，记录数据库中
2026-08-29 04:08:06 - mkk_pika - main.py:83 - INFO - 找到 17 张图片在:第1集
2026-08-29 04:08:06 - mkk_pika - main.py:112 - INFO - [episode:第1集       ] downloaded:    17, total:  17, progress:100%
2026-08-29 04:08:06 - mkk_pika - database.py:238 - INFO - 数据库更新已下载章节
2026-08-29 04:08:06 - mkk_pika - database.py:244 - INFO - 该漫画已下载章节如下
2026-08-29 04:08:06 - mkk_pika - database.py:245 - INFO - ['第1集']
2026-08-29 04:08:07 - mkk_pika - main.py:348 - INFO - ==================== 漫画信息 ====================
                                   漫画ID：5c7a49581dfd97789549fc9c
                                   标题：Aura so Sexy 3 (ファイナルファンタジーXIV)
                                   作者：竹坊主 (タケペン)
                                   是否完结：是
                                   总页数：17
                                   分类：短篇,同人,全彩
                                   章节数：1
                                   最后更新时间：2019-03-02T09:14:00.394Z
                                   =================================================
2026-08-29 04:08:07 - mkk_pika - database.py:101 - INFO - 保存成功：Aura so Sexy 3 (ファイナルファンタジーXIV)
2026-08-29 04:08:07 - mkk_pika - main.py:35 - INFO - 开始检查熟蜜姫淫蕩伝3・上 (NARUTO -ナルト-)（汉化）是否存在未下载章节
2026-08-29 04:08:08 - mkk_pika - main.py:45 - INFO - 正在下载:[熟蜜姫淫蕩伝3・上 (NARUTO -ナルト-)（汉化）]-[あろまガエル (ヌマハナ)]-[['短篇', '同人']]-[total_pages:24]
2026-08-29 04:08:08 - mkk_pika - main.py:49 - INFO - [{'_id': '5c7a4976c49b251117a3b40d', 'title': '第1集', 'order': 1, 'updated_at': '2019-03-02T02:17:05.845Z', 'id': '5c7a4976c49b251117a3b40d'}]
2026-08-29 04:08:08 - mkk_pika - database.py:215 - INFO - 第一次下载该漫画，记录数据库中
2026-08-29 04:08:08 - mkk_pika - main.py:83 - INFO - 找到 24 张图片在:第1集
2026-08-29 04:08:09 - mkk_pika - main.py:112 - INFO - [episode:第1集       ] downloaded:    24, total:  24, progress:100%
2026-08-29 04:08:09 - mkk_pika - database.py:238 - INFO - 数据库更新已下载章节
2026-08-29 04:08:09 - mkk_pika - database.py:244 - INFO - 该漫画已下载章节如下
2026-08-29 04:08:09 - mkk_pika - database.py:245 - INFO - ['第1集']
2026-08-29 04:08:10 - mkk_pika - main.py:348 - INFO - ==================== 漫画信息 ====================
                                   漫画ID：5c7a4976c49b251117a3b40c
                                   标题：熟蜜姫淫蕩伝3・上 (NARUTO -ナルト-)（汉化）
                                   作者：あろまガエル (ヌマハナ)
                                   是否完结：是
                                   总页数：24
                                   分类：短篇,同人
                                   章节数：1
                                   最后更新时间：2019-03-02T09:14:30.406Z
                                   =================================================
2026-08-29 04:08:10 - mkk_pika - database.py:101 - INFO - 保存成功：熟蜜姫淫蕩伝3・上 (NARUTO -ナルト-)（汉化）
2026-08-29 04:08:10 - mkk_pika - main.py:35 - INFO - 开始检查翠性(COMIC快楽天ビースト 2019年1月号)[無修正]是否存在未下载章节
2026-08-29 04:08:10 - mkk_pika - main.py:45 - INFO - 正在下载:[翠性(COMIC快楽天ビースト 2019年1月号)[無修正]]-[紅村かる]-[['短篇', '純愛']]-[total_pages:20]
2026-08-29 04:08:10 - mkk_pika - main.py:49 - INFO - [{'_id': '5c7a49a7675be610e099122d', 'title': '第1集', 'order': 1, 'updated_at': '2019-03-02T02:29:06.878Z', 'id': '5c7a49a7675be610e099122d'}]
2026-08-29 04:08:10 - mkk_pika - database.py:215 - INFO - 第一次下载该漫画，记录数据库中
2026-08-29 04:08:11 - mkk_pika - main.py:83 - INFO - 找到 20 张图片在:第1集
2026-08-29 04:08:11 - mkk_pika - main.py:112 - INFO - [episode:第1集       ] downloaded:    20, total:  20, progress:100%
2026-08-29 04:08:11 - mkk_pika - database.py:238 - INFO - 数据库更新已下载章节
2026-08-29 04:08:11 - mkk_pika - database.py:244 - INFO - 该漫画已下载章节如下
2026-08-29 04:08:11 - mkk_pika - database.py:245 - INFO - ['第1集']
2026-08-29 04:08:13 - mkk_pika - main.py:348 - INFO - ==================== 漫画信息 ====================
                                   漫画ID：5c7a49a7675be610e099122c
                                   标题：翠性(COMIC快楽天ビースト 2019年1月号)[無修正]
                                   作者：紅村かる
                                   是否完结：是
                                   总页数：20
                                   分类：短篇,純愛
                                   章节数：1
                                   最后更新时间：2019-03-02T09:15:19.797Z
                                   =================================================
2026-08-29 04:08:13 - mkk_pika - database.py:101 - INFO - 保存成功：翠性(COMIC快楽天ビースト 2019年1月号)[無修正]
2026-08-29 04:08:13 - mkk_pika - main.py:35 - INFO - 开始检查橘ありすはPが好き (アイドルマスター シンデレラガールズ)（无修正）是否存在未下载章节
2026-08-29 04:08:13 - mkk_pika - main.py:45 - INFO - 正在下载:[橘ありすはPが好き (アイドルマスター シンデレラガールズ)（无修正）]-[ペッタン道場 (ペッタンP)]-[['短篇', '全彩', '同人', '純愛']]-[total_pages:22]
2026-08-29 04:08:13 - mkk_pika - main.py:49 - INFO - [{'_id': '5c7a49bfc49b251117a3b42b', 'title': '第1集', 'order': 1, 'updated_at': '2019-03-02T02:42:31.924Z', 'id': '5c7a49bfc49b251117a3b42b'}]
2026-08-29 04:08:13 - mkk_pika - database.py:215 - INFO - 第一次下载该漫画，记录数据库中
2026-08-29 04:08:13 - mkk_pika - main.py:83 - INFO - 找到 22 张图片在:第1集
2026-08-29 04:08:14 - mkk_pika - main.py:112 - INFO - [episode:第1集       ] downloaded:    22, total:  22, progress:100%
2026-08-29 04:08:14 - mkk_pika - database.py:238 - INFO - 数据库更新已下载章节
2026-08-29 04:08:14 - mkk_pika - database.py:244 - INFO - 该漫画已下载章节如下
2026-08-29 04:08:14 - mkk_pika - database.py:245 - INFO - ['第1集']
2026-08-29 04:08:15 - mkk_pika - main.py:348 - INFO - ==================== 漫画信息 ====================
                                   漫画ID：5c7a49bfc49b251117a3b42a
                                   标题：橘ありすはPが好き (アイドルマスター シンデレラガールズ)（无修正）
                                   作者：ペッタン道場 (ペッタンP)
                                   是否完结：是
                                   总页数：22
                                   分类：短篇,全彩,同人,純愛
                                   章节数：1
                                   最后更新时间：2019-03-02T09:15:43.882Z
                                   =================================================
2026-08-29 04:08:15 - mkk_pika - database.py:101 - INFO - 保存成功：橘ありすはPが好き (アイドルマスター シンデレラガールズ)（无修正）
2026-08-29 04:08:15 - mkk_pika - main.py:35 - INFO - 开始检查三国杀女英雄果图是否存在未下载章节
2026-08-29 04:08:15 - mkk_pika - main.py:45 - INFO - 正在下载:[三国杀女英雄果图]-[三国杀滑稽版游戏]-[['全彩']]-[total_pages:65]
2026-08-29 04:08:15 - mkk_pika - main.py:49 - INFO - [{'_id': '5c7a4a2e9b0f6b1108885c20', 'title': '66P', 'order': 1, 'updated_at': '2019-03-02T07:11:19.543Z', 'id': '5c7a4a2e9b0f6b1108885c20'}]
2026-08-29 04:08:15 - mkk_pika - database.py:215 - INFO - 第一次下载该漫画，记录数据库中
2026-08-29 04:08:16 - mkk_pika - main.py:83 - INFO - 找到 66 张图片在:66P
2026-08-29 04:08:17 - mkk_pika - main.py:112 - INFO - [episode:66P       ] downloaded:    66, total:  66, progress:100%
2026-08-29 04:08:17 - mkk_pika - database.py:238 - INFO - 数据库更新已下载章节
2026-08-29 04:08:17 - mkk_pika - database.py:244 - INFO - 该漫画已下载章节如下
2026-08-29 04:08:17 - mkk_pika - database.py:245 - INFO - ['66P']
2026-08-29 04:08:19 - mkk_pika - main.py:348 - INFO - ==================== 漫画信息 ====================
                                   漫画ID：5c7a4a2e9b0f6b1108885c1f
                                   标题：三国杀女英雄果图
                                   作者：三国杀滑稽版游戏
                                   是否完结：否
                                   总页数：65
                                   分类：全彩
                                   章节数：1
                                   最后更新时间：2019-03-02T09:17:34.668Z
                                   =================================================
2026-08-29 04:08:19 - mkk_pika - database.py:101 - INFO - 保存成功：三国杀女英雄果图
2026-08-29 04:08:19 - mkk_pika - main.py:35 - INFO - 开始检查Naughty (東方Project)是否存在未下载章节
2026-08-29 04:08:19 - mkk_pika - main.py:45 - INFO - 正在下载:[Naughty (東方Project)]-[朹条らーめん (朹條)]-[['短篇', '同人', '東方', '純愛']]-[total_pages:27]
2026-08-29 04:08:19 - mkk_pika - main.py:49 - INFO - [{'_id': '5c7a4a451dfd97789549fcba', 'title': '第1集', 'order': 1, 'updated_at': '2019-03-02T07:03:13.634Z', 'id': '5c7a4a451dfd97789549fcba'}]
2026-08-29 04:08:19 - mkk_pika - database.py:215 - INFO - 第一次下载该漫画，记录数据库中
2026-08-29 04:08:19 - mkk_pika - main.py:83 - INFO - 找到 27 张图片在:第1集
2026-08-29 04:08:20 - mkk_pika - main.py:112 - INFO - [episode:第1集       ] downloaded:    27, total:  27, progress:100%
2026-08-29 04:08:20 - mkk_pika - database.py:238 - INFO - 数据库更新已下载章节
2026-08-29 04:08:20 - mkk_pika - database.py:244 - INFO - 该漫画已下载章节如下
2026-08-29 04:08:20 - mkk_pika - database.py:245 - INFO - ['第1集']
2026-08-29 04:08:21 - mkk_pika - main.py:348 - INFO - ==================== 漫画信息 ====================
                                   漫画ID：5c7a4a451dfd97789549fcb9
                                   标题：Naughty (東方Project)
                                   作者：朹条らーめん (朹條)
                                   是否完结：是
                                   总页数：27
                                   分类：短篇,同人,東方,純愛
                                   章节数：1
                                   最后更新时间：2019-03-02T09:17:57.038Z
                                   =================================================
2026-08-29 04:08:21 - mkk_pika - database.py:101 - INFO - 保存成功：Naughty (東方Project)
2026-08-29 04:08:21 - mkk_pika - main.py:35 - INFO - 开始检查WALL (東方Project)是否存在未下载章节
2026-08-29 04:08:22 - mkk_pika - main.py:45 - INFO - 正在下载:[WALL (東方Project)]-[朹条らーめん (朹條)]-[['短篇', '同人', '東方', '後宮閃光']]-[total_pages:36]
2026-08-29 04:08:22 - mkk_pika - main.py:49 - INFO - [{'_id': '5c7a4a52674e61789b516cd3', 'title': '第1集', 'order': 1, 'updated_at': '2019-03-02T07:09:13.536Z', 'id': '5c7a4a52674e61789b516cd3'}]
2026-08-29 04:08:22 - mkk_pika - database.py:215 - INFO - 第一次下载该漫画，记录数据库中
2026-08-29 04:08:22 - mkk_pika - main.py:83 - INFO - 找到 36 张图片在:第1集
2026-08-29 04:08:23 - mkk_pika - main.py:112 - INFO - [episode:第1集       ] downloaded:    36, total:  36, progress:100%
2026-08-29 04:08:23 - mkk_pika - database.py:238 - INFO - 数据库更新已下载章节
2026-08-29 04:08:23 - mkk_pika - database.py:244 - INFO - 该漫画已下载章节如下
2026-08-29 04:08:23 - mkk_pika - database.py:245 - INFO - ['第1集']
2026-08-29 04:08:24 - mkk_pika - main.py:348 - INFO - ==================== 漫画信息 ====================
                                   漫画ID：5c7a4a52674e61789b516cd2
                                   标题：WALL (東方Project)
                                   作者：朹条らーめん (朹條)
                                   是否完结：是
                                   总页数：36
                                   分类：短篇,同人,東方,後宮閃光
                                   章节数：1
                                   最后更新时间：2019-03-02T09:18:10.005Z
                                   =================================================
2026-08-29 04:08:24 - mkk_pika - database.py:101 - INFO - 保存成功：WALL (東方Project)
2026-08-29 04:08:24 - mkk_pika - main.py:35 - INFO - 开始检查みだらすいっち 淫亂的開關 [日版漢化單行本版]是否存在未下载章节
2026-08-29 04:08:25 - mkk_pika - main.py:45 - INFO - 正在下载:[みだらすいっち 淫亂的開關 [日版漢化單行本版]]-[れぐでく]-[['長篇', '純愛', '後宮閃光', '單行本', '姐姐系', '妹妹系', 'SM', '人妻', 'NTR', '非人類']]-[total_pages:189]
2026-08-29 04:08:25 - mkk_pika - main.py:49 - INFO - [{'_id': '5c7a4a971dfd97789549fdcd', 'title': '淫亂的社保單行本', 'order': 1, 'updated_at': '2019-03-01T10:12:04.653Z', 'id': '5c7a4a971dfd97789549fdcd'}]
2026-08-29 04:08:25 - mkk_pika - database.py:215 - INFO - 第一次下载该漫画，记录数据库中
2026-08-29 04:08:26 - mkk_pika - main.py:83 - INFO - 找到 189 张图片在:淫亂的社保單行本
2026-08-29 04:08:30 - mkk_pika - main.py:112 - INFO - [episode:淫亂的社保單行本  ] downloaded:   189, total: 189, progress:100%
2026-08-29 04:08:30 - mkk_pika - database.py:238 - INFO - 数据库更新已下载章节
2026-08-29 04:08:30 - mkk_pika - database.py:244 - INFO - 该漫画已下载章节如下
2026-08-29 04:08:30 - mkk_pika - database.py:245 - INFO - ['淫亂的社保單行本']
2026-08-29 04:08:31 - mkk_pika - main.py:348 - INFO - ==================== 漫画信息 ====================
                                   漫画ID：5c7a4a971dfd97789549fdcc
                                   标题：みだらすいっち 淫亂的開關 [日版漢化單行本版]
                                   作者：れぐでく
                                   是否完结：是
                                   总页数：189
                                   分类：長篇,純愛,後宮閃光,單行本,姐姐系,妹妹系,SM,人妻,NTR,非人類
                                   章节数：1
                                   最后更新时间：2019-03-02T09:19:19.668Z
                                   =================================================
2026-08-29 04:08:31 - mkk_pika - database.py:101 - INFO - 保存成功：みだらすいっち 淫亂的開關 [日版漢化單行本版]
2026-08-29 04:08:31 - mkk_pika - main.py:35 - INFO - 开始检查取り扱い注意!!魔法の脱毛クリーム。3是否存在未下载章节
2026-08-29 04:08:31 - mkk_pika - main.py:45 - INFO - 正在下载:[取り扱い注意!!魔法の脱毛クリーム。3]-[T.4.P (猫玄)]-[['性轉換']]-[total_pages:28]
2026-08-29 04:08:31 - mkk_pika - main.py:49 - INFO - [{'_id': '5c7a4ace93941078705a487a', 'title': '第1集', 'order': 1, 'updated_at': '2019-03-01T20:37:46.724Z', 'id': '5c7a4ace93941078705a487a'}]
2026-08-29 04:08:31 - mkk_pika - database.py:215 - INFO - 第一次下载该漫画，记录数据库中
2026-08-29 04:08:32 - mkk_pika - main.py:83 - INFO - 找到 28 张图片在:第1集
2026-08-29 04:08:32 - mkk_pika - main.py:112 - INFO - [episode:第1集       ] downloaded:    28, total:  28, progress:100%
2026-08-29 04:08:32 - mkk_pika - database.py:238 - INFO - 数据库更新已下载章节
2026-08-29 04:08:32 - mkk_pika - database.py:244 - INFO - 该漫画已下载章节如下
2026-08-29 04:08:32 - mkk_pika - database.py:245 - INFO - ['第1集']
2026-08-29 04:08:34 - mkk_pika - main.py:348 - INFO - ==================== 漫画信息 ====================
                                   漫画ID：5c7a4ace93941078705a4879
                                   标题：取り扱い注意!!魔法の脱毛クリーム。3
                                   作者：T.4.P (猫玄)
                                   是否完结：是
                                   总页数：28
                                   分类：性轉換
                                   章节数：1
                                   最后更新时间：2019-03-02T09:20:14.656Z
                                   =================================================
2026-08-29 04:08:34 - mkk_pika - database.py:101 - INFO - 保存成功：取り扱い注意!!魔法の脱毛クリーム。3
2026-08-29 04:08:34 - mkk_pika - main.py:35 - INFO - 开始检查閉ざされた淫習の村～極上の名器を持つ少女～ 與世隔絕的淫習之村是否存在未下载章节
2026-08-29 04:08:34 - mkk_pika - main.py:45 - INFO - 正在下载:[閉ざされた淫習の村～極上の名器を持つ少女～ 與世隔絕的淫習之村]-[遥巴絵]-[['長篇', '單行本', '純愛', '妹妹系', '強暴', '人妻', '非人類']]-[total_pages:177]
2026-08-29 04:08:34 - mkk_pika - main.py:49 - INFO - [{'_id': '5c7aa38a674e61789b51723d', 'title': '淫習之村的單行本', 'order': 1, 'updated_at': '2019-02-28T12:18:07.798Z', 'id': '5c7aa38a674e61789b51723d'}]
2026-08-29 04:08:34 - mkk_pika - database.py:215 - INFO - 第一次下载该漫画，记录数据库中
2026-08-29 04:08:36 - mkk_pika - main.py:83 - INFO - 找到 177 张图片在:淫習之村的單行本
2026-08-29 04:08:39 - mkk_pika - main.py:112 - INFO - [episode:淫習之村的單行本  ] downloaded:   177, total: 177, progress:100%
2026-08-29 04:08:39 - mkk_pika - database.py:238 - INFO - 数据库更新已下载章节
2026-08-29 04:08:39 - mkk_pika - database.py:244 - INFO - 该漫画已下载章节如下
2026-08-29 04:08:39 - mkk_pika - database.py:245 - INFO - ['淫習之村的單行本']
2026-08-29 04:08:40 - mkk_pika - main.py:348 - INFO - ==================== 漫画信息 ====================
                                   漫画ID：5c7aa38a674e61789b51723c
                                   标题：閉ざされた淫習の村～極上の名器を持つ少女～ 與世隔絕的淫習之村
                                   作者：遥巴絵
                                   是否完结：是
                                   总页数：177
                                   分类：長篇,單行本,純愛,妹妹系,強暴,人妻,非人類
                                   章节数：1
                                   最后更新时间：2019-03-02T15:38:50.278Z
                                   =================================================
2026-08-29 04:08:40 - mkk_pika - database.py:101 - INFO - 保存成功：閉ざされた淫習の村～極上の名器を持つ少女～ 與世隔絕的淫習之村
2026-08-29 04:08:40 - mkk_pika - main.py:35 - INFO - 开始检查あ～～～っきゃわたん ユグドラシルがマジ超パネェんスよ！ (グランブルーファンタジー)是否存在未下载章节
2026-08-29 04:08:40 - mkk_pika - main.py:45 - INFO - 正在下载:[あ～～～っきゃわたん ユグドラシルがマジ超パネェんスよ！ (グランブルーファンタジー)]-[バームクーヘン (あらきかなお)]-[['短篇', '同人', '非人類', '碧藍幻想']]-[total_pages:28]
2026-08-29 04:08:40 - mkk_pika - main.py:49 - INFO - [{'_id': '5c7ac04f675be610e099155f', 'title': '第1集', 'order': 1, 'updated_at': '2019-03-02T01:59:18.487Z', 'id': '5c7ac04f675be610e099155f'}]
2026-08-29 04:08:40 - mkk_pika - database.py:215 - INFO - 第一次下载该漫画，记录数据库中
2026-08-29 04:08:41 - mkk_pika - main.py:83 - INFO - 找到 28 张图片在:第1集
2026-08-29 04:08:42 - mkk_pika - main.py:112 - INFO - [episode:第1集       ] downloaded:    28, total:  28, progress:100%
2026-08-29 04:08:42 - mkk_pika - database.py:238 - INFO - 数据库更新已下载章节
2026-08-29 04:08:42 - mkk_pika - database.py:244 - INFO - 该漫画已下载章节如下
2026-08-29 04:08:42 - mkk_pika - database.py:245 - INFO - ['第1集']
2026-08-29 04:08:43 - mkk_pika - main.py:348 - INFO - ==================== 漫画信息 ====================
                                   漫画ID：5c7ac04f675be610e099155e
                                   标题：あ～～～っきゃわたん ユグドラシルがマジ超パネェんスよ！ (グランブルーファンタジー)
                                   作者：バームクーヘン (あらきかなお)
                                   是否完结：是
                                   总页数：28
                                   分类：短篇,同人,非人類,碧藍幻想
                                   章节数：1
                                   最后更新时间：2019-03-02T17:41:35.353Z
                                   =================================================
2026-08-29 04:08:43 - mkk_pika - database.py:101 - INFO - 保存成功：あ～～～っきゃわたん ユグドラシルがマジ超パネェんスよ！ (グランブルーファンタジー)
2026-08-29 04:08:43 - mkk_pika - main.py:35 - INFO - 开始检查Who is the monster?是否存在未下载章节
2026-08-29 04:08:43 - mkk_pika - main.py:45 - INFO - 正在下载:[Who is the monster?]-[眼魔礼]-[['短篇', '非人類', '純愛']]-[total_pages:18]
2026-08-29 04:08:43 - mkk_pika - main.py:49 - INFO - [{'_id': '5c7ac05c9b0f6b1108885f5b', 'title': '第1集', 'order': 1, 'updated_at': '2019-03-02T11:02:11.676Z', 'id': '5c7ac05c9b0f6b1108885f5b'}]
2026-08-29 04:08:43 - mkk_pika - database.py:215 - INFO - 第一次下载该漫画，记录数据库中
2026-08-29 04:08:44 - mkk_pika - main.py:83 - INFO - 找到 18 张图片在:第1集
2026-08-29 04:08:44 - mkk_pika - main.py:112 - INFO - [episode:第1集       ] downloaded:    18, total:  18, progress:100%
2026-08-29 04:08:44 - mkk_pika - database.py:238 - INFO - 数据库更新已下载章节
2026-08-29 04:08:44 - mkk_pika - database.py:244 - INFO - 该漫画已下载章节如下
2026-08-29 04:08:44 - mkk_pika - database.py:245 - INFO - ['第1集']
2026-08-29 04:08:45 - mkk_pika - main.py:348 - INFO - ==================== 漫画信息 ====================
                                   漫画ID：5c7ac05c9b0f6b1108885f5a
                                   标题：Who is the monster?
                                   作者：眼魔礼
                                   是否完结：是
                                   总页数：18
                                   分类：短篇,非人類,純愛
                                   章节数：1
                                   最后更新时间：2019-03-02T17:41:48.161Z
                                   =================================================
2026-08-29 04:08:45 - mkk_pika - database.py:101 - INFO - 保存成功：Who is the monster?
2026-08-29 04:08:45 - mkk_pika - main.py:35 - INFO - 开始检查アバンチュール (コミックアンリアル 2018年12月号 Vol.76)是否存在未下载章节
2026-08-29 04:08:46 - mkk_pika - main.py:45 - INFO - 正在下载:[アバンチュール (コミックアンリアル 2018年12月号 Vol.76)]-[淡夢]-[['短篇', '純愛']]-[total_pages:19]
2026-08-29 04:08:46 - mkk_pika - main.py:49 - INFO - [{'_id': '5c7ac074675be610e099157e', 'title': '第1集', 'order': 1, 'updated_at': '2019-03-02T11:12:10.512Z', 'id': '5c7ac074675be610e099157e'}]
2026-08-29 04:08:46 - mkk_pika - database.py:215 - INFO - 第一次下载该漫画，记录数据库中
2026-08-29 04:08:47 - mkk_pika - main.py:83 - INFO - 找到 19 张图片在:第1集
2026-08-29 04:08:47 - mkk_pika - main.py:112 - INFO - [episode:第1集       ] downloaded:    19, total:  19, progress:100%
2026-08-29 04:08:47 - mkk_pika - database.py:238 - INFO - 数据库更新已下载章节
2026-08-29 04:08:47 - mkk_pika - database.py:244 - INFO - 该漫画已下载章节如下
2026-08-29 04:08:47 - mkk_pika - database.py:245 - INFO - ['第1集']
2026-08-29 04:08:49 - mkk_pika - main.py:348 - INFO - ==================== 漫画信息 ====================
                                   漫画ID：5c7ac074675be610e099157d
                                   标题：アバンチュール (コミックアンリアル 2018年12月号 Vol.76)
                                   作者：淡夢
                                   是否完结：是
                                   总页数：19
                                   分类：短篇,純愛
                                   章节数：1
                                   最后更新时间：2019-03-02T17:42:12.710Z
                                   =================================================
2026-08-29 04:08:49 - mkk_pika - database.py:101 - INFO - 保存成功：アバンチュール (コミックアンリアル 2018年12月号 Vol.76)
2026-08-29 04:08:49 - mkk_pika - main.py:35 - INFO - 开始检查ムラムラ!ルーミアちゃんV是否存在未下载章节
2026-08-29 04:08:49 - mkk_pika - main.py:45 - INFO - 正在下载:[ムラムラ!ルーミアちゃんV]-[SEACLOUD (荒居栂美)]-[['同人', '短篇', '百合花園', '東方']]-[total_pages:45]
2026-08-29 04:08:49 - mkk_pika - main.py:49 - INFO - [{'_id': '5b328424ba8c1d1efa1a9696', 'title': '生肉', 'order': 1, 'updated_at': '2019-03-02T17:44:21.523Z', 'id': '5b328424ba8c1d1efa1a9696'}, {'_id': '5c7ac0f542457b11e313d347', 'title': '熟肉', 'order': 2, 'updated_at': '2019-03-02T14:00:23.779Z', 'id': '5c7ac0f542457b11e313d347'}]
2026-08-29 04:08:49 - mkk_pika - database.py:215 - INFO - 第一次下载该漫画，记录数据库中
2026-08-29 04:08:49 - mkk_pika - main.py:83 - INFO - 找到 22 张图片在:生肉
2026-08-29 04:08:50 - mkk_pika - main.py:112 - INFO - [episode:生肉        ] downloaded:    22, total:  22, progress:100%
2026-08-29 04:08:50 - mkk_pika - database.py:238 - INFO - 数据库更新已下载章节
2026-08-29 04:08:50 - mkk_pika - database.py:244 - INFO - 该漫画已下载章节如下
2026-08-29 04:08:50 - mkk_pika - database.py:245 - INFO - ['生肉']
2026-08-29 04:08:51 - mkk_pika - main.py:83 - INFO - 找到 23 张图片在:熟肉
2026-08-29 04:08:52 - mkk_pika - main.py:112 - INFO - [episode:熟肉        ] downloaded:    23, total:  23, progress:100%
2026-08-29 04:08:52 - mkk_pika - database.py:238 - INFO - 数据库更新已下载章节
2026-08-29 04:08:52 - mkk_pika - database.py:244 - INFO - 该漫画已下载章节如下
2026-08-29 04:08:52 - mkk_pika - database.py:245 - INFO - ['生肉', '熟肉']
2026-08-29 04:08:53 - mkk_pika - main.py:348 - INFO - ==================== 漫画信息 ====================
                                   漫画ID：5b328424ba8c1d1efa1a9695
                                   标题：ムラムラ!ルーミアちゃんV
                                   作者：SEACLOUD (荒居栂美)
                                   是否完结：否
                                   总页数：45
                                   分类：同人,短篇,百合花園,東方
                                   章节数：2
                                   最后更新时间：2019-03-02T17:44:21.502Z
                                   =================================================
2026-08-29 04:08:53 - mkk_pika - database.py:101 - INFO - 保存成功：ムラムラ!ルーミアちゃんV
2026-08-29 04:08:53 - mkk_pika - main.py:35 - INFO - 开始检查三思而後言 是否存在未下载章节
2026-08-29 04:08:53 - mkk_pika - main.py:45 - INFO - 正在下载:[三思而後言 ]-[宝井理人＆雅夜美竜]-[['長篇', '純愛', '非人類']]-[total_pages:116]
2026-08-29 04:08:53 - mkk_pika - main.py:49 - INFO - [{'_id': '5c7ac119674e61789b517586', 'title': '第1集', 'order': 1, 'updated_at': '2019-03-02T14:30:49.877Z', 'id': '5c7ac119674e61789b517586'}]
2026-08-29 04:08:53 - mkk_pika - database.py:215 - INFO - 第一次下载该漫画，记录数据库中
2026-08-29 04:08:54 - mkk_pika - main.py:83 - INFO - 找到 116 张图片在:第1集
2026-08-29 04:08:57 - mkk_pika - main.py:112 - INFO - [episode:第1集       ] downloaded:   116, total: 116, progress:100%
2026-08-29 04:08:57 - mkk_pika - database.py:238 - INFO - 数据库更新已下载章节
2026-08-29 04:08:57 - mkk_pika - database.py:244 - INFO - 该漫画已下载章节如下
2026-08-29 04:08:57 - mkk_pika - database.py:245 - INFO - ['第1集']
2026-08-29 04:08:58 - mkk_pika - main.py:348 - INFO - ==================== 漫画信息 ====================
                                   漫画ID：5c7ac119674e61789b517585
                                   标题：三思而後言 
                                   作者：宝井理人＆雅夜美竜
                                   是否完结：是
                                   总页数：116
                                   分类：長篇,純愛,非人類
                                   章节数：1
                                   最后更新时间：2019-03-02T17:44:57.617Z
                                   =================================================
2026-08-29 04:08:58 - mkk_pika - database.py:101 - INFO - 保存成功：三思而後言 
2026-08-29 04:08:58 - mkk_pika - main.py:35 - INFO - 开始检查おちんぽあたためますか？ (COMIC失楽天 2019年2月号) （無修正）是否存在未下载章节
2026-08-29 04:08:58 - mkk_pika - main.py:45 - INFO - 正在下载:[おちんぽあたためますか？ (COMIC失楽天 2019年2月号) （無修正）]-[メメ50]-[['短篇', '全彩']]-[total_pages:6]
2026-08-29 04:08:58 - mkk_pika - main.py:49 - INFO - [{'_id': '5c7ac139675be610e0991595', 'title': '第1集', 'order': 1, 'updated_at': '2019-03-02T14:43:56.283Z', 'id': '5c7ac139675be610e0991595'}]
2026-08-29 04:08:58 - mkk_pika - database.py:215 - INFO - 第一次下载该漫画，记录数据库中
2026-08-29 04:08:59 - mkk_pika - main.py:83 - INFO - 找到 6 张图片在:第1集
2026-08-29 04:08:59 - mkk_pika - main.py:112 - INFO - [episode:第1集       ] downloaded:     6, total:   6, progress:100%
2026-08-29 04:08:59 - mkk_pika - database.py:238 - INFO - 数据库更新已下载章节
2026-08-29 04:08:59 - mkk_pika - database.py:244 - INFO - 该漫画已下载章节如下
2026-08-29 04:08:59 - mkk_pika - database.py:245 - INFO - ['第1集']
2026-08-29 04:09:00 - mkk_pika - main.py:348 - INFO - ==================== 漫画信息 ====================
                                   漫画ID：5c7ac139675be610e0991594
                                   标题：おちんぽあたためますか？ (COMIC失楽天 2019年2月号) （無修正）
                                   作者：メメ50
                                   是否完结：是
                                   总页数：6
                                   分类：短篇,全彩
                                   章节数：1
                                   最后更新时间：2019-03-02T17:45:29.295Z
                                   =================================================
2026-08-29 04:09:00 - mkk_pika - database.py:101 - INFO - 保存成功：おちんぽあたためますか？ (COMIC失楽天 2019年2月号) （無修正）
2026-08-29 04:09:00 - mkk_pika - main.py:35 - INFO - 开始检查Marked-girls Vol.7是否存在未下载章节
2026-08-29 04:09:00 - mkk_pika - main.py:45 - INFO - 正在下载:[Marked-girls Vol.7]-[Marked-two (スガヒデオ)]-[['同人', '短篇', '妹妹系']]-[total_pages:37]
2026-08-29 04:09:00 - mkk_pika - main.py:49 - INFO - [{'_id': '5b3718f8eae6cc3785acee74', 'title': '生肉', 'order': 1, 'updated_at': '2019-03-02T17:46:28.564Z', 'id': '5b3718f8eae6cc3785acee74'}, {'_id': '5c7ac174f654337868716f38', 'title': '熟肉', 'order': 2, 'updated_at': '2019-03-02T15:05:11.538Z', 'id': '5c7ac174f654337868716f38'}]
2026-08-29 04:09:00 - mkk_pika - database.py:215 - INFO - 第一次下载该漫画，记录数据库中
2026-08-29 04:09:01 - mkk_pika - main.py:83 - INFO - 找到 18 张图片在:生肉
2026-08-29 04:09:01 - mkk_pika - main.py:112 - INFO - [episode:生肉        ] downloaded:    18, total:  18, progress:100%
2026-08-29 04:09:01 - mkk_pika - database.py:238 - INFO - 数据库更新已下载章节
2026-08-29 04:09:01 - mkk_pika - database.py:244 - INFO - 该漫画已下载章节如下
2026-08-29 04:09:01 - mkk_pika - database.py:245 - INFO - ['生肉']
2026-08-29 04:09:03 - mkk_pika - main.py:83 - INFO - 找到 19 张图片在:熟肉
2026-08-29 04:09:03 - mkk_pika - main.py:112 - INFO - [episode:熟肉        ] downloaded:    19, total:  19, progress:100%
2026-08-29 04:09:03 - mkk_pika - database.py:238 - INFO - 数据库更新已下载章节
2026-08-29 04:09:03 - mkk_pika - database.py:244 - INFO - 该漫画已下载章节如下
2026-08-29 04:09:03 - mkk_pika - database.py:245 - INFO - ['生肉', '熟肉']
2026-08-29 04:09:04 - mkk_pika - main.py:348 - INFO - ==================== 漫画信息 ====================
                                   漫画ID：5b3718f8eae6cc3785acee73
                                   标题：Marked-girls Vol.7
                                   作者：Marked-two (スガヒデオ)
                                   是否完结：否
                                   总页数：37
                                   分类：同人,短篇,妹妹系
                                   章节数：2
                                   最后更新时间：2019-03-02T17:46:28.533Z
                                   =================================================
2026-08-29 04:09:04 - mkk_pika - database.py:101 - INFO - 保存成功：Marked-girls Vol.7
2026-08-29 04:09:04 - mkk_pika - main.py:35 - INFO - 开始检查仄々と。曙と。是否存在未下载章节
2026-08-29 04:09:05 - mkk_pika - main.py:45 - INFO - 正在下载:[仄々と。曙と。]-[ファイティングペロリーナ (御幸やや)]-[['同人', '短篇', '純愛', '艦隊收藏']]-[total_pages:116]
2026-08-29 04:09:05 - mkk_pika - main.py:49 - INFO - [{'_id': '5b371855199aa92ca9912f9e', 'title': '生肉', 'order': 1, 'updated_at': '2019-03-02T17:46:40.522Z', 'id': '5b371855199aa92ca9912f9e'}, {'_id': '5c7ac1809b0f6b1108885fcd', 'title': '熟肉', 'order': 2, 'updated_at': '2019-03-02T15:16:25.358Z', 'id': '5c7ac1809b0f6b1108885fcd'}]
2026-08-29 04:09:05 - mkk_pika - database.py:215 - INFO - 第一次下载该漫画，记录数据库中
2026-08-29 04:09:05 - mkk_pika - main.py:83 - INFO - 找到 58 张图片在:生肉
2026-08-29 04:09:07 - mkk_pika - main.py:112 - INFO - [episode:生肉        ] downloaded:    58, total:  58, progress:100%
2026-08-29 04:09:07 - mkk_pika - database.py:238 - INFO - 数据库更新已下载章节
2026-08-29 04:09:07 - mkk_pika - database.py:244 - INFO - 该漫画已下载章节如下
2026-08-29 04:09:07 - mkk_pika - database.py:245 - INFO - ['生肉']
2026-08-29 04:09:09 - mkk_pika - main.py:83 - INFO - 找到 58 张图片在:熟肉
2026-08-29 04:09:10 - mkk_pika - main.py:112 - INFO - [episode:熟肉        ] downloaded:    58, total:  58, progress:100%
2026-08-29 04:09:10 - mkk_pika - database.py:238 - INFO - 数据库更新已下载章节
2026-08-29 04:09:10 - mkk_pika - database.py:244 - INFO - 该漫画已下载章节如下
2026-08-29 04:09:10 - mkk_pika - database.py:245 - INFO - ['生肉', '熟肉']
2026-08-29 04:09:11 - mkk_pika - main.py:348 - INFO - ==================== 漫画信息 ====================
                                   漫画ID：5b371855199aa92ca9912f9d
                                   标题：仄々と。曙と。
                                   作者：ファイティングペロリーナ (御幸やや)
                                   是否完结：否
                                   总页数：116
                                   分类：同人,短篇,純愛,艦隊收藏
                                   章节数：2
                                   最后更新时间：2019-03-02T17:46:40.487Z
                                   =================================================
2026-08-29 04:09:11 - mkk_pika - database.py:101 - INFO - 保存成功：仄々と。曙と。
2026-08-29 04:09:11 - mkk_pika - main.py:35 - INFO - 开始检查(C95) 淫乱家元の洗脳中出し接待 (ガールズ&パンツァー) [中国翻訳]是否存在未下载章节
2026-08-29 04:09:11 - mkk_pika - main.py:45 - INFO - 正在下载:[(C95) 淫乱家元の洗脳中出し接待 (ガールズ&パンツァー) [中国翻訳]]-[境外天元 (桃吹リオ)]-[['短篇', '同人', '人妻', 'NTR']]-[total_pages:26]
2026-08-29 04:09:11 - mkk_pika - main.py:49 - INFO - [{'_id': '5c7ac1e15e8c2321bafa00fb', 'title': '第1集', 'order': 1, 'updated_at': '2019-03-02T15:27:24.801Z', 'id': '5c7ac1e15e8c2321bafa00fb'}]
2026-08-29 04:09:11 - mkk_pika - database.py:215 - INFO - 第一次下载该漫画，记录数据库中
2026-08-29 04:09:12 - mkk_pika - main.py:83 - INFO - 找到 26 张图片在:第1集
2026-08-29 04:09:12 - mkk_pika - main.py:112 - INFO - [episode:第1集       ] downloaded:    26, total:  26, progress:100%
2026-08-29 04:09:12 - mkk_pika - database.py:238 - INFO - 数据库更新已下载章节
2026-08-29 04:09:12 - mkk_pika - database.py:244 - INFO - 该漫画已下载章节如下
2026-08-29 04:09:12 - mkk_pika - database.py:245 - INFO - ['第1集']
2026-08-29 04:09:14 - mkk_pika - main.py:348 - INFO - ==================== 漫画信息 ====================
                                   漫画ID：5c7ac1e15e8c2321bafa00fa
                                   标题：(C95) 淫乱家元の洗脳中出し接待 (ガールズ&パンツァー) [中国翻訳]
                                   作者：境外天元 (桃吹リオ)
                                   是否完结：是
                                   总页数：26
                                   分类：短篇,同人,人妻,NTR
                                   章节数：1
                                   最后更新时间：2019-03-02T17:48:17.661Z
                                   =================================================
2026-08-29 04:09:14 - mkk_pika - database.py:101 - INFO - 保存成功：(C95) 淫乱家元の洗脳中出し接待 (ガールズ&パンツァー) [中国翻訳]
2026-08-29 04:09:14 - mkk_pika - main.py:380 - INFO - 本次任务下载完毕
2026-08-29 04:09:14 - mkk_pika - database.py:173 - INFO - 数据库连接已关闭
