2026-08-05 00:12:21 - mkk_pika - main.py:193 - INFO - =======================================================================
2026-08-05 00:12:21 - mkk_pika - database.py:61 - INFO - 表和索引初始化成功
2026-08-05 00:12:21 - mkk_pika - main.py:197 - INFO - 已经累计下载18264本漫画
2026-08-05 00:12:22 - mkk_pika - api.py:87 - INFO - 登录成功
2026-08-05 00:12:23 - mkk_pika - main.py:203 - INFO - 收藏夹共计0本漫画
2026-08-05 00:12:23 - mkk_pika - main.py:206 - INFO - 开始下载收藏夹内未下载内容
2026-08-05 00:12:23 - mkk_pika - main.py:266 - INFO - 收藏夹内容下载完毕
2026-08-05 00:12:23 - mkk_pika - main.py:268 - INFO - 开始下载订阅内容
2026-08-05 00:12:23 - mkk_pika - database.py:258 - INFO - 根据ID查询到标题：萝莉 -> ぬきたし-抜きゲーみたいな島に住んでるわたしはどうすりゃいいですか R [中国翻译]
2026-08-05 00:12:23 - mkk_pika - database.py:101 - INFO - 保存成功：ぬきたし-抜きゲーみたいな島に住んでるわたしはどうすりゃいいですか R [中国翻译]
2026-08-05 00:12:23 - mkk_pika - main.py:273 - INFO - 关键词萝莉找到1本漫画
2026-08-05 00:12:23 - mkk_pika - database.py:258 - INFO - 根据ID查询到标题：蘿莉 -> 陽菜ちゃん調教日記|阳菜酱的调教日记 [中国翻译][進行中]
2026-08-05 00:12:24 - mkk_pika - database.py:101 - INFO - 保存成功：[Artist] QUACKIES（AI）
2026-08-05 00:12:24 - mkk_pika - main.py:273 - INFO - 关键词蘿莉找到5本漫画
2026-08-05 00:12:24 - mkk_pika - main.py:275 - INFO - 订阅内容共计6本漫画
2026-08-05 00:12:24 - mkk_pika - main.py:35 - INFO - 开始检查陽菜ちゃん調教日記|阳菜酱的调教日记 [中国翻译][進行中]是否存在未下载章节
2026-08-05 00:12:24 - mkk_pika - database.py:203 - INFO - 查询数据库中是否已存在第1話全彩生肉
2026-08-05 00:12:24 - mkk_pika - database.py:203 - INFO - 查询数据库中是否已存在第1話熟肉95p
2026-08-05 00:12:24 - mkk_pika - database.py:203 - INFO - 查询数据库中是否已存在第1話熟肉98p
2026-08-05 00:12:24 - mkk_pika - main.py:51 - INFO - 陽菜ちゃん調教日記|阳菜酱的调教日记 [中国翻译][進行中]中没有可下载章节
2026-08-05 00:12:25 - mkk_pika - main.py:292 - INFO - ==================== 漫画信息 ====================
                                漫画ID：68dd17e83c6fe63b068bea88
                                标题：陽菜ちゃん調教日記|阳菜酱的调教日记 [中国翻译][進行中]
                                作者：OKINA
                                是否完结：否
                                总页数：272
                                分类：全彩,長篇,SM
                                章节数：3
                                最后更新时间：2026-05-08T16:48:41.948Z
                                =================================================
2026-08-05 00:12:25 - mkk_pika - database.py:101 - INFO - 保存成功：陽菜ちゃん調教日記|阳菜酱的调教日记 [中国翻译][進行中]
2026-08-05 00:12:25 - mkk_pika - main.py:35 - INFO - 开始检查あまてらすごはん是否存在未下载章节
2026-08-05 00:12:25 - mkk_pika - database.py:203 - INFO - 查询数据库中是否已存在第1話
2026-08-05 00:12:25 - mkk_pika - database.py:203 - INFO - 查询数据库中是否已存在第2話
2026-08-05 00:12:25 - mkk_pika - database.py:203 - INFO - 查询数据库中是否已存在第3話
2026-08-05 00:12:25 - mkk_pika - database.py:203 - INFO - 查询数据库中是否已存在第4話
2026-08-05 00:12:25 - mkk_pika - database.py:203 - INFO - 查询数据库中是否已存在第5話
2026-08-05 00:12:25 - mkk_pika - main.py:45 - INFO - 正在下载:[あまてらすごはん]-[あやね]-[['百合花園']]-[total_pages:-1]
2026-08-05 00:12:25 - mkk_pika - main.py:49 - INFO - [{'_id': '6a721a02a5152003bb6c0895', 'title': '第5話', 'order': 5, 'updated_at': '2026-08-04T13:57:32.210Z', 'id': '6a721a02a5152003bb6c0895'}]
2026-08-05 00:12:26 - mkk_pika - main.py:83 - INFO - 找到 30 张图片在:第5話
2026-08-05 00:12:29 - mkk_pika - main.py:112 - INFO - [episode:第5話       ] downloaded:    30, total:  30, progress:100%
2026-08-05 00:12:29 - mkk_pika - database.py:238 - INFO - 数据库更新已下载章节
2026-08-05 00:12:29 - mkk_pika - database.py:244 - INFO - 该漫画已下载章节如下
2026-08-05 00:12:29 - mkk_pika - database.py:245 - INFO - ['第1話', '第2話', '第3話', '第4話', '第5話']
2026-08-05 00:12:30 - mkk_pika - main.py:292 - INFO - ==================== 漫画信息 ====================
                                漫画ID：66acfe3904f37c3905203576
                                标题：あまてらすごはん
                                作者：あやね
                                是否完结：否
                                总页数：152
                                分类：百合花園
                                章节数：5
                                最后更新时间：2026-08-04T16:57:38.816Z
                                =================================================
2026-08-05 00:12:30 - mkk_pika - database.py:101 - INFO - 保存成功：あまてらすごはん
2026-08-05 00:12:30 - mkk_pika - main.py:35 - INFO - 开始检查せんせいと秘密の授業。是否存在未下载章节
2026-08-05 00:12:30 - mkk_pika - main.py:45 - INFO - 正在下载:[せんせいと秘密の授業。]-[はやけ]-[['短篇']]-[total_pages:-1]
2026-08-05 00:12:30 - mkk_pika - main.py:49 - INFO - [{'_id': '6a7217985e7c5e2b29f14a3c', 'title': '第1話', 'order': 1, 'updated_at': '2026-08-03T14:44:38.658Z', 'id': '6a7217985e7c5e2b29f14a3c'}]
2026-08-05 00:12:30 - mkk_pika - database.py:215 - INFO - 第一次下载该漫画，记录数据库中
2026-08-05 00:12:31 - mkk_pika - main.py:83 - INFO - 找到 18 张图片在:第1話
2026-08-05 00:12:33 - mkk_pika - main.py:112 - INFO - [episode:第1話       ] downloaded:    18, total:  18, progress:100%
2026-08-05 00:12:33 - mkk_pika - database.py:238 - INFO - 数据库更新已下载章节
2026-08-05 00:12:33 - mkk_pika - database.py:244 - INFO - 该漫画已下载章节如下
2026-08-05 00:12:33 - mkk_pika - database.py:245 - INFO - ['第1話']
2026-08-05 00:12:34 - mkk_pika - main.py:292 - INFO - ==================== 漫画信息 ====================
                                漫画ID：6a7217985e7c5e2b29f14a3b
                                标题：せんせいと秘密の授業。
                                作者：はやけ
                                是否完结：否
                                总页数：18
                                分类：短篇
                                章节数：1
                                最后更新时间：2026-08-04T16:47:20.096Z
                                =================================================
2026-08-05 00:12:34 - mkk_pika - database.py:101 - INFO - 保存成功：せんせいと秘密の授業。
2026-08-05 00:12:34 - mkk_pika - main.py:35 - INFO - 开始检查オソトニツレテッテ是否存在未下载章节
2026-08-05 00:12:35 - mkk_pika - main.py:45 - INFO - 正在下载:[オソトニツレテッテ]-[黒魔法研究所 (wizakun)]-[['短篇', '同人', '東方']]-[total_pages:-1]
2026-08-05 00:12:35 - mkk_pika - main.py:49 - INFO - [{'_id': '6a72175c9e2d3a2c014506da', 'title': '第1話', 'order': 1, 'updated_at': '2026-08-03T14:31:05.866Z', 'id': '6a72175c9e2d3a2c014506da'}]
2026-08-05 00:12:35 - mkk_pika - database.py:215 - INFO - 第一次下载该漫画，记录数据库中
2026-08-05 00:12:35 - mkk_pika - main.py:83 - INFO - 找到 26 张图片在:第1話
2026-08-05 00:12:38 - mkk_pika - main.py:112 - INFO - [episode:第1話       ] downloaded:    26, total:  26, progress:100%
2026-08-05 00:12:38 - mkk_pika - database.py:238 - INFO - 数据库更新已下载章节
2026-08-05 00:12:38 - mkk_pika - database.py:244 - INFO - 该漫画已下载章节如下
2026-08-05 00:12:38 - mkk_pika - database.py:245 - INFO - ['第1話']
2026-08-05 00:12:40 - mkk_pika - main.py:292 - INFO - ==================== 漫画信息 ====================
                                漫画ID：6a72175c9e2d3a2c014506d9
                                标题：オソトニツレテッテ
                                作者：黒魔法研究所 (wizakun)
                                是否完结：否
                                总页数：26
                                分类：短篇,同人,東方
                                章节数：1
                                最后更新时间：2026-08-04T16:46:20.527Z
                                =================================================
2026-08-05 00:12:40 - mkk_pika - database.py:101 - INFO - 保存成功：オソトニツレテッテ
2026-08-05 00:12:40 - mkk_pika - main.py:35 - INFO - 开始检查デビッドのディール是否存在未下载章节
2026-08-05 00:12:40 - mkk_pika - main.py:45 - INFO - 正在下载:[デビッドのディール]-[BORN-TO-DIE]-[['短篇']]-[total_pages:-1]
2026-08-05 00:12:40 - mkk_pika - main.py:49 - INFO - [{'_id': '6a72174801f4032beec27171', 'title': '第1話', 'order': 1, 'updated_at': '2026-08-03T14:22:17.008Z', 'id': '6a72174801f4032beec27171'}]
2026-08-05 00:12:40 - mkk_pika - database.py:215 - INFO - 第一次下载该漫画，记录数据库中
2026-08-05 00:12:40 - mkk_pika - main.py:83 - INFO - 找到 26 张图片在:第1話
2026-08-05 00:12:43 - mkk_pika - main.py:112 - INFO - [episode:第1話       ] downloaded:    26, total:  26, progress:100%
2026-08-05 00:12:43 - mkk_pika - database.py:238 - INFO - 数据库更新已下载章节
2026-08-05 00:12:43 - mkk_pika - database.py:244 - INFO - 该漫画已下载章节如下
2026-08-05 00:12:43 - mkk_pika - database.py:245 - INFO - ['第1話']
2026-08-05 00:12:45 - mkk_pika - main.py:292 - INFO - ==================== 漫画信息 ====================
                                漫画ID：6a72174801f4032beec27170
                                标题：デビッドのディール
                                作者：BORN-TO-DIE
                                是否完结：否
                                总页数：26
                                分类：短篇
                                章节数：1
                                最后更新时间：2026-08-04T16:46:00.591Z
                                =================================================
2026-08-05 00:12:45 - mkk_pika - database.py:101 - INFO - 保存成功：デビッドのディール
2026-08-05 00:12:45 - mkk_pika - main.py:35 - INFO - 开始检查うちのル・マランが寝取られた件 | 关于我家的恶毒被睡走这件事（AI）是否存在未下载章节
2026-08-05 00:12:45 - mkk_pika - database.py:203 - INFO - 查询数据库中是否已存在生肉
2026-08-05 00:12:45 - mkk_pika - database.py:203 - INFO - 查询数据库中是否已存在熟肉
2026-08-05 00:12:45 - mkk_pika - main.py:51 - INFO - うちのル・マランが寝取られた件 | 关于我家的恶毒被睡走这件事（AI）中没有可下载章节
2026-08-05 00:12:45 - mkk_pika - main.py:292 - INFO - ==================== 漫画信息 ====================
                                漫画ID：6a6f87856f159437f108a1b5
                                标题：うちのル・マランが寝取られた件 | 关于我家的恶毒被睡走这件事（AI）
                                作者：Magakiiii
                                是否完结：否
                                总页数：112
                                分类：全彩,短篇,同人,NTR
                                章节数：2
                                最后更新时间：2026-08-03T17:24:22.984Z
                                =================================================
2026-08-05 00:12:45 - mkk_pika - database.py:101 - INFO - 保存成功：うちのル・マランが寝取られた件 | 关于我家的恶毒被睡走这件事（AI）
2026-08-05 00:12:45 - mkk_pika - main.py:323 - INFO - 订阅内容内容下载完毕
2026-08-05 00:12:45 - mkk_pika - main.py:324 - INFO - 开始分批下载全部章节
2026-08-05 00:12:45 - mkk_pika - database.py:280 - INFO - 表和索引初始化成功
2026-08-05 00:12:46 - mkk_pika - main.py:177 - INFO - 已经下载了1368页，一共7055页，现在开始添加第1369页
2026-08-05 00:12:47 - mkk_pika - database.py:318 - INFO - 保存成功
2026-08-05 00:12:47 - mkk_pika - main.py:177 - INFO - 已经下载了1369页，一共7055页，现在开始添加第1370页
2026-08-05 00:12:47 - mkk_pika - database.py:318 - INFO - 保存成功
2026-08-05 00:12:48 - mkk_pika - main.py:177 - INFO - 已经下载了1370页，一共7055页，现在开始添加第1371页
2026-08-05 00:12:49 - mkk_pika - database.py:318 - INFO - 保存成功
2026-08-05 00:12:49 - mkk_pika - main.py:177 - INFO - 已经下载了1371页，一共7055页，现在开始添加第1372页
2026-08-05 00:12:50 - mkk_pika - database.py:318 - INFO - 保存成功
2026-08-05 00:12:50 - mkk_pika - main.py:177 - INFO - 已经下载了1372页，一共7055页，现在开始添加第1373页
2026-08-05 00:12:50 - mkk_pika - database.py:318 - INFO - 保存成功
2026-08-05 00:12:50 - mkk_pika - main.py:331 - INFO - 分批下载共计50本漫画
2026-08-05 00:12:50 - mkk_pika - main.py:35 - INFO - 开始检查学園を救ったキモオタ騎士様が美少女竜娘とえっちなことする本（神撃のバハムート 巴哈姆特之怒）是否存在未下载章节
2026-08-05 00:12:51 - mkk_pika - main.py:45 - INFO - 正在下载:[学園を救ったキモオタ騎士様が美少女竜娘とえっちなことする本（神撃のバハムート 巴哈姆特之怒）]-[瓢屋]-[['同人', '短篇', '非人類', '足の恋']]-[total_pages:23]
2026-08-05 00:12:51 - mkk_pika - main.py:49 - INFO - [{'_id': '5c483071a4d4da2fbb9cf3ea', 'title': '第1集', 'order': 1, 'updated_at': '2019-01-23T07:35:10.069Z', 'id': '5c483071a4d4da2fbb9cf3ea'}]
2026-08-05 00:12:51 - mkk_pika - database.py:215 - INFO - 第一次下载该漫画，记录数据库中
2026-08-05 00:12:51 - mkk_pika - main.py:83 - INFO - 找到 23 张图片在:第1集
2026-08-05 00:12:53 - mkk_pika - main.py:112 - INFO - [episode:第1集       ] downloaded:    23, total:  23, progress:100%
2026-08-05 00:12:53 - mkk_pika - database.py:238 - INFO - 数据库更新已下载章节
2026-08-05 00:12:53 - mkk_pika - database.py:244 - INFO - 该漫画已下载章节如下
2026-08-05 00:12:53 - mkk_pika - database.py:245 - INFO - ['第1集']
2026-08-05 00:12:54 - mkk_pika - main.py:348 - INFO - ==================== 漫画信息 ====================
                                   漫画ID：5c483071a4d4da2fbb9cf3e9
                                   标题：学園を救ったキモオタ騎士様が美少女竜娘とえっちなことする本（神撃のバハムート 巴哈姆特之怒）
                                   作者：瓢屋
                                   是否完结：是
                                   总页数：23
                                   分类：同人,短篇,非人類,足の恋
                                   章节数：1
                                   最后更新时间：2019-01-23T09:14:25.347Z
                                   =================================================
2026-08-05 00:12:54 - mkk_pika - database.py:101 - INFO - 保存成功：学園を救ったキモオタ騎士様が美少女竜娘とえっちなことする本（神撃のバハムート 巴哈姆特之怒）
2026-08-05 00:12:54 - mkk_pika - main.py:35 - INFO - 开始检查ちちのみ～Kカップ人妻樹里亜さんの母乳～是否存在未下载章节
2026-08-05 00:12:54 - mkk_pika - main.py:45 - INFO - 正在下载:[ちちのみ～Kカップ人妻樹里亜さんの母乳～]-[MilkyBox (Qoopie)]-[['全彩', '人妻']]-[total_pages:62]
2026-08-05 00:12:54 - mkk_pika - main.py:49 - INFO - [{'_id': '5c48308fbb6e3767c366adb0', 'title': '第1集', 'order': 1, 'updated_at': '2019-01-23T07:54:39.405Z', 'id': '5c48308fbb6e3767c366adb0'}]
2026-08-05 00:12:54 - mkk_pika - database.py:215 - INFO - 第一次下载该漫画，记录数据库中
2026-08-05 00:12:55 - mkk_pika - main.py:83 - INFO - 找到 62 张图片在:第1集
2026-08-05 00:12:58 - mkk_pika - main.py:112 - INFO - [episode:第1集       ] downloaded:    62, total:  62, progress:100%
2026-08-05 00:12:58 - mkk_pika - database.py:238 - INFO - 数据库更新已下载章节
2026-08-05 00:12:58 - mkk_pika - database.py:244 - INFO - 该漫画已下载章节如下
2026-08-05 00:12:58 - mkk_pika - database.py:245 - INFO - ['第1集']
2026-08-05 00:13:00 - mkk_pika - main.py:348 - INFO - ==================== 漫画信息 ====================
                                   漫画ID：5c48308fbb6e3767c366adaf
                                   标题：ちちのみ～Kカップ人妻樹里亜さんの母乳～
                                   作者：MilkyBox (Qoopie)
                                   是否完结：否
                                   总页数：62
                                   分类：全彩,人妻
                                   章节数：1
                                   最后更新时间：2019-01-23T09:14:55.016Z
                                   =================================================
2026-08-05 00:13:00 - mkk_pika - database.py:101 - INFO - 保存成功：ちちのみ～Kカップ人妻樹里亜さんの母乳～
2026-08-05 00:13:00 - mkk_pika - main.py:35 - INFO - 开始检查邂逅 M母女與女教師與我是否存在未下载章节
2026-08-05 00:13:00 - mkk_pika - main.py:45 - INFO - 正在下载:[邂逅 M母女與女教師與我]-[ハスミヒロ]-[['純愛', '後宮閃光', 'SM', '人妻', '長篇']]-[total_pages:220]
2026-08-05 00:13:00 - mkk_pika - main.py:49 - INFO - [{'_id': '5c48aa98bc3b4a53043f0c7f', 'title': '經典SM的單行本', 'order': 1, 'updated_at': '2019-01-24T13:14:11.905Z', 'id': '5c48aa98bc3b4a53043f0c7f'}]
2026-08-05 00:13:00 - mkk_pika - database.py:215 - INFO - 第一次下载该漫画，记录数据库中
2026-08-05 00:13:02 - mkk_pika - main.py:83 - INFO - 找到 220 张图片在:經典SM的單行本
2026-08-05 00:13:11 - mkk_pika - main.py:112 - INFO - [episode:經典SM的單行本  ] downloaded:   220, total: 220, progress:100%
2026-08-05 00:13:11 - mkk_pika - database.py:238 - INFO - 数据库更新已下载章节
2026-08-05 00:13:11 - mkk_pika - database.py:244 - INFO - 该漫画已下载章节如下
2026-08-05 00:13:11 - mkk_pika - database.py:245 - INFO - ['經典SM的單行本']
2026-08-05 00:13:12 - mkk_pika - main.py:348 - INFO - ==================== 漫画信息 ====================
                                   漫画ID：5c48aa98bc3b4a53043f0c7e
                                   标题：邂逅 M母女與女教師與我
                                   作者：ハスミヒロ
                                   是否完结：是
                                   总页数：220
                                   分类：純愛,後宮閃光,SM,人妻,長篇
                                   章节数：1
                                   最后更新时间：2019-01-23T17:55:36.422Z
                                   =================================================
2026-08-05 00:13:12 - mkk_pika - database.py:101 - INFO - 保存成功：邂逅 M母女與女教師與我
2026-08-05 00:13:12 - mkk_pika - main.py:35 - INFO - 开始检查(C95)ご褒美系家庭教師ちゃん(オリジナル)是否存在未下载章节
2026-08-05 00:13:12 - mkk_pika - main.py:45 - INFO - 正在下载:[(C95)ご褒美系家庭教師ちゃん(オリジナル)]-[きのこのみ (kino)]-[['短篇', '同人', '純愛']]-[total_pages:24]
2026-08-05 00:13:12 - mkk_pika - main.py:49 - INFO - [{'_id': '5c48aade29c1922ab50d24e9', 'title': '第1集', 'order': 1, 'updated_at': '2019-01-23T11:50:10.582Z', 'id': '5c48aade29c1922ab50d24e9'}]
2026-08-05 00:13:12 - mkk_pika - database.py:215 - INFO - 第一次下载该漫画，记录数据库中
2026-08-05 00:13:13 - mkk_pika - main.py:83 - INFO - 找到 24 张图片在:第1集
2026-08-05 00:13:14 - mkk_pika - main.py:112 - INFO - [episode:第1集       ] downloaded:    24, total:  24, progress:100%
2026-08-05 00:13:14 - mkk_pika - database.py:238 - INFO - 数据库更新已下载章节
2026-08-05 00:13:14 - mkk_pika - database.py:244 - INFO - 该漫画已下载章节如下
2026-08-05 00:13:14 - mkk_pika - database.py:245 - INFO - ['第1集']
2026-08-05 00:13:16 - mkk_pika - main.py:348 - INFO - ==================== 漫画信息 ====================
                                   漫画ID：5c48aade29c1922ab50d24e8
                                   标题：(C95)ご褒美系家庭教師ちゃん(オリジナル)
                                   作者：きのこのみ (kino)
                                   是否完结：是
                                   总页数：24
                                   分类：短篇,同人,純愛
                                   章节数：1
                                   最后更新时间：2019-01-23T17:56:46.183Z
                                   =================================================
2026-08-05 00:13:16 - mkk_pika - database.py:101 - INFO - 保存成功：(C95)ご褒美系家庭教師ちゃん(オリジナル)
2026-08-05 00:13:16 - mkk_pika - main.py:35 - INFO - 开始检查Dear Black Chocolate(化物語)是否存在未下载章节
2026-08-05 00:13:16 - mkk_pika - main.py:45 - INFO - 正在下载:[Dear Black Chocolate(化物語)]-[サンセットビーチ (ハマー)]-[['短篇', '同人', '純愛']]-[total_pages:34]
2026-08-05 00:13:16 - mkk_pika - main.py:49 - INFO - [{'_id': '5c48aaf929c1922ab50d2504', 'title': '第1集', 'order': 1, 'updated_at': '2019-01-23T11:54:55.825Z', 'id': '5c48aaf929c1922ab50d2504'}]
2026-08-05 00:13:16 - mkk_pika - database.py:215 - INFO - 第一次下载该漫画，记录数据库中
2026-08-05 00:13:17 - mkk_pika - main.py:83 - INFO - 找到 34 张图片在:第1集
2026-08-05 00:13:18 - mkk_pika - main.py:112 - INFO - [episode:第1集       ] downloaded:    34, total:  34, progress:100%
2026-08-05 00:13:18 - mkk_pika - database.py:238 - INFO - 数据库更新已下载章节
2026-08-05 00:13:18 - mkk_pika - database.py:244 - INFO - 该漫画已下载章节如下
2026-08-05 00:13:18 - mkk_pika - database.py:245 - INFO - ['第1集']
2026-08-05 00:13:19 - mkk_pika - main.py:348 - INFO - ==================== 漫画信息 ====================
                                   漫画ID：5c48aaf929c1922ab50d2503
                                   标题：Dear Black Chocolate(化物語)
                                   作者：サンセットビーチ (ハマー)
                                   是否完结：是
                                   总页数：34
                                   分类：短篇,同人,純愛
                                   章节数：1
                                   最后更新时间：2019-01-23T17:57:13.049Z
                                   =================================================
2026-08-05 00:13:19 - mkk_pika - database.py:101 - INFO - 保存成功：Dear Black Chocolate(化物語)
2026-08-05 00:13:19 - mkk_pika - main.py:35 - INFO - 开始检查(SC64) ソードアート・オンライン ホロウ・センシュアル (ソードアート・オンライン)是否存在未下载章节
2026-08-05 00:13:20 - mkk_pika - main.py:45 - INFO - 正在下载:[(SC64) ソードアート・オンライン ホロウ・センシュアル (ソードアート・オンライン)]-[はっちゃけ荘 (PONPON)]-[['SAO 刀劍神域', '同人']]-[total_pages:24]
2026-08-05 00:13:20 - mkk_pika - main.py:49 - INFO - [{'_id': '5c48ab08a69bb92ae3fc5760', 'title': '第1集', 'order': 1, 'updated_at': '2019-01-23T12:03:39.795Z', 'id': '5c48ab08a69bb92ae3fc5760'}]
2026-08-05 00:13:20 - mkk_pika - database.py:215 - INFO - 第一次下载该漫画，记录数据库中
2026-08-05 00:13:20 - mkk_pika - main.py:83 - INFO - 找到 24 张图片在:第1集
2026-08-05 00:13:21 - mkk_pika - main.py:112 - INFO - [episode:第1集       ] downloaded:    24, total:  24, progress:100%
2026-08-05 00:13:21 - mkk_pika - database.py:238 - INFO - 数据库更新已下载章节
2026-08-05 00:13:21 - mkk_pika - database.py:244 - INFO - 该漫画已下载章节如下
2026-08-05 00:13:21 - mkk_pika - database.py:245 - INFO - ['第1集']
2026-08-05 00:13:23 - mkk_pika - main.py:348 - INFO - ==================== 漫画信息 ====================
                                   漫画ID：5c48ab08a69bb92ae3fc575f
                                   标题：(SC64) ソードアート・オンライン ホロウ・センシュアル (ソードアート・オンライン)
                                   作者：はっちゃけ荘 (PONPON)
                                   是否完结：否
                                   总页数：24
                                   分类：SAO 刀劍神域,同人
                                   章节数：1
                                   最后更新时间：2019-01-23T17:57:28.338Z
                                   =================================================
2026-08-05 00:13:23 - mkk_pika - database.py:101 - INFO - 保存成功：(SC64) ソードアート・オンライン ホロウ・センシュアル (ソードアート・オンライン)
2026-08-05 00:13:23 - mkk_pika - main.py:35 - INFO - 开始检查暗がりメルト(化物語)是否存在未下载章节
2026-08-05 00:13:23 - mkk_pika - main.py:45 - INFO - 正在下载:[暗がりメルト(化物語)]-[サンセットビーチ (ハマー)]-[['短篇', '同人', '純愛']]-[total_pages:39]
2026-08-05 00:13:23 - mkk_pika - main.py:49 - INFO - [{'_id': '5c48ac693c7fd7119dd9d4f3', 'title': '第1集', 'order': 1, 'updated_at': '2019-01-23T12:04:05.897Z', 'id': '5c48ac693c7fd7119dd9d4f3'}]
2026-08-05 00:13:23 - mkk_pika - database.py:215 - INFO - 第一次下载该漫画，记录数据库中
2026-08-05 00:13:24 - mkk_pika - main.py:83 - INFO - 找到 39 张图片在:第1集
2026-08-05 00:13:26 - mkk_pika - main.py:112 - INFO - [episode:第1集       ] downloaded:    39, total:  39, progress:100%
2026-08-05 00:13:26 - mkk_pika - database.py:238 - INFO - 数据库更新已下载章节
2026-08-05 00:13:26 - mkk_pika - database.py:244 - INFO - 该漫画已下载章节如下
2026-08-05 00:13:26 - mkk_pika - database.py:245 - INFO - ['第1集']
2026-08-05 00:13:28 - mkk_pika - main.py:348 - INFO - ==================== 漫画信息 ====================
                                   漫画ID：5c48ac683c7fd7119dd9d4f2
                                   标题：暗がりメルト(化物語)
                                   作者：サンセットビーチ (ハマー)
                                   是否完结：是
                                   总页数：39
                                   分类：短篇,同人,純愛
                                   章节数：1
                                   最后更新时间：2019-01-23T18:03:20.986Z
                                   =================================================
2026-08-05 00:13:28 - mkk_pika - database.py:101 - INFO - 保存成功：暗がりメルト(化物語)
2026-08-05 00:13:28 - mkk_pika - main.py:35 - INFO - 开始检查汤姆森 1919-2063是否存在未下载章节
2026-08-05 00:13:28 - mkk_pika - main.py:45 - INFO - 正在下载:[汤姆森 1919-2063]-[白鸦工作室 (蛭魔豆浆)]-[['同人', '短篇']]-[total_pages:28]
2026-08-05 00:13:28 - mkk_pika - main.py:49 - INFO - [{'_id': '5c48acf21382302aadc28ca8', 'title': '第1集', 'order': 1, 'updated_at': '2019-01-23T12:11:00.713Z', 'id': '5c48acf21382302aadc28ca8'}]
2026-08-05 00:13:28 - mkk_pika - database.py:215 - INFO - 第一次下载该漫画，记录数据库中
2026-08-05 00:13:29 - mkk_pika - main.py:83 - INFO - 找到 28 张图片在:第1集
2026-08-05 00:13:30 - mkk_pika - main.py:112 - INFO - [episode:第1集       ] downloaded:    28, total:  28, progress:100%
2026-08-05 00:13:30 - mkk_pika - database.py:238 - INFO - 数据库更新已下载章节
2026-08-05 00:13:30 - mkk_pika - database.py:244 - INFO - 该漫画已下载章节如下
2026-08-05 00:13:30 - mkk_pika - database.py:245 - INFO - ['第1集']
2026-08-05 00:13:31 - mkk_pika - main.py:348 - INFO - ==================== 漫画信息 ====================
                                   漫画ID：5c48acf21382302aadc28ca7
                                   标题：汤姆森 1919-2063
                                   作者：白鸦工作室 (蛭魔豆浆)
                                   是否完结：否
                                   总页数：28
                                   分类：同人,短篇
                                   章节数：1
                                   最后更新时间：2019-01-23T18:05:38.339Z
                                   =================================================
2026-08-05 00:13:31 - mkk_pika - database.py:101 - INFO - 保存成功：汤姆森 1919-2063
2026-08-05 00:13:31 - mkk_pika - main.py:35 - INFO - 开始检查ひるやはぎ(艦隊これくしょん -艦これ-)是否存在未下载章节
2026-08-05 00:13:32 - mkk_pika - main.py:45 - INFO - 正在下载:[ひるやはぎ(艦隊これくしょん -艦これ-)]-[Rosapersica (一ノ宮)]-[['短篇', '同人', '艦隊收藏', '純愛']]-[total_pages:32]
2026-08-05 00:13:32 - mkk_pika - main.py:49 - INFO - [{'_id': '5c48ad0329c1922ab50d264b', 'title': '第1集', 'order': 1, 'updated_at': '2019-01-23T12:13:35.244Z', 'id': '5c48ad0329c1922ab50d264b'}, {'_id': '5c48ad0329c1922ab50d264c', 'title': '第2集', 'order': 2, 'updated_at': '2019-01-23T12:14:31.638Z', 'id': '5c48ad0329c1922ab50d264c'}]
2026-08-05 00:13:32 - mkk_pika - database.py:215 - INFO - 第一次下载该漫画，记录数据库中
2026-08-05 00:13:32 - mkk_pika - main.py:83 - INFO - 找到 17 张图片在:第1集
2026-08-05 00:13:33 - mkk_pika - main.py:112 - INFO - [episode:第1集       ] downloaded:    17, total:  17, progress:100%
2026-08-05 00:13:33 - mkk_pika - database.py:238 - INFO - 数据库更新已下载章节
2026-08-05 00:13:33 - mkk_pika - database.py:244 - INFO - 该漫画已下载章节如下
2026-08-05 00:13:33 - mkk_pika - database.py:245 - INFO - ['第1集']
2026-08-05 00:13:35 - mkk_pika - main.py:83 - INFO - 找到 15 张图片在:第2集
2026-08-05 00:13:36 - mkk_pika - main.py:112 - INFO - [episode:第2集       ] downloaded:    15, total:  15, progress:100%
2026-08-05 00:13:36 - mkk_pika - database.py:238 - INFO - 数据库更新已下载章节
2026-08-05 00:13:36 - mkk_pika - database.py:244 - INFO - 该漫画已下载章节如下
2026-08-05 00:13:36 - mkk_pika - database.py:245 - INFO - ['第1集', '第2集']
2026-08-05 00:13:37 - mkk_pika - main.py:348 - INFO - ==================== 漫画信息 ====================
                                   漫画ID：5c48ad0329c1922ab50d264a
                                   标题：ひるやはぎ(艦隊これくしょん -艦これ-)
                                   作者：Rosapersica (一ノ宮)
                                   是否完结：是
                                   总页数：32
                                   分类：短篇,同人,艦隊收藏,純愛
                                   章节数：2
                                   最后更新时间：2019-01-23T18:05:55.873Z
                                   =================================================
2026-08-05 00:13:37 - mkk_pika - database.py:101 - INFO - 保存成功：ひるやはぎ(艦隊これくしょん -艦これ-)
2026-08-05 00:13:37 - mkk_pika - main.py:35 - INFO - 开始检查Vな子たちとえっちしたい! (バーチャルYouTuber)是否存在未下载章节
2026-08-05 00:13:37 - mkk_pika - main.py:45 - INFO - 正在下载:[Vな子たちとえっちしたい! (バーチャルYouTuber)]-[French letter (藤崎ひかり）]-[['短篇', '同人']]-[total_pages:13]
2026-08-05 00:13:37 - mkk_pika - main.py:49 - INFO - [{'_id': '5c48ad16bc3b4a53043f0d75', 'title': '第1集', 'order': 1, 'updated_at': '2019-01-23T12:20:50.404Z', 'id': '5c48ad16bc3b4a53043f0d75'}]
2026-08-05 00:13:37 - mkk_pika - database.py:215 - INFO - 第一次下载该漫画，记录数据库中
2026-08-05 00:13:38 - mkk_pika - main.py:83 - INFO - 找到 13 张图片在:第1集
2026-08-05 00:13:39 - mkk_pika - main.py:112 - INFO - [episode:第1集       ] downloaded:    13, total:  13, progress:100%
2026-08-05 00:13:39 - mkk_pika - database.py:238 - INFO - 数据库更新已下载章节
2026-08-05 00:13:39 - mkk_pika - database.py:244 - INFO - 该漫画已下载章节如下
2026-08-05 00:13:39 - mkk_pika - database.py:245 - INFO - ['第1集']
2026-08-05 00:13:40 - mkk_pika - main.py:348 - INFO - ==================== 漫画信息 ====================
                                   漫画ID：5c48ad16bc3b4a53043f0d74
                                   标题：Vな子たちとえっちしたい! (バーチャルYouTuber)
                                   作者：French letter (藤崎ひかり）
                                   是否完结：是
                                   总页数：13
                                   分类：短篇,同人
                                   章节数：1
                                   最后更新时间：2019-01-23T18:06:14.250Z
                                   =================================================
2026-08-05 00:13:40 - mkk_pika - database.py:101 - INFO - 保存成功：Vな子たちとえっちしたい! (バーチャルYouTuber)
2026-08-05 00:13:40 - mkk_pika - main.py:35 - INFO - 开始检查ふゆのこたつとみかんとまき (ラブライブ!)是否存在未下载章节
2026-08-05 00:13:40 - mkk_pika - main.py:45 - INFO - 正在下载:[ふゆのこたつとみかんとまき (ラブライブ!)]-[カスタムサイズ、RED CROWN (櫻井マコト、石神一威)]-[['短篇', '同人', 'Love Live']]-[total_pages:17]
2026-08-05 00:13:40 - mkk_pika - main.py:49 - INFO - [{'_id': '5c48ad423c7fd7119dd9d561', 'title': '第1集', 'order': 1, 'updated_at': '2019-01-23T13:27:49.742Z', 'id': '5c48ad423c7fd7119dd9d561'}]
2026-08-05 00:13:40 - mkk_pika - database.py:215 - INFO - 第一次下载该漫画，记录数据库中
2026-08-05 00:13:41 - mkk_pika - main.py:83 - INFO - 找到 17 张图片在:第1集
2026-08-05 00:13:42 - mkk_pika - main.py:112 - INFO - [episode:第1集       ] downloaded:    17, total:  17, progress:100%
2026-08-05 00:13:42 - mkk_pika - database.py:238 - INFO - 数据库更新已下载章节
2026-08-05 00:13:42 - mkk_pika - database.py:244 - INFO - 该漫画已下载章节如下
2026-08-05 00:13:42 - mkk_pika - database.py:245 - INFO - ['第1集']
2026-08-05 00:13:43 - mkk_pika - main.py:348 - INFO - ==================== 漫画信息 ====================
                                   漫画ID：5c48ad423c7fd7119dd9d560
                                   标题：ふゆのこたつとみかんとまき (ラブライブ!)
                                   作者：カスタムサイズ、RED CROWN (櫻井マコト、石神一威)
                                   是否完结：是
                                   总页数：17
                                   分类：短篇,同人,Love Live
                                   章节数：1
                                   最后更新时间：2019-01-23T18:06:58.161Z
                                   =================================================
2026-08-05 00:13:43 - mkk_pika - database.py:101 - INFO - 保存成功：ふゆのこたつとみかんとまき (ラブライブ!)
2026-08-05 00:13:43 - mkk_pika - main.py:35 - INFO - 开始检查恋する乙女シグニットちゃん(アズールレーン)是否存在未下载章节
2026-08-05 00:13:44 - mkk_pika - main.py:45 - INFO - 正在下载:[恋する乙女シグニットちゃん(アズールレーン)]-[mocha＊2popcorn (きびぃもか)]-[['短篇', '同人', '純愛']]-[total_pages:26]
2026-08-05 00:13:44 - mkk_pika - main.py:49 - INFO - [{'_id': '5c4994dea69bb92ae3fc5ad7', 'title': '第1集', 'order': 1, 'updated_at': '2019-01-23T12:54:26.939Z', 'id': '5c4994dea69bb92ae3fc5ad7'}]
2026-08-05 00:13:44 - mkk_pika - database.py:215 - INFO - 第一次下载该漫画，记录数据库中
2026-08-05 00:13:44 - mkk_pika - main.py:83 - INFO - 找到 26 张图片在:第1集
2026-08-05 00:13:46 - mkk_pika - main.py:112 - INFO - [episode:第1集       ] downloaded:    26, total:  26, progress:100%
2026-08-05 00:13:46 - mkk_pika - database.py:238 - INFO - 数据库更新已下载章节
2026-08-05 00:13:46 - mkk_pika - database.py:244 - INFO - 该漫画已下载章节如下
2026-08-05 00:13:46 - mkk_pika - database.py:245 - INFO - ['第1集']
2026-08-05 00:13:47 - mkk_pika - main.py:348 - INFO - ==================== 漫画信息 ====================
                                   漫画ID：5c4994dea69bb92ae3fc5ad6
                                   标题：恋する乙女シグニットちゃん(アズールレーン)
                                   作者：mocha＊2popcorn (きびぃもか)
                                   是否完结：是
                                   总页数：26
                                   分类：短篇,同人,純愛
                                   章节数：1
                                   最后更新时间：2019-01-24T10:35:10.172Z
                                   =================================================
2026-08-05 00:13:47 - mkk_pika - database.py:101 - INFO - 保存成功：恋する乙女シグニットちゃん(アズールレーン)
2026-08-05 00:13:47 - mkk_pika - main.py:35 - INFO - 开始检查プリンセスティアーズ本ゲスト(陽射しの中のエルシー)是否存在未下载章节
2026-08-05 00:13:47 - mkk_pika - main.py:45 - INFO - 正在下载:[プリンセスティアーズ本ゲスト(陽射しの中のエルシー)]-[crossray (すみやお)]-[['短篇', '同人']]-[total_pages:6]
2026-08-05 00:13:47 - mkk_pika - main.py:49 - INFO - [{'_id': '5c4995123c7fd7119dd9d940', 'title': '第1集', 'order': 1, 'updated_at': '2019-01-23T13:36:11.093Z', 'id': '5c4995123c7fd7119dd9d940'}]
2026-08-05 00:13:47 - mkk_pika - database.py:215 - INFO - 第一次下载该漫画，记录数据库中
2026-08-05 00:13:48 - mkk_pika - main.py:83 - INFO - 找到 6 张图片在:第1集
2026-08-05 00:13:48 - mkk_pika - main.py:112 - INFO - [episode:第1集       ] downloaded:     6, total:   6, progress:100%
2026-08-05 00:13:48 - mkk_pika - database.py:238 - INFO - 数据库更新已下载章节
2026-08-05 00:13:48 - mkk_pika - database.py:244 - INFO - 该漫画已下载章节如下
2026-08-05 00:13:48 - mkk_pika - database.py:245 - INFO - ['第1集']
2026-08-05 00:13:50 - mkk_pika - main.py:348 - INFO - ==================== 漫画信息 ====================
                                   漫画ID：5c4995123c7fd7119dd9d93f
                                   标题：プリンセスティアーズ本ゲスト(陽射しの中のエルシー)
                                   作者：crossray (すみやお)
                                   是否完结：是
                                   总页数：6
                                   分类：短篇,同人
                                   章节数：1
                                   最后更新时间：2019-01-24T10:36:02.381Z
                                   =================================================
2026-08-05 00:13:50 - mkk_pika - database.py:101 - INFO - 保存成功：プリンセスティアーズ本ゲスト(陽射しの中のエルシー)
2026-08-05 00:13:50 - mkk_pika - main.py:35 - INFO - 开始检查ろいやるはにぃ是否存在未下载章节
2026-08-05 00:13:50 - mkk_pika - main.py:45 - INFO - 正在下载:[ろいやるはにぃ]-[ぼちゃ]-[['同人', '短篇', '百合花園', '純愛']]-[total_pages:31]
2026-08-05 00:13:50 - mkk_pika - main.py:49 - INFO - [{'_id': '5c499547a69bb92ae3fc5af3', 'title': '第1集', 'order': 1, 'updated_at': '2019-01-23T14:54:52.895Z', 'id': '5c499547a69bb92ae3fc5af3'}]
2026-08-05 00:13:50 - mkk_pika - database.py:215 - INFO - 第一次下载该漫画，记录数据库中
2026-08-05 00:13:51 - mkk_pika - main.py:83 - INFO - 找到 31 张图片在:第1集
2026-08-05 00:13:52 - mkk_pika - main.py:112 - INFO - [episode:第1集       ] downloaded:    31, total:  31, progress:100%
2026-08-05 00:13:52 - mkk_pika - database.py:238 - INFO - 数据库更新已下载章节
2026-08-05 00:13:52 - mkk_pika - database.py:244 - INFO - 该漫画已下载章节如下
2026-08-05 00:13:52 - mkk_pika - database.py:245 - INFO - ['第1集']
2026-08-05 00:13:53 - mkk_pika - main.py:348 - INFO - ==================== 漫画信息 ====================
                                   漫画ID：5c499547a69bb92ae3fc5af2
                                   标题：ろいやるはにぃ
                                   作者：ぼちゃ
                                   是否完结：是
                                   总页数：31
                                   分类：同人,短篇,百合花園,純愛
                                   章节数：1
                                   最后更新时间：2019-01-24T10:36:55.168Z
                                   =================================================
2026-08-05 00:13:53 - mkk_pika - database.py:101 - INFO - 保存成功：ろいやるはにぃ
2026-08-05 00:13:53 - mkk_pika - main.py:35 - INFO - 开始检查キレながらHなことさせてくれるヤンキー是否存在未下载章节
2026-08-05 00:13:54 - mkk_pika - main.py:45 - INFO - 正在下载:[キレながらHなことさせてくれるヤンキー]-[あぶぶ]-[['短篇']]-[total_pages:5]
2026-08-05 00:13:54 - mkk_pika - main.py:49 - INFO - [{'_id': '5c49965c482093043006a757', 'title': '第1集', 'order': 1, 'updated_at': '2019-01-23T13:47:45.515Z', 'id': '5c49965c482093043006a757'}]
2026-08-05 00:13:54 - mkk_pika - database.py:215 - INFO - 第一次下载该漫画，记录数据库中
2026-08-05 00:13:54 - mkk_pika - main.py:83 - INFO - 找到 5 张图片在:第1集
2026-08-05 00:13:55 - mkk_pika - main.py:112 - INFO - [episode:第1集       ] downloaded:     5, total:   5, progress:100%
2026-08-05 00:13:55 - mkk_pika - database.py:238 - INFO - 数据库更新已下载章节
2026-08-05 00:13:55 - mkk_pika - database.py:244 - INFO - 该漫画已下载章节如下
2026-08-05 00:13:55 - mkk_pika - database.py:245 - INFO - ['第1集']
2026-08-05 00:13:56 - mkk_pika - main.py:348 - INFO - ==================== 漫画信息 ====================
                                   漫画ID：5c49965c482093043006a756
                                   标题：キレながらHなことさせてくれるヤンキー
                                   作者：あぶぶ
                                   是否完结：是
                                   总页数：5
                                   分类：短篇
                                   章节数：1
                                   最后更新时间：2019-01-24T10:41:32.319Z
                                   =================================================
2026-08-05 00:13:56 - mkk_pika - database.py:101 - INFO - 保存成功：キレながらHなことさせてくれるヤンキー
2026-08-05 00:13:56 - mkk_pika - main.py:35 - INFO - 开始检查真面目ビッチ図書委員とかまとめ是否存在未下载章节
2026-08-05 00:13:56 - mkk_pika - main.py:45 - INFO - 正在下载:[真面目ビッチ図書委員とかまとめ]-[あぶぶ]-[['短篇']]-[total_pages:9]
2026-08-05 00:13:56 - mkk_pika - main.py:49 - INFO - [{'_id': '5c49966efa68ce0401f14557', 'title': '第1集', 'order': 1, 'updated_at': '2019-01-23T13:51:48.402Z', 'id': '5c49966efa68ce0401f14557'}]
2026-08-05 00:13:56 - mkk_pika - database.py:215 - INFO - 第一次下载该漫画，记录数据库中
2026-08-05 00:13:57 - mkk_pika - main.py:83 - INFO - 找到 9 张图片在:第1集
2026-08-05 00:13:57 - mkk_pika - main.py:112 - INFO - [episode:第1集       ] downloaded:     9, total:   9, progress:100%
2026-08-05 00:13:57 - mkk_pika - database.py:238 - INFO - 数据库更新已下载章节
2026-08-05 00:13:57 - mkk_pika - database.py:244 - INFO - 该漫画已下载章节如下
2026-08-05 00:13:57 - mkk_pika - database.py:245 - INFO - ['第1集']
2026-08-05 00:13:59 - mkk_pika - main.py:348 - INFO - ==================== 漫画信息 ====================
                                   漫画ID：5c49966efa68ce0401f14556
                                   标题：真面目ビッチ図書委員とかまとめ
                                   作者：あぶぶ
                                   是否完结：是
                                   总页数：9
                                   分类：短篇
                                   章节数：1
                                   最后更新时间：2019-01-24T10:41:50.804Z
                                   =================================================
2026-08-05 00:13:59 - mkk_pika - database.py:101 - INFO - 保存成功：真面目ビッチ図書委員とかまとめ
2026-08-05 00:13:59 - mkk_pika - main.py:35 - INFO - 开始检查ヤンママ宅に預けられるショタ是否存在未下载章节
2026-08-05 00:14:00 - mkk_pika - main.py:45 - INFO - 正在下载:[ヤンママ宅に預けられるショタ]-[あぶぶ]-[['短篇', '全彩', '人妻']]-[total_pages:8]
2026-08-05 00:14:00 - mkk_pika - main.py:49 - INFO - [{'_id': '5c49968371c2d311da87e4ac', 'title': '第1集', 'order': 1, 'updated_at': '2019-01-23T13:55:57.392Z', 'id': '5c49968371c2d311da87e4ac'}]
2026-08-05 00:14:00 - mkk_pika - database.py:215 - INFO - 第一次下载该漫画，记录数据库中
2026-08-05 00:14:00 - mkk_pika - main.py:83 - INFO - 找到 8 张图片在:第1集
2026-08-05 00:14:01 - mkk_pika - main.py:112 - INFO - [episode:第1集       ] downloaded:     8, total:   8, progress:100%
2026-08-05 00:14:01 - mkk_pika - database.py:238 - INFO - 数据库更新已下载章节
2026-08-05 00:14:01 - mkk_pika - database.py:244 - INFO - 该漫画已下载章节如下
2026-08-05 00:14:01 - mkk_pika - database.py:245 - INFO - ['第1集']
2026-08-05 00:14:02 - mkk_pika - main.py:348 - INFO - ==================== 漫画信息 ====================
                                   漫画ID：5c49968371c2d311da87e4ab
                                   标题：ヤンママ宅に預けられるショタ
                                   作者：あぶぶ
                                   是否完结：是
                                   总页数：8
                                   分类：短篇,全彩,人妻
                                   章节数：1
                                   最后更新时间：2019-01-24T10:42:11.262Z
                                   =================================================
2026-08-05 00:14:02 - mkk_pika - database.py:101 - INFO - 保存成功：ヤンママ宅に預けられるショタ
2026-08-05 00:14:02 - mkk_pika - main.py:35 - INFO - 开始检查(C95)荒潮Lunch野島添え(艦隊これくしょん -艦これ-)是否存在未下载章节
2026-08-05 00:14:02 - mkk_pika - main.py:45 - INFO - 正在下载:[(C95)荒潮Lunch野島添え(艦隊これくしょん -艦これ-)]-[リリィ・ポーク (ラキスト)]-[['短篇', '同人', '艦隊收藏']]-[total_pages:26]
2026-08-05 00:14:02 - mkk_pika - main.py:49 - INFO - [{'_id': '5c499693c0e58711d4451ef3', 'title': '第1集', 'order': 1, 'updated_at': '2019-01-23T14:09:56.620Z', 'id': '5c499693c0e58711d4451ef3'}]
2026-08-05 00:14:02 - mkk_pika - database.py:215 - INFO - 第一次下载该漫画，记录数据库中
2026-08-05 00:14:03 - mkk_pika - main.py:83 - INFO - 找到 26 张图片在:第1集
2026-08-05 00:14:04 - mkk_pika - main.py:112 - INFO - [episode:第1集       ] downloaded:    26, total:  26, progress:100%
2026-08-05 00:14:04 - mkk_pika - database.py:238 - INFO - 数据库更新已下载章节
2026-08-05 00:14:04 - mkk_pika - database.py:244 - INFO - 该漫画已下载章节如下
2026-08-05 00:14:04 - mkk_pika - database.py:245 - INFO - ['第1集']
2026-08-05 00:14:06 - mkk_pika - main.py:348 - INFO - ==================== 漫画信息 ====================
                                   漫画ID：5c499693c0e58711d4451ef2
                                   标题：(C95)荒潮Lunch野島添え(艦隊これくしょん -艦これ-)
                                   作者：リリィ・ポーク (ラキスト)
                                   是否完结：是
                                   总页数：26
                                   分类：短篇,同人,艦隊收藏
                                   章节数：1
                                   最后更新时间：2019-01-24T10:42:27.207Z
                                   =================================================
2026-08-05 00:14:06 - mkk_pika - database.py:101 - INFO - 保存成功：(C95)荒潮Lunch野島添え(艦隊これくしょん -艦これ-)
2026-08-05 00:14:06 - mkk_pika - main.py:35 - INFO - 开始检查YU是否存在未下载章节
2026-08-05 00:14:06 - mkk_pika - main.py:45 - INFO - 正在下载:[YU]-[tamiko]-[['同人', '短篇', '百合花園', '純愛', '東方']]-[total_pages:19]
2026-08-05 00:14:06 - mkk_pika - main.py:49 - INFO - [{'_id': '5c49970b1382302aadc2901a', 'title': '第1集', 'order': 1, 'updated_at': '2019-01-23T15:21:42.721Z', 'id': '5c49970b1382302aadc2901a'}]
2026-08-05 00:14:06 - mkk_pika - database.py:215 - INFO - 第一次下载该漫画，记录数据库中
2026-08-05 00:14:07 - mkk_pika - main.py:83 - INFO - 找到 19 张图片在:第1集
2026-08-05 00:14:08 - mkk_pika - main.py:112 - INFO - [episode:第1集       ] downloaded:    19, total:  19, progress:100%
2026-08-05 00:14:08 - mkk_pika - database.py:238 - INFO - 数据库更新已下载章节
2026-08-05 00:14:08 - mkk_pika - database.py:244 - INFO - 该漫画已下载章节如下
2026-08-05 00:14:08 - mkk_pika - database.py:245 - INFO - ['第1集']
2026-08-05 00:14:09 - mkk_pika - main.py:348 - INFO - ==================== 漫画信息 ====================
                                   漫画ID：5c49970b1382302aadc29019
                                   标题：YU
                                   作者：tamiko
                                   是否完结：是
                                   总页数：19
                                   分类：同人,短篇,百合花園,純愛,東方
                                   章节数：1
                                   最后更新时间：2019-01-24T10:44:27.361Z
                                   =================================================
2026-08-05 00:14:09 - mkk_pika - database.py:101 - INFO - 保存成功：YU
2026-08-05 00:14:09 - mkk_pika - main.py:35 - INFO - 开始检查喫茶・人妻肉奴隷~是否存在未下载章节
2026-08-05 00:14:09 - mkk_pika - main.py:45 - INFO - 正在下载:[喫茶・人妻肉奴隷~]-[野晒惺]-[['長篇', '人妻', 'NTR', '姐姐系', '妹妹系']]-[total_pages:210]
2026-08-05 00:14:09 - mkk_pika - main.py:49 - INFO - [{'_id': '5c49975e3c7fd7119dd9dd19', 'title': '第1集', 'order': 1, 'updated_at': '2019-01-24T07:40:05.069Z', 'id': '5c49975e3c7fd7119dd9dd19'}]
2026-08-05 00:14:09 - mkk_pika - database.py:215 - INFO - 第一次下载该漫画，记录数据库中
2026-08-05 00:14:12 - mkk_pika - main.py:83 - INFO - 找到 210 张图片在:第1集
2026-08-05 00:14:22 - mkk_pika - main.py:112 - INFO - [episode:第1集       ] downloaded:   210, total: 210, progress:100%
2026-08-05 00:14:22 - mkk_pika - database.py:238 - INFO - 数据库更新已下载章节
2026-08-05 00:14:22 - mkk_pika - database.py:244 - INFO - 该漫画已下载章节如下
2026-08-05 00:14:22 - mkk_pika - database.py:245 - INFO - ['第1集']
2026-08-05 00:14:23 - mkk_pika - main.py:348 - INFO - ==================== 漫画信息 ====================
                                   漫画ID：5c49975e3c7fd7119dd9dd18
                                   标题：喫茶・人妻肉奴隷~
                                   作者：野晒惺
                                   是否完结：是
                                   总页数：210
                                   分类：長篇,人妻,NTR,姐姐系,妹妹系
                                   章节数：1
                                   最后更新时间：2019-01-24T10:45:50.813Z
                                   =================================================
2026-08-05 00:14:23 - mkk_pika - database.py:101 - INFO - 保存成功：喫茶・人妻肉奴隷~
2026-08-05 00:14:23 - mkk_pika - main.py:35 - INFO - 开始检查(C79) いもうと身体検査是否存在未下载章节
2026-08-05 00:14:24 - mkk_pika - main.py:45 - INFO - 正在下载:[(C79) いもうと身体検査]-[こりすや (こりす)]-[['妹妹系']]-[total_pages:34]
2026-08-05 00:14:24 - mkk_pika - main.py:49 - INFO - [{'_id': '5c4997c0482093043006a797', 'title': '第1集', 'order': 1, 'updated_at': '2019-01-24T01:50:53.290Z', 'id': '5c4997c0482093043006a797'}]
2026-08-05 00:14:24 - mkk_pika - database.py:215 - INFO - 第一次下载该漫画，记录数据库中
2026-08-05 00:14:24 - mkk_pika - main.py:83 - INFO - 找到 34 张图片在:第1集
2026-08-05 00:14:26 - mkk_pika - main.py:112 - INFO - [episode:第1集       ] downloaded:    34, total:  34, progress:100%
2026-08-05 00:14:26 - mkk_pika - database.py:238 - INFO - 数据库更新已下载章节
2026-08-05 00:14:26 - mkk_pika - database.py:244 - INFO - 该漫画已下载章节如下
2026-08-05 00:14:26 - mkk_pika - database.py:245 - INFO - ['第1集']
2026-08-05 00:14:27 - mkk_pika - main.py:348 - INFO - ==================== 漫画信息 ====================
                                   漫画ID：5c4997c0482093043006a796
                                   标题：(C79) いもうと身体検査
                                   作者：こりすや (こりす)
                                   是否完结：否
                                   总页数：34
                                   分类：妹妹系
                                   章节数：1
                                   最后更新时间：2019-01-24T10:47:28.227Z
                                   =================================================
2026-08-05 00:14:27 - mkk_pika - database.py:101 - INFO - 保存成功：(C79) いもうと身体検査
2026-08-05 00:14:27 - mkk_pika - main.py:35 - INFO - 开始检查女騎士のお母さんが強制的に吸血鬼化させられて堕とされる話是否存在未下载章节
2026-08-05 00:14:27 - mkk_pika - main.py:45 - INFO - 正在下载:[女騎士のお母さんが強制的に吸血鬼化させられて堕とされる話]-[三毛蔵亭]-[['短篇', '人妻', '非人類', '強暴']]-[total_pages:37]
2026-08-05 00:14:27 - mkk_pika - main.py:49 - INFO - [{'_id': '5c49b3580ad95b62a45c732f', 'title': '第1集', 'order': 1, 'updated_at': '2019-01-24T01:52:09.139Z', 'id': '5c49b3580ad95b62a45c732f'}]
2026-08-05 00:14:27 - mkk_pika - database.py:215 - INFO - 第一次下载该漫画，记录数据库中
2026-08-05 00:14:28 - mkk_pika - main.py:83 - INFO - 找到 37 张图片在:第1集
2026-08-05 00:14:31 - mkk_pika - main.py:112 - INFO - [episode:第1集       ] downloaded:    37, total:  37, progress:100%
2026-08-05 00:14:31 - mkk_pika - database.py:238 - INFO - 数据库更新已下载章节
2026-08-05 00:14:31 - mkk_pika - database.py:244 - INFO - 该漫画已下载章节如下
2026-08-05 00:14:31 - mkk_pika - database.py:245 - INFO - ['第1集']
2026-08-05 00:14:32 - mkk_pika - main.py:348 - INFO - ==================== 漫画信息 ====================
                                   漫画ID：5c49b3580ad95b62a45c732e
                                   标题：女騎士のお母さんが強制的に吸血鬼化させられて堕とされる話
                                   作者：三毛蔵亭
                                   是否完结：否
                                   总页数：37
                                   分类：短篇,人妻,非人類,強暴
                                   章节数：1
                                   最后更新时间：2019-01-24T12:45:12.831Z
                                   =================================================
2026-08-05 00:14:32 - mkk_pika - database.py:101 - INFO - 保存成功：女騎士のお母さんが強制的に吸血鬼化させられて堕とされる話
2026-08-05 00:14:32 - mkk_pika - main.py:35 - INFO - 开始检查神崎さん(弱) 二枚目 (アイドルマスター シンデレラガールズ)是否存在未下载章节
2026-08-05 00:14:32 - mkk_pika - main.py:45 - INFO - 正在下载:[神崎さん(弱) 二枚目 (アイドルマスター シンデレラガールズ)]-[tortoise shell cat (とりまる)]-[['短篇', '同人']]-[total_pages:23]
2026-08-05 00:14:32 - mkk_pika - main.py:49 - INFO - [{'_id': '5c49b3776a1a654fbe1a3ce5', 'title': '第1集', 'order': 1, 'updated_at': '2019-01-24T01:57:59.236Z', 'id': '5c49b3776a1a654fbe1a3ce5'}]
2026-08-05 00:14:32 - mkk_pika - database.py:215 - INFO - 第一次下载该漫画，记录数据库中
2026-08-05 00:14:33 - mkk_pika - main.py:83 - INFO - 找到 23 张图片在:第1集
2026-08-05 00:14:34 - mkk_pika - main.py:112 - INFO - [episode:第1集       ] downloaded:    23, total:  23, progress:100%
2026-08-05 00:14:34 - mkk_pika - database.py:238 - INFO - 数据库更新已下载章节
2026-08-05 00:14:34 - mkk_pika - database.py:244 - INFO - 该漫画已下载章节如下
2026-08-05 00:14:34 - mkk_pika - database.py:245 - INFO - ['第1集']
2026-08-05 00:14:36 - mkk_pika - main.py:348 - INFO - ==================== 漫画信息 ====================
                                   漫画ID：5c49b3776a1a654fbe1a3ce4
                                   标题：神崎さん(弱) 二枚目 (アイドルマスター シンデレラガールズ)
                                   作者：tortoise shell cat (とりまる)
                                   是否完结：是
                                   总页数：23
                                   分类：短篇,同人
                                   章节数：1
                                   最后更新时间：2019-01-24T12:45:43.600Z
                                   =================================================
2026-08-05 00:14:36 - mkk_pika - database.py:101 - INFO - 保存成功：神崎さん(弱) 二枚目 (アイドルマスター シンデレラガールズ)
2026-08-05 00:14:36 - mkk_pika - main.py:35 - INFO - 开始检查JK化リフレ (オリジナル)是否存在未下载章节
2026-08-05 00:14:36 - mkk_pika - main.py:45 - INFO - 正在下载:[JK化リフレ (オリジナル)]-[ ホークビット (孝至)]-[['短篇', '性轉換']]-[total_pages:40]
2026-08-05 00:14:36 - mkk_pika - main.py:49 - INFO - [{'_id': '5c49b3a00ad95b62a45c7358', 'title': '第1集', 'order': 1, 'updated_at': '2019-01-24T02:18:17.973Z', 'id': '5c49b3a00ad95b62a45c7358'}]
2026-08-05 00:14:36 - mkk_pika - database.py:215 - INFO - 第一次下载该漫画，记录数据库中
2026-08-05 00:14:37 - mkk_pika - main.py:83 - INFO - 找到 40 张图片在:第1集
2026-08-05 00:14:38 - mkk_pika - main.py:112 - INFO - [episode:第1集       ] downloaded:    40, total:  40, progress:100%
2026-08-05 00:14:38 - mkk_pika - database.py:238 - INFO - 数据库更新已下载章节
2026-08-05 00:14:38 - mkk_pika - database.py:244 - INFO - 该漫画已下载章节如下
2026-08-05 00:14:38 - mkk_pika - database.py:245 - INFO - ['第1集']
2026-08-05 00:14:40 - mkk_pika - main.py:348 - INFO - ==================== 漫画信息 ====================
                                   漫画ID：5c49b3a00ad95b62a45c7357
                                   标题：JK化リフレ (オリジナル)
                                   作者： ホークビット (孝至)
                                   是否完结：是
                                   总页数：40
                                   分类：短篇,性轉換
                                   章节数：1
                                   最后更新时间：2019-01-24T12:46:24.381Z
                                   =================================================
2026-08-05 00:14:40 - mkk_pika - database.py:101 - INFO - 保存成功：JK化リフレ (オリジナル)
2026-08-05 00:14:40 - mkk_pika - main.py:35 - INFO - 开始检查姉体験女学寮4.5 (COMIC アンスリウム 2018年8月号) [中国翻訳] [DL版]是否存在未下载章节
2026-08-05 00:14:40 - mkk_pika - main.py:45 - INFO - 正在下载:[姉体験女学寮4.5 (COMIC アンスリウム 2018年8月号) [中国翻訳] [DL版]]-[みちきんぐ]-[['短篇', '姐姐系']]-[total_pages:10]
2026-08-05 00:14:40 - mkk_pika - main.py:49 - INFO - [{'_id': '5c49b4086a1a654fbe1a3d03', 'title': '第1集', 'order': 1, 'updated_at': '2019-01-24T02:52:28.161Z', 'id': '5c49b4086a1a654fbe1a3d03'}]
2026-08-05 00:14:40 - mkk_pika - database.py:215 - INFO - 第一次下载该漫画，记录数据库中
2026-08-05 00:14:41 - mkk_pika - main.py:83 - INFO - 找到 10 张图片在:第1集
2026-08-05 00:14:41 - mkk_pika - main.py:112 - INFO - [episode:第1集       ] downloaded:    10, total:  10, progress:100%
2026-08-05 00:14:41 - mkk_pika - database.py:238 - INFO - 数据库更新已下载章节
2026-08-05 00:14:41 - mkk_pika - database.py:244 - INFO - 该漫画已下载章节如下
2026-08-05 00:14:41 - mkk_pika - database.py:245 - INFO - ['第1集']
2026-08-05 00:14:43 - mkk_pika - main.py:348 - INFO - ==================== 漫画信息 ====================
                                   漫画ID：5c49b4086a1a654fbe1a3d02
                                   标题：姉体験女学寮4.5 (COMIC アンスリウム 2018年8月号) [中国翻訳] [DL版]
                                   作者：みちきんぐ
                                   是否完结：否
                                   总页数：10
                                   分类：短篇,姐姐系
                                   章节数：1
                                   最后更新时间：2019-01-24T12:48:08.815Z
                                   =================================================
2026-08-05 00:14:43 - mkk_pika - database.py:101 - INFO - 保存成功：姉体験女学寮4.5 (COMIC アンスリウム 2018年8月号) [中国翻訳] [DL版]
2026-08-05 00:14:43 - mkk_pika - main.py:35 - INFO - 开始检查(C95) 行列の出来るおっぱい外来 (Fate/Grand Order)是否存在未下载章节
2026-08-05 00:14:43 - mkk_pika - main.py:45 - INFO - 正在下载:[(C95) 行列の出来るおっぱい外来 (Fate/Grand Order)]-[ROUTE1 (平つくね)]-[['同人', '短篇', 'Fate']]-[total_pages:24]
2026-08-05 00:14:43 - mkk_pika - main.py:49 - INFO - [{'_id': '5c49b4565125dc62ae15a4a3', 'title': '第1集', 'order': 1, 'updated_at': '2019-01-24T03:09:17.984Z', 'id': '5c49b4565125dc62ae15a4a3'}]
2026-08-05 00:14:43 - mkk_pika - database.py:215 - INFO - 第一次下载该漫画，记录数据库中
2026-08-05 00:14:44 - mkk_pika - main.py:83 - INFO - 找到 24 张图片在:第1集
2026-08-05 00:14:45 - mkk_pika - main.py:112 - INFO - [episode:第1集       ] downloaded:    24, total:  24, progress:100%
2026-08-05 00:14:45 - mkk_pika - database.py:238 - INFO - 数据库更新已下载章节
2026-08-05 00:14:45 - mkk_pika - database.py:244 - INFO - 该漫画已下载章节如下
2026-08-05 00:14:45 - mkk_pika - database.py:245 - INFO - ['第1集']
2026-08-05 00:14:46 - mkk_pika - main.py:348 - INFO - ==================== 漫画信息 ====================
                                   漫画ID：5c49b4565125dc62ae15a4a2
                                   标题：(C95) 行列の出来るおっぱい外来 (Fate/Grand Order)
                                   作者：ROUTE1 (平つくね)
                                   是否完结：是
                                   总页数：24
                                   分类：同人,短篇,Fate
                                   章节数：1
                                   最后更新时间：2019-01-24T12:49:26.897Z
                                   =================================================
2026-08-05 00:14:46 - mkk_pika - database.py:101 - INFO - 保存成功：(C95) 行列の出来るおっぱい外来 (Fate/Grand Order)
2026-08-05 00:14:46 - mkk_pika - main.py:35 - INFO - 开始检查ちぇんじざしょた是否存在未下载章节
2026-08-05 00:14:46 - mkk_pika - main.py:45 - INFO - 正在下载:[ちぇんじざしょた]-[ぬんぬ]-[['短篇']]-[total_pages:22]
2026-08-05 00:14:46 - mkk_pika - main.py:49 - INFO - [{'_id': '5c49b4fa1ee96e4fef3a4448', 'title': '第1集', 'order': 1, 'updated_at': '2019-01-24T03:41:32.135Z', 'id': '5c49b4fa1ee96e4fef3a4448'}]
2026-08-05 00:14:46 - mkk_pika - database.py:215 - INFO - 第一次下载该漫画，记录数据库中
2026-08-05 00:14:47 - mkk_pika - main.py:83 - INFO - 找到 22 张图片在:第1集
2026-08-05 00:14:48 - mkk_pika - main.py:112 - INFO - [episode:第1集       ] downloaded:    22, total:  22, progress:100%
2026-08-05 00:14:48 - mkk_pika - database.py:238 - INFO - 数据库更新已下载章节
2026-08-05 00:14:48 - mkk_pika - database.py:244 - INFO - 该漫画已下载章节如下
2026-08-05 00:14:48 - mkk_pika - database.py:245 - INFO - ['第1集']
2026-08-05 00:14:50 - mkk_pika - main.py:348 - INFO - ==================== 漫画信息 ====================
                                   漫画ID：5c49b4fa1ee96e4fef3a4447
                                   标题：ちぇんじざしょた
                                   作者：ぬんぬ
                                   是否完结：是
                                   总页数：22
                                   分类：短篇
                                   章节数：1
                                   最后更新时间：2019-01-24T12:52:10.078Z
                                   =================================================
2026-08-05 00:14:50 - mkk_pika - database.py:101 - INFO - 保存成功：ちぇんじざしょた
2026-08-05 00:14:50 - mkk_pika - main.py:35 - INFO - 开始检查メロンが超振動! R9 (テイルズ オブ ジ アビス)是否存在未下载章节
2026-08-05 00:14:50 - mkk_pika - main.py:45 - INFO - 正在下载:[メロンが超振動! R9 (テイルズ オブ ジ アビス)]-[valssu (茶琉)]-[['短篇', '同人', '強暴']]-[total_pages:47]
2026-08-05 00:14:50 - mkk_pika - main.py:49 - INFO - [{'_id': '5c49b53d9ffa450bebf33933', 'title': '第1集', 'order': 1, 'updated_at': '2019-01-24T04:22:33.462Z', 'id': '5c49b53d9ffa450bebf33933'}]
2026-08-05 00:14:50 - mkk_pika - database.py:215 - INFO - 第一次下载该漫画，记录数据库中
2026-08-05 00:14:51 - mkk_pika - main.py:83 - INFO - 找到 47 张图片在:第1集
2026-08-05 00:14:53 - mkk_pika - main.py:112 - INFO - [episode:第1集       ] downloaded:    47, total:  47, progress:100%
2026-08-05 00:14:53 - mkk_pika - database.py:238 - INFO - 数据库更新已下载章节
2026-08-05 00:14:53 - mkk_pika - database.py:244 - INFO - 该漫画已下载章节如下
2026-08-05 00:14:53 - mkk_pika - database.py:245 - INFO - ['第1集']
2026-08-05 00:14:55 - mkk_pika - main.py:348 - INFO - ==================== 漫画信息 ====================
                                   漫画ID：5c49b53d9ffa450bebf33932
                                   标题：メロンが超振動! R9 (テイルズ オブ ジ アビス)
                                   作者：valssu (茶琉)
                                   是否完结：是
                                   总页数：47
                                   分类：短篇,同人,強暴
                                   章节数：1
                                   最后更新时间：2019-01-24T12:53:17.719Z
                                   =================================================
2026-08-05 00:14:55 - mkk_pika - database.py:101 - INFO - 保存成功：メロンが超振動! R9 (テイルズ オブ ジ アビス)
2026-08-05 00:14:55 - mkk_pika - main.py:35 - INFO - 开始检查(C94)Twinkle・Share（汉化）是否存在未下载章节
2026-08-05 00:14:55 - mkk_pika - main.py:45 - INFO - 正在下载:[(C94)Twinkle・Share（汉化）]-[田屋沼屋 (たぬま)]-[['短篇', '後宮閃光']]-[total_pages:35]
2026-08-05 00:14:55 - mkk_pika - main.py:49 - INFO - [{'_id': '5c49b6835125dc62ae15a4e5', 'title': '第1集', 'order': 1, 'updated_at': '2019-01-24T04:42:42.151Z', 'id': '5c49b6835125dc62ae15a4e5'}]
2026-08-05 00:14:55 - mkk_pika - database.py:215 - INFO - 第一次下载该漫画，记录数据库中
2026-08-05 00:14:56 - mkk_pika - main.py:83 - INFO - 找到 35 张图片在:第1集
2026-08-05 00:14:57 - mkk_pika - main.py:112 - INFO - [episode:第1集       ] downloaded:    35, total:  35, progress:100%
2026-08-05 00:14:57 - mkk_pika - database.py:238 - INFO - 数据库更新已下载章节
2026-08-05 00:14:57 - mkk_pika - database.py:244 - INFO - 该漫画已下载章节如下
2026-08-05 00:14:57 - mkk_pika - database.py:245 - INFO - ['第1集']
2026-08-05 00:14:59 - mkk_pika - main.py:348 - INFO - ==================== 漫画信息 ====================
                                   漫画ID：5c49b6835125dc62ae15a4e4
                                   标题：(C94)Twinkle・Share（汉化）
                                   作者：田屋沼屋 (たぬま)
                                   是否完结：是
                                   总页数：35
                                   分类：短篇,後宮閃光
                                   章节数：1
                                   最后更新时间：2019-01-24T12:58:43.113Z
                                   =================================================
2026-08-05 00:14:59 - mkk_pika - database.py:101 - INFO - 保存成功：(C94)Twinkle・Share（汉化）
2026-08-05 00:14:59 - mkk_pika - main.py:35 - INFO - 开始检查JK化リフレ是否存在未下载章节
2026-08-05 00:14:59 - mkk_pika - main.py:45 - INFO - 正在下载:[JK化リフレ]-[ホークビット (孝至)]-[['短篇', '性轉換']]-[total_pages:77]
2026-08-05 00:14:59 - mkk_pika - main.py:49 - INFO - [{'_id': '5c42f419013ad7213a2af950', 'title': '生肉', 'order': 1, 'updated_at': '2019-01-24T12:58:51.859Z', 'id': '5c42f419013ad7213a2af950'}, {'_id': '5c49b68b882cb80bf2cbf2e5', 'title': '熟肉', 'order': 2, 'updated_at': '2019-01-24T05:07:16.365Z', 'id': '5c49b68b882cb80bf2cbf2e5'}]
2026-08-05 00:14:59 - mkk_pika - database.py:215 - INFO - 第一次下载该漫画，记录数据库中
2026-08-05 00:15:00 - mkk_pika - main.py:83 - INFO - 找到 37 张图片在:生肉
2026-08-05 00:15:02 - mkk_pika - main.py:112 - INFO - [episode:生肉        ] downloaded:    37, total:  37, progress:100%
2026-08-05 00:15:02 - mkk_pika - database.py:238 - INFO - 数据库更新已下载章节
2026-08-05 00:15:02 - mkk_pika - database.py:244 - INFO - 该漫画已下载章节如下
2026-08-05 00:15:02 - mkk_pika - database.py:245 - INFO - ['生肉']
2026-08-05 00:15:03 - mkk_pika - main.py:83 - INFO - 找到 40 张图片在:熟肉
2026-08-05 00:15:05 - mkk_pika - main.py:112 - INFO - [episode:熟肉        ] downloaded:    40, total:  40, progress:100%
2026-08-05 00:15:05 - mkk_pika - database.py:238 - INFO - 数据库更新已下载章节
2026-08-05 00:15:05 - mkk_pika - database.py:244 - INFO - 该漫画已下载章节如下
2026-08-05 00:15:05 - mkk_pika - database.py:245 - INFO - ['生肉', '熟肉']
2026-08-05 00:15:07 - mkk_pika - main.py:348 - INFO - ==================== 漫画信息 ====================
                                   漫画ID：5c42f419013ad7213a2af94f
                                   标题：JK化リフレ
                                   作者：ホークビット (孝至)
                                   是否完结：否
                                   总页数：77
                                   分类：短篇,性轉換
                                   章节数：2
                                   最后更新时间：2019-01-24T12:58:51.837Z
                                   =================================================
2026-08-05 00:15:07 - mkk_pika - database.py:101 - INFO - 保存成功：JK化リフレ
2026-08-05 00:15:07 - mkk_pika - main.py:35 - INFO - 开始检查[3D]全職媽媽 是否存在未下载章节
2026-08-05 00:15:07 - mkk_pika - main.py:45 - INFO - 正在下载:[[3D]全職媽媽 ]-[隨性]-[['全彩', '人妻', 'NTR']]-[total_pages:453]
2026-08-05 00:15:07 - mkk_pika - main.py:49 - INFO - [{'_id': '5c4830b885d5962fb39554aa', 'title': '第1集', 'order': 1, 'updated_at': '2019-01-23T08:11:30.292Z', 'id': '5c4830b885d5962fb39554aa'}, {'_id': '5c4830b885d5962fb39554ab', 'title': '第2集', 'order': 2, 'updated_at': '2019-01-23T08:11:39.356Z', 'id': '5c4830b885d5962fb39554ab'}, {'_id': '5c4830b885d5962fb39554ac', 'title': '第3集', 'order': 3, 'updated_at': '2019-01-23T08:11:59.086Z', 'id': '5c4830b885d5962fb39554ac'}, {'_id': '5c49b707ee5c460bbdd9b1e6', 'title': '第4集', 'order': 4, 'updated_at': '2019-01-24T07:37:59.547Z', 'id': '5c49b707ee5c460bbdd9b1e6'}, {'_id': '5c49b707ee5c460bbdd9b1e7', 'title': '第5集', 'order': 5, 'updated_at': '2019-01-24T07:38:08.528Z', 'id': '5c49b707ee5c460bbdd9b1e7'}, {'_id': '5c49b707ee5c460bbdd9b1e8', 'title': '第6集', 'order': 6, 'updated_at': '2019-01-24T07:38:26.016Z', 'id': '5c49b707ee5c460bbdd9b1e8'}]
2026-08-05 00:15:07 - mkk_pika - database.py:215 - INFO - 第一次下载该漫画，记录数据库中
2026-08-05 00:15:08 - mkk_pika - main.py:83 - INFO - 找到 120 张图片在:第1集
2026-08-05 00:15:12 - mkk_pika - main.py:112 - INFO - [episode:第1集       ] downloaded:   120, total: 120, progress:100%
2026-08-05 00:15:12 - mkk_pika - database.py:238 - INFO - 数据库更新已下载章节
2026-08-05 00:15:12 - mkk_pika - database.py:244 - INFO - 该漫画已下载章节如下
2026-08-05 00:15:12 - mkk_pika - database.py:245 - INFO - ['第1集']
2026-08-05 00:15:15 - mkk_pika - main.py:83 - INFO - 找到 106 张图片在:第2集
2026-08-05 00:15:18 - mkk_pika - main.py:112 - INFO - [episode:第2集       ] downloaded:   106, total: 106, progress:100%
2026-08-05 00:15:18 - mkk_pika - database.py:238 - INFO - 数据库更新已下载章节
2026-08-05 00:15:18 - mkk_pika - database.py:244 - INFO - 该漫画已下载章节如下
2026-08-05 00:15:18 - mkk_pika - database.py:245 - INFO - ['第1集', '第2集']
2026-08-05 00:15:21 - mkk_pika - main.py:83 - INFO - 找到 96 张图片在:第3集
2026-08-05 00:15:24 - mkk_pika - main.py:112 - INFO - [episode:第3集       ] downloaded:    96, total:  96, progress:100%
2026-08-05 00:15:24 - mkk_pika - database.py:238 - INFO - 数据库更新已下载章节
2026-08-05 00:15:24 - mkk_pika - database.py:244 - INFO - 该漫画已下载章节如下
2026-08-05 00:15:24 - mkk_pika - database.py:245 - INFO - ['第1集', '第2集', '第3集']
2026-08-05 00:15:26 - mkk_pika - main.py:83 - INFO - 找到 90 张图片在:第4集
2026-08-05 00:15:29 - mkk_pika - main.py:112 - INFO - [episode:第4集       ] downloaded:    90, total:  90, progress:100%
2026-08-05 00:15:29 - mkk_pika - database.py:238 - INFO - 数据库更新已下载章节
2026-08-05 00:15:29 - mkk_pika - database.py:244 - INFO - 该漫画已下载章节如下
2026-08-05 00:15:29 - mkk_pika - database.py:245 - INFO - ['第1集', '第2集', '第3集', '第4集']
2026-08-05 00:15:32 - mkk_pika - main.py:83 - INFO - 找到 98 张图片在:第5集
2026-08-05 00:15:35 - mkk_pika - main.py:112 - INFO - [episode:第5集       ] downloaded:    98, total:  98, progress:100%
2026-08-05 00:15:35 - mkk_pika - database.py:238 - INFO - 数据库更新已下载章节
2026-08-05 00:15:35 - mkk_pika - database.py:244 - INFO - 该漫画已下载章节如下
2026-08-05 00:15:35 - mkk_pika - database.py:245 - INFO - ['第1集', '第2集', '第3集', '第4集', '第5集']
2026-08-05 00:15:37 - mkk_pika - main.py:83 - INFO - 找到 78 张图片在:第6集
2026-08-05 00:15:40 - mkk_pika - main.py:112 - INFO - [episode:第6集       ] downloaded:    78, total:  78, progress:100%
2026-08-05 00:15:40 - mkk_pika - database.py:238 - INFO - 数据库更新已下载章节
2026-08-05 00:15:40 - mkk_pika - database.py:244 - INFO - 该漫画已下载章节如下
2026-08-05 00:15:40 - mkk_pika - database.py:245 - INFO - ['第1集', '第2集', '第3集', '第4集', '第5集', '第6集']
2026-08-05 00:15:41 - mkk_pika - main.py:348 - INFO - ==================== 漫画信息 ====================
                                   漫画ID：5c4830b885d5962fb39554a9
                                   标题：[3D]全職媽媽 
                                   作者：隨性
                                   是否完结：否
                                   总页数：453
                                   分类：全彩,人妻,NTR
                                   章节数：6
                                   最后更新时间：2019-01-24T13:00:55.637Z
                                   =================================================
2026-08-05 00:15:41 - mkk_pika - database.py:101 - INFO - 保存成功：[3D]全職媽媽 
2026-08-05 00:15:41 - mkk_pika - main.py:35 - INFO - 开始检查ペットな加賀 (アズールレーン)是否存在未下载章节
2026-08-05 00:15:42 - mkk_pika - main.py:45 - INFO - 正在下载:[ペットな加賀 (アズールレーン)]-[マジかよ (マジ)]-[['短篇', '同人', '後宮閃光']]-[total_pages:20]
2026-08-05 00:15:42 - mkk_pika - main.py:49 - INFO - [{'_id': '5c49b73f1ee96e4fef3a4466', 'title': '第1集', 'order': 1, 'updated_at': '2019-01-24T06:04:54.097Z', 'id': '5c49b73f1ee96e4fef3a4466'}]
2026-08-05 00:15:42 - mkk_pika - database.py:215 - INFO - 第一次下载该漫画，记录数据库中
2026-08-05 00:15:42 - mkk_pika - main.py:83 - INFO - 找到 20 张图片在:第1集
2026-08-05 00:15:43 - mkk_pika - main.py:112 - INFO - [episode:第1集       ] downloaded:    20, total:  20, progress:100%
2026-08-05 00:15:43 - mkk_pika - database.py:238 - INFO - 数据库更新已下载章节
2026-08-05 00:15:43 - mkk_pika - database.py:244 - INFO - 该漫画已下载章节如下
2026-08-05 00:15:43 - mkk_pika - database.py:245 - INFO - ['第1集']
2026-08-05 00:15:45 - mkk_pika - main.py:348 - INFO - ==================== 漫画信息 ====================
                                   漫画ID：5c49b73f1ee96e4fef3a4465
                                   标题：ペットな加賀 (アズールレーン)
                                   作者：マジかよ (マジ)
                                   是否完结：是
                                   总页数：20
                                   分类：短篇,同人,後宮閃光
                                   章节数：1
                                   最后更新时间：2019-01-24T13:01:51.911Z
                                   =================================================
2026-08-05 00:15:45 - mkk_pika - database.py:101 - INFO - 保存成功：ペットな加賀 (アズールレーン)
2026-08-05 00:15:45 - mkk_pika - main.py:35 - INFO - 开始检查 負けも負けたり5000兆円！(賭ケグルイ)是否存在未下载章节
2026-08-05 00:15:45 - mkk_pika - main.py:45 - INFO - 正在下载:[ 負けも負けたり5000兆円！(賭ケグルイ)]-[もっちー王国 (もっちー)]-[['同人', '短篇']]-[total_pages:23]
2026-08-05 00:15:45 - mkk_pika - main.py:49 - INFO - [{'_id': '5c49b881b0a2ba345a7c8201', 'title': '第1集', 'order': 1, 'updated_at': '2019-01-24T08:22:52.726Z', 'id': '5c49b881b0a2ba345a7c8201'}]
2026-08-05 00:15:45 - mkk_pika - database.py:215 - INFO - 第一次下载该漫画，记录数据库中
2026-08-05 00:15:46 - mkk_pika - main.py:83 - INFO - 找到 23 张图片在:第1集
2026-08-05 00:15:47 - mkk_pika - main.py:112 - INFO - [episode:第1集       ] downloaded:    23, total:  23, progress:100%
2026-08-05 00:15:47 - mkk_pika - database.py:238 - INFO - 数据库更新已下载章节
2026-08-05 00:15:47 - mkk_pika - database.py:244 - INFO - 该漫画已下载章节如下
2026-08-05 00:15:47 - mkk_pika - database.py:245 - INFO - ['第1集']
2026-08-05 00:15:48 - mkk_pika - main.py:348 - INFO - ==================== 漫画信息 ====================
                                   漫画ID：5c49b881b0a2ba345a7c8200
                                   标题： 負けも負けたり5000兆円！(賭ケグルイ)
                                   作者：もっちー王国 (もっちー)
                                   是否完结：是
                                   总页数：23
                                   分类：同人,短篇
                                   章节数：1
                                   最后更新时间：2019-01-24T13:07:13.041Z
                                   =================================================
2026-08-05 00:15:48 - mkk_pika - database.py:101 - INFO - 保存成功： 負けも負けたり5000兆円！(賭ケグルイ)
2026-08-05 00:15:48 - mkk_pika - main.py:35 - INFO - 开始检查(C95)大鳳はほろよいたい(アズールレーン)是否存在未下载章节
2026-08-05 00:15:48 - mkk_pika - main.py:45 - INFO - 正在下载:[(C95)大鳳はほろよいたい(アズールレーン)]-[ナイロン100％ (ナイロン)]-[['短篇', '同人', '純愛']]-[total_pages:24]
2026-08-05 00:15:48 - mkk_pika - main.py:49 - INFO - [{'_id': '5c49b89f882cb80bf2cbf35d', 'title': '第1集', 'order': 1, 'updated_at': '2019-01-24T08:30:27.690Z', 'id': '5c49b89f882cb80bf2cbf35d'}]
2026-08-05 00:15:48 - mkk_pika - database.py:215 - INFO - 第一次下载该漫画，记录数据库中
2026-08-05 00:15:49 - mkk_pika - main.py:83 - INFO - 找到 24 张图片在:第1集
2026-08-05 00:15:50 - mkk_pika - main.py:112 - INFO - [episode:第1集       ] downloaded:    24, total:  24, progress:100%
2026-08-05 00:15:50 - mkk_pika - database.py:238 - INFO - 数据库更新已下载章节
2026-08-05 00:15:50 - mkk_pika - database.py:244 - INFO - 该漫画已下载章节如下
2026-08-05 00:15:50 - mkk_pika - database.py:245 - INFO - ['第1集']
2026-08-05 00:15:52 - mkk_pika - main.py:348 - INFO - ==================== 漫画信息 ====================
                                   漫画ID：5c49b89f882cb80bf2cbf35c
                                   标题：(C95)大鳳はほろよいたい(アズールレーン)
                                   作者：ナイロン100％ (ナイロン)
                                   是否完结：是
                                   总页数：24
                                   分类：短篇,同人,純愛
                                   章节数：1
                                   最后更新时间：2019-01-24T13:07:43.004Z
                                   =================================================
2026-08-05 00:15:52 - mkk_pika - database.py:101 - INFO - 保存成功：(C95)大鳳はほろよいたい(アズールレーン)
2026-08-05 00:15:52 - mkk_pika - main.py:35 - INFO - 开始检查J×J II (Fate/Grand Order)是否存在未下载章节
2026-08-05 00:15:52 - mkk_pika - main.py:45 - INFO - 正在下载:[J×J II (Fate/Grand Order)]-[ERECT TOUCH (エレクトさわる)]-[['短篇', '同人', 'Fate', '扶他樂園']]-[total_pages:32]
2026-08-05 00:15:52 - mkk_pika - main.py:49 - INFO - [{'_id': '5c49b8b15125dc62ae15a53f', 'title': '第1集', 'order': 1, 'updated_at': '2019-01-24T08:40:26.522Z', 'id': '5c49b8b15125dc62ae15a53f'}]
2026-08-05 00:15:52 - mkk_pika - database.py:215 - INFO - 第一次下载该漫画，记录数据库中
2026-08-05 00:15:53 - mkk_pika - main.py:83 - INFO - 找到 32 张图片在:第1集
2026-08-05 00:15:54 - mkk_pika - main.py:112 - INFO - [episode:第1集       ] downloaded:    32, total:  32, progress:100%
2026-08-05 00:15:54 - mkk_pika - database.py:238 - INFO - 数据库更新已下载章节
2026-08-05 00:15:54 - mkk_pika - database.py:244 - INFO - 该漫画已下载章节如下
2026-08-05 00:15:54 - mkk_pika - database.py:245 - INFO - ['第1集']
2026-08-05 00:15:55 - mkk_pika - main.py:348 - INFO - ==================== 漫画信息 ====================
                                   漫画ID：5c49b8b15125dc62ae15a53e
                                   标题：J×J II (Fate/Grand Order)
                                   作者：ERECT TOUCH (エレクトさわる)
                                   是否完结：是
                                   总页数：32
                                   分类：短篇,同人,Fate,扶他樂園
                                   章节数：1
                                   最后更新时间：2019-01-24T13:08:01.155Z
                                   =================================================
2026-08-05 00:15:55 - mkk_pika - database.py:101 - INFO - 保存成功：J×J II (Fate/Grand Order)
2026-08-05 00:15:55 - mkk_pika - main.py:35 - INFO - 开始检查性奴隸目錄是否存在未下载章节
2026-08-05 00:15:56 - mkk_pika - main.py:45 - INFO - 正在下载:[性奴隸目錄]-[小林少年]-[['長篇', '扶他樂園', '單行本', 'SM', '強暴']]-[total_pages:-278]
2026-08-05 00:15:56 - mkk_pika - main.py:49 - INFO - [{'_id': '5c49b9a2882cb80bf2cbf385', 'title': '第1集', 'order': 1, 'updated_at': '2019-01-24T10:07:32.854Z', 'id': '5c49b9a2882cb80bf2cbf385'}]
2026-08-05 00:15:56 - mkk_pika - database.py:215 - INFO - 第一次下载该漫画，记录数据库中
2026-08-05 00:15:58 - mkk_pika - main.py:83 - INFO - 找到 162 张图片在:第1集
2026-08-05 00:16:05 - mkk_pika - main.py:112 - INFO - [episode:第1集       ] downloaded:   162, total: 162, progress:100%
2026-08-05 00:16:05 - mkk_pika - database.py:238 - INFO - 数据库更新已下载章节
2026-08-05 00:16:05 - mkk_pika - database.py:244 - INFO - 该漫画已下载章节如下
2026-08-05 00:16:05 - mkk_pika - database.py:245 - INFO - ['第1集']
2026-08-05 00:16:06 - mkk_pika - main.py:348 - INFO - ==================== 漫画信息 ====================
                                   漫画ID：5c49b9a2882cb80bf2cbf384
                                   标题：性奴隸目錄
                                   作者：小林少年
                                   是否完结：是
                                   总页数：-278
                                   分类：長篇,扶他樂園,單行本,SM,強暴
                                   章节数：1
                                   最后更新时间：2019-01-24T13:12:02.825Z
                                   =================================================
2026-08-05 00:16:06 - mkk_pika - database.py:101 - INFO - 保存成功：性奴隸目錄
2026-08-05 00:16:06 - mkk_pika - main.py:35 - INFO - 开始检查痴漢囮捜査官キョウカ1—6汉化版是否存在未下载章节
2026-08-05 00:16:07 - mkk_pika - main.py:45 - INFO - 正在下载:[痴漢囮捜査官キョウカ1—6汉化版]-[クリムゾン]-[['長篇', 'SM', '強暴']]-[total_pages:347]
2026-08-05 00:16:07 - mkk_pika - main.py:49 - INFO - [{'_id': '5c49b9bfee5c460bbdd9b344', 'title': '第1集', 'order': 1, 'updated_at': '2019-01-24T11:39:21.872Z', 'id': '5c49b9bfee5c460bbdd9b344'}, {'_id': '5c49b9bfee5c460bbdd9b345', 'title': '第2集', 'order': 2, 'updated_at': '2019-01-24T11:42:50.415Z', 'id': '5c49b9bfee5c460bbdd9b345'}, {'_id': '5c49b9bfee5c460bbdd9b346', 'title': '第3集', 'order': 3, 'updated_at': '2019-01-24T11:45:57.089Z', 'id': '5c49b9bfee5c460bbdd9b346'}, {'_id': '5c49b9bfee5c460bbdd9b347', 'title': '第4集', 'order': 4, 'updated_at': '2019-01-24T11:49:06.005Z', 'id': '5c49b9bfee5c460bbdd9b347'}, {'_id': '5c49b9bfee5c460bbdd9b348', 'title': '第5集', 'order': 5, 'updated_at': '2019-01-24T11:52:55.072Z', 'id': '5c49b9bfee5c460bbdd9b348'}, {'_id': '5c49b9bfee5c460bbdd9b349', 'title': '第6集', 'order': 6, 'updated_at': '2019-01-24T11:56:19.756Z', 'id': '5c49b9bfee5c460bbdd9b349'}]
2026-08-05 00:16:07 - mkk_pika - database.py:215 - INFO - 第一次下载该漫画，记录数据库中
2026-08-05 00:16:07 - mkk_pika - main.py:83 - INFO - 找到 53 张图片在:第1集
2026-08-05 00:16:10 - mkk_pika - main.py:112 - INFO - [episode:第1集       ] downloaded:    53, total:  53, progress:100%
2026-08-05 00:16:10 - mkk_pika - database.py:238 - INFO - 数据库更新已下载章节
2026-08-05 00:16:10 - mkk_pika - database.py:244 - INFO - 该漫画已下载章节如下
2026-08-05 00:16:10 - mkk_pika - database.py:245 - INFO - ['第1集']
2026-08-05 00:16:12 - mkk_pika - main.py:83 - INFO - 找到 45 张图片在:第2集
2026-08-05 00:16:13 - mkk_pika - main.py:112 - INFO - [episode:第2集       ] downloaded:    45, total:  45, progress:100%
2026-08-05 00:16:13 - mkk_pika - database.py:238 - INFO - 数据库更新已下载章节
2026-08-05 00:16:13 - mkk_pika - database.py:244 - INFO - 该漫画已下载章节如下
2026-08-05 00:16:13 - mkk_pika - database.py:245 - INFO - ['第1集', '第2集']
2026-08-05 00:16:15 - mkk_pika - main.py:83 - INFO - 找到 60 张图片在:第3集
2026-08-05 00:16:18 - mkk_pika - main.py:112 - INFO - [episode:第3集       ] downloaded:    60, total:  60, progress:100%
2026-08-05 00:16:18 - mkk_pika - database.py:238 - INFO - 数据库更新已下载章节
2026-08-05 00:16:18 - mkk_pika - database.py:244 - INFO - 该漫画已下载章节如下
2026-08-05 00:16:18 - mkk_pika - database.py:245 - INFO - ['第1集', '第2集', '第3集']
2026-08-05 00:16:19 - mkk_pika - main.py:83 - INFO - 找到 61 张图片在:第4集
2026-08-05 00:16:22 - mkk_pika - main.py:112 - INFO - [episode:第4集       ] downloaded:    61, total:  61, progress:100%
2026-08-05 00:16:22 - mkk_pika - database.py:238 - INFO - 数据库更新已下载章节
2026-08-05 00:16:22 - mkk_pika - database.py:244 - INFO - 该漫画已下载章节如下
2026-08-05 00:16:22 - mkk_pika - database.py:245 - INFO - ['第1集', '第2集', '第3集', '第4集']
2026-08-05 00:16:24 - mkk_pika - main.py:83 - INFO - 找到 65 张图片在:第5集
2026-08-05 00:16:26 - mkk_pika - main.py:112 - INFO - [episode:第5集       ] downloaded:    65, total:  65, progress:100%
2026-08-05 00:16:26 - mkk_pika - database.py:238 - INFO - 数据库更新已下载章节
2026-08-05 00:16:26 - mkk_pika - database.py:244 - INFO - 该漫画已下载章节如下
2026-08-05 00:16:26 - mkk_pika - database.py:245 - INFO - ['第1集', '第2集', '第3集', '第4集', '第5集']
2026-08-05 00:16:28 - mkk_pika - main.py:83 - INFO - 找到 63 张图片在:第6集
2026-08-05 00:16:31 - mkk_pika - main.py:112 - INFO - [episode:第6集       ] downloaded:    63, total:  63, progress:100%
2026-08-05 00:16:31 - mkk_pika - database.py:238 - INFO - 数据库更新已下载章节
2026-08-05 00:16:31 - mkk_pika - database.py:244 - INFO - 该漫画已下载章节如下
2026-08-05 00:16:31 - mkk_pika - database.py:245 - INFO - ['第1集', '第2集', '第3集', '第4集', '第5集', '第6集']
2026-08-05 00:16:32 - mkk_pika - main.py:348 - INFO - ==================== 漫画信息 ====================
                                   漫画ID：5c49b9bfee5c460bbdd9b343
                                   标题：痴漢囮捜査官キョウカ1—6汉化版
                                   作者：クリムゾン
                                   是否完结：否
                                   总页数：347
                                   分类：長篇,SM,強暴
                                   章节数：6
                                   最后更新时间：2019-01-24T13:12:31.376Z
                                   =================================================
2026-08-05 00:16:32 - mkk_pika - database.py:101 - INFO - 保存成功：痴漢囮捜査官キョウカ1—6汉化版
2026-08-05 00:16:32 - mkk_pika - main.py:35 - INFO - 开始检查レン・フカ次郎の生活!!是否存在未下载章节
2026-08-05 00:16:32 - mkk_pika - main.py:45 - INFO - 正在下载:[レン・フカ次郎の生活!!]-[スタジオた～ (狂一郎)]-[['同人', '短篇', 'SAO 刀劍神域']]-[total_pages:51]
2026-08-05 00:16:32 - mkk_pika - main.py:49 - INFO - [{'_id': '5b8761eb1bb78c47ed290a30', 'title': '生肉', 'order': 1, 'updated_at': '2019-01-24T13:12:39.440Z', 'id': '5b8761eb1bb78c47ed290a30'}, {'_id': '5c49b9c75c1e2d3450cce539', 'title': '熟肉', 'order': 2, 'updated_at': '2019-01-24T12:17:34.552Z', 'id': '5c49b9c75c1e2d3450cce539'}]
2026-08-05 00:16:32 - mkk_pika - database.py:215 - INFO - 第一次下载该漫画，记录数据库中
2026-08-05 00:16:33 - mkk_pika - main.py:83 - INFO - 找到 26 张图片在:生肉
2026-08-05 00:16:34 - mkk_pika - main.py:112 - INFO - [episode:生肉        ] downloaded:    26, total:  26, progress:100%
2026-08-05 00:16:34 - mkk_pika - database.py:238 - INFO - 数据库更新已下载章节
2026-08-05 00:16:34 - mkk_pika - database.py:244 - INFO - 该漫画已下载章节如下
2026-08-05 00:16:34 - mkk_pika - database.py:245 - INFO - ['生肉']
2026-08-05 00:16:36 - mkk_pika - main.py:83 - INFO - 找到 25 张图片在:熟肉
2026-08-05 00:16:37 - mkk_pika - main.py:112 - INFO - [episode:熟肉        ] downloaded:    25, total:  25, progress:100%
2026-08-05 00:16:37 - mkk_pika - database.py:238 - INFO - 数据库更新已下载章节
2026-08-05 00:16:37 - mkk_pika - database.py:244 - INFO - 该漫画已下载章节如下
2026-08-05 00:16:37 - mkk_pika - database.py:245 - INFO - ['生肉', '熟肉']
2026-08-05 00:16:39 - mkk_pika - main.py:348 - INFO - ==================== 漫画信息 ====================
                                   漫画ID：5b8761eb1bb78c47ed290a2f
                                   标题：レン・フカ次郎の生活!!
                                   作者：スタジオた～ (狂一郎)
                                   是否完结：否
                                   总页数：51
                                   分类：同人,短篇,SAO 刀劍神域
                                   章节数：2
                                   最后更新时间：2019-01-24T13:12:39.418Z
                                   =================================================
2026-08-05 00:16:39 - mkk_pika - database.py:101 - INFO - 保存成功：レン・フカ次郎の生活!!
2026-08-05 00:16:39 - mkk_pika - main.py:35 - INFO - 开始检查部活少女パラダイス 部活少女的性愛天堂 香汗淋漓的天使們是否存在未下载章节
2026-08-05 00:16:39 - mkk_pika - main.py:45 - INFO - 正在下载:[部活少女パラダイス 部活少女的性愛天堂 香汗淋漓的天使們]-[ブラザーピエロ]-[['長篇', '純愛', '後宮閃光', '單行本', '妹妹系', '足の恋']]-[total_pages:253]
2026-08-05 00:16:39 - mkk_pika - main.py:49 - INFO - [{'_id': '5c49ba02ee5c460bbdd9b4a7', 'title': '色氣美少女後宮的單行本', 'order': 1, 'updated_at': '2019-01-23T13:01:07.211Z', 'id': '5c49ba02ee5c460bbdd9b4a7'}]
2026-08-05 00:16:39 - mkk_pika - database.py:215 - INFO - 第一次下载该漫画，记录数据库中
2026-08-05 00:16:42 - mkk_pika - main.py:83 - INFO - 找到 253 张图片在:色氣美少女後宮的單行本
2026-08-05 00:16:52 - mkk_pika - main.py:112 - INFO - [episode:色氣美少女後宮的單行本] downloaded:   253, total: 253, progress:100%
2026-08-05 00:16:52 - mkk_pika - database.py:238 - INFO - 数据库更新已下载章节
2026-08-05 00:16:52 - mkk_pika - database.py:244 - INFO - 该漫画已下载章节如下
2026-08-05 00:16:52 - mkk_pika - database.py:245 - INFO - ['色氣美少女後宮的單行本']
2026-08-05 00:16:53 - mkk_pika - main.py:348 - INFO - ==================== 漫画信息 ====================
                                   漫画ID：5c49ba02ee5c460bbdd9b4a6
                                   标题：部活少女パラダイス 部活少女的性愛天堂 香汗淋漓的天使們
                                   作者：ブラザーピエロ
                                   是否完结：是
                                   总页数：253
                                   分类：長篇,純愛,後宮閃光,單行本,妹妹系,足の恋
                                   章节数：1
                                   最后更新时间：2019-01-24T13:13:38.087Z
                                   =================================================
2026-08-05 00:16:53 - mkk_pika - database.py:101 - INFO - 保存成功：部活少女パラダイス 部活少女的性愛天堂 香汗淋漓的天使們
2026-08-05 00:16:53 - mkk_pika - main.py:35 - INFO - 开始检查(C95)猟犬のツトメ(ブラック・ラグーン)是否存在未下载章节
2026-08-05 00:16:54 - mkk_pika - main.py:45 - INFO - 正在下载:[(C95)猟犬のツトメ(ブラック・ラグーン)]-[O.S (ばーるん)]-[['短篇', '同人']]-[total_pages:27]
2026-08-05 00:16:54 - mkk_pika - main.py:49 - INFO - [{'_id': '5c49ba1b5c1e2d3450cce554', 'title': '第1集', 'order': 1, 'updated_at': '2019-01-24T12:25:43.303Z', 'id': '5c49ba1b5c1e2d3450cce554'}]
2026-08-05 00:16:54 - mkk_pika - database.py:215 - INFO - 第一次下载该漫画，记录数据库中
2026-08-05 00:16:54 - mkk_pika - main.py:83 - INFO - 找到 27 张图片在:第1集
2026-08-05 00:16:56 - mkk_pika - main.py:112 - INFO - [episode:第1集       ] downloaded:    27, total:  27, progress:100%
2026-08-05 00:16:56 - mkk_pika - database.py:238 - INFO - 数据库更新已下载章节
2026-08-05 00:16:56 - mkk_pika - database.py:244 - INFO - 该漫画已下载章节如下
2026-08-05 00:16:56 - mkk_pika - database.py:245 - INFO - ['第1集']
2026-08-05 00:16:57 - mkk_pika - main.py:348 - INFO - ==================== 漫画信息 ====================
                                   漫画ID：5c49ba1b5c1e2d3450cce553
                                   标题：(C95)猟犬のツトメ(ブラック・ラグーン)
                                   作者：O.S (ばーるん)
                                   是否完结：是
                                   总页数：27
                                   分类：短篇,同人
                                   章节数：1
                                   最后更新时间：2019-01-24T13:14:03.289Z
                                   =================================================
2026-08-05 00:16:57 - mkk_pika - database.py:101 - INFO - 保存成功：(C95)猟犬のツトメ(ブラック・ラグーン)
2026-08-05 00:16:57 - mkk_pika - main.py:35 - INFO - 开始检查カルデアマニア・ジャンヌオルタ(Fate Grand Order)是否存在未下载章节
2026-08-05 00:16:58 - mkk_pika - main.py:45 - INFO - 正在下载:[カルデアマニア・ジャンヌオルタ(Fate Grand Order)]-[熊掌社 (魚生、俺正讀)]-[['短篇', '同人', 'Fate', '非人類', '扶他樂園']]-[total_pages:26]
2026-08-05 00:16:58 - mkk_pika - main.py:49 - INFO - [{'_id': '5c4b107b5f7c8522f56bb9e6', 'title': '第1集', 'order': 1, 'updated_at': '2019-01-24T13:24:52.808Z', 'id': '5c4b107b5f7c8522f56bb9e6'}]
2026-08-05 00:16:58 - mkk_pika - database.py:215 - INFO - 第一次下载该漫画，记录数据库中
2026-08-05 00:16:58 - mkk_pika - main.py:83 - INFO - 找到 26 张图片在:第1集
2026-08-05 00:17:00 - mkk_pika - main.py:112 - INFO - [episode:第1集       ] downloaded:    26, total:  26, progress:100%
2026-08-05 00:17:00 - mkk_pika - database.py:238 - INFO - 数据库更新已下载章节
2026-08-05 00:17:00 - mkk_pika - database.py:244 - INFO - 该漫画已下载章节如下
2026-08-05 00:17:00 - mkk_pika - database.py:245 - INFO - ['第1集']
2026-08-05 00:17:01 - mkk_pika - main.py:348 - INFO - ==================== 漫画信息 ====================
                                   漫画ID：5c4b107b5f7c8522f56bb9e5
                                   标题：カルデアマニア・ジャンヌオルタ(Fate Grand Order)
                                   作者：熊掌社 (魚生、俺正讀)
                                   是否完结：是
                                   总页数：26
                                   分类：短篇,同人,Fate,非人類,扶他樂園
                                   章节数：1
                                   最后更新时间：2019-01-25T13:34:51.268Z
                                   =================================================
2026-08-05 00:17:01 - mkk_pika - database.py:101 - INFO - 保存成功：カルデアマニア・ジャンヌオルタ(Fate Grand Order)
2026-08-05 00:17:01 - mkk_pika - main.py:35 - INFO - 开始检查[3D]我的美艳嫂子是否存在未下载章节
2026-08-05 00:17:01 - mkk_pika - main.py:45 - INFO - 正在下载:[[3D]我的美艳嫂子]-[不详]-[['全彩', '人妻']]-[total_pages:86]
2026-08-05 00:17:01 - mkk_pika - main.py:49 - INFO - [{'_id': '5c4d1445c7f75b666d6b64ae', 'title': '第1集', 'order': 1, 'updated_at': '2019-01-26T05:34:09.948Z', 'id': '5c4d1445c7f75b666d6b64ae'}]
2026-08-05 00:17:01 - mkk_pika - database.py:215 - INFO - 第一次下载该漫画，记录数据库中
2026-08-05 00:17:03 - mkk_pika - main.py:83 - INFO - 找到 104 张图片在:第1集
2026-08-05 00:17:06 - mkk_pika - main.py:112 - INFO - [episode:第1集       ] downloaded:   104, total: 104, progress:100%
2026-08-05 00:17:06 - mkk_pika - database.py:238 - INFO - 数据库更新已下载章节
2026-08-05 00:17:06 - mkk_pika - database.py:244 - INFO - 该漫画已下载章节如下
2026-08-05 00:17:06 - mkk_pika - database.py:245 - INFO - ['第1集']
2026-08-05 00:17:07 - mkk_pika - main.py:348 - INFO - ==================== 漫画信息 ====================
                                   漫画ID：5c4b1949b2ab9e136d9a9236
                                   标题：[3D]我的美艳嫂子
                                   作者：不详
                                   是否完结：否
                                   总页数：86
                                   分类：全彩,人妻
                                   章节数：1
                                   最后更新时间：2019-01-25T14:12:25.491Z
                                   =================================================
2026-08-05 00:17:07 - mkk_pika - database.py:101 - INFO - 保存成功：[3D]我的美艳嫂子
2026-08-05 00:17:07 - mkk_pika - main.py:35 - INFO - 开始检查[3D]恋母是否存在未下载章节
2026-08-05 00:17:07 - mkk_pika - main.py:45 - INFO - 正在下载:[[3D]恋母]-[AA大魔王]-[['全彩', '人妻']]-[total_pages:337]
2026-08-05 00:17:07 - mkk_pika - main.py:49 - INFO - [{'_id': '5c4b196f8e5bde37749f3dd9', 'title': '第1集', 'order': 1, 'updated_at': '2019-01-24T14:16:22.289Z', 'id': '5c4b196f8e5bde37749f3dd9'}, {'_id': '5c4b196f8e5bde37749f3dda', 'title': '第2集', 'order': 2, 'updated_at': '2019-01-24T14:17:59.436Z', 'id': '5c4b196f8e5bde37749f3dda'}, {'_id': '5c4b196f8e5bde37749f3ddb', 'title': '第3集', 'order': 3, 'updated_at': '2019-01-24T14:19:54.130Z', 'id': '5c4b196f8e5bde37749f3ddb'}]
2026-08-05 00:17:07 - mkk_pika - database.py:215 - INFO - 第一次下载该漫画，记录数据库中
2026-08-05 00:17:09 - mkk_pika - main.py:83 - INFO - 找到 147 张图片在:第1集
2026-08-05 00:17:15 - mkk_pika - main.py:112 - INFO - [episode:第1集       ] downloaded:   147, total: 147, progress:100%
2026-08-05 00:17:15 - mkk_pika - database.py:238 - INFO - 数据库更新已下载章节
2026-08-05 00:17:15 - mkk_pika - database.py:244 - INFO - 该漫画已下载章节如下
2026-08-05 00:17:15 - mkk_pika - database.py:245 - INFO - ['第1集']
2026-08-05 00:17:18 - mkk_pika - main.py:83 - INFO - 找到 124 张图片在:第2集
2026-08-05 00:17:22 - mkk_pika - main.py:112 - INFO - [episode:第2集       ] downloaded:   124, total: 124, progress:100%
2026-08-05 00:17:22 - mkk_pika - database.py:238 - INFO - 数据库更新已下载章节
2026-08-05 00:17:22 - mkk_pika - database.py:244 - INFO - 该漫画已下载章节如下
2026-08-05 00:17:22 - mkk_pika - database.py:245 - INFO - ['第1集', '第2集']
2026-08-05 00:17:25 - mkk_pika - main.py:83 - INFO - 找到 126 张图片在:第3集
2026-08-05 00:17:30 - mkk_pika - main.py:112 - INFO - [episode:第3集       ] downloaded:   126, total: 126, progress:100%
2026-08-05 00:17:30 - mkk_pika - database.py:238 - INFO - 数据库更新已下载章节
2026-08-05 00:17:30 - mkk_pika - database.py:244 - INFO - 该漫画已下载章节如下
2026-08-05 00:17:30 - mkk_pika - database.py:245 - INFO - ['第1集', '第2集', '第3集']
2026-08-05 00:17:32 - mkk_pika - main.py:348 - INFO - ==================== 漫画信息 ====================
                                   漫画ID：5c4b196f8e5bde37749f3dd8
                                   标题：[3D]恋母
                                   作者：AA大魔王
                                   是否完结：否
                                   总页数：337
                                   分类：全彩,人妻
                                   章节数：3
                                   最后更新时间：2019-01-25T14:13:03.763Z
                                   =================================================
2026-08-05 00:17:32 - mkk_pika - database.py:101 - INFO - 保存成功：[3D]恋母
2026-08-05 00:17:32 - mkk_pika - main.py:35 - INFO - 开始检查 はまかぜびより3 (艦隊これくしょん -艦これ-)是否存在未下载章节
2026-08-05 00:17:32 - mkk_pika - main.py:45 - INFO - 正在下载:[ はまかぜびより3 (艦隊これくしょん -艦これ-)]-[葵井ちづる]-[['艦隊收藏', '同人', '短篇']]-[total_pages:22]
2026-08-05 00:17:32 - mkk_pika - main.py:49 - INFO - [{'_id': '5c4b1b47fabb57476fa9c5f9', 'title': '第1集', 'order': 1, 'updated_at': '2019-01-24T11:05:31.659Z', 'id': '5c4b1b47fabb57476fa9c5f9'}]
2026-08-05 00:17:32 - mkk_pika - database.py:215 - INFO - 第一次下载该漫画，记录数据库中
2026-08-05 00:17:33 - mkk_pika - main.py:83 - INFO - 找到 22 张图片在:第1集
2026-08-05 00:17:34 - mkk_pika - main.py:112 - INFO - [episode:第1集       ] downloaded:    22, total:  22, progress:100%
2026-08-05 00:17:34 - mkk_pika - database.py:238 - INFO - 数据库更新已下载章节
2026-08-05 00:17:34 - mkk_pika - database.py:244 - INFO - 该漫画已下载章节如下
2026-08-05 00:17:34 - mkk_pika - database.py:245 - INFO - ['第1集']
2026-08-05 00:17:35 - mkk_pika - main.py:348 - INFO - ==================== 漫画信息 ====================
                                   漫画ID：5c4b1b47fabb57476fa9c5f8
                                   标题： はまかぜびより3 (艦隊これくしょん -艦これ-)
                                   作者：葵井ちづる
                                   是否完结：否
                                   总页数：22
                                   分类：艦隊收藏,同人,短篇
                                   章节数：1
                                   最后更新时间：2019-01-25T14:20:55.070Z
                                   =================================================
2026-08-05 00:17:35 - mkk_pika - database.py:101 - INFO - 保存成功： はまかぜびより3 (艦隊これくしょん -艦これ-)
2026-08-05 00:17:35 - mkk_pika - main.py:35 - INFO - 开始检查フルムーン×レミリア様(東方Project)是否存在未下载章节
2026-08-05 00:17:35 - mkk_pika - main.py:45 - INFO - 正在下载:[フルムーン×レミリア様(東方Project)]-[Studio P.M.Y (ミカリン)]-[['短篇', '同人', '東方']]-[total_pages:22]
2026-08-05 00:17:35 - mkk_pika - main.py:49 - INFO - [{'_id': '5c4b1bb3fabb57476fa9c644', 'title': '第1集', 'order': 1, 'updated_at': '2019-01-24T15:39:40.413Z', 'id': '5c4b1bb3fabb57476fa9c644'}]
2026-08-05 00:17:35 - mkk_pika - database.py:215 - INFO - 第一次下载该漫画，记录数据库中
2026-08-05 00:17:36 - mkk_pika - main.py:83 - INFO - 找到 22 张图片在:第1集
2026-08-05 00:17:37 - mkk_pika - main.py:112 - INFO - [episode:第1集       ] downloaded:    22, total:  22, progress:100%
2026-08-05 00:17:37 - mkk_pika - database.py:238 - INFO - 数据库更新已下载章节
2026-08-05 00:17:37 - mkk_pika - database.py:244 - INFO - 该漫画已下载章节如下
2026-08-05 00:17:37 - mkk_pika - database.py:245 - INFO - ['第1集']
2026-08-05 00:17:38 - mkk_pika - main.py:348 - INFO - ==================== 漫画信息 ====================
                                   漫画ID：5c4b1bb3fabb57476fa9c643
                                   标题：フルムーン×レミリア様(東方Project)
                                   作者：Studio P.M.Y (ミカリン)
                                   是否完结：是
                                   总页数：22
                                   分类：短篇,同人,東方
                                   章节数：1
                                   最后更新时间：2019-01-25T14:22:43.058Z
                                   =================================================
2026-08-05 00:17:38 - mkk_pika - database.py:101 - INFO - 保存成功：フルムーン×レミリア様(東方Project)
2026-08-05 00:17:38 - mkk_pika - main.py:35 - INFO - 开始检查(C95)ひざの上に桜是否存在未下载章节
2026-08-05 00:17:39 - mkk_pika - main.py:45 - INFO - 正在下载:[(C95)ひざの上に桜]-[あいあんぷれーと]-[['短篇', '同人', '純愛', 'Fate']]-[total_pages:19]
2026-08-05 00:17:39 - mkk_pika - main.py:49 - INFO - [{'_id': '5c4b1c1b43d8d8633018e933', 'title': '第1集', 'order': 1, 'updated_at': '2019-01-24T19:34:17.800Z', 'id': '5c4b1c1b43d8d8633018e933'}]
2026-08-05 00:17:39 - mkk_pika - database.py:215 - INFO - 第一次下载该漫画，记录数据库中
2026-08-05 00:17:39 - mkk_pika - main.py:83 - INFO - 找到 19 张图片在:第1集
2026-08-05 00:17:40 - mkk_pika - main.py:112 - INFO - [episode:第1集       ] downloaded:    19, total:  19, progress:100%
2026-08-05 00:17:40 - mkk_pika - database.py:238 - INFO - 数据库更新已下载章节
2026-08-05 00:17:40 - mkk_pika - database.py:244 - INFO - 该漫画已下载章节如下
2026-08-05 00:17:40 - mkk_pika - database.py:245 - INFO - ['第1集']
2026-08-05 00:17:42 - mkk_pika - main.py:348 - INFO - ==================== 漫画信息 ====================
                                   漫画ID：5c4b1c1b43d8d8633018e932
                                   标题：(C95)ひざの上に桜
                                   作者：あいあんぷれーと
                                   是否完结：是
                                   总页数：19
                                   分类：短篇,同人,純愛,Fate
                                   章节数：1
                                   最后更新时间：2019-01-25T14:24:27.013Z
                                   =================================================
2026-08-05 00:17:42 - mkk_pika - database.py:101 - INFO - 保存成功：(C95)ひざの上に桜
2026-08-05 00:17:42 - mkk_pika - main.py:35 - INFO - 开始检查水曜日の夜子さん (COMIC LO 2019年1月号) [中国翻訳] [DL版]是否存在未下载章节
2026-08-05 00:17:42 - mkk_pika - main.py:45 - INFO - 正在下载:[水曜日の夜子さん (COMIC LO 2019年1月号) [中国翻訳] [DL版]]-[砂漠]-[['短篇']]-[total_pages:24]
2026-08-05 00:17:42 - mkk_pika - main.py:49 - INFO - [{'_id': '5c4b1c5317208663057c810c', 'title': '第1集', 'order': 1, 'updated_at': '2019-01-25T00:23:38.413Z', 'id': '5c4b1c5317208663057c810c'}]
2026-08-05 00:17:42 - mkk_pika - database.py:215 - INFO - 第一次下载该漫画，记录数据库中
2026-08-05 00:17:43 - mkk_pika - main.py:83 - INFO - 找到 24 张图片在:第1集
2026-08-05 00:17:44 - mkk_pika - main.py:112 - INFO - [episode:第1集       ] downloaded:    24, total:  24, progress:100%
2026-08-05 00:17:44 - mkk_pika - database.py:238 - INFO - 数据库更新已下载章节
2026-08-05 00:17:44 - mkk_pika - database.py:244 - INFO - 该漫画已下载章节如下
2026-08-05 00:17:44 - mkk_pika - database.py:245 - INFO - ['第1集']
2026-08-05 00:17:45 - mkk_pika - main.py:348 - INFO - ==================== 漫画信息 ====================
                                   漫画ID：5c4b1c5317208663057c810b
                                   标题：水曜日の夜子さん (COMIC LO 2019年1月号) [中国翻訳] [DL版]
                                   作者：砂漠
                                   是否完结：否
                                   总页数：24
                                   分类：短篇
                                   章节数：1
                                   最后更新时间：2019-01-25T14:25:23.000Z
                                   =================================================
2026-08-05 00:17:45 - mkk_pika - database.py:101 - INFO - 保存成功：水曜日の夜子さん (COMIC LO 2019年1月号) [中国翻訳] [DL版]
2026-08-05 00:17:45 - mkk_pika - main.py:35 - INFO - 开始检查オーバーワーク ラブ (COMIC アンスリウム 2018年5月号) [中国翻訳] [DL版]是否存在未下载章节
2026-08-05 00:17:46 - mkk_pika - main.py:45 - INFO - 正在下载:[オーバーワーク ラブ (COMIC アンスリウム 2018年5月号) [中国翻訳] [DL版]]-[ばつ]-[['短篇']]-[total_pages:22]
2026-08-05 00:17:46 - mkk_pika - main.py:49 - INFO - [{'_id': '5c4b1c6a43d8d8633018e949', 'title': '第1集', 'order': 1, 'updated_at': '2019-01-25T01:23:38.730Z', 'id': '5c4b1c6a43d8d8633018e949'}]
2026-08-05 00:17:46 - mkk_pika - database.py:215 - INFO - 第一次下载该漫画，记录数据库中
2026-08-05 00:17:46 - mkk_pika - main.py:83 - INFO - 找到 22 张图片在:第1集
2026-08-05 00:17:47 - mkk_pika - main.py:112 - INFO - [episode:第1集       ] downloaded:    22, total:  22, progress:100%
2026-08-05 00:17:47 - mkk_pika - database.py:238 - INFO - 数据库更新已下载章节
2026-08-05 00:17:47 - mkk_pika - database.py:244 - INFO - 该漫画已下载章节如下
2026-08-05 00:17:47 - mkk_pika - database.py:245 - INFO - ['第1集']
2026-08-05 00:17:49 - mkk_pika - main.py:348 - INFO - ==================== 漫画信息 ====================
                                   漫画ID：5c4b1c6a43d8d8633018e948
                                   标题：オーバーワーク ラブ (COMIC アンスリウム 2018年5月号) [中国翻訳] [DL版]
                                   作者：ばつ
                                   是否完结：否
                                   总页数：22
                                   分类：短篇
                                   章节数：1
                                   最后更新时间：2019-01-25T14:25:46.429Z
                                   =================================================
2026-08-05 00:17:49 - mkk_pika - database.py:101 - INFO - 保存成功：オーバーワーク ラブ (COMIC アンスリウム 2018年5月号) [中国翻訳] [DL版]
2026-08-05 00:17:49 - mkk_pika - main.py:35 - INFO - 开始检查(C95) 鍵穴 (Fate/Grand Order)是否存在未下载章节
2026-08-05 00:17:49 - mkk_pika - main.py:45 - INFO - 正在下载:[(C95) 鍵穴 (Fate/Grand Order)]-[チデヂ (オヤヂ)]-[['短篇', '同人', 'NTR', '強暴', '非人類', 'Fate']]-[total_pages:27]
2026-08-05 00:17:49 - mkk_pika - main.py:49 - INFO - [{'_id': '5c4b1cac56c4f547af3189d1', 'title': '第1集', 'order': 1, 'updated_at': '2019-01-25T01:49:14.649Z', 'id': '5c4b1cac56c4f547af3189d1'}]
2026-08-05 00:17:49 - mkk_pika - database.py:215 - INFO - 第一次下载该漫画，记录数据库中
2026-08-05 00:17:50 - mkk_pika - main.py:83 - INFO - 找到 27 张图片在:第1集
2026-08-05 00:17:51 - mkk_pika - main.py:112 - INFO - [episode:第1集       ] downloaded:    27, total:  27, progress:100%
2026-08-05 00:17:51 - mkk_pika - database.py:238 - INFO - 数据库更新已下载章节
2026-08-05 00:17:51 - mkk_pika - database.py:244 - INFO - 该漫画已下载章节如下
2026-08-05 00:17:51 - mkk_pika - database.py:245 - INFO - ['第1集']
2026-08-05 00:17:52 - mkk_pika - main.py:348 - INFO - ==================== 漫画信息 ====================
                                   漫画ID：5c4b1cac56c4f547af3189d0
                                   标题：(C95) 鍵穴 (Fate/Grand Order)
                                   作者：チデヂ (オヤヂ)
                                   是否完结：是
                                   总页数：27
                                   分类：短篇,同人,NTR,強暴,非人類,Fate
                                   章节数：1
                                   最后更新时间：2019-01-25T14:26:52.457Z
                                   =================================================
2026-08-05 00:17:52 - mkk_pika - database.py:101 - INFO - 保存成功：(C95) 鍵穴 (Fate/Grand Order)
2026-08-05 00:17:52 - mkk_pika - main.py:35 - INFO - 开始检查(C95) 文香の秘密 (アイドルマスター シンデレラガールズ) 是否存在未下载章节
2026-08-05 00:17:53 - mkk_pika - main.py:45 - INFO - 正在下载:[(C95) 文香の秘密 (アイドルマスター シンデレラガールズ) ]-[Hplay]-[['短篇', '同人']]-[total_pages:30]
2026-08-05 00:17:53 - mkk_pika - main.py:49 - INFO - [{'_id': '5c4b1cc5fabb57476fa9c67a', 'title': '第1集', 'order': 1, 'updated_at': '2019-01-25T02:36:07.414Z', 'id': '5c4b1cc5fabb57476fa9c67a'}]
2026-08-05 00:17:53 - mkk_pika - database.py:215 - INFO - 第一次下载该漫画，记录数据库中
2026-08-05 00:17:53 - mkk_pika - main.py:83 - INFO - 找到 30 张图片在:第1集
2026-08-05 00:17:55 - mkk_pika - main.py:112 - INFO - [episode:第1集       ] downloaded:    30, total:  30, progress:100%
2026-08-05 00:17:55 - mkk_pika - database.py:238 - INFO - 数据库更新已下载章节
2026-08-05 00:17:55 - mkk_pika - database.py:244 - INFO - 该漫画已下载章节如下
2026-08-05 00:17:55 - mkk_pika - database.py:245 - INFO - ['第1集']
2026-08-05 00:17:56 - mkk_pika - main.py:348 - INFO - ==================== 漫画信息 ====================
                                   漫画ID：5c4b1cc5fabb57476fa9c679
                                   标题：(C95) 文香の秘密 (アイドルマスター シンデレラガールズ) 
                                   作者：Hplay
                                   是否完结：是
                                   总页数：30
                                   分类：短篇,同人
                                   章节数：1
                                   最后更新时间：2019-01-25T14:27:17.817Z
                                   =================================================
2026-08-05 00:17:56 - mkk_pika - database.py:101 - INFO - 保存成功：(C95) 文香の秘密 (アイドルマスター シンデレラガールズ) 
2026-08-05 00:17:56 - mkk_pika - main.py:380 - INFO - 本次任务下载完毕
2026-08-05 00:17:56 - mkk_pika - database.py:173 - INFO - 数据库连接已关闭
