2026-08-16 23:29:31 - mkk_pika - main.py:193 - INFO - =======================================================================
2026-08-16 23:29:31 - mkk_pika - database.py:61 - INFO - 表和索引初始化成功
2026-08-16 23:29:31 - mkk_pika - main.py:197 - INFO - 已经累计下载18891本漫画
2026-08-16 23:29:31 - mkk_pika - api.py:87 - INFO - 登录成功
2026-08-16 23:29:32 - mkk_pika - main.py:203 - INFO - 收藏夹共计0本漫画
2026-08-16 23:29:32 - mkk_pika - main.py:206 - INFO - 开始下载收藏夹内未下载内容
2026-08-16 23:29:32 - mkk_pika - main.py:266 - INFO - 收藏夹内容下载完毕
2026-08-16 23:29:32 - mkk_pika - main.py:268 - INFO - 开始下载订阅内容
2026-08-16 23:29:32 - mkk_pika - database.py:258 - INFO - 根据ID查询到标题：萝莉 -> I am not you！〜尤藍が入れ替わる話〜 | 蓝，I am not 尤！~尤蓝身体交换的故事~
2026-08-16 23:29:33 - mkk_pika - database.py:101 - INFO - 保存成功：I am not you！〜尤藍が入れ替わる話〜 | 蓝，I am not 尤！~尤蓝身体交换的故事~
2026-08-16 23:29:33 - mkk_pika - main.py:273 - INFO - 关键词萝莉找到1本漫画
2026-08-16 23:29:33 - mkk_pika - database.py:258 - INFO - 根据ID查询到标题：蘿莉 -> [Pixiv] Nyako (87118066) part.8（AI）
2026-08-16 23:29:33 - mkk_pika - database.py:101 - INFO - 保存成功：
2026-08-16 23:29:33 - mkk_pika - main.py:273 - INFO - 关键词蘿莉找到0本漫画
2026-08-16 23:29:33 - mkk_pika - main.py:275 - INFO - 订阅内容共计1本漫画
2026-08-16 23:29:33 - mkk_pika - main.py:35 - INFO - 开始检查エロ本大好きなガキが女の子な訳ねえだろ!! | 喜欢看小黄漫的小鬼怎么可会是女生呢‼是否存在未下载章节
2026-08-16 23:29:34 - mkk_pika - database.py:203 - INFO - 查询数据库中是否已存在第1話
2026-08-16 23:29:34 - mkk_pika - main.py:51 - INFO - エロ本大好きなガキが女の子な訳ねえだろ!! | 喜欢看小黄漫的小鬼怎么可会是女生呢‼中没有可下载章节
2026-08-16 23:29:34 - mkk_pika - main.py:292 - INFO - ==================== 漫画信息 ====================
                                漫画ID：6a8081af071b81393d2308a6
                                标题：エロ本大好きなガキが女の子な訳ねえだろ!! | 喜欢看小黄漫的小鬼怎么可会是女生呢‼
                                作者：Rev3 (もんちゃんrev3)
                                是否完结：是
                                总页数：38
                                分类：短篇
                                章节数：1
                                最后更新时间：2026-08-15T15:11:43.862Z
                                =================================================
2026-08-16 23:29:34 - mkk_pika - database.py:101 - INFO - 保存成功：エロ本大好きなガキが女の子な訳ねえだろ!! | 喜欢看小黄漫的小鬼怎么可会是女生呢‼
2026-08-16 23:29:34 - mkk_pika - main.py:323 - INFO - 订阅内容内容下载完毕
2026-08-16 23:29:34 - mkk_pika - main.py:324 - INFO - 开始分批下载全部章节
2026-08-16 23:29:34 - mkk_pika - database.py:280 - INFO - 表和索引初始化成功
2026-08-16 23:29:34 - mkk_pika - main.py:177 - INFO - 已经下载了1423页，一共7081页，现在开始添加第1424页
2026-08-16 23:29:35 - mkk_pika - database.py:318 - INFO - 保存成功
2026-08-16 23:29:35 - mkk_pika - main.py:177 - INFO - 已经下载了1424页，一共7081页，现在开始添加第1425页
2026-08-16 23:29:36 - mkk_pika - database.py:318 - INFO - 保存成功
2026-08-16 23:29:36 - mkk_pika - main.py:177 - INFO - 已经下载了1425页，一共7081页，现在开始添加第1426页
2026-08-16 23:29:37 - mkk_pika - database.py:318 - INFO - 保存成功
2026-08-16 23:29:37 - mkk_pika - main.py:177 - INFO - 已经下载了1426页，一共7081页，现在开始添加第1427页
2026-08-16 23:29:38 - mkk_pika - database.py:318 - INFO - 保存成功
2026-08-16 23:29:38 - mkk_pika - main.py:177 - INFO - 已经下载了1427页，一共7081页，现在开始添加第1428页
2026-08-16 23:29:38 - mkk_pika - database.py:318 - INFO - 保存成功
2026-08-16 23:29:38 - mkk_pika - main.py:331 - INFO - 分批下载共计37本漫画
2026-08-16 23:29:38 - mkk_pika - main.py:35 - INFO - 开始检查ハローグッバイナイトメア是否存在未下载章节
2026-08-16 23:29:39 - mkk_pika - main.py:45 - INFO - 正在下载:[ハローグッバイナイトメア]-[ちとせ]-[['同人', '短篇', '百合花園', '純愛', '東方']]-[total_pages:36]
2026-08-16 23:29:39 - mkk_pika - main.py:49 - INFO - [{'_id': '5c6189bf4571b50bc28b0e56', 'title': '第1集', 'order': 1, 'updated_at': '2019-02-11T12:57:35.058Z', 'id': '5c6189bf4571b50bc28b0e56'}]
2026-08-16 23:29:39 - mkk_pika - database.py:215 - INFO - 第一次下载该漫画，记录数据库中
2026-08-16 23:29:39 - mkk_pika - main.py:83 - INFO - 找到 36 张图片在:第1集
2026-08-16 23:29:40 - mkk_pika - main.py:112 - INFO - [episode:第1集       ] downloaded:    36, total:  36, progress:100%
2026-08-16 23:29:40 - mkk_pika - database.py:238 - INFO - 数据库更新已下载章节
2026-08-16 23:29:40 - mkk_pika - database.py:244 - INFO - 该漫画已下载章节如下
2026-08-16 23:29:40 - mkk_pika - database.py:245 - INFO - ['第1集']
2026-08-16 23:29:41 - mkk_pika - main.py:348 - INFO - ==================== 漫画信息 ====================
                                   漫画ID：5c6189bf4571b50bc28b0e55
                                   标题：ハローグッバイナイトメア
                                   作者：ちとせ
                                   是否完结：是
                                   总页数：36
                                   分类：同人,短篇,百合花園,純愛,東方
                                   章节数：1
                                   最后更新时间：2019-02-11T14:42:07.920Z
                                   =================================================
2026-08-16 23:29:41 - mkk_pika - database.py:101 - INFO - 保存成功：ハローグッバイナイトメア
2026-08-16 23:29:41 - mkk_pika - main.py:35 - INFO - 开始检查あややのややや 是否存在未下载章节
2026-08-16 23:29:42 - mkk_pika - main.py:45 - INFO - 正在下载:[あややのややや ]-[梅干]-[['同人', '短篇', '百合花園', '純愛', '東方']]-[total_pages:23]
2026-08-16 23:29:42 - mkk_pika - main.py:49 - INFO - [{'_id': '5c6189df63877e51eac1c49e', 'title': '第1集', 'order': 1, 'updated_at': '2019-02-11T13:04:44.170Z', 'id': '5c6189df63877e51eac1c49e'}]
2026-08-16 23:29:42 - mkk_pika - database.py:215 - INFO - 第一次下载该漫画，记录数据库中
2026-08-16 23:29:42 - mkk_pika - main.py:83 - INFO - 找到 23 张图片在:第1集
2026-08-16 23:29:43 - mkk_pika - main.py:112 - INFO - [episode:第1集       ] downloaded:    23, total:  23, progress:100%
2026-08-16 23:29:43 - mkk_pika - database.py:238 - INFO - 数据库更新已下载章节
2026-08-16 23:29:43 - mkk_pika - database.py:244 - INFO - 该漫画已下载章节如下
2026-08-16 23:29:43 - mkk_pika - database.py:245 - INFO - ['第1集']
2026-08-16 23:29:44 - mkk_pika - main.py:348 - INFO - ==================== 漫画信息 ====================
                                   漫画ID：5c6189df63877e51eac1c49d
                                   标题：あややのややや 
                                   作者：梅干
                                   是否完结：是
                                   总页数：23
                                   分类：同人,短篇,百合花園,純愛,東方
                                   章节数：1
                                   最后更新时间：2019-02-11T14:42:39.061Z
                                   =================================================
2026-08-16 23:29:44 - mkk_pika - database.py:101 - INFO - 保存成功：あややのややや 
2026-08-16 23:29:44 - mkk_pika - main.py:35 - INFO - 开始检查不揃いの連理(别样的连理)是否存在未下载章节
2026-08-16 23:29:44 - mkk_pika - main.py:45 - INFO - 正在下载:[不揃いの連理(别样的连理)]-[みかん氏]-[['百合花園', '純愛', '長篇']]-[total_pages:148]
2026-08-16 23:29:44 - mkk_pika - main.py:49 - INFO - [{'_id': '5c6189f3d8b53f51f06914a7', 'title': '第1集', 'order': 1, 'updated_at': '2019-02-11T13:14:45.026Z', 'id': '5c6189f3d8b53f51f06914a7'}]
2026-08-16 23:29:44 - mkk_pika - database.py:215 - INFO - 第一次下载该漫画，记录数据库中
2026-08-16 23:29:46 - mkk_pika - main.py:83 - INFO - 找到 148 张图片在:第1集
2026-08-16 23:29:49 - mkk_pika - main.py:112 - INFO - [episode:第1集       ] downloaded:   148, total: 148, progress:100%
2026-08-16 23:29:49 - mkk_pika - database.py:238 - INFO - 数据库更新已下载章节
2026-08-16 23:29:49 - mkk_pika - database.py:244 - INFO - 该漫画已下载章节如下
2026-08-16 23:29:49 - mkk_pika - database.py:245 - INFO - ['第1集']
2026-08-16 23:29:50 - mkk_pika - main.py:348 - INFO - ==================== 漫画信息 ====================
                                   漫画ID：5c6189f3d8b53f51f06914a6
                                   标题：不揃いの連理(别样的连理)
                                   作者：みかん氏
                                   是否完结：是
                                   总页数：148
                                   分类：百合花園,純愛,長篇
                                   章节数：1
                                   最后更新时间：2019-02-11T14:42:59.683Z
                                   =================================================
2026-08-16 23:29:50 - mkk_pika - database.py:101 - INFO - 保存成功：不揃いの連理(别样的连理)
2026-08-16 23:29:50 - mkk_pika - main.py:35 - INFO - 开始检查神様さえ知らない场所へ是否存在未下载章节
2026-08-16 23:29:51 - mkk_pika - main.py:45 - INFO - 正在下载:[神様さえ知らない场所へ]-[甘煮付鰯]-[['同人', '短篇', '百合花園', '純愛', '圓神領域']]-[total_pages:26]
2026-08-16 23:29:51 - mkk_pika - main.py:49 - INFO - [{'_id': '5c6189ff8cce1677e93c5483', 'title': '第1集', 'order': 1, 'updated_at': '2019-02-11T13:31:45.782Z', 'id': '5c6189ff8cce1677e93c5483'}]
2026-08-16 23:29:51 - mkk_pika - database.py:215 - INFO - 第一次下载该漫画，记录数据库中
2026-08-16 23:29:51 - mkk_pika - main.py:83 - INFO - 找到 26 张图片在:第1集
2026-08-16 23:29:52 - mkk_pika - main.py:112 - INFO - [episode:第1集       ] downloaded:    26, total:  26, progress:100%
2026-08-16 23:29:52 - mkk_pika - database.py:238 - INFO - 数据库更新已下载章节
2026-08-16 23:29:52 - mkk_pika - database.py:244 - INFO - 该漫画已下载章节如下
2026-08-16 23:29:52 - mkk_pika - database.py:245 - INFO - ['第1集']
2026-08-16 23:29:54 - mkk_pika - main.py:348 - INFO - ==================== 漫画信息 ====================
                                   漫画ID：5c6189ff8cce1677e93c5482
                                   标题：神様さえ知らない场所へ
                                   作者：甘煮付鰯
                                   是否完结：是
                                   总页数：26
                                   分类：同人,短篇,百合花園,純愛,圓神領域
                                   章节数：1
                                   最后更新时间：2019-02-11T14:43:11.124Z
                                   =================================================
2026-08-16 23:29:54 - mkk_pika - database.py:101 - INFO - 保存成功：神様さえ知らない场所へ
2026-08-16 23:29:54 - mkk_pika - main.py:35 - INFO - 开始检查桜の雨是否存在未下载章节
2026-08-16 23:29:54 - mkk_pika - main.py:45 - INFO - 正在下载:[桜の雨]-[うにゃ]-[['同人', '短篇', '東方', '純愛', '百合花園']]-[total_pages:39]
2026-08-16 23:29:54 - mkk_pika - main.py:49 - INFO - [{'_id': '5c618a0a1372a8521ea84616', 'title': '第1集', 'order': 1, 'updated_at': '2019-02-11T13:50:53.525Z', 'id': '5c618a0a1372a8521ea84616'}]
2026-08-16 23:29:54 - mkk_pika - database.py:215 - INFO - 第一次下载该漫画，记录数据库中
2026-08-16 23:29:55 - mkk_pika - main.py:83 - INFO - 找到 38 张图片在:第1集
2026-08-16 23:29:56 - mkk_pika - main.py:112 - INFO - [episode:第1集       ] downloaded:    38, total:  38, progress:100%
2026-08-16 23:29:56 - mkk_pika - database.py:238 - INFO - 数据库更新已下载章节
2026-08-16 23:29:56 - mkk_pika - database.py:244 - INFO - 该漫画已下载章节如下
2026-08-16 23:29:56 - mkk_pika - database.py:245 - INFO - ['第1集']
2026-08-16 23:29:57 - mkk_pika - main.py:348 - INFO - ==================== 漫画信息 ====================
                                   漫画ID：5c618a0a1372a8521ea84615
                                   标题：桜の雨
                                   作者：うにゃ
                                   是否完结：是
                                   总页数：39
                                   分类：同人,短篇,東方,純愛,百合花園
                                   章节数：1
                                   最后更新时间：2019-02-11T14:43:22.695Z
                                   =================================================
2026-08-16 23:29:57 - mkk_pika - database.py:101 - INFO - 保存成功：桜の雨
2026-08-16 23:29:57 - mkk_pika - main.py:35 - INFO - 开始检查 頼って甘えていっぱいいっぱい愛して (艦隊これくしょん -艦これ-) [DL版]是否存在未下载章节
2026-08-16 23:29:57 - mkk_pika - main.py:45 - INFO - 正在下载:[ 頼って甘えていっぱいいっぱい愛して (艦隊これくしょん -艦これ-) [DL版]]-[Alsiel (ゆう)]-[['短篇', '同人']]-[total_pages:29]
2026-08-16 23:29:57 - mkk_pika - main.py:49 - INFO - [{'_id': '5c626827d8b53f51f0691c21', 'title': '第1集', 'order': 1, 'updated_at': '2019-02-11T15:03:17.051Z', 'id': '5c626827d8b53f51f0691c21'}]
2026-08-16 23:29:57 - mkk_pika - database.py:215 - INFO - 第一次下载该漫画，记录数据库中
2026-08-16 23:29:58 - mkk_pika - main.py:83 - INFO - 找到 29 张图片在:第1集
2026-08-16 23:29:58 - mkk_pika - main.py:112 - INFO - [episode:第1集       ] downloaded:    29, total:  29, progress:100%
2026-08-16 23:29:58 - mkk_pika - database.py:238 - INFO - 数据库更新已下载章节
2026-08-16 23:29:58 - mkk_pika - database.py:244 - INFO - 该漫画已下载章节如下
2026-08-16 23:29:58 - mkk_pika - database.py:245 - INFO - ['第1集']
2026-08-16 23:30:00 - mkk_pika - main.py:348 - INFO - ==================== 漫画信息 ====================
                                   漫画ID：5c626827d8b53f51f0691c20
                                   标题： 頼って甘えていっぱいいっぱい愛して (艦隊これくしょん -艦これ-) [DL版]
                                   作者：Alsiel (ゆう)
                                   是否完结：否
                                   总页数：29
                                   分类：短篇,同人
                                   章节数：1
                                   最后更新时间：2019-02-12T06:31:03.158Z
                                   =================================================
2026-08-16 23:30:00 - mkk_pika - database.py:101 - INFO - 保存成功： 頼って甘えていっぱいいっぱい愛して (艦隊これくしょん -艦これ-) [DL版]
2026-08-16 23:30:00 - mkk_pika - main.py:35 - INFO - 开始检查(C95) 椛ちゃんとご主人様 -楽しい散歩編- (東方Project)是否存在未下载章节
2026-08-16 23:30:00 - mkk_pika - main.py:45 - INFO - 正在下载:[(C95) 椛ちゃんとご主人様 -楽しい散歩編- (東方Project)]-[ ロケット調査室 (コザ)]-[['短篇', '同人', '東方']]-[total_pages:36]
2026-08-16 23:30:00 - mkk_pika - main.py:49 - INFO - [{'_id': '5c62686c3dc0530c018aaad4', 'title': '第1集', 'order': 1, 'updated_at': '2019-02-11T15:17:12.703Z', 'id': '5c62686c3dc0530c018aaad4'}]
2026-08-16 23:30:00 - mkk_pika - database.py:215 - INFO - 第一次下载该漫画，记录数据库中
2026-08-16 23:30:01 - mkk_pika - main.py:83 - INFO - 找到 36 张图片在:第1集
2026-08-16 23:30:02 - mkk_pika - main.py:112 - INFO - [episode:第1集       ] downloaded:    36, total:  36, progress:100%
2026-08-16 23:30:02 - mkk_pika - database.py:238 - INFO - 数据库更新已下载章节
2026-08-16 23:30:02 - mkk_pika - database.py:244 - INFO - 该漫画已下载章节如下
2026-08-16 23:30:02 - mkk_pika - database.py:245 - INFO - ['第1集']
2026-08-16 23:30:03 - mkk_pika - main.py:348 - INFO - ==================== 漫画信息 ====================
                                   漫画ID：5c62686c3dc0530c018aaad3
                                   标题：(C95) 椛ちゃんとご主人様 -楽しい散歩編- (東方Project)
                                   作者： ロケット調査室 (コザ)
                                   是否完结：否
                                   总页数：36
                                   分类：短篇,同人,東方
                                   章节数：1
                                   最后更新时间：2019-02-12T06:32:12.474Z
                                   =================================================
2026-08-16 23:30:03 - mkk_pika - database.py:101 - INFO - 保存成功：(C95) 椛ちゃんとご主人様 -楽しい散歩編- (東方Project)
2026-08-16 23:30:03 - mkk_pika - main.py:35 - INFO - 开始检查ニオさんは甘えたい。 (グランブルーファンタジー)是否存在未下载章节
2026-08-16 23:30:03 - mkk_pika - main.py:45 - INFO - 正在下载:[ニオさんは甘えたい。 (グランブルーファンタジー)]-[むくトン教授と空飛ぶポテト。 (むく)]-[['同人', '短篇', '碧藍幻想', '純愛']]-[total_pages:23]
2026-08-16 23:30:03 - mkk_pika - main.py:49 - INFO - [{'_id': '5c6268d38539b178125ae830', 'title': '第1集', 'order': 1, 'updated_at': '2019-02-11T16:37:40.586Z', 'id': '5c6268d38539b178125ae830'}]
2026-08-16 23:30:03 - mkk_pika - database.py:215 - INFO - 第一次下载该漫画，记录数据库中
2026-08-16 23:30:04 - mkk_pika - main.py:83 - INFO - 找到 23 张图片在:第1集
2026-08-16 23:30:05 - mkk_pika - main.py:112 - INFO - [episode:第1集       ] downloaded:    23, total:  23, progress:100%
2026-08-16 23:30:05 - mkk_pika - database.py:238 - INFO - 数据库更新已下载章节
2026-08-16 23:30:05 - mkk_pika - database.py:244 - INFO - 该漫画已下载章节如下
2026-08-16 23:30:05 - mkk_pika - database.py:245 - INFO - ['第1集']
2026-08-16 23:30:06 - mkk_pika - main.py:348 - INFO - ==================== 漫画信息 ====================
                                   漫画ID：5c6268d38539b178125ae82f
                                   标题：ニオさんは甘えたい。 (グランブルーファンタジー)
                                   作者：むくトン教授と空飛ぶポテト。 (むく)
                                   是否完结：是
                                   总页数：23
                                   分类：同人,短篇,碧藍幻想,純愛
                                   章节数：1
                                   最后更新时间：2019-02-12T06:33:55.152Z
                                   =================================================
2026-08-16 23:30:06 - mkk_pika - database.py:101 - INFO - 保存成功：ニオさんは甘えたい。 (グランブルーファンタジー)
2026-08-16 23:30:06 - mkk_pika - main.py:35 - INFO - 开始检查長身イトコとHぃコトしよっ是否存在未下载章节
2026-08-16 23:30:07 - mkk_pika - main.py:45 - INFO - 正在下载:[長身イトコとHぃコトしよっ]-[Honey lounge (はちみつ)]-[['短篇', '妹妹系']]-[total_pages:34]
2026-08-16 23:30:07 - mkk_pika - main.py:49 - INFO - [{'_id': '5c6268f48cce1677e93c5bf5', 'title': '第1集', 'order': 1, 'updated_at': '2019-02-11T16:51:23.070Z', 'id': '5c6268f48cce1677e93c5bf5'}]
2026-08-16 23:30:07 - mkk_pika - database.py:215 - INFO - 第一次下载该漫画，记录数据库中
2026-08-16 23:30:07 - mkk_pika - main.py:83 - INFO - 找到 34 张图片在:第1集
2026-08-16 23:30:08 - mkk_pika - main.py:112 - INFO - [episode:第1集       ] downloaded:    34, total:  34, progress:100%
2026-08-16 23:30:08 - mkk_pika - database.py:238 - INFO - 数据库更新已下载章节
2026-08-16 23:30:08 - mkk_pika - database.py:244 - INFO - 该漫画已下载章节如下
2026-08-16 23:30:08 - mkk_pika - database.py:245 - INFO - ['第1集']
2026-08-16 23:30:09 - mkk_pika - main.py:348 - INFO - ==================== 漫画信息 ====================
                                   漫画ID：5c6268f48cce1677e93c5bf4
                                   标题：長身イトコとHぃコトしよっ
                                   作者：Honey lounge (はちみつ)
                                   是否完结：是
                                   总页数：34
                                   分类：短篇,妹妹系
                                   章节数：1
                                   最后更新时间：2019-02-12T06:34:28.191Z
                                   =================================================
2026-08-16 23:30:09 - mkk_pika - database.py:101 - INFO - 保存成功：長身イトコとHぃコトしよっ
2026-08-16 23:30:09 - mkk_pika - main.py:35 - INFO - 开始检查Maiden Carnation是否存在未下载章节
2026-08-16 23:30:10 - mkk_pika - main.py:45 - INFO - 正在下载:[Maiden Carnation]-[L.P.E.G. (まる寝子)]-[['扶他樂園', '性轉換']]-[total_pages:29]
2026-08-16 23:30:10 - mkk_pika - main.py:49 - INFO - [{'_id': '5c62691c8539b178125ae84a', 'title': '第1集', 'order': 1, 'updated_at': '2019-02-11T20:47:41.511Z', 'id': '5c62691c8539b178125ae84a'}]
2026-08-16 23:30:10 - mkk_pika - database.py:215 - INFO - 第一次下载该漫画，记录数据库中
2026-08-16 23:30:10 - mkk_pika - main.py:83 - INFO - 找到 29 张图片在:第1集
2026-08-16 23:30:11 - mkk_pika - main.py:112 - INFO - [episode:第1集       ] downloaded:    29, total:  29, progress:100%
2026-08-16 23:30:11 - mkk_pika - database.py:238 - INFO - 数据库更新已下载章节
2026-08-16 23:30:11 - mkk_pika - database.py:244 - INFO - 该漫画已下载章节如下
2026-08-16 23:30:11 - mkk_pika - database.py:245 - INFO - ['第1集']
2026-08-16 23:30:12 - mkk_pika - main.py:348 - INFO - ==================== 漫画信息 ====================
                                   漫画ID：5c62691c8539b178125ae849
                                   标题：Maiden Carnation
                                   作者：L.P.E.G. (まる寝子)
                                   是否完结：是
                                   总页数：29
                                   分类：扶他樂園,性轉換
                                   章节数：1
                                   最后更新时间：2019-02-12T06:35:08.605Z
                                   =================================================
2026-08-16 23:30:12 - mkk_pika - database.py:101 - INFO - 保存成功：Maiden Carnation
2026-08-16 23:30:12 - mkk_pika - main.py:35 - INFO - 开始检查こちら大鳳03 -其ノ弐-(アズールレーン)是否存在未下载章节
2026-08-16 23:30:13 - mkk_pika - main.py:45 - INFO - 正在下载:[こちら大鳳03 -其ノ弐-(アズールレーン)]-[C.R's NEST (しーあーる)]-[['短篇', '同人', '純愛']]-[total_pages:22]
2026-08-16 23:30:13 - mkk_pika - main.py:49 - INFO - [{'_id': '5c626946ddedbe522e5d69d8', 'title': '第1集', 'order': 1, 'updated_at': '2019-02-12T01:49:18.336Z', 'id': '5c626946ddedbe522e5d69d8'}]
2026-08-16 23:30:13 - mkk_pika - database.py:215 - INFO - 第一次下载该漫画，记录数据库中
2026-08-16 23:30:13 - mkk_pika - main.py:83 - INFO - 找到 22 张图片在:第1集
2026-08-16 23:30:14 - mkk_pika - main.py:112 - INFO - [episode:第1集       ] downloaded:    22, total:  22, progress:100%
2026-08-16 23:30:14 - mkk_pika - database.py:238 - INFO - 数据库更新已下载章节
2026-08-16 23:30:14 - mkk_pika - database.py:244 - INFO - 该漫画已下载章节如下
2026-08-16 23:30:14 - mkk_pika - database.py:245 - INFO - ['第1集']
2026-08-16 23:30:15 - mkk_pika - main.py:348 - INFO - ==================== 漫画信息 ====================
                                   漫画ID：5c626946ddedbe522e5d69d7
                                   标题：こちら大鳳03 -其ノ弐-(アズールレーン)
                                   作者：C.R's NEST (しーあーる)
                                   是否完结：是
                                   总页数：22
                                   分类：短篇,同人,純愛
                                   章节数：1
                                   最后更新时间：2019-02-12T06:35:50.886Z
                                   =================================================
2026-08-16 23:30:15 - mkk_pika - database.py:101 - INFO - 保存成功：こちら大鳳03 -其ノ弐-(アズールレーン)
2026-08-16 23:30:15 - mkk_pika - main.py:35 - INFO - 开始检查(C95)ゆきのん限定 3 (やはり俺の青春ラブコメはまちがっている。)是否存在未下载章节
2026-08-16 23:30:15 - mkk_pika - main.py:45 - INFO - 正在下载:[(C95)ゆきのん限定 3 (やはり俺の青春ラブコメはまちがっている。)]-[P_P (おりょう)]-[['短篇', '同人', '純愛']]-[total_pages:13]
2026-08-16 23:30:15 - mkk_pika - main.py:49 - INFO - [{'_id': '5c626a07aa42e426f5f9a04b', 'title': '第1集', 'order': 1, 'updated_at': '2019-02-12T02:02:35.740Z', 'id': '5c626a07aa42e426f5f9a04b'}]
2026-08-16 23:30:15 - mkk_pika - database.py:215 - INFO - 第一次下载该漫画，记录数据库中
2026-08-16 23:30:16 - mkk_pika - main.py:83 - INFO - 找到 13 张图片在:第1集
2026-08-16 23:30:16 - mkk_pika - main.py:112 - INFO - [episode:第1集       ] downloaded:    13, total:  13, progress:100%
2026-08-16 23:30:16 - mkk_pika - database.py:238 - INFO - 数据库更新已下载章节
2026-08-16 23:30:16 - mkk_pika - database.py:244 - INFO - 该漫画已下载章节如下
2026-08-16 23:30:16 - mkk_pika - database.py:245 - INFO - ['第1集']
2026-08-16 23:30:18 - mkk_pika - main.py:348 - INFO - ==================== 漫画信息 ====================
                                   漫画ID：5c626a07aa42e426f5f9a04a
                                   标题：(C95)ゆきのん限定 3 (やはり俺の青春ラブコメはまちがっている。)
                                   作者：P_P (おりょう)
                                   是否完结：是
                                   总页数：13
                                   分类：短篇,同人,純愛
                                   章节数：1
                                   最后更新时间：2019-02-12T06:39:03.542Z
                                   =================================================
2026-08-16 23:30:18 - mkk_pika - database.py:101 - INFO - 保存成功：(C95)ゆきのん限定 3 (やはり俺の青春ラブコメはまちがっている。)
2026-08-16 23:30:18 - mkk_pika - main.py:35 - INFO - 开始检查hepatica5.0(ゼノサーガ)是否存在未下载章节
2026-08-16 23:30:18 - mkk_pika - main.py:45 - INFO - 正在下载:[hepatica5.0(ゼノサーガ)]-[Hotel Negresco (Negresco)]-[['短篇', '同人', 'SM']]-[total_pages:29]
2026-08-16 23:30:18 - mkk_pika - main.py:49 - INFO - [{'_id': '5c626a141372a8521ea84a4a', 'title': '第1集', 'order': 1, 'updated_at': '2019-02-12T02:12:05.006Z', 'id': '5c626a141372a8521ea84a4a'}]
2026-08-16 23:30:18 - mkk_pika - database.py:215 - INFO - 第一次下载该漫画，记录数据库中
2026-08-16 23:30:19 - mkk_pika - main.py:83 - INFO - 找到 29 张图片在:第1集
2026-08-16 23:30:19 - mkk_pika - main.py:112 - INFO - [episode:第1集       ] downloaded:    29, total:  29, progress:100%
2026-08-16 23:30:19 - mkk_pika - database.py:238 - INFO - 数据库更新已下载章节
2026-08-16 23:30:19 - mkk_pika - database.py:244 - INFO - 该漫画已下载章节如下
2026-08-16 23:30:19 - mkk_pika - database.py:245 - INFO - ['第1集']
2026-08-16 23:30:21 - mkk_pika - main.py:348 - INFO - ==================== 漫画信息 ====================
                                   漫画ID：5c626a141372a8521ea84a49
                                   标题：hepatica5.0(ゼノサーガ)
                                   作者：Hotel Negresco (Negresco)
                                   是否完结：是
                                   总页数：29
                                   分类：短篇,同人,SM
                                   章节数：1
                                   最后更新时间：2019-02-12T06:39:16.875Z
                                   =================================================
2026-08-16 23:30:21 - mkk_pika - database.py:101 - INFO - 保存成功：hepatica5.0(ゼノサーガ)
2026-08-16 23:30:21 - mkk_pika - main.py:35 - INFO - 开始检查(C95) IORIX SLEEPING? IDOL (アイドルマスター)是否存在未下载章节
2026-08-16 23:30:21 - mkk_pika - main.py:45 - INFO - 正在下载:[(C95) IORIX SLEEPING? IDOL (アイドルマスター)]-[豆蔵 (まめぞう)]-[['短篇', '同人', '純愛']]-[total_pages:22]
2026-08-16 23:30:21 - mkk_pika - main.py:49 - INFO - [{'_id': '5c626a201372a8521ea84a69', 'title': '第1集', 'order': 1, 'updated_at': '2019-02-12T02:17:18.319Z', 'id': '5c626a201372a8521ea84a69'}]
2026-08-16 23:30:21 - mkk_pika - database.py:215 - INFO - 第一次下载该漫画，记录数据库中
2026-08-16 23:30:22 - mkk_pika - main.py:83 - INFO - 找到 22 张图片在:第1集
2026-08-16 23:30:22 - mkk_pika - main.py:112 - INFO - [episode:第1集       ] downloaded:    22, total:  22, progress:100%
2026-08-16 23:30:22 - mkk_pika - database.py:238 - INFO - 数据库更新已下载章节
2026-08-16 23:30:22 - mkk_pika - database.py:244 - INFO - 该漫画已下载章节如下
2026-08-16 23:30:22 - mkk_pika - database.py:245 - INFO - ['第1集']
2026-08-16 23:30:23 - mkk_pika - main.py:348 - INFO - ==================== 漫画信息 ====================
                                   漫画ID：5c626a201372a8521ea84a68
                                   标题：(C95) IORIX SLEEPING? IDOL (アイドルマスター)
                                   作者：豆蔵 (まめぞう)
                                   是否完结：是
                                   总页数：22
                                   分类：短篇,同人,純愛
                                   章节数：1
                                   最后更新时间：2019-02-12T06:39:28.765Z
                                   =================================================
2026-08-16 23:30:23 - mkk_pika - database.py:101 - INFO - 保存成功：(C95) IORIX SLEEPING? IDOL (アイドルマスター)
2026-08-16 23:30:23 - mkk_pika - main.py:35 - INFO - 开始检查彼にはナイショ～セックス生配信～ (二次元コミックマガジン 寝取られた彼女からのビデオレターで鬱勃起! Vol.1)是否存在未下载章节
2026-08-16 23:30:24 - mkk_pika - main.py:45 - INFO - 正在下载:[彼にはナイショ～セックス生配信～ (二次元コミックマガジン 寝取られた彼女からのビデオレターで鬱勃起! Vol.1)]-[白崎アロエ]-[['短篇', 'NTR']]-[total_pages:9]
2026-08-16 23:30:24 - mkk_pika - main.py:49 - INFO - [{'_id': '5c626a328cce1677e93c5c28', 'title': '第1集', 'order': 1, 'updated_at': '2019-02-12T02:24:49.748Z', 'id': '5c626a328cce1677e93c5c28'}]
2026-08-16 23:30:24 - mkk_pika - database.py:215 - INFO - 第一次下载该漫画，记录数据库中
2026-08-16 23:30:24 - mkk_pika - main.py:83 - INFO - 找到 9 张图片在:第1集
2026-08-16 23:30:25 - mkk_pika - main.py:112 - INFO - [episode:第1集       ] downloaded:     9, total:   9, progress:100%
2026-08-16 23:30:25 - mkk_pika - database.py:238 - INFO - 数据库更新已下载章节
2026-08-16 23:30:25 - mkk_pika - database.py:244 - INFO - 该漫画已下载章节如下
2026-08-16 23:30:25 - mkk_pika - database.py:245 - INFO - ['第1集']
2026-08-16 23:30:26 - mkk_pika - main.py:348 - INFO - ==================== 漫画信息 ====================
                                   漫画ID：5c626a328cce1677e93c5c27
                                   标题：彼にはナイショ～セックス生配信～ (二次元コミックマガジン 寝取られた彼女からのビデオレターで鬱勃起! Vol.1)
                                   作者：白崎アロエ
                                   是否完结：是
                                   总页数：9
                                   分类：短篇,NTR
                                   章节数：1
                                   最后更新时间：2019-02-12T06:39:46.163Z
                                   =================================================
2026-08-16 23:30:26 - mkk_pika - database.py:101 - INFO - 保存成功：彼にはナイショ～セックス生配信～ (二次元コミックマガジン 寝取られた彼女からのビデオレターで鬱勃起! Vol.1)
2026-08-16 23:30:26 - mkk_pika - main.py:35 - INFO - 开始检查(C95)美柑と触手と暴虐と (To LOVEる ダークネス) 是否存在未下载章节
2026-08-16 23:30:26 - mkk_pika - main.py:45 - INFO - 正在下载:[(C95)美柑と触手と暴虐と (To LOVEる ダークネス) ]-[夜の勉強会 (ふみひろ)]-[['短篇', '同人', '非人類', '強暴']]-[total_pages:27]
2026-08-16 23:30:26 - mkk_pika - main.py:49 - INFO - [{'_id': '5c626a3d0f7c1c77f101d375', 'title': '第1集', 'order': 1, 'updated_at': '2019-02-12T02:34:26.283Z', 'id': '5c626a3d0f7c1c77f101d375'}]
2026-08-16 23:30:26 - mkk_pika - database.py:215 - INFO - 第一次下载该漫画，记录数据库中
2026-08-16 23:30:27 - mkk_pika - main.py:83 - INFO - 找到 27 张图片在:第1集
2026-08-16 23:30:28 - mkk_pika - main.py:112 - INFO - [episode:第1集       ] downloaded:    27, total:  27, progress:100%
2026-08-16 23:30:28 - mkk_pika - database.py:238 - INFO - 数据库更新已下载章节
2026-08-16 23:30:28 - mkk_pika - database.py:244 - INFO - 该漫画已下载章节如下
2026-08-16 23:30:28 - mkk_pika - database.py:245 - INFO - ['第1集']
2026-08-16 23:30:29 - mkk_pika - main.py:348 - INFO - ==================== 漫画信息 ====================
                                   漫画ID：5c626a3d0f7c1c77f101d374
                                   标题：(C95)美柑と触手と暴虐と (To LOVEる ダークネス) 
                                   作者：夜の勉強会 (ふみひろ)
                                   是否完结：是
                                   总页数：27
                                   分类：短篇,同人,非人類,強暴
                                   章节数：1
                                   最后更新时间：2019-02-12T06:39:57.295Z
                                   =================================================
2026-08-16 23:30:29 - mkk_pika - database.py:101 - INFO - 保存成功：(C95)美柑と触手と暴虐と (To LOVEる ダークネス) 
2026-08-16 23:30:29 - mkk_pika - main.py:35 - INFO - 开始检查(C92) ボクにはロリコンの権利しかない (僕は友達が少ない、俺の妹がこんなに可愛いわけがない、アクエリオンEVOL)是否存在未下载章节
2026-08-16 23:30:29 - mkk_pika - main.py:45 - INFO - 正在下载:[(C92) ボクにはロリコンの権利しかない (僕は友達が少ない、俺の妹がこんなに可愛いわけがない、アクエリオンEVOL)]-[ねこはまんまがうつくしい (Hisasi)]-[['同人', '短篇', '妹妹系']]-[total_pages:70]
2026-08-16 23:30:29 - mkk_pika - main.py:49 - INFO - [{'_id': '5c626aeb4571b50bc28b1297', 'title': '第1集', 'order': 1, 'updated_at': '2019-02-12T03:33:16.262Z', 'id': '5c626aeb4571b50bc28b1297'}]
2026-08-16 23:30:29 - mkk_pika - database.py:215 - INFO - 第一次下载该漫画，记录数据库中
2026-08-16 23:30:30 - mkk_pika - main.py:83 - INFO - 找到 70 张图片在:第1集
2026-08-16 23:30:32 - mkk_pika - main.py:112 - INFO - [episode:第1集       ] downloaded:    70, total:  70, progress:100%
2026-08-16 23:30:32 - mkk_pika - database.py:238 - INFO - 数据库更新已下载章节
2026-08-16 23:30:32 - mkk_pika - database.py:244 - INFO - 该漫画已下载章节如下
2026-08-16 23:30:32 - mkk_pika - database.py:245 - INFO - ['第1集']
2026-08-16 23:30:33 - mkk_pika - main.py:348 - INFO - ==================== 漫画信息 ====================
                                   漫画ID：5c626aeb4571b50bc28b1296
                                   标题：(C92) ボクにはロリコンの権利しかない (僕は友達が少ない、俺の妹がこんなに可愛いわけがない、アクエリオンEVOL)
                                   作者：ねこはまんまがうつくしい (Hisasi)
                                   是否完结：是
                                   总页数：70
                                   分类：同人,短篇,妹妹系
                                   章节数：1
                                   最后更新时间：2019-02-12T06:42:51.410Z
                                   =================================================
2026-08-16 23:30:33 - mkk_pika - database.py:101 - INFO - 保存成功：(C92) ボクにはロリコンの権利しかない (僕は友達が少ない、俺の妹がこんなに可愛いわけがない、アクエリオンEVOL)
2026-08-16 23:30:33 - mkk_pika - main.py:35 - INFO - 开始检查(C81) ラブマチオ星奈 (僕は友達が少ない) 是否存在未下载章节
2026-08-16 23:30:33 - mkk_pika - main.py:45 - INFO - 正在下载:[(C81) ラブマチオ星奈 (僕は友達が少ない) ]-[ぽぽちち (八尋ぽち)]-[['同人', '短篇']]-[total_pages:25]
2026-08-16 23:30:33 - mkk_pika - main.py:49 - INFO - [{'_id': '5c626b068cce1677e93c5c80', 'title': '第1集', 'order': 1, 'updated_at': '2019-02-12T03:38:20.241Z', 'id': '5c626b068cce1677e93c5c80'}]
2026-08-16 23:30:33 - mkk_pika - database.py:215 - INFO - 第一次下载该漫画，记录数据库中
2026-08-16 23:30:34 - mkk_pika - main.py:83 - INFO - 找到 25 张图片在:第1集
2026-08-16 23:30:35 - mkk_pika - main.py:112 - INFO - [episode:第1集       ] downloaded:    25, total:  25, progress:100%
2026-08-16 23:30:35 - mkk_pika - database.py:238 - INFO - 数据库更新已下载章节
2026-08-16 23:30:35 - mkk_pika - database.py:244 - INFO - 该漫画已下载章节如下
2026-08-16 23:30:35 - mkk_pika - database.py:245 - INFO - ['第1集']
2026-08-16 23:30:36 - mkk_pika - main.py:348 - INFO - ==================== 漫画信息 ====================
                                   漫画ID：5c626b068cce1677e93c5c7f
                                   标题：(C81) ラブマチオ星奈 (僕は友達が少ない) 
                                   作者：ぽぽちち (八尋ぽち)
                                   是否完结：是
                                   总页数：25
                                   分类：同人,短篇
                                   章节数：1
                                   最后更新时间：2019-02-12T06:43:18.510Z
                                   =================================================
2026-08-16 23:30:36 - mkk_pika - database.py:101 - INFO - 保存成功：(C81) ラブマチオ星奈 (僕は友達が少ない) 
2026-08-16 23:30:36 - mkk_pika - main.py:35 - INFO - 开始检查(C84) 僕の性欲が止まらない!? (僕は友達が少ない)是否存在未下载章节
2026-08-16 23:30:36 - mkk_pika - main.py:45 - INFO - 正在下载:[(C84) 僕の性欲が止まらない!? (僕は友達が少ない)]-[HBO (変熊)]-[['同人', '短篇', '後宮閃光']]-[total_pages:28]
2026-08-16 23:30:36 - mkk_pika - main.py:49 - INFO - [{'_id': '5c626b263dc0530c018aab08', 'title': '第1集', 'order': 1, 'updated_at': '2019-02-12T03:46:36.993Z', 'id': '5c626b263dc0530c018aab08'}]
2026-08-16 23:30:36 - mkk_pika - database.py:215 - INFO - 第一次下载该漫画，记录数据库中
2026-08-16 23:30:37 - mkk_pika - main.py:83 - INFO - 找到 28 张图片在:第1集
2026-08-16 23:30:37 - mkk_pika - main.py:112 - INFO - [episode:第1集       ] downloaded:    28, total:  28, progress:100%
2026-08-16 23:30:37 - mkk_pika - database.py:238 - INFO - 数据库更新已下载章节
2026-08-16 23:30:37 - mkk_pika - database.py:244 - INFO - 该漫画已下载章节如下
2026-08-16 23:30:37 - mkk_pika - database.py:245 - INFO - ['第1集']
2026-08-16 23:30:39 - mkk_pika - main.py:348 - INFO - ==================== 漫画信息 ====================
                                   漫画ID：5c626b263dc0530c018aab07
                                   标题：(C84) 僕の性欲が止まらない!? (僕は友達が少ない)
                                   作者：HBO (変熊)
                                   是否完结：是
                                   总页数：28
                                   分类：同人,短篇,後宮閃光
                                   章节数：1
                                   最后更新时间：2019-02-12T06:43:50.582Z
                                   =================================================
2026-08-16 23:30:39 - mkk_pika - database.py:101 - INFO - 保存成功：(C84) 僕の性欲が止まらない!? (僕は友達が少ない)
2026-08-16 23:30:39 - mkk_pika - main.py:35 - INFO - 开始检查瓶儿（幻想金瓶梅）是否存在未下载章节
2026-08-16 23:30:40 - mkk_pika - main.py:45 - INFO - 正在下载:[瓶儿（幻想金瓶梅）]-[null]-[['全彩', '短篇']]-[total_pages:27]
2026-08-16 23:30:40 - mkk_pika - main.py:49 - INFO - [{'_id': '5c626c038cce1677e93c5cdb', 'title': '蓝色', 'order': 1, 'updated_at': '2019-02-10T07:44:07.058Z', 'id': '5c626c038cce1677e93c5cdb'}, {'_id': '5c626c038cce1677e93c5cdc', 'title': '白色', 'order': 2, 'updated_at': '2019-02-10T07:48:53.838Z', 'id': '5c626c038cce1677e93c5cdc'}]
2026-08-16 23:30:40 - mkk_pika - database.py:215 - INFO - 第一次下载该漫画，记录数据库中
2026-08-16 23:30:40 - mkk_pika - main.py:83 - INFO - 找到 12 张图片在:蓝色
2026-08-16 23:30:40 - mkk_pika - main.py:112 - INFO - [episode:蓝色        ] downloaded:    12, total:  12, progress:100%
2026-08-16 23:30:40 - mkk_pika - database.py:238 - INFO - 数据库更新已下载章节
2026-08-16 23:30:40 - mkk_pika - database.py:244 - INFO - 该漫画已下载章节如下
2026-08-16 23:30:40 - mkk_pika - database.py:245 - INFO - ['蓝色']
2026-08-16 23:30:42 - mkk_pika - main.py:83 - INFO - 找到 15 张图片在:白色
2026-08-16 23:30:42 - mkk_pika - main.py:112 - INFO - [episode:白色        ] downloaded:    15, total:  15, progress:100%
2026-08-16 23:30:42 - mkk_pika - database.py:238 - INFO - 数据库更新已下载章节
2026-08-16 23:30:42 - mkk_pika - database.py:244 - INFO - 该漫画已下载章节如下
2026-08-16 23:30:42 - mkk_pika - database.py:245 - INFO - ['蓝色', '白色']
2026-08-16 23:30:44 - mkk_pika - main.py:348 - INFO - ==================== 漫画信息 ====================
                                   漫画ID：5c626c038cce1677e93c5cda
                                   标题：瓶儿（幻想金瓶梅）
                                   作者：null
                                   是否完结：是
                                   总页数：27
                                   分类：全彩,短篇
                                   章节数：2
                                   最后更新时间：2019-02-12T06:47:31.101Z
                                   =================================================
2026-08-16 23:30:44 - mkk_pika - database.py:101 - INFO - 保存成功：瓶儿（幻想金瓶梅）
2026-08-16 23:30:44 - mkk_pika - main.py:35 - INFO - 开始检查(サンクリ59) マイラブリーエンジェル!?あやせたん (俺の妹がこんなに可愛いわけがない) 是否存在未下载章节
2026-08-16 23:30:44 - mkk_pika - main.py:45 - INFO - 正在下载:[(サンクリ59) マイラブリーエンジェル!?あやせたん (俺の妹がこんなに可愛いわけがない) ]-[HBO (変熊)]-[['同人', '短篇']]-[total_pages:29]
2026-08-16 23:30:44 - mkk_pika - main.py:49 - INFO - [{'_id': '5c626c9d3dc0530c018aab2e', 'title': '第1集', 'order': 1, 'updated_at': '2019-02-12T03:50:12.953Z', 'id': '5c626c9d3dc0530c018aab2e'}]
2026-08-16 23:30:44 - mkk_pika - database.py:215 - INFO - 第一次下载该漫画，记录数据库中
2026-08-16 23:30:45 - mkk_pika - main.py:83 - INFO - 找到 29 张图片在:第1集
2026-08-16 23:30:45 - mkk_pika - main.py:112 - INFO - [episode:第1集       ] downloaded:    29, total:  29, progress:100%
2026-08-16 23:30:45 - mkk_pika - database.py:238 - INFO - 数据库更新已下载章节
2026-08-16 23:30:45 - mkk_pika - database.py:244 - INFO - 该漫画已下载章节如下
2026-08-16 23:30:45 - mkk_pika - database.py:245 - INFO - ['第1集']
2026-08-16 23:30:47 - mkk_pika - main.py:348 - INFO - ==================== 漫画信息 ====================
                                   漫画ID：5c626c9d3dc0530c018aab2d
                                   标题：(サンクリ59) マイラブリーエンジェル!?あやせたん (俺の妹がこんなに可愛いわけがない) 
                                   作者：HBO (変熊)
                                   是否完结：是
                                   总页数：29
                                   分类：同人,短篇
                                   章节数：1
                                   最后更新时间：2019-02-12T06:50:05.813Z
                                   =================================================
2026-08-16 23:30:47 - mkk_pika - database.py:101 - INFO - 保存成功：(サンクリ59) マイラブリーエンジェル!?あやせたん (俺の妹がこんなに可愛いわけがない) 
2026-08-16 23:30:47 - mkk_pika - main.py:35 - INFO - 开始检查束縛ベルファスト是否存在未下载章节
2026-08-16 23:30:47 - mkk_pika - main.py:45 - INFO - 正在下载:[束縛ベルファスト]-[PigPanPan (伊倉ナギサ)]-[['同人']]-[total_pages:30]
2026-08-16 23:30:47 - mkk_pika - main.py:49 - INFO - [{'_id': '5c626d253ef608781ce669fe', 'title': '第1集', 'order': 1, 'updated_at': '2019-02-12T04:50:38.512Z', 'id': '5c626d253ef608781ce669fe'}]
2026-08-16 23:30:47 - mkk_pika - database.py:215 - INFO - 第一次下载该漫画，记录数据库中
2026-08-16 23:30:47 - mkk_pika - main.py:83 - INFO - 找到 30 张图片在:第1集
2026-08-16 23:30:48 - mkk_pika - main.py:112 - INFO - [episode:第1集       ] downloaded:    30, total:  30, progress:100%
2026-08-16 23:30:48 - mkk_pika - database.py:238 - INFO - 数据库更新已下载章节
2026-08-16 23:30:48 - mkk_pika - database.py:244 - INFO - 该漫画已下载章节如下
2026-08-16 23:30:48 - mkk_pika - database.py:245 - INFO - ['第1集']
2026-08-16 23:30:49 - mkk_pika - main.py:348 - INFO - ==================== 漫画信息 ====================
                                   漫画ID：5c626d253ef608781ce669fd
                                   标题：束縛ベルファスト
                                   作者：PigPanPan (伊倉ナギサ)
                                   是否完结：否
                                   总页数：30
                                   分类：同人
                                   章节数：1
                                   最后更新时间：2019-02-12T06:52:21.337Z
                                   =================================================
2026-08-16 23:30:49 - mkk_pika - database.py:101 - INFO - 保存成功：束縛ベルファスト
2026-08-16 23:30:49 - mkk_pika - main.py:35 - INFO - 开始检查(COMIC1☆11)D.L. action 114 (Fate/Grand Order)是否存在未下载章节
2026-08-16 23:30:50 - mkk_pika - main.py:45 - INFO - 正在下载:[(COMIC1☆11)D.L. action 114 (Fate/Grand Order)]-[Digital Lover (なかじまゆか)]-[['短篇', '同人', 'Fate']]-[total_pages:20]
2026-08-16 23:30:50 - mkk_pika - main.py:49 - INFO - [{'_id': '5c626d4c4571b50bc28b134d', 'title': '第1集', 'order': 1, 'updated_at': '2019-02-12T04:56:23.336Z', 'id': '5c626d4c4571b50bc28b134d'}]
2026-08-16 23:30:50 - mkk_pika - database.py:215 - INFO - 第一次下载该漫画，记录数据库中
2026-08-16 23:30:50 - mkk_pika - main.py:83 - INFO - 找到 20 张图片在:第1集
2026-08-16 23:30:51 - mkk_pika - main.py:112 - INFO - [episode:第1集       ] downloaded:    20, total:  20, progress:100%
2026-08-16 23:30:51 - mkk_pika - database.py:238 - INFO - 数据库更新已下载章节
2026-08-16 23:30:51 - mkk_pika - database.py:244 - INFO - 该漫画已下载章节如下
2026-08-16 23:30:51 - mkk_pika - database.py:245 - INFO - ['第1集']
2026-08-16 23:30:52 - mkk_pika - main.py:348 - INFO - ==================== 漫画信息 ====================
                                   漫画ID：5c626d4c4571b50bc28b134c
                                   标题：(COMIC1☆11)D.L. action 114 (Fate/Grand Order)
                                   作者：Digital Lover (なかじまゆか)
                                   是否完结：否
                                   总页数：20
                                   分类：短篇,同人,Fate
                                   章节数：1
                                   最后更新时间：2019-02-12T06:53:00.040Z
                                   =================================================
2026-08-16 23:30:52 - mkk_pika - database.py:101 - INFO - 保存成功：(COMIC1☆11)D.L. action 114 (Fate/Grand Order)
2026-08-16 23:30:52 - mkk_pika - main.py:35 - INFO - 开始检查美柑と触手と暴虐と是否存在未下载章节
2026-08-16 23:30:52 - mkk_pika - main.py:45 - INFO - 正在下载:[美柑と触手と暴虐と]-[夜の勉強会 (ふみひろ)]-[['同人', '短篇']]-[total_pages:55]
2026-08-16 23:30:52 - mkk_pika - main.py:49 - INFO - [{'_id': '5c61442863877e51eac1c11f', 'title': '生肉', 'order': 1, 'updated_at': '2019-02-12T06:53:42.123Z', 'id': '5c61442863877e51eac1c11f'}, {'_id': '5c626d76aa42e426f5f9a06b', 'title': '熟肉', 'order': 2, 'updated_at': '2019-02-12T05:11:57.929Z', 'id': '5c626d76aa42e426f5f9a06b'}]
2026-08-16 23:30:52 - mkk_pika - database.py:215 - INFO - 第一次下载该漫画，记录数据库中
2026-08-16 23:30:53 - mkk_pika - main.py:83 - INFO - 找到 28 张图片在:生肉
2026-08-16 23:30:54 - mkk_pika - main.py:112 - INFO - [episode:生肉        ] downloaded:    28, total:  28, progress:100%
2026-08-16 23:30:54 - mkk_pika - database.py:238 - INFO - 数据库更新已下载章节
2026-08-16 23:30:54 - mkk_pika - database.py:244 - INFO - 该漫画已下载章节如下
2026-08-16 23:30:54 - mkk_pika - database.py:245 - INFO - ['生肉']
2026-08-16 23:30:55 - mkk_pika - main.py:83 - INFO - 找到 27 张图片在:熟肉
2026-08-16 23:30:56 - mkk_pika - main.py:112 - INFO - [episode:熟肉        ] downloaded:    27, total:  27, progress:100%
2026-08-16 23:30:56 - mkk_pika - database.py:238 - INFO - 数据库更新已下载章节
2026-08-16 23:30:56 - mkk_pika - database.py:244 - INFO - 该漫画已下载章节如下
2026-08-16 23:30:56 - mkk_pika - database.py:245 - INFO - ['生肉', '熟肉']
2026-08-16 23:30:57 - mkk_pika - main.py:348 - INFO - ==================== 漫画信息 ====================
                                   漫画ID：5c61442863877e51eac1c11e
                                   标题：美柑と触手と暴虐と
                                   作者：夜の勉強会 (ふみひろ)
                                   是否完结：否
                                   总页数：55
                                   分类：同人,短篇
                                   章节数：2
                                   最后更新时间：2019-02-12T06:53:42.103Z
                                   =================================================
2026-08-16 23:30:57 - mkk_pika - database.py:101 - INFO - 保存成功：美柑と触手と暴虐と
2026-08-16 23:30:57 - mkk_pika - main.py:35 - INFO - 开始检查IORIX SLEEPINGA IDOL是否存在未下载章节
2026-08-16 23:30:58 - mkk_pika - main.py:45 - INFO - 正在下载:[IORIX SLEEPINGA IDOL]-[豆蔵 (まめぞう)]-[['同人', '短篇']]-[total_pages:44]
2026-08-16 23:30:58 - mkk_pika - main.py:49 - INFO - [{'_id': '5c4d150fc022372c120852ed', 'title': '生肉', 'order': 1, 'updated_at': '2019-02-12T06:54:18.246Z', 'id': '5c4d150fc022372c120852ed'}, {'_id': '5c626d9a3ef608781ce66a22', 'title': '熟肉', 'order': 2, 'updated_at': '2019-02-12T05:13:22.205Z', 'id': '5c626d9a3ef608781ce66a22'}]
2026-08-16 23:30:58 - mkk_pika - database.py:215 - INFO - 第一次下载该漫画，记录数据库中
2026-08-16 23:30:58 - mkk_pika - main.py:83 - INFO - 找到 22 张图片在:生肉
2026-08-16 23:30:59 - mkk_pika - main.py:112 - INFO - [episode:生肉        ] downloaded:    22, total:  22, progress:100%
2026-08-16 23:30:59 - mkk_pika - database.py:238 - INFO - 数据库更新已下载章节
2026-08-16 23:30:59 - mkk_pika - database.py:244 - INFO - 该漫画已下载章节如下
2026-08-16 23:30:59 - mkk_pika - database.py:245 - INFO - ['生肉']
2026-08-16 23:31:00 - mkk_pika - main.py:83 - INFO - 找到 22 张图片在:熟肉
2026-08-16 23:31:01 - mkk_pika - main.py:112 - INFO - [episode:熟肉        ] downloaded:    22, total:  22, progress:100%
2026-08-16 23:31:01 - mkk_pika - database.py:238 - INFO - 数据库更新已下载章节
2026-08-16 23:31:01 - mkk_pika - database.py:244 - INFO - 该漫画已下载章节如下
2026-08-16 23:31:01 - mkk_pika - database.py:245 - INFO - ['生肉', '熟肉']
2026-08-16 23:31:02 - mkk_pika - main.py:348 - INFO - ==================== 漫画信息 ====================
                                   漫画ID：5c4d150fc022372c120852ec
                                   标题：IORIX SLEEPINGA IDOL
                                   作者：豆蔵 (まめぞう)
                                   是否完结：否
                                   总页数：44
                                   分类：同人,短篇
                                   章节数：2
                                   最后更新时间：2019-02-12T06:54:18.228Z
                                   =================================================
2026-08-16 23:31:02 - mkk_pika - database.py:101 - INFO - 保存成功：IORIX SLEEPINGA IDOL
2026-08-16 23:31:02 - mkk_pika - main.py:35 - INFO - 开始检查ニオさんは甘えたい。是否存在未下载章节
2026-08-16 23:31:02 - mkk_pika - main.py:45 - INFO - 正在下载:[ニオさんは甘えたい。]-[むくトン教授と空飛ぶポテト。 (むく)]-[['同人', '短篇', '碧藍幻想']]-[total_pages:45]
2026-08-16 23:31:02 - mkk_pika - main.py:49 - INFO - [{'_id': '5c4d17279582282c0a2e3206', 'title': '生肉', 'order': 1, 'updated_at': '2019-02-12T06:54:33.342Z', 'id': '5c4d17279582282c0a2e3206'}, {'_id': '5c626da9d8b53f51f0691eb9', 'title': '熟肉', 'order': 2, 'updated_at': '2019-02-12T05:20:33.968Z', 'id': '5c626da9d8b53f51f0691eb9'}]
2026-08-16 23:31:02 - mkk_pika - database.py:215 - INFO - 第一次下载该漫画，记录数据库中
2026-08-16 23:31:03 - mkk_pika - main.py:83 - INFO - 找到 22 张图片在:生肉
2026-08-16 23:31:04 - mkk_pika - main.py:112 - INFO - [episode:生肉        ] downloaded:    22, total:  22, progress:100%
2026-08-16 23:31:04 - mkk_pika - database.py:238 - INFO - 数据库更新已下载章节
2026-08-16 23:31:04 - mkk_pika - database.py:244 - INFO - 该漫画已下载章节如下
2026-08-16 23:31:04 - mkk_pika - database.py:245 - INFO - ['生肉']
2026-08-16 23:31:05 - mkk_pika - main.py:83 - INFO - 找到 23 张图片在:熟肉
2026-08-16 23:31:06 - mkk_pika - main.py:112 - INFO - [episode:熟肉        ] downloaded:    23, total:  23, progress:100%
2026-08-16 23:31:06 - mkk_pika - database.py:238 - INFO - 数据库更新已下载章节
2026-08-16 23:31:06 - mkk_pika - database.py:244 - INFO - 该漫画已下载章节如下
2026-08-16 23:31:06 - mkk_pika - database.py:245 - INFO - ['生肉', '熟肉']
2026-08-16 23:31:07 - mkk_pika - main.py:348 - INFO - ==================== 漫画信息 ====================
                                   漫画ID：5c4d17279582282c0a2e3205
                                   标题：ニオさんは甘えたい。
                                   作者：むくトン教授と空飛ぶポテト。 (むく)
                                   是否完结：否
                                   总页数：45
                                   分类：同人,短篇,碧藍幻想
                                   章节数：2
                                   最后更新时间：2019-02-12T06:54:33.317Z
                                   =================================================
2026-08-16 23:31:07 - mkk_pika - database.py:101 - INFO - 保存成功：ニオさんは甘えたい。
2026-08-16 23:31:07 - mkk_pika - main.py:35 - INFO - 开始检查洵さんのツマミグイ(無修正)是否存在未下载章节
2026-08-16 23:31:07 - mkk_pika - main.py:45 - INFO - 正在下载:[洵さんのツマミグイ(無修正)]-[utu]-[['短篇', 'NTR']]-[total_pages:20]
2026-08-16 23:31:07 - mkk_pika - main.py:49 - INFO - [{'_id': '5c626df7ddedbe522e5d6aeb', 'title': '第1集', 'order': 1, 'updated_at': '2019-02-12T05:41:29.663Z', 'id': '5c626df7ddedbe522e5d6aeb'}]
2026-08-16 23:31:07 - mkk_pika - database.py:215 - INFO - 第一次下载该漫画，记录数据库中
2026-08-16 23:31:08 - mkk_pika - main.py:83 - INFO - 找到 20 张图片在:第1集
2026-08-16 23:31:09 - mkk_pika - main.py:112 - INFO - [episode:第1集       ] downloaded:    20, total:  20, progress:100%
2026-08-16 23:31:09 - mkk_pika - database.py:238 - INFO - 数据库更新已下载章节
2026-08-16 23:31:09 - mkk_pika - database.py:244 - INFO - 该漫画已下载章节如下
2026-08-16 23:31:09 - mkk_pika - database.py:245 - INFO - ['第1集']
2026-08-16 23:31:10 - mkk_pika - main.py:348 - INFO - ==================== 漫画信息 ====================
                                   漫画ID：5c626df7ddedbe522e5d6aea
                                   标题：洵さんのツマミグイ(無修正)
                                   作者：utu
                                   是否完结：是
                                   总页数：20
                                   分类：短篇,NTR
                                   章节数：1
                                   最后更新时间：2019-02-12T06:55:51.917Z
                                   =================================================
2026-08-16 23:31:10 - mkk_pika - database.py:101 - INFO - 保存成功：洵さんのツマミグイ(無修正)
2026-08-16 23:31:10 - mkk_pika - main.py:35 - INFO - 开始检查チェリーピッキング是否存在未下载章节
2026-08-16 23:31:10 - mkk_pika - main.py:45 - INFO - 正在下载:[チェリーピッキング]-[右脳]-[['短篇']]-[total_pages:24]
2026-08-16 23:31:10 - mkk_pika - main.py:49 - INFO - [{'_id': '5c627638ba425b26fb9e372f', 'title': '第1集', 'order': 1, 'updated_at': '2019-02-12T06:02:58.349Z', 'id': '5c627638ba425b26fb9e372f'}]
2026-08-16 23:31:10 - mkk_pika - database.py:215 - INFO - 第一次下载该漫画，记录数据库中
2026-08-16 23:31:11 - mkk_pika - main.py:83 - INFO - 找到 24 张图片在:第1集
2026-08-16 23:31:11 - mkk_pika - main.py:112 - INFO - [episode:第1集       ] downloaded:    24, total:  24, progress:100%
2026-08-16 23:31:11 - mkk_pika - database.py:238 - INFO - 数据库更新已下载章节
2026-08-16 23:31:11 - mkk_pika - database.py:244 - INFO - 该漫画已下载章节如下
2026-08-16 23:31:11 - mkk_pika - database.py:245 - INFO - ['第1集']
2026-08-16 23:31:13 - mkk_pika - main.py:348 - INFO - ==================== 漫画信息 ====================
                                   漫画ID：5c627638ba425b26fb9e372e
                                   标题：チェリーピッキング
                                   作者：右脳
                                   是否完结：是
                                   总页数：24
                                   分类：短篇
                                   章节数：1
                                   最后更新时间：2019-02-12T07:31:04.106Z
                                   =================================================
2026-08-16 23:31:13 - mkk_pika - database.py:101 - INFO - 保存成功：チェリーピッキング
2026-08-16 23:31:13 - mkk_pika - main.py:35 - INFO - 开始检查バーバーへようこそ（無修正）是否存在未下载章节
2026-08-16 23:31:13 - mkk_pika - main.py:45 - INFO - 正在下载:[バーバーへようこそ（無修正）]-[よこしま日記]-[['短篇', '純愛']]-[total_pages:26]
2026-08-16 23:31:13 - mkk_pika - main.py:49 - INFO - [{'_id': '5c62765903c61c272de994df', 'title': '第1集', 'order': 1, 'updated_at': '2019-02-12T06:34:30.340Z', 'id': '5c62765903c61c272de994df'}]
2026-08-16 23:31:13 - mkk_pika - database.py:215 - INFO - 第一次下载该漫画，记录数据库中
2026-08-16 23:31:14 - mkk_pika - main.py:83 - INFO - 找到 26 张图片在:第1集
2026-08-16 23:31:14 - mkk_pika - main.py:112 - INFO - [episode:第1集       ] downloaded:    26, total:  26, progress:100%
2026-08-16 23:31:14 - mkk_pika - database.py:238 - INFO - 数据库更新已下载章节
2026-08-16 23:31:14 - mkk_pika - database.py:244 - INFO - 该漫画已下载章节如下
2026-08-16 23:31:14 - mkk_pika - database.py:245 - INFO - ['第1集']
2026-08-16 23:31:16 - mkk_pika - main.py:348 - INFO - ==================== 漫画信息 ====================
                                   漫画ID：5c62765903c61c272de994de
                                   标题：バーバーへようこそ（無修正）
                                   作者：よこしま日記
                                   是否完结：是
                                   总页数：26
                                   分类：短篇,純愛
                                   章节数：1
                                   最后更新时间：2019-02-12T07:31:37.565Z
                                   =================================================
2026-08-16 23:31:16 - mkk_pika - database.py:101 - INFO - 保存成功：バーバーへようこそ（無修正）
2026-08-16 23:31:16 - mkk_pika - main.py:35 - INFO - 开始检查レベルアップ (COMIC LO 2016年4月号)是否存在未下载章节
2026-08-16 23:31:16 - mkk_pika - main.py:45 - INFO - 正在下载:[レベルアップ (COMIC LO 2016年4月号)]-[無道叡智]-[['短篇', '妹妹系']]-[total_pages:18]
2026-08-16 23:31:16 - mkk_pika - main.py:49 - INFO - [{'_id': '5c6300fa8539b178125af6a7', 'title': '第1集', 'order': 1, 'updated_at': '2019-02-12T13:34:00.116Z', 'id': '5c6300fa8539b178125af6a7'}]
2026-08-16 23:31:16 - mkk_pika - database.py:215 - INFO - 第一次下载该漫画，记录数据库中
2026-08-16 23:31:17 - mkk_pika - main.py:83 - INFO - 找到 18 张图片在:第1集
2026-08-16 23:31:17 - mkk_pika - main.py:112 - INFO - [episode:第1集       ] downloaded:    18, total:  18, progress:100%
2026-08-16 23:31:17 - mkk_pika - database.py:238 - INFO - 数据库更新已下载章节
2026-08-16 23:31:17 - mkk_pika - database.py:244 - INFO - 该漫画已下载章节如下
2026-08-16 23:31:17 - mkk_pika - database.py:245 - INFO - ['第1集']
2026-08-16 23:31:18 - mkk_pika - main.py:348 - INFO - ==================== 漫画信息 ====================
                                   漫画ID：5c6300fa8539b178125af6a6
                                   标题：レベルアップ (COMIC LO 2016年4月号)
                                   作者：無道叡智
                                   是否完结：是
                                   总页数：18
                                   分类：短篇,妹妹系
                                   章节数：1
                                   最后更新时间：2019-02-12T17:23:06.792Z
                                   =================================================
2026-08-16 23:31:18 - mkk_pika - database.py:101 - INFO - 保存成功：レベルアップ (COMIC LO 2016年4月号)
2026-08-16 23:31:18 - mkk_pika - main.py:35 - INFO - 开始检查ストレンヂなカンケイ(COMIC LO 2018年8月号)是否存在未下载章节
2026-08-16 23:31:19 - mkk_pika - main.py:45 - INFO - 正在下载:[ストレンヂなカンケイ(COMIC LO 2018年8月号)]-[無道叡智]-[['短篇']]-[total_pages:24]
2026-08-16 23:31:19 - mkk_pika - main.py:49 - INFO - [{'_id': '5c63b0588cce1677e93c710b', 'title': '第1集', 'order': 1, 'updated_at': '2019-02-12T13:45:53.334Z', 'id': '5c63b0588cce1677e93c710b'}]
2026-08-16 23:31:19 - mkk_pika - database.py:215 - INFO - 第一次下载该漫画，记录数据库中
2026-08-16 23:31:19 - mkk_pika - main.py:83 - INFO - 找到 24 张图片在:第1集
2026-08-16 23:31:20 - mkk_pika - main.py:112 - INFO - [episode:第1集       ] downloaded:    24, total:  24, progress:100%
2026-08-16 23:31:20 - mkk_pika - database.py:238 - INFO - 数据库更新已下载章节
2026-08-16 23:31:20 - mkk_pika - database.py:244 - INFO - 该漫画已下载章节如下
2026-08-16 23:31:20 - mkk_pika - database.py:245 - INFO - ['第1集']
2026-08-16 23:31:21 - mkk_pika - main.py:348 - INFO - ==================== 漫画信息 ====================
                                   漫画ID：5c63b0588cce1677e93c710a
                                   标题：ストレンヂなカンケイ(COMIC LO 2018年8月号)
                                   作者：無道叡智
                                   是否完结：是
                                   总页数：24
                                   分类：短篇
                                   章节数：1
                                   最后更新时间：2019-02-13T05:51:20.053Z
                                   =================================================
2026-08-16 23:31:21 - mkk_pika - database.py:101 - INFO - 保存成功：ストレンヂなカンケイ(COMIC LO 2018年8月号)
2026-08-16 23:31:21 - mkk_pika - main.py:35 - INFO - 开始检查密猟白書是否存在未下载章节
2026-08-16 23:31:21 - mkk_pika - main.py:45 - INFO - 正在下载:[密猟白書]-[鬼窪浩久]-[['長篇', '單行本']]-[total_pages:203]
2026-08-16 23:31:21 - mkk_pika - main.py:49 - INFO - [{'_id': '5c63b0a03dc0530c018ab808', 'title': '一集全', 'order': 1, 'updated_at': '2019-02-12T13:45:36.076Z', 'id': '5c63b0a03dc0530c018ab808'}]
2026-08-16 23:31:21 - mkk_pika - database.py:215 - INFO - 第一次下载该漫画，记录数据库中
2026-08-16 23:31:24 - mkk_pika - main.py:83 - INFO - 找到 203 张图片在:一集全
2026-08-16 23:31:28 - mkk_pika - main.py:112 - INFO - [episode:一集全       ] downloaded:   203, total: 203, progress:100%
2026-08-16 23:31:28 - mkk_pika - database.py:238 - INFO - 数据库更新已下载章节
2026-08-16 23:31:28 - mkk_pika - database.py:244 - INFO - 该漫画已下载章节如下
2026-08-16 23:31:28 - mkk_pika - database.py:245 - INFO - ['一集全']
2026-08-16 23:31:30 - mkk_pika - main.py:348 - INFO - ==================== 漫画信息 ====================
                                   漫画ID：5c63b0a03dc0530c018ab807
                                   标题：密猟白書
                                   作者：鬼窪浩久
                                   是否完结：是
                                   总页数：203
                                   分类：長篇,單行本
                                   章节数：1
                                   最后更新时间：2019-02-13T05:52:32.070Z
                                   =================================================
2026-08-16 23:31:30 - mkk_pika - database.py:101 - INFO - 保存成功：密猟白書
2026-08-16 23:31:30 - mkk_pika - main.py:35 - INFO - 开始检查Sergent Reboot (永遠娘 参)是否存在未下载章节
2026-08-16 23:31:30 - mkk_pika - main.py:45 - INFO - 正在下载:[Sergent Reboot (永遠娘 参)]-[無道叡智]-[['短篇', '非人類']]-[total_pages:18]
2026-08-16 23:31:30 - mkk_pika - main.py:49 - INFO - [{'_id': '5c63b0bc8539b178125afb8c', 'title': '第1集', 'order': 1, 'updated_at': '2019-02-12T13:54:22.237Z', 'id': '5c63b0bc8539b178125afb8c'}]
2026-08-16 23:31:30 - mkk_pika - database.py:215 - INFO - 第一次下载该漫画，记录数据库中
2026-08-16 23:31:31 - mkk_pika - main.py:83 - INFO - 找到 18 张图片在:第1集
2026-08-16 23:31:31 - mkk_pika - main.py:112 - INFO - [episode:第1集       ] downloaded:    18, total:  18, progress:100%
2026-08-16 23:31:31 - mkk_pika - database.py:238 - INFO - 数据库更新已下载章节
2026-08-16 23:31:31 - mkk_pika - database.py:244 - INFO - 该漫画已下载章节如下
2026-08-16 23:31:31 - mkk_pika - database.py:245 - INFO - ['第1集']
2026-08-16 23:31:32 - mkk_pika - main.py:348 - INFO - ==================== 漫画信息 ====================
                                   漫画ID：5c63b0bc8539b178125afb8b
                                   标题：Sergent Reboot (永遠娘 参)
                                   作者：無道叡智
                                   是否完结：是
                                   总页数：18
                                   分类：短篇,非人類
                                   章节数：1
                                   最后更新时间：2019-02-13T05:53:00.526Z
                                   =================================================
2026-08-16 23:31:32 - mkk_pika - database.py:101 - INFO - 保存成功：Sergent Reboot (永遠娘 参)
2026-08-16 23:31:32 - mkk_pika - main.py:35 - INFO - 开始检查 小町さんのやわらかオッパイ (東方Project)是否存在未下载章节
2026-08-16 23:31:33 - mkk_pika - main.py:45 - INFO - 正在下载:[ 小町さんのやわらかオッパイ (東方Project)]-[Studio P.M.Y (ミカリン)]-[['短篇', '同人', '東方']]-[total_pages:24]
2026-08-16 23:31:33 - mkk_pika - main.py:49 - INFO - [{'_id': '5c63b0de3ef608781ce679dc', 'title': '第1集', 'order': 1, 'updated_at': '2019-02-12T14:10:22.336Z', 'id': '5c63b0de3ef608781ce679dc'}]
2026-08-16 23:31:33 - mkk_pika - database.py:215 - INFO - 第一次下载该漫画，记录数据库中
2026-08-16 23:31:33 - mkk_pika - main.py:83 - INFO - 找到 24 张图片在:第1集
2026-08-16 23:31:34 - mkk_pika - main.py:112 - INFO - [episode:第1集       ] downloaded:    24, total:  24, progress:100%
2026-08-16 23:31:34 - mkk_pika - database.py:238 - INFO - 数据库更新已下载章节
2026-08-16 23:31:34 - mkk_pika - database.py:244 - INFO - 该漫画已下载章节如下
2026-08-16 23:31:34 - mkk_pika - database.py:245 - INFO - ['第1集']
2026-08-16 23:31:35 - mkk_pika - main.py:348 - INFO - ==================== 漫画信息 ====================
                                   漫画ID：5c63b0de3ef608781ce679db
                                   标题： 小町さんのやわらかオッパイ (東方Project)
                                   作者：Studio P.M.Y (ミカリン)
                                   是否完结：是
                                   总页数：24
                                   分类：短篇,同人,東方
                                   章节数：1
                                   最后更新时间：2019-02-13T05:53:34.388Z
                                   =================================================
2026-08-16 23:31:35 - mkk_pika - database.py:101 - INFO - 保存成功： 小町さんのやわらかオッパイ (東方Project)
2026-08-16 23:31:35 - mkk_pika - main.py:35 - INFO - 开始检查きょうだいおやこ(COMIC LO 2016年5月号)是否存在未下载章节
2026-08-16 23:31:36 - mkk_pika - main.py:45 - INFO - 正在下载:[きょうだいおやこ(COMIC LO 2016年5月号)]-[無道叡智]-[['短篇', '妹妹系']]-[total_pages:20]
2026-08-16 23:31:36 - mkk_pika - main.py:49 - INFO - [{'_id': '5c63b1db63877e51eac1d538', 'title': '第1集', 'order': 1, 'updated_at': '2019-02-12T14:12:07.177Z', 'id': '5c63b1db63877e51eac1d538'}]
2026-08-16 23:31:36 - mkk_pika - database.py:215 - INFO - 第一次下载该漫画，记录数据库中
2026-08-16 23:31:36 - mkk_pika - main.py:83 - INFO - 找到 20 张图片在:第1集
2026-08-16 23:31:37 - mkk_pika - main.py:112 - INFO - [episode:第1集       ] downloaded:    20, total:  20, progress:100%
2026-08-16 23:31:37 - mkk_pika - database.py:238 - INFO - 数据库更新已下载章节
2026-08-16 23:31:37 - mkk_pika - database.py:244 - INFO - 该漫画已下载章节如下
2026-08-16 23:31:37 - mkk_pika - database.py:245 - INFO - ['第1集']
2026-08-16 23:31:38 - mkk_pika - main.py:348 - INFO - ==================== 漫画信息 ====================
                                   漫画ID：5c63b1db63877e51eac1d537
                                   标题：きょうだいおやこ(COMIC LO 2016年5月号)
                                   作者：無道叡智
                                   是否完结：是
                                   总页数：20
                                   分类：短篇,妹妹系
                                   章节数：1
                                   最后更新时间：2019-02-13T05:57:47.561Z
                                   =================================================
2026-08-16 23:31:38 - mkk_pika - database.py:101 - INFO - 保存成功：きょうだいおやこ(COMIC LO 2016年5月号)
2026-08-16 23:31:38 - mkk_pika - main.py:35 - INFO - 开始检查わたし、サカってます（COMIC 快楽天ビースト 2019年2月号）是否存在未下载章节
2026-08-16 23:31:38 - mkk_pika - main.py:45 - INFO - 正在下载:[わたし、サカってます（COMIC 快楽天ビースト 2019年2月号）]-[きづかかずき]-[['短篇', '後宮閃光']]-[total_pages:24]
2026-08-16 23:31:38 - mkk_pika - main.py:49 - INFO - [{'_id': '5c63b29963877e51eac1d56b', 'title': '第1集', 'order': 1, 'updated_at': '2019-02-12T14:26:13.599Z', 'id': '5c63b29963877e51eac1d56b'}]
2026-08-16 23:31:38 - mkk_pika - database.py:215 - INFO - 第一次下载该漫画，记录数据库中
2026-08-16 23:31:39 - mkk_pika - main.py:83 - INFO - 找到 24 张图片在:第1集
2026-08-16 23:31:40 - mkk_pika - main.py:112 - INFO - [episode:第1集       ] downloaded:    24, total:  24, progress:100%
2026-08-16 23:31:40 - mkk_pika - database.py:238 - INFO - 数据库更新已下载章节
2026-08-16 23:31:40 - mkk_pika - database.py:244 - INFO - 该漫画已下载章节如下
2026-08-16 23:31:40 - mkk_pika - database.py:245 - INFO - ['第1集']
2026-08-16 23:31:41 - mkk_pika - main.py:348 - INFO - ==================== 漫画信息 ====================
                                   漫画ID：5c63b29963877e51eac1d56a
                                   标题：わたし、サカってます（COMIC 快楽天ビースト 2019年2月号）
                                   作者：きづかかずき
                                   是否完结：是
                                   总页数：24
                                   分类：短篇,後宮閃光
                                   章节数：1
                                   最后更新时间：2019-02-13T06:00:57.662Z
                                   =================================================
2026-08-16 23:31:41 - mkk_pika - database.py:101 - INFO - 保存成功：わたし、サカってます（COMIC 快楽天ビースト 2019年2月号）
2026-08-16 23:31:41 - mkk_pika - main.py:35 - INFO - 开始检查情欲に溺れた幼馴染 (オリジナル)是否存在未下载章节
2026-08-16 23:31:42 - mkk_pika - main.py:45 - INFO - 正在下载:[情欲に溺れた幼馴染 (オリジナル)]-[零'sふぁくとりー (Gゼロ)]-[['短篇', '同人', '強暴', 'NTR']]-[total_pages:30]
2026-08-16 23:31:42 - mkk_pika - main.py:49 - INFO - [{'_id': '5c63b3d503c61c272de99ce2', 'title': '第1集', 'order': 1, 'updated_at': '2019-02-12T14:41:50.311Z', 'id': '5c63b3d503c61c272de99ce2'}]
2026-08-16 23:31:42 - mkk_pika - database.py:215 - INFO - 第一次下载该漫画，记录数据库中
2026-08-16 23:31:42 - mkk_pika - main.py:83 - INFO - 找到 30 张图片在:第1集
2026-08-16 23:31:43 - mkk_pika - main.py:112 - INFO - [episode:第1集       ] downloaded:    30, total:  30, progress:100%
2026-08-16 23:31:43 - mkk_pika - database.py:238 - INFO - 数据库更新已下载章节
2026-08-16 23:31:43 - mkk_pika - database.py:244 - INFO - 该漫画已下载章节如下
2026-08-16 23:31:43 - mkk_pika - database.py:245 - INFO - ['第1集']
2026-08-16 23:31:44 - mkk_pika - main.py:348 - INFO - ==================== 漫画信息 ====================
                                   漫画ID：5c63b3d503c61c272de99ce1
                                   标题：情欲に溺れた幼馴染 (オリジナル)
                                   作者：零'sふぁくとりー (Gゼロ)
                                   是否完结：是
                                   总页数：30
                                   分类：短篇,同人,強暴,NTR
                                   章节数：1
                                   最后更新时间：2019-02-13T06:06:13.372Z
                                   =================================================
2026-08-16 23:31:44 - mkk_pika - database.py:101 - INFO - 保存成功：情欲に溺れた幼馴染 (オリジナル)
2026-08-16 23:31:44 - mkk_pika - main.py:380 - INFO - 本次任务下载完毕
2026-08-16 23:31:44 - mkk_pika - database.py:173 - INFO - 数据库连接已关闭
