2026-08-03 00:07:10 - mkk_pika - main.py:193 - INFO - =======================================================================
2026-08-03 00:07:10 - mkk_pika - database.py:61 - INFO - 表和索引初始化成功
2026-08-03 00:07:10 - mkk_pika - main.py:197 - INFO - 已经累计下载18157本漫画
2026-08-03 00:07:11 - mkk_pika - api.py:87 - INFO - 登录成功
2026-08-03 00:07:11 - mkk_pika - main.py:203 - INFO - 收藏夹共计0本漫画
2026-08-03 00:07:11 - mkk_pika - main.py:206 - INFO - 开始下载收藏夹内未下载内容
2026-08-03 00:07:11 - mkk_pika - main.py:266 - INFO - 收藏夹内容下载完毕
2026-08-03 00:07:11 - mkk_pika - main.py:268 - INFO - 开始下载订阅内容
2026-08-03 00:07:11 - mkk_pika - database.py:258 - INFO - 根据ID查询到标题：萝莉 -> TSロリおじさんの冒険 前戯編 | TS萝莉中年大叔的冒险 前戏篇
2026-08-03 00:07:12 - mkk_pika - database.py:101 - INFO - 保存成功：バイト中のゆ〜わく
2026-08-03 00:07:12 - mkk_pika - main.py:273 - INFO - 关键词萝莉找到1本漫画
2026-08-03 00:07:12 - mkk_pika - database.py:258 - INFO - 根据ID查询到标题：蘿莉 -> 妖嬢性辱絵巻 参
2026-08-03 00:07:13 - mkk_pika - database.py:101 - INFO - 保存成功：Pan x Oolong（AI）
2026-08-03 00:07:13 - mkk_pika - main.py:273 - INFO - 关键词蘿莉找到5本漫画
2026-08-03 00:07:13 - mkk_pika - main.py:275 - INFO - 订阅内容共计6本漫画
2026-08-03 00:07:13 - mkk_pika - main.py:35 - INFO - 开始检查バイト中のゆ〜わく是否存在未下载章节
2026-08-03 00:07:13 - mkk_pika - database.py:203 - INFO - 查询数据库中是否已存在第1話
2026-08-03 00:07:13 - mkk_pika - main.py:51 - INFO - バイト中のゆ〜わく中没有可下载章节
2026-08-03 00:07:13 - mkk_pika - main.py:292 - INFO - ==================== 漫画信息 ====================
                                漫画ID：6a6397d265bf3e38d164dfa0
                                标题：バイト中のゆ〜わく
                                作者：スミヅミ
                                是否完结：是
                                总页数：26
                                分类：短篇,純愛
                                章节数：1
                                最后更新时间：2026-07-24T16:50:26.165Z
                                =================================================
2026-08-03 00:07:13 - mkk_pika - database.py:101 - INFO - 保存成功：バイト中のゆ〜わく
2026-08-03 00:07:13 - mkk_pika - main.py:35 - INFO - 开始检查めすがきどちゅどちゅ♥是否存在未下载章节
2026-08-03 00:07:14 - mkk_pika - main.py:45 - INFO - 正在下载:[めすがきどちゅどちゅ♥]-[んぼい丸]-[['單行本', '妹妹系']]-[total_pages:-1]
2026-08-03 00:07:14 - mkk_pika - main.py:49 - INFO - [{'_id': '6a6f8a75836363133ae66df8', 'title': '第1話', 'order': 1, 'updated_at': '2026-08-02T14:11:19.824Z', 'id': '6a6f8a75836363133ae66df8'}]
2026-08-03 00:07:14 - mkk_pika - database.py:215 - INFO - 第一次下载该漫画，记录数据库中
2026-08-03 00:07:16 - mkk_pika - main.py:83 - INFO - 找到 199 张图片在:第1話
2026-08-03 00:07:20 - mkk_pika - main.py:112 - INFO - [episode:第1話       ] downloaded:   199, total: 199, progress:100%
2026-08-03 00:07:20 - mkk_pika - database.py:238 - INFO - 数据库更新已下载章节
2026-08-03 00:07:20 - mkk_pika - database.py:244 - INFO - 该漫画已下载章节如下
2026-08-03 00:07:20 - mkk_pika - database.py:245 - INFO - ['第1話']
2026-08-03 00:07:21 - mkk_pika - main.py:292 - INFO - ==================== 漫画信息 ====================
                                漫画ID：6a6f8a75836363133ae66df7
                                标题：めすがきどちゅどちゅ♥
                                作者：んぼい丸
                                是否完结：是
                                总页数：199
                                分类：單行本,妹妹系
                                章节数：1
                                最后更新时间：2026-08-02T18:20:37.752Z
                                =================================================
2026-08-03 00:07:21 - mkk_pika - database.py:101 - INFO - 保存成功：めすがきどちゅどちゅ♥
2026-08-03 00:07:21 - mkk_pika - main.py:35 - INFO - 开始检查恵ちゃんの話是否存在未下载章节
2026-08-03 00:07:21 - mkk_pika - main.py:45 - INFO - 正在下载:[恵ちゃんの話]-[水滴屋]-[['短篇']]-[total_pages:-1]
2026-08-03 00:07:21 - mkk_pika - main.py:49 - INFO - [{'_id': '6a6f8a395fedec12ff8a2f2c', 'title': '第1話', 'order': 1, 'updated_at': '2026-08-02T12:55:36.038Z', 'id': '6a6f8a395fedec12ff8a2f2c'}]
2026-08-03 00:07:21 - mkk_pika - database.py:215 - INFO - 第一次下载该漫画，记录数据库中
2026-08-03 00:07:22 - mkk_pika - main.py:83 - INFO - 找到 18 张图片在:第1話
2026-08-03 00:07:22 - mkk_pika - main.py:112 - INFO - [episode:第1話       ] downloaded:    18, total:  18, progress:100%
2026-08-03 00:07:22 - mkk_pika - database.py:238 - INFO - 数据库更新已下载章节
2026-08-03 00:07:22 - mkk_pika - database.py:244 - INFO - 该漫画已下载章节如下
2026-08-03 00:07:22 - mkk_pika - database.py:245 - INFO - ['第1話']
2026-08-03 00:07:24 - mkk_pika - main.py:292 - INFO - ==================== 漫画信息 ====================
                                漫画ID：6a6f8a395fedec12ff8a2f2b
                                标题：恵ちゃんの話
                                作者：水滴屋
                                是否完结：否
                                总页数：18
                                分类：短篇
                                章节数：1
                                最后更新时间：2026-08-02T18:19:37.702Z
                                =================================================
2026-08-03 00:07:24 - mkk_pika - database.py:101 - INFO - 保存成功：恵ちゃんの話
2026-08-03 00:07:24 - mkk_pika - main.py:35 - INFO - 开始检查JK云璃——我所不知道的她... （AI）是否存在未下载章节
2026-08-03 00:07:24 - mkk_pika - main.py:45 - INFO - 正在下载:[JK云璃——我所不知道的她... （AI）]-[Koryax]-[['全彩', '同人']]-[total_pages:-1]
2026-08-03 00:07:24 - mkk_pika - main.py:49 - INFO - [{'_id': '6a6f889010948a1213bf1c25', 'title': '第1話', 'order': 1, 'updated_at': '2026-08-02T08:17:19.392Z', 'id': '6a6f889010948a1213bf1c25'}]
2026-08-03 00:07:24 - mkk_pika - database.py:215 - INFO - 第一次下载该漫画，记录数据库中
2026-08-03 00:07:25 - mkk_pika - main.py:83 - INFO - 找到 103 张图片在:第1話
2026-08-03 00:07:27 - mkk_pika - main.py:112 - INFO - [episode:第1話       ] downloaded:   103, total: 103, progress:100%
2026-08-03 00:07:27 - mkk_pika - database.py:238 - INFO - 数据库更新已下载章节
2026-08-03 00:07:27 - mkk_pika - database.py:244 - INFO - 该漫画已下载章节如下
2026-08-03 00:07:27 - mkk_pika - database.py:245 - INFO - ['第1話']
2026-08-03 00:07:28 - mkk_pika - main.py:292 - INFO - ==================== 漫画信息 ====================
                                漫画ID：6a6f889010948a1213bf1c24
                                标题：JK云璃——我所不知道的她... （AI）
                                作者：Koryax
                                是否完结：是
                                总页数：103
                                分类：全彩,同人
                                章节数：1
                                最后更新时间：2026-08-02T18:12:32.316Z
                                =================================================
2026-08-03 00:07:28 - mkk_pika - database.py:101 - INFO - 保存成功：JK云璃——我所不知道的她... （AI）
2026-08-03 00:07:28 - mkk_pika - main.py:35 - INFO - 开始检查秘鳴姦獄是否存在未下载章节
2026-08-03 00:07:29 - mkk_pika - main.py:45 - INFO - 正在下载:[秘鳴姦獄]-[Okina Flying Factory (OKINA)]-[['短篇']]-[total_pages:-1]
2026-08-03 00:07:29 - mkk_pika - main.py:49 - INFO - [{'_id': '6a6f87966f159437f108a1f3', 'title': '第1話', 'order': 1, 'updated_at': '2026-08-01T14:36:03.996Z', 'id': '6a6f87966f159437f108a1f3'}]
2026-08-03 00:07:29 - mkk_pika - database.py:215 - INFO - 第一次下载该漫画，记录数据库中
2026-08-03 00:07:30 - mkk_pika - main.py:83 - INFO - 找到 28 张图片在:第1話
2026-08-03 00:07:31 - mkk_pika - main.py:112 - INFO - [episode:第1話       ] downloaded:    28, total:  28, progress:100%
2026-08-03 00:07:31 - mkk_pika - database.py:238 - INFO - 数据库更新已下载章节
2026-08-03 00:07:31 - mkk_pika - database.py:244 - INFO - 该漫画已下载章节如下
2026-08-03 00:07:31 - mkk_pika - database.py:245 - INFO - ['第1話']
2026-08-03 00:07:32 - mkk_pika - main.py:292 - INFO - ==================== 漫画信息 ====================
                                漫画ID：6a6f87966f159437f108a1f2
                                标题：秘鳴姦獄
                                作者：Okina Flying Factory (OKINA)
                                是否完结：否
                                总页数：28
                                分类：短篇
                                章节数：1
                                最后更新时间：2026-08-02T18:08:22.649Z
                                =================================================
2026-08-03 00:07:32 - mkk_pika - database.py:101 - INFO - 保存成功：秘鳴姦獄
2026-08-03 00:07:32 - mkk_pika - main.py:35 - INFO - 开始检查PIG,WOLF,STRUGGLE！ | 小猪与大灰狼之争！是否存在未下载章节
2026-08-03 00:07:32 - mkk_pika - main.py:45 - INFO - 正在下载:[PIG,WOLF,STRUGGLE！ | 小猪与大灰狼之争！]-[KEY TRASH (緋鍵龍彦)]-[['短篇']]-[total_pages:-1]
2026-08-03 00:07:32 - mkk_pika - main.py:49 - INFO - [{'_id': '6a6f875f08cafe38b1f9e8a2', 'title': '第1話', 'order': 1, 'updated_at': '2026-08-01T14:01:06.596Z', 'id': '6a6f875f08cafe38b1f9e8a2'}]
2026-08-03 00:07:32 - mkk_pika - database.py:215 - INFO - 第一次下载该漫画，记录数据库中
2026-08-03 00:07:33 - mkk_pika - main.py:83 - INFO - 找到 27 张图片在:第1話
2026-08-03 00:07:34 - mkk_pika - main.py:112 - INFO - [episode:第1話       ] downloaded:    27, total:  27, progress:100%
2026-08-03 00:07:34 - mkk_pika - database.py:238 - INFO - 数据库更新已下载章节
2026-08-03 00:07:34 - mkk_pika - database.py:244 - INFO - 该漫画已下载章节如下
2026-08-03 00:07:34 - mkk_pika - database.py:245 - INFO - ['第1話']
2026-08-03 00:07:35 - mkk_pika - main.py:292 - INFO - ==================== 漫画信息 ====================
                                漫画ID：6a6f875f08cafe38b1f9e8a1
                                标题：PIG,WOLF,STRUGGLE！ | 小猪与大灰狼之争！
                                作者：KEY TRASH (緋鍵龍彦)
                                是否完结：否
                                总页数：27
                                分类：短篇
                                章节数：1
                                最后更新时间：2026-08-02T18:07:27.027Z
                                =================================================
2026-08-03 00:07:35 - mkk_pika - database.py:101 - INFO - 保存成功：PIG,WOLF,STRUGGLE！ | 小猪与大灰狼之争！
2026-08-03 00:07:35 - mkk_pika - main.py:323 - INFO - 订阅内容内容下载完毕
2026-08-03 00:07:35 - mkk_pika - main.py:324 - INFO - 开始分批下载全部章节
2026-08-03 00:07:35 - mkk_pika - database.py:280 - INFO - 表和索引初始化成功
2026-08-03 00:07:36 - mkk_pika - main.py:177 - INFO - 已经下载了1358页，一共7052页，现在开始添加第1359页
2026-08-03 00:07:36 - mkk_pika - database.py:318 - INFO - 保存成功
2026-08-03 00:07:37 - mkk_pika - main.py:177 - INFO - 已经下载了1359页，一共7052页，现在开始添加第1360页
2026-08-03 00:07:37 - mkk_pika - database.py:318 - INFO - 保存成功
2026-08-03 00:07:38 - mkk_pika - main.py:177 - INFO - 已经下载了1360页，一共7052页，现在开始添加第1361页
2026-08-03 00:07:38 - mkk_pika - database.py:318 - INFO - 保存成功
2026-08-03 00:07:38 - mkk_pika - main.py:177 - INFO - 已经下载了1361页，一共7052页，现在开始添加第1362页
2026-08-03 00:07:39 - mkk_pika - database.py:318 - INFO - 保存成功
2026-08-03 00:07:39 - mkk_pika - main.py:177 - INFO - 已经下载了1362页，一共7052页，现在开始添加第1363页
2026-08-03 00:07:40 - mkk_pika - database.py:318 - INFO - 保存成功
2026-08-03 00:07:40 - mkk_pika - main.py:331 - INFO - 分批下载共计52本漫画
2026-08-03 00:07:40 - mkk_pika - main.py:35 - INFO - 开始检查妹にお風呂場でウンチをさせるお話是否存在未下载章节
2026-08-03 00:07:40 - mkk_pika - main.py:45 - INFO - 正在下载:[妹にお風呂場でウンチをさせるお話]-[多胡屋本舗 (多胡屋きき)]-[['短篇', '妹妹系']]-[total_pages:18]
2026-08-03 00:07:40 - mkk_pika - main.py:49 - INFO - [{'_id': '5c4466c3a4d4da2fbb9ce2b7', 'title': '第1集', 'order': 1, 'updated_at': '2019-01-20T05:24:09.846Z', 'id': '5c4466c3a4d4da2fbb9ce2b7'}]
2026-08-03 00:07:40 - mkk_pika - database.py:215 - INFO - 第一次下载该漫画，记录数据库中
2026-08-03 00:07:41 - mkk_pika - main.py:83 - INFO - 找到 18 张图片在:第1集
2026-08-03 00:07:41 - mkk_pika - main.py:112 - INFO - [episode:第1集       ] downloaded:    18, total:  18, progress:100%
2026-08-03 00:07:41 - mkk_pika - database.py:238 - INFO - 数据库更新已下载章节
2026-08-03 00:07:41 - mkk_pika - database.py:244 - INFO - 该漫画已下载章节如下
2026-08-03 00:07:41 - mkk_pika - database.py:245 - INFO - ['第1集']
2026-08-03 00:07:42 - mkk_pika - main.py:348 - INFO - ==================== 漫画信息 ====================
                                   漫画ID：5c4466c3a4d4da2fbb9ce2b6
                                   标题：妹にお風呂場でウンチをさせるお話
                                   作者：多胡屋本舗 (多胡屋きき)
                                   是否完结：是
                                   总页数：18
                                   分类：短篇,妹妹系
                                   章节数：1
                                   最后更新时间：2019-01-20T12:17:07.538Z
                                   =================================================
2026-08-03 00:07:42 - mkk_pika - database.py:101 - INFO - 保存成功：妹にお風呂場でウンチをさせるお話
2026-08-03 00:07:42 - mkk_pika - main.py:35 - INFO - 开始检查 伝説の本 (閩南語台灣教育部標準版本)是否存在未下载章节
2026-08-03 00:07:43 - mkk_pika - main.py:45 - INFO - 正在下载:[ 伝説の本 (閩南語台灣教育部標準版本)]-[カラスちゃん (カラスちゃん)]-[['同人']]-[total_pages:27]
2026-08-03 00:07:43 - mkk_pika - main.py:49 - INFO - [{'_id': '5c4466eb8668500d7142ea49', 'title': '第1集', 'order': 1, 'updated_at': '2019-01-20T05:40:31.555Z', 'id': '5c4466eb8668500d7142ea49'}]
2026-08-03 00:07:43 - mkk_pika - database.py:215 - INFO - 第一次下载该漫画，记录数据库中
2026-08-03 00:07:43 - mkk_pika - main.py:83 - INFO - 找到 27 张图片在:第1集
2026-08-03 00:07:44 - mkk_pika - main.py:112 - INFO - [episode:第1集       ] downloaded:    27, total:  27, progress:100%
2026-08-03 00:07:44 - mkk_pika - database.py:238 - INFO - 数据库更新已下载章节
2026-08-03 00:07:44 - mkk_pika - database.py:244 - INFO - 该漫画已下载章节如下
2026-08-03 00:07:44 - mkk_pika - database.py:245 - INFO - ['第1集']
2026-08-03 00:07:45 - mkk_pika - main.py:348 - INFO - ==================== 漫画信息 ====================
                                   漫画ID：5c4466eb8668500d7142ea48
                                   标题： 伝説の本 (閩南語台灣教育部標準版本)
                                   作者：カラスちゃん (カラスちゃん)
                                   是否完结：否
                                   总页数：27
                                   分类：同人
                                   章节数：1
                                   最后更新时间：2019-01-20T12:17:47.828Z
                                   =================================================
2026-08-03 00:07:45 - mkk_pika - database.py:101 - INFO - 保存成功： 伝説の本 (閩南語台灣教育部標準版本)
2026-08-03 00:07:45 - mkk_pika - main.py:35 - INFO - 开始检查猫しばり(ゲゲゲの鬼太郎)是否存在未下载章节
2026-08-03 00:07:46 - mkk_pika - main.py:45 - INFO - 正在下载:[猫しばり(ゲゲゲの鬼太郎)]-[アトリエ八福庵]-[['短篇', '非人類', '同人']]-[total_pages:25]
2026-08-03 00:07:46 - mkk_pika - main.py:49 - INFO - [{'_id': '5c44670b0dc95e0d7a6798b3', 'title': '第1集', 'order': 1, 'updated_at': '2019-01-20T05:47:55.814Z', 'id': '5c44670b0dc95e0d7a6798b3'}]
2026-08-03 00:07:46 - mkk_pika - database.py:215 - INFO - 第一次下载该漫画，记录数据库中
2026-08-03 00:07:46 - mkk_pika - main.py:83 - INFO - 找到 25 张图片在:第1集
2026-08-03 00:07:47 - mkk_pika - main.py:112 - INFO - [episode:第1集       ] downloaded:    25, total:  25, progress:100%
2026-08-03 00:07:47 - mkk_pika - database.py:238 - INFO - 数据库更新已下载章节
2026-08-03 00:07:47 - mkk_pika - database.py:244 - INFO - 该漫画已下载章节如下
2026-08-03 00:07:47 - mkk_pika - database.py:245 - INFO - ['第1集']
2026-08-03 00:07:48 - mkk_pika - main.py:348 - INFO - ==================== 漫画信息 ====================
                                   漫画ID：5c44670b0dc95e0d7a6798b2
                                   标题：猫しばり(ゲゲゲの鬼太郎)
                                   作者：アトリエ八福庵
                                   是否完结：是
                                   总页数：25
                                   分类：短篇,非人類,同人
                                   章节数：1
                                   最后更新时间：2019-01-20T12:18:19.914Z
                                   =================================================
2026-08-03 00:07:48 - mkk_pika - database.py:101 - INFO - 保存成功：猫しばり(ゲゲゲの鬼太郎)
2026-08-03 00:07:48 - mkk_pika - main.py:35 - INFO - 开始检查桜子先生の特別授業是否存在未下载章节
2026-08-03 00:07:48 - mkk_pika - main.py:45 - INFO - 正在下载:[桜子先生の特別授業]-[三ツ葉稔]-[['短篇', '強暴', 'SM']]-[total_pages:28]
2026-08-03 00:07:48 - mkk_pika - main.py:49 - INFO - [{'_id': '5c4467598668500d7142ea6c', 'title': '第1集', 'order': 1, 'updated_at': '2019-01-20T07:23:34.453Z', 'id': '5c4467598668500d7142ea6c'}]
2026-08-03 00:07:48 - mkk_pika - database.py:215 - INFO - 第一次下载该漫画，记录数据库中
2026-08-03 00:07:49 - mkk_pika - main.py:83 - INFO - 找到 28 张图片在:第1集
2026-08-03 00:07:49 - mkk_pika - main.py:112 - INFO - [episode:第1集       ] downloaded:    28, total:  28, progress:100%
2026-08-03 00:07:49 - mkk_pika - database.py:238 - INFO - 数据库更新已下载章节
2026-08-03 00:07:49 - mkk_pika - database.py:244 - INFO - 该漫画已下载章节如下
2026-08-03 00:07:49 - mkk_pika - database.py:245 - INFO - ['第1集']
2026-08-03 00:07:51 - mkk_pika - main.py:348 - INFO - ==================== 漫画信息 ====================
                                   漫画ID：5c4467598668500d7142ea6b
                                   标题：桜子先生の特別授業
                                   作者：三ツ葉稔
                                   是否完结：是
                                   总页数：28
                                   分类：短篇,強暴,SM
                                   章节数：1
                                   最后更新时间：2019-01-20T12:19:37.495Z
                                   =================================================
2026-08-03 00:07:51 - mkk_pika - database.py:101 - INFO - 保存成功：桜子先生の特別授業
2026-08-03 00:07:51 - mkk_pika - main.py:35 - INFO - 开始检查カーニバル18-新米指揮官の学園性生活 夏休み編-(アズールレーン)是否存在未下载章节
2026-08-03 00:07:51 - mkk_pika - main.py:45 - INFO - 正在下载:[カーニバル18-新米指揮官の学園性生活 夏休み編-(アズールレーン)]-[萌姫連合 (Xin、obiwan)]-[['短篇', '同人', '後宮閃光', '全彩']]-[total_pages:28]
2026-08-03 00:07:51 - mkk_pika - main.py:49 - INFO - [{'_id': '5c4467d180f86004e4214315', 'title': '第1集', 'order': 1, 'updated_at': '2019-01-20T09:12:05.566Z', 'id': '5c4467d180f86004e4214315'}]
2026-08-03 00:07:51 - mkk_pika - database.py:215 - INFO - 第一次下载该漫画，记录数据库中
2026-08-03 00:07:52 - mkk_pika - main.py:83 - INFO - 找到 28 张图片在:第1集
2026-08-03 00:07:52 - mkk_pika - main.py:112 - INFO - [episode:第1集       ] downloaded:    28, total:  28, progress:100%
2026-08-03 00:07:52 - mkk_pika - database.py:238 - INFO - 数据库更新已下载章节
2026-08-03 00:07:52 - mkk_pika - database.py:244 - INFO - 该漫画已下载章节如下
2026-08-03 00:07:52 - mkk_pika - database.py:245 - INFO - ['第1集']
2026-08-03 00:07:53 - mkk_pika - main.py:348 - INFO - ==================== 漫画信息 ====================
                                   漫画ID：5c4467d180f86004e4214314
                                   标题：カーニバル18-新米指揮官の学園性生活 夏休み編-(アズールレーン)
                                   作者：萌姫連合 (Xin、obiwan)
                                   是否完结：是
                                   总页数：28
                                   分类：短篇,同人,後宮閃光,全彩
                                   章节数：1
                                   最后更新时间：2019-01-20T12:21:37.537Z
                                   =================================================
2026-08-03 00:07:53 - mkk_pika - database.py:101 - INFO - 保存成功：カーニバル18-新米指揮官の学園性生活 夏休み編-(アズールレーン)
2026-08-03 00:07:53 - mkk_pika - main.py:35 - INFO - 开始检查(C95)ドールズ開発報告書(少女前線)是否存在未下载章节
2026-08-03 00:07:54 - mkk_pika - main.py:45 - INFO - 正在下载:[(C95)ドールズ開発報告書(少女前線)]-[スタントマンズ (こめつぶ)]-[['短篇', '同人', '後宮閃光', '全彩']]-[total_pages:15]
2026-08-03 00:07:54 - mkk_pika - main.py:49 - INFO - [{'_id': '5c4468690bb41704ace4f884', 'title': '第1集', 'order': 1, 'updated_at': '2019-01-20T09:44:52.789Z', 'id': '5c4468690bb41704ace4f884'}]
2026-08-03 00:07:54 - mkk_pika - database.py:215 - INFO - 第一次下载该漫画，记录数据库中
2026-08-03 00:07:54 - mkk_pika - main.py:83 - INFO - 找到 15 张图片在:第1集
2026-08-03 00:07:55 - mkk_pika - main.py:112 - INFO - [episode:第1集       ] downloaded:    15, total:  15, progress:100%
2026-08-03 00:07:55 - mkk_pika - database.py:238 - INFO - 数据库更新已下载章节
2026-08-03 00:07:55 - mkk_pika - database.py:244 - INFO - 该漫画已下载章节如下
2026-08-03 00:07:55 - mkk_pika - database.py:245 - INFO - ['第1集']
2026-08-03 00:07:56 - mkk_pika - main.py:348 - INFO - ==================== 漫画信息 ====================
                                   漫画ID：5c4468690bb41704ace4f883
                                   标题：(C95)ドールズ開発報告書(少女前線)
                                   作者：スタントマンズ (こめつぶ)
                                   是否完结：是
                                   总页数：15
                                   分类：短篇,同人,後宮閃光,全彩
                                   章节数：1
                                   最后更新时间：2019-01-20T12:24:09.714Z
                                   =================================================
2026-08-03 00:07:56 - mkk_pika - database.py:101 - INFO - 保存成功：(C95)ドールズ開発報告書(少女前線)
2026-08-03 00:07:56 - mkk_pika - main.py:35 - INFO - 开始检查人妻不信～淫欲に堕ちる爆乳達～是否存在未下载章节
2026-08-03 00:07:56 - mkk_pika - main.py:45 - INFO - 正在下载:[人妻不信～淫欲に堕ちる爆乳達～]-[あちゅむち]-[['長篇', 'NTR', '人妻']]-[total_pages:194]
2026-08-03 00:07:56 - mkk_pika - main.py:49 - INFO - [{'_id': '5c46b4818668500d71430902', 'title': '第1集', 'order': 1, 'updated_at': '2019-01-22T00:43:32.390Z', 'id': '5c46b4818668500d71430902'}]
2026-08-03 00:07:56 - mkk_pika - database.py:215 - INFO - 第一次下载该漫画，记录数据库中
2026-08-03 00:07:58 - mkk_pika - main.py:83 - INFO - 找到 194 张图片在:第1集
2026-08-03 00:08:02 - mkk_pika - main.py:112 - INFO - [episode:第1集       ] downloaded:   194, total: 194, progress:100%
2026-08-03 00:08:02 - mkk_pika - database.py:238 - INFO - 数据库更新已下载章节
2026-08-03 00:08:02 - mkk_pika - database.py:244 - INFO - 该漫画已下载章节如下
2026-08-03 00:08:02 - mkk_pika - database.py:245 - INFO - ['第1集']
2026-08-03 00:08:03 - mkk_pika - main.py:348 - INFO - ==================== 漫画信息 ====================
                                   漫画ID：5c4468810dc95e0d7a6798d8
                                   标题：人妻不信～淫欲に堕ちる爆乳達～
                                   作者：あちゅむち
                                   是否完结：否
                                   总页数：194
                                   分类：長篇,NTR,人妻
                                   章节数：1
                                   最后更新时间：2019-01-20T12:24:33.222Z
                                   =================================================
2026-08-03 00:08:03 - mkk_pika - database.py:101 - INFO - 保存成功：人妻不信～淫欲に堕ちる爆乳達～
2026-08-03 00:08:03 - mkk_pika - main.py:35 - INFO - 开始检查青春SEX~是否存在未下载章节
2026-08-03 00:08:03 - mkk_pika - main.py:45 - INFO - 正在下载:[青春SEX~]-[いのまる]-[['長篇']]-[total_pages:203]
2026-08-03 00:08:03 - mkk_pika - main.py:49 - INFO - [{'_id': '5c4468a3bb67890da9f3f190', 'title': '第1集', 'order': 1, 'updated_at': '2019-01-20T11:48:17.283Z', 'id': '5c4468a3bb67890da9f3f190'}]
2026-08-03 00:08:03 - mkk_pika - database.py:215 - INFO - 第一次下载该漫画，记录数据库中
2026-08-03 00:08:05 - mkk_pika - main.py:83 - INFO - 找到 203 张图片在:第1集
2026-08-03 00:08:09 - mkk_pika - main.py:112 - INFO - [episode:第1集       ] downloaded:   203, total: 203, progress:100%
2026-08-03 00:08:09 - mkk_pika - database.py:238 - INFO - 数据库更新已下载章节
2026-08-03 00:08:09 - mkk_pika - database.py:244 - INFO - 该漫画已下载章节如下
2026-08-03 00:08:09 - mkk_pika - database.py:245 - INFO - ['第1集']
2026-08-03 00:08:10 - mkk_pika - main.py:348 - INFO - ==================== 漫画信息 ====================
                                   漫画ID：5c4468a3bb67890da9f3f18f
                                   标题：青春SEX~
                                   作者：いのまる
                                   是否完结：否
                                   总页数：203
                                   分类：長篇
                                   章节数：1
                                   最后更新时间：2019-01-20T12:25:07.257Z
                                   =================================================
2026-08-03 00:08:10 - mkk_pika - database.py:101 - INFO - 保存成功：青春SEX~
2026-08-03 00:08:10 - mkk_pika - main.py:35 - INFO - 开始检查猫しばり是否存在未下载章节
2026-08-03 00:08:11 - mkk_pika - main.py:45 - INFO - 正在下载:[猫しばり]-[アトリエ八福庵]-[['同人', '全彩', '短篇', 'SM', '強暴']]-[total_pages:50]
2026-08-03 00:08:11 - mkk_pika - main.py:49 - INFO - [{'_id': '5bcdb0779adecd0824fd4c2c', 'title': '生肉', 'order': 1, 'updated_at': '2019-01-20T12:25:18.507Z', 'id': '5bcdb0779adecd0824fd4c2c'}, {'_id': '5c4468ae0dc95e0d7a6799a3', 'title': '熟肉', 'order': 2, 'updated_at': '2019-01-20T11:50:16.822Z', 'id': '5c4468ae0dc95e0d7a6799a3'}]
2026-08-03 00:08:11 - mkk_pika - database.py:215 - INFO - 第一次下载该漫画，记录数据库中
2026-08-03 00:08:11 - mkk_pika - main.py:83 - INFO - 找到 25 张图片在:生肉
2026-08-03 00:08:12 - mkk_pika - main.py:112 - INFO - [episode:生肉        ] downloaded:    25, total:  25, progress:100%
2026-08-03 00:08:12 - mkk_pika - database.py:238 - INFO - 数据库更新已下载章节
2026-08-03 00:08:12 - mkk_pika - database.py:244 - INFO - 该漫画已下载章节如下
2026-08-03 00:08:12 - mkk_pika - database.py:245 - INFO - ['生肉']
2026-08-03 00:08:13 - mkk_pika - main.py:83 - INFO - 找到 25 张图片在:熟肉
2026-08-03 00:08:14 - mkk_pika - main.py:112 - INFO - [episode:熟肉        ] downloaded:    25, total:  25, progress:100%
2026-08-03 00:08:14 - mkk_pika - database.py:238 - INFO - 数据库更新已下载章节
2026-08-03 00:08:14 - mkk_pika - database.py:244 - INFO - 该漫画已下载章节如下
2026-08-03 00:08:14 - mkk_pika - database.py:245 - INFO - ['生肉', '熟肉']
2026-08-03 00:08:15 - mkk_pika - main.py:348 - INFO - ==================== 漫画信息 ====================
                                   漫画ID：5bcdb0779adecd0824fd4c2b
                                   标题：猫しばり
                                   作者：アトリエ八福庵
                                   是否完结：否
                                   总页数：50
                                   分类：同人,全彩,短篇,SM,強暴
                                   章节数：2
                                   最后更新时间：2019-01-20T12:25:18.494Z
                                   =================================================
2026-08-03 00:08:15 - mkk_pika - database.py:101 - INFO - 保存成功：猫しばり
2026-08-03 00:08:15 - mkk_pika - main.py:35 - INFO - 开始检查あぐ×エル プチマリアージュ是否存在未下载章节
2026-08-03 00:08:15 - mkk_pika - main.py:45 - INFO - 正在下载:[あぐ×エル プチマリアージュ]-[ジャム王国 (ジャム王子)]-[['同人', '短篇', '扶他樂園']]-[total_pages:23]
2026-08-03 00:08:15 - mkk_pika - main.py:49 - INFO - [{'_id': '5c4468bfbb67890da9f3f25d', 'title': '第1集', 'order': 1, 'updated_at': '2019-01-20T12:02:09.131Z', 'id': '5c4468bfbb67890da9f3f25d'}]
2026-08-03 00:08:15 - mkk_pika - database.py:215 - INFO - 第一次下载该漫画，记录数据库中
2026-08-03 00:08:17 - mkk_pika - main.py:83 - INFO - 找到 23 张图片在:第1集
2026-08-03 00:08:17 - mkk_pika - main.py:112 - INFO - [episode:第1集       ] downloaded:    23, total:  23, progress:100%
2026-08-03 00:08:17 - mkk_pika - database.py:238 - INFO - 数据库更新已下载章节
2026-08-03 00:08:17 - mkk_pika - database.py:244 - INFO - 该漫画已下载章节如下
2026-08-03 00:08:17 - mkk_pika - database.py:245 - INFO - ['第1集']
2026-08-03 00:08:18 - mkk_pika - main.py:348 - INFO - ==================== 漫画信息 ====================
                                   漫画ID：5c4468bfbb67890da9f3f25c
                                   标题：あぐ×エル プチマリアージュ
                                   作者：ジャム王国 (ジャム王子)
                                   是否完结：否
                                   总页数：23
                                   分类：同人,短篇,扶他樂園
                                   章节数：1
                                   最后更新时间：2019-01-20T12:25:35.869Z
                                   =================================================
2026-08-03 00:08:18 - mkk_pika - database.py:101 - INFO - 保存成功：あぐ×エル プチマリアージュ
2026-08-03 00:08:18 - mkk_pika - main.py:35 - INFO - 开始检查JSは排卵誘発剤を使ってロリコンを翻弄する是否存在未下载章节
2026-08-03 00:08:19 - mkk_pika - main.py:45 - INFO - 正在下载:[JSは排卵誘発剤を使ってロリコンを翻弄する]-[Azure (かごのとり)]-[['短篇', '妹妹系']]-[total_pages:34]
2026-08-03 00:08:19 - mkk_pika - main.py:49 - INFO - [{'_id': '5c44690080f86004e421433c', 'title': '第1集', 'order': 1, 'updated_at': '2019-01-20T12:15:19.547Z', 'id': '5c44690080f86004e421433c'}]
2026-08-03 00:08:19 - mkk_pika - database.py:215 - INFO - 第一次下载该漫画，记录数据库中
2026-08-03 00:08:19 - mkk_pika - main.py:83 - INFO - 找到 34 张图片在:第1集
2026-08-03 00:08:20 - mkk_pika - main.py:112 - INFO - [episode:第1集       ] downloaded:    34, total:  34, progress:100%
2026-08-03 00:08:20 - mkk_pika - database.py:238 - INFO - 数据库更新已下载章节
2026-08-03 00:08:20 - mkk_pika - database.py:244 - INFO - 该漫画已下载章节如下
2026-08-03 00:08:20 - mkk_pika - database.py:245 - INFO - ['第1集']
2026-08-03 00:08:21 - mkk_pika - main.py:348 - INFO - ==================== 漫画信息 ====================
                                   漫画ID：5c44690080f86004e421433b
                                   标题：JSは排卵誘発剤を使ってロリコンを翻弄する
                                   作者：Azure (かごのとり)
                                   是否完结：否
                                   总页数：34
                                   分类：短篇,妹妹系
                                   章节数：1
                                   最后更新时间：2019-01-20T12:26:40.949Z
                                   =================================================
2026-08-03 00:08:21 - mkk_pika - database.py:101 - INFO - 保存成功：JSは排卵誘発剤を使ってロリコンを翻弄する
2026-08-03 00:08:21 - mkk_pika - main.py:35 - INFO - 开始检查噂の性感エステ 傳說的性感SPA是否存在未下载章节
2026-08-03 00:08:22 - mkk_pika - main.py:45 - INFO - 正在下载:[噂の性感エステ 傳說的性感SPA]-[小石川れんず]-[['純愛', '單行本', '長篇', '姐姐系']]-[total_pages:247]
2026-08-03 00:08:22 - mkk_pika - main.py:49 - INFO - [{'_id': '5c44730a21e07467faf9dc49', 'title': '按摩到社保的單行本', 'order': 1, 'updated_at': '2019-01-18T07:15:53.234Z', 'id': '5c44730a21e07467faf9dc49'}]
2026-08-03 00:08:22 - mkk_pika - database.py:215 - INFO - 第一次下载该漫画，记录数据库中
2026-08-03 00:08:24 - mkk_pika - main.py:83 - INFO - 找到 247 张图片在:按摩到社保的單行本
2026-08-03 00:08:28 - mkk_pika - main.py:112 - INFO - [episode:按摩到社保的單行本 ] downloaded:   247, total: 247, progress:100%
2026-08-03 00:08:28 - mkk_pika - database.py:238 - INFO - 数据库更新已下载章节
2026-08-03 00:08:28 - mkk_pika - database.py:244 - INFO - 该漫画已下载章节如下
2026-08-03 00:08:28 - mkk_pika - database.py:245 - INFO - ['按摩到社保的單行本']
2026-08-03 00:08:30 - mkk_pika - main.py:348 - INFO - ==================== 漫画信息 ====================
                                   漫画ID：5c44730a21e07467faf9dc48
                                   标题：噂の性感エステ 傳說的性感SPA
                                   作者：小石川れんず
                                   是否完结：是
                                   总页数：247
                                   分类：純愛,單行本,長篇,姐姐系
                                   章节数：1
                                   最后更新时间：2019-01-20T13:09:30.809Z
                                   =================================================
2026-08-03 00:08:30 - mkk_pika - database.py:101 - INFO - 保存成功：噂の性感エステ 傳說的性感SPA
2026-08-03 00:08:30 - mkk_pika - main.py:35 - INFO - 开始检查FlyAs!是否存在未下载章节
2026-08-03 00:08:30 - mkk_pika - main.py:45 - INFO - 正在下载:[FlyAs!]-[すずめのナミダ (ぃろすずめ)]-[['同人', '短篇', '純愛', '非人類', '強暴']]-[total_pages:15]
2026-08-03 00:08:30 - mkk_pika - main.py:49 - INFO - [{'_id': '5c4495a60bb41704ace4f9ea', 'title': '第1集', 'order': 1, 'updated_at': '2019-01-20T12:53:54.775Z', 'id': '5c4495a60bb41704ace4f9ea'}]
2026-08-03 00:08:30 - mkk_pika - database.py:215 - INFO - 第一次下载该漫画，记录数据库中
2026-08-03 00:08:31 - mkk_pika - main.py:83 - INFO - 找到 15 张图片在:第1集
2026-08-03 00:08:31 - mkk_pika - main.py:112 - INFO - [episode:第1集       ] downloaded:    15, total:  15, progress:100%
2026-08-03 00:08:31 - mkk_pika - database.py:238 - INFO - 数据库更新已下载章节
2026-08-03 00:08:31 - mkk_pika - database.py:244 - INFO - 该漫画已下载章节如下
2026-08-03 00:08:31 - mkk_pika - database.py:245 - INFO - ['第1集']
2026-08-03 00:08:32 - mkk_pika - main.py:348 - INFO - ==================== 漫画信息 ====================
                                   漫画ID：5c4495a60bb41704ace4f9e9
                                   标题：FlyAs!
                                   作者：すずめのナミダ (ぃろすずめ)
                                   是否完结：否
                                   总页数：15
                                   分类：同人,短篇,純愛,非人類,強暴
                                   章节数：1
                                   最后更新时间：2019-01-20T15:37:10.855Z
                                   =================================================
2026-08-03 00:08:32 - mkk_pika - database.py:101 - INFO - 保存成功：FlyAs!
2026-08-03 00:08:32 - mkk_pika - main.py:35 - INFO - 开始检查(C95) おっぱい解放マアト (デスティニーチャイルド)是否存在未下载章节
2026-08-03 00:08:33 - mkk_pika - main.py:45 - INFO - 正在下载:[(C95) おっぱい解放マアト (デスティニーチャイルド)]-[ど～なつ池 (はすの上梅津)]-[['同人', '短篇']]-[total_pages:30]
2026-08-03 00:08:33 - mkk_pika - main.py:49 - INFO - [{'_id': '5c456e9bbe273d04a4cd79b0', 'title': '第1集', 'order': 1, 'updated_at': '2019-01-20T19:15:08.514Z', 'id': '5c456e9bbe273d04a4cd79b0'}]
2026-08-03 00:08:33 - mkk_pika - database.py:215 - INFO - 第一次下载该漫画，记录数据库中
2026-08-03 00:08:33 - mkk_pika - main.py:83 - INFO - 找到 30 张图片在:第1集
2026-08-03 00:08:34 - mkk_pika - main.py:112 - INFO - [episode:第1集       ] downloaded:    30, total:  30, progress:100%
2026-08-03 00:08:34 - mkk_pika - database.py:238 - INFO - 数据库更新已下载章节
2026-08-03 00:08:34 - mkk_pika - database.py:244 - INFO - 该漫画已下载章节如下
2026-08-03 00:08:34 - mkk_pika - database.py:245 - INFO - ['第1集']
2026-08-03 00:08:35 - mkk_pika - main.py:348 - INFO - ==================== 漫画信息 ====================
                                   漫画ID：5c456e9bbe273d04a4cd79af
                                   标题：(C95) おっぱい解放マアト (デスティニーチャイルド)
                                   作者：ど～なつ池 (はすの上梅津)
                                   是否完结：是
                                   总页数：30
                                   分类：同人,短篇
                                   章节数：1
                                   最后更新时间：2019-01-21T07:02:51.729Z
                                   =================================================
2026-08-03 00:08:35 - mkk_pika - database.py:101 - INFO - 保存成功：(C95) おっぱい解放マアト (デスティニーチャイルド)
2026-08-03 00:08:35 - mkk_pika - main.py:35 - INFO - 开始检查(C94) 娼姫物語2是否存在未下载章节
2026-08-03 00:08:35 - mkk_pika - main.py:45 - INFO - 正在下载:[(C94) 娼姫物語2]-[Finecraft69 (6ro-)]-[['短篇']]-[total_pages:49]
2026-08-03 00:08:35 - mkk_pika - main.py:49 - INFO - [{'_id': '5c456eb8be273d04a4cd79d1', 'title': '第1集', 'order': 1, 'updated_at': '2019-01-20T19:20:15.979Z', 'id': '5c456eb8be273d04a4cd79d1'}]
2026-08-03 00:08:35 - mkk_pika - database.py:215 - INFO - 第一次下载该漫画，记录数据库中
2026-08-03 00:08:36 - mkk_pika - main.py:83 - INFO - 找到 49 张图片在:第1集
2026-08-03 00:08:37 - mkk_pika - main.py:112 - INFO - [episode:第1集       ] downloaded:    49, total:  49, progress:100%
2026-08-03 00:08:37 - mkk_pika - database.py:238 - INFO - 数据库更新已下载章节
2026-08-03 00:08:37 - mkk_pika - database.py:244 - INFO - 该漫画已下载章节如下
2026-08-03 00:08:37 - mkk_pika - database.py:245 - INFO - ['第1集']
2026-08-03 00:08:38 - mkk_pika - main.py:348 - INFO - ==================== 漫画信息 ====================
                                   漫画ID：5c456eb8be273d04a4cd79d0
                                   标题：(C94) 娼姫物語2
                                   作者：Finecraft69 (6ro-)
                                   是否完结：是
                                   总页数：49
                                   分类：短篇
                                   章节数：1
                                   最后更新时间：2019-01-21T07:03:20.439Z
                                   =================================================
2026-08-03 00:08:38 - mkk_pika - database.py:101 - INFO - 保存成功：(C94) 娼姫物語2
2026-08-03 00:08:38 - mkk_pika - main.py:35 - INFO - 开始检查(C95) 催眠性指導 倉敷麗華の場合是否存在未下载章节
2026-08-03 00:08:39 - mkk_pika - main.py:45 - INFO - 正在下载:[(C95) 催眠性指導 倉敷麗華の場合]-[50on! (愛上陸)]-[['短篇']]-[total_pages:16]
2026-08-03 00:08:39 - mkk_pika - main.py:49 - INFO - [{'_id': '5c456edb80f86004e4214ac9', 'title': '第1集', 'order': 1, 'updated_at': '2019-01-20T19:27:04.093Z', 'id': '5c456edb80f86004e4214ac9'}]
2026-08-03 00:08:39 - mkk_pika - database.py:215 - INFO - 第一次下载该漫画，记录数据库中
2026-08-03 00:08:39 - mkk_pika - main.py:83 - INFO - 找到 16 张图片在:第1集
2026-08-03 00:08:40 - mkk_pika - main.py:112 - INFO - [episode:第1集       ] downloaded:    16, total:  16, progress:100%
2026-08-03 00:08:40 - mkk_pika - database.py:238 - INFO - 数据库更新已下载章节
2026-08-03 00:08:40 - mkk_pika - database.py:244 - INFO - 该漫画已下载章节如下
2026-08-03 00:08:40 - mkk_pika - database.py:245 - INFO - ['第1集']
2026-08-03 00:08:41 - mkk_pika - main.py:348 - INFO - ==================== 漫画信息 ====================
                                   漫画ID：5c456edb80f86004e4214ac8
                                   标题：(C95) 催眠性指導 倉敷麗華の場合
                                   作者：50on! (愛上陸)
                                   是否完结：是
                                   总页数：16
                                   分类：短篇
                                   章节数：1
                                   最后更新时间：2019-01-21T07:03:55.783Z
                                   =================================================
2026-08-03 00:08:41 - mkk_pika - database.py:101 - INFO - 保存成功：(C95) 催眠性指導 倉敷麗華の場合
2026-08-03 00:08:41 - mkk_pika - main.py:35 - INFO - 开始检查(C93) 放課後のないしょ2是否存在未下载章节
2026-08-03 00:08:41 - mkk_pika - main.py:45 - INFO - 正在下载:[(C93) 放課後のないしょ2]-[milkberry (如月みゆ)]-[['短篇', '全彩']]-[total_pages:23]
2026-08-03 00:08:41 - mkk_pika - main.py:49 - INFO - [{'_id': '5c456ef9bb67890da9f3fa13', 'title': '第1集', 'order': 1, 'updated_at': '2019-01-20T19:34:24.867Z', 'id': '5c456ef9bb67890da9f3fa13'}]
2026-08-03 00:08:41 - mkk_pika - database.py:215 - INFO - 第一次下载该漫画，记录数据库中
2026-08-03 00:08:42 - mkk_pika - main.py:83 - INFO - 找到 23 张图片在:第1集
2026-08-03 00:08:42 - mkk_pika - main.py:112 - INFO - [episode:第1集       ] downloaded:    23, total:  23, progress:100%
2026-08-03 00:08:42 - mkk_pika - database.py:238 - INFO - 数据库更新已下载章节
2026-08-03 00:08:42 - mkk_pika - database.py:244 - INFO - 该漫画已下载章节如下
2026-08-03 00:08:42 - mkk_pika - database.py:245 - INFO - ['第1集']
2026-08-03 00:08:44 - mkk_pika - main.py:348 - INFO - ==================== 漫画信息 ====================
                                   漫画ID：5c456ef9bb67890da9f3fa12
                                   标题：(C93) 放課後のないしょ2
                                   作者：milkberry (如月みゆ)
                                   是否完结：是
                                   总页数：23
                                   分类：短篇,全彩
                                   章节数：1
                                   最后更新时间：2019-01-21T07:04:25.144Z
                                   =================================================
2026-08-03 00:08:44 - mkk_pika - database.py:101 - INFO - 保存成功：(C93) 放課後のないしょ2
2026-08-03 00:08:44 - mkk_pika - main.py:35 - INFO - 开始检查はるまつり 壱 (ストリートファイター)是否存在未下载章节
2026-08-03 00:08:44 - mkk_pika - main.py:45 - INFO - 正在下载:[はるまつり 壱 (ストリートファイター)]-[P-collection (のりはる)]-[['短篇', '同人']]-[total_pages:63]
2026-08-03 00:08:44 - mkk_pika - main.py:49 - INFO - [{'_id': '5c456f2e21e07467faf9e1c8', 'title': '第1集', 'order': 1, 'updated_at': '2019-01-20T19:39:39.033Z', 'id': '5c456f2e21e07467faf9e1c8'}]
2026-08-03 00:08:44 - mkk_pika - database.py:215 - INFO - 第一次下载该漫画，记录数据库中
2026-08-03 00:08:45 - mkk_pika - main.py:83 - INFO - 找到 63 张图片在:第1集
2026-08-03 00:08:46 - mkk_pika - main.py:112 - INFO - [episode:第1集       ] downloaded:    63, total:  63, progress:100%
2026-08-03 00:08:46 - mkk_pika - database.py:238 - INFO - 数据库更新已下载章节
2026-08-03 00:08:46 - mkk_pika - database.py:244 - INFO - 该漫画已下载章节如下
2026-08-03 00:08:46 - mkk_pika - database.py:245 - INFO - ['第1集']
2026-08-03 00:08:47 - mkk_pika - main.py:348 - INFO - ==================== 漫画信息 ====================
                                   漫画ID：5c456f2e21e07467faf9e1c7
                                   标题：はるまつり 壱 (ストリートファイター)
                                   作者：P-collection (のりはる)
                                   是否完结：是
                                   总页数：63
                                   分类：短篇,同人
                                   章节数：1
                                   最后更新时间：2019-01-21T07:05:18.697Z
                                   =================================================
2026-08-03 00:08:47 - mkk_pika - database.py:101 - INFO - 保存成功：はるまつり 壱 (ストリートファイター)
2026-08-03 00:08:47 - mkk_pika - main.py:35 - INFO - 开始检查(C86)  hepatica[同棲編] (ゼノサーガシリーズ) 是否存在未下载章节
2026-08-03 00:08:48 - mkk_pika - main.py:45 - INFO - 正在下载:[(C86)  hepatica[同棲編] (ゼノサーガシリーズ) ]-[Hotel Negresco (Negresco)]-[['短篇', '同人']]-[total_pages:35]
2026-08-03 00:08:48 - mkk_pika - main.py:49 - INFO - [{'_id': '5c456f4c80f86004e4214add', 'title': '第1集', 'order': 1, 'updated_at': '2019-01-20T20:45:25.005Z', 'id': '5c456f4c80f86004e4214add'}]
2026-08-03 00:08:48 - mkk_pika - database.py:215 - INFO - 第一次下载该漫画，记录数据库中
2026-08-03 00:08:49 - mkk_pika - main.py:83 - INFO - 找到 35 张图片在:第1集
2026-08-03 00:08:49 - mkk_pika - main.py:112 - INFO - [episode:第1集       ] downloaded:    35, total:  35, progress:100%
2026-08-03 00:08:49 - mkk_pika - database.py:238 - INFO - 数据库更新已下载章节
2026-08-03 00:08:49 - mkk_pika - database.py:244 - INFO - 该漫画已下载章节如下
2026-08-03 00:08:49 - mkk_pika - database.py:245 - INFO - ['第1集']
2026-08-03 00:08:51 - mkk_pika - main.py:348 - INFO - ==================== 漫画信息 ====================
                                   漫画ID：5c456f4c80f86004e4214adc
                                   标题：(C86)  hepatica[同棲編] (ゼノサーガシリーズ) 
                                   作者：Hotel Negresco (Negresco)
                                   是否完结：是
                                   总页数：35
                                   分类：短篇,同人
                                   章节数：1
                                   最后更新时间：2019-01-21T07:05:48.572Z
                                   =================================================
2026-08-03 00:08:51 - mkk_pika - database.py:101 - INFO - 保存成功：(C86)  hepatica[同棲編] (ゼノサーガシリーズ) 
2026-08-03 00:08:51 - mkk_pika - main.py:35 - INFO - 开始检查フラれた理由是否存在未下载章节
2026-08-03 00:08:51 - mkk_pika - main.py:45 - INFO - 正在下载:[フラれた理由]-[春日野トバリ]-[['短篇']]-[total_pages:21]
2026-08-03 00:08:51 - mkk_pika - main.py:49 - INFO - [{'_id': '5c456fa85375272fdf5c0736', 'title': '第1集', 'order': 1, 'updated_at': '2019-01-20T21:00:43.775Z', 'id': '5c456fa85375272fdf5c0736'}]
2026-08-03 00:08:51 - mkk_pika - database.py:215 - INFO - 第一次下载该漫画，记录数据库中
2026-08-03 00:08:52 - mkk_pika - main.py:83 - INFO - 找到 21 张图片在:第1集
2026-08-03 00:08:52 - mkk_pika - main.py:112 - INFO - [episode:第1集       ] downloaded:    21, total:  21, progress:100%
2026-08-03 00:08:52 - mkk_pika - database.py:238 - INFO - 数据库更新已下载章节
2026-08-03 00:08:52 - mkk_pika - database.py:244 - INFO - 该漫画已下载章节如下
2026-08-03 00:08:52 - mkk_pika - database.py:245 - INFO - ['第1集']
2026-08-03 00:08:53 - mkk_pika - main.py:348 - INFO - ==================== 漫画信息 ====================
                                   漫画ID：5c456fa85375272fdf5c0735
                                   标题：フラれた理由
                                   作者：春日野トバリ
                                   是否完结：是
                                   总页数：21
                                   分类：短篇
                                   章节数：1
                                   最后更新时间：2019-01-21T07:07:20.453Z
                                   =================================================
2026-08-03 00:08:53 - mkk_pika - database.py:101 - INFO - 保存成功：フラれた理由
2026-08-03 00:08:53 - mkk_pika - main.py:35 - INFO - 开始检查(C95) てゐと一晩中 (東方Project)是否存在未下载章节
2026-08-03 00:08:54 - mkk_pika - main.py:45 - INFO - 正在下载:[(C95) てゐと一晩中 (東方Project)]-[Hajin]-[['全彩', '同人', '短篇', '非人類', '東方']]-[total_pages:32]
2026-08-03 00:08:54 - mkk_pika - main.py:49 - INFO - [{'_id': '5c456fde8668500d7142f5a5', 'title': '第1集', 'order': 1, 'updated_at': '2019-01-19T04:12:32.720Z', 'id': '5c456fde8668500d7142f5a5'}]
2026-08-03 00:08:54 - mkk_pika - database.py:215 - INFO - 第一次下载该漫画，记录数据库中
2026-08-03 00:08:54 - mkk_pika - main.py:83 - INFO - 找到 16 张图片在:第1集
2026-08-03 00:08:55 - mkk_pika - main.py:112 - INFO - [episode:第1集       ] downloaded:    16, total:  16, progress:100%
2026-08-03 00:08:55 - mkk_pika - database.py:238 - INFO - 数据库更新已下载章节
2026-08-03 00:08:55 - mkk_pika - database.py:244 - INFO - 该漫画已下载章节如下
2026-08-03 00:08:55 - mkk_pika - database.py:245 - INFO - ['第1集']
2026-08-03 00:08:56 - mkk_pika - main.py:348 - INFO - ==================== 漫画信息 ====================
                                   漫画ID：5c456fde8668500d7142f5a4
                                   标题：(C95) てゐと一晩中 (東方Project)
                                   作者：Hajin
                                   是否完结：否
                                   总页数：32
                                   分类：全彩,同人,短篇,非人類,東方
                                   章节数：1
                                   最后更新时间：2019-01-21T07:08:14.030Z
                                   =================================================
2026-08-03 00:08:56 - mkk_pika - database.py:101 - INFO - 保存成功：(C95) てゐと一晩中 (東方Project)
2026-08-03 00:08:56 - mkk_pika - main.py:35 - INFO - 开始检查Dearest (ご注文はうさぎですか)是否存在未下载章节
2026-08-03 00:08:56 - mkk_pika - main.py:45 - INFO - 正在下载:[Dearest (ご注文はうさぎですか)]-[蜂蜜少女 (蜜桃まむ)]-[['短篇', '同人', '全彩']]-[total_pages:12]
2026-08-03 00:08:56 - mkk_pika - main.py:49 - INFO - [{'_id': '5c457054bb67890da9f3fa34', 'title': '第1集', 'order': 1, 'updated_at': '2019-01-21T04:04:41.067Z', 'id': '5c457054bb67890da9f3fa34'}]
2026-08-03 00:08:56 - mkk_pika - database.py:215 - INFO - 第一次下载该漫画，记录数据库中
2026-08-03 00:08:57 - mkk_pika - main.py:83 - INFO - 找到 12 张图片在:第1集
2026-08-03 00:08:57 - mkk_pika - main.py:112 - INFO - [episode:第1集       ] downloaded:    12, total:  12, progress:100%
2026-08-03 00:08:57 - mkk_pika - database.py:238 - INFO - 数据库更新已下载章节
2026-08-03 00:08:57 - mkk_pika - database.py:244 - INFO - 该漫画已下载章节如下
2026-08-03 00:08:57 - mkk_pika - database.py:245 - INFO - ['第1集']
2026-08-03 00:08:59 - mkk_pika - main.py:348 - INFO - ==================== 漫画信息 ====================
                                   漫画ID：5c457054bb67890da9f3fa33
                                   标题：Dearest (ご注文はうさぎですか)
                                   作者：蜂蜜少女 (蜜桃まむ)
                                   是否完结：是
                                   总页数：12
                                   分类：短篇,同人,全彩
                                   章节数：1
                                   最后更新时间：2019-01-21T07:10:12.603Z
                                   =================================================
2026-08-03 00:08:59 - mkk_pika - database.py:101 - INFO - 保存成功：Dearest (ご注文はうさぎですか)
2026-08-03 00:08:59 - mkk_pika - main.py:35 - INFO - 开始检查(C95)おまけ本 グラブル本『おやすみアンチラ』是否存在未下载章节
2026-08-03 00:08:59 - mkk_pika - main.py:45 - INFO - 正在下载:[(C95)おまけ本 グラブル本『おやすみアンチラ』]-[HBO (変熊)]-[['同人', '短篇', '碧藍幻想']]-[total_pages:9]
2026-08-03 00:08:59 - mkk_pika - main.py:49 - INFO - [{'_id': '5c45707c98b28a0daf10c8d8', 'title': '第1集', 'order': 1, 'updated_at': '2019-01-21T04:09:12.663Z', 'id': '5c45707c98b28a0daf10c8d8'}]
2026-08-03 00:08:59 - mkk_pika - database.py:215 - INFO - 第一次下载该漫画，记录数据库中
2026-08-03 00:09:00 - mkk_pika - main.py:83 - INFO - 找到 9 张图片在:第1集
2026-08-03 00:09:00 - mkk_pika - main.py:112 - INFO - [episode:第1集       ] downloaded:     9, total:   9, progress:100%
2026-08-03 00:09:00 - mkk_pika - database.py:238 - INFO - 数据库更新已下载章节
2026-08-03 00:09:00 - mkk_pika - database.py:244 - INFO - 该漫画已下载章节如下
2026-08-03 00:09:00 - mkk_pika - database.py:245 - INFO - ['第1集']
2026-08-03 00:09:01 - mkk_pika - main.py:348 - INFO - ==================== 漫画信息 ====================
                                   漫画ID：5c45707c98b28a0daf10c8d7
                                   标题：(C95)おまけ本 グラブル本『おやすみアンチラ』
                                   作者：HBO (変熊)
                                   是否完结：是
                                   总页数：9
                                   分类：同人,短篇,碧藍幻想
                                   章节数：1
                                   最后更新时间：2019-01-21T07:10:52.638Z
                                   =================================================
2026-08-03 00:09:01 - mkk_pika - database.py:101 - INFO - 保存成功：(C95)おまけ本 グラブル本『おやすみアンチラ』
2026-08-03 00:09:01 - mkk_pika - main.py:35 - INFO - 开始检查(C95)C95会場限定本 (東方Project)是否存在未下载章节
2026-08-03 00:09:01 - mkk_pika - main.py:45 - INFO - 正在下载:[(C95)C95会場限定本 (東方Project)]-[ドットエイト (さわやか鮫肌)]-[['短篇', '同人', '東方']]-[total_pages:12]
2026-08-03 00:09:01 - mkk_pika - main.py:49 - INFO - [{'_id': '5c4570a1bb67890da9f3fa44', 'title': '第1集', 'order': 1, 'updated_at': '2019-01-21T04:13:20.622Z', 'id': '5c4570a1bb67890da9f3fa44'}]
2026-08-03 00:09:01 - mkk_pika - database.py:215 - INFO - 第一次下载该漫画，记录数据库中
2026-08-03 00:09:02 - mkk_pika - main.py:83 - INFO - 找到 12 张图片在:第1集
2026-08-03 00:09:02 - mkk_pika - main.py:112 - INFO - [episode:第1集       ] downloaded:    12, total:  12, progress:100%
2026-08-03 00:09:02 - mkk_pika - database.py:238 - INFO - 数据库更新已下载章节
2026-08-03 00:09:02 - mkk_pika - database.py:244 - INFO - 该漫画已下载章节如下
2026-08-03 00:09:02 - mkk_pika - database.py:245 - INFO - ['第1集']
2026-08-03 00:09:04 - mkk_pika - main.py:348 - INFO - ==================== 漫画信息 ====================
                                   漫画ID：5c4570a1bb67890da9f3fa43
                                   标题：(C95)C95会場限定本 (東方Project)
                                   作者：ドットエイト (さわやか鮫肌)
                                   是否完结：是
                                   总页数：12
                                   分类：短篇,同人,東方
                                   章节数：1
                                   最后更新时间：2019-01-21T07:11:29.799Z
                                   =================================================
2026-08-03 00:09:04 - mkk_pika - database.py:101 - INFO - 保存成功：(C95)C95会場限定本 (東方Project)
2026-08-03 00:09:04 - mkk_pika - main.py:35 - INFO - 开始检查私の愛すべき暴君是否存在未下载章节
2026-08-03 00:09:04 - mkk_pika - main.py:45 - INFO - 正在下载:[私の愛すべき暴君]-[新羽隆秀]-[['短篇', '純愛']]-[total_pages:21]
2026-08-03 00:09:04 - mkk_pika - main.py:49 - INFO - [{'_id': '5c45734885d5962fb395421c', 'title': '第1集', 'order': 1, 'updated_at': '2019-01-21T07:10:57.535Z', 'id': '5c45734885d5962fb395421c'}]
2026-08-03 00:09:04 - mkk_pika - database.py:215 - INFO - 第一次下载该漫画，记录数据库中
2026-08-03 00:09:05 - mkk_pika - main.py:83 - INFO - 找到 21 张图片在:第1集
2026-08-03 00:09:05 - mkk_pika - main.py:112 - INFO - [episode:第1集       ] downloaded:    21, total:  21, progress:100%
2026-08-03 00:09:05 - mkk_pika - database.py:238 - INFO - 数据库更新已下载章节
2026-08-03 00:09:05 - mkk_pika - database.py:244 - INFO - 该漫画已下载章节如下
2026-08-03 00:09:05 - mkk_pika - database.py:245 - INFO - ['第1集']
2026-08-03 00:09:06 - mkk_pika - main.py:348 - INFO - ==================== 漫画信息 ====================
                                   漫画ID：5c45734885d5962fb395421b
                                   标题：私の愛すべき暴君
                                   作者：新羽隆秀
                                   是否完结：是
                                   总页数：21
                                   分类：短篇,純愛
                                   章节数：1
                                   最后更新时间：2019-01-21T07:22:48.722Z
                                   =================================================
2026-08-03 00:09:06 - mkk_pika - database.py:101 - INFO - 保存成功：私の愛すべき暴君
2026-08-03 00:09:06 - mkk_pika - main.py:35 - INFO - 开始检查ぎゃるしん！-周章狼狽-(コミックゼロス #71)是否存在未下载章节
2026-08-03 00:09:07 - mkk_pika - main.py:45 - INFO - 正在下载:[ぎゃるしん！-周章狼狽-(コミックゼロス #71)]-[池瀧玩具店]-[['短篇', '同人', '後宮閃光']]-[total_pages:23]
2026-08-03 00:09:07 - mkk_pika - main.py:49 - INFO - [{'_id': '5c4577cd0dc95e0d7a67a2a6', 'title': '第1集', 'order': 1, 'updated_at': '2019-01-21T07:22:52.819Z', 'id': '5c4577cd0dc95e0d7a67a2a6'}]
2026-08-03 00:09:07 - mkk_pika - database.py:215 - INFO - 第一次下载该漫画，记录数据库中
2026-08-03 00:09:07 - mkk_pika - main.py:83 - INFO - 找到 23 张图片在:第1集
2026-08-03 00:09:08 - mkk_pika - main.py:112 - INFO - [episode:第1集       ] downloaded:    23, total:  23, progress:100%
2026-08-03 00:09:08 - mkk_pika - database.py:238 - INFO - 数据库更新已下载章节
2026-08-03 00:09:08 - mkk_pika - database.py:244 - INFO - 该漫画已下载章节如下
2026-08-03 00:09:08 - mkk_pika - database.py:245 - INFO - ['第1集']
2026-08-03 00:09:09 - mkk_pika - main.py:348 - INFO - ==================== 漫画信息 ====================
                                   漫画ID：5c4577cd0dc95e0d7a67a2a5
                                   标题：ぎゃるしん！-周章狼狽-(コミックゼロス #71)
                                   作者：池瀧玩具店
                                   是否完结：是
                                   总页数：23
                                   分类：短篇,同人,後宮閃光
                                   章节数：1
                                   最后更新时间：2019-01-21T07:42:05.335Z
                                   =================================================
2026-08-03 00:09:09 - mkk_pika - database.py:101 - INFO - 保存成功：ぎゃるしん！-周章狼狽-(コミックゼロス #71)
2026-08-03 00:09:09 - mkk_pika - main.py:35 - INFO - 开始检查我与我的丝袜奶奶是否存在未下载章节
2026-08-03 00:09:09 - mkk_pika - main.py:45 - INFO - 正在下载:[我与我的丝袜奶奶]-[痕久emm]-[['全彩', '人妻']]-[total_pages:227]
2026-08-03 00:09:09 - mkk_pika - main.py:49 - INFO - [{'_id': '5c45962780f86004e4214ba1', 'title': '第1集', 'order': 1, 'updated_at': '2019-01-21T08:15:30.015Z', 'id': '5c45962780f86004e4214ba1'}, {'_id': '5c45962780f86004e4214ba2', 'title': '第2集', 'order': 2, 'updated_at': '2019-01-21T08:15:51.147Z', 'id': '5c45962780f86004e4214ba2'}, {'_id': '5c45962780f86004e4214ba3', 'title': '外传', 'order': 3, 'updated_at': '2019-01-21T08:15:57.158Z', 'id': '5c45962780f86004e4214ba3'}]
2026-08-03 00:09:09 - mkk_pika - database.py:215 - INFO - 第一次下载该漫画，记录数据库中
2026-08-03 00:09:11 - mkk_pika - main.py:83 - INFO - 找到 164 张图片在:第1集
2026-08-03 00:09:14 - mkk_pika - main.py:112 - INFO - [episode:第1集       ] downloaded:   164, total: 164, progress:100%
2026-08-03 00:09:14 - mkk_pika - database.py:238 - INFO - 数据库更新已下载章节
2026-08-03 00:09:14 - mkk_pika - database.py:244 - INFO - 该漫画已下载章节如下
2026-08-03 00:09:14 - mkk_pika - database.py:245 - INFO - ['第1集']
2026-08-03 00:09:16 - mkk_pika - main.py:83 - INFO - 找到 143 张图片在:第2集
2026-08-03 00:09:19 - mkk_pika - main.py:112 - INFO - [episode:第2集       ] downloaded:   143, total: 143, progress:100%
2026-08-03 00:09:19 - mkk_pika - database.py:238 - INFO - 数据库更新已下载章节
2026-08-03 00:09:19 - mkk_pika - database.py:244 - INFO - 该漫画已下载章节如下
2026-08-03 00:09:19 - mkk_pika - database.py:245 - INFO - ['第1集', '第2集']
2026-08-03 00:09:21 - mkk_pika - main.py:83 - INFO - 找到 51 张图片在:外传
2026-08-03 00:09:21 - mkk_pika - main.py:112 - INFO - [episode:外传        ] downloaded:    51, total:  51, progress:100%
2026-08-03 00:09:21 - mkk_pika - database.py:238 - INFO - 数据库更新已下载章节
2026-08-03 00:09:21 - mkk_pika - database.py:244 - INFO - 该漫画已下载章节如下
2026-08-03 00:09:21 - mkk_pika - database.py:245 - INFO - ['第1集', '第2集', '外传']
2026-08-03 00:09:23 - mkk_pika - main.py:348 - INFO - ==================== 漫画信息 ====================
                                   漫画ID：5c45962780f86004e4214ba0
                                   标题：我与我的丝袜奶奶
                                   作者：痕久emm
                                   是否完结：否
                                   总页数：227
                                   分类：全彩,人妻
                                   章节数：3
                                   最后更新时间：2019-01-21T09:51:35.203Z
                                   =================================================
2026-08-03 00:09:23 - mkk_pika - database.py:101 - INFO - 保存成功：我与我的丝袜奶奶
2026-08-03 00:09:23 - mkk_pika - main.py:35 - INFO - 开始检查チ×ポに勝てない女たち 大肉棒下敗倒的女人們是否存在未下载章节
2026-08-03 00:09:23 - mkk_pika - main.py:45 - INFO - 正在下载:[チ×ポに勝てない女たち 大肉棒下敗倒的女人們]-[大林森]-[['長篇', '純愛', '單行本', 'SM', '人妻', 'NTR', '強暴']]-[total_pages:233]
2026-08-03 00:09:23 - mkk_pika - main.py:49 - INFO - [{'_id': '5c459c098668500d7142fa96', 'title': '社保的單行本', 'order': 1, 'updated_at': '2019-01-18T07:17:11.580Z', 'id': '5c459c098668500d7142fa96'}]
2026-08-03 00:09:23 - mkk_pika - database.py:215 - INFO - 第一次下载该漫画，记录数据库中
2026-08-03 00:09:25 - mkk_pika - main.py:83 - INFO - 找到 233 张图片在:社保的單行本
2026-08-03 00:09:29 - mkk_pika - main.py:112 - INFO - [episode:社保的單行本    ] downloaded:   233, total: 233, progress:100%
2026-08-03 00:09:29 - mkk_pika - database.py:238 - INFO - 数据库更新已下载章节
2026-08-03 00:09:29 - mkk_pika - database.py:244 - INFO - 该漫画已下载章节如下
2026-08-03 00:09:29 - mkk_pika - database.py:245 - INFO - ['社保的單行本']
2026-08-03 00:09:30 - mkk_pika - main.py:348 - INFO - ==================== 漫画信息 ====================
                                   漫画ID：5c459c098668500d7142fa95
                                   标题：チ×ポに勝てない女たち 大肉棒下敗倒的女人們
                                   作者：大林森
                                   是否完结：是
                                   总页数：233
                                   分类：長篇,純愛,單行本,SM,人妻,NTR,強暴
                                   章节数：1
                                   最后更新时间：2019-01-21T10:16:41.950Z
                                   =================================================
2026-08-03 00:09:30 - mkk_pika - database.py:101 - INFO - 保存成功：チ×ポに勝てない女たち 大肉棒下敗倒的女人們
2026-08-03 00:09:30 - mkk_pika - main.py:35 - INFO - 开始检查女神异闻录5 高卷杏是否存在未下载章节
2026-08-03 00:09:31 - mkk_pika - main.py:45 - INFO - 正在下载:[女神异闻录5 高卷杏]-[Kunaboto, Ero Doll]-[['全彩', '同人', '短篇']]-[total_pages:24]
2026-08-03 00:09:31 - mkk_pika - main.py:49 - INFO - [{'_id': '5c45d2635375272fdf5c09d6', 'title': '第1集', 'order': 1, 'updated_at': '2019-01-21T11:21:10.472Z', 'id': '5c45d2635375272fdf5c09d6'}]
2026-08-03 00:09:31 - mkk_pika - database.py:215 - INFO - 第一次下载该漫画，记录数据库中
2026-08-03 00:09:31 - mkk_pika - main.py:83 - INFO - 找到 24 张图片在:第1集
2026-08-03 00:09:32 - mkk_pika - main.py:112 - INFO - [episode:第1集       ] downloaded:    24, total:  24, progress:100%
2026-08-03 00:09:32 - mkk_pika - database.py:238 - INFO - 数据库更新已下载章节
2026-08-03 00:09:32 - mkk_pika - database.py:244 - INFO - 该漫画已下载章节如下
2026-08-03 00:09:32 - mkk_pika - database.py:245 - INFO - ['第1集']
2026-08-03 00:09:33 - mkk_pika - main.py:348 - INFO - ==================== 漫画信息 ====================
                                   漫画ID：5c45d2635375272fdf5c09d5
                                   标题：女神异闻录5 高卷杏
                                   作者：Kunaboto, Ero Doll
                                   是否完结：是
                                   总页数：24
                                   分类：全彩,同人,短篇
                                   章节数：1
                                   最后更新时间：2019-01-21T14:08:35.395Z
                                   =================================================
2026-08-03 00:09:33 - mkk_pika - database.py:101 - INFO - 保存成功：女神异闻录5 高卷杏
2026-08-03 00:09:33 - mkk_pika - main.py:35 - INFO - 开始检查奇诺是否存在未下载章节
2026-08-03 00:09:33 - mkk_pika - main.py:45 - INFO - 正在下载:[奇诺]-[腐蚀]-[['同人', '強暴']]-[total_pages:1]
2026-08-03 00:09:33 - mkk_pika - main.py:49 - INFO - [{'_id': '5c45d27885d5962fb395448a', 'title': '第1集', 'order': 1, 'updated_at': '2019-01-21T11:26:10.048Z', 'id': '5c45d27885d5962fb395448a'}]
2026-08-03 00:09:33 - mkk_pika - database.py:215 - INFO - 第一次下载该漫画，记录数据库中
2026-08-03 00:09:34 - mkk_pika - main.py:83 - INFO - 找到 19 张图片在:第1集
2026-08-03 00:09:34 - mkk_pika - main.py:112 - INFO - [episode:第1集       ] downloaded:    19, total:  19, progress:100%
2026-08-03 00:09:34 - mkk_pika - database.py:238 - INFO - 数据库更新已下载章节
2026-08-03 00:09:34 - mkk_pika - database.py:244 - INFO - 该漫画已下载章节如下
2026-08-03 00:09:34 - mkk_pika - database.py:245 - INFO - ['第1集']
2026-08-03 00:09:36 - mkk_pika - main.py:348 - INFO - ==================== 漫画信息 ====================
                                   漫画ID：5c45d27885d5962fb3954489
                                   标题：奇诺
                                   作者：腐蚀
                                   是否完结：是
                                   总页数：1
                                   分类：同人,強暴
                                   章节数：1
                                   最后更新时间：2019-01-21T14:08:56.385Z
                                   =================================================
2026-08-03 00:09:36 - mkk_pika - database.py:101 - INFO - 保存成功：奇诺
2026-08-03 00:09:36 - mkk_pika - main.py:35 - INFO - 开始检查Vtuberどきどきコラボ案件是否存在未下载章节
2026-08-03 00:09:36 - mkk_pika - main.py:45 - INFO - 正在下载:[Vtuberどきどきコラボ案件]-[おつきみ工房 (秋空もみぢ)]-[['同人', '短篇', '全彩']]-[total_pages:46]
2026-08-03 00:09:36 - mkk_pika - main.py:49 - INFO - [{'_id': '5ba113ff71483a6d4b40767d', 'title': '生肉', 'order': 1, 'updated_at': '2019-01-21T14:10:55.010Z', 'id': '5ba113ff71483a6d4b40767d'}, {'_id': '5c45d2ef21e07467faf9e47d', 'title': '熟肉', 'order': 2, 'updated_at': '2019-01-21T11:47:01.626Z', 'id': '5c45d2ef21e07467faf9e47d'}]
2026-08-03 00:09:36 - mkk_pika - database.py:215 - INFO - 第一次下载该漫画，记录数据库中
2026-08-03 00:09:36 - mkk_pika - main.py:83 - INFO - 找到 22 张图片在:生肉
2026-08-03 00:09:37 - mkk_pika - main.py:112 - INFO - [episode:生肉        ] downloaded:    22, total:  22, progress:100%
2026-08-03 00:09:37 - mkk_pika - database.py:238 - INFO - 数据库更新已下载章节
2026-08-03 00:09:37 - mkk_pika - database.py:244 - INFO - 该漫画已下载章节如下
2026-08-03 00:09:37 - mkk_pika - database.py:245 - INFO - ['生肉']
2026-08-03 00:09:38 - mkk_pika - main.py:83 - INFO - 找到 24 张图片在:熟肉
2026-08-03 00:09:39 - mkk_pika - main.py:112 - INFO - [episode:熟肉        ] downloaded:    24, total:  24, progress:100%
2026-08-03 00:09:39 - mkk_pika - database.py:238 - INFO - 数据库更新已下载章节
2026-08-03 00:09:39 - mkk_pika - database.py:244 - INFO - 该漫画已下载章节如下
2026-08-03 00:09:39 - mkk_pika - database.py:245 - INFO - ['生肉', '熟肉']
2026-08-03 00:09:40 - mkk_pika - main.py:348 - INFO - ==================== 漫画信息 ====================
                                   漫画ID：5ba113ff71483a6d4b40767c
                                   标题：Vtuberどきどきコラボ案件
                                   作者：おつきみ工房 (秋空もみぢ)
                                   是否完结：否
                                   总页数：46
                                   分类：同人,短篇,全彩
                                   章节数：2
                                   最后更新时间：2019-01-21T14:10:54.994Z
                                   =================================================
2026-08-03 00:09:40 - mkk_pika - database.py:101 - INFO - 保存成功：Vtuberどきどきコラボ案件
2026-08-03 00:09:40 - mkk_pika - main.py:35 - INFO - 开始检查かしこいミーシャちゃん是否存在未下载章节
2026-08-03 00:09:41 - mkk_pika - main.py:45 - INFO - 正在下载:[かしこいミーシャちゃん]-[X仮歯 (暗黒えむ将軍)]-[['同人', '短篇']]-[total_pages:19]
2026-08-03 00:09:41 - mkk_pika - main.py:49 - INFO - [{'_id': '5c45d300bb67890da9f3ffb8', 'title': '第1集', 'order': 1, 'updated_at': '2019-01-21T11:54:16.245Z', 'id': '5c45d300bb67890da9f3ffb8'}]
2026-08-03 00:09:41 - mkk_pika - database.py:215 - INFO - 第一次下载该漫画，记录数据库中
2026-08-03 00:09:41 - mkk_pika - main.py:83 - INFO - 找到 19 张图片在:第1集
2026-08-03 00:09:42 - mkk_pika - main.py:112 - INFO - [episode:第1集       ] downloaded:    19, total:  19, progress:100%
2026-08-03 00:09:42 - mkk_pika - database.py:238 - INFO - 数据库更新已下载章节
2026-08-03 00:09:42 - mkk_pika - database.py:244 - INFO - 该漫画已下载章节如下
2026-08-03 00:09:42 - mkk_pika - database.py:245 - INFO - ['第1集']
2026-08-03 00:09:43 - mkk_pika - main.py:348 - INFO - ==================== 漫画信息 ====================
                                   漫画ID：5c45d300bb67890da9f3ffb7
                                   标题：かしこいミーシャちゃん
                                   作者：X仮歯 (暗黒えむ将軍)
                                   是否完结：否
                                   总页数：19
                                   分类：同人,短篇
                                   章节数：1
                                   最后更新时间：2019-01-21T14:11:12.340Z
                                   =================================================
2026-08-03 00:09:43 - mkk_pika - database.py:101 - INFO - 保存成功：かしこいミーシャちゃん
2026-08-03 00:09:43 - mkk_pika - main.py:35 - INFO - 开始检查93は甘え上手_ (ご注文はうさぎですか_)是否存在未下载章节
2026-08-03 00:09:43 - mkk_pika - main.py:45 - INFO - 正在下载:[93は甘え上手_ (ご注文はうさぎですか_)]-[安住一树]-[['百合花園']]-[total_pages:18]
2026-08-03 00:09:43 - mkk_pika - main.py:49 - INFO - [{'_id': '5c45d310bb67890da9f3ffcd', 'title': '第1集', 'order': 1, 'updated_at': '2019-01-21T11:57:23.709Z', 'id': '5c45d310bb67890da9f3ffcd'}]
2026-08-03 00:09:43 - mkk_pika - database.py:215 - INFO - 第一次下载该漫画，记录数据库中
2026-08-03 00:09:44 - mkk_pika - main.py:83 - INFO - 找到 19 张图片在:第1集
2026-08-03 00:09:44 - mkk_pika - main.py:112 - INFO - [episode:第1集       ] downloaded:    19, total:  19, progress:100%
2026-08-03 00:09:44 - mkk_pika - database.py:238 - INFO - 数据库更新已下载章节
2026-08-03 00:09:44 - mkk_pika - database.py:244 - INFO - 该漫画已下载章节如下
2026-08-03 00:09:44 - mkk_pika - database.py:245 - INFO - ['第1集']
2026-08-03 00:09:45 - mkk_pika - main.py:348 - INFO - ==================== 漫画信息 ====================
                                   漫画ID：5c45d310bb67890da9f3ffcc
                                   标题：93は甘え上手_ (ご注文はうさぎですか_)
                                   作者：安住一树
                                   是否完结：否
                                   总页数：18
                                   分类：百合花園
                                   章节数：1
                                   最后更新时间：2019-01-21T14:11:28.682Z
                                   =================================================
2026-08-03 00:09:45 - mkk_pika - database.py:101 - INFO - 保存成功：93は甘え上手_ (ご注文はうさぎですか_)
2026-08-03 00:09:45 - mkk_pika - main.py:35 - INFO - 开始检查DRAGON & ROSE（TIGER & BUNNY）是否存在未下载章节
2026-08-03 00:09:46 - mkk_pika - main.py:45 - INFO - 正在下载:[DRAGON & ROSE（TIGER & BUNNY）]-[鴨ローサーズ]-[['同人', '短篇', '妹妹系', '強暴']]-[total_pages:29]
2026-08-03 00:09:46 - mkk_pika - main.py:49 - INFO - [{'_id': '5c45d3a2bb67890da9f4002d', 'title': '第1集', 'order': 1, 'updated_at': '2019-01-20T16:24:24.074Z', 'id': '5c45d3a2bb67890da9f4002d'}]
2026-08-03 00:09:46 - mkk_pika - database.py:215 - INFO - 第一次下载该漫画，记录数据库中
2026-08-03 00:09:46 - mkk_pika - main.py:83 - INFO - 找到 29 张图片在:第1集
2026-08-03 00:09:47 - mkk_pika - main.py:112 - INFO - [episode:第1集       ] downloaded:    29, total:  29, progress:100%
2026-08-03 00:09:47 - mkk_pika - database.py:238 - INFO - 数据库更新已下载章节
2026-08-03 00:09:47 - mkk_pika - database.py:244 - INFO - 该漫画已下载章节如下
2026-08-03 00:09:47 - mkk_pika - database.py:245 - INFO - ['第1集']
2026-08-03 00:09:48 - mkk_pika - main.py:348 - INFO - ==================== 漫画信息 ====================
                                   漫画ID：5c45d3a2bb67890da9f4002c
                                   标题：DRAGON & ROSE（TIGER & BUNNY）
                                   作者：鴨ローサーズ
                                   是否完结：是
                                   总页数：29
                                   分类：同人,短篇,妹妹系,強暴
                                   章节数：1
                                   最后更新时间：2019-01-21T14:13:54.036Z
                                   =================================================
2026-08-03 00:09:48 - mkk_pika - database.py:101 - INFO - 保存成功：DRAGON & ROSE（TIGER & BUNNY）
2026-08-03 00:09:48 - mkk_pika - main.py:35 - INFO - 开始检查はだかんぼ教育 JKもおっぱい丸出し!? すこやか全裸授業1 | 少男少女全裸教育：女高中生ㄋㄟㄋㄟ全都露!? 健康教育全裸開課是否存在未下载章节
2026-08-03 00:09:48 - mkk_pika - main.py:45 - INFO - 正在下载:[はだかんぼ教育 JKもおっぱい丸出し!? すこやか全裸授業1 | 少男少女全裸教育：女高中生ㄋㄟㄋㄟ全都露!? 健康教育全裸開課]-[カスガ]-[['全彩', '短篇']]-[total_pages:19]
2026-08-03 00:09:48 - mkk_pika - main.py:49 - INFO - [{'_id': '5c45d43ce0c4ba04d4374dfe', 'title': '第1集', 'order': 1, 'updated_at': '2019-01-21T12:13:34.362Z', 'id': '5c45d43ce0c4ba04d4374dfe'}]
2026-08-03 00:09:48 - mkk_pika - database.py:215 - INFO - 第一次下载该漫画，记录数据库中
2026-08-03 00:09:49 - mkk_pika - main.py:83 - INFO - 找到 19 张图片在:第1集
2026-08-03 00:09:49 - mkk_pika - main.py:112 - INFO - [episode:第1集       ] downloaded:    19, total:  19, progress:100%
2026-08-03 00:09:49 - mkk_pika - database.py:238 - INFO - 数据库更新已下载章节
2026-08-03 00:09:49 - mkk_pika - database.py:244 - INFO - 该漫画已下载章节如下
2026-08-03 00:09:49 - mkk_pika - database.py:245 - INFO - ['第1集']
2026-08-03 00:09:51 - mkk_pika - main.py:348 - INFO - ==================== 漫画信息 ====================
                                   漫画ID：5c45d43ce0c4ba04d4374dfd
                                   标题：はだかんぼ教育 JKもおっぱい丸出し!? すこやか全裸授業1 | 少男少女全裸教育：女高中生ㄋㄟㄋㄟ全都露!? 健康教育全裸開課
                                   作者：カスガ
                                   是否完结：否
                                   总页数：19
                                   分类：全彩,短篇
                                   章节数：1
                                   最后更新时间：2019-01-21T14:16:28.796Z
                                   =================================================
2026-08-03 00:09:51 - mkk_pika - database.py:101 - INFO - 保存成功：はだかんぼ教育 JKもおっぱい丸出し!? すこやか全裸授業1 | 少男少女全裸教育：女高中生ㄋㄟㄋㄟ全都露!? 健康教育全裸開課
2026-08-03 00:09:51 - mkk_pika - main.py:35 - INFO - 开始检查K.C.K.W.G.S 06是否存在未下载章节
2026-08-03 00:09:51 - mkk_pika - main.py:45 - INFO - 正在下载:[K.C.K.W.G.S 06]-[0000 (九郎、あきと)]-[['全彩', '同人', '短篇']]-[total_pages:20]
2026-08-03 00:09:51 - mkk_pika - main.py:49 - INFO - [{'_id': '5c45d48e8668500d7143005b', 'title': '第1集', 'order': 1, 'updated_at': '2019-01-21T12:27:44.382Z', 'id': '5c45d48e8668500d7143005b'}]
2026-08-03 00:09:51 - mkk_pika - database.py:215 - INFO - 第一次下载该漫画，记录数据库中
2026-08-03 00:09:52 - mkk_pika - main.py:83 - INFO - 找到 20 张图片在:第1集
2026-08-03 00:09:52 - mkk_pika - main.py:112 - INFO - [episode:第1集       ] downloaded:    20, total:  20, progress:100%
2026-08-03 00:09:52 - mkk_pika - database.py:238 - INFO - 数据库更新已下载章节
2026-08-03 00:09:52 - mkk_pika - database.py:244 - INFO - 该漫画已下载章节如下
2026-08-03 00:09:52 - mkk_pika - database.py:245 - INFO - ['第1集']
2026-08-03 00:09:53 - mkk_pika - main.py:348 - INFO - ==================== 漫画信息 ====================
                                   漫画ID：5c45d48e8668500d7143005a
                                   标题：K.C.K.W.G.S 06
                                   作者：0000 (九郎、あきと)
                                   是否完结：否
                                   总页数：20
                                   分类：全彩,同人,短篇
                                   章节数：1
                                   最后更新时间：2019-01-21T14:17:50.704Z
                                   =================================================
2026-08-03 00:09:53 - mkk_pika - database.py:101 - INFO - 保存成功：K.C.K.W.G.S 06
2026-08-03 00:09:53 - mkk_pika - main.py:35 - INFO - 开始检查総集編 - あの素晴らしいルミナスをもう一度。是否存在未下载章节
2026-08-03 00:09:54 - mkk_pika - main.py:45 - INFO - 正在下载:[総集編 - あの素晴らしいルミナスをもう一度。]-[ Forest Village (あゆっこ)]-[['同人', '短篇', '百合花園', '純愛', '圓神領域']]-[total_pages:16]
2026-08-03 00:09:54 - mkk_pika - main.py:49 - INFO - [{'_id': '5c45d4b385d5962fb39544c7', 'title': '第1集', 'order': 1, 'updated_at': '2019-01-21T12:28:16.237Z', 'id': '5c45d4b385d5962fb39544c7'}]
2026-08-03 00:09:54 - mkk_pika - database.py:215 - INFO - 第一次下载该漫画，记录数据库中
2026-08-03 00:09:54 - mkk_pika - main.py:83 - INFO - 找到 16 张图片在:第1集
2026-08-03 00:09:55 - mkk_pika - main.py:112 - INFO - [episode:第1集       ] downloaded:    16, total:  16, progress:100%
2026-08-03 00:09:55 - mkk_pika - database.py:238 - INFO - 数据库更新已下载章节
2026-08-03 00:09:55 - mkk_pika - database.py:244 - INFO - 该漫画已下载章节如下
2026-08-03 00:09:55 - mkk_pika - database.py:245 - INFO - ['第1集']
2026-08-03 00:09:56 - mkk_pika - main.py:348 - INFO - ==================== 漫画信息 ====================
                                   漫画ID：5c45d4b385d5962fb39544c6
                                   标题：総集編 - あの素晴らしいルミナスをもう一度。
                                   作者： Forest Village (あゆっこ)
                                   是否完结：是
                                   总页数：16
                                   分类：同人,短篇,百合花園,純愛,圓神領域
                                   章节数：1
                                   最后更新时间：2019-01-21T14:18:27.112Z
                                   =================================================
2026-08-03 00:09:56 - mkk_pika - database.py:101 - INFO - 保存成功：総集編 - あの素晴らしいルミナスをもう一度。
2026-08-03 00:09:56 - mkk_pika - main.py:35 - INFO - 开始检查Princess's Witch是否存在未下载章节
2026-08-03 00:09:56 - mkk_pika - main.py:45 - INFO - 正在下载:[Princess's Witch]-[ギフト缶]-[['同人', '短篇', '百合花園', '純愛']]-[total_pages:17]
2026-08-03 00:09:56 - mkk_pika - main.py:49 - INFO - [{'_id': '5c45d538a1fddb67bb35a0e6', 'title': '第1集', 'order': 1, 'updated_at': '2019-01-21T12:35:46.239Z', 'id': '5c45d538a1fddb67bb35a0e6'}]
2026-08-03 00:09:56 - mkk_pika - database.py:215 - INFO - 第一次下载该漫画，记录数据库中
2026-08-03 00:09:57 - mkk_pika - main.py:83 - INFO - 找到 17 张图片在:第1集
2026-08-03 00:09:57 - mkk_pika - main.py:112 - INFO - [episode:第1集       ] downloaded:    17, total:  17, progress:100%
2026-08-03 00:09:57 - mkk_pika - database.py:238 - INFO - 数据库更新已下载章节
2026-08-03 00:09:57 - mkk_pika - database.py:244 - INFO - 该漫画已下载章节如下
2026-08-03 00:09:57 - mkk_pika - database.py:245 - INFO - ['第1集']
2026-08-03 00:09:58 - mkk_pika - main.py:348 - INFO - ==================== 漫画信息 ====================
                                   漫画ID：5c45d538a1fddb67bb35a0e5
                                   标题：Princess's Witch
                                   作者：ギフト缶
                                   是否完结：是
                                   总页数：17
                                   分类：同人,短篇,百合花園,純愛
                                   章节数：1
                                   最后更新时间：2019-01-21T14:20:40.875Z
                                   =================================================
2026-08-03 00:09:58 - mkk_pika - database.py:101 - INFO - 保存成功：Princess's Witch
2026-08-03 00:09:58 - mkk_pika - main.py:35 - INFO - 开始检查(C95)TMP&PKP(少女前線)是否存在未下载章节
2026-08-03 00:09:59 - mkk_pika - main.py:45 - INFO - 正在下载:[(C95)TMP&PKP(少女前線)]-[SHIOHAMA (kylin)]-[['短篇', '同人', '後宮閃光']]-[total_pages:38]
2026-08-03 00:09:59 - mkk_pika - main.py:49 - INFO - [{'_id': '5c45d5cdac956d67eac19de2', 'title': '第1集', 'order': 1, 'updated_at': '2019-01-21T12:39:08.363Z', 'id': '5c45d5cdac956d67eac19de2'}]
2026-08-03 00:09:59 - mkk_pika - database.py:215 - INFO - 第一次下载该漫画，记录数据库中
2026-08-03 00:09:59 - mkk_pika - main.py:83 - INFO - 找到 38 张图片在:第1集
2026-08-03 00:10:00 - mkk_pika - main.py:112 - INFO - [episode:第1集       ] downloaded:    38, total:  38, progress:100%
2026-08-03 00:10:00 - mkk_pika - database.py:238 - INFO - 数据库更新已下载章节
2026-08-03 00:10:00 - mkk_pika - database.py:244 - INFO - 该漫画已下载章节如下
2026-08-03 00:10:00 - mkk_pika - database.py:245 - INFO - ['第1集']
2026-08-03 00:10:01 - mkk_pika - main.py:348 - INFO - ==================== 漫画信息 ====================
                                   漫画ID：5c45d5cdac956d67eac19de1
                                   标题：(C95)TMP&PKP(少女前線)
                                   作者：SHIOHAMA (kylin)
                                   是否完结：是
                                   总页数：38
                                   分类：短篇,同人,後宮閃光
                                   章节数：1
                                   最后更新时间：2019-01-21T14:23:09.657Z
                                   =================================================
2026-08-03 00:10:01 - mkk_pika - database.py:101 - INFO - 保存成功：(C95)TMP&PKP(少女前線)
2026-08-03 00:10:01 - mkk_pika - main.py:35 - INFO - 开始检查让我欲火缠身的妈妈是否存在未下载章节
2026-08-03 00:10:02 - mkk_pika - main.py:45 - INFO - 正在下载:[让我欲火缠身的妈妈]-[CRAZYDAD]-[['全彩', '人妻']]-[total_pages:182]
2026-08-03 00:10:02 - mkk_pika - main.py:49 - INFO - [{'_id': '5c45d665e0c4ba04d4374e62', 'title': '第1集', 'order': 1, 'updated_at': '2019-01-21T12:38:24.132Z', 'id': '5c45d665e0c4ba04d4374e62'}, {'_id': '5c45d665e0c4ba04d4374e63', 'title': '第2集', 'order': 2, 'updated_at': '2019-01-21T12:39:40.712Z', 'id': '5c45d665e0c4ba04d4374e63'}]
2026-08-03 00:10:02 - mkk_pika - database.py:215 - INFO - 第一次下载该漫画，记录数据库中
2026-08-03 00:10:03 - mkk_pika - main.py:83 - INFO - 找到 81 张图片在:第1集
2026-08-03 00:10:04 - mkk_pika - main.py:112 - INFO - [episode:第1集       ] downloaded:    81, total:  81, progress:100%
2026-08-03 00:10:04 - mkk_pika - database.py:238 - INFO - 数据库更新已下载章节
2026-08-03 00:10:04 - mkk_pika - database.py:244 - INFO - 该漫画已下载章节如下
2026-08-03 00:10:04 - mkk_pika - database.py:245 - INFO - ['第1集']
2026-08-03 00:10:07 - mkk_pika - main.py:83 - INFO - 找到 101 张图片在:第2集
2026-08-03 00:10:08 - mkk_pika - main.py:112 - INFO - [episode:第2集       ] downloaded:   101, total: 101, progress:100%
2026-08-03 00:10:08 - mkk_pika - database.py:238 - INFO - 数据库更新已下载章节
2026-08-03 00:10:08 - mkk_pika - database.py:244 - INFO - 该漫画已下载章节如下
2026-08-03 00:10:08 - mkk_pika - database.py:245 - INFO - ['第1集', '第2集']
2026-08-03 00:10:10 - mkk_pika - main.py:348 - INFO - ==================== 漫画信息 ====================
                                   漫画ID：5c45d665e0c4ba04d4374e61
                                   标题：让我欲火缠身的妈妈
                                   作者：CRAZYDAD
                                   是否完结：否
                                   总页数：182
                                   分类：全彩,人妻
                                   章节数：2
                                   最后更新时间：2019-01-21T14:25:41.351Z
                                   =================================================
2026-08-03 00:10:10 - mkk_pika - database.py:101 - INFO - 保存成功：让我欲火缠身的妈妈
2026-08-03 00:10:10 - mkk_pika - main.py:35 - INFO - 开始检查 (C86)  高雄型おしり本 (艦隊これくしょん -艦これ-)是否存在未下载章节
2026-08-03 00:10:10 - mkk_pika - main.py:45 - INFO - 正在下载:[ (C86)  高雄型おしり本 (艦隊これくしょん -艦これ-)]-[嘘つき屋 (大嘘)]-[['短篇', '同人']]-[total_pages:23]
2026-08-03 00:10:10 - mkk_pika - main.py:49 - INFO - [{'_id': '5c45d67721e07467faf9e4e7', 'title': '第1集', 'order': 1, 'updated_at': '2019-01-21T12:39:35.234Z', 'id': '5c45d67721e07467faf9e4e7'}]
2026-08-03 00:10:10 - mkk_pika - database.py:215 - INFO - 第一次下载该漫画，记录数据库中
2026-08-03 00:10:11 - mkk_pika - main.py:83 - INFO - 找到 23 张图片在:第1集
2026-08-03 00:10:11 - mkk_pika - main.py:112 - INFO - [episode:第1集       ] downloaded:    23, total:  23, progress:100%
2026-08-03 00:10:11 - mkk_pika - database.py:238 - INFO - 数据库更新已下载章节
2026-08-03 00:10:11 - mkk_pika - database.py:244 - INFO - 该漫画已下载章节如下
2026-08-03 00:10:11 - mkk_pika - database.py:245 - INFO - ['第1集']
2026-08-03 00:10:12 - mkk_pika - main.py:348 - INFO - ==================== 漫画信息 ====================
                                   漫画ID：5c45d67721e07467faf9e4e6
                                   标题： (C86)  高雄型おしり本 (艦隊これくしょん -艦これ-)
                                   作者：嘘つき屋 (大嘘)
                                   是否完结：否
                                   总页数：23
                                   分类：短篇,同人
                                   章节数：1
                                   最后更新时间：2019-01-21T14:25:59.207Z
                                   =================================================
2026-08-03 00:10:12 - mkk_pika - database.py:101 - INFO - 保存成功： (C86)  高雄型おしり本 (艦隊これくしょん -艦これ-)
2026-08-03 00:10:12 - mkk_pika - main.py:35 - INFO - 开始检查the  holiday's 是否存在未下载章节
2026-08-03 00:10:13 - mkk_pika - main.py:45 - INFO - 正在下载:[the  holiday's ]-[Y30F]-[['全彩', '人妻']]-[total_pages:388]
2026-08-03 00:10:13 - mkk_pika - main.py:49 - INFO - [{'_id': '5c45d687be273d04a4cd806a', 'title': '第1集', 'order': 1, 'updated_at': '2019-01-21T12:54:28.501Z', 'id': '5c45d687be273d04a4cd806a'}, {'_id': '5c45d687be273d04a4cd806b', 'title': '第2集', 'order': 2, 'updated_at': '2019-01-21T12:54:55.624Z', 'id': '5c45d687be273d04a4cd806b'}, {'_id': '5c45d687be273d04a4cd806c', 'title': '第3集', 'order': 3, 'updated_at': '2019-01-21T12:55:08.839Z', 'id': '5c45d687be273d04a4cd806c'}, {'_id': '5c45d687be273d04a4cd806d', 'title': '第4集', 'order': 4, 'updated_at': '2019-01-21T12:55:10.935Z', 'id': '5c45d687be273d04a4cd806d'}, {'_id': '5c45d687be273d04a4cd806e', 'title': '第5集', 'order': 5, 'updated_at': '2019-01-21T12:55:29.363Z', 'id': '5c45d687be273d04a4cd806e'}, {'_id': '5c45d687be273d04a4cd806f', 'title': '第6集', 'order': 6, 'updated_at': '2019-01-21T12:55:46.452Z', 'id': '5c45d687be273d04a4cd806f'}, {'_id': '5c45d687be273d04a4cd8070', 'title': '第7集', 'order': 7, 'updated_at': '2019-01-21T12:55:57.600Z', 'id': '5c45d687be273d04a4cd8070'}]
2026-08-03 00:10:13 - mkk_pika - database.py:215 - INFO - 第一次下载该漫画，记录数据库中
2026-08-03 00:10:14 - mkk_pika - main.py:83 - INFO - 找到 76 张图片在:第1集
2026-08-03 00:10:15 - mkk_pika - main.py:112 - INFO - [episode:第1集       ] downloaded:    76, total:  76, progress:100%
2026-08-03 00:10:15 - mkk_pika - database.py:238 - INFO - 数据库更新已下载章节
2026-08-03 00:10:15 - mkk_pika - database.py:244 - INFO - 该漫画已下载章节如下
2026-08-03 00:10:15 - mkk_pika - database.py:245 - INFO - ['第1集']
2026-08-03 00:10:18 - mkk_pika - main.py:83 - INFO - 找到 165 张图片在:第2集
2026-08-03 00:10:20 - mkk_pika - main.py:112 - INFO - [episode:第2集       ] downloaded:   165, total: 165, progress:100%
2026-08-03 00:10:20 - mkk_pika - database.py:238 - INFO - 数据库更新已下载章节
2026-08-03 00:10:20 - mkk_pika - database.py:244 - INFO - 该漫画已下载章节如下
2026-08-03 00:10:20 - mkk_pika - database.py:245 - INFO - ['第1集', '第2集']
2026-08-03 00:10:22 - mkk_pika - main.py:83 - INFO - 找到 77 张图片在:第3集
2026-08-03 00:10:24 - mkk_pika - main.py:112 - INFO - [episode:第3集       ] downloaded:    77, total:  77, progress:100%
2026-08-03 00:10:24 - mkk_pika - database.py:238 - INFO - 数据库更新已下载章节
2026-08-03 00:10:24 - mkk_pika - database.py:244 - INFO - 该漫画已下载章节如下
2026-08-03 00:10:24 - mkk_pika - database.py:245 - INFO - ['第1集', '第2集', '第3集']
2026-08-03 00:10:26 - mkk_pika - main.py:83 - INFO - 找到 47 张图片在:第4集
2026-08-03 00:10:26 - mkk_pika - main.py:112 - INFO - [episode:第4集       ] downloaded:    47, total:  47, progress:100%
2026-08-03 00:10:26 - mkk_pika - database.py:238 - INFO - 数据库更新已下载章节
2026-08-03 00:10:26 - mkk_pika - database.py:244 - INFO - 该漫画已下载章节如下
2026-08-03 00:10:26 - mkk_pika - database.py:245 - INFO - ['第1集', '第2集', '第3集', '第4集']
2026-08-03 00:10:29 - mkk_pika - main.py:83 - INFO - 找到 82 张图片在:第5集
2026-08-03 00:10:30 - mkk_pika - main.py:112 - INFO - [episode:第5集       ] downloaded:    82, total:  82, progress:100%
2026-08-03 00:10:30 - mkk_pika - database.py:238 - INFO - 数据库更新已下载章节
2026-08-03 00:10:30 - mkk_pika - database.py:244 - INFO - 该漫画已下载章节如下
2026-08-03 00:10:30 - mkk_pika - database.py:245 - INFO - ['第1集', '第2集', '第3集', '第4集', '第5集']
2026-08-03 00:10:32 - mkk_pika - main.py:83 - INFO - 找到 117 张图片在:第6集
2026-08-03 00:10:34 - mkk_pika - main.py:112 - INFO - [episode:第6集       ] downloaded:   117, total: 117, progress:100%
2026-08-03 00:10:34 - mkk_pika - database.py:238 - INFO - 数据库更新已下载章节
2026-08-03 00:10:34 - mkk_pika - database.py:244 - INFO - 该漫画已下载章节如下
2026-08-03 00:10:34 - mkk_pika - database.py:245 - INFO - ['第1集', '第2集', '第3集', '第4集', '第5集', '第6集']
2026-08-03 00:10:36 - mkk_pika - main.py:83 - INFO - 找到 107 张图片在:第7集
2026-08-03 00:10:38 - mkk_pika - main.py:112 - INFO - [episode:第7集       ] downloaded:   107, total: 107, progress:100%
2026-08-03 00:10:38 - mkk_pika - database.py:238 - INFO - 数据库更新已下载章节
2026-08-03 00:10:38 - mkk_pika - database.py:244 - INFO - 该漫画已下载章节如下
2026-08-03 00:10:38 - mkk_pika - database.py:245 - INFO - ['第1集', '第2集', '第3集', '第4集', '第5集', '第6集', '第7集']
2026-08-03 00:10:40 - mkk_pika - main.py:348 - INFO - ==================== 漫画信息 ====================
                                   漫画ID：5c45d687be273d04a4cd8069
                                   标题：the  holiday's 
                                   作者：Y30F
                                   是否完结：否
                                   总页数：388
                                   分类：全彩,人妻
                                   章节数：7
                                   最后更新时间：2019-01-21T14:26:15.688Z
                                   =================================================
2026-08-03 00:10:40 - mkk_pika - database.py:101 - INFO - 保存成功：the  holiday's 
2026-08-03 00:10:40 - mkk_pika - main.py:35 - INFO - 开始检查春梦是否存在未下载章节
2026-08-03 00:10:40 - mkk_pika - main.py:45 - INFO - 正在下载:[春梦]-[不详]-[['全彩', '人妻']]-[total_pages:93]
2026-08-03 00:10:40 - mkk_pika - main.py:49 - INFO - [{'_id': '5c45d6ab5375272fdf5c0a06', 'title': '第1集', 'order': 1, 'updated_at': '2019-01-21T12:43:17.486Z', 'id': '5c45d6ab5375272fdf5c0a06'}, {'_id': '5c45d6ab5375272fdf5c0a07', 'title': '第2集', 'order': 2, 'updated_at': '2019-01-21T12:43:23.508Z', 'id': '5c45d6ab5375272fdf5c0a07'}]
2026-08-03 00:10:40 - mkk_pika - database.py:215 - INFO - 第一次下载该漫画，记录数据库中
2026-08-03 00:10:41 - mkk_pika - main.py:83 - INFO - 找到 113 张图片在:第1集
2026-08-03 00:10:43 - mkk_pika - main.py:112 - INFO - [episode:第1集       ] downloaded:   113, total: 113, progress:100%
2026-08-03 00:10:43 - mkk_pika - database.py:238 - INFO - 数据库更新已下载章节
2026-08-03 00:10:43 - mkk_pika - database.py:244 - INFO - 该漫画已下载章节如下
2026-08-03 00:10:43 - mkk_pika - database.py:245 - INFO - ['第1集']
2026-08-03 00:10:45 - mkk_pika - main.py:83 - INFO - 找到 33 张图片在:第2集
2026-08-03 00:10:45 - mkk_pika - main.py:112 - INFO - [episode:第2集       ] downloaded:    33, total:  33, progress:100%
2026-08-03 00:10:45 - mkk_pika - database.py:238 - INFO - 数据库更新已下载章节
2026-08-03 00:10:45 - mkk_pika - database.py:244 - INFO - 该漫画已下载章节如下
2026-08-03 00:10:45 - mkk_pika - database.py:245 - INFO - ['第1集', '第2集']
2026-08-03 00:10:47 - mkk_pika - main.py:348 - INFO - ==================== 漫画信息 ====================
                                   漫画ID：5c45d6ab5375272fdf5c0a05
                                   标题：春梦
                                   作者：不详
                                   是否完结：否
                                   总页数：93
                                   分类：全彩,人妻
                                   章节数：2
                                   最后更新时间：2019-01-21T14:26:51.617Z
                                   =================================================
2026-08-03 00:10:47 - mkk_pika - database.py:101 - INFO - 保存成功：春梦
2026-08-03 00:10:47 - mkk_pika - main.py:35 - INFO - 开始检查ビッチな天狗のお姉ちゃんとイケナイ夏休み (東方Project)是否存在未下载章节
2026-08-03 00:10:47 - mkk_pika - main.py:45 - INFO - 正在下载:[ビッチな天狗のお姉ちゃんとイケナイ夏休み (東方Project)]-[にゃんころもちもち (コトバアイ)]-[['短篇', '同人', '東方']]-[total_pages:24]
2026-08-03 00:10:47 - mkk_pika - main.py:49 - INFO - [{'_id': '5c45d6bba1fddb67bb35a101', 'title': '第1集', 'order': 1, 'updated_at': '2019-01-21T12:56:42.425Z', 'id': '5c45d6bba1fddb67bb35a101'}]
2026-08-03 00:10:47 - mkk_pika - database.py:215 - INFO - 第一次下载该漫画，记录数据库中
2026-08-03 00:10:48 - mkk_pika - main.py:83 - INFO - 找到 24 张图片在:第1集
2026-08-03 00:10:48 - mkk_pika - main.py:112 - INFO - [episode:第1集       ] downloaded:    24, total:  24, progress:100%
2026-08-03 00:10:48 - mkk_pika - database.py:238 - INFO - 数据库更新已下载章节
2026-08-03 00:10:48 - mkk_pika - database.py:244 - INFO - 该漫画已下载章节如下
2026-08-03 00:10:48 - mkk_pika - database.py:245 - INFO - ['第1集']
2026-08-03 00:10:49 - mkk_pika - main.py:348 - INFO - ==================== 漫画信息 ====================
                                   漫画ID：5c45d6bba1fddb67bb35a100
                                   标题：ビッチな天狗のお姉ちゃんとイケナイ夏休み (東方Project)
                                   作者：にゃんころもちもち (コトバアイ)
                                   是否完结：是
                                   总页数：24
                                   分类：短篇,同人,東方
                                   章节数：1
                                   最后更新时间：2019-01-21T14:27:07.104Z
                                   =================================================
2026-08-03 00:10:49 - mkk_pika - database.py:101 - INFO - 保存成功：ビッチな天狗のお姉ちゃんとイケナイ夏休み (東方Project)
2026-08-03 00:10:49 - mkk_pika - main.py:35 - INFO - 开始检查  (C95)聞いてないよ!ニーミちゃん改是否存在未下载章节
2026-08-03 00:10:50 - mkk_pika - main.py:45 - INFO - 正在下载:[  (C95)聞いてないよ!ニーミちゃん改]-[ナンタラカンタラ (春菊天うどん)]-[['短篇', '同人']]-[total_pages:23]
2026-08-03 00:10:50 - mkk_pika - main.py:49 - INFO - [{'_id': '5c45d6c8bb6e3767c3669de9', 'title': '第1集', 'order': 1, 'updated_at': '2019-01-21T13:01:03.572Z', 'id': '5c45d6c8bb6e3767c3669de9'}]
2026-08-03 00:10:50 - mkk_pika - database.py:215 - INFO - 第一次下载该漫画，记录数据库中
2026-08-03 00:10:50 - mkk_pika - main.py:83 - INFO - 找到 23 张图片在:第1集
2026-08-03 00:10:51 - mkk_pika - main.py:112 - INFO - [episode:第1集       ] downloaded:    23, total:  23, progress:100%
2026-08-03 00:10:51 - mkk_pika - database.py:238 - INFO - 数据库更新已下载章节
2026-08-03 00:10:51 - mkk_pika - database.py:244 - INFO - 该漫画已下载章节如下
2026-08-03 00:10:51 - mkk_pika - database.py:245 - INFO - ['第1集']
2026-08-03 00:10:52 - mkk_pika - main.py:348 - INFO - ==================== 漫画信息 ====================
                                   漫画ID：5c45d6c8bb6e3767c3669de8
                                   标题：  (C95)聞いてないよ!ニーミちゃん改
                                   作者：ナンタラカンタラ (春菊天うどん)
                                   是否完结：是
                                   总页数：23
                                   分类：短篇,同人
                                   章节数：1
                                   最后更新时间：2019-01-21T14:27:20.928Z
                                   =================================================
2026-08-03 00:10:52 - mkk_pika - database.py:101 - INFO - 保存成功：  (C95)聞いてないよ!ニーミちゃん改
2026-08-03 00:10:52 - mkk_pika - main.py:35 - INFO - 开始检查突然泊まりにきた従姉（人妻）を堕とす話 是否存在未下载章节
2026-08-03 00:10:52 - mkk_pika - main.py:45 - INFO - 正在下载:[突然泊まりにきた従姉（人妻）を堕とす話 ]-[妄想]-[['全彩', '人妻']]-[total_pages:49]
2026-08-03 00:10:52 - mkk_pika - main.py:49 - INFO - [{'_id': '5c45d6da8b282d2fe8ed1e81', 'title': '第1集', 'order': 1, 'updated_at': '2019-01-21T13:03:48.252Z', 'id': '5c45d6da8b282d2fe8ed1e81'}]
2026-08-03 00:10:52 - mkk_pika - database.py:215 - INFO - 第一次下载该漫画，记录数据库中
2026-08-03 00:10:53 - mkk_pika - main.py:83 - INFO - 找到 49 张图片在:第1集
2026-08-03 00:10:54 - mkk_pika - main.py:112 - INFO - [episode:第1集       ] downloaded:    49, total:  49, progress:100%
2026-08-03 00:10:54 - mkk_pika - database.py:238 - INFO - 数据库更新已下载章节
2026-08-03 00:10:54 - mkk_pika - database.py:244 - INFO - 该漫画已下载章节如下
2026-08-03 00:10:54 - mkk_pika - database.py:245 - INFO - ['第1集']
2026-08-03 00:10:56 - mkk_pika - main.py:348 - INFO - ==================== 漫画信息 ====================
                                   漫画ID：5c45d6da8b282d2fe8ed1e80
                                   标题：突然泊まりにきた従姉（人妻）を堕とす話 
                                   作者：妄想
                                   是否完结：否
                                   总页数：49
                                   分类：全彩,人妻
                                   章节数：1
                                   最后更新时间：2019-01-21T14:27:38.153Z
                                   =================================================
2026-08-03 00:10:56 - mkk_pika - database.py:101 - INFO - 保存成功：突然泊まりにきた従姉（人妻）を堕とす話 
2026-08-03 00:10:56 - mkk_pika - main.py:35 - INFO - 开始检查ヒーローは大変なのです。是否存在未下载章节
2026-08-03 00:10:56 - mkk_pika - main.py:45 - INFO - 正在下载:[ヒーローは大変なのです。]-[ACID EATERS (和馬村政)]-[['同人', '短篇']]-[total_pages:31]
2026-08-03 00:10:56 - mkk_pika - main.py:49 - INFO - [{'_id': '5c45d7195375272fdf5c0c35', 'title': '第1集', 'order': 1, 'updated_at': '2019-01-21T13:06:55.162Z', 'id': '5c45d7195375272fdf5c0c35'}]
2026-08-03 00:10:56 - mkk_pika - database.py:215 - INFO - 第一次下载该漫画，记录数据库中
2026-08-03 00:10:57 - mkk_pika - main.py:83 - INFO - 找到 31 张图片在:第1集
2026-08-03 00:10:58 - mkk_pika - main.py:112 - INFO - [episode:第1集       ] downloaded:    31, total:  31, progress:100%
2026-08-03 00:10:58 - mkk_pika - database.py:238 - INFO - 数据库更新已下载章节
2026-08-03 00:10:58 - mkk_pika - database.py:244 - INFO - 该漫画已下载章节如下
2026-08-03 00:10:58 - mkk_pika - database.py:245 - INFO - ['第1集']
2026-08-03 00:10:59 - mkk_pika - main.py:348 - INFO - ==================== 漫画信息 ====================
                                   漫画ID：5c45d7195375272fdf5c0c34
                                   标题：ヒーローは大変なのです。
                                   作者：ACID EATERS (和馬村政)
                                   是否完结：否
                                   总页数：31
                                   分类：同人,短篇
                                   章节数：1
                                   最后更新时间：2019-01-21T14:28:41.122Z
                                   =================================================
2026-08-03 00:10:59 - mkk_pika - database.py:101 - INFO - 保存成功：ヒーローは大変なのです。
2026-08-03 00:10:59 - mkk_pika - main.py:35 - INFO - 开始检查(C95)UMP45のちっぱいが見た(少女前線)是否存在未下载章节
2026-08-03 00:10:59 - mkk_pika - main.py:45 - INFO - 正在下载:[(C95)UMP45のちっぱいが見た(少女前線)]-[ぐりいん野はうす (温野りょく)]-[['短篇', '同人']]-[total_pages:10]
2026-08-03 00:10:59 - mkk_pika - main.py:49 - INFO - [{'_id': '5c45d72980f86004e4214f74', 'title': '第1集', 'order': 1, 'updated_at': '2019-01-21T13:11:32.792Z', 'id': '5c45d72980f86004e4214f74'}]
2026-08-03 00:10:59 - mkk_pika - database.py:215 - INFO - 第一次下载该漫画，记录数据库中
2026-08-03 00:11:00 - mkk_pika - main.py:83 - INFO - 找到 10 张图片在:第1集
2026-08-03 00:11:00 - mkk_pika - main.py:112 - INFO - [episode:第1集       ] downloaded:    10, total:  10, progress:100%
2026-08-03 00:11:00 - mkk_pika - database.py:238 - INFO - 数据库更新已下载章节
2026-08-03 00:11:00 - mkk_pika - database.py:244 - INFO - 该漫画已下载章节如下
2026-08-03 00:11:00 - mkk_pika - database.py:245 - INFO - ['第1集']
2026-08-03 00:11:01 - mkk_pika - main.py:348 - INFO - ==================== 漫画信息 ====================
                                   漫画ID：5c45d72980f86004e4214f73
                                   标题：(C95)UMP45のちっぱいが見た(少女前線)
                                   作者：ぐりいん野はうす (温野りょく)
                                   是否完结：是
                                   总页数：10
                                   分类：短篇,同人
                                   章节数：1
                                   最后更新时间：2019-01-21T14:28:57.474Z
                                   =================================================
2026-08-03 00:11:01 - mkk_pika - database.py:101 - INFO - 保存成功：(C95)UMP45のちっぱいが見た(少女前線)
2026-08-03 00:11:01 - mkk_pika - main.py:35 - INFO - 开始检查甘々津風是否存在未下载章节
2026-08-03 00:11:02 - mkk_pika - main.py:45 - INFO - 正在下载:[甘々津風]-[241 Inc. (藤伊洵)]-[['同人', '短篇', '艦隊收藏']]-[total_pages:15]
2026-08-03 00:11:02 - mkk_pika - main.py:49 - INFO - [{'_id': '5c45d73fa4d4da2fbb9ce8fd', 'title': '第1集', 'order': 1, 'updated_at': '2019-01-21T13:21:48.135Z', 'id': '5c45d73fa4d4da2fbb9ce8fd'}]
2026-08-03 00:11:02 - mkk_pika - database.py:215 - INFO - 第一次下载该漫画，记录数据库中
2026-08-03 00:11:02 - mkk_pika - main.py:83 - INFO - 找到 15 张图片在:第1集
2026-08-03 00:11:03 - mkk_pika - main.py:112 - INFO - [episode:第1集       ] downloaded:    15, total:  15, progress:100%
2026-08-03 00:11:03 - mkk_pika - database.py:238 - INFO - 数据库更新已下载章节
2026-08-03 00:11:03 - mkk_pika - database.py:244 - INFO - 该漫画已下载章节如下
2026-08-03 00:11:03 - mkk_pika - database.py:245 - INFO - ['第1集']
2026-08-03 00:11:04 - mkk_pika - main.py:348 - INFO - ==================== 漫画信息 ====================
                                   漫画ID：5c45d73fa4d4da2fbb9ce8fc
                                   标题：甘々津風
                                   作者：241 Inc. (藤伊洵)
                                   是否完结：否
                                   总页数：15
                                   分类：同人,短篇,艦隊收藏
                                   章节数：1
                                   最后更新时间：2019-01-21T14:29:19.704Z
                                   =================================================
2026-08-03 00:11:04 - mkk_pika - database.py:101 - INFO - 保存成功：甘々津風
2026-08-03 00:11:04 - mkk_pika - main.py:35 - INFO - 开始检查川内ちゃんとおニンニン!の巻是否存在未下载章节
2026-08-03 00:11:04 - mkk_pika - main.py:45 - INFO - 正在下载:[川内ちゃんとおニンニン!の巻]-[相原飯店 (相原翔太)]-[['同人', '全彩', '短篇', '艦隊收藏']]-[total_pages:10]
2026-08-03 00:11:04 - mkk_pika - main.py:49 - INFO - [{'_id': '5c45d77d8668500d71430094', 'title': '第1集', 'order': 1, 'updated_at': '2019-01-21T13:30:47.213Z', 'id': '5c45d77d8668500d71430094'}]
2026-08-03 00:11:04 - mkk_pika - database.py:215 - INFO - 第一次下载该漫画，记录数据库中
2026-08-03 00:11:05 - mkk_pika - main.py:83 - INFO - 找到 10 张图片在:第1集
2026-08-03 00:11:05 - mkk_pika - main.py:112 - INFO - [episode:第1集       ] downloaded:    10, total:  10, progress:100%
2026-08-03 00:11:05 - mkk_pika - database.py:238 - INFO - 数据库更新已下载章节
2026-08-03 00:11:05 - mkk_pika - database.py:244 - INFO - 该漫画已下载章节如下
2026-08-03 00:11:05 - mkk_pika - database.py:245 - INFO - ['第1集']
2026-08-03 00:11:07 - mkk_pika - main.py:348 - INFO - ==================== 漫画信息 ====================
                                   漫画ID：5c45d77d8668500d71430093
                                   标题：川内ちゃんとおニンニン!の巻
                                   作者：相原飯店 (相原翔太)
                                   是否完结：否
                                   总页数：10
                                   分类：同人,全彩,短篇,艦隊收藏
                                   章节数：1
                                   最后更新时间：2019-01-21T14:30:21.807Z
                                   =================================================
2026-08-03 00:11:07 - mkk_pika - database.py:101 - INFO - 保存成功：川内ちゃんとおニンニン!の巻
2026-08-03 00:11:07 - mkk_pika - main.py:35 - INFO - 开始检查ドキドキ★コミュニティーライフ3 (コミック エグゼ 04) [中国翻訳]是否存在未下载章节
2026-08-03 00:11:07 - mkk_pika - main.py:45 - INFO - 正在下载:[ドキドキ★コミュニティーライフ3 (コミック エグゼ 04) [中国翻訳]]-[たかやKi]-[['短篇', '妹妹系', '姐姐系']]-[total_pages:30]
2026-08-03 00:11:07 - mkk_pika - main.py:49 - INFO - [{'_id': '5c45e24e5375272fdf5c0ccf', 'title': '第1集', 'order': 1, 'updated_at': '2019-01-21T12:54:20.637Z', 'id': '5c45e24e5375272fdf5c0ccf'}]
2026-08-03 00:11:07 - mkk_pika - database.py:215 - INFO - 第一次下载该漫画，记录数据库中
2026-08-03 00:11:08 - mkk_pika - main.py:83 - INFO - 找到 30 张图片在:第1集
2026-08-03 00:11:08 - mkk_pika - main.py:112 - INFO - [episode:第1集       ] downloaded:    30, total:  30, progress:100%
2026-08-03 00:11:08 - mkk_pika - database.py:238 - INFO - 数据库更新已下载章节
2026-08-03 00:11:08 - mkk_pika - database.py:244 - INFO - 该漫画已下载章节如下
2026-08-03 00:11:08 - mkk_pika - database.py:245 - INFO - ['第1集']
2026-08-03 00:11:09 - mkk_pika - main.py:348 - INFO - ==================== 漫画信息 ====================
                                   漫画ID：5c45e24e5375272fdf5c0cce
                                   标题：ドキドキ★コミュニティーライフ3 (コミック エグゼ 04) [中国翻訳]
                                   作者：たかやKi
                                   是否完结：否
                                   总页数：30
                                   分类：短篇,妹妹系,姐姐系
                                   章节数：1
                                   最后更新时间：2019-01-21T15:16:30.604Z
                                   =================================================
2026-08-03 00:11:09 - mkk_pika - database.py:101 - INFO - 保存成功：ドキドキ★コミュニティーライフ3 (コミック エグゼ 04) [中国翻訳]
2026-08-03 00:11:09 - mkk_pika - main.py:35 - INFO - 开始检查ドキドキ★コミュニティーライフ (COMIC-X-EROS #25)是否存在未下载章节
2026-08-03 00:11:10 - mkk_pika - main.py:45 - INFO - 正在下载:[ドキドキ★コミュニティーライフ (COMIC-X-EROS #25)]-[たかやKi]-[['短篇', '妹妹系']]-[total_pages:19]
2026-08-03 00:11:10 - mkk_pika - main.py:49 - INFO - [{'_id': '5c45e2628668500d7143012d', 'title': '第1集', 'order': 1, 'updated_at': '2019-01-21T12:38:55.519Z', 'id': '5c45e2628668500d7143012d'}]
2026-08-03 00:11:10 - mkk_pika - database.py:215 - INFO - 第一次下载该漫画，记录数据库中
2026-08-03 00:11:10 - mkk_pika - main.py:83 - INFO - 找到 19 张图片在:第1集
2026-08-03 00:11:11 - mkk_pika - main.py:112 - INFO - [episode:第1集       ] downloaded:    19, total:  19, progress:100%
2026-08-03 00:11:11 - mkk_pika - database.py:238 - INFO - 数据库更新已下载章节
2026-08-03 00:11:11 - mkk_pika - database.py:244 - INFO - 该漫画已下载章节如下
2026-08-03 00:11:11 - mkk_pika - database.py:245 - INFO - ['第1集']
2026-08-03 00:11:12 - mkk_pika - main.py:348 - INFO - ==================== 漫画信息 ====================
                                   漫画ID：5c45e2628668500d7143012c
                                   标题：ドキドキ★コミュニティーライフ (COMIC-X-EROS #25)
                                   作者：たかやKi
                                   是否完结：否
                                   总页数：19
                                   分类：短篇,妹妹系
                                   章节数：1
                                   最后更新时间：2019-01-21T15:16:50.111Z
                                   =================================================
2026-08-03 00:11:12 - mkk_pika - database.py:101 - INFO - 保存成功：ドキドキ★コミュニティーライフ (COMIC-X-EROS #25)
2026-08-03 00:11:12 - mkk_pika - main.py:380 - INFO - 本次任务下载完毕
2026-08-03 00:11:12 - mkk_pika - database.py:173 - INFO - 数据库连接已关闭
