2026-08-15 23:29:36 - mkk_pika - main.py:193 - INFO - =======================================================================
2026-08-15 23:29:36 - mkk_pika - database.py:61 - INFO - 表和索引初始化成功
2026-08-15 23:29:36 - mkk_pika - main.py:197 - INFO - 已经累计下载18838本漫画
2026-08-15 23:29:36 - mkk_pika - api.py:87 - INFO - 登录成功
2026-08-15 23:29:37 - mkk_pika - main.py:203 - INFO - 收藏夹共计0本漫画
2026-08-15 23:29:37 - mkk_pika - main.py:206 - INFO - 开始下载收藏夹内未下载内容
2026-08-15 23:29:37 - mkk_pika - main.py:266 - INFO - 收藏夹内容下载完毕
2026-08-15 23:29:37 - mkk_pika - main.py:268 - INFO - 开始下载订阅内容
2026-08-15 23:29:37 - mkk_pika - database.py:258 - INFO - 根据ID查询到标题：萝莉 -> HOW to Use the Dolls of the ELmo
2026-08-15 23:29:38 - mkk_pika - database.py:101 - INFO - 保存成功：I am not you！〜尤藍が入れ替わる話〜 | 蓝，I am not 尤！~尤蓝身体交换的故事~
2026-08-15 23:29:38 - mkk_pika - main.py:273 - INFO - 关键词萝莉找到2本漫画
2026-08-15 23:29:38 - mkk_pika - database.py:258 - INFO - 根据ID查询到标题：蘿莉 -> Artist - maosam（AI）
2026-08-15 23:29:38 - mkk_pika - database.py:101 - INFO - 保存成功：[Pixiv] Nyako (87118066) part.8（AI）
2026-08-15 23:29:38 - mkk_pika - main.py:273 - INFO - 关键词蘿莉找到8本漫画
2026-08-15 23:29:38 - mkk_pika - main.py:275 - INFO - 订阅内容共计10本漫画
2026-08-15 23:29:38 - mkk_pika - main.py:35 - INFO - 开始检查エロ本大好きなガキが女の子な訳ねえだろ!! | 喜欢看小黄漫的小鬼怎么可会是女生呢‼是否存在未下载章节
2026-08-15 23:29:39 - mkk_pika - main.py:45 - INFO - 正在下载:[エロ本大好きなガキが女の子な訳ねえだろ!! | 喜欢看小黄漫的小鬼怎么可会是女生呢‼]-[Rev3 (もんちゃんrev3)]-[['短篇']]-[total_pages:-1]
2026-08-15 23:29:39 - mkk_pika - main.py:49 - INFO - [{'_id': '6a8081af071b81393d2308a7', 'title': '第1話', 'order': 1, 'updated_at': '2026-08-12T17:19:37.625Z', 'id': '6a8081af071b81393d2308a7'}]
2026-08-15 23:29:39 - mkk_pika - database.py:215 - INFO - 第一次下载该漫画，记录数据库中
2026-08-15 23:29:39 - mkk_pika - main.py:83 - INFO - 找到 38 张图片在:第1話
2026-08-15 23:29:40 - mkk_pika - main.py:112 - INFO - [episode:第1話       ] downloaded:    38, total:  38, progress:100%
2026-08-15 23:29:40 - mkk_pika - database.py:238 - INFO - 数据库更新已下载章节
2026-08-15 23:29:40 - mkk_pika - database.py:244 - INFO - 该漫画已下载章节如下
2026-08-15 23:29:40 - mkk_pika - database.py:245 - INFO - ['第1話']
2026-08-15 23:29:41 - mkk_pika - main.py:292 - INFO - ==================== 漫画信息 ====================
                                漫画ID：6a8081af071b81393d2308a6
                                标题：エロ本大好きなガキが女の子な訳ねえだろ!! | 喜欢看小黄漫的小鬼怎么可会是女生呢‼
                                作者：Rev3 (もんちゃんrev3)
                                是否完结：是
                                总页数：38
                                分类：短篇
                                章节数：1
                                最后更新时间：2026-08-15T15:11:43.862Z
                                =================================================
2026-08-15 23:29:41 - mkk_pika - database.py:101 - INFO - 保存成功：エロ本大好きなガキが女の子な訳ねえだろ!! | 喜欢看小黄漫的小鬼怎么可会是女生呢‼
2026-08-15 23:29:41 - mkk_pika - main.py:35 - INFO - 开始检查I am not you！〜尤藍が入れ替わる話〜 | 蓝，I am not 尤！~尤蓝身体交换的故事~是否存在未下载章节
2026-08-15 23:29:42 - mkk_pika - database.py:203 - INFO - 查询数据库中是否已存在第1話
2026-08-15 23:29:42 - mkk_pika - main.py:51 - INFO - I am not you！〜尤藍が入れ替わる話〜 | 蓝，I am not 尤！~尤蓝身体交换的故事~中没有可下载章节
2026-08-15 23:29:42 - mkk_pika - main.py:292 - INFO - ==================== 漫画信息 ====================
                                漫画ID：6a7f64bd1af8f3308d1e41eb
                                标题：I am not you！〜尤藍が入れ替わる話〜 | 蓝，I am not 尤！~尤蓝身体交换的故事~
                                作者：にゃんとかしたい (にゃん)
                                是否完结：是
                                总页数：49
                                分类：短篇,東方
                                章节数：1
                                最后更新时间：2026-08-14T18:55:57.327Z
                                =================================================
2026-08-15 23:29:42 - mkk_pika - database.py:101 - INFO - 保存成功：I am not you！〜尤藍が入れ替わる話〜 | 蓝，I am not 尤！~尤蓝身体交换的故事~
2026-08-15 23:29:42 - mkk_pika - main.py:35 - INFO - 开始检查ぼくたちのスーパーアプリ是否存在未下载章节
2026-08-15 23:29:42 - mkk_pika - database.py:203 - INFO - 查询数据库中是否已存在第3-4話
2026-08-15 23:29:42 - mkk_pika - database.py:203 - INFO - 查询数据库中是否已存在第5話 保健室でオナニー見られて処女喪失編
2026-08-15 23:29:42 - mkk_pika - database.py:203 - INFO - 查询数据库中是否已存在第6話 処女だったのにクラスメートに輪姦されてイきまくり編
2026-08-15 23:29:42 - mkk_pika - database.py:203 - INFO - 查询数据库中是否已存在第7話 角オナさせられちゃうスポーツ少女本庄ちゃん編
2026-08-15 23:29:42 - mkk_pika - database.py:203 - INFO - 查询数据库中是否已存在第8話 無理やりなのにバイブ責めセックスでマジイキさせられちゃう編
2026-08-15 23:29:42 - mkk_pika - main.py:45 - INFO - 正在下载:[ぼくたちのスーパーアプリ]-[stereorange (○蜜柑)]-[['長篇']]-[total_pages:-1]
2026-08-15 23:29:42 - mkk_pika - main.py:49 - INFO - [{'_id': '6a8083961ce0c86ebea7cced', 'title': '第7話 角オナさせられちゃうスポーツ少女本庄ちゃん編', 'order': 4, 'updated_at': '2026-08-15T11:51:20.271Z', 'id': '6a8083961ce0c86ebea7cced'}]
2026-08-15 23:29:43 - mkk_pika - main.py:83 - INFO - 找到 32 张图片在:第7話角オナさせられちゃうスポーツ少女本庄ちゃん編
2026-08-15 23:29:44 - mkk_pika - main.py:112 - INFO - [episode:第7話 角オナさせられちゃうスポーツ少女本庄ちゃん編] downloaded:    32, total:  32, progress:100%
2026-08-15 23:29:44 - mkk_pika - database.py:238 - INFO - 数据库更新已下载章节
2026-08-15 23:29:44 - mkk_pika - database.py:244 - INFO - 该漫画已下载章节如下
2026-08-15 23:29:44 - mkk_pika - database.py:245 - INFO - ['第3-4話', '第5話 無理やりなのにバイブ責めセックスでマジイキさせられちゃう編', '第6話 処女だったのにクラスメートに輪姦されてイきまくり編', '第5話 保健室でオナニー見られて処女喪失編', '第8話 無理やりなのにバイブ責めセックスでマジイキさせられちゃう編', '第7話 角オナさせられちゃうスポーツ少女本庄ちゃん編']
2026-08-15 23:29:45 - mkk_pika - main.py:292 - INFO - ==================== 漫画信息 ====================
                                漫画ID：65f023f32daabb45fba8a91c
                                标题：ぼくたちのスーパーアプリ
                                作者：stereorange (○蜜柑)
                                是否完结：否
                                总页数：200
                                分类：長篇
                                章节数：5
                                最后更新时间：2026-08-15T15:19:49.989Z
                                =================================================
2026-08-15 23:29:45 - mkk_pika - database.py:101 - INFO - 保存成功：ぼくたちのスーパーアプリ
2026-08-15 23:29:45 - mkk_pika - main.py:35 - INFO - 开始检查自宅に侵入された女の子~処女喪失中出しレイプ~ 是否存在未下载章节
2026-08-15 23:29:46 - mkk_pika - main.py:45 - INFO - 正在下载:[自宅に侵入された女の子~処女喪失中出しレイプ~ ]-[うさぎのゆめ]-[['強暴', '短篇']]-[total_pages:-1]
2026-08-15 23:29:46 - mkk_pika - main.py:49 - INFO - [{'_id': '6a8082bf071b81393d2308fb', 'title': '第1話', 'order': 1, 'updated_at': '2026-08-11T15:49:46.485Z', 'id': '6a8082bf071b81393d2308fb'}]
2026-08-15 23:29:46 - mkk_pika - database.py:215 - INFO - 第一次下载该漫画，记录数据库中
2026-08-15 23:29:46 - mkk_pika - main.py:83 - INFO - 找到 23 张图片在:第1話
2026-08-15 23:29:47 - mkk_pika - main.py:112 - INFO - [episode:第1話       ] downloaded:    23, total:  23, progress:100%
2026-08-15 23:29:47 - mkk_pika - database.py:238 - INFO - 数据库更新已下载章节
2026-08-15 23:29:47 - mkk_pika - database.py:244 - INFO - 该漫画已下载章节如下
2026-08-15 23:29:47 - mkk_pika - database.py:245 - INFO - ['第1話']
2026-08-15 23:29:48 - mkk_pika - main.py:292 - INFO - ==================== 漫画信息 ====================
                                漫画ID：6a8082bf071b81393d2308fa
                                标题：自宅に侵入された女の子~処女喪失中出しレイプ~ 
                                作者：うさぎのゆめ
                                是否完结：是
                                总页数：23
                                分类：強暴,短篇
                                章节数：1
                                最后更新时间：2026-08-15T15:16:15.420Z
                                =================================================
2026-08-15 23:29:48 - mkk_pika - database.py:101 - INFO - 保存成功：自宅に侵入された女の子~処女喪失中出しレイプ~ 
2026-08-15 23:29:48 - mkk_pika - main.py:35 - INFO - 开始检查ケイラブ (ブルーアーカイブ)是否存在未下载章节
2026-08-15 23:29:48 - mkk_pika - main.py:45 - INFO - 正在下载:[ケイラブ (ブルーアーカイブ)]-[るなばれ (棗麗)]-[['同人', '短篇']]-[total_pages:-1]
2026-08-15 23:29:48 - mkk_pika - main.py:49 - INFO - [{'_id': '6a80825b3681976e058732fe', 'title': '第1話', 'order': 1, 'updated_at': '2026-08-15T08:43:12.145Z', 'id': '6a80825b3681976e058732fe'}]
2026-08-15 23:29:48 - mkk_pika - database.py:215 - INFO - 第一次下载该漫画，记录数据库中
2026-08-15 23:29:49 - mkk_pika - main.py:83 - INFO - 找到 38 张图片在:第1話
2026-08-15 23:29:50 - mkk_pika - main.py:112 - INFO - [episode:第1話       ] downloaded:    38, total:  38, progress:100%
2026-08-15 23:29:50 - mkk_pika - database.py:238 - INFO - 数据库更新已下载章节
2026-08-15 23:29:50 - mkk_pika - database.py:244 - INFO - 该漫画已下载章节如下
2026-08-15 23:29:50 - mkk_pika - database.py:245 - INFO - ['第1話']
2026-08-15 23:29:51 - mkk_pika - main.py:292 - INFO - ==================== 漫画信息 ====================
                                漫画ID：6a80825b3681976e058732fd
                                标题：ケイラブ (ブルーアーカイブ)
                                作者：るなばれ (棗麗)
                                是否完结：是
                                总页数：38
                                分类：同人,短篇
                                章节数：1
                                最后更新时间：2026-08-15T15:14:35.432Z
                                =================================================
2026-08-15 23:29:51 - mkk_pika - database.py:101 - INFO - 保存成功：ケイラブ (ブルーアーカイブ)
2026-08-15 23:29:51 - mkk_pika - main.py:35 - INFO - 开始检查ニヤニヤ教授とおさんぽする本 (ブルーアーカイブ)是否存在未下载章节
2026-08-15 23:29:51 - mkk_pika - main.py:45 - INFO - 正在下载:[ニヤニヤ教授とおさんぽする本 (ブルーアーカイブ)]-[AmazingSweets (はるいちご)]-[['同人', '短篇']]-[total_pages:-1]
2026-08-15 23:29:51 - mkk_pika - main.py:49 - INFO - [{'_id': '6a80824b3681976e058732ea', 'title': '第1話', 'order': 1, 'updated_at': '2026-08-15T05:52:25.566Z', 'id': '6a80824b3681976e058732ea'}]
2026-08-15 23:29:51 - mkk_pika - database.py:215 - INFO - 第一次下载该漫画，记录数据库中
2026-08-15 23:29:52 - mkk_pika - main.py:83 - INFO - 找到 15 张图片在:第1話
2026-08-15 23:29:52 - mkk_pika - main.py:112 - INFO - [episode:第1話       ] downloaded:    15, total:  15, progress:100%
2026-08-15 23:29:52 - mkk_pika - database.py:238 - INFO - 数据库更新已下载章节
2026-08-15 23:29:52 - mkk_pika - database.py:244 - INFO - 该漫画已下载章节如下
2026-08-15 23:29:52 - mkk_pika - database.py:245 - INFO - ['第1話']
2026-08-15 23:29:53 - mkk_pika - main.py:292 - INFO - ==================== 漫画信息 ====================
                                漫画ID：6a80824b3681976e058732e9
                                标题：ニヤニヤ教授とおさんぽする本 (ブルーアーカイブ)
                                作者：AmazingSweets (はるいちご)
                                是否完结：是
                                总页数：15
                                分类：同人,短篇
                                章节数：1
                                最后更新时间：2026-08-15T15:14:19.063Z
                                =================================================
2026-08-15 23:29:53 - mkk_pika - database.py:101 - INFO - 保存成功：ニヤニヤ教授とおさんぽする本 (ブルーアーカイブ)
2026-08-15 23:29:53 - mkk_pika - main.py:35 - INFO - 开始检查エロ本大好きなガキが女の子な訳ねえだろ!! | 喜欢看小黄漫的小鬼怎么可会是女生呢‼是否存在未下载章节
2026-08-15 23:29:54 - mkk_pika - database.py:203 - INFO - 查询数据库中是否已存在第1話
2026-08-15 23:29:54 - mkk_pika - main.py:51 - INFO - エロ本大好きなガキが女の子な訳ねえだろ!! | 喜欢看小黄漫的小鬼怎么可会是女生呢‼中没有可下载章节
2026-08-15 23:29:54 - mkk_pika - main.py:292 - INFO - ==================== 漫画信息 ====================
                                漫画ID：6a8081af071b81393d2308a6
                                标题：エロ本大好きなガキが女の子な訳ねえだろ!! | 喜欢看小黄漫的小鬼怎么可会是女生呢‼
                                作者：Rev3 (もんちゃんrev3)
                                是否完结：是
                                总页数：38
                                分类：短篇
                                章节数：1
                                最后更新时间：2026-08-15T15:11:43.862Z
                                =================================================
2026-08-15 23:29:54 - mkk_pika - database.py:101 - INFO - 保存成功：エロ本大好きなガキが女の子な訳ねえだろ!! | 喜欢看小黄漫的小鬼怎么可会是女生呢‼
2026-08-15 23:29:54 - mkk_pika - main.py:35 - INFO - 开始检查望星なつきの性の目ざめ是否存在未下载章节
2026-08-15 23:29:54 - mkk_pika - main.py:45 - INFO - 正在下载:[望星なつきの性の目ざめ]-[waterwheel (白田太)]-[['短篇']]-[total_pages:-1]
2026-08-15 23:29:54 - mkk_pika - main.py:49 - INFO - [{'_id': '6a8080ee35142330bd6cad6f', 'title': '第1話', 'order': 1, 'updated_at': '2026-08-14T14:56:36.983Z', 'id': '6a8080ee35142330bd6cad6f'}]
2026-08-15 23:29:54 - mkk_pika - database.py:215 - INFO - 第一次下载该漫画，记录数据库中
2026-08-15 23:29:55 - mkk_pika - main.py:83 - INFO - 找到 29 张图片在:第1話
2026-08-15 23:29:56 - mkk_pika - main.py:112 - INFO - [episode:第1話       ] downloaded:    29, total:  29, progress:100%
2026-08-15 23:29:56 - mkk_pika - database.py:238 - INFO - 数据库更新已下载章节
2026-08-15 23:29:56 - mkk_pika - database.py:244 - INFO - 该漫画已下载章节如下
2026-08-15 23:29:56 - mkk_pika - database.py:245 - INFO - ['第1話']
2026-08-15 23:29:57 - mkk_pika - main.py:292 - INFO - ==================== 漫画信息 ====================
                                漫画ID：6a8080ee35142330bd6cad6e
                                标题：望星なつきの性の目ざめ
                                作者：waterwheel (白田太)
                                是否完结：是
                                总页数：29
                                分类：短篇
                                章节数：1
                                最后更新时间：2026-08-15T15:08:30.175Z
                                =================================================
2026-08-15 23:29:57 - mkk_pika - database.py:101 - INFO - 保存成功：望星なつきの性の目ざめ
2026-08-15 23:29:57 - mkk_pika - main.py:35 - INFO - 开始检查オキツネ様にお願い！ | 向狐仙大人许愿！是否存在未下载章节
2026-08-15 23:29:57 - mkk_pika - main.py:45 - INFO - 正在下载:[オキツネ様にお願い！ | 向狐仙大人许愿！]-[かむね]-[['短篇']]-[total_pages:-1]
2026-08-15 23:29:57 - mkk_pika - main.py:49 - INFO - [{'_id': '6a8080ea071b81393d230750', 'title': '第1話', 'order': 1, 'updated_at': '2026-08-14T14:50:26.702Z', 'id': '6a8080ea071b81393d230750'}]
2026-08-15 23:29:57 - mkk_pika - database.py:215 - INFO - 第一次下载该漫画，记录数据库中
2026-08-15 23:29:58 - mkk_pika - main.py:83 - INFO - 找到 18 张图片在:第1話
2026-08-15 23:29:58 - mkk_pika - main.py:112 - INFO - [episode:第1話       ] downloaded:    18, total:  18, progress:100%
2026-08-15 23:29:58 - mkk_pika - database.py:238 - INFO - 数据库更新已下载章节
2026-08-15 23:29:58 - mkk_pika - database.py:244 - INFO - 该漫画已下载章节如下
2026-08-15 23:29:58 - mkk_pika - database.py:245 - INFO - ['第1話']
2026-08-15 23:30:00 - mkk_pika - main.py:292 - INFO - ==================== 漫画信息 ====================
                                漫画ID：6a8080ea071b81393d23074f
                                标题：オキツネ様にお願い！ | 向狐仙大人许愿！
                                作者：かむね
                                是否完结：是
                                总页数：18
                                分类：短篇
                                章节数：1
                                最后更新时间：2026-08-15T15:08:26.425Z
                                =================================================
2026-08-15 23:30:00 - mkk_pika - database.py:101 - INFO - 保存成功：オキツネ様にお願い！ | 向狐仙大人许愿！
2026-08-15 23:30:00 - mkk_pika - main.py:35 - INFO - 开始检查マッサージおじさん是否存在未下载章节
2026-08-15 23:30:00 - mkk_pika - main.py:45 - INFO - 正在下载:[マッサージおじさん]-[上田裕]-[['短篇']]-[total_pages:-1]
2026-08-15 23:30:00 - mkk_pika - main.py:49 - INFO - [{'_id': '6a8080df3681976e05872f74', 'title': '第1話', 'order': 1, 'updated_at': '2026-08-14T13:40:44.853Z', 'id': '6a8080df3681976e05872f74'}]
2026-08-15 23:30:00 - mkk_pika - database.py:215 - INFO - 第一次下载该漫画，记录数据库中
2026-08-15 23:30:01 - mkk_pika - main.py:83 - INFO - 找到 16 张图片在:第1話
2026-08-15 23:30:01 - mkk_pika - main.py:112 - INFO - [episode:第1話       ] downloaded:    16, total:  16, progress:100%
2026-08-15 23:30:01 - mkk_pika - database.py:238 - INFO - 数据库更新已下载章节
2026-08-15 23:30:01 - mkk_pika - database.py:244 - INFO - 该漫画已下载章节如下
2026-08-15 23:30:01 - mkk_pika - database.py:245 - INFO - ['第1話']
2026-08-15 23:30:02 - mkk_pika - main.py:292 - INFO - ==================== 漫画信息 ====================
                                漫画ID：6a8080df3681976e05872f73
                                标题：マッサージおじさん
                                作者：上田裕
                                是否完结：否
                                总页数：16
                                分类：短篇
                                章节数：1
                                最后更新时间：2026-08-15T15:08:15.937Z
                                =================================================
2026-08-15 23:30:02 - mkk_pika - database.py:101 - INFO - 保存成功：マッサージおじさん
2026-08-15 23:30:02 - mkk_pika - main.py:323 - INFO - 订阅内容内容下载完毕
2026-08-15 23:30:02 - mkk_pika - main.py:324 - INFO - 开始分批下载全部章节
2026-08-15 23:30:02 - mkk_pika - database.py:280 - INFO - 表和索引初始化成功
2026-08-15 23:30:03 - mkk_pika - main.py:177 - INFO - 已经下载了1418页，一共7080页，现在开始添加第1419页
2026-08-15 23:30:03 - mkk_pika - database.py:318 - INFO - 保存成功
2026-08-15 23:30:04 - mkk_pika - main.py:177 - INFO - 已经下载了1419页，一共7080页，现在开始添加第1420页
2026-08-15 23:30:04 - mkk_pika - database.py:318 - INFO - 保存成功
2026-08-15 23:30:05 - mkk_pika - main.py:177 - INFO - 已经下载了1420页，一共7080页，现在开始添加第1421页
2026-08-15 23:30:06 - mkk_pika - database.py:318 - INFO - 保存成功
2026-08-15 23:30:06 - mkk_pika - main.py:177 - INFO - 已经下载了1421页，一共7080页，现在开始添加第1422页
2026-08-15 23:30:06 - mkk_pika - database.py:318 - INFO - 保存成功
2026-08-15 23:30:07 - mkk_pika - main.py:177 - INFO - 已经下载了1422页，一共7080页，现在开始添加第1423页
2026-08-15 23:30:07 - mkk_pika - database.py:318 - INFO - 保存成功
2026-08-15 23:30:07 - mkk_pika - main.py:331 - INFO - 分批下载共计46本漫画
2026-08-15 23:30:07 - mkk_pika - main.py:35 - INFO - 开始检查風雲再起 (艦隊これくしょん -艦これ-)是否存在未下载章节
2026-08-15 23:30:07 - mkk_pika - main.py:45 - INFO - 正在下载:[風雲再起 (艦隊これくしょん -艦これ-)]-[L5EX (カメーリエ)]-[['短篇', '同人', '艦隊收藏']]-[total_pages:18]
2026-08-15 23:30:07 - mkk_pika - main.py:49 - INFO - [{'_id': '5c5fc1eab626b57e65148149', 'title': '第1集', 'order': 1, 'updated_at': '2019-02-10T05:18:20.170Z', 'id': '5c5fc1eab626b57e65148149'}]
2026-08-15 23:30:07 - mkk_pika - database.py:215 - INFO - 第一次下载该漫画，记录数据库中
2026-08-15 23:30:09 - mkk_pika - main.py:83 - INFO - 找到 18 张图片在:第1集
2026-08-15 23:30:09 - mkk_pika - main.py:112 - INFO - [episode:第1集       ] downloaded:    18, total:  18, progress:100%
2026-08-15 23:30:09 - mkk_pika - database.py:238 - INFO - 数据库更新已下载章节
2026-08-15 23:30:09 - mkk_pika - database.py:244 - INFO - 该漫画已下载章节如下
2026-08-15 23:30:09 - mkk_pika - database.py:245 - INFO - ['第1集']
2026-08-15 23:30:10 - mkk_pika - main.py:348 - INFO - ==================== 漫画信息 ====================
                                   漫画ID：5c5fc1eab626b57e65148148
                                   标题：風雲再起 (艦隊これくしょん -艦これ-)
                                   作者：L5EX (カメーリエ)
                                   是否完结：是
                                   总页数：18
                                   分类：短篇,同人,艦隊收藏
                                   章节数：1
                                   最后更新时间：2019-02-10T06:17:14.649Z
                                   =================================================
2026-08-15 23:30:10 - mkk_pika - database.py:101 - INFO - 保存成功：風雲再起 (艦隊これくしょん -艦これ-)
2026-08-15 23:30:10 - mkk_pika - main.py:35 - INFO - 开始检查エンジョ・デイズ (いちごショコラふれーばー)是否存在未下载章节
2026-08-15 23:30:11 - mkk_pika - main.py:45 - INFO - 正在下载:[エンジョ・デイズ (いちごショコラふれーばー)]-[NAZ]-[['短篇', '同人', '強暴']]-[total_pages:24]
2026-08-15 23:30:11 - mkk_pika - main.py:49 - INFO - [{'_id': '5c5fc2031b43e92b561ce26f', 'title': '第1集', 'order': 1, 'updated_at': '2019-02-10T05:30:17.367Z', 'id': '5c5fc2031b43e92b561ce26f'}]
2026-08-15 23:30:11 - mkk_pika - database.py:215 - INFO - 第一次下载该漫画，记录数据库中
2026-08-15 23:30:11 - mkk_pika - main.py:83 - INFO - 找到 24 张图片在:第1集
2026-08-15 23:30:12 - mkk_pika - main.py:112 - INFO - [episode:第1集       ] downloaded:    24, total:  24, progress:100%
2026-08-15 23:30:12 - mkk_pika - database.py:238 - INFO - 数据库更新已下载章节
2026-08-15 23:30:12 - mkk_pika - database.py:244 - INFO - 该漫画已下载章节如下
2026-08-15 23:30:12 - mkk_pika - database.py:245 - INFO - ['第1集']
2026-08-15 23:30:13 - mkk_pika - main.py:348 - INFO - ==================== 漫画信息 ====================
                                   漫画ID：5c5fc2031b43e92b561ce26e
                                   标题：エンジョ・デイズ (いちごショコラふれーばー)
                                   作者：NAZ
                                   是否完结：是
                                   总页数：24
                                   分类：短篇,同人,強暴
                                   章节数：1
                                   最后更新时间：2019-02-10T06:17:39.742Z
                                   =================================================
2026-08-15 23:30:13 - mkk_pika - database.py:101 - INFO - 保存成功：エンジョ・デイズ (いちごショコラふれーばー)
2026-08-15 23:30:13 - mkk_pika - main.py:35 - INFO - 开始检查ジュン×ショウ恋歌(コミックホットミルク 2019年3月号)是否存在未下载章节
2026-08-15 23:30:13 - mkk_pika - main.py:45 - INFO - 正在下载:[ジュン×ショウ恋歌(コミックホットミルク 2019年3月号)]-[夏庵]-[['短篇', '全彩']]-[total_pages:7]
2026-08-15 23:30:13 - mkk_pika - main.py:49 - INFO - [{'_id': '5c5fc211e653837e36443d62', 'title': '第1集', 'order': 1, 'updated_at': '2019-02-10T05:37:00.177Z', 'id': '5c5fc211e653837e36443d62'}]
2026-08-15 23:30:13 - mkk_pika - database.py:215 - INFO - 第一次下载该漫画，记录数据库中
2026-08-15 23:30:14 - mkk_pika - main.py:83 - INFO - 找到 7 张图片在:第1集
2026-08-15 23:30:14 - mkk_pika - main.py:112 - INFO - [episode:第1集       ] downloaded:     7, total:   7, progress:100%
2026-08-15 23:30:14 - mkk_pika - database.py:238 - INFO - 数据库更新已下载章节
2026-08-15 23:30:14 - mkk_pika - database.py:244 - INFO - 该漫画已下载章节如下
2026-08-15 23:30:14 - mkk_pika - database.py:245 - INFO - ['第1集']
2026-08-15 23:30:15 - mkk_pika - main.py:348 - INFO - ==================== 漫画信息 ====================
                                   漫画ID：5c5fc211e653837e36443d61
                                   标题：ジュン×ショウ恋歌(コミックホットミルク 2019年3月号)
                                   作者：夏庵
                                   是否完结：是
                                   总页数：7
                                   分类：短篇,全彩
                                   章节数：1
                                   最后更新时间：2019-02-10T06:17:53.623Z
                                   =================================================
2026-08-15 23:30:15 - mkk_pika - database.py:101 - INFO - 保存成功：ジュン×ショウ恋歌(コミックホットミルク 2019年3月号)
2026-08-15 23:30:15 - mkk_pika - main.py:35 - INFO - 开始检查流されて魔界神(東方Project)是否存在未下载章节
2026-08-15 23:30:16 - mkk_pika - main.py:45 - INFO - 正在下载:[流されて魔界神(東方Project)]-[キタガワジマ (ヨヒノリ)]-[['短篇', '同人', '東方', '純愛']]-[total_pages:28]
2026-08-15 23:30:16 - mkk_pika - main.py:49 - INFO - [{'_id': '5c5fc22139b3e77e2b1c1912', 'title': '第1集', 'order': 1, 'updated_at': '2019-02-10T05:51:30.484Z', 'id': '5c5fc22139b3e77e2b1c1912'}]
2026-08-15 23:30:16 - mkk_pika - database.py:215 - INFO - 第一次下载该漫画，记录数据库中
2026-08-15 23:30:16 - mkk_pika - main.py:83 - INFO - 找到 28 张图片在:第1集
2026-08-15 23:30:17 - mkk_pika - main.py:112 - INFO - [episode:第1集       ] downloaded:    28, total:  28, progress:100%
2026-08-15 23:30:17 - mkk_pika - database.py:238 - INFO - 数据库更新已下载章节
2026-08-15 23:30:17 - mkk_pika - database.py:244 - INFO - 该漫画已下载章节如下
2026-08-15 23:30:17 - mkk_pika - database.py:245 - INFO - ['第1集']
2026-08-15 23:30:18 - mkk_pika - main.py:348 - INFO - ==================== 漫画信息 ====================
                                   漫画ID：5c5fc22139b3e77e2b1c1911
                                   标题：流されて魔界神(東方Project)
                                   作者：キタガワジマ (ヨヒノリ)
                                   是否完结：是
                                   总页数：28
                                   分类：短篇,同人,東方,純愛
                                   章节数：1
                                   最后更新时间：2019-02-10T06:18:09.662Z
                                   =================================================
2026-08-15 23:30:18 - mkk_pika - database.py:101 - INFO - 保存成功：流されて魔界神(東方Project)
2026-08-15 23:30:18 - mkk_pika - main.py:35 - INFO - 开始检查カルデアヤリマンナンパビッチ部 (Fate Grand Order)（汉化）是否存在未下载章节
2026-08-15 23:30:19 - mkk_pika - main.py:45 - INFO - 正在下载:[カルデアヤリマンナンパビッチ部 (Fate Grand Order)（汉化）]-[デジアンコ (あんこまん)]-[['短篇', '同人', 'Fate']]-[total_pages:28]
2026-08-15 23:30:19 - mkk_pika - main.py:49 - INFO - [{'_id': '5c5fc2511b43e92b561ce28c', 'title': '第1集', 'order': 1, 'updated_at': '2019-02-10T06:04:23.410Z', 'id': '5c5fc2511b43e92b561ce28c'}]
2026-08-15 23:30:19 - mkk_pika - database.py:215 - INFO - 第一次下载该漫画，记录数据库中
2026-08-15 23:30:19 - mkk_pika - main.py:83 - INFO - 找到 28 张图片在:第1集
2026-08-15 23:30:20 - mkk_pika - main.py:112 - INFO - [episode:第1集       ] downloaded:    28, total:  28, progress:100%
2026-08-15 23:30:20 - mkk_pika - database.py:238 - INFO - 数据库更新已下载章节
2026-08-15 23:30:20 - mkk_pika - database.py:244 - INFO - 该漫画已下载章节如下
2026-08-15 23:30:20 - mkk_pika - database.py:245 - INFO - ['第1集']
2026-08-15 23:30:21 - mkk_pika - main.py:348 - INFO - ==================== 漫画信息 ====================
                                   漫画ID：5c5fc2511b43e92b561ce28b
                                   标题：カルデアヤリマンナンパビッチ部 (Fate Grand Order)（汉化）
                                   作者：デジアンコ (あんこまん)
                                   是否完结：是
                                   总页数：28
                                   分类：短篇,同人,Fate
                                   章节数：1
                                   最后更新时间：2019-02-10T06:18:57.042Z
                                   =================================================
2026-08-15 23:30:21 - mkk_pika - database.py:101 - INFO - 保存成功：カルデアヤリマンナンパビッチ部 (Fate Grand Order)（汉化）
2026-08-15 23:30:21 - mkk_pika - main.py:35 - INFO - 开始检查黒セーラー服と妖夢ちゃん (東方Project)是否存在未下载章节
2026-08-15 23:30:21 - mkk_pika - main.py:45 - INFO - 正在下载:[黒セーラー服と妖夢ちゃん (東方Project)]-[POETTO (ハリュー)]-[['短篇', '同人', '東方', '純愛']]-[total_pages:18]
2026-08-15 23:30:21 - mkk_pika - main.py:49 - INFO - [{'_id': '5c5fc25f39b3e77e2b1c1931', 'title': '第1集', 'order': 1, 'updated_at': '2019-02-10T06:12:22.673Z', 'id': '5c5fc25f39b3e77e2b1c1931'}]
2026-08-15 23:30:21 - mkk_pika - database.py:215 - INFO - 第一次下载该漫画，记录数据库中
2026-08-15 23:30:22 - mkk_pika - main.py:83 - INFO - 找到 18 张图片在:第1集
2026-08-15 23:30:22 - mkk_pika - main.py:112 - INFO - [episode:第1集       ] downloaded:    18, total:  18, progress:100%
2026-08-15 23:30:22 - mkk_pika - database.py:238 - INFO - 数据库更新已下载章节
2026-08-15 23:30:22 - mkk_pika - database.py:244 - INFO - 该漫画已下载章节如下
2026-08-15 23:30:22 - mkk_pika - database.py:245 - INFO - ['第1集']
2026-08-15 23:30:24 - mkk_pika - main.py:348 - INFO - ==================== 漫画信息 ====================
                                   漫画ID：5c5fc25f39b3e77e2b1c1930
                                   标题：黒セーラー服と妖夢ちゃん (東方Project)
                                   作者：POETTO (ハリュー)
                                   是否完结：是
                                   总页数：18
                                   分类：短篇,同人,東方,純愛
                                   章节数：1
                                   最后更新时间：2019-02-10T06:19:11.922Z
                                   =================================================
2026-08-15 23:30:24 - mkk_pika - database.py:101 - INFO - 保存成功：黒セーラー服と妖夢ちゃん (東方Project)
2026-08-15 23:30:24 - mkk_pika - main.py:35 - INFO - 开始检查 君になる (Fate Grand Order) 是否存在未下载章节
2026-08-15 23:30:24 - mkk_pika - main.py:45 - INFO - 正在下载:[ 君になる (Fate Grand Order) ]-[ジンギスカンの玉葱は俺の嫁 (谷口さん)]-[['短篇', '同人', 'Fate', '性轉換']]-[total_pages:26]
2026-08-15 23:30:24 - mkk_pika - main.py:49 - INFO - [{'_id': '5c5fc26c1b43e92b561ce2aa', 'title': '第1集', 'order': 1, 'updated_at': '2019-02-10T06:15:34.400Z', 'id': '5c5fc26c1b43e92b561ce2aa'}]
2026-08-15 23:30:24 - mkk_pika - database.py:215 - INFO - 第一次下载该漫画，记录数据库中
2026-08-15 23:30:25 - mkk_pika - main.py:83 - INFO - 找到 26 张图片在:第1集
2026-08-15 23:30:25 - mkk_pika - main.py:112 - INFO - [episode:第1集       ] downloaded:    26, total:  26, progress:100%
2026-08-15 23:30:25 - mkk_pika - database.py:238 - INFO - 数据库更新已下载章节
2026-08-15 23:30:25 - mkk_pika - database.py:244 - INFO - 该漫画已下载章节如下
2026-08-15 23:30:25 - mkk_pika - database.py:245 - INFO - ['第1集']
2026-08-15 23:30:27 - mkk_pika - main.py:348 - INFO - ==================== 漫画信息 ====================
                                   漫画ID：5c5fc26c1b43e92b561ce2a9
                                   标题： 君になる (Fate Grand Order) 
                                   作者：ジンギスカンの玉葱は俺の嫁 (谷口さん)
                                   是否完结：是
                                   总页数：26
                                   分类：短篇,同人,Fate,性轉換
                                   章节数：1
                                   最后更新时间：2019-02-10T06:19:24.137Z
                                   =================================================
2026-08-15 23:30:27 - mkk_pika - database.py:101 - INFO - 保存成功： 君になる (Fate Grand Order) 
2026-08-15 23:30:27 - mkk_pika - main.py:35 - INFO - 开始检查將高嶺之花摘下來是否存在未下载章节
2026-08-15 23:30:27 - mkk_pika - main.py:45 - INFO - 正在下载:[將高嶺之花摘下來]-[クリムゾン]-[['長篇', '單行本', '強暴']]-[total_pages:203]
2026-08-15 23:30:27 - mkk_pika - main.py:49 - INFO - [{'_id': '5c603cf139b3e77e2b1c1eec', 'title': '第1集', 'order': 1, 'updated_at': '2019-02-10T06:14:18.788Z', 'id': '5c603cf139b3e77e2b1c1eec'}, {'_id': '5c603cf139b3e77e2b1c1eed', 'title': '第2集', 'order': 2, 'updated_at': '2019-02-10T06:19:04.068Z', 'id': '5c603cf139b3e77e2b1c1eed'}, {'_id': '5c603cf139b3e77e2b1c1eee', 'title': '第3集', 'order': 3, 'updated_at': '2019-02-10T06:25:36.968Z', 'id': '5c603cf139b3e77e2b1c1eee'}, {'_id': '5c603cf139b3e77e2b1c1eef', 'title': '第4集', 'order': 4, 'updated_at': '2019-02-10T06:30:57.106Z', 'id': '5c603cf139b3e77e2b1c1eef'}, {'_id': '5c603cf139b3e77e2b1c1ef0', 'title': '第5集', 'order': 5, 'updated_at': '2019-02-10T06:36:36.638Z', 'id': '5c603cf139b3e77e2b1c1ef0'}, {'_id': '5c603cf139b3e77e2b1c1ef1', 'title': '第6集', 'order': 6, 'updated_at': '2019-02-10T06:41:11.314Z', 'id': '5c603cf139b3e77e2b1c1ef1'}, {'_id': '5c603cf139b3e77e2b1c1ef2', 'title': '第7集', 'order': 7, 'updated_at': '2019-02-10T06:48:01.705Z', 'id': '5c603cf139b3e77e2b1c1ef2'}]
2026-08-15 23:30:27 - mkk_pika - database.py:215 - INFO - 第一次下载该漫画，记录数据库中
2026-08-15 23:30:28 - mkk_pika - main.py:83 - INFO - 找到 41 张图片在:第1集
2026-08-15 23:30:29 - mkk_pika - main.py:112 - INFO - [episode:第1集       ] downloaded:    41, total:  41, progress:100%
2026-08-15 23:30:29 - mkk_pika - database.py:238 - INFO - 数据库更新已下载章节
2026-08-15 23:30:29 - mkk_pika - database.py:244 - INFO - 该漫画已下载章节如下
2026-08-15 23:30:29 - mkk_pika - database.py:245 - INFO - ['第1集']
2026-08-15 23:30:30 - mkk_pika - main.py:83 - INFO - 找到 25 张图片在:第2集
2026-08-15 23:30:31 - mkk_pika - main.py:112 - INFO - [episode:第2集       ] downloaded:    25, total:  25, progress:100%
2026-08-15 23:30:31 - mkk_pika - database.py:238 - INFO - 数据库更新已下载章节
2026-08-15 23:30:31 - mkk_pika - database.py:244 - INFO - 该漫画已下载章节如下
2026-08-15 23:30:31 - mkk_pika - database.py:245 - INFO - ['第1集', '第2集']
2026-08-15 23:30:32 - mkk_pika - main.py:83 - INFO - 找到 33 张图片在:第3集
2026-08-15 23:30:33 - mkk_pika - main.py:112 - INFO - [episode:第3集       ] downloaded:    33, total:  33, progress:100%
2026-08-15 23:30:33 - mkk_pika - database.py:238 - INFO - 数据库更新已下载章节
2026-08-15 23:30:33 - mkk_pika - database.py:244 - INFO - 该漫画已下载章节如下
2026-08-15 23:30:33 - mkk_pika - database.py:245 - INFO - ['第1集', '第2集', '第3集']
2026-08-15 23:30:34 - mkk_pika - main.py:83 - INFO - 找到 20 张图片在:第4集
2026-08-15 23:30:35 - mkk_pika - main.py:112 - INFO - [episode:第4集       ] downloaded:    20, total:  20, progress:100%
2026-08-15 23:30:35 - mkk_pika - database.py:238 - INFO - 数据库更新已下载章节
2026-08-15 23:30:35 - mkk_pika - database.py:244 - INFO - 该漫画已下载章节如下
2026-08-15 23:30:35 - mkk_pika - database.py:245 - INFO - ['第1集', '第2集', '第3集', '第4集']
2026-08-15 23:30:36 - mkk_pika - main.py:83 - INFO - 找到 19 张图片在:第5集
2026-08-15 23:30:37 - mkk_pika - main.py:112 - INFO - [episode:第5集       ] downloaded:    19, total:  19, progress:100%
2026-08-15 23:30:37 - mkk_pika - database.py:238 - INFO - 数据库更新已下载章节
2026-08-15 23:30:37 - mkk_pika - database.py:244 - INFO - 该漫画已下载章节如下
2026-08-15 23:30:37 - mkk_pika - database.py:245 - INFO - ['第1集', '第2集', '第3集', '第4集', '第5集']
2026-08-15 23:30:38 - mkk_pika - main.py:83 - INFO - 找到 29 张图片在:第6集
2026-08-15 23:30:39 - mkk_pika - main.py:112 - INFO - [episode:第6集       ] downloaded:    29, total:  29, progress:100%
2026-08-15 23:30:39 - mkk_pika - database.py:238 - INFO - 数据库更新已下载章节
2026-08-15 23:30:39 - mkk_pika - database.py:244 - INFO - 该漫画已下载章节如下
2026-08-15 23:30:39 - mkk_pika - database.py:245 - INFO - ['第1集', '第2集', '第3集', '第4集', '第5集', '第6集']
2026-08-15 23:30:41 - mkk_pika - main.py:83 - INFO - 找到 36 张图片在:第7集
2026-08-15 23:30:41 - mkk_pika - main.py:112 - INFO - [episode:第7集       ] downloaded:    36, total:  36, progress:100%
2026-08-15 23:30:41 - mkk_pika - database.py:238 - INFO - 数据库更新已下载章节
2026-08-15 23:30:41 - mkk_pika - database.py:244 - INFO - 该漫画已下载章节如下
2026-08-15 23:30:41 - mkk_pika - database.py:245 - INFO - ['第1集', '第2集', '第3集', '第4集', '第5集', '第6集', '第7集']
2026-08-15 23:30:43 - mkk_pika - main.py:348 - INFO - ==================== 漫画信息 ====================
                                   漫画ID：5c603cf139b3e77e2b1c1eeb
                                   标题：將高嶺之花摘下來
                                   作者：クリムゾン
                                   是否完结：是
                                   总页数：203
                                   分类：長篇,單行本,強暴
                                   章节数：7
                                   最后更新时间：2019-02-10T15:02:09.519Z
                                   =================================================
2026-08-15 23:30:43 - mkk_pika - database.py:101 - INFO - 保存成功：將高嶺之花摘下來
2026-08-15 23:30:43 - mkk_pika - main.py:35 - INFO - 开始检查姫さまは退屈を知らない（公主大人不知疲倦）系列是否存在未下载章节
2026-08-15 23:30:43 - mkk_pika - main.py:45 - INFO - 正在下载:[姫さまは退屈を知らない（公主大人不知疲倦）系列]-[はしくれ工房 (こう1)]-[['長篇', '短篇']]-[total_pages:183]
2026-08-15 23:30:43 - mkk_pika - main.py:49 - INFO - [{'_id': '5c580ef4394b7008425d1fd9', 'title': '第1集', 'order': 1, 'updated_at': '2019-02-04T03:37:17.426Z', 'id': '5c580ef4394b7008425d1fd9'}, {'_id': '5c5a488698bc414e16a7473d', 'title': '第2集', 'order': 2, 'updated_at': '2019-02-05T15:01:22.616Z', 'id': '5c5a488698bc414e16a7473d'}, {'_id': '5c5d428f24cf7e2b888c928a', 'title': '第3集', 'order': 3, 'updated_at': '2019-02-07T03:24:41.230Z', 'id': '5c5d428f24cf7e2b888c928a'}, {'_id': '5c5ee3bdf031ca05bad8f36a', 'title': '第4集', 'order': 4, 'updated_at': '2019-02-09T05:22:04.544Z', 'id': '5c5ee3bdf031ca05bad8f36a'}, {'_id': '5c603d8639b3e77e2b1c1fca', 'title': '第5集', 'order': 5, 'updated_at': '2019-02-10T07:53:07.797Z', 'id': '5c603d8639b3e77e2b1c1fca'}]
2026-08-15 23:30:43 - mkk_pika - database.py:215 - INFO - 第一次下载该漫画，记录数据库中
2026-08-15 23:30:43 - mkk_pika - main.py:83 - INFO - 找到 25 张图片在:第1集
2026-08-15 23:30:44 - mkk_pika - main.py:112 - INFO - [episode:第1集       ] downloaded:    25, total:  25, progress:100%
2026-08-15 23:30:44 - mkk_pika - database.py:238 - INFO - 数据库更新已下载章节
2026-08-15 23:30:44 - mkk_pika - database.py:244 - INFO - 该漫画已下载章节如下
2026-08-15 23:30:44 - mkk_pika - database.py:245 - INFO - ['第1集']
2026-08-15 23:30:46 - mkk_pika - main.py:83 - INFO - 找到 35 张图片在:第2集
2026-08-15 23:30:46 - mkk_pika - main.py:112 - INFO - [episode:第2集       ] downloaded:    35, total:  35, progress:100%
2026-08-15 23:30:46 - mkk_pika - database.py:238 - INFO - 数据库更新已下载章节
2026-08-15 23:30:46 - mkk_pika - database.py:244 - INFO - 该漫画已下载章节如下
2026-08-15 23:30:46 - mkk_pika - database.py:245 - INFO - ['第1集', '第2集']
2026-08-15 23:30:48 - mkk_pika - main.py:83 - INFO - 找到 28 张图片在:第3集
2026-08-15 23:30:48 - mkk_pika - main.py:112 - INFO - [episode:第3集       ] downloaded:    28, total:  28, progress:100%
2026-08-15 23:30:48 - mkk_pika - database.py:238 - INFO - 数据库更新已下载章节
2026-08-15 23:30:48 - mkk_pika - database.py:244 - INFO - 该漫画已下载章节如下
2026-08-15 23:30:48 - mkk_pika - database.py:245 - INFO - ['第1集', '第2集', '第3集']
2026-08-15 23:30:50 - mkk_pika - main.py:83 - INFO - 找到 36 张图片在:第4集
2026-08-15 23:30:51 - mkk_pika - main.py:112 - INFO - [episode:第4集       ] downloaded:    36, total:  36, progress:100%
2026-08-15 23:30:51 - mkk_pika - database.py:238 - INFO - 数据库更新已下载章节
2026-08-15 23:30:51 - mkk_pika - database.py:244 - INFO - 该漫画已下载章节如下
2026-08-15 23:30:51 - mkk_pika - database.py:245 - INFO - ['第1集', '第2集', '第3集', '第4集']
2026-08-15 23:30:53 - mkk_pika - main.py:83 - INFO - 找到 59 张图片在:第5集
2026-08-15 23:30:54 - mkk_pika - main.py:112 - INFO - [episode:第5集       ] downloaded:    59, total:  59, progress:100%
2026-08-15 23:30:54 - mkk_pika - database.py:238 - INFO - 数据库更新已下载章节
2026-08-15 23:30:54 - mkk_pika - database.py:244 - INFO - 该漫画已下载章节如下
2026-08-15 23:30:54 - mkk_pika - database.py:245 - INFO - ['第1集', '第2集', '第3集', '第4集', '第5集']
2026-08-15 23:30:55 - mkk_pika - main.py:348 - INFO - ==================== 漫画信息 ====================
                                   漫画ID：5c580ef4394b7008425d1fd8
                                   标题：姫さまは退屈を知らない（公主大人不知疲倦）系列
                                   作者：はしくれ工房 (こう1)
                                   是否完结：是
                                   总页数：183
                                   分类：長篇,短篇
                                   章节数：5
                                   最后更新时间：2019-02-10T15:04:38.716Z
                                   =================================================
2026-08-15 23:30:55 - mkk_pika - database.py:101 - INFO - 保存成功：姫さまは退屈を知らない（公主大人不知疲倦）系列
2026-08-15 23:30:55 - mkk_pika - main.py:35 - INFO - 开始检查[Pixiv] sunhyun--1361199是否存在未下载章节
2026-08-15 23:30:55 - mkk_pika - main.py:45 - INFO - 正在下载:[[Pixiv] sunhyun--1361199]-[sunhyun]-[['全彩', '同人']]-[total_pages:177]
2026-08-15 23:30:55 - mkk_pika - main.py:49 - INFO - [{'_id': '5c603e2af031ca05bad8faa2', 'title': '第1集', 'order': 1, 'updated_at': '2019-02-10T09:57:27.225Z', 'id': '5c603e2af031ca05bad8faa2'}]
2026-08-15 23:30:55 - mkk_pika - database.py:215 - INFO - 第一次下载该漫画，记录数据库中
2026-08-15 23:30:58 - mkk_pika - main.py:83 - INFO - 找到 177 张图片在:第1集
2026-08-15 23:31:01 - mkk_pika - main.py:112 - INFO - [episode:第1集       ] downloaded:   177, total: 177, progress:100%
2026-08-15 23:31:01 - mkk_pika - database.py:238 - INFO - 数据库更新已下载章节
2026-08-15 23:31:01 - mkk_pika - database.py:244 - INFO - 该漫画已下载章节如下
2026-08-15 23:31:01 - mkk_pika - database.py:245 - INFO - ['第1集']
2026-08-15 23:31:02 - mkk_pika - main.py:348 - INFO - ==================== 漫画信息 ====================
                                   漫画ID：5c603e2af031ca05bad8faa1
                                   标题：[Pixiv] sunhyun--1361199
                                   作者：sunhyun
                                   是否完结：是
                                   总页数：177
                                   分类：全彩,同人
                                   章节数：1
                                   最后更新时间：2019-02-10T15:07:22.271Z
                                   =================================================
2026-08-15 23:31:02 - mkk_pika - database.py:101 - INFO - 保存成功：[Pixiv] sunhyun--1361199
2026-08-15 23:31:02 - mkk_pika - main.py:35 - INFO - 开始检查響ちゃん×罰ゲーム 是否存在未下载章节
2026-08-15 23:31:03 - mkk_pika - main.py:45 - INFO - 正在下载:[響ちゃん×罰ゲーム ]-[K+W (ささちん)]-[['同人', '短篇', '艦隊收藏']]-[total_pages:20]
2026-08-15 23:31:03 - mkk_pika - main.py:49 - INFO - [{'_id': '5c603e7638565d0d46ac17b0', 'title': '第1集', 'order': 1, 'updated_at': '2019-02-10T13:15:20.130Z', 'id': '5c603e7638565d0d46ac17b0'}]
2026-08-15 23:31:03 - mkk_pika - database.py:215 - INFO - 第一次下载该漫画，记录数据库中
2026-08-15 23:31:03 - mkk_pika - main.py:83 - INFO - 找到 20 张图片在:第1集
2026-08-15 23:31:04 - mkk_pika - main.py:112 - INFO - [episode:第1集       ] downloaded:    20, total:  20, progress:100%
2026-08-15 23:31:04 - mkk_pika - database.py:238 - INFO - 数据库更新已下载章节
2026-08-15 23:31:04 - mkk_pika - database.py:244 - INFO - 该漫画已下载章节如下
2026-08-15 23:31:04 - mkk_pika - database.py:245 - INFO - ['第1集']
2026-08-15 23:31:05 - mkk_pika - main.py:348 - INFO - ==================== 漫画信息 ====================
                                   漫画ID：5c603e7638565d0d46ac17af
                                   标题：響ちゃん×罰ゲーム 
                                   作者：K+W (ささちん)
                                   是否完结：否
                                   总页数：20
                                   分类：同人,短篇,艦隊收藏
                                   章节数：1
                                   最后更新时间：2019-02-10T15:08:38.231Z
                                   =================================================
2026-08-15 23:31:05 - mkk_pika - database.py:101 - INFO - 保存成功：響ちゃん×罰ゲーム 
2026-08-15 23:31:05 - mkk_pika - main.py:35 - INFO - 开始检查Miraiduma (COMIC X-EROS 68)  是否存在未下载章节
2026-08-15 23:31:05 - mkk_pika - main.py:45 - INFO - 正在下载:[Miraiduma (COMIC X-EROS 68)  ]-[Yoshiragi]-[['短篇', '純愛']]-[total_pages:26]
2026-08-15 23:31:05 - mkk_pika - main.py:49 - INFO - [{'_id': '5c603ea57fcf1d05cc0ab989', 'title': '第1集', 'order': 1, 'updated_at': '2019-02-10T13:55:02.474Z', 'id': '5c603ea57fcf1d05cc0ab989'}]
2026-08-15 23:31:05 - mkk_pika - database.py:215 - INFO - 第一次下载该漫画，记录数据库中
2026-08-15 23:31:06 - mkk_pika - main.py:83 - INFO - 找到 26 张图片在:第1集
2026-08-15 23:31:06 - mkk_pika - main.py:112 - INFO - [episode:第1集       ] downloaded:    26, total:  26, progress:100%
2026-08-15 23:31:06 - mkk_pika - database.py:238 - INFO - 数据库更新已下载章节
2026-08-15 23:31:06 - mkk_pika - database.py:244 - INFO - 该漫画已下载章节如下
2026-08-15 23:31:06 - mkk_pika - database.py:245 - INFO - ['第1集']
2026-08-15 23:31:08 - mkk_pika - main.py:348 - INFO - ==================== 漫画信息 ====================
                                   漫画ID：5c603ea57fcf1d05cc0ab988
                                   标题：Miraiduma (COMIC X-EROS 68)  
                                   作者：Yoshiragi
                                   是否完结：否
                                   总页数：26
                                   分类：短篇,純愛
                                   章节数：1
                                   最后更新时间：2019-02-10T15:09:25.533Z
                                   =================================================
2026-08-15 23:31:08 - mkk_pika - database.py:101 - INFO - 保存成功：Miraiduma (COMIC X-EROS 68)  
2026-08-15 23:31:08 - mkk_pika - main.py:35 - INFO - 开始检查ビターなコーヒーとシュガーなミルク「ドキドキ注意報」 利库特和他的主人是否存在未下载章节
2026-08-15 23:31:08 - mkk_pika - main.py:45 - INFO - 正在下载:[ビターなコーヒーとシュガーなミルク「ドキドキ注意報」 利库特和他的主人]-[ALMISM (水月あるみ)]-[['短篇', '純愛']]-[total_pages:29]
2026-08-15 23:31:08 - mkk_pika - main.py:49 - INFO - [{'_id': '5c603f23ad486f7e5da2d3cd', 'title': '第1集', 'order': 1, 'updated_at': '2019-02-10T14:41:13.469Z', 'id': '5c603f23ad486f7e5da2d3cd'}]
2026-08-15 23:31:08 - mkk_pika - database.py:215 - INFO - 第一次下载该漫画，记录数据库中
2026-08-15 23:31:09 - mkk_pika - main.py:83 - INFO - 找到 29 张图片在:第1集
2026-08-15 23:31:09 - mkk_pika - main.py:112 - INFO - [episode:第1集       ] downloaded:    29, total:  29, progress:100%
2026-08-15 23:31:09 - mkk_pika - database.py:238 - INFO - 数据库更新已下载章节
2026-08-15 23:31:09 - mkk_pika - database.py:244 - INFO - 该漫画已下载章节如下
2026-08-15 23:31:09 - mkk_pika - database.py:245 - INFO - ['第1集']
2026-08-15 23:31:10 - mkk_pika - main.py:348 - INFO - ==================== 漫画信息 ====================
                                   漫画ID：5c603f23ad486f7e5da2d3cc
                                   标题：ビターなコーヒーとシュガーなミルク「ドキドキ注意報」 利库特和他的主人
                                   作者：ALMISM (水月あるみ)
                                   是否完结：是
                                   总页数：29
                                   分类：短篇,純愛
                                   章节数：1
                                   最后更新时间：2019-02-10T15:11:31.417Z
                                   =================================================
2026-08-15 23:31:10 - mkk_pika - database.py:101 - INFO - 保存成功：ビターなコーヒーとシュガーなミルク「ドキドキ注意報」 利库特和他的主人
2026-08-15 23:31:10 - mkk_pika - main.py:35 - INFO - 开始检查(C95) Marked girls vol.19.1 (Fate Grand Order)是否存在未下载章节
2026-08-15 23:31:11 - mkk_pika - main.py:45 - INFO - 正在下载:[(C95) Marked girls vol.19.1 (Fate Grand Order)]-[Marked-two (スガヒデオ)]-[['同人', '短篇', 'Fate']]-[total_pages:8]
2026-08-15 23:31:11 - mkk_pika - main.py:49 - INFO - [{'_id': '5c60f4548539b178125ad2c3', 'title': '第1集', 'order': 1, 'updated_at': '2019-02-10T15:56:57.753Z', 'id': '5c60f4548539b178125ad2c3'}]
2026-08-15 23:31:11 - mkk_pika - database.py:215 - INFO - 第一次下载该漫画，记录数据库中
2026-08-15 23:31:11 - mkk_pika - main.py:83 - INFO - 找到 8 张图片在:第1集
2026-08-15 23:31:11 - mkk_pika - main.py:112 - INFO - [episode:第1集       ] downloaded:     8, total:   8, progress:100%
2026-08-15 23:31:11 - mkk_pika - database.py:238 - INFO - 数据库更新已下载章节
2026-08-15 23:31:11 - mkk_pika - database.py:244 - INFO - 该漫画已下载章节如下
2026-08-15 23:31:11 - mkk_pika - database.py:245 - INFO - ['第1集']
2026-08-15 23:31:13 - mkk_pika - main.py:348 - INFO - ==================== 漫画信息 ====================
                                   漫画ID：5c60f4548539b178125ad2c2
                                   标题：(C95) Marked girls vol.19.1 (Fate Grand Order)
                                   作者：Marked-two (スガヒデオ)
                                   是否完结：是
                                   总页数：8
                                   分类：同人,短篇,Fate
                                   章节数：1
                                   最后更新时间：2019-02-11T04:04:36.743Z
                                   =================================================
2026-08-15 23:31:13 - mkk_pika - database.py:101 - INFO - 保存成功：(C95) Marked girls vol.19.1 (Fate Grand Order)
2026-08-15 23:31:13 - mkk_pika - main.py:35 - INFO - 开始检查(C95) お風呂でホムラとスケベするほん (ゼノブレイド2)是否存在未下载章节
2026-08-15 23:31:13 - mkk_pika - main.py:45 - INFO - 正在下载:[(C95) お風呂でホムラとスケベするほん (ゼノブレイド2)]-[ほっけばいん! (はるこん)]-[['同人', '短篇']]-[total_pages:22]
2026-08-15 23:31:13 - mkk_pika - main.py:49 - INFO - [{'_id': '5c60f4a83ef608781ce65285', 'title': '第1集', 'order': 1, 'updated_at': '2019-02-10T16:12:34.227Z', 'id': '5c60f4a83ef608781ce65285'}]
2026-08-15 23:31:13 - mkk_pika - database.py:215 - INFO - 第一次下载该漫画，记录数据库中
2026-08-15 23:31:14 - mkk_pika - main.py:83 - INFO - 找到 22 张图片在:第1集
2026-08-15 23:31:14 - mkk_pika - main.py:112 - INFO - [episode:第1集       ] downloaded:    22, total:  22, progress:100%
2026-08-15 23:31:14 - mkk_pika - database.py:238 - INFO - 数据库更新已下载章节
2026-08-15 23:31:14 - mkk_pika - database.py:244 - INFO - 该漫画已下载章节如下
2026-08-15 23:31:14 - mkk_pika - database.py:245 - INFO - ['第1集']
2026-08-15 23:31:16 - mkk_pika - main.py:348 - INFO - ==================== 漫画信息 ====================
                                   漫画ID：5c60f4a83ef608781ce65284
                                   标题：(C95) お風呂でホムラとスケベするほん (ゼノブレイド2)
                                   作者：ほっけばいん! (はるこん)
                                   是否完结：是
                                   总页数：22
                                   分类：同人,短篇
                                   章节数：1
                                   最后更新时间：2019-02-11T04:06:00.555Z
                                   =================================================
2026-08-15 23:31:16 - mkk_pika - database.py:101 - INFO - 保存成功：(C95) お風呂でホムラとスケベするほん (ゼノブレイド2)
2026-08-15 23:31:16 - mkk_pika - main.py:35 - INFO - 开始检查(C83) HappyFlower 是否存在未下载章节
2026-08-15 23:31:16 - mkk_pika - main.py:45 - INFO - 正在下载:[(C83) HappyFlower ]-[しらないおうち (飴鳥)]-[['短篇']]-[total_pages:34]
2026-08-15 23:31:16 - mkk_pika - main.py:49 - INFO - [{'_id': '5c60f4c0d8b53f51f0690dc7', 'title': '第1集', 'order': 1, 'updated_at': '2019-02-10T16:21:31.150Z', 'id': '5c60f4c0d8b53f51f0690dc7'}]
2026-08-15 23:31:16 - mkk_pika - database.py:215 - INFO - 第一次下载该漫画，记录数据库中
2026-08-15 23:31:17 - mkk_pika - main.py:83 - INFO - 找到 34 张图片在:第1集
2026-08-15 23:31:17 - mkk_pika - main.py:112 - INFO - [episode:第1集       ] downloaded:    34, total:  34, progress:100%
2026-08-15 23:31:17 - mkk_pika - database.py:238 - INFO - 数据库更新已下载章节
2026-08-15 23:31:17 - mkk_pika - database.py:244 - INFO - 该漫画已下载章节如下
2026-08-15 23:31:17 - mkk_pika - database.py:245 - INFO - ['第1集']
2026-08-15 23:31:19 - mkk_pika - main.py:348 - INFO - ==================== 漫画信息 ====================
                                   漫画ID：5c60f4c0d8b53f51f0690dc6
                                   标题：(C83) HappyFlower 
                                   作者：しらないおうち (飴鳥)
                                   是否完结：是
                                   总页数：34
                                   分类：短篇
                                   章节数：1
                                   最后更新时间：2019-02-11T04:06:24.119Z
                                   =================================================
2026-08-15 23:31:19 - mkk_pika - database.py:101 - INFO - 保存成功：(C83) HappyFlower 
2026-08-15 23:31:19 - mkk_pika - main.py:35 - INFO - 开始检查(C80) やりまくりよ。 (化物語) 是否存在未下载章节
2026-08-15 23:31:19 - mkk_pika - main.py:45 - INFO - 正在下载:[(C80) やりまくりよ。 (化物語) ]-[pooca (乃良紳二)]-[['同人', '短篇']]-[total_pages:22]
2026-08-15 23:31:19 - mkk_pika - main.py:49 - INFO - [{'_id': '5c60f4e003c61c272de98701', 'title': '第1集', 'order': 1, 'updated_at': '2019-02-10T16:30:31.918Z', 'id': '5c60f4e003c61c272de98701'}]
2026-08-15 23:31:19 - mkk_pika - database.py:215 - INFO - 第一次下载该漫画，记录数据库中
2026-08-15 23:31:20 - mkk_pika - main.py:83 - INFO - 找到 22 张图片在:第1集
2026-08-15 23:31:20 - mkk_pika - main.py:112 - INFO - [episode:第1集       ] downloaded:    22, total:  22, progress:100%
2026-08-15 23:31:20 - mkk_pika - database.py:238 - INFO - 数据库更新已下载章节
2026-08-15 23:31:20 - mkk_pika - database.py:244 - INFO - 该漫画已下载章节如下
2026-08-15 23:31:21 - mkk_pika - database.py:245 - INFO - ['第1集']
2026-08-15 23:31:22 - mkk_pika - main.py:348 - INFO - ==================== 漫画信息 ====================
                                   漫画ID：5c60f4e003c61c272de98700
                                   标题：(C80) やりまくりよ。 (化物語) 
                                   作者：pooca (乃良紳二)
                                   是否完结：是
                                   总页数：22
                                   分类：同人,短篇
                                   章节数：1
                                   最后更新时间：2019-02-11T04:06:56.523Z
                                   =================================================
2026-08-15 23:31:22 - mkk_pika - database.py:101 - INFO - 保存成功：(C80) やりまくりよ。 (化物語) 
2026-08-15 23:31:22 - mkk_pika - main.py:35 - INFO - 开始检查宥姉のお使い (咲-Saki- 阿知賀編)是否存在未下载章节
2026-08-15 23:31:22 - mkk_pika - main.py:45 - INFO - 正在下载:[宥姉のお使い (咲-Saki- 阿知賀編)]-[pooca (白野じん)]-[['短篇', '同人']]-[total_pages:22]
2026-08-15 23:31:22 - mkk_pika - main.py:49 - INFO - [{'_id': '5c60f4f68cce1677e93c4641', 'title': '第1集', 'order': 1, 'updated_at': '2019-02-10T16:35:03.535Z', 'id': '5c60f4f68cce1677e93c4641'}]
2026-08-15 23:31:22 - mkk_pika - database.py:215 - INFO - 第一次下载该漫画，记录数据库中
2026-08-15 23:31:23 - mkk_pika - main.py:83 - INFO - 找到 22 张图片在:第1集
2026-08-15 23:31:23 - mkk_pika - main.py:112 - INFO - [episode:第1集       ] downloaded:    22, total:  22, progress:100%
2026-08-15 23:31:23 - mkk_pika - database.py:238 - INFO - 数据库更新已下载章节
2026-08-15 23:31:23 - mkk_pika - database.py:244 - INFO - 该漫画已下载章节如下
2026-08-15 23:31:23 - mkk_pika - database.py:245 - INFO - ['第1集']
2026-08-15 23:31:24 - mkk_pika - main.py:348 - INFO - ==================== 漫画信息 ====================
                                   漫画ID：5c60f4f68cce1677e93c4640
                                   标题：宥姉のお使い (咲-Saki- 阿知賀編)
                                   作者：pooca (白野じん)
                                   是否完结：是
                                   总页数：22
                                   分类：短篇,同人
                                   章节数：1
                                   最后更新时间：2019-02-11T04:07:18.123Z
                                   =================================================
2026-08-15 23:31:24 - mkk_pika - database.py:101 - INFO - 保存成功：宥姉のお使い (咲-Saki- 阿知賀編)
2026-08-15 23:31:24 - mkk_pika - main.py:35 - INFO - 开始检查(C76) 合ちゅく! (けいおん!)是否存在未下载章节
2026-08-15 23:31:25 - mkk_pika - main.py:45 - INFO - 正在下载:[(C76) 合ちゅく! (けいおん!)]-[pooca (乃良紳二)]-[['同人', '短篇']]-[total_pages:18]
2026-08-15 23:31:25 - mkk_pika - main.py:49 - INFO - [{'_id': '5c60f5d98539b178125ad3b8', 'title': '第1集', 'order': 1, 'updated_at': '2019-02-10T16:39:15.556Z', 'id': '5c60f5d98539b178125ad3b8'}]
2026-08-15 23:31:25 - mkk_pika - database.py:215 - INFO - 第一次下载该漫画，记录数据库中
2026-08-15 23:31:25 - mkk_pika - main.py:83 - INFO - 找到 18 张图片在:第1集
2026-08-15 23:31:26 - mkk_pika - main.py:112 - INFO - [episode:第1集       ] downloaded:    18, total:  18, progress:100%
2026-08-15 23:31:26 - mkk_pika - database.py:238 - INFO - 数据库更新已下载章节
2026-08-15 23:31:26 - mkk_pika - database.py:244 - INFO - 该漫画已下载章节如下
2026-08-15 23:31:26 - mkk_pika - database.py:245 - INFO - ['第1集']
2026-08-15 23:31:27 - mkk_pika - main.py:348 - INFO - ==================== 漫画信息 ====================
                                   漫画ID：5c60f5d98539b178125ad3b7
                                   标题：(C76) 合ちゅく! (けいおん!)
                                   作者：pooca (乃良紳二)
                                   是否完结：是
                                   总页数：18
                                   分类：同人,短篇
                                   章节数：1
                                   最后更新时间：2019-02-11T04:11:05.895Z
                                   =================================================
2026-08-15 23:31:27 - mkk_pika - database.py:101 - INFO - 保存成功：(C76) 合ちゅく! (けいおん!)
2026-08-15 23:31:27 - mkk_pika - main.py:35 - INFO - 开始检查まよいは禁物 (化物語)是否存在未下载章节
2026-08-15 23:31:27 - mkk_pika - main.py:45 - INFO - 正在下载:[まよいは禁物 (化物語)]-[pooca (乃良紳二)]-[['同人', '短篇']]-[total_pages:18]
2026-08-15 23:31:27 - mkk_pika - main.py:49 - INFO - [{'_id': '5c60f5e93ef608781ce652ee', 'title': '第1集', 'order': 1, 'updated_at': '2019-02-10T16:41:34.151Z', 'id': '5c60f5e93ef608781ce652ee'}]
2026-08-15 23:31:27 - mkk_pika - database.py:215 - INFO - 第一次下载该漫画，记录数据库中
2026-08-15 23:31:28 - mkk_pika - main.py:83 - INFO - 找到 18 张图片在:第1集
2026-08-15 23:31:29 - mkk_pika - main.py:112 - INFO - [episode:第1集       ] downloaded:    18, total:  18, progress:100%
2026-08-15 23:31:29 - mkk_pika - database.py:238 - INFO - 数据库更新已下载章节
2026-08-15 23:31:29 - mkk_pika - database.py:244 - INFO - 该漫画已下载章节如下
2026-08-15 23:31:29 - mkk_pika - database.py:245 - INFO - ['第1集']
2026-08-15 23:31:30 - mkk_pika - main.py:348 - INFO - ==================== 漫画信息 ====================
                                   漫画ID：5c60f5e93ef608781ce652ed
                                   标题：まよいは禁物 (化物語)
                                   作者：pooca (乃良紳二)
                                   是否完结：是
                                   总页数：18
                                   分类：同人,短篇
                                   章节数：1
                                   最后更新时间：2019-02-11T04:11:21.103Z
                                   =================================================
2026-08-15 23:31:30 - mkk_pika - database.py:101 - INFO - 保存成功：まよいは禁物 (化物語)
2026-08-15 23:31:30 - mkk_pika - main.py:35 - INFO - 开始检查(C81) 絶望なんてしない (魔法少女まどかマギカ) 是否存在未下载章节
2026-08-15 23:31:30 - mkk_pika - main.py:45 - INFO - 正在下载:[(C81) 絶望なんてしない (魔法少女まどかマギカ) ]-[pooca (乃良紳二)]-[['同人', '短篇']]-[total_pages:18]
2026-08-15 23:31:30 - mkk_pika - main.py:49 - INFO - [{'_id': '5c60f6180f7c1c77f101bda2', 'title': '第1集', 'order': 1, 'updated_at': '2019-02-10T16:45:09.957Z', 'id': '5c60f6180f7c1c77f101bda2'}]
2026-08-15 23:31:30 - mkk_pika - database.py:215 - INFO - 第一次下载该漫画，记录数据库中
2026-08-15 23:31:31 - mkk_pika - main.py:83 - INFO - 找到 18 张图片在:第1集
2026-08-15 23:31:31 - mkk_pika - main.py:112 - INFO - [episode:第1集       ] downloaded:    18, total:  18, progress:100%
2026-08-15 23:31:31 - mkk_pika - database.py:238 - INFO - 数据库更新已下载章节
2026-08-15 23:31:31 - mkk_pika - database.py:244 - INFO - 该漫画已下载章节如下
2026-08-15 23:31:31 - mkk_pika - database.py:245 - INFO - ['第1集']
2026-08-15 23:31:33 - mkk_pika - main.py:348 - INFO - ==================== 漫画信息 ====================
                                   漫画ID：5c60f6180f7c1c77f101bda1
                                   标题：(C81) 絶望なんてしない (魔法少女まどかマギカ) 
                                   作者：pooca (乃良紳二)
                                   是否完结：是
                                   总页数：18
                                   分类：同人,短篇
                                   章节数：1
                                   最后更新时间：2019-02-11T04:12:08.398Z
                                   =================================================
2026-08-15 23:31:33 - mkk_pika - database.py:101 - INFO - 保存成功：(C81) 絶望なんてしない (魔法少女まどかマギカ) 
2026-08-15 23:31:33 - mkk_pika - main.py:35 - INFO - 开始检查マイラブバイト是否存在未下载章节
2026-08-15 23:31:33 - mkk_pika - main.py:45 - INFO - 正在下载:[マイラブバイト]-[もくふう]-[['短篇']]-[total_pages:-20]
2026-08-15 23:31:33 - mkk_pika - main.py:49 - INFO - [{'_id': '5c6268c48539b178125ae81a', 'title': '第1集', 'order': 1, 'updated_at': '2019-02-11T16:31:46.065Z', 'id': '5c6268c48539b178125ae81a'}]
2026-08-15 23:31:33 - mkk_pika - database.py:215 - INFO - 第一次下载该漫画，记录数据库中
2026-08-15 23:31:34 - mkk_pika - main.py:83 - INFO - 找到 20 张图片在:第1集
2026-08-15 23:31:34 - mkk_pika - main.py:112 - INFO - [episode:第1集       ] downloaded:    20, total:  20, progress:100%
2026-08-15 23:31:34 - mkk_pika - database.py:238 - INFO - 数据库更新已下载章节
2026-08-15 23:31:34 - mkk_pika - database.py:244 - INFO - 该漫画已下载章节如下
2026-08-15 23:31:34 - mkk_pika - database.py:245 - INFO - ['第1集']
2026-08-15 23:31:35 - mkk_pika - main.py:348 - INFO - ==================== 漫画信息 ====================
                                   漫画ID：5c60f62cba425b26fb9e2c68
                                   标题：マイラブバイト
                                   作者：もくふう
                                   是否完结：是
                                   总页数：-20
                                   分类：短篇
                                   章节数：1
                                   最后更新时间：2019-02-11T04:12:28.341Z
                                   =================================================
2026-08-15 23:31:35 - mkk_pika - database.py:101 - INFO - 保存成功：マイラブバイト
2026-08-15 23:31:35 - mkk_pika - main.py:35 - INFO - 开始检查(C81) 洗脳調教のパペット (Steins;Gate) 是否存在未下载章节
2026-08-15 23:31:36 - mkk_pika - main.py:45 - INFO - 正在下载:[(C81) 洗脳調教のパペット (Steins;Gate) ]-[pooca (乃良紳二)]-[['同人', '短篇']]-[total_pages:22]
2026-08-15 23:31:36 - mkk_pika - main.py:49 - INFO - [{'_id': '5c60f63b8cce1677e93c46c3', 'title': '第1集', 'order': 1, 'updated_at': '2019-02-10T16:49:13.060Z', 'id': '5c60f63b8cce1677e93c46c3'}]
2026-08-15 23:31:36 - mkk_pika - database.py:215 - INFO - 第一次下载该漫画，记录数据库中
2026-08-15 23:31:36 - mkk_pika - main.py:83 - INFO - 找到 22 张图片在:第1集
2026-08-15 23:31:37 - mkk_pika - main.py:112 - INFO - [episode:第1集       ] downloaded:    22, total:  22, progress:100%
2026-08-15 23:31:37 - mkk_pika - database.py:238 - INFO - 数据库更新已下载章节
2026-08-15 23:31:37 - mkk_pika - database.py:244 - INFO - 该漫画已下载章节如下
2026-08-15 23:31:37 - mkk_pika - database.py:245 - INFO - ['第1集']
2026-08-15 23:31:38 - mkk_pika - main.py:348 - INFO - ==================== 漫画信息 ====================
                                   漫画ID：5c60f63b8cce1677e93c46c2
                                   标题：(C81) 洗脳調教のパペット (Steins;Gate) 
                                   作者：pooca (乃良紳二)
                                   是否完结：是
                                   总页数：22
                                   分类：同人,短篇
                                   章节数：1
                                   最后更新时间：2019-02-11T04:12:43.294Z
                                   =================================================
2026-08-15 23:31:38 - mkk_pika - database.py:101 - INFO - 保存成功：(C81) 洗脳調教のパペット (Steins;Gate) 
2026-08-15 23:31:38 - mkk_pika - main.py:35 - INFO - 开始检查(未来ガジェット325号) パソが無い (Steins;Gate) 是否存在未下载章节
2026-08-15 23:31:39 - mkk_pika - main.py:45 - INFO - 正在下载:[(未来ガジェット325号) パソが無い (Steins;Gate) ]-[pooca (乃良紳二)]-[['同人', '短篇']]-[total_pages:18]
2026-08-15 23:31:39 - mkk_pika - main.py:49 - INFO - [{'_id': '5c60f64d0f7c1c77f101bdb6', 'title': '第1集', 'order': 1, 'updated_at': '2019-02-10T16:52:04.401Z', 'id': '5c60f64d0f7c1c77f101bdb6'}]
2026-08-15 23:31:39 - mkk_pika - database.py:215 - INFO - 第一次下载该漫画，记录数据库中
2026-08-15 23:31:39 - mkk_pika - main.py:83 - INFO - 找到 18 张图片在:第1集
2026-08-15 23:31:40 - mkk_pika - main.py:112 - INFO - [episode:第1集       ] downloaded:    18, total:  18, progress:100%
2026-08-15 23:31:40 - mkk_pika - database.py:238 - INFO - 数据库更新已下载章节
2026-08-15 23:31:40 - mkk_pika - database.py:244 - INFO - 该漫画已下载章节如下
2026-08-15 23:31:40 - mkk_pika - database.py:245 - INFO - ['第1集']
2026-08-15 23:31:41 - mkk_pika - main.py:348 - INFO - ==================== 漫画信息 ====================
                                   漫画ID：5c60f64d0f7c1c77f101bdb5
                                   标题：(未来ガジェット325号) パソが無い (Steins;Gate) 
                                   作者：pooca (乃良紳二)
                                   是否完结：是
                                   总页数：18
                                   分类：同人,短篇
                                   章节数：1
                                   最后更新时间：2019-02-11T04:13:01.050Z
                                   =================================================
2026-08-15 23:31:41 - mkk_pika - database.py:101 - INFO - 保存成功：(未来ガジェット325号) パソが無い (Steins;Gate) 
2026-08-15 23:31:41 - mkk_pika - main.py:35 - INFO - 开始检查(C85) べつのいきもの (魔法少女まどか☆マギカ)是否存在未下载章节
2026-08-15 23:31:41 - mkk_pika - main.py:45 - INFO - 正在下载:[(C85) べつのいきもの (魔法少女まどか☆マギカ)]-[flowerchild植田 (FLOWERCHILD)]-[['同人', '短篇', '圓神領域']]-[total_pages:34]
2026-08-15 23:31:41 - mkk_pika - main.py:49 - INFO - [{'_id': '5c613f2faa42e426f5f99852', 'title': '第1集', 'order': 1, 'updated_at': '2019-02-10T17:17:56.045Z', 'id': '5c613f2faa42e426f5f99852'}]
2026-08-15 23:31:41 - mkk_pika - database.py:215 - INFO - 第一次下载该漫画，记录数据库中
2026-08-15 23:31:42 - mkk_pika - main.py:83 - INFO - 找到 34 张图片在:第1集
2026-08-15 23:31:42 - mkk_pika - main.py:112 - INFO - [episode:第1集       ] downloaded:    34, total:  34, progress:100%
2026-08-15 23:31:42 - mkk_pika - database.py:238 - INFO - 数据库更新已下载章节
2026-08-15 23:31:42 - mkk_pika - database.py:244 - INFO - 该漫画已下载章节如下
2026-08-15 23:31:42 - mkk_pika - database.py:245 - INFO - ['第1集']
2026-08-15 23:31:44 - mkk_pika - main.py:348 - INFO - ==================== 漫画信息 ====================
                                   漫画ID：5c613f2faa42e426f5f99851
                                   标题：(C85) べつのいきもの (魔法少女まどか☆マギカ)
                                   作者：flowerchild植田 (FLOWERCHILD)
                                   是否完结：是
                                   总页数：34
                                   分类：同人,短篇,圓神領域
                                   章节数：1
                                   最后更新时间：2019-02-11T09:23:59.654Z
                                   =================================================
2026-08-15 23:31:44 - mkk_pika - database.py:101 - INFO - 保存成功：(C85) べつのいきもの (魔法少女まどか☆マギカ)
2026-08-15 23:31:44 - mkk_pika - main.py:35 - INFO - 开始检查(C95)  the book of BB (Fate Grand Order) 是否存在未下载章节
2026-08-15 23:31:44 - mkk_pika - main.py:45 - INFO - 正在下载:[(C95)  the book of BB (Fate Grand Order) ]-[ Kodoku intelligence (Nanao  Mahaya)]-[['短篇', '同人', '全彩', 'Fate']]-[total_pages:17]
2026-08-15 23:31:44 - mkk_pika - main.py:49 - INFO - [{'_id': '5c613f4d03c61c272de989bb', 'title': '第1集', 'order': 1, 'updated_at': '2019-02-10T17:19:26.695Z', 'id': '5c613f4d03c61c272de989bb'}]
2026-08-15 23:31:44 - mkk_pika - database.py:215 - INFO - 第一次下载该漫画，记录数据库中
2026-08-15 23:31:45 - mkk_pika - main.py:83 - INFO - 找到 17 张图片在:第1集
2026-08-15 23:31:45 - mkk_pika - main.py:112 - INFO - [episode:第1集       ] downloaded:    17, total:  17, progress:100%
2026-08-15 23:31:45 - mkk_pika - database.py:238 - INFO - 数据库更新已下载章节
2026-08-15 23:31:45 - mkk_pika - database.py:244 - INFO - 该漫画已下载章节如下
2026-08-15 23:31:45 - mkk_pika - database.py:245 - INFO - ['第1集']
2026-08-15 23:31:46 - mkk_pika - main.py:348 - INFO - ==================== 漫画信息 ====================
                                   漫画ID：5c613f4d03c61c272de989ba
                                   标题：(C95)  the book of BB (Fate Grand Order) 
                                   作者： Kodoku intelligence (Nanao  Mahaya)
                                   是否完结：否
                                   总页数：17
                                   分类：短篇,同人,全彩,Fate
                                   章节数：1
                                   最后更新时间：2019-02-11T09:24:29.803Z
                                   =================================================
2026-08-15 23:31:46 - mkk_pika - database.py:101 - INFO - 保存成功：(C95)  the book of BB (Fate Grand Order) 
2026-08-15 23:31:46 - mkk_pika - main.py:35 - INFO - 开始检查(C95)  センパイが豚さんになるまで (Fate Grand Order) [中国翻訳]是否存在未下载章节
2026-08-15 23:31:47 - mkk_pika - main.py:45 - INFO - 正在下载:[(C95)  センパイが豚さんになるまで (Fate Grand Order) [中国翻訳]]-[ 絶対ブルーノイド (えんどう)]-[['短篇', '同人', 'Fate']]-[total_pages:20]
2026-08-15 23:31:47 - mkk_pika - main.py:49 - INFO - [{'_id': '5c613f6903c61c272de989ce', 'title': '第1集', 'order': 1, 'updated_at': '2019-02-10T17:28:14.966Z', 'id': '5c613f6903c61c272de989ce'}]
2026-08-15 23:31:47 - mkk_pika - database.py:215 - INFO - 第一次下载该漫画，记录数据库中
2026-08-15 23:31:47 - mkk_pika - main.py:83 - INFO - 找到 20 张图片在:第1集
2026-08-15 23:31:48 - mkk_pika - main.py:112 - INFO - [episode:第1集       ] downloaded:    20, total:  20, progress:100%
2026-08-15 23:31:48 - mkk_pika - database.py:238 - INFO - 数据库更新已下载章节
2026-08-15 23:31:48 - mkk_pika - database.py:244 - INFO - 该漫画已下载章节如下
2026-08-15 23:31:48 - mkk_pika - database.py:245 - INFO - ['第1集']
2026-08-15 23:31:49 - mkk_pika - main.py:348 - INFO - ==================== 漫画信息 ====================
                                   漫画ID：5c613f6903c61c272de989cd
                                   标题：(C95)  センパイが豚さんになるまで (Fate Grand Order) [中国翻訳]
                                   作者： 絶対ブルーノイド (えんどう)
                                   是否完结：是
                                   总页数：20
                                   分类：短篇,同人,Fate
                                   章节数：1
                                   最后更新时间：2019-02-11T09:24:57.085Z
                                   =================================================
2026-08-15 23:31:49 - mkk_pika - database.py:101 - INFO - 保存成功：(C95)  センパイが豚さんになるまで (Fate Grand Order) [中国翻訳]
2026-08-15 23:31:49 - mkk_pika - main.py:35 - INFO - 开始检查我的妹妹不會讀漢字是否存在未下载章节
2026-08-15 23:31:49 - mkk_pika - main.py:45 - INFO - 正在下载:[我的妹妹不會讀漢字]-[squeezecandyheaven (いちはや)]-[['妹妹系']]-[total_pages:32]
2026-08-15 23:31:49 - mkk_pika - main.py:49 - INFO - [{'_id': '5c613f8048d6430bf28df018', 'title': '第1集', 'order': 1, 'updated_at': '2019-02-10T17:33:47.012Z', 'id': '5c613f8048d6430bf28df018'}]
2026-08-15 23:31:49 - mkk_pika - database.py:215 - INFO - 第一次下载该漫画，记录数据库中
2026-08-15 23:31:50 - mkk_pika - main.py:83 - INFO - 找到 32 张图片在:第1集
2026-08-15 23:31:50 - mkk_pika - main.py:112 - INFO - [episode:第1集       ] downloaded:    32, total:  32, progress:100%
2026-08-15 23:31:50 - mkk_pika - database.py:238 - INFO - 数据库更新已下载章节
2026-08-15 23:31:50 - mkk_pika - database.py:244 - INFO - 该漫画已下载章节如下
2026-08-15 23:31:50 - mkk_pika - database.py:245 - INFO - ['第1集']
2026-08-15 23:31:52 - mkk_pika - main.py:348 - INFO - ==================== 漫画信息 ====================
                                   漫画ID：5c613f8048d6430bf28df017
                                   标题：我的妹妹不會讀漢字
                                   作者：squeezecandyheaven (いちはや)
                                   是否完结：否
                                   总页数：32
                                   分类：妹妹系
                                   章节数：1
                                   最后更新时间：2019-02-11T09:25:20.587Z
                                   =================================================
2026-08-15 23:31:52 - mkk_pika - database.py:101 - INFO - 保存成功：我的妹妹不會讀漢字
2026-08-15 23:31:52 - mkk_pika - main.py:35 - INFO - 开始检查(C94) 【メス犬アカリ】催眠したったwwww【メンヘラ月ちゃん】 (輝夜月、ミライアカリ)是否存在未下载章节
2026-08-15 23:31:52 - mkk_pika - main.py:45 - INFO - 正在下载:[(C94) 【メス犬アカリ】催眠したったwwww【メンヘラ月ちゃん】 (輝夜月、ミライアカリ)]-[PRAVO713 (原人)]-[['同人', '短篇']]-[total_pages:24]
2026-08-15 23:31:52 - mkk_pika - main.py:49 - INFO - [{'_id': '5c613fb0aa42e426f5f99879', 'title': '第1集', 'order': 1, 'updated_at': '2019-02-10T19:11:17.929Z', 'id': '5c613fb0aa42e426f5f99879'}]
2026-08-15 23:31:52 - mkk_pika - database.py:215 - INFO - 第一次下载该漫画，记录数据库中
2026-08-15 23:31:53 - mkk_pika - main.py:83 - INFO - 找到 24 张图片在:第1集
2026-08-15 23:31:53 - mkk_pika - main.py:112 - INFO - [episode:第1集       ] downloaded:    24, total:  24, progress:100%
2026-08-15 23:31:53 - mkk_pika - database.py:238 - INFO - 数据库更新已下载章节
2026-08-15 23:31:53 - mkk_pika - database.py:244 - INFO - 该漫画已下载章节如下
2026-08-15 23:31:53 - mkk_pika - database.py:245 - INFO - ['第1集']
2026-08-15 23:31:54 - mkk_pika - main.py:348 - INFO - ==================== 漫画信息 ====================
                                   漫画ID：5c613fb0aa42e426f5f99878
                                   标题：(C94) 【メス犬アカリ】催眠したったwwww【メンヘラ月ちゃん】 (輝夜月、ミライアカリ)
                                   作者：PRAVO713 (原人)
                                   是否完结：是
                                   总页数：24
                                   分类：同人,短篇
                                   章节数：1
                                   最后更新时间：2019-02-11T09:26:08.223Z
                                   =================================================
2026-08-15 23:31:54 - mkk_pika - database.py:101 - INFO - 保存成功：(C94) 【メス犬アカリ】催眠したったwwww【メンヘラ月ちゃん】 (輝夜月、ミライアカリ)
2026-08-15 23:31:54 - mkk_pika - main.py:35 - INFO - 开始检查(C84) シンアイマックスマッタナシ! (アイドルマスター シンデレラガールズ)是否存在未下载章节
2026-08-15 23:31:55 - mkk_pika - main.py:45 - INFO - 正在下载:[(C84) シンアイマックスマッタナシ! (アイドルマスター シンデレラガールズ)]-[A極振り (sian)]-[['同人', '短篇']]-[total_pages:41]
2026-08-15 23:31:55 - mkk_pika - main.py:49 - INFO - [{'_id': '5c613ffb421dc00bc8546791', 'title': '第1集', 'order': 1, 'updated_at': '2019-02-11T00:04:59.268Z', 'id': '5c613ffb421dc00bc8546791'}]
2026-08-15 23:31:55 - mkk_pika - database.py:215 - INFO - 第一次下载该漫画，记录数据库中
2026-08-15 23:31:56 - mkk_pika - main.py:83 - INFO - 找到 41 张图片在:第1集
2026-08-15 23:31:56 - mkk_pika - main.py:112 - INFO - [episode:第1集       ] downloaded:    41, total:  41, progress:100%
2026-08-15 23:31:56 - mkk_pika - database.py:238 - INFO - 数据库更新已下载章节
2026-08-15 23:31:56 - mkk_pika - database.py:244 - INFO - 该漫画已下载章节如下
2026-08-15 23:31:56 - mkk_pika - database.py:245 - INFO - ['第1集']
2026-08-15 23:31:58 - mkk_pika - main.py:348 - INFO - ==================== 漫画信息 ====================
                                   漫画ID：5c613ffb421dc00bc8546790
                                   标题：(C84) シンアイマックスマッタナシ! (アイドルマスター シンデレラガールズ)
                                   作者：A極振り (sian)
                                   是否完结：是
                                   总页数：41
                                   分类：同人,短篇
                                   章节数：1
                                   最后更新时间：2019-02-11T09:27:23.689Z
                                   =================================================
2026-08-15 23:31:58 - mkk_pika - database.py:101 - INFO - 保存成功：(C84) シンアイマックスマッタナシ! (アイドルマスター シンデレラガールズ)
2026-08-15 23:31:58 - mkk_pika - main.py:35 - INFO - 开始检查舰娘俾斯麦号战列舰——ビスコレzwei -Bismarck Collection是否存在未下载章节
2026-08-15 23:31:58 - mkk_pika - main.py:45 - INFO - 正在下载:[舰娘俾斯麦号战列舰——ビスコレzwei -Bismarck Collection]-[Digital Flyer (大田優一)]-[['同人', '艦隊收藏', '短篇']]-[total_pages:15]
2026-08-15 23:31:58 - mkk_pika - main.py:49 - INFO - [{'_id': '5c6140d8ba425b26fb9e2f24', 'title': '第1集', 'order': 1, 'updated_at': '2019-02-11T03:42:01.214Z', 'id': '5c6140d8ba425b26fb9e2f24'}]
2026-08-15 23:31:58 - mkk_pika - database.py:215 - INFO - 第一次下载该漫画，记录数据库中
2026-08-15 23:31:59 - mkk_pika - main.py:83 - INFO - 找到 34 张图片在:第1集
2026-08-15 23:31:59 - mkk_pika - main.py:112 - INFO - [episode:第1集       ] downloaded:    34, total:  34, progress:100%
2026-08-15 23:31:59 - mkk_pika - database.py:238 - INFO - 数据库更新已下载章节
2026-08-15 23:31:59 - mkk_pika - database.py:244 - INFO - 该漫画已下载章节如下
2026-08-15 23:31:59 - mkk_pika - database.py:245 - INFO - ['第1集']
2026-08-15 23:32:01 - mkk_pika - main.py:348 - INFO - ==================== 漫画信息 ====================
                                   漫画ID：5c6140d8ba425b26fb9e2f23
                                   标题：舰娘俾斯麦号战列舰——ビスコレzwei -Bismarck Collection
                                   作者：Digital Flyer (大田優一)
                                   是否完结：否
                                   总页数：15
                                   分类：同人,艦隊收藏,短篇
                                   章节数：1
                                   最后更新时间：2019-02-11T09:31:04.269Z
                                   =================================================
2026-08-15 23:32:01 - mkk_pika - database.py:101 - INFO - 保存成功：舰娘俾斯麦号战列舰——ビスコレzwei -Bismarck Collection
2026-08-15 23:32:01 - mkk_pika - main.py:35 - INFO - 开始检查歩佳サイボーグになっちゃいます（汉化）是否存在未下载章节
2026-08-15 23:32:01 - mkk_pika - main.py:45 - INFO - 正在下载:[歩佳サイボーグになっちゃいます（汉化）]-[Cyber F]-[['短篇', '全彩', '非人類']]-[total_pages:20]
2026-08-15 23:32:01 - mkk_pika - main.py:49 - INFO - [{'_id': '5c6140eb1372a8521ea84048', 'title': '第1集', 'order': 1, 'updated_at': '2019-02-11T03:44:17.990Z', 'id': '5c6140eb1372a8521ea84048'}]
2026-08-15 23:32:01 - mkk_pika - database.py:215 - INFO - 第一次下载该漫画，记录数据库中
2026-08-15 23:32:01 - mkk_pika - main.py:83 - INFO - 找到 20 张图片在:第1集
2026-08-15 23:32:02 - mkk_pika - main.py:112 - INFO - [episode:第1集       ] downloaded:    20, total:  20, progress:100%
2026-08-15 23:32:02 - mkk_pika - database.py:238 - INFO - 数据库更新已下载章节
2026-08-15 23:32:02 - mkk_pika - database.py:244 - INFO - 该漫画已下载章节如下
2026-08-15 23:32:02 - mkk_pika - database.py:245 - INFO - ['第1集']
2026-08-15 23:32:03 - mkk_pika - main.py:348 - INFO - ==================== 漫画信息 ====================
                                   漫画ID：5c6140eb1372a8521ea84047
                                   标题：歩佳サイボーグになっちゃいます（汉化）
                                   作者：Cyber F
                                   是否完结：是
                                   总页数：20
                                   分类：短篇,全彩,非人類
                                   章节数：1
                                   最后更新时间：2019-02-11T09:31:23.208Z
                                   =================================================
2026-08-15 23:32:03 - mkk_pika - database.py:101 - INFO - 保存成功：歩佳サイボーグになっちゃいます（汉化）
2026-08-15 23:32:03 - mkk_pika - main.py:35 - INFO - 开始检查ちょろ瑞鳳ちゃん改二 (艦隊これくしょん -艦これ-)是否存在未下载章节
2026-08-15 23:32:03 - mkk_pika - main.py:45 - INFO - 正在下载:[ちょろ瑞鳳ちゃん改二 (艦隊これくしょん -艦これ-)]-[TIES (タケイオーキ)]-[['短篇', '同人', '艦隊收藏', '純愛']]-[total_pages:28]
2026-08-15 23:32:03 - mkk_pika - main.py:49 - INFO - [{'_id': '5c6140ffddedbe522e5d6223', 'title': '第1集', 'order': 1, 'updated_at': '2019-02-11T03:51:27.494Z', 'id': '5c6140ffddedbe522e5d6223'}]
2026-08-15 23:32:03 - mkk_pika - database.py:215 - INFO - 第一次下载该漫画，记录数据库中
2026-08-15 23:32:04 - mkk_pika - main.py:83 - INFO - 找到 28 张图片在:第1集
2026-08-15 23:32:05 - mkk_pika - main.py:112 - INFO - [episode:第1集       ] downloaded:    28, total:  28, progress:100%
2026-08-15 23:32:05 - mkk_pika - database.py:238 - INFO - 数据库更新已下载章节
2026-08-15 23:32:05 - mkk_pika - database.py:244 - INFO - 该漫画已下载章节如下
2026-08-15 23:32:05 - mkk_pika - database.py:245 - INFO - ['第1集']
2026-08-15 23:32:06 - mkk_pika - main.py:348 - INFO - ==================== 漫画信息 ====================
                                   漫画ID：5c6140ffddedbe522e5d6222
                                   标题：ちょろ瑞鳳ちゃん改二 (艦隊これくしょん -艦これ-)
                                   作者：TIES (タケイオーキ)
                                   是否完结：是
                                   总页数：28
                                   分类：短篇,同人,艦隊收藏,純愛
                                   章节数：1
                                   最后更新时间：2019-02-11T09:31:43.249Z
                                   =================================================
2026-08-15 23:32:06 - mkk_pika - database.py:101 - INFO - 保存成功：ちょろ瑞鳳ちゃん改二 (艦隊これくしょん -艦これ-)
2026-08-15 23:32:06 - mkk_pika - main.py:35 - INFO - 开始检查家畜品評会 (ガールズフォーム Vol.18)是否存在未下载章节
2026-08-15 23:32:06 - mkk_pika - main.py:45 - INFO - 正在下载:[家畜品評会 (ガールズフォーム Vol.18)]-[シュガーミルク]-[['短篇', 'SM']]-[total_pages:21]
2026-08-15 23:32:06 - mkk_pika - main.py:49 - INFO - [{'_id': '5c61412c8539b178125ada7a', 'title': '第1集', 'order': 1, 'updated_at': '2019-02-11T04:04:35.876Z', 'id': '5c61412c8539b178125ada7a'}]
2026-08-15 23:32:06 - mkk_pika - database.py:215 - INFO - 第一次下载该漫画，记录数据库中
2026-08-15 23:32:07 - mkk_pika - main.py:83 - INFO - 找到 21 张图片在:第1集
2026-08-15 23:32:07 - mkk_pika - main.py:112 - INFO - [episode:第1集       ] downloaded:    21, total:  21, progress:100%
2026-08-15 23:32:07 - mkk_pika - database.py:238 - INFO - 数据库更新已下载章节
2026-08-15 23:32:07 - mkk_pika - database.py:244 - INFO - 该漫画已下载章节如下
2026-08-15 23:32:07 - mkk_pika - database.py:245 - INFO - ['第1集']
2026-08-15 23:32:09 - mkk_pika - main.py:348 - INFO - ==================== 漫画信息 ====================
                                   漫画ID：5c61412c8539b178125ada79
                                   标题：家畜品評会 (ガールズフォーム Vol.18)
                                   作者：シュガーミルク
                                   是否完结：是
                                   总页数：21
                                   分类：短篇,SM
                                   章节数：1
                                   最后更新时间：2019-02-11T09:32:28.596Z
                                   =================================================
2026-08-15 23:32:09 - mkk_pika - database.py:101 - INFO - 保存成功：家畜品評会 (ガールズフォーム Vol.18)
2026-08-15 23:32:09 - mkk_pika - main.py:35 - INFO - 开始检查小夜と僕 (ガールズフォーム Vol.18)是否存在未下载章节
2026-08-15 23:32:09 - mkk_pika - main.py:45 - INFO - 正在下载:[小夜と僕 (ガールズフォーム Vol.18)]-[黒龍眼]-[['短篇', '純愛', '妹妹系']]-[total_pages:27]
2026-08-15 23:32:09 - mkk_pika - main.py:49 - INFO - [{'_id': '5c6141883ef608781ce659b3', 'title': '第1集', 'order': 1, 'updated_at': '2019-02-11T04:10:09.399Z', 'id': '5c6141883ef608781ce659b3'}]
2026-08-15 23:32:09 - mkk_pika - database.py:215 - INFO - 第一次下载该漫画，记录数据库中
2026-08-15 23:32:09 - mkk_pika - main.py:83 - INFO - 找到 27 张图片在:第1集
2026-08-15 23:32:10 - mkk_pika - main.py:112 - INFO - [episode:第1集       ] downloaded:    27, total:  27, progress:100%
2026-08-15 23:32:10 - mkk_pika - database.py:238 - INFO - 数据库更新已下载章节
2026-08-15 23:32:10 - mkk_pika - database.py:244 - INFO - 该漫画已下载章节如下
2026-08-15 23:32:10 - mkk_pika - database.py:245 - INFO - ['第1集']
2026-08-15 23:32:11 - mkk_pika - main.py:348 - INFO - ==================== 漫画信息 ====================
                                   漫画ID：5c6141883ef608781ce659b2
                                   标题：小夜と僕 (ガールズフォーム Vol.18)
                                   作者：黒龍眼
                                   是否完结：是
                                   总页数：27
                                   分类：短篇,純愛,妹妹系
                                   章节数：1
                                   最后更新时间：2019-02-11T09:34:00.669Z
                                   =================================================
2026-08-15 23:32:11 - mkk_pika - database.py:101 - INFO - 保存成功：小夜と僕 (ガールズフォーム Vol.18)
2026-08-15 23:32:11 - mkk_pika - main.py:35 - INFO - 开始检查自称ドＳクンの受難 (ガールズフォーム Vol.18)是否存在未下载章节
2026-08-15 23:32:12 - mkk_pika - main.py:45 - INFO - 正在下载:[自称ドＳクンの受難 (ガールズフォーム Vol.18)]-[うすべに桜子]-[['短篇', 'SM']]-[total_pages:21]
2026-08-15 23:32:12 - mkk_pika - main.py:49 - INFO - [{'_id': '5c61419bba425b26fb9e2f60', 'title': '第1集', 'order': 1, 'updated_at': '2019-02-11T04:16:47.344Z', 'id': '5c61419bba425b26fb9e2f60'}]
2026-08-15 23:32:12 - mkk_pika - database.py:215 - INFO - 第一次下载该漫画，记录数据库中
2026-08-15 23:32:12 - mkk_pika - main.py:83 - INFO - 找到 21 张图片在:第1集
2026-08-15 23:32:13 - mkk_pika - main.py:112 - INFO - [episode:第1集       ] downloaded:    21, total:  21, progress:100%
2026-08-15 23:32:13 - mkk_pika - database.py:238 - INFO - 数据库更新已下载章节
2026-08-15 23:32:13 - mkk_pika - database.py:244 - INFO - 该漫画已下载章节如下
2026-08-15 23:32:13 - mkk_pika - database.py:245 - INFO - ['第1集']
2026-08-15 23:32:14 - mkk_pika - main.py:348 - INFO - ==================== 漫画信息 ====================
                                   漫画ID：5c61419bba425b26fb9e2f5f
                                   标题：自称ドＳクンの受難 (ガールズフォーム Vol.18)
                                   作者：うすべに桜子
                                   是否完结：是
                                   总页数：21
                                   分类：短篇,SM
                                   章节数：1
                                   最后更新时间：2019-02-11T09:34:19.554Z
                                   =================================================
2026-08-15 23:32:14 - mkk_pika - database.py:101 - INFO - 保存成功：自称ドＳクンの受難 (ガールズフォーム Vol.18)
2026-08-15 23:32:14 - mkk_pika - main.py:35 - INFO - 开始检查【メス犬アカリ】催眠したったwwww【メンヘラ月ちゃん】是否存在未下载章节
2026-08-15 23:32:14 - mkk_pika - main.py:45 - INFO - 正在下载:[【メス犬アカリ】催眠したったwwww【メンヘラ月ちゃん】]-[PRAVO713 (原人)]-[['同人', '短篇']]-[total_pages:46]
2026-08-15 23:32:14 - mkk_pika - main.py:49 - INFO - [{'_id': '5bb190aae25ac25a7c0add43', 'title': '生肉', 'order': 1, 'updated_at': '2019-02-11T09:36:01.480Z', 'id': '5bb190aae25ac25a7c0add43'}, {'_id': '5c61420103c61c272de98aee', 'title': '熟肉', 'order': 2, 'updated_at': '2019-02-11T04:41:45.304Z', 'id': '5c61420103c61c272de98aee'}]
2026-08-15 23:32:14 - mkk_pika - database.py:215 - INFO - 第一次下载该漫画，记录数据库中
2026-08-15 23:32:15 - mkk_pika - main.py:83 - INFO - 找到 22 张图片在:生肉
2026-08-15 23:32:15 - mkk_pika - main.py:112 - INFO - [episode:生肉        ] downloaded:    22, total:  22, progress:100%
2026-08-15 23:32:15 - mkk_pika - database.py:238 - INFO - 数据库更新已下载章节
2026-08-15 23:32:15 - mkk_pika - database.py:244 - INFO - 该漫画已下载章节如下
2026-08-15 23:32:15 - mkk_pika - database.py:245 - INFO - ['生肉']
2026-08-15 23:32:17 - mkk_pika - main.py:83 - INFO - 找到 24 张图片在:熟肉
2026-08-15 23:32:17 - mkk_pika - main.py:112 - INFO - [episode:熟肉        ] downloaded:    24, total:  24, progress:100%
2026-08-15 23:32:17 - mkk_pika - database.py:238 - INFO - 数据库更新已下载章节
2026-08-15 23:32:17 - mkk_pika - database.py:244 - INFO - 该漫画已下载章节如下
2026-08-15 23:32:17 - mkk_pika - database.py:245 - INFO - ['生肉', '熟肉']
2026-08-15 23:32:19 - mkk_pika - main.py:348 - INFO - ==================== 漫画信息 ====================
                                   漫画ID：5bb190aae25ac25a7c0add42
                                   标题：【メス犬アカリ】催眠したったwwww【メンヘラ月ちゃん】
                                   作者：PRAVO713 (原人)
                                   是否完结：否
                                   总页数：46
                                   分类：同人,短篇
                                   章节数：2
                                   最后更新时间：2019-02-11T09:36:01.464Z
                                   =================================================
2026-08-15 23:32:19 - mkk_pika - database.py:101 - INFO - 保存成功：【メス犬アカリ】催眠したったwwww【メンヘラ月ちゃん】
2026-08-15 23:32:19 - mkk_pika - main.py:35 - INFO - 开始检查 甘リリス [DL版][無修正]是否存在未下载章节
2026-08-15 23:32:19 - mkk_pika - main.py:45 - INFO - 正在下载:[ 甘リリス [DL版][無修正]]-[毛玉牛乳 (玉之けだま)]-[['全彩', '短篇', '純愛']]-[total_pages:28]
2026-08-15 23:32:19 - mkk_pika - main.py:49 - INFO - [{'_id': '5c614221aa42e426f5f998ea', 'title': '蘿莉？魅魔!北京市第三區委提醒您...', 'order': 1, 'updated_at': '2019-02-11T04:53:09.068Z', 'id': '5c614221aa42e426f5f998ea'}]
2026-08-15 23:32:19 - mkk_pika - database.py:215 - INFO - 第一次下载该漫画，记录数据库中
2026-08-15 23:32:20 - mkk_pika - main.py:83 - INFO - 找到 28 张图片在:蘿莉？魅魔!北京市第三區委提醒您...
2026-08-15 23:32:20 - mkk_pika - main.py:112 - INFO - [episode:蘿莉？魅魔!北京市第三區委提醒您...] downloaded:    28, total:  28, progress:100%
2026-08-15 23:32:20 - mkk_pika - database.py:238 - INFO - 数据库更新已下载章节
2026-08-15 23:32:20 - mkk_pika - database.py:244 - INFO - 该漫画已下载章节如下
2026-08-15 23:32:20 - mkk_pika - database.py:245 - INFO - ['蘿莉？魅魔!北京市第三區委提醒您...']
2026-08-15 23:32:21 - mkk_pika - main.py:348 - INFO - ==================== 漫画信息 ====================
                                   漫画ID：5c614221aa42e426f5f998e9
                                   标题： 甘リリス [DL版][無修正]
                                   作者：毛玉牛乳 (玉之けだま)
                                   是否完结：是
                                   总页数：28
                                   分类：全彩,短篇,純愛
                                   章节数：1
                                   最后更新时间：2019-02-11T09:36:33.941Z
                                   =================================================
2026-08-15 23:32:21 - mkk_pika - database.py:101 - INFO - 保存成功： 甘リリス [DL版][無修正]
2026-08-15 23:32:21 - mkk_pika - main.py:35 - INFO - 开始检查みなつのせい (COMIC LO 2018年5月号)是否存在未下载章节
2026-08-15 23:32:22 - mkk_pika - main.py:45 - INFO - 正在下载:[みなつのせい (COMIC LO 2018年5月号)]-[へんりいだ]-[['短篇', '純愛', '妹妹系']]-[total_pages:37]
2026-08-15 23:32:22 - mkk_pika - main.py:49 - INFO - [{'_id': '5c6142b2aa42e426f5f99915', 'title': '第1集', 'order': 1, 'updated_at': '2019-02-11T05:16:59.740Z', 'id': '5c6142b2aa42e426f5f99915'}]
2026-08-15 23:32:22 - mkk_pika - database.py:215 - INFO - 第一次下载该漫画，记录数据库中
2026-08-15 23:32:23 - mkk_pika - main.py:83 - INFO - 找到 37 张图片在:第1集
2026-08-15 23:32:23 - mkk_pika - main.py:112 - INFO - [episode:第1集       ] downloaded:    37, total:  37, progress:100%
2026-08-15 23:32:23 - mkk_pika - database.py:238 - INFO - 数据库更新已下载章节
2026-08-15 23:32:23 - mkk_pika - database.py:244 - INFO - 该漫画已下载章节如下
2026-08-15 23:32:23 - mkk_pika - database.py:245 - INFO - ['第1集']
2026-08-15 23:32:25 - mkk_pika - main.py:348 - INFO - ==================== 漫画信息 ====================
                                   漫画ID：5c6142b2aa42e426f5f99914
                                   标题：みなつのせい (COMIC LO 2018年5月号)
                                   作者：へんりいだ
                                   是否完结：否
                                   总页数：37
                                   分类：短篇,純愛,妹妹系
                                   章节数：1
                                   最后更新时间：2019-02-11T09:38:58.982Z
                                   =================================================
2026-08-15 23:32:25 - mkk_pika - database.py:101 - INFO - 保存成功：みなつのせい (COMIC LO 2018年5月号)
2026-08-15 23:32:25 - mkk_pika - main.py:35 - INFO - 开始检查Droid Blade (ドラゴンボール ファイターズ)是否存在未下载章节
2026-08-15 23:32:25 - mkk_pika - main.py:45 - INFO - 正在下载:[Droid Blade (ドラゴンボール ファイターズ)]-[BOBCATERS (波紋愛)]-[['短篇', '同人', '全彩']]-[total_pages:14]
2026-08-15 23:32:25 - mkk_pika - main.py:49 - INFO - [{'_id': '5c6142ef8cce1677e93c4f29', 'title': '第1集', 'order': 1, 'updated_at': '2019-02-11T05:54:04.253Z', 'id': '5c6142ef8cce1677e93c4f29'}]
2026-08-15 23:32:25 - mkk_pika - database.py:215 - INFO - 第一次下载该漫画，记录数据库中
2026-08-15 23:32:26 - mkk_pika - main.py:83 - INFO - 找到 14 张图片在:第1集
2026-08-15 23:32:26 - mkk_pika - main.py:112 - INFO - [episode:第1集       ] downloaded:    14, total:  14, progress:100%
2026-08-15 23:32:26 - mkk_pika - database.py:238 - INFO - 数据库更新已下载章节
2026-08-15 23:32:26 - mkk_pika - database.py:244 - INFO - 该漫画已下载章节如下
2026-08-15 23:32:26 - mkk_pika - database.py:245 - INFO - ['第1集']
2026-08-15 23:32:27 - mkk_pika - main.py:348 - INFO - ==================== 漫画信息 ====================
                                   漫画ID：5c6142ef8cce1677e93c4f28
                                   标题：Droid Blade (ドラゴンボール ファイターズ)
                                   作者：BOBCATERS (波紋愛)
                                   是否完结：是
                                   总页数：14
                                   分类：短篇,同人,全彩
                                   章节数：1
                                   最后更新时间：2019-02-11T09:39:59.199Z
                                   =================================================
2026-08-15 23:32:27 - mkk_pika - database.py:101 - INFO - 保存成功：Droid Blade (ドラゴンボール ファイターズ)
2026-08-15 23:32:27 - mkk_pika - main.py:35 - INFO - 开始检查生意気アイドルに腹パン下剋上(二次元コミックマガジン 生 意気女に腹パン制裁! Vol.1)是否存在未下载章节
2026-08-15 23:32:28 - mkk_pika - main.py:45 - INFO - 正在下载:[生意気アイドルに腹パン下剋上(二次元コミックマガジン 生 意気女に腹パン制裁! Vol.1)]-[電脳ちょこれーと ([AwA)]-[['短篇', '同人', 'SM', '強暴']]-[total_pages:33]
2026-08-15 23:32:28 - mkk_pika - main.py:49 - INFO - [{'_id': '5c61436303c61c272de98b15', 'title': '第1集', 'order': 1, 'updated_at': '2019-02-11T06:14:40.576Z', 'id': '5c61436303c61c272de98b15'}]
2026-08-15 23:32:28 - mkk_pika - database.py:215 - INFO - 第一次下载该漫画，记录数据库中
2026-08-15 23:32:28 - mkk_pika - main.py:83 - INFO - 找到 33 张图片在:第1集
2026-08-15 23:32:29 - mkk_pika - main.py:112 - INFO - [episode:第1集       ] downloaded:    33, total:  33, progress:100%
2026-08-15 23:32:29 - mkk_pika - database.py:238 - INFO - 数据库更新已下载章节
2026-08-15 23:32:29 - mkk_pika - database.py:244 - INFO - 该漫画已下载章节如下
2026-08-15 23:32:29 - mkk_pika - database.py:245 - INFO - ['第1集']
2026-08-15 23:32:30 - mkk_pika - main.py:348 - INFO - ==================== 漫画信息 ====================
                                   漫画ID：5c61436303c61c272de98b14
                                   标题：生意気アイドルに腹パン下剋上(二次元コミックマガジン 生 意気女に腹パン制裁! Vol.1)
                                   作者：電脳ちょこれーと ([AwA)
                                   是否完结：是
                                   总页数：33
                                   分类：短篇,同人,SM,強暴
                                   章节数：1
                                   最后更新时间：2019-02-11T09:41:55.871Z
                                   =================================================
2026-08-15 23:32:30 - mkk_pika - database.py:101 - INFO - 保存成功：生意気アイドルに腹パン下剋上(二次元コミックマガジン 生 意気女に腹パン制裁! Vol.1)
2026-08-15 23:32:30 - mkk_pika - main.py:35 - INFO - 开始检查生意気アイドルに腹パン下剋上 追撃(二次元コミックマガジ ン 生意気女に腹パン制裁! Vol.2)是否存在未下载章节
2026-08-15 23:32:30 - mkk_pika - main.py:45 - INFO - 正在下载:[生意気アイドルに腹パン下剋上 追撃(二次元コミックマガジ ン 生意気女に腹パン制裁! Vol.2)]-[電脳ちょこれーと ([AwA)]-[['短篇', 'SM', '強暴']]-[total_pages:15]
2026-08-15 23:32:30 - mkk_pika - main.py:49 - INFO - [{'_id': '5c61437c4571b50bc28b0a91', 'title': '第1集', 'order': 1, 'updated_at': '2019-02-11T06:23:20.417Z', 'id': '5c61437c4571b50bc28b0a91'}]
2026-08-15 23:32:30 - mkk_pika - database.py:215 - INFO - 第一次下载该漫画，记录数据库中
2026-08-15 23:32:31 - mkk_pika - main.py:83 - INFO - 找到 15 张图片在:第1集
2026-08-15 23:32:31 - mkk_pika - main.py:112 - INFO - [episode:第1集       ] downloaded:    15, total:  15, progress:100%
2026-08-15 23:32:31 - mkk_pika - database.py:238 - INFO - 数据库更新已下载章节
2026-08-15 23:32:31 - mkk_pika - database.py:244 - INFO - 该漫画已下载章节如下
2026-08-15 23:32:31 - mkk_pika - database.py:245 - INFO - ['第1集']
2026-08-15 23:32:33 - mkk_pika - main.py:348 - INFO - ==================== 漫画信息 ====================
                                   漫画ID：5c61437c4571b50bc28b0a90
                                   标题：生意気アイドルに腹パン下剋上 追撃(二次元コミックマガジ ン 生意気女に腹パン制裁! Vol.2)
                                   作者：電脳ちょこれーと ([AwA)
                                   是否完结：是
                                   总页数：15
                                   分类：短篇,SM,強暴
                                   章节数：1
                                   最后更新时间：2019-02-11T09:42:20.715Z
                                   =================================================
2026-08-15 23:32:33 - mkk_pika - database.py:101 - INFO - 保存成功：生意気アイドルに腹パン下剋上 追撃(二次元コミックマガジ ン 生意気女に腹パン制裁! Vol.2)
2026-08-15 23:32:33 - mkk_pika - main.py:35 - INFO - 开始检查ガルパン抱き枕合同 合同と は言っていない (ガールズ&パンツァー)是否存在未下载章节
2026-08-15 23:32:33 - mkk_pika - main.py:45 - INFO - 正在下载:[ガルパン抱き枕合同 合同と は言っていない (ガールズ&パンツァー)]-[焼きたてジャマイカ (あおむし)]-[['短篇', '同人', '百合花園']]-[total_pages:36]
2026-08-15 23:32:33 - mkk_pika - main.py:49 - INFO - [{'_id': '5c6143c73cf33b2735ae4c2d', 'title': '第1集', 'order': 1, 'updated_at': '2019-02-11T06:41:56.241Z', 'id': '5c6143c73cf33b2735ae4c2d'}, {'_id': '5c6143c73cf33b2735ae4c2e', 'title': '第2集', 'order': 2, 'updated_at': '2019-02-11T06:43:21.682Z', 'id': '5c6143c73cf33b2735ae4c2e'}]
2026-08-15 23:32:33 - mkk_pika - database.py:215 - INFO - 第一次下载该漫画，记录数据库中
2026-08-15 23:32:33 - mkk_pika - main.py:83 - INFO - 找到 12 张图片在:第1集
2026-08-15 23:32:34 - mkk_pika - main.py:112 - INFO - [episode:第1集       ] downloaded:    12, total:  12, progress:100%
2026-08-15 23:32:34 - mkk_pika - database.py:238 - INFO - 数据库更新已下载章节
2026-08-15 23:32:34 - mkk_pika - database.py:244 - INFO - 该漫画已下载章节如下
2026-08-15 23:32:34 - mkk_pika - database.py:245 - INFO - ['第1集']
2026-08-15 23:32:35 - mkk_pika - main.py:83 - INFO - 找到 24 张图片在:第2集
2026-08-15 23:32:36 - mkk_pika - main.py:112 - INFO - [episode:第2集       ] downloaded:    24, total:  24, progress:100%
2026-08-15 23:32:36 - mkk_pika - database.py:238 - INFO - 数据库更新已下载章节
2026-08-15 23:32:36 - mkk_pika - database.py:244 - INFO - 该漫画已下载章节如下
2026-08-15 23:32:36 - mkk_pika - database.py:245 - INFO - ['第1集', '第2集']
2026-08-15 23:32:37 - mkk_pika - main.py:348 - INFO - ==================== 漫画信息 ====================
                                   漫画ID：5c6143c73cf33b2735ae4c2c
                                   标题：ガルパン抱き枕合同 合同と は言っていない (ガールズ&パンツァー)
                                   作者：焼きたてジャマイカ (あおむし)
                                   是否完结：是
                                   总页数：36
                                   分类：短篇,同人,百合花園
                                   章节数：2
                                   最后更新时间：2019-02-11T09:43:35.708Z
                                   =================================================
2026-08-15 23:32:37 - mkk_pika - database.py:101 - INFO - 保存成功：ガルパン抱き枕合同 合同と は言っていない (ガールズ&パンツァー)
2026-08-15 23:32:37 - mkk_pika - main.py:35 - INFO - 开始检查喝醉的大姐姐就这么在电车里被干了 終電×泥酔×千冬姉 (インフィニット・ストラトス) [中国翻訳]是否存在未下载章节
2026-08-15 23:32:37 - mkk_pika - main.py:45 - INFO - 正在下载:[喝醉的大姐姐就这么在电车里被干了 終電×泥酔×千冬姉 (インフィニット・ストラトス) [中国翻訳]]-[CHIBIKKO KINGDOM (けこちゃ)]-[['短篇', '強暴']]-[total_pages:22]
2026-08-15 23:32:37 - mkk_pika - main.py:49 - INFO - [{'_id': '5c6143faaa42e426f5f99971', 'title': '来！干杯~！吨吨吨吨吨~~', 'order': 1, 'updated_at': '2019-02-11T07:51:25.239Z', 'id': '5c6143faaa42e426f5f99971'}]
2026-08-15 23:32:37 - mkk_pika - database.py:215 - INFO - 第一次下载该漫画，记录数据库中
2026-08-15 23:32:38 - mkk_pika - main.py:83 - INFO - 找到 22 张图片在:来！干杯~！吨吨吨吨吨~~
2026-08-15 23:32:38 - mkk_pika - main.py:112 - INFO - [episode:来！干杯~！吨吨吨吨吨~~] downloaded:    22, total:  22, progress:100%
2026-08-15 23:32:38 - mkk_pika - database.py:238 - INFO - 数据库更新已下载章节
2026-08-15 23:32:38 - mkk_pika - database.py:244 - INFO - 该漫画已下载章节如下
2026-08-15 23:32:38 - mkk_pika - database.py:245 - INFO - ['来！干杯~！吨吨吨吨吨~~']
2026-08-15 23:32:40 - mkk_pika - main.py:348 - INFO - ==================== 漫画信息 ====================
                                   漫画ID：5c6143faaa42e426f5f99970
                                   标题：喝醉的大姐姐就这么在电车里被干了 終電×泥酔×千冬姉 (インフィニット・ストラトス) [中国翻訳]
                                   作者：CHIBIKKO KINGDOM (けこちゃ)
                                   是否完结：是
                                   总页数：22
                                   分类：短篇,強暴
                                   章节数：1
                                   最后更新时间：2019-02-11T09:44:26.702Z
                                   =================================================
2026-08-15 23:32:40 - mkk_pika - database.py:101 - INFO - 保存成功：喝醉的大姐姐就这么在电车里被干了 終電×泥酔×千冬姉 (インフィニット・ストラトス) [中国翻訳]
2026-08-15 23:32:40 - mkk_pika - main.py:35 - INFO - 开始检查ギャルとクソガキ (COMIC快楽天 XTC Vol. 5)是否存在未下载章节
2026-08-15 23:32:40 - mkk_pika - main.py:45 - INFO - 正在下载:[ギャルとクソガキ (COMIC快楽天 XTC Vol. 5)]-[オガデンモン]-[['短篇']]-[total_pages:18]
2026-08-15 23:32:40 - mkk_pika - main.py:49 - INFO - [{'_id': '5c6185b93ef608781ce660c1', 'title': '第1集', 'order': 1, 'updated_at': '2019-02-11T09:00:49.002Z', 'id': '5c6185b93ef608781ce660c1'}]
2026-08-15 23:32:40 - mkk_pika - database.py:215 - INFO - 第一次下载该漫画，记录数据库中
2026-08-15 23:32:41 - mkk_pika - main.py:83 - INFO - 找到 18 张图片在:第1集
2026-08-15 23:32:41 - mkk_pika - main.py:112 - INFO - [episode:第1集       ] downloaded:    18, total:  18, progress:100%
2026-08-15 23:32:41 - mkk_pika - database.py:238 - INFO - 数据库更新已下载章节
2026-08-15 23:32:41 - mkk_pika - database.py:244 - INFO - 该漫画已下载章节如下
2026-08-15 23:32:41 - mkk_pika - database.py:245 - INFO - ['第1集']
2026-08-15 23:32:42 - mkk_pika - main.py:348 - INFO - ==================== 漫画信息 ====================
                                   漫画ID：5c6185b93ef608781ce660c0
                                   标题：ギャルとクソガキ (COMIC快楽天 XTC Vol. 5)
                                   作者：オガデンモン
                                   是否完结：否
                                   总页数：18
                                   分类：短篇
                                   章节数：1
                                   最后更新时间：2019-02-11T14:24:57.071Z
                                   =================================================
2026-08-15 23:32:42 - mkk_pika - database.py:101 - INFO - 保存成功：ギャルとクソガキ (COMIC快楽天 XTC Vol. 5)
2026-08-15 23:32:42 - mkk_pika - main.py:35 - INFO - 开始检查 おまかせふでおろしギャル子ちゃん 2 (おしえて! ギャル子ちゃん)是否存在未下载章节
2026-08-15 23:32:43 - mkk_pika - main.py:45 - INFO - 正在下载:[ おまかせふでおろしギャル子ちゃん 2 (おしえて! ギャル子ちゃん)]-[ディオゲネスクラブ (灰川ヘムレン)]-[['短篇', '同人', '後宮閃光']]-[total_pages:23]
2026-08-15 23:32:43 - mkk_pika - main.py:49 - INFO - [{'_id': '5c6186513ef608781ce660de', 'title': '第1集', 'order': 1, 'updated_at': '2019-02-11T11:30:46.677Z', 'id': '5c6186513ef608781ce660de'}]
2026-08-15 23:32:43 - mkk_pika - database.py:215 - INFO - 第一次下载该漫画，记录数据库中
2026-08-15 23:32:43 - mkk_pika - main.py:83 - INFO - 找到 23 张图片在:第1集
2026-08-15 23:32:44 - mkk_pika - main.py:112 - INFO - [episode:第1集       ] downloaded:    23, total:  23, progress:100%
2026-08-15 23:32:44 - mkk_pika - database.py:238 - INFO - 数据库更新已下载章节
2026-08-15 23:32:44 - mkk_pika - database.py:244 - INFO - 该漫画已下载章节如下
2026-08-15 23:32:44 - mkk_pika - database.py:245 - INFO - ['第1集']
2026-08-15 23:32:45 - mkk_pika - main.py:348 - INFO - ==================== 漫画信息 ====================
                                   漫画ID：5c6186513ef608781ce660dd
                                   标题： おまかせふでおろしギャル子ちゃん 2 (おしえて! ギャル子ちゃん)
                                   作者：ディオゲネスクラブ (灰川ヘムレン)
                                   是否完结：是
                                   总页数：23
                                   分类：短篇,同人,後宮閃光
                                   章节数：1
                                   最后更新时间：2019-02-11T14:27:29.593Z
                                   =================================================
2026-08-15 23:32:45 - mkk_pika - database.py:101 - INFO - 保存成功： おまかせふでおろしギャル子ちゃん 2 (おしえて! ギャル子ちゃん)
2026-08-15 23:32:45 - mkk_pika - main.py:380 - INFO - 本次任务下载完毕
2026-08-15 23:32:45 - mkk_pika - database.py:173 - INFO - 数据库连接已关闭
