2026-08-12 23:53:01 - mkk_pika - main.py:193 - INFO - =======================================================================
2026-08-12 23:53:01 - mkk_pika - database.py:61 - INFO - 表和索引初始化成功
2026-08-12 23:53:01 - mkk_pika - main.py:197 - INFO - 已经累计下载18667本漫画
2026-08-12 23:53:01 - mkk_pika - api.py:87 - INFO - 登录成功
2026-08-12 23:53:02 - mkk_pika - main.py:203 - INFO - 收藏夹共计0本漫画
2026-08-12 23:53:02 - mkk_pika - main.py:206 - INFO - 开始下载收藏夹内未下载内容
2026-08-12 23:53:02 - mkk_pika - main.py:266 - INFO - 收藏夹内容下载完毕
2026-08-12 23:53:02 - mkk_pika - main.py:268 - INFO - 开始下载订阅内容
2026-08-12 23:53:02 - mkk_pika - database.py:258 - INFO - 根据ID查询到标题：萝莉 -> ちっちゃなエルフママ ~低身長エルフと禁断の母子生活 | 小小只萝莉妈妈 ~跟小矮个精灵之间禁断的母子生活(合集)
2026-08-12 23:53:03 - mkk_pika - database.py:101 - INFO - 保存成功：ちっちゃなエルフママ ~低身長エルフと禁断の母子生活 | 小小只萝莉妈妈 ~跟小矮个精灵之间禁断的母子生活(合集)
2026-08-12 23:53:03 - mkk_pika - main.py:273 - INFO - 关键词萝莉找到0本漫画
2026-08-12 23:53:03 - mkk_pika - database.py:258 - INFO - 根据ID查询到标题：蘿莉 -> [Patreon] Clowenqq（AI）
2026-08-12 23:53:03 - mkk_pika - database.py:101 - INFO - 保存成功：ジュニアポルノに出演しているのをクラスの男の子に知られてしまいました
2026-08-12 23:53:03 - mkk_pika - main.py:273 - INFO - 关键词蘿莉找到1本漫画
2026-08-12 23:53:03 - mkk_pika - main.py:275 - INFO - 订阅内容共计1本漫画
2026-08-12 23:53:03 - mkk_pika - main.py:35 - INFO - 开始检查JK银狼全集是否存在未下载章节
2026-08-12 23:53:04 - mkk_pika - main.py:45 - INFO - 正在下载:[JK银狼全集]-[Koryax]-[['全彩']]-[total_pages:-1]
2026-08-12 23:53:04 - mkk_pika - main.py:49 - INFO - [{'_id': '6a7cb9771af8f3308d1e2865', 'title': '上', 'order': 1, 'updated_at': '2026-08-12T04:44:43.487Z', 'id': '6a7cb9771af8f3308d1e2865'}, {'_id': '6a7cb9771af8f3308d1e2866', 'title': '下', 'order': 2, 'updated_at': '2026-08-12T04:37:21.601Z', 'id': '6a7cb9771af8f3308d1e2866'}]
2026-08-12 23:53:04 - mkk_pika - database.py:215 - INFO - 第一次下载该漫画，记录数据库中
2026-08-12 23:53:05 - mkk_pika - main.py:83 - INFO - 找到 83 张图片在:上
2026-08-12 23:53:10 - mkk_pika - main.py:112 - INFO - [episode:上         ] downloaded:    83, total:  83, progress:100%
2026-08-12 23:53:10 - mkk_pika - database.py:238 - INFO - 数据库更新已下载章节
2026-08-12 23:53:10 - mkk_pika - database.py:244 - INFO - 该漫画已下载章节如下
2026-08-12 23:53:10 - mkk_pika - database.py:245 - INFO - ['上']
2026-08-12 23:53:13 - mkk_pika - main.py:83 - INFO - 找到 94 张图片在:下
2026-08-12 23:53:18 - mkk_pika - main.py:112 - INFO - [episode:下         ] downloaded:    94, total:  94, progress:100%
2026-08-12 23:53:18 - mkk_pika - database.py:238 - INFO - 数据库更新已下载章节
2026-08-12 23:53:18 - mkk_pika - database.py:244 - INFO - 该漫画已下载章节如下
2026-08-12 23:53:18 - mkk_pika - database.py:245 - INFO - ['上', '下']
2026-08-12 23:53:19 - mkk_pika - main.py:292 - INFO - ==================== 漫画信息 ====================
                                漫画ID：6a7cb9771af8f3308d1e2864
                                标题：JK银狼全集
                                作者：Koryax
                                是否完结：是
                                总页数：177
                                分类：全彩
                                章节数：2
                                最后更新时间：2026-08-12T18:20:39.819Z
                                =================================================
2026-08-12 23:53:19 - mkk_pika - database.py:101 - INFO - 保存成功：JK银狼全集
2026-08-12 23:53:19 - mkk_pika - main.py:323 - INFO - 订阅内容内容下载完毕
2026-08-12 23:53:19 - mkk_pika - main.py:324 - INFO - 开始分批下载全部章节
2026-08-12 23:53:19 - mkk_pika - database.py:280 - INFO - 表和索引初始化成功
2026-08-12 23:53:20 - mkk_pika - main.py:177 - INFO - 已经下载了1403页，一共7073页，现在开始添加第1404页
2026-08-12 23:53:20 - mkk_pika - database.py:318 - INFO - 保存成功
2026-08-12 23:53:21 - mkk_pika - main.py:177 - INFO - 已经下载了1404页，一共7073页，现在开始添加第1405页
2026-08-12 23:53:21 - mkk_pika - database.py:318 - INFO - 保存成功
2026-08-12 23:53:21 - mkk_pika - main.py:177 - INFO - 已经下载了1405页，一共7073页，现在开始添加第1406页
2026-08-12 23:53:22 - mkk_pika - database.py:318 - INFO - 保存成功
2026-08-12 23:53:22 - mkk_pika - main.py:177 - INFO - 已经下载了1406页，一共7073页，现在开始添加第1407页
2026-08-12 23:53:23 - mkk_pika - database.py:318 - INFO - 保存成功
2026-08-12 23:53:23 - mkk_pika - main.py:177 - INFO - 已经下载了1407页，一共7073页，现在开始添加第1408页
2026-08-12 23:53:24 - mkk_pika - database.py:318 - INFO - 保存成功
2026-08-12 23:53:24 - mkk_pika - main.py:331 - INFO - 分批下载共计48本漫画
2026-08-12 23:53:24 - mkk_pika - main.py:35 - INFO - 开始检查もっと私を見て欲しいっ！×××作ってみた編 （無修正）是否存在未下载章节
2026-08-12 23:53:24 - mkk_pika - main.py:45 - INFO - 正在下载:[もっと私を見て欲しいっ！×××作ってみた編 （無修正）]-[篠塚醸二]-[['短篇', '純愛']]-[total_pages:22]
2026-08-12 23:53:24 - mkk_pika - main.py:49 - INFO - [{'_id': '5c567426e8d11539936d72f5', 'title': '第1集', 'order': 1, 'updated_at': '2019-02-03T02:52:49.475Z', 'id': '5c567426e8d11539936d72f5'}]
2026-08-12 23:53:24 - mkk_pika - database.py:215 - INFO - 第一次下载该漫画，记录数据库中
2026-08-12 23:53:25 - mkk_pika - main.py:83 - INFO - 找到 22 张图片在:第1集
2026-08-12 23:53:25 - mkk_pika - main.py:112 - INFO - [episode:第1集       ] downloaded:    22, total:  22, progress:100%
2026-08-12 23:53:25 - mkk_pika - database.py:238 - INFO - 数据库更新已下载章节
2026-08-12 23:53:25 - mkk_pika - database.py:244 - INFO - 该漫画已下载章节如下
2026-08-12 23:53:25 - mkk_pika - database.py:245 - INFO - ['第1集']
2026-08-12 23:53:27 - mkk_pika - main.py:348 - INFO - ==================== 漫画信息 ====================
                                   漫画ID：5c567426e8d11539936d72f4
                                   标题：もっと私を見て欲しいっ！×××作ってみた編 （無修正）
                                   作者：篠塚醸二
                                   是否完结：是
                                   总页数：22
                                   分类：短篇,純愛
                                   章节数：1
                                   最后更新时间：2019-02-03T04:55:02.786Z
                                   =================================================
2026-08-12 23:53:27 - mkk_pika - database.py:101 - INFO - 保存成功：もっと私を見て欲しいっ！×××作ってみた編 （無修正）
2026-08-12 23:53:27 - mkk_pika - main.py:35 - INFO - 开始检查(C92) 先輩に大好きだって伝えたい (Fate/Grand Order)是否存在未下载章节
2026-08-12 23:53:27 - mkk_pika - main.py:45 - INFO - 正在下载:[(C92) 先輩に大好きだって伝えたい (Fate/Grand Order)]-[Flock Blue (Blue_Gk)]-[['同人', '短篇', 'Fate']]-[total_pages:23]
2026-08-12 23:53:27 - mkk_pika - main.py:49 - INFO - [{'_id': '5c56743467de1e0859465b1d', 'title': '第1集', 'order': 1, 'updated_at': '2019-02-03T03:16:28.686Z', 'id': '5c56743467de1e0859465b1d'}]
2026-08-12 23:53:27 - mkk_pika - database.py:215 - INFO - 第一次下载该漫画，记录数据库中
2026-08-12 23:53:28 - mkk_pika - main.py:83 - INFO - 找到 23 张图片在:第1集
2026-08-12 23:53:28 - mkk_pika - main.py:112 - INFO - [episode:第1集       ] downloaded:    23, total:  23, progress:100%
2026-08-12 23:53:28 - mkk_pika - database.py:238 - INFO - 数据库更新已下载章节
2026-08-12 23:53:28 - mkk_pika - database.py:244 - INFO - 该漫画已下载章节如下
2026-08-12 23:53:28 - mkk_pika - database.py:245 - INFO - ['第1集']
2026-08-12 23:53:30 - mkk_pika - main.py:348 - INFO - ==================== 漫画信息 ====================
                                   漫画ID：5c56743467de1e0859465b1c
                                   标题：(C92) 先輩に大好きだって伝えたい (Fate/Grand Order)
                                   作者：Flock Blue (Blue_Gk)
                                   是否完结：是
                                   总页数：23
                                   分类：同人,短篇,Fate
                                   章节数：1
                                   最后更新时间：2019-02-03T04:55:16.689Z
                                   =================================================
2026-08-12 23:53:30 - mkk_pika - database.py:101 - INFO - 保存成功：(C92) 先輩に大好きだって伝えたい (Fate/Grand Order)
2026-08-12 23:53:30 - mkk_pika - main.py:35 - INFO - 开始检查(例大祭14) 霧雨魔理沙は負けられない (東方Project)是否存在未下载章节
2026-08-12 23:53:30 - mkk_pika - main.py:45 - INFO - 正在下载:[(例大祭14) 霧雨魔理沙は負けられない (東方Project)]-[広十練習帖 (広弥)]-[['同人', '短篇', '東方']]-[total_pages:28]
2026-08-12 23:53:30 - mkk_pika - main.py:49 - INFO - [{'_id': '5c56744377133f597ccb3d57', 'title': '第1集', 'order': 1, 'updated_at': '2019-02-03T03:22:50.466Z', 'id': '5c56744377133f597ccb3d57'}]
2026-08-12 23:53:30 - mkk_pika - database.py:215 - INFO - 第一次下载该漫画，记录数据库中
2026-08-12 23:53:31 - mkk_pika - main.py:83 - INFO - 找到 28 张图片在:第1集
2026-08-12 23:53:32 - mkk_pika - main.py:112 - INFO - [episode:第1集       ] downloaded:    28, total:  28, progress:100%
2026-08-12 23:53:32 - mkk_pika - database.py:238 - INFO - 数据库更新已下载章节
2026-08-12 23:53:32 - mkk_pika - database.py:244 - INFO - 该漫画已下载章节如下
2026-08-12 23:53:32 - mkk_pika - database.py:245 - INFO - ['第1集']
2026-08-12 23:53:33 - mkk_pika - main.py:348 - INFO - ==================== 漫画信息 ====================
                                   漫画ID：5c56744377133f597ccb3d56
                                   标题：(例大祭14) 霧雨魔理沙は負けられない (東方Project)
                                   作者：広十練習帖 (広弥)
                                   是否完结：是
                                   总页数：28
                                   分类：同人,短篇,東方
                                   章节数：1
                                   最后更新时间：2019-02-03T04:55:31.766Z
                                   =================================================
2026-08-12 23:53:33 - mkk_pika - database.py:101 - INFO - 保存成功：(例大祭14) 霧雨魔理沙は負けられない (東方Project)
2026-08-12 23:53:33 - mkk_pika - main.py:35 - INFO - 开始检查(こいまり4) -mariho- (東方Project)是否存在未下载章节
2026-08-12 23:53:33 - mkk_pika - main.py:45 - INFO - 正在下载:[(こいまり4) -mariho- (東方Project)]-[広十練習帖 (広弥)]-[['短篇', '同人', '東方', '扶他樂園']]-[total_pages:29]
2026-08-12 23:53:33 - mkk_pika - main.py:49 - INFO - [{'_id': '5c567455b837d85962ccbc37', 'title': '第1集', 'order': 1, 'updated_at': '2019-02-03T03:26:08.949Z', 'id': '5c567455b837d85962ccbc37'}]
2026-08-12 23:53:33 - mkk_pika - database.py:215 - INFO - 第一次下载该漫画，记录数据库中
2026-08-12 23:53:34 - mkk_pika - main.py:83 - INFO - 找到 29 张图片在:第1集
2026-08-12 23:53:35 - mkk_pika - main.py:112 - INFO - [episode:第1集       ] downloaded:    29, total:  29, progress:100%
2026-08-12 23:53:35 - mkk_pika - database.py:238 - INFO - 数据库更新已下载章节
2026-08-12 23:53:35 - mkk_pika - database.py:244 - INFO - 该漫画已下载章节如下
2026-08-12 23:53:35 - mkk_pika - database.py:245 - INFO - ['第1集']
2026-08-12 23:53:36 - mkk_pika - main.py:348 - INFO - ==================== 漫画信息 ====================
                                   漫画ID：5c567455b837d85962ccbc36
                                   标题：(こいまり4) -mariho- (東方Project)
                                   作者：広十練習帖 (広弥)
                                   是否完结：是
                                   总页数：29
                                   分类：短篇,同人,東方,扶他樂園
                                   章节数：1
                                   最后更新时间：2019-02-03T04:55:49.753Z
                                   =================================================
2026-08-12 23:53:36 - mkk_pika - database.py:101 - INFO - 保存成功：(こいまり4) -mariho- (東方Project)
2026-08-12 23:53:36 - mkk_pika - main.py:35 - INFO - 开始检查寄生樹 終  (コミックアンリアル 2019年2月号 Vol.77）是否存在未下载章节
2026-08-12 23:53:37 - mkk_pika - main.py:45 - INFO - 正在下载:[寄生樹 終  (コミックアンリアル 2019年2月号 Vol.77）]-[タケ]-[['短篇', '非人類', '強暴']]-[total_pages:30]
2026-08-12 23:53:37 - mkk_pika - main.py:49 - INFO - [{'_id': '5c56748cb837d85962ccbc56', 'title': '第1集', 'order': 1, 'updated_at': '2019-02-03T03:20:05.885Z', 'id': '5c56748cb837d85962ccbc56'}]
2026-08-12 23:53:37 - mkk_pika - database.py:215 - INFO - 第一次下载该漫画，记录数据库中
2026-08-12 23:53:37 - mkk_pika - main.py:83 - INFO - 找到 30 张图片在:第1集
2026-08-12 23:53:38 - mkk_pika - main.py:112 - INFO - [episode:第1集       ] downloaded:    30, total:  30, progress:100%
2026-08-12 23:53:38 - mkk_pika - database.py:238 - INFO - 数据库更新已下载章节
2026-08-12 23:53:38 - mkk_pika - database.py:244 - INFO - 该漫画已下载章节如下
2026-08-12 23:53:38 - mkk_pika - database.py:245 - INFO - ['第1集']
2026-08-12 23:53:40 - mkk_pika - main.py:348 - INFO - ==================== 漫画信息 ====================
                                   漫画ID：5c56748cb837d85962ccbc55
                                   标题：寄生樹 終  (コミックアンリアル 2019年2月号 Vol.77）
                                   作者：タケ
                                   是否完结：是
                                   总页数：30
                                   分类：短篇,非人類,強暴
                                   章节数：1
                                   最后更新时间：2019-02-03T04:56:44.502Z
                                   =================================================
2026-08-12 23:53:40 - mkk_pika - database.py:101 - INFO - 保存成功：寄生樹 終  (コミックアンリアル 2019年2月号 Vol.77）
2026-08-12 23:53:40 - mkk_pika - main.py:35 - INFO - 开始检查(C87) もしも星熊勇儀がお嫁さんだったら (東方Project) 是否存在未下载章节
2026-08-12 23:53:40 - mkk_pika - main.py:45 - INFO - 正在下载:[(C87) もしも星熊勇儀がお嫁さんだったら (東方Project) ]-[広十練習帖 (広弥)]-[['同人', '短篇', '東方']]-[total_pages:24]
2026-08-12 23:53:40 - mkk_pika - main.py:49 - INFO - [{'_id': '5c56749a4f9e095976003a7d', 'title': '第1集', 'order': 1, 'updated_at': '2019-02-03T03:31:16.604Z', 'id': '5c56749a4f9e095976003a7d'}]
2026-08-12 23:53:40 - mkk_pika - database.py:215 - INFO - 第一次下载该漫画，记录数据库中
2026-08-12 23:53:41 - mkk_pika - main.py:83 - INFO - 找到 24 张图片在:第1集
2026-08-12 23:53:41 - mkk_pika - main.py:112 - INFO - [episode:第1集       ] downloaded:    24, total:  24, progress:100%
2026-08-12 23:53:41 - mkk_pika - database.py:238 - INFO - 数据库更新已下载章节
2026-08-12 23:53:41 - mkk_pika - database.py:244 - INFO - 该漫画已下载章节如下
2026-08-12 23:53:41 - mkk_pika - database.py:245 - INFO - ['第1集']
2026-08-12 23:53:43 - mkk_pika - main.py:348 - INFO - ==================== 漫画信息 ====================
                                   漫画ID：5c56749a4f9e095976003a7c
                                   标题：(C87) もしも星熊勇儀がお嫁さんだったら (東方Project) 
                                   作者：広十練習帖 (広弥)
                                   是否完结：是
                                   总页数：24
                                   分类：同人,短篇,東方
                                   章节数：1
                                   最后更新时间：2019-02-03T04:56:58.976Z
                                   =================================================
2026-08-12 23:53:43 - mkk_pika - database.py:101 - INFO - 保存成功：(C87) もしも星熊勇儀がお嫁さんだったら (東方Project) 
2026-08-12 23:53:43 - mkk_pika - main.py:35 - INFO - 开始检查サマーウサロックバケーション (アイドルマスター シンデレラガールズ)是否存在未下载章节
2026-08-12 23:53:43 - mkk_pika - main.py:45 - INFO - 正在下载:[サマーウサロックバケーション (アイドルマスター シンデレラガールズ)]-[玲瓏 (涼瀬)]-[['短篇', '同人', '百合花園', '純愛']]-[total_pages:8]
2026-08-12 23:53:43 - mkk_pika - main.py:49 - INFO - [{'_id': '5c5674a6e8d11539936d732c', 'title': '第1集', 'order': 1, 'updated_at': '2019-02-03T03:34:11.943Z', 'id': '5c5674a6e8d11539936d732c'}]
2026-08-12 23:53:43 - mkk_pika - database.py:215 - INFO - 第一次下载该漫画，记录数据库中
2026-08-12 23:53:44 - mkk_pika - main.py:83 - INFO - 找到 8 张图片在:第1集
2026-08-12 23:53:44 - mkk_pika - main.py:112 - INFO - [episode:第1集       ] downloaded:     8, total:   8, progress:100%
2026-08-12 23:53:44 - mkk_pika - database.py:238 - INFO - 数据库更新已下载章节
2026-08-12 23:53:44 - mkk_pika - database.py:244 - INFO - 该漫画已下载章节如下
2026-08-12 23:53:44 - mkk_pika - database.py:245 - INFO - ['第1集']
2026-08-12 23:53:45 - mkk_pika - main.py:348 - INFO - ==================== 漫画信息 ====================
                                   漫画ID：5c5674a6e8d11539936d732b
                                   标题：サマーウサロックバケーション (アイドルマスター シンデレラガールズ)
                                   作者：玲瓏 (涼瀬)
                                   是否完结：是
                                   总页数：8
                                   分类：短篇,同人,百合花園,純愛
                                   章节数：1
                                   最后更新时间：2019-02-03T04:57:10.683Z
                                   =================================================
2026-08-12 23:53:45 - mkk_pika - database.py:101 - INFO - 保存成功：サマーウサロックバケーション (アイドルマスター シンデレラガールズ)
2026-08-12 23:53:45 - mkk_pika - main.py:35 - INFO - 开始检查(C94) 秘めごと小町 (アイドルマスターシンデレラガールズ)是否存在未下载章节
2026-08-12 23:53:46 - mkk_pika - main.py:45 - INFO - 正在下载:[(C94) 秘めごと小町 (アイドルマスターシンデレラガールズ)]-[ピアニッシモ (ピジャ)]-[['同人', '短篇']]-[total_pages:31]
2026-08-12 23:53:46 - mkk_pika - main.py:49 - INFO - [{'_id': '5c5674b5b837d85962ccbc77', 'title': '第1集', 'order': 1, 'updated_at': '2019-02-03T03:42:05.252Z', 'id': '5c5674b5b837d85962ccbc77'}]
2026-08-12 23:53:46 - mkk_pika - database.py:215 - INFO - 第一次下载该漫画，记录数据库中
2026-08-12 23:53:46 - mkk_pika - main.py:83 - INFO - 找到 31 张图片在:第1集
2026-08-12 23:53:47 - mkk_pika - main.py:112 - INFO - [episode:第1集       ] downloaded:    31, total:  31, progress:100%
2026-08-12 23:53:47 - mkk_pika - database.py:238 - INFO - 数据库更新已下载章节
2026-08-12 23:53:47 - mkk_pika - database.py:244 - INFO - 该漫画已下载章节如下
2026-08-12 23:53:47 - mkk_pika - database.py:245 - INFO - ['第1集']
2026-08-12 23:53:49 - mkk_pika - main.py:348 - INFO - ==================== 漫画信息 ====================
                                   漫画ID：5c5674b5b837d85962ccbc76
                                   标题：(C94) 秘めごと小町 (アイドルマスターシンデレラガールズ)
                                   作者：ピアニッシモ (ピジャ)
                                   是否完结：是
                                   总页数：31
                                   分类：同人,短篇
                                   章节数：1
                                   最后更新时间：2019-02-03T04:57:25.596Z
                                   =================================================
2026-08-12 23:53:49 - mkk_pika - database.py:101 - INFO - 保存成功：(C94) 秘めごと小町 (アイドルマスターシンデレラガールズ)
2026-08-12 23:53:49 - mkk_pika - main.py:35 - INFO - 开始检查女勇者に転生したら魔族の妻が5人もいるらしい | 轉生成爲女勇者后 發現我有5名魔族老婆是否存在未下载章节
2026-08-12 23:53:49 - mkk_pika - main.py:45 - INFO - 正在下载:[女勇者に転生したら魔族の妻が5人もいるらしい | 轉生成爲女勇者后 發現我有5名魔族老婆]-[ネダオレ (あやね)]-[['短篇', '百合花園']]-[total_pages:39]
2026-08-12 23:53:49 - mkk_pika - main.py:49 - INFO - [{'_id': '5c5674d177133f597ccb3d77', 'title': '第1集', 'order': 1, 'updated_at': '2019-02-03T03:48:53.982Z', 'id': '5c5674d177133f597ccb3d77'}]
2026-08-12 23:53:49 - mkk_pika - database.py:215 - INFO - 第一次下载该漫画，记录数据库中
2026-08-12 23:53:50 - mkk_pika - main.py:83 - INFO - 找到 39 张图片在:第1集
2026-08-12 23:53:51 - mkk_pika - main.py:112 - INFO - [episode:第1集       ] downloaded:    39, total:  39, progress:100%
2026-08-12 23:53:51 - mkk_pika - database.py:238 - INFO - 数据库更新已下载章节
2026-08-12 23:53:51 - mkk_pika - database.py:244 - INFO - 该漫画已下载章节如下
2026-08-12 23:53:51 - mkk_pika - database.py:245 - INFO - ['第1集']
2026-08-12 23:53:52 - mkk_pika - main.py:348 - INFO - ==================== 漫画信息 ====================
                                   漫画ID：5c5674d177133f597ccb3d76
                                   标题：女勇者に転生したら魔族の妻が5人もいるらしい | 轉生成爲女勇者后 發現我有5名魔族老婆
                                   作者：ネダオレ (あやね)
                                   是否完结：是
                                   总页数：39
                                   分类：短篇,百合花園
                                   章节数：1
                                   最后更新时间：2019-02-03T04:57:53.190Z
                                   =================================================
2026-08-12 23:53:52 - mkk_pika - database.py:101 - INFO - 保存成功：女勇者に転生したら魔族の妻が5人もいるらしい | 轉生成爲女勇者后 發現我有5名魔族老婆
2026-08-12 23:53:52 - mkk_pika - main.py:35 - INFO - 开始检查First Love(アイドルマスター シンデレラガールズ)是否存在未下载章节
2026-08-12 23:53:53 - mkk_pika - main.py:45 - INFO - 正在下载:[First Love(アイドルマスター シンデレラガールズ)]-[434 Not Found、畑を耕すだけ (isya、みかん氏)]-[['短篇', '同人', '百合花園', '純愛']]-[total_pages:50]
2026-08-12 23:53:53 - mkk_pika - main.py:49 - INFO - [{'_id': '5c5674e14f9e095976003a99', 'title': '第1集', 'order': 1, 'updated_at': '2019-02-03T03:51:40.248Z', 'id': '5c5674e14f9e095976003a99'}, {'_id': '5c5674e14f9e095976003a9a', 'title': '第2集', 'order': 2, 'updated_at': '2019-02-03T03:53:05.288Z', 'id': '5c5674e14f9e095976003a9a'}]
2026-08-12 23:53:53 - mkk_pika - database.py:215 - INFO - 第一次下载该漫画，记录数据库中
2026-08-12 23:53:53 - mkk_pika - main.py:83 - INFO - 找到 25 张图片在:第1集
2026-08-12 23:53:54 - mkk_pika - main.py:112 - INFO - [episode:第1集       ] downloaded:    25, total:  25, progress:100%
2026-08-12 23:53:54 - mkk_pika - database.py:238 - INFO - 数据库更新已下载章节
2026-08-12 23:53:54 - mkk_pika - database.py:244 - INFO - 该漫画已下载章节如下
2026-08-12 23:53:54 - mkk_pika - database.py:245 - INFO - ['第1集']
2026-08-12 23:53:56 - mkk_pika - main.py:83 - INFO - 找到 25 张图片在:第2集
2026-08-12 23:53:57 - mkk_pika - main.py:112 - INFO - [episode:第2集       ] downloaded:    25, total:  25, progress:100%
2026-08-12 23:53:57 - mkk_pika - database.py:238 - INFO - 数据库更新已下载章节
2026-08-12 23:53:57 - mkk_pika - database.py:244 - INFO - 该漫画已下载章节如下
2026-08-12 23:53:57 - mkk_pika - database.py:245 - INFO - ['第1集', '第2集']
2026-08-12 23:53:58 - mkk_pika - main.py:348 - INFO - ==================== 漫画信息 ====================
                                   漫画ID：5c5674e14f9e095976003a98
                                   标题：First Love(アイドルマスター シンデレラガールズ)
                                   作者：434 Not Found、畑を耕すだけ (isya、みかん氏)
                                   是否完结：是
                                   总页数：50
                                   分类：短篇,同人,百合花園,純愛
                                   章节数：2
                                   最后更新时间：2019-02-03T04:58:09.576Z
                                   =================================================
2026-08-12 23:53:58 - mkk_pika - database.py:101 - INFO - 保存成功：First Love(アイドルマスター シンデレラガールズ)
2026-08-12 23:53:58 - mkk_pika - main.py:35 - INFO - 开始检查 (C95) 妄想店グランブルーファンタジー7(グランブルーファンタジー)是否存在未下载章节
2026-08-12 23:53:58 - mkk_pika - main.py:45 - INFO - 正在下载:[ (C95) 妄想店グランブルーファンタジー7(グランブルーファンタジー)]-[ピアニッシモ (ピジャ)]-[['短篇', '同人', '碧藍幻想', '強暴']]-[total_pages:9]
2026-08-12 23:53:58 - mkk_pika - main.py:49 - INFO - [{'_id': '5c5674f5b837d85962ccbc98', 'title': '第1集', 'order': 1, 'updated_at': '2019-02-03T04:01:02.216Z', 'id': '5c5674f5b837d85962ccbc98'}]
2026-08-12 23:53:58 - mkk_pika - database.py:215 - INFO - 第一次下载该漫画，记录数据库中
2026-08-12 23:53:59 - mkk_pika - main.py:83 - INFO - 找到 9 张图片在:第1集
2026-08-12 23:53:59 - mkk_pika - main.py:112 - INFO - [episode:第1集       ] downloaded:     9, total:   9, progress:100%
2026-08-12 23:53:59 - mkk_pika - database.py:238 - INFO - 数据库更新已下载章节
2026-08-12 23:53:59 - mkk_pika - database.py:244 - INFO - 该漫画已下载章节如下
2026-08-12 23:53:59 - mkk_pika - database.py:245 - INFO - ['第1集']
2026-08-12 23:54:01 - mkk_pika - main.py:348 - INFO - ==================== 漫画信息 ====================
                                   漫画ID：5c5674f5b837d85962ccbc97
                                   标题： (C95) 妄想店グランブルーファンタジー7(グランブルーファンタジー)
                                   作者：ピアニッシモ (ピジャ)
                                   是否完结：是
                                   总页数：9
                                   分类：短篇,同人,碧藍幻想,強暴
                                   章节数：1
                                   最后更新时间：2019-02-03T04:58:29.986Z
                                   =================================================
2026-08-12 23:54:01 - mkk_pika - database.py:101 - INFO - 保存成功： (C95) 妄想店グランブルーファンタジー7(グランブルーファンタジー)
2026-08-12 23:54:01 - mkk_pika - main.py:35 - INFO - 开始检查(C95)使い捨てティッシュ是否存在未下载章节
2026-08-12 23:54:01 - mkk_pika - main.py:45 - INFO - 正在下载:[(C95)使い捨てティッシュ]-[拾い部屋 (楽々)]-[['短篇', '妹妹系', '強暴']]-[total_pages:12]
2026-08-12 23:54:01 - mkk_pika - main.py:49 - INFO - [{'_id': '5c567506394b7008425d0fcc', 'title': '第1集', 'order': 1, 'updated_at': '2019-02-03T04:12:08.634Z', 'id': '5c567506394b7008425d0fcc'}]
2026-08-12 23:54:01 - mkk_pika - database.py:215 - INFO - 第一次下载该漫画，记录数据库中
2026-08-12 23:54:02 - mkk_pika - main.py:83 - INFO - 找到 12 张图片在:第1集
2026-08-12 23:54:02 - mkk_pika - main.py:112 - INFO - [episode:第1集       ] downloaded:    12, total:  12, progress:100%
2026-08-12 23:54:02 - mkk_pika - database.py:238 - INFO - 数据库更新已下载章节
2026-08-12 23:54:02 - mkk_pika - database.py:244 - INFO - 该漫画已下载章节如下
2026-08-12 23:54:02 - mkk_pika - database.py:245 - INFO - ['第1集']
2026-08-12 23:54:03 - mkk_pika - main.py:348 - INFO - ==================== 漫画信息 ====================
                                   漫画ID：5c567506394b7008425d0fcb
                                   标题：(C95)使い捨てティッシュ
                                   作者：拾い部屋 (楽々)
                                   是否完结：是
                                   总页数：12
                                   分类：短篇,妹妹系,強暴
                                   章节数：1
                                   最后更新时间：2019-02-03T04:58:46.661Z
                                   =================================================
2026-08-12 23:54:03 - mkk_pika - database.py:101 - INFO - 保存成功：(C95)使い捨てティッシュ
2026-08-12 23:54:03 - mkk_pika - main.py:35 - INFO - 开始检查(C93)妹に彼氏ができたとかちょっと意味が分からないです。是否存在未下载章节
2026-08-12 23:54:04 - mkk_pika - main.py:45 - INFO - 正在下载:[(C93)妹に彼氏ができたとかちょっと意味が分からないです。]-[もすまん(へんりいだ)]-[['短篇', '妹妹系', 'NTR']]-[total_pages:22]
2026-08-12 23:54:04 - mkk_pika - main.py:49 - INFO - [{'_id': '5c56f7dc3f608c5968c90ff9', 'title': '第1集', 'order': 1, 'updated_at': '2019-02-03T06:58:09.367Z', 'id': '5c56f7dc3f608c5968c90ff9'}]
2026-08-12 23:54:04 - mkk_pika - database.py:215 - INFO - 第一次下载该漫画，记录数据库中
2026-08-12 23:54:04 - mkk_pika - main.py:83 - INFO - 找到 22 张图片在:第1集
2026-08-12 23:54:05 - mkk_pika - main.py:112 - INFO - [episode:第1集       ] downloaded:    22, total:  22, progress:100%
2026-08-12 23:54:05 - mkk_pika - database.py:238 - INFO - 数据库更新已下载章节
2026-08-12 23:54:05 - mkk_pika - database.py:244 - INFO - 该漫画已下载章节如下
2026-08-12 23:54:05 - mkk_pika - database.py:245 - INFO - ['第1集']
2026-08-12 23:54:06 - mkk_pika - main.py:348 - INFO - ==================== 漫画信息 ====================
                                   漫画ID：5c56f7dc3f608c5968c90ff8
                                   标题：(C93)妹に彼氏ができたとかちょっと意味が分からないです。
                                   作者：もすまん(へんりいだ)
                                   是否完结：否
                                   总页数：22
                                   分类：短篇,妹妹系,NTR
                                   章节数：1
                                   最后更新时间：2019-02-03T14:17:00.870Z
                                   =================================================
2026-08-12 23:54:06 - mkk_pika - database.py:101 - INFO - 保存成功：(C93)妹に彼氏ができたとかちょっと意味が分からないです。
2026-08-12 23:54:06 - mkk_pika - main.py:35 - INFO - 开始检查ながされセーラー (コミックゼロス #57)[無修正]是否存在未下载章节
2026-08-12 23:54:07 - mkk_pika - main.py:45 - INFO - 正在下载:[ながされセーラー (コミックゼロス #57)[無修正]]-[清宮涼]-[['短篇', '純愛']]-[total_pages:31]
2026-08-12 23:54:07 - mkk_pika - main.py:49 - INFO - [{'_id': '5c58098c124309211f9c0418', 'title': '第1集', 'order': 1, 'updated_at': '2019-02-03T07:09:51.962Z', 'id': '5c58098c124309211f9c0418'}]
2026-08-12 23:54:07 - mkk_pika - database.py:215 - INFO - 第一次下载该漫画，记录数据库中
2026-08-12 23:54:07 - mkk_pika - main.py:83 - INFO - 找到 31 张图片在:第1集
2026-08-12 23:54:08 - mkk_pika - main.py:112 - INFO - [episode:第1集       ] downloaded:    31, total:  31, progress:100%
2026-08-12 23:54:08 - mkk_pika - database.py:238 - INFO - 数据库更新已下载章节
2026-08-12 23:54:08 - mkk_pika - database.py:244 - INFO - 该漫画已下载章节如下
2026-08-12 23:54:08 - mkk_pika - database.py:245 - INFO - ['第1集']
2026-08-12 23:54:10 - mkk_pika - main.py:348 - INFO - ==================== 漫画信息 ====================
                                   漫画ID：5c58098c124309211f9c0417
                                   标题：ながされセーラー (コミックゼロス #57)[無修正]
                                   作者：清宮涼
                                   是否完结：否
                                   总页数：31
                                   分类：短篇,純愛
                                   章节数：1
                                   最后更新时间：2019-02-04T09:44:44.248Z
                                   =================================================
2026-08-12 23:54:10 - mkk_pika - database.py:101 - INFO - 保存成功：ながされセーラー (コミックゼロス #57)[無修正]
2026-08-12 23:54:10 - mkk_pika - main.py:35 - INFO - 开始检查ミガワリ堕メ（汉化）是否存在未下载章节
2026-08-12 23:54:10 - mkk_pika - main.py:45 - INFO - 正在下载:[ミガワリ堕メ（汉化）]-[Rip@Lip (水原優)]-[['短篇', '強暴', '姐姐系']]-[total_pages:27]
2026-08-12 23:54:10 - mkk_pika - main.py:49 - INFO - [{'_id': '5c580a6fc72461213731cd87', 'title': '第1集', 'order': 1, 'updated_at': '2019-02-03T12:00:02.931Z', 'id': '5c580a6fc72461213731cd87'}]
2026-08-12 23:54:10 - mkk_pika - database.py:215 - INFO - 第一次下载该漫画，记录数据库中
2026-08-12 23:54:11 - mkk_pika - main.py:83 - INFO - 找到 27 张图片在:第1集
2026-08-12 23:54:12 - mkk_pika - main.py:112 - INFO - [episode:第1集       ] downloaded:    27, total:  27, progress:100%
2026-08-12 23:54:12 - mkk_pika - database.py:238 - INFO - 数据库更新已下载章节
2026-08-12 23:54:12 - mkk_pika - database.py:244 - INFO - 该漫画已下载章节如下
2026-08-12 23:54:12 - mkk_pika - database.py:245 - INFO - ['第1集']
2026-08-12 23:54:13 - mkk_pika - main.py:348 - INFO - ==================== 漫画信息 ====================
                                   漫画ID：5c580a6fc72461213731cd86
                                   标题：ミガワリ堕メ（汉化）
                                   作者：Rip@Lip (水原優)
                                   是否完结：是
                                   总页数：27
                                   分类：短篇,強暴,姐姐系
                                   章节数：1
                                   最后更新时间：2019-02-04T09:48:31.087Z
                                   =================================================
2026-08-12 23:54:13 - mkk_pika - database.py:101 - INFO - 保存成功：ミガワリ堕メ（汉化）
2026-08-12 23:54:13 - mkk_pika - main.py:35 - INFO - 开始检查 夏はまだこれから… (コミックゼロス #75)是否存在未下载章节
2026-08-12 23:54:13 - mkk_pika - main.py:45 - INFO - 正在下载:[ 夏はまだこれから… (コミックゼロス #75)]-[駄菓子]-[['短篇', '純愛']]-[total_pages:19]
2026-08-12 23:54:13 - mkk_pika - main.py:49 - INFO - [{'_id': '5c580a892c854b2125c9f12b', 'title': '第1集', 'order': 1, 'updated_at': '2019-02-03T12:11:21.678Z', 'id': '5c580a892c854b2125c9f12b'}]
2026-08-12 23:54:13 - mkk_pika - database.py:215 - INFO - 第一次下载该漫画，记录数据库中
2026-08-12 23:54:14 - mkk_pika - main.py:83 - INFO - 找到 19 张图片在:第1集
2026-08-12 23:54:15 - mkk_pika - main.py:112 - INFO - [episode:第1集       ] downloaded:    19, total:  19, progress:100%
2026-08-12 23:54:15 - mkk_pika - database.py:238 - INFO - 数据库更新已下载章节
2026-08-12 23:54:15 - mkk_pika - database.py:244 - INFO - 该漫画已下载章节如下
2026-08-12 23:54:15 - mkk_pika - database.py:245 - INFO - ['第1集']
2026-08-12 23:54:16 - mkk_pika - main.py:348 - INFO - ==================== 漫画信息 ====================
                                   漫画ID：5c580a892c854b2125c9f12a
                                   标题： 夏はまだこれから… (コミックゼロス #75)
                                   作者：駄菓子
                                   是否完结：是
                                   总页数：19
                                   分类：短篇,純愛
                                   章节数：1
                                   最后更新时间：2019-02-04T09:48:57.697Z
                                   =================================================
2026-08-12 23:54:16 - mkk_pika - database.py:101 - INFO - 保存成功： 夏はまだこれから… (コミックゼロス #75)
2026-08-12 23:54:16 - mkk_pika - main.py:35 - INFO - 开始检查露出少女虎 (とらドラ!) 是否存在未下载章节
2026-08-12 23:54:16 - mkk_pika - main.py:45 - INFO - 正在下载:[露出少女虎 (とらドラ!) ]-[ミントチョコレート (氷室光一, Raw)]-[['短篇', '同人']]-[total_pages:43]
2026-08-12 23:54:16 - mkk_pika - main.py:49 - INFO - [{'_id': '5c580af461e3d42131103340', 'title': '第1集', 'order': 1, 'updated_at': '2019-02-03T12:22:23.958Z', 'id': '5c580af461e3d42131103340'}]
2026-08-12 23:54:16 - mkk_pika - database.py:215 - INFO - 第一次下载该漫画，记录数据库中
2026-08-12 23:54:17 - mkk_pika - main.py:83 - INFO - 找到 43 张图片在:第1集
2026-08-12 23:54:18 - mkk_pika - main.py:112 - INFO - [episode:第1集       ] downloaded:    43, total:  43, progress:100%
2026-08-12 23:54:18 - mkk_pika - database.py:238 - INFO - 数据库更新已下载章节
2026-08-12 23:54:18 - mkk_pika - database.py:244 - INFO - 该漫画已下载章节如下
2026-08-12 23:54:18 - mkk_pika - database.py:245 - INFO - ['第1集']
2026-08-12 23:54:20 - mkk_pika - main.py:348 - INFO - ==================== 漫画信息 ====================
                                   漫画ID：5c580af461e3d4213110333f
                                   标题：露出少女虎 (とらドラ!) 
                                   作者：ミントチョコレート (氷室光一, Raw)
                                   是否完结：是
                                   总页数：43
                                   分类：短篇,同人
                                   章节数：1
                                   最后更新时间：2019-02-04T09:50:44.329Z
                                   =================================================
2026-08-12 23:54:20 - mkk_pika - database.py:101 - INFO - 保存成功：露出少女虎 (とらドラ!) 
2026-08-12 23:54:20 - mkk_pika - main.py:35 - INFO - 开始检查直葉の薄々な絵本是否存在未下载章节
2026-08-12 23:54:21 - mkk_pika - main.py:45 - INFO - 正在下载:[直葉の薄々な絵本]-[暗中模索 (まるころんど)]-[['同人', '短篇', '純愛', '妹妹系', 'SAO 刀劍神域', '強暴', 'NTR']]-[total_pages:35]
2026-08-12 23:54:21 - mkk_pika - main.py:49 - INFO - [{'_id': '5c580bbab837d85962ccc687', 'title': '第一集', 'order': 1, 'updated_at': '2019-02-03T16:59:33.209Z', 'id': '5c580bbab837d85962ccc687'}]
2026-08-12 23:54:21 - mkk_pika - database.py:215 - INFO - 第一次下载该漫画，记录数据库中
2026-08-12 23:54:21 - mkk_pika - main.py:83 - INFO - 找到 35 张图片在:第一集
2026-08-12 23:54:22 - mkk_pika - main.py:112 - INFO - [episode:第一集       ] downloaded:    35, total:  35, progress:100%
2026-08-12 23:54:22 - mkk_pika - database.py:238 - INFO - 数据库更新已下载章节
2026-08-12 23:54:22 - mkk_pika - database.py:244 - INFO - 该漫画已下载章节如下
2026-08-12 23:54:22 - mkk_pika - database.py:245 - INFO - ['第一集']
2026-08-12 23:54:24 - mkk_pika - main.py:348 - INFO - ==================== 漫画信息 ====================
                                   漫画ID：5c580bbab837d85962ccc686
                                   标题：直葉の薄々な絵本
                                   作者：暗中模索 (まるころんど)
                                   是否完结：否
                                   总页数：35
                                   分类：同人,短篇,純愛,妹妹系,SAO 刀劍神域,強暴,NTR
                                   章节数：1
                                   最后更新时间：2019-02-04T09:54:02.888Z
                                   =================================================
2026-08-12 23:54:24 - mkk_pika - database.py:101 - INFO - 保存成功：直葉の薄々な絵本
2026-08-12 23:54:24 - mkk_pika - main.py:35 - INFO - 开始检查シリカの薄々な絵本是否存在未下载章节
2026-08-12 23:54:24 - mkk_pika - main.py:45 - INFO - 正在下载:[シリカの薄々な絵本]-[暗中模索 (まるころんど)]-[['同人', '短篇', 'NTR', 'SAO 刀劍神域']]-[total_pages:36]
2026-08-12 23:54:24 - mkk_pika - main.py:49 - INFO - [{'_id': '5c580bfb124309211f9c046a', 'title': '第二集', 'order': 1, 'updated_at': '2019-02-03T17:17:56.084Z', 'id': '5c580bfb124309211f9c046a'}]
2026-08-12 23:54:24 - mkk_pika - database.py:215 - INFO - 第一次下载该漫画，记录数据库中
2026-08-12 23:54:25 - mkk_pika - main.py:83 - INFO - 找到 36 张图片在:第二集
2026-08-12 23:54:26 - mkk_pika - main.py:112 - INFO - [episode:第二集       ] downloaded:    36, total:  36, progress:100%
2026-08-12 23:54:26 - mkk_pika - database.py:238 - INFO - 数据库更新已下载章节
2026-08-12 23:54:26 - mkk_pika - database.py:244 - INFO - 该漫画已下载章节如下
2026-08-12 23:54:26 - mkk_pika - database.py:245 - INFO - ['第二集']
2026-08-12 23:54:27 - mkk_pika - main.py:348 - INFO - ==================== 漫画信息 ====================
                                   漫画ID：5c580bfb124309211f9c0469
                                   标题：シリカの薄々な絵本
                                   作者：暗中模索 (まるころんど)
                                   是否完结：否
                                   总页数：36
                                   分类：同人,短篇,NTR,SAO 刀劍神域
                                   章节数：1
                                   最后更新时间：2019-02-04T09:55:07.787Z
                                   =================================================
2026-08-12 23:54:27 - mkk_pika - database.py:101 - INFO - 保存成功：シリカの薄々な絵本
2026-08-12 23:54:27 - mkk_pika - main.py:35 - INFO - 开始检查シノノノン!是否存在未下载章节
2026-08-12 23:54:28 - mkk_pika - main.py:45 - INFO - 正在下载:[シノノノン!]-[MILK PUDDING (emily)]-[['同人', '短篇', '純愛', '妹妹系', 'SAO 刀劍神域', '非人類']]-[total_pages:33]
2026-08-12 23:54:28 - mkk_pika - main.py:49 - INFO - [{'_id': '5c580c134f9e0959760043c4', 'title': '第1集', 'order': 1, 'updated_at': '2019-02-03T17:31:57.575Z', 'id': '5c580c134f9e0959760043c4'}]
2026-08-12 23:54:28 - mkk_pika - database.py:215 - INFO - 第一次下载该漫画，记录数据库中
2026-08-12 23:54:28 - mkk_pika - main.py:83 - INFO - 找到 33 张图片在:第1集
2026-08-12 23:54:29 - mkk_pika - main.py:112 - INFO - [episode:第1集       ] downloaded:    33, total:  33, progress:100%
2026-08-12 23:54:29 - mkk_pika - database.py:238 - INFO - 数据库更新已下载章节
2026-08-12 23:54:29 - mkk_pika - database.py:244 - INFO - 该漫画已下载章节如下
2026-08-12 23:54:29 - mkk_pika - database.py:245 - INFO - ['第1集']
2026-08-12 23:54:31 - mkk_pika - main.py:348 - INFO - ==================== 漫画信息 ====================
                                   漫画ID：5c580c134f9e0959760043c3
                                   标题：シノノノン!
                                   作者：MILK PUDDING (emily)
                                   是否完结：否
                                   总页数：33
                                   分类：同人,短篇,純愛,妹妹系,SAO 刀劍神域,非人類
                                   章节数：1
                                   最后更新时间：2019-02-04T09:55:31.011Z
                                   =================================================
2026-08-12 23:54:31 - mkk_pika - database.py:101 - INFO - 保存成功：シノノノン!
2026-08-12 23:54:31 - mkk_pika - main.py:35 - INFO - 开始检查福山同学系列汉化合集是否存在未下载章节
2026-08-12 23:54:31 - mkk_pika - main.py:45 - INFO - 正在下载:[福山同学系列汉化合集]-[フエタキシ]-[['純愛']]-[total_pages:289]
2026-08-12 23:54:31 - mkk_pika - main.py:49 - INFO - [{'_id': '5c580c7b124309211f9c0491', 'title': '第1集', 'order': 1, 'updated_at': '2019-02-03T18:11:04.788Z', 'id': '5c580c7b124309211f9c0491'}, {'_id': '5c580c7b124309211f9c0492', 'title': '第2集', 'order': 2, 'updated_at': '2019-02-03T18:19:43.604Z', 'id': '5c580c7b124309211f9c0492'}, {'_id': '5c580c7b124309211f9c0493', 'title': '第3集', 'order': 3, 'updated_at': '2019-02-03T18:30:59.020Z', 'id': '5c580c7b124309211f9c0493'}, {'_id': '5c580c7b124309211f9c0494', 'title': '第4集', 'order': 4, 'updated_at': '2019-02-03T18:34:08.916Z', 'id': '5c580c7b124309211f9c0494'}, {'_id': '5c580c7b124309211f9c0495', 'title': '第5集', 'order': 5, 'updated_at': '2019-02-03T18:35:56.217Z', 'id': '5c580c7b124309211f9c0495'}, {'_id': '5c580c7b124309211f9c0496', 'title': '第6集', 'order': 6, 'updated_at': '2019-02-03T18:39:27.479Z', 'id': '5c580c7b124309211f9c0496'}, {'_id': '5c580c7b124309211f9c0497', 'title': '第7集', 'order': 7, 'updated_at': '2019-02-03T18:45:52.237Z', 'id': '5c580c7b124309211f9c0497'}, {'_id': '5c580c7b124309211f9c0498', 'title': '第8集', 'order': 8, 'updated_at': '2019-02-03T19:16:36.166Z', 'id': '5c580c7b124309211f9c0498'}, {'_id': '5c580c7b124309211f9c0499', 'title': '第9集', 'order': 9, 'updated_at': '2019-02-03T19:18:25.193Z', 'id': '5c580c7b124309211f9c0499'}, {'_id': '5c580c7b124309211f9c049a', 'title': '第10集', 'order': 10, 'updated_at': '2019-02-03T19:22:21.111Z', 'id': '5c580c7b124309211f9c049a'}]
2026-08-12 23:54:31 - mkk_pika - database.py:215 - INFO - 第一次下载该漫画，记录数据库中
2026-08-12 23:54:31 - mkk_pika - main.py:83 - INFO - 找到 30 张图片在:第1集
2026-08-12 23:54:33 - mkk_pika - main.py:112 - INFO - [episode:第1集       ] downloaded:    30, total:  30, progress:100%
2026-08-12 23:54:33 - mkk_pika - database.py:238 - INFO - 数据库更新已下载章节
2026-08-12 23:54:33 - mkk_pika - database.py:244 - INFO - 该漫画已下载章节如下
2026-08-12 23:54:33 - mkk_pika - database.py:245 - INFO - ['第1集']
2026-08-12 23:54:34 - mkk_pika - main.py:83 - INFO - 找到 30 张图片在:第2集
2026-08-12 23:54:35 - mkk_pika - main.py:112 - INFO - [episode:第2集       ] downloaded:    30, total:  30, progress:100%
2026-08-12 23:54:35 - mkk_pika - database.py:238 - INFO - 数据库更新已下载章节
2026-08-12 23:54:35 - mkk_pika - database.py:244 - INFO - 该漫画已下载章节如下
2026-08-12 23:54:35 - mkk_pika - database.py:245 - INFO - ['第1集', '第2集']
2026-08-12 23:54:37 - mkk_pika - main.py:83 - INFO - 找到 38 张图片在:第3集
2026-08-12 23:54:38 - mkk_pika - main.py:112 - INFO - [episode:第3集       ] downloaded:    38, total:  38, progress:100%
2026-08-12 23:54:38 - mkk_pika - database.py:238 - INFO - 数据库更新已下载章节
2026-08-12 23:54:38 - mkk_pika - database.py:244 - INFO - 该漫画已下载章节如下
2026-08-12 23:54:38 - mkk_pika - database.py:245 - INFO - ['第1集', '第2集', '第3集']
2026-08-12 23:54:40 - mkk_pika - main.py:83 - INFO - 找到 30 张图片在:第4集
2026-08-12 23:54:41 - mkk_pika - main.py:112 - INFO - [episode:第4集       ] downloaded:    30, total:  30, progress:100%
2026-08-12 23:54:41 - mkk_pika - database.py:238 - INFO - 数据库更新已下载章节
2026-08-12 23:54:41 - mkk_pika - database.py:244 - INFO - 该漫画已下载章节如下
2026-08-12 23:54:41 - mkk_pika - database.py:245 - INFO - ['第1集', '第2集', '第3集', '第4集']
2026-08-12 23:54:43 - mkk_pika - main.py:83 - INFO - 找到 29 张图片在:第5集
2026-08-12 23:54:44 - mkk_pika - main.py:112 - INFO - [episode:第5集       ] downloaded:    29, total:  29, progress:100%
2026-08-12 23:54:44 - mkk_pika - database.py:238 - INFO - 数据库更新已下载章节
2026-08-12 23:54:44 - mkk_pika - database.py:244 - INFO - 该漫画已下载章节如下
2026-08-12 23:54:44 - mkk_pika - database.py:245 - INFO - ['第1集', '第2集', '第3集', '第4集', '第5集']
2026-08-12 23:54:45 - mkk_pika - main.py:83 - INFO - 找到 31 张图片在:第6集
2026-08-12 23:54:46 - mkk_pika - main.py:112 - INFO - [episode:第6集       ] downloaded:    31, total:  31, progress:100%
2026-08-12 23:54:46 - mkk_pika - database.py:238 - INFO - 数据库更新已下载章节
2026-08-12 23:54:46 - mkk_pika - database.py:244 - INFO - 该漫画已下载章节如下
2026-08-12 23:54:46 - mkk_pika - database.py:245 - INFO - ['第1集', '第2集', '第3集', '第4集', '第5集', '第6集']
2026-08-12 23:54:48 - mkk_pika - main.py:83 - INFO - 找到 28 张图片在:第7集
2026-08-12 23:54:49 - mkk_pika - main.py:112 - INFO - [episode:第7集       ] downloaded:    28, total:  28, progress:100%
2026-08-12 23:54:49 - mkk_pika - database.py:238 - INFO - 数据库更新已下载章节
2026-08-12 23:54:49 - mkk_pika - database.py:244 - INFO - 该漫画已下载章节如下
2026-08-12 23:54:49 - mkk_pika - database.py:245 - INFO - ['第1集', '第2集', '第3集', '第4集', '第5集', '第6集', '第7集']
2026-08-12 23:54:50 - mkk_pika - main.py:83 - INFO - 找到 31 张图片在:第8集
2026-08-12 23:54:52 - mkk_pika - main.py:112 - INFO - [episode:第8集       ] downloaded:    31, total:  31, progress:100%
2026-08-12 23:54:52 - mkk_pika - database.py:238 - INFO - 数据库更新已下载章节
2026-08-12 23:54:52 - mkk_pika - database.py:244 - INFO - 该漫画已下载章节如下
2026-08-12 23:54:52 - mkk_pika - database.py:245 - INFO - ['第1集', '第2集', '第3集', '第4集', '第5集', '第6集', '第7集', '第8集']
2026-08-12 23:54:53 - mkk_pika - main.py:83 - INFO - 找到 14 张图片在:第9集
2026-08-12 23:54:54 - mkk_pika - main.py:112 - INFO - [episode:第9集       ] downloaded:    14, total:  14, progress:100%
2026-08-12 23:54:54 - mkk_pika - database.py:238 - INFO - 数据库更新已下载章节
2026-08-12 23:54:54 - mkk_pika - database.py:244 - INFO - 该漫画已下载章节如下
2026-08-12 23:54:54 - mkk_pika - database.py:245 - INFO - ['第1集', '第2集', '第3集', '第4集', '第5集', '第6集', '第7集', '第8集', '第9集']
2026-08-12 23:54:56 - mkk_pika - main.py:83 - INFO - 找到 28 张图片在:第10集
2026-08-12 23:54:57 - mkk_pika - main.py:112 - INFO - [episode:第10集      ] downloaded:    28, total:  28, progress:100%
2026-08-12 23:54:57 - mkk_pika - database.py:238 - INFO - 数据库更新已下载章节
2026-08-12 23:54:57 - mkk_pika - database.py:244 - INFO - 该漫画已下载章节如下
2026-08-12 23:54:57 - mkk_pika - database.py:245 - INFO - ['第1集', '第2集', '第3集', '第4集', '第5集', '第6集', '第7集', '第8集', '第9集', '第10集']
2026-08-12 23:54:58 - mkk_pika - main.py:348 - INFO - ==================== 漫画信息 ====================
                                   漫画ID：5c580c7b124309211f9c0490
                                   标题：福山同学系列汉化合集
                                   作者：フエタキシ
                                   是否完结：否
                                   总页数：289
                                   分类：純愛
                                   章节数：10
                                   最后更新时间：2019-02-04T09:57:15.069Z
                                   =================================================
2026-08-12 23:54:58 - mkk_pika - database.py:101 - INFO - 保存成功：福山同学系列汉化合集
2026-08-12 23:54:58 - mkk_pika - main.py:35 - INFO - 开始检查限界おじさん幼女先輩になってみた是否存在未下载章节
2026-08-12 23:54:59 - mkk_pika - main.py:45 - INFO - 正在下载:[限界おじさん幼女先輩になってみた]-[コデインガール (ドバト)]-[['短篇', '性轉換']]-[total_pages:27]
2026-08-12 23:54:59 - mkk_pika - main.py:49 - INFO - [{'_id': '5c580d30124309211f9c05c0', 'title': '第1集', 'order': 1, 'updated_at': '2019-02-03T20:36:27.515Z', 'id': '5c580d30124309211f9c05c0'}]
2026-08-12 23:54:59 - mkk_pika - database.py:215 - INFO - 第一次下载该漫画，记录数据库中
2026-08-12 23:54:59 - mkk_pika - main.py:83 - INFO - 找到 27 张图片在:第1集
2026-08-12 23:55:00 - mkk_pika - main.py:112 - INFO - [episode:第1集       ] downloaded:    27, total:  27, progress:100%
2026-08-12 23:55:00 - mkk_pika - database.py:238 - INFO - 数据库更新已下载章节
2026-08-12 23:55:00 - mkk_pika - database.py:244 - INFO - 该漫画已下载章节如下
2026-08-12 23:55:00 - mkk_pika - database.py:245 - INFO - ['第1集']
2026-08-12 23:55:01 - mkk_pika - main.py:348 - INFO - ==================== 漫画信息 ====================
                                   漫画ID：5c580d30124309211f9c05bf
                                   标题：限界おじさん幼女先輩になってみた
                                   作者：コデインガール (ドバト)
                                   是否完结：是
                                   总页数：27
                                   分类：短篇,性轉換
                                   章节数：1
                                   最后更新时间：2019-02-04T10:00:16.339Z
                                   =================================================
2026-08-12 23:55:01 - mkk_pika - database.py:101 - INFO - 保存成功：限界おじさん幼女先輩になってみた
2026-08-12 23:55:01 - mkk_pika - main.py:35 - INFO - 开始检查(C94) メイちゃんはじめてのお仕事是否存在未下载章节
2026-08-12 23:55:02 - mkk_pika - main.py:45 - INFO - 正在下载:[(C94) メイちゃんはじめてのお仕事]-[miyubi (きいち)]-[['短篇', '全彩']]-[total_pages:21]
2026-08-12 23:55:02 - mkk_pika - main.py:49 - INFO - [{'_id': '5c580d4321e7d008522880a4', 'title': '第1集', 'order': 1, 'updated_at': '2019-02-03T22:03:16.142Z', 'id': '5c580d4321e7d008522880a4'}]
2026-08-12 23:55:02 - mkk_pika - database.py:215 - INFO - 第一次下载该漫画，记录数据库中
2026-08-12 23:55:02 - mkk_pika - main.py:83 - INFO - 找到 21 张图片在:第1集
2026-08-12 23:55:03 - mkk_pika - main.py:112 - INFO - [episode:第1集       ] downloaded:    21, total:  21, progress:100%
2026-08-12 23:55:03 - mkk_pika - database.py:238 - INFO - 数据库更新已下载章节
2026-08-12 23:55:03 - mkk_pika - database.py:244 - INFO - 该漫画已下载章节如下
2026-08-12 23:55:03 - mkk_pika - database.py:245 - INFO - ['第1集']
2026-08-12 23:55:04 - mkk_pika - main.py:348 - INFO - ==================== 漫画信息 ====================
                                   漫画ID：5c580d4321e7d008522880a3
                                   标题：(C94) メイちゃんはじめてのお仕事
                                   作者：miyubi (きいち)
                                   是否完结：是
                                   总页数：21
                                   分类：短篇,全彩
                                   章节数：1
                                   最后更新时间：2019-02-04T10:00:35.066Z
                                   =================================================
2026-08-12 23:55:04 - mkk_pika - database.py:101 - INFO - 保存成功：(C94) メイちゃんはじめてのお仕事
2026-08-12 23:55:04 - mkk_pika - main.py:35 - INFO - 开始检查催眠光線是否存在未下载章节
2026-08-12 23:55:05 - mkk_pika - main.py:45 - INFO - 正在下载:[催眠光線]-[rbooks (kumikouj)]-[['全彩', '短篇']]-[total_pages:61]
2026-08-12 23:55:05 - mkk_pika - main.py:49 - INFO - [{'_id': '5c580d5367de1e0859466a36', 'title': '第1集', 'order': 1, 'updated_at': '2019-02-03T22:08:51.515Z', 'id': '5c580d5367de1e0859466a36'}]
2026-08-12 23:55:05 - mkk_pika - database.py:215 - INFO - 第一次下载该漫画，记录数据库中
2026-08-12 23:55:06 - mkk_pika - main.py:83 - INFO - 找到 61 张图片在:第1集
2026-08-12 23:55:08 - mkk_pika - main.py:112 - INFO - [episode:第1集       ] downloaded:    61, total:  61, progress:100%
2026-08-12 23:55:08 - mkk_pika - database.py:238 - INFO - 数据库更新已下载章节
2026-08-12 23:55:08 - mkk_pika - database.py:244 - INFO - 该漫画已下载章节如下
2026-08-12 23:55:08 - mkk_pika - database.py:245 - INFO - ['第1集']
2026-08-12 23:55:09 - mkk_pika - main.py:348 - INFO - ==================== 漫画信息 ====================
                                   漫画ID：5c580d5367de1e0859466a35
                                   标题：催眠光線
                                   作者：rbooks (kumikouj)
                                   是否完结：是
                                   总页数：61
                                   分类：全彩,短篇
                                   章节数：1
                                   最后更新时间：2019-02-04T10:00:51.385Z
                                   =================================================
2026-08-12 23:55:09 - mkk_pika - database.py:101 - INFO - 保存成功：催眠光線
2026-08-12 23:55:09 - mkk_pika - main.py:35 - INFO - 开始检查Xenogearsのエロいラクガキ本 Part4 (ゼノギアス) [中国翻訳]是否存在未下载章节
2026-08-12 23:55:10 - mkk_pika - main.py:45 - INFO - 正在下载:[Xenogearsのエロいラクガキ本 Part4 (ゼノギアス) [中国翻訳]]-[RIN (モチ)]-[['同人', '短篇']]-[total_pages:28]
2026-08-12 23:55:10 - mkk_pika - main.py:49 - INFO - [{'_id': '5c580dab4ee32c398db94480', 'title': '第1集', 'order': 1, 'updated_at': '2019-02-03T22:14:04.986Z', 'id': '5c580dab4ee32c398db94480'}]
2026-08-12 23:55:10 - mkk_pika - database.py:215 - INFO - 第一次下载该漫画，记录数据库中
2026-08-12 23:55:10 - mkk_pika - main.py:83 - INFO - 找到 28 张图片在:第1集
2026-08-12 23:55:11 - mkk_pika - main.py:112 - INFO - [episode:第1集       ] downloaded:    28, total:  28, progress:100%
2026-08-12 23:55:11 - mkk_pika - database.py:238 - INFO - 数据库更新已下载章节
2026-08-12 23:55:11 - mkk_pika - database.py:244 - INFO - 该漫画已下载章节如下
2026-08-12 23:55:11 - mkk_pika - database.py:245 - INFO - ['第1集']
2026-08-12 23:55:12 - mkk_pika - main.py:348 - INFO - ==================== 漫画信息 ====================
                                   漫画ID：5c580dab4ee32c398db9447f
                                   标题：Xenogearsのエロいラクガキ本 Part4 (ゼノギアス) [中国翻訳]
                                   作者：RIN (モチ)
                                   是否完结：是
                                   总页数：28
                                   分类：同人,短篇
                                   章节数：1
                                   最后更新时间：2019-02-04T10:02:19.159Z
                                   =================================================
2026-08-12 23:55:12 - mkk_pika - database.py:101 - INFO - 保存成功：Xenogearsのエロいラクガキ本 Part4 (ゼノギアス) [中国翻訳]
2026-08-12 23:55:12 - mkk_pika - main.py:35 - INFO - 开始检查(C95) お疲れなマスターを私が癒してあげたい。 (Fate/Grand Order)是否存在未下载章节
2026-08-12 23:55:13 - mkk_pika - main.py:45 - INFO - 正在下载:[(C95) お疲れなマスターを私が癒してあげたい。 (Fate/Grand Order)]-[けもこも屋 (こもりけい)]-[['同人', '短篇', 'Fate']]-[total_pages:28]
2026-08-12 23:55:13 - mkk_pika - main.py:49 - INFO - [{'_id': '5c580e16e8d11539936d7b7f', 'title': '第1集', 'order': 1, 'updated_at': '2019-02-03T22:23:21.405Z', 'id': '5c580e16e8d11539936d7b7f'}]
2026-08-12 23:55:13 - mkk_pika - database.py:215 - INFO - 第一次下载该漫画，记录数据库中
2026-08-12 23:55:13 - mkk_pika - main.py:83 - INFO - 找到 28 张图片在:第1集
2026-08-12 23:55:14 - mkk_pika - main.py:112 - INFO - [episode:第1集       ] downloaded:    28, total:  28, progress:100%
2026-08-12 23:55:14 - mkk_pika - database.py:238 - INFO - 数据库更新已下载章节
2026-08-12 23:55:14 - mkk_pika - database.py:244 - INFO - 该漫画已下载章节如下
2026-08-12 23:55:14 - mkk_pika - database.py:245 - INFO - ['第1集']
2026-08-12 23:55:16 - mkk_pika - main.py:348 - INFO - ==================== 漫画信息 ====================
                                   漫画ID：5c580e16e8d11539936d7b7e
                                   标题：(C95) お疲れなマスターを私が癒してあげたい。 (Fate/Grand Order)
                                   作者：けもこも屋 (こもりけい)
                                   是否完结：是
                                   总页数：28
                                   分类：同人,短篇,Fate
                                   章节数：1
                                   最后更新时间：2019-02-04T10:04:06.403Z
                                   =================================================
2026-08-12 23:55:16 - mkk_pika - database.py:101 - INFO - 保存成功：(C95) お疲れなマスターを私が癒してあげたい。 (Fate/Grand Order)
2026-08-12 23:55:16 - mkk_pika - main.py:35 - INFO - 开始检查甘熟痴妻 + イラストカード是否存在未下载章节
2026-08-12 23:55:16 - mkk_pika - main.py:45 - INFO - 正在下载:[甘熟痴妻 + イラストカード]-[すぎぢー]-[['長篇', '單行本', '人妻']]-[total_pages:221]
2026-08-12 23:55:16 - mkk_pika - main.py:49 - INFO - [{'_id': '5c580e284ee32c398db9449f', 'title': '第1集', 'order': 1, 'updated_at': '2019-02-03T22:37:10.174Z', 'id': '5c580e284ee32c398db9449f'}]
2026-08-12 23:55:16 - mkk_pika - database.py:215 - INFO - 第一次下载该漫画，记录数据库中
2026-08-12 23:55:18 - mkk_pika - main.py:83 - INFO - 找到 221 张图片在:第1集
2026-08-12 23:55:25 - mkk_pika - main.py:112 - INFO - [episode:第1集       ] downloaded:   221, total: 221, progress:100%
2026-08-12 23:55:25 - mkk_pika - database.py:238 - INFO - 数据库更新已下载章节
2026-08-12 23:55:25 - mkk_pika - database.py:244 - INFO - 该漫画已下载章节如下
2026-08-12 23:55:25 - mkk_pika - database.py:245 - INFO - ['第1集']
2026-08-12 23:55:27 - mkk_pika - main.py:348 - INFO - ==================== 漫画信息 ====================
                                   漫画ID：5c580e284ee32c398db9449e
                                   标题：甘熟痴妻 + イラストカード
                                   作者：すぎぢー
                                   是否完结：是
                                   总页数：221
                                   分类：長篇,單行本,人妻
                                   章节数：1
                                   最后更新时间：2019-02-04T10:04:24.600Z
                                   =================================================
2026-08-12 23:55:27 - mkk_pika - database.py:101 - INFO - 保存成功：甘熟痴妻 + イラストカード
2026-08-12 23:55:27 - mkk_pika - main.py:35 - INFO - 开始检查(COMIC1☆13)おにいちゃんの童貞もらってあげてもい～よ?是否存在未下载章节
2026-08-12 23:55:27 - mkk_pika - main.py:45 - INFO - 正在下载:[(COMIC1☆13)おにいちゃんの童貞もらってあげてもい～よ?]-[ぽよぽよスカイ (佐伯ソラ)]-[['短篇', '純愛', '妹妹系']]-[total_pages:18]
2026-08-12 23:55:27 - mkk_pika - main.py:49 - INFO - [{'_id': '5c580ecd4ee32c398db94580', 'title': '第1集', 'order': 1, 'updated_at': '2019-02-04T01:25:39.918Z', 'id': '5c580ecd4ee32c398db94580'}]
2026-08-12 23:55:27 - mkk_pika - database.py:215 - INFO - 第一次下载该漫画，记录数据库中
2026-08-12 23:55:27 - mkk_pika - main.py:83 - INFO - 找到 18 张图片在:第1集
2026-08-12 23:55:28 - mkk_pika - main.py:112 - INFO - [episode:第1集       ] downloaded:    18, total:  18, progress:100%
2026-08-12 23:55:28 - mkk_pika - database.py:238 - INFO - 数据库更新已下载章节
2026-08-12 23:55:28 - mkk_pika - database.py:244 - INFO - 该漫画已下载章节如下
2026-08-12 23:55:28 - mkk_pika - database.py:245 - INFO - ['第1集']
2026-08-12 23:55:29 - mkk_pika - main.py:348 - INFO - ==================== 漫画信息 ====================
                                   漫画ID：5c580ecd4ee32c398db9457f
                                   标题：(COMIC1☆13)おにいちゃんの童貞もらってあげてもい～よ?
                                   作者：ぽよぽよスカイ (佐伯ソラ)
                                   是否完结：否
                                   总页数：18
                                   分类：短篇,純愛,妹妹系
                                   章节数：1
                                   最后更新时间：2019-02-04T10:07:09.339Z
                                   =================================================
2026-08-12 23:55:29 - mkk_pika - database.py:101 - INFO - 保存成功：(COMIC1☆13)おにいちゃんの童貞もらってあげてもい～よ?
2026-08-12 23:55:29 - mkk_pika - main.py:35 - INFO - 开始检查紅魔館の悪戯メイドafter (東方Project)是否存在未下载章节
2026-08-12 23:55:30 - mkk_pika - main.py:45 - INFO - 正在下载:[紅魔館の悪戯メイドafter (東方Project)]-[らふれしあ (キャンベル議長]-[['短篇', '同人', '東方', '純愛']]-[total_pages:23]
2026-08-12 23:55:30 - mkk_pika - main.py:49 - INFO - [{'_id': '5c580ee62da78c08486dbf75', 'title': '第1集', 'order': 1, 'updated_at': '2019-02-04T03:11:11.727Z', 'id': '5c580ee62da78c08486dbf75'}]
2026-08-12 23:55:30 - mkk_pika - database.py:215 - INFO - 第一次下载该漫画，记录数据库中
2026-08-12 23:55:30 - mkk_pika - main.py:83 - INFO - 找到 23 张图片在:第1集
2026-08-12 23:55:31 - mkk_pika - main.py:112 - INFO - [episode:第1集       ] downloaded:    23, total:  23, progress:100%
2026-08-12 23:55:31 - mkk_pika - database.py:238 - INFO - 数据库更新已下载章节
2026-08-12 23:55:31 - mkk_pika - database.py:244 - INFO - 该漫画已下载章节如下
2026-08-12 23:55:31 - mkk_pika - database.py:245 - INFO - ['第1集']
2026-08-12 23:55:32 - mkk_pika - main.py:348 - INFO - ==================== 漫画信息 ====================
                                   漫画ID：5c580ee62da78c08486dbf74
                                   标题：紅魔館の悪戯メイドafter (東方Project)
                                   作者：らふれしあ (キャンベル議長
                                   是否完结：是
                                   总页数：23
                                   分类：短篇,同人,東方,純愛
                                   章节数：1
                                   最后更新时间：2019-02-04T10:07:34.030Z
                                   =================================================
2026-08-12 23:55:32 - mkk_pika - database.py:101 - INFO - 保存成功：紅魔館の悪戯メイドafter (東方Project)
2026-08-12 23:55:32 - mkk_pika - main.py:35 - INFO - 开始检查紅魔館の悪戯メイド (東方Project)是否存在未下载章节
2026-08-12 23:55:33 - mkk_pika - main.py:45 - INFO - 正在下载:[紅魔館の悪戯メイド (東方Project)]-[らふれしあ (キャンベル議長)]-[['短篇', '同人', '東方', '純愛']]-[total_pages:25]
2026-08-12 23:55:33 - mkk_pika - main.py:49 - INFO - [{'_id': '5c580f187924f13978bda842', 'title': '第1集', 'order': 1, 'updated_at': '2019-02-04T03:39:21.069Z', 'id': '5c580f187924f13978bda842'}]
2026-08-12 23:55:33 - mkk_pika - database.py:215 - INFO - 第一次下载该漫画，记录数据库中
2026-08-12 23:55:33 - mkk_pika - main.py:83 - INFO - 找到 25 张图片在:第1集
2026-08-12 23:55:34 - mkk_pika - main.py:112 - INFO - [episode:第1集       ] downloaded:    25, total:  25, progress:100%
2026-08-12 23:55:34 - mkk_pika - database.py:238 - INFO - 数据库更新已下载章节
2026-08-12 23:55:34 - mkk_pika - database.py:244 - INFO - 该漫画已下载章节如下
2026-08-12 23:55:34 - mkk_pika - database.py:245 - INFO - ['第1集']
2026-08-12 23:55:36 - mkk_pika - main.py:348 - INFO - ==================== 漫画信息 ====================
                                   漫画ID：5c580f187924f13978bda841
                                   标题：紅魔館の悪戯メイド (東方Project)
                                   作者：らふれしあ (キャンベル議長)
                                   是否完结：是
                                   总页数：25
                                   分类：短篇,同人,東方,純愛
                                   章节数：1
                                   最后更新时间：2019-02-04T10:08:24.392Z
                                   =================================================
2026-08-12 23:55:36 - mkk_pika - database.py:101 - INFO - 保存成功：紅魔館の悪戯メイド (東方Project)
2026-08-12 23:55:36 - mkk_pika - main.py:35 - INFO - 开始检查彼女がエロ下着に着替えたら｡｡｡❤是否存在未下载章节
2026-08-12 23:55:36 - mkk_pika - main.py:45 - INFO - 正在下载:[彼女がエロ下着に着替えたら｡｡｡❤]-[フエタキシ]-[['短篇', '純愛']]-[total_pages:26]
2026-08-12 23:55:36 - mkk_pika - main.py:49 - INFO - [{'_id': '5c580f5067de1e0859466af9', 'title': '第1集', 'order': 1, 'updated_at': '2019-02-04T03:57:08.047Z', 'id': '5c580f5067de1e0859466af9'}]
2026-08-12 23:55:36 - mkk_pika - database.py:215 - INFO - 第一次下载该漫画，记录数据库中
2026-08-12 23:55:36 - mkk_pika - main.py:83 - INFO - 找到 26 张图片在:第1集
2026-08-12 23:55:38 - mkk_pika - main.py:112 - INFO - [episode:第1集       ] downloaded:    26, total:  26, progress:100%
2026-08-12 23:55:38 - mkk_pika - database.py:238 - INFO - 数据库更新已下载章节
2026-08-12 23:55:38 - mkk_pika - database.py:244 - INFO - 该漫画已下载章节如下
2026-08-12 23:55:38 - mkk_pika - database.py:245 - INFO - ['第1集']
2026-08-12 23:55:39 - mkk_pika - main.py:348 - INFO - ==================== 漫画信息 ====================
                                   漫画ID：5c580f5067de1e0859466af8
                                   标题：彼女がエロ下着に着替えたら｡｡｡❤
                                   作者：フエタキシ
                                   是否完结：是
                                   总页数：26
                                   分类：短篇,純愛
                                   章节数：1
                                   最后更新时间：2019-02-04T10:09:20.147Z
                                   =================================================
2026-08-12 23:55:39 - mkk_pika - database.py:101 - INFO - 保存成功：彼女がエロ下着に着替えたら｡｡｡❤
2026-08-12 23:55:39 - mkk_pika - main.py:35 - INFO - 开始检查 bpm200↑是否存在未下载章节
2026-08-12 23:55:39 - mkk_pika - main.py:45 - INFO - 正在下载:[ bpm200↑]-[ユイザキカズヤ]-[['短篇', '純愛']]-[total_pages:21]
2026-08-12 23:55:39 - mkk_pika - main.py:49 - INFO - [{'_id': '5c580f8b77133f597ccb45a9', 'title': '第1集', 'order': 1, 'updated_at': '2019-02-04T04:14:23.717Z', 'id': '5c580f8b77133f597ccb45a9'}]
2026-08-12 23:55:39 - mkk_pika - database.py:215 - INFO - 第一次下载该漫画，记录数据库中
2026-08-12 23:55:40 - mkk_pika - main.py:83 - INFO - 找到 21 张图片在:第1集
2026-08-12 23:55:41 - mkk_pika - main.py:112 - INFO - [episode:第1集       ] downloaded:    21, total:  21, progress:100%
2026-08-12 23:55:41 - mkk_pika - database.py:238 - INFO - 数据库更新已下载章节
2026-08-12 23:55:41 - mkk_pika - database.py:244 - INFO - 该漫画已下载章节如下
2026-08-12 23:55:41 - mkk_pika - database.py:245 - INFO - ['第1集']
2026-08-12 23:55:42 - mkk_pika - main.py:348 - INFO - ==================== 漫画信息 ====================
                                   漫画ID：5c580f8b77133f597ccb45a8
                                   标题： bpm200↑
                                   作者：ユイザキカズヤ
                                   是否完结：是
                                   总页数：21
                                   分类：短篇,純愛
                                   章节数：1
                                   最后更新时间：2019-02-04T10:10:19.656Z
                                   =================================================
2026-08-12 23:55:42 - mkk_pika - database.py:101 - INFO - 保存成功： bpm200↑
2026-08-12 23:55:42 - mkk_pika - main.py:35 - INFO - 开始检查TEAMMATE（勇者和法师露营的小故事）是否存在未下载章节
2026-08-12 23:55:42 - mkk_pika - main.py:45 - INFO - 正在下载:[TEAMMATE（勇者和法师露营的小故事）]-[鬼流]-[['短篇', '純愛', '非人類']]-[total_pages:58]
2026-08-12 23:55:42 - mkk_pika - main.py:49 - INFO - [{'_id': '5c580f973f608c5968c915cb', 'title': '第1集', 'order': 1, 'updated_at': '2019-02-04T04:31:48.510Z', 'id': '5c580f973f608c5968c915cb'}]
2026-08-12 23:55:42 - mkk_pika - database.py:215 - INFO - 第一次下载该漫画，记录数据库中
2026-08-12 23:55:43 - mkk_pika - main.py:83 - INFO - 找到 58 张图片在:第1集
2026-08-12 23:55:45 - mkk_pika - main.py:112 - INFO - [episode:第1集       ] downloaded:    58, total:  58, progress:100%
2026-08-12 23:55:45 - mkk_pika - database.py:238 - INFO - 数据库更新已下载章节
2026-08-12 23:55:45 - mkk_pika - database.py:244 - INFO - 该漫画已下载章节如下
2026-08-12 23:55:45 - mkk_pika - database.py:245 - INFO - ['第1集']
2026-08-12 23:55:46 - mkk_pika - main.py:348 - INFO - ==================== 漫画信息 ====================
                                   漫画ID：5c580f973f608c5968c915ca
                                   标题：TEAMMATE（勇者和法师露营的小故事）
                                   作者：鬼流
                                   是否完结：否
                                   总页数：58
                                   分类：短篇,純愛,非人類
                                   章节数：1
                                   最后更新时间：2019-02-04T10:10:31.711Z
                                   =================================================
2026-08-12 23:55:46 - mkk_pika - database.py:101 - INFO - 保存成功：TEAMMATE（勇者和法师露营的小故事）
2026-08-12 23:55:46 - mkk_pika - main.py:35 - INFO - 开始检查恋態百科是否存在未下载章节
2026-08-12 23:55:47 - mkk_pika - main.py:45 - INFO - 正在下载:[恋態百科]-[xoxoメロン (ぺけ)]-[['短篇', '純愛']]-[total_pages:32]
2026-08-12 23:55:47 - mkk_pika - main.py:49 - INFO - [{'_id': '5c580fb54f9e09597600446e', 'title': '第1集', 'order': 1, 'updated_at': '2019-02-04T04:35:06.580Z', 'id': '5c580fb54f9e09597600446e'}]
2026-08-12 23:55:47 - mkk_pika - database.py:215 - INFO - 第一次下载该漫画，记录数据库中
2026-08-12 23:55:47 - mkk_pika - main.py:83 - INFO - 找到 32 张图片在:第1集
2026-08-12 23:55:48 - mkk_pika - main.py:112 - INFO - [episode:第1集       ] downloaded:    32, total:  32, progress:100%
2026-08-12 23:55:48 - mkk_pika - database.py:238 - INFO - 数据库更新已下载章节
2026-08-12 23:55:48 - mkk_pika - database.py:244 - INFO - 该漫画已下载章节如下
2026-08-12 23:55:48 - mkk_pika - database.py:245 - INFO - ['第1集']
2026-08-12 23:55:50 - mkk_pika - main.py:348 - INFO - ==================== 漫画信息 ====================
                                   漫画ID：5c580fb54f9e09597600446d
                                   标题：恋態百科
                                   作者：xoxoメロン (ぺけ)
                                   是否完结：是
                                   总页数：32
                                   分类：短篇,純愛
                                   章节数：1
                                   最后更新时间：2019-02-04T10:11:01.556Z
                                   =================================================
2026-08-12 23:55:50 - mkk_pika - database.py:101 - INFO - 保存成功：恋態百科
2026-08-12 23:55:50 - mkk_pika - main.py:35 - INFO - 开始检查ふたり、初めての××× (Fatestay night)是否存在未下载章节
2026-08-12 23:55:50 - mkk_pika - main.py:45 - INFO - 正在下载:[ふたり、初めての××× (Fatestay night)]-[ambi75 (湯山チカ)]-[['短篇', '同人', '純愛', 'Fate']]-[total_pages:24]
2026-08-12 23:55:50 - mkk_pika - main.py:49 - INFO - [{'_id': '5c58102ee8d11539936d7ca7', 'title': '第1集', 'order': 1, 'updated_at': '2019-02-04T06:42:57.438Z', 'id': '5c58102ee8d11539936d7ca7'}]
2026-08-12 23:55:50 - mkk_pika - database.py:215 - INFO - 第一次下载该漫画，记录数据库中
2026-08-12 23:55:50 - mkk_pika - main.py:83 - INFO - 找到 24 张图片在:第1集
2026-08-12 23:55:51 - mkk_pika - main.py:112 - INFO - [episode:第1集       ] downloaded:    24, total:  24, progress:100%
2026-08-12 23:55:51 - mkk_pika - database.py:238 - INFO - 数据库更新已下载章节
2026-08-12 23:55:51 - mkk_pika - database.py:244 - INFO - 该漫画已下载章节如下
2026-08-12 23:55:51 - mkk_pika - database.py:245 - INFO - ['第1集']
2026-08-12 23:55:53 - mkk_pika - main.py:348 - INFO - ==================== 漫画信息 ====================
                                   漫画ID：5c58102ee8d11539936d7ca6
                                   标题：ふたり、初めての××× (Fatestay night)
                                   作者：ambi75 (湯山チカ)
                                   是否完结：是
                                   总页数：24
                                   分类：短篇,同人,純愛,Fate
                                   章节数：1
                                   最后更新时间：2019-02-04T10:13:02.675Z
                                   =================================================
2026-08-12 23:55:53 - mkk_pika - database.py:101 - INFO - 保存成功：ふたり、初めての××× (Fatestay night)
2026-08-12 23:55:53 - mkk_pika - main.py:35 - INFO - 开始检查中田さんと邪悪なふたなり元カノ軍団是否存在未下载章节
2026-08-12 23:55:53 - mkk_pika - main.py:45 - INFO - 正在下载:[中田さんと邪悪なふたなり元カノ軍団]-[あおむし]-[['短篇', '扶他樂園', '強暴']]-[total_pages:17]
2026-08-12 23:55:53 - mkk_pika - main.py:49 - INFO - [{'_id': '5c5810572da78c08486dbf95', 'title': '第1集', 'order': 1, 'updated_at': '2019-02-04T06:56:49.483Z', 'id': '5c5810572da78c08486dbf95'}]
2026-08-12 23:55:53 - mkk_pika - database.py:215 - INFO - 第一次下载该漫画，记录数据库中
2026-08-12 23:55:54 - mkk_pika - main.py:83 - INFO - 找到 17 张图片在:第1集
2026-08-12 23:55:54 - mkk_pika - main.py:112 - INFO - [episode:第1集       ] downloaded:    17, total:  17, progress:100%
2026-08-12 23:55:54 - mkk_pika - database.py:238 - INFO - 数据库更新已下载章节
2026-08-12 23:55:54 - mkk_pika - database.py:244 - INFO - 该漫画已下载章节如下
2026-08-12 23:55:54 - mkk_pika - database.py:245 - INFO - ['第1集']
2026-08-12 23:55:56 - mkk_pika - main.py:348 - INFO - ==================== 漫画信息 ====================
                                   漫画ID：5c5810572da78c08486dbf94
                                   标题：中田さんと邪悪なふたなり元カノ軍団
                                   作者：あおむし
                                   是否完结：是
                                   总页数：17
                                   分类：短篇,扶他樂園,強暴
                                   章节数：1
                                   最后更新时间：2019-02-04T10:13:43.199Z
                                   =================================================
2026-08-12 23:55:56 - mkk_pika - database.py:101 - INFO - 保存成功：中田さんと邪悪なふたなり元カノ軍団
2026-08-12 23:55:56 - mkk_pika - main.py:35 - INFO - 开始检查由於突然變成了女孩子 可以揉看看我的胸部嗎?(持續更新)是否存在未下载章节
2026-08-12 23:55:56 - mkk_pika - main.py:45 - INFO - 正在下载:[由於突然變成了女孩子 可以揉看看我的胸部嗎?(持續更新)]-[永田まりあ]-[['長篇', '性轉換']]-[total_pages:100]
2026-08-12 23:55:56 - mkk_pika - main.py:49 - INFO - [{'_id': '5c4d243f3591bb4f6aec26ed', 'title': '第一話(黑白)', 'order': 1, 'updated_at': '2019-02-06T02:17:52.143Z', 'id': '5c4d243f3591bb4f6aec26ed'}, {'_id': '5c5a43d03b87df539b0e4ecc', 'title': '第二話', 'order': 2, 'updated_at': '2019-02-04T15:22:00.935Z', 'id': '5c5a43d03b87df539b0e4ecc'}]
2026-08-12 23:55:56 - mkk_pika - database.py:215 - INFO - 第一次下载该漫画，记录数据库中
2026-08-12 23:55:57 - mkk_pika - main.py:83 - INFO - 找到 50 张图片在:第一話(黑白)
2026-08-12 23:55:58 - mkk_pika - main.py:112 - INFO - [episode:第一話(黑白)   ] downloaded:    50, total:  50, progress:100%
2026-08-12 23:55:58 - mkk_pika - database.py:238 - INFO - 数据库更新已下载章节
2026-08-12 23:55:58 - mkk_pika - database.py:244 - INFO - 该漫画已下载章节如下
2026-08-12 23:55:58 - mkk_pika - database.py:245 - INFO - ['第一話(黑白)']
2026-08-12 23:56:00 - mkk_pika - main.py:83 - INFO - 找到 50 张图片在:第二話
2026-08-12 23:56:02 - mkk_pika - main.py:112 - INFO - [episode:第二話       ] downloaded:    50, total:  50, progress:100%
2026-08-12 23:56:02 - mkk_pika - database.py:238 - INFO - 数据库更新已下载章节
2026-08-12 23:56:02 - mkk_pika - database.py:244 - INFO - 该漫画已下载章节如下
2026-08-12 23:56:02 - mkk_pika - database.py:245 - INFO - ['第一話(黑白)', '第二話']
2026-08-12 23:56:03 - mkk_pika - main.py:348 - INFO - ==================== 漫画信息 ====================
                                   漫画ID：5c4d243f3591bb4f6aec26ec
                                   标题：由於突然變成了女孩子 可以揉看看我的胸部嗎?(持續更新)
                                   作者：永田まりあ
                                   是否完结：否
                                   总页数：100
                                   分类：長篇,性轉換
                                   章节数：2
                                   最后更新时间：2019-02-06T02:17:52.118Z
                                   =================================================
2026-08-12 23:56:03 - mkk_pika - database.py:101 - INFO - 保存成功：由於突然變成了女孩子 可以揉看看我的胸部嗎?(持續更新)
2026-08-12 23:56:03 - mkk_pika - main.py:35 - INFO - 开始检查(C93) IU (少女終末旅行)是否存在未下载章节
2026-08-12 23:56:03 - mkk_pika - main.py:45 - INFO - 正在下载:[(C93) IU (少女終末旅行)]-[GOUACHE BLUE (水島）]-[['百合花園', '同人', '短篇']]-[total_pages:19]
2026-08-12 23:56:03 - mkk_pika - main.py:49 - INFO - [{'_id': '5c5a43ee73f6fb53a2f09897', 'title': '第1集', 'order': 1, 'updated_at': '2019-02-03T08:19:06.871Z', 'id': '5c5a43ee73f6fb53a2f09897'}]
2026-08-12 23:56:03 - mkk_pika - database.py:215 - INFO - 第一次下载该漫画，记录数据库中
2026-08-12 23:56:04 - mkk_pika - main.py:83 - INFO - 找到 23 张图片在:第1集
2026-08-12 23:56:05 - mkk_pika - main.py:112 - INFO - [episode:第1集       ] downloaded:    23, total:  23, progress:100%
2026-08-12 23:56:05 - mkk_pika - database.py:238 - INFO - 数据库更新已下载章节
2026-08-12 23:56:05 - mkk_pika - database.py:244 - INFO - 该漫画已下载章节如下
2026-08-12 23:56:05 - mkk_pika - database.py:245 - INFO - ['第1集']
2026-08-12 23:56:06 - mkk_pika - main.py:348 - INFO - ==================== 漫画信息 ====================
                                   漫画ID：5c5a43ee73f6fb53a2f09896
                                   标题：(C93) IU (少女終末旅行)
                                   作者：GOUACHE BLUE (水島）
                                   是否完结：是
                                   总页数：19
                                   分类：百合花園,同人,短篇
                                   章节数：1
                                   最后更新时间：2019-02-06T02:18:22.399Z
                                   =================================================
2026-08-12 23:56:06 - mkk_pika - database.py:101 - INFO - 保存成功：(C93) IU (少女終末旅行)
2026-08-12 23:56:06 - mkk_pika - main.py:35 - INFO - 开始检查艦これっぱい 外伝是否存在未下载章节
2026-08-12 23:56:06 - mkk_pika - main.py:45 - INFO - 正在下载:[艦これっぱい 外伝]-[祭り幻想 (塚沢)]-[['長篇', '純愛', '非人類', '艦隊收藏', '後宮閃光']]-[total_pages:26]
2026-08-12 23:56:06 - mkk_pika - main.py:49 - INFO - [{'_id': '5c5a442a48edd1536a6be3a3', 'title': '雷・電篇(上)', 'order': 1, 'updated_at': '2019-02-04T17:14:23.760Z', 'id': '5c5a442a48edd1536a6be3a3'}]
2026-08-12 23:56:06 - mkk_pika - database.py:215 - INFO - 第一次下载该漫画，记录数据库中
2026-08-12 23:56:07 - mkk_pika - main.py:83 - INFO - 找到 26 张图片在:雷・電篇(上)
2026-08-12 23:56:08 - mkk_pika - main.py:112 - INFO - [episode:雷・電篇(上)   ] downloaded:    26, total:  26, progress:100%
2026-08-12 23:56:08 - mkk_pika - database.py:238 - INFO - 数据库更新已下载章节
2026-08-12 23:56:08 - mkk_pika - database.py:244 - INFO - 该漫画已下载章节如下
2026-08-12 23:56:08 - mkk_pika - database.py:245 - INFO - ['雷・電篇(上)']
2026-08-12 23:56:09 - mkk_pika - main.py:348 - INFO - ==================== 漫画信息 ====================
                                   漫画ID：5c5a442a48edd1536a6be3a2
                                   标题：艦これっぱい 外伝
                                   作者：祭り幻想 (塚沢)
                                   是否完结：否
                                   总页数：26
                                   分类：長篇,純愛,非人類,艦隊收藏,後宮閃光
                                   章节数：1
                                   最后更新时间：2019-02-06T02:19:22.336Z
                                   =================================================
2026-08-12 23:56:09 - mkk_pika - database.py:101 - INFO - 保存成功：艦これっぱい 外伝
2026-08-12 23:56:09 - mkk_pika - main.py:35 - INFO - 开始检查(C92) DRAGON BUSTER!+ (小林さんちのメイドラゴン)是否存在未下载章节
2026-08-12 23:56:09 - mkk_pika - main.py:45 - INFO - 正在下载:[(C92) DRAGON BUSTER!+ (小林さんちのメイドラゴン)]-[はぎやまさかげ]-[['短篇', '非人類']]-[total_pages:9]
2026-08-12 23:56:09 - mkk_pika - main.py:49 - INFO - [{'_id': '5c5a44493610ab4e1ede89a8', 'title': '第1集', 'order': 1, 'updated_at': '2019-02-04T17:26:45.215Z', 'id': '5c5a44493610ab4e1ede89a8'}]
2026-08-12 23:56:09 - mkk_pika - database.py:215 - INFO - 第一次下载该漫画，记录数据库中
2026-08-12 23:56:10 - mkk_pika - main.py:83 - INFO - 找到 10 张图片在:第1集
2026-08-12 23:56:10 - mkk_pika - main.py:112 - INFO - [episode:第1集       ] downloaded:    10, total:  10, progress:100%
2026-08-12 23:56:10 - mkk_pika - database.py:238 - INFO - 数据库更新已下载章节
2026-08-12 23:56:10 - mkk_pika - database.py:244 - INFO - 该漫画已下载章节如下
2026-08-12 23:56:10 - mkk_pika - database.py:245 - INFO - ['第1集']
2026-08-12 23:56:12 - mkk_pika - main.py:348 - INFO - ==================== 漫画信息 ====================
                                   漫画ID：5c5a44493610ab4e1ede89a7
                                   标题：(C92) DRAGON BUSTER!+ (小林さんちのメイドラゴン)
                                   作者：はぎやまさかげ
                                   是否完结：是
                                   总页数：9
                                   分类：短篇,非人類
                                   章节数：1
                                   最后更新时间：2019-02-06T02:19:53.836Z
                                   =================================================
2026-08-12 23:56:12 - mkk_pika - database.py:101 - INFO - 保存成功：(C92) DRAGON BUSTER!+ (小林さんちのメイドラゴン)
2026-08-12 23:56:12 - mkk_pika - main.py:35 - INFO - 开始检查双子の甥のおば孝行是否存在未下载章节
2026-08-12 23:56:12 - mkk_pika - main.py:45 - INFO - 正在下载:[双子の甥のおば孝行]-[多摩豪]-[['全彩', '短篇', '人妻']]-[total_pages:53]
2026-08-12 23:56:12 - mkk_pika - main.py:49 - INFO - [{'_id': '5c5a4466310ff45364db860f', 'title': '第1集', 'order': 1, 'updated_at': '2019-02-05T02:55:35.857Z', 'id': '5c5a4466310ff45364db860f'}]
2026-08-12 23:56:12 - mkk_pika - database.py:215 - INFO - 第一次下载该漫画，记录数据库中
2026-08-12 23:56:13 - mkk_pika - main.py:83 - INFO - 找到 53 张图片在:第1集
2026-08-12 23:56:14 - mkk_pika - main.py:112 - INFO - [episode:第1集       ] downloaded:    53, total:  53, progress:100%
2026-08-12 23:56:14 - mkk_pika - database.py:238 - INFO - 数据库更新已下载章节
2026-08-12 23:56:14 - mkk_pika - database.py:244 - INFO - 该漫画已下载章节如下
2026-08-12 23:56:14 - mkk_pika - database.py:245 - INFO - ['第1集']
2026-08-12 23:56:16 - mkk_pika - main.py:348 - INFO - ==================== 漫画信息 ====================
                                   漫画ID：5c5a4466310ff45364db860e
                                   标题：双子の甥のおば孝行
                                   作者：多摩豪
                                   是否完结：是
                                   总页数：53
                                   分类：全彩,短篇,人妻
                                   章节数：1
                                   最后更新时间：2019-02-06T02:20:22.531Z
                                   =================================================
2026-08-12 23:56:16 - mkk_pika - database.py:101 - INFO - 保存成功：双子の甥のおば孝行
2026-08-12 23:56:16 - mkk_pika - main.py:35 - INFO - 开始检查鹿島の指輪 (艦隊これくしょん -艦これ-)是否存在未下载章节
2026-08-12 23:56:16 - mkk_pika - main.py:45 - INFO - 正在下载:[鹿島の指輪 (艦隊これくしょん -艦これ-)]-[トリニティ教団 (雪咲MIALE、よだれ)]-[['同人', '短篇', '艦隊收藏']]-[total_pages:42]
2026-08-12 23:56:16 - mkk_pika - main.py:49 - INFO - [{'_id': '5c5a44763610ab4e1ede89b4', 'title': '第1集', 'order': 1, 'updated_at': '2019-02-05T02:58:57.858Z', 'id': '5c5a44763610ab4e1ede89b4'}]
2026-08-12 23:56:16 - mkk_pika - database.py:215 - INFO - 第一次下载该漫画，记录数据库中
2026-08-12 23:56:17 - mkk_pika - main.py:83 - INFO - 找到 42 张图片在:第1集
2026-08-12 23:56:18 - mkk_pika - main.py:112 - INFO - [episode:第1集       ] downloaded:    42, total:  42, progress:100%
2026-08-12 23:56:18 - mkk_pika - database.py:238 - INFO - 数据库更新已下载章节
2026-08-12 23:56:18 - mkk_pika - database.py:244 - INFO - 该漫画已下载章节如下
2026-08-12 23:56:18 - mkk_pika - database.py:245 - INFO - ['第1集']
2026-08-12 23:56:20 - mkk_pika - main.py:348 - INFO - ==================== 漫画信息 ====================
                                   漫画ID：5c5a44763610ab4e1ede89b3
                                   标题：鹿島の指輪 (艦隊これくしょん -艦これ-)
                                   作者：トリニティ教団 (雪咲MIALE、よだれ)
                                   是否完结：是
                                   总页数：42
                                   分类：同人,短篇,艦隊收藏
                                   章节数：1
                                   最后更新时间：2019-02-06T02:20:38.740Z
                                   =================================================
2026-08-12 23:56:20 - mkk_pika - database.py:101 - INFO - 保存成功：鹿島の指輪 (艦隊これくしょん -艦これ-)
2026-08-12 23:56:20 - mkk_pika - main.py:35 - INFO - 开始检查(C95) BuBuチャンネル (Fate/Grand Order)是否存在未下载章节
2026-08-12 23:56:20 - mkk_pika - main.py:45 - INFO - 正在下载:[(C95) BuBuチャンネル (Fate/Grand Order)]-[トースター (マップタツ)]-[['同人', '短篇', 'Fate']]-[total_pages:22]
2026-08-12 23:56:20 - mkk_pika - main.py:49 - INFO - [{'_id': '5c5a448d310ff45364db8648', 'title': '第1集', 'order': 1, 'updated_at': '2019-02-05T03:06:26.425Z', 'id': '5c5a448d310ff45364db8648'}]
2026-08-12 23:56:20 - mkk_pika - database.py:215 - INFO - 第一次下载该漫画，记录数据库中
2026-08-12 23:56:21 - mkk_pika - main.py:83 - INFO - 找到 22 张图片在:第1集
2026-08-12 23:56:21 - mkk_pika - main.py:112 - INFO - [episode:第1集       ] downloaded:    22, total:  22, progress:100%
2026-08-12 23:56:21 - mkk_pika - database.py:238 - INFO - 数据库更新已下载章节
2026-08-12 23:56:21 - mkk_pika - database.py:244 - INFO - 该漫画已下载章节如下
2026-08-12 23:56:21 - mkk_pika - database.py:245 - INFO - ['第1集']
2026-08-12 23:56:23 - mkk_pika - main.py:348 - INFO - ==================== 漫画信息 ====================
                                   漫画ID：5c5a448d310ff45364db8647
                                   标题：(C95) BuBuチャンネル (Fate/Grand Order)
                                   作者：トースター (マップタツ)
                                   是否完结：是
                                   总页数：22
                                   分类：同人,短篇,Fate
                                   章节数：1
                                   最后更新时间：2019-02-06T02:21:01.313Z
                                   =================================================
2026-08-12 23:56:23 - mkk_pika - database.py:101 - INFO - 保存成功：(C95) BuBuチャンネル (Fate/Grand Order)
2026-08-12 23:56:23 - mkk_pika - main.py:35 - INFO - 开始检查(C94) なかよしJS強制"裏"AVデビュー是否存在未下载章节
2026-08-12 23:56:23 - mkk_pika - main.py:45 - INFO - 正在下载:[(C94) なかよしJS強制"裏"AVデビュー]-[ホロナミンZ (ホロナミン)]-[['短篇', '強暴']]-[total_pages:28]
2026-08-12 23:56:23 - mkk_pika - main.py:49 - INFO - [{'_id': '5c5a451648edd1536a6be3c4', 'title': '第1集', 'order': 1, 'updated_at': '2019-02-05T03:10:01.036Z', 'id': '5c5a451648edd1536a6be3c4'}]
2026-08-12 23:56:23 - mkk_pika - database.py:215 - INFO - 第一次下载该漫画，记录数据库中
2026-08-12 23:56:24 - mkk_pika - main.py:83 - INFO - 找到 28 张图片在:第1集
2026-08-12 23:56:25 - mkk_pika - main.py:112 - INFO - [episode:第1集       ] downloaded:    28, total:  28, progress:100%
2026-08-12 23:56:25 - mkk_pika - database.py:238 - INFO - 数据库更新已下载章节
2026-08-12 23:56:25 - mkk_pika - database.py:244 - INFO - 该漫画已下载章节如下
2026-08-12 23:56:25 - mkk_pika - database.py:245 - INFO - ['第1集']
2026-08-12 23:56:26 - mkk_pika - main.py:348 - INFO - ==================== 漫画信息 ====================
                                   漫画ID：5c5a451648edd1536a6be3c3
                                   标题：(C94) なかよしJS強制"裏"AVデビュー
                                   作者：ホロナミンZ (ホロナミン)
                                   是否完结：是
                                   总页数：28
                                   分类：短篇,強暴
                                   章节数：1
                                   最后更新时间：2019-02-06T02:23:18.446Z
                                   =================================================
2026-08-12 23:56:26 - mkk_pika - database.py:101 - INFO - 保存成功：(C94) なかよしJS強制"裏"AVデビュー
2026-08-12 23:56:26 - mkk_pika - main.py:35 - INFO - 开始检查(C92) 呪縛カノジョ2是否存在未下载章节
2026-08-12 23:56:26 - mkk_pika - main.py:45 - INFO - 正在下载:[(C92) 呪縛カノジョ2]-[秘密結社うさぎ (だんちょ)]-[['短篇']]-[total_pages:24]
2026-08-12 23:56:26 - mkk_pika - main.py:49 - INFO - [{'_id': '5c5a452573f6fb53a2f098c9', 'title': '第1集', 'order': 1, 'updated_at': '2019-02-05T03:15:43.885Z', 'id': '5c5a452573f6fb53a2f098c9'}]
2026-08-12 23:56:26 - mkk_pika - database.py:215 - INFO - 第一次下载该漫画，记录数据库中
2026-08-12 23:56:27 - mkk_pika - main.py:83 - INFO - 找到 24 张图片在:第1集
2026-08-12 23:56:28 - mkk_pika - main.py:112 - INFO - [episode:第1集       ] downloaded:    24, total:  24, progress:100%
2026-08-12 23:56:28 - mkk_pika - database.py:238 - INFO - 数据库更新已下载章节
2026-08-12 23:56:28 - mkk_pika - database.py:244 - INFO - 该漫画已下载章节如下
2026-08-12 23:56:28 - mkk_pika - database.py:245 - INFO - ['第1集']
2026-08-12 23:56:29 - mkk_pika - main.py:348 - INFO - ==================== 漫画信息 ====================
                                   漫画ID：5c5a452573f6fb53a2f098c8
                                   标题：(C92) 呪縛カノジョ2
                                   作者：秘密結社うさぎ (だんちょ)
                                   是否完结：是
                                   总页数：24
                                   分类：短篇
                                   章节数：1
                                   最后更新时间：2019-02-06T02:23:33.227Z
                                   =================================================
2026-08-12 23:56:29 - mkk_pika - database.py:101 - INFO - 保存成功：(C92) 呪縛カノジョ2
2026-08-12 23:56:29 - mkk_pika - main.py:35 - INFO - 开始检查(C91) 叢雲も初雪も溜まってる (艦隊これくしょん -艦これ-)是否存在未下载章节
2026-08-12 23:56:29 - mkk_pika - main.py:45 - INFO - 正在下载:[(C91) 叢雲も初雪も溜まってる (艦隊これくしょん -艦これ-)]-[水割り猫 (トヨ)]-[['同人', '短篇', '艦隊收藏']]-[total_pages:32]
2026-08-12 23:56:29 - mkk_pika - main.py:49 - INFO - [{'_id': '5c5a45c332302f4de4776a9e', 'title': '第1集', 'order': 1, 'updated_at': '2019-02-05T03:23:20.785Z', 'id': '5c5a45c332302f4de4776a9e'}]
2026-08-12 23:56:29 - mkk_pika - database.py:215 - INFO - 第一次下载该漫画，记录数据库中
2026-08-12 23:56:30 - mkk_pika - main.py:83 - INFO - 找到 32 张图片在:第1集
2026-08-12 23:56:31 - mkk_pika - main.py:112 - INFO - [episode:第1集       ] downloaded:    32, total:  32, progress:100%
2026-08-12 23:56:31 - mkk_pika - database.py:238 - INFO - 数据库更新已下载章节
2026-08-12 23:56:31 - mkk_pika - database.py:244 - INFO - 该漫画已下载章节如下
2026-08-12 23:56:31 - mkk_pika - database.py:245 - INFO - ['第1集']
2026-08-12 23:56:32 - mkk_pika - main.py:348 - INFO - ==================== 漫画信息 ====================
                                   漫画ID：5c5a45c332302f4de4776a9d
                                   标题：(C91) 叢雲も初雪も溜まってる (艦隊これくしょん -艦これ-)
                                   作者：水割り猫 (トヨ)
                                   是否完结：是
                                   总页数：32
                                   分类：同人,短篇,艦隊收藏
                                   章节数：1
                                   最后更新时间：2019-02-06T02:26:11.274Z
                                   =================================================
2026-08-12 23:56:32 - mkk_pika - database.py:101 - INFO - 保存成功：(C91) 叢雲も初雪も溜まってる (艦隊これくしょん -艦これ-)
2026-08-12 23:56:32 - mkk_pika - main.py:35 - INFO - 开始检查(C88) CUSTOM LOVECATs 2nd是否存在未下载章节
2026-08-12 23:56:33 - mkk_pika - main.py:45 - INFO - 正在下载:[(C88) CUSTOM LOVECATs 2nd]-[秘密結社うさぎ (だんちょ)]-[['短篇']]-[total_pages:23]
2026-08-12 23:56:33 - mkk_pika - main.py:49 - INFO - [{'_id': '5c5a45dd8b5e634decf95ece', 'title': '第1集', 'order': 1, 'updated_at': '2019-02-05T03:26:24.352Z', 'id': '5c5a45dd8b5e634decf95ece'}]
2026-08-12 23:56:33 - mkk_pika - database.py:215 - INFO - 第一次下载该漫画，记录数据库中
2026-08-12 23:56:33 - mkk_pika - main.py:83 - INFO - 找到 23 张图片在:第1集
2026-08-12 23:56:34 - mkk_pika - main.py:112 - INFO - [episode:第1集       ] downloaded:    23, total:  23, progress:100%
2026-08-12 23:56:34 - mkk_pika - database.py:238 - INFO - 数据库更新已下载章节
2026-08-12 23:56:34 - mkk_pika - database.py:244 - INFO - 该漫画已下载章节如下
2026-08-12 23:56:34 - mkk_pika - database.py:245 - INFO - ['第1集']
2026-08-12 23:56:35 - mkk_pika - main.py:348 - INFO - ==================== 漫画信息 ====================
                                   漫画ID：5c5a45dd8b5e634decf95ecd
                                   标题：(C88) CUSTOM LOVECATs 2nd
                                   作者：秘密結社うさぎ (だんちょ)
                                   是否完结：是
                                   总页数：23
                                   分类：短篇
                                   章节数：1
                                   最后更新时间：2019-02-06T02:26:37.810Z
                                   =================================================
2026-08-12 23:56:35 - mkk_pika - database.py:101 - INFO - 保存成功：(C88) CUSTOM LOVECATs 2nd
2026-08-12 23:56:35 - mkk_pika - main.py:35 - INFO - 开始检查(COMIC1☆13) サービス満点ジャーヴィスちゃん (艦隊これくしょん -艦これ-) 是否存在未下载章节
2026-08-12 23:56:36 - mkk_pika - main.py:45 - INFO - 正在下载:[(COMIC1☆13) サービス満点ジャーヴィスちゃん (艦隊これくしょん -艦これ-) ]-[水割り猫 (トヨ)]-[['同人', '短篇', '艦隊收藏']]-[total_pages:28]
2026-08-12 23:56:36 - mkk_pika - main.py:49 - INFO - [{'_id': '5c5a45ec3a4e3d7831ae1ebe', 'title': '第1集', 'order': 1, 'updated_at': '2019-02-05T03:53:08.290Z', 'id': '5c5a45ec3a4e3d7831ae1ebe'}]
2026-08-12 23:56:36 - mkk_pika - database.py:215 - INFO - 第一次下载该漫画，记录数据库中
2026-08-12 23:56:36 - mkk_pika - main.py:83 - INFO - 找到 28 张图片在:第1集
2026-08-12 23:56:37 - mkk_pika - main.py:112 - INFO - [episode:第1集       ] downloaded:    28, total:  28, progress:100%
2026-08-12 23:56:37 - mkk_pika - database.py:238 - INFO - 数据库更新已下载章节
2026-08-12 23:56:37 - mkk_pika - database.py:244 - INFO - 该漫画已下载章节如下
2026-08-12 23:56:37 - mkk_pika - database.py:245 - INFO - ['第1集']
2026-08-12 23:56:39 - mkk_pika - main.py:348 - INFO - ==================== 漫画信息 ====================
                                   漫画ID：5c5a45ec3a4e3d7831ae1ebd
                                   标题：(COMIC1☆13) サービス満点ジャーヴィスちゃん (艦隊これくしょん -艦これ-) 
                                   作者：水割り猫 (トヨ)
                                   是否完结：是
                                   总页数：28
                                   分类：同人,短篇,艦隊收藏
                                   章节数：1
                                   最后更新时间：2019-02-06T02:26:52.673Z
                                   =================================================
2026-08-12 23:56:39 - mkk_pika - database.py:101 - INFO - 保存成功：(COMIC1☆13) サービス満点ジャーヴィスちゃん (艦隊これくしょん -艦これ-) 
2026-08-12 23:56:39 - mkk_pika - main.py:380 - INFO - 本次任务下载完毕
2026-08-12 23:56:39 - mkk_pika - database.py:173 - INFO - 数据库连接已关闭
