2026-07-27 00:08:53 - mkk_pika - main.py:193 - INFO - =======================================================================
2026-07-27 00:08:53 - mkk_pika - database.py:61 - INFO - 表和索引初始化成功
2026-07-27 00:08:53 - mkk_pika - main.py:197 - INFO - 已经累计下载17769本漫画
2026-07-27 00:08:54 - mkk_pika - api.py:87 - INFO - 登录成功
2026-07-27 00:08:54 - mkk_pika - main.py:203 - INFO - 收藏夹共计0本漫画
2026-07-27 00:08:54 - mkk_pika - main.py:206 - INFO - 开始下载收藏夹内未下载内容
2026-07-27 00:08:54 - mkk_pika - main.py:266 - INFO - 收藏夹内容下载完毕
2026-07-27 00:08:54 - mkk_pika - main.py:268 - INFO - 开始下载订阅内容
2026-07-27 00:08:54 - mkk_pika - database.py:258 - INFO - 根据ID查询到标题：萝莉 -> TSロリおじさんの冒険 前戯編 | TS萝莉中年大叔的冒险 前戏篇
2026-07-27 00:08:55 - mkk_pika - database.py:101 - INFO - 保存成功：TSロリおじさんの冒険 前戯編 | TS萝莉中年大叔的冒险 前戏篇
2026-07-27 00:08:55 - mkk_pika - main.py:273 - INFO - 关键词萝莉找到1本漫画
2026-07-27 00:08:55 - mkk_pika - database.py:258 - INFO - 根据ID查询到标题：蘿莉 -> [Pixiv] Nyako (87118066) part.8（AI）
2026-07-27 00:08:55 - mkk_pika - database.py:101 - INFO - 保存成功：[Pixiv] Nyako (87118066) part.8（AI）
2026-07-27 00:08:55 - mkk_pika - main.py:273 - INFO - 关键词蘿莉找到0本漫画
2026-07-27 00:08:55 - mkk_pika - main.py:275 - INFO - 订阅内容共计1本漫画
2026-07-27 00:08:55 - mkk_pika - main.py:35 - INFO - 开始检查バイト中のゆ〜わく是否存在未下载章节
2026-07-27 00:08:56 - mkk_pika - database.py:203 - INFO - 查询数据库中是否已存在第1話
2026-07-27 00:08:56 - mkk_pika - main.py:51 - INFO - バイト中のゆ〜わく中没有可下载章节
2026-07-27 00:08:56 - mkk_pika - main.py:292 - INFO - ==================== 漫画信息 ====================
                                漫画ID：6a6397d265bf3e38d164dfa0
                                标题：バイト中のゆ〜わく
                                作者：スミヅミ
                                是否完结：是
                                总页数：26
                                分类：短篇,純愛
                                章节数：1
                                最后更新时间：2026-07-24T16:50:26.165Z
                                =================================================
2026-07-27 00:08:56 - mkk_pika - database.py:101 - INFO - 保存成功：バイト中のゆ〜わく
2026-07-27 00:08:56 - mkk_pika - main.py:323 - INFO - 订阅内容内容下载完毕
2026-07-27 00:08:56 - mkk_pika - main.py:324 - INFO - 开始分批下载全部章节
2026-07-27 00:08:56 - mkk_pika - database.py:280 - INFO - 表和索引初始化成功
2026-07-27 00:08:57 - mkk_pika - main.py:177 - INFO - 已经下载了1323页，一共7038页，现在开始添加第1324页
2026-07-27 00:08:57 - mkk_pika - database.py:318 - INFO - 保存成功
2026-07-27 00:08:57 - mkk_pika - main.py:177 - INFO - 已经下载了1324页，一共7038页，现在开始添加第1325页
2026-07-27 00:08:58 - mkk_pika - database.py:318 - INFO - 保存成功
2026-07-27 00:08:58 - mkk_pika - main.py:177 - INFO - 已经下载了1325页，一共7038页，现在开始添加第1326页
2026-07-27 00:08:59 - mkk_pika - database.py:318 - INFO - 保存成功
2026-07-27 00:08:59 - mkk_pika - main.py:177 - INFO - 已经下载了1326页，一共7038页，现在开始添加第1327页
2026-07-27 00:09:00 - mkk_pika - database.py:318 - INFO - 保存成功
2026-07-27 00:09:00 - mkk_pika - main.py:177 - INFO - 已经下载了1327页，一共7038页，现在开始添加第1328页
2026-07-27 00:09:01 - mkk_pika - database.py:318 - INFO - 保存成功
2026-07-27 00:09:01 - mkk_pika - main.py:331 - INFO - 分批下载共计60本漫画
2026-07-27 00:09:01 - mkk_pika - main.py:35 - INFO - 开始检查姉の皮を着てTSする本是否存在未下载章节
2026-07-27 00:09:01 - mkk_pika - main.py:45 - INFO - 正在下载:[姉の皮を着てTSする本]-[節]-[['短篇', '性轉換', '姐姐系', '強暴']]-[total_pages:22]
2026-07-27 00:09:01 - mkk_pika - main.py:49 - INFO - [{'_id': '5c30637a37177d137e885ee4', 'title': '第1集', 'order': 1, 'updated_at': '2019-01-05T05:31:20.076Z', 'id': '5c30637a37177d137e885ee4'}]
2026-07-27 00:09:01 - mkk_pika - database.py:215 - INFO - 第一次下载该漫画，记录数据库中
2026-07-27 00:09:02 - mkk_pika - main.py:83 - INFO - 找到 22 张图片在:第1集
2026-07-27 00:09:03 - mkk_pika - main.py:112 - INFO - [episode:第1集       ] downloaded:    22, total:  22, progress:100%
2026-07-27 00:09:03 - mkk_pika - database.py:238 - INFO - 数据库更新已下载章节
2026-07-27 00:09:03 - mkk_pika - database.py:244 - INFO - 该漫画已下载章节如下
2026-07-27 00:09:03 - mkk_pika - database.py:245 - INFO - ['第1集']
2026-07-27 00:09:04 - mkk_pika - main.py:348 - INFO - ==================== 漫画信息 ====================
                                   漫画ID：5c30637a37177d137e885ee3
                                   标题：姉の皮を着てTSする本
                                   作者：節
                                   是否完结：是
                                   总页数：22
                                   分类：短篇,性轉換,姐姐系,強暴
                                   章节数：1
                                   最后更新时间：2019-01-05T07:57:46.054Z
                                   =================================================
2026-07-27 00:09:04 - mkk_pika - database.py:101 - INFO - 保存成功：姉の皮を着てTSする本
2026-07-27 00:09:04 - mkk_pika - main.py:35 - INFO - 开始检查ウリ売春JK是否存在未下载章节
2026-07-27 00:09:04 - mkk_pika - main.py:45 - INFO - 正在下载:[ウリ売春JK]-[ひっさつくん]-[['長篇']]-[total_pages:200]
2026-07-27 00:09:04 - mkk_pika - main.py:49 - INFO - [{'_id': '5c30f133aa113313a98b9fea', 'title': '第1集', 'order': 1, 'updated_at': '2019-01-05T08:49:42.055Z', 'id': '5c30f133aa113313a98b9fea'}]
2026-07-27 00:09:04 - mkk_pika - database.py:215 - INFO - 第一次下载该漫画，记录数据库中
2026-07-27 00:09:06 - mkk_pika - main.py:83 - INFO - 找到 200 张图片在:第1集
2026-07-27 00:09:12 - mkk_pika - main.py:112 - INFO - [episode:第1集       ] downloaded:   200, total: 200, progress:100%
2026-07-27 00:09:12 - mkk_pika - database.py:238 - INFO - 数据库更新已下载章节
2026-07-27 00:09:12 - mkk_pika - database.py:244 - INFO - 该漫画已下载章节如下
2026-07-27 00:09:12 - mkk_pika - database.py:245 - INFO - ['第1集']
2026-07-27 00:09:14 - mkk_pika - main.py:348 - INFO - ==================== 漫画信息 ====================
                                   漫画ID：5c30f133aa113313a98b9fe9
                                   标题：ウリ売春JK
                                   作者：ひっさつくん
                                   是否完结：是
                                   总页数：200
                                   分类：長篇
                                   章节数：1
                                   最后更新时间：2019-01-05T18:02:27.222Z
                                   =================================================
2026-07-27 00:09:14 - mkk_pika - database.py:101 - INFO - 保存成功：ウリ売春JK
2026-07-27 00:09:14 - mkk_pika - main.py:35 - INFO - 开始检查(COMIC1☆14) 童貞をいじる是否存在未下载章节
2026-07-27 00:09:14 - mkk_pika - main.py:45 - INFO - 正在下载:[(COMIC1☆14) 童貞をいじる]-[関西漁業協同組合 (丸新)]-[['短篇', '同人', '全彩', 'Fate']]-[total_pages:12]
2026-07-27 00:09:14 - mkk_pika - main.py:49 - INFO - [{'_id': '5c30f1c80f82551376469352', 'title': '第1集', 'order': 1, 'updated_at': '2019-01-05T11:24:37.216Z', 'id': '5c30f1c80f82551376469352'}]
2026-07-27 00:09:14 - mkk_pika - database.py:215 - INFO - 第一次下载该漫画，记录数据库中
2026-07-27 00:09:14 - mkk_pika - main.py:83 - INFO - 找到 12 张图片在:第1集
2026-07-27 00:09:15 - mkk_pika - main.py:112 - INFO - [episode:第1集       ] downloaded:    12, total:  12, progress:100%
2026-07-27 00:09:15 - mkk_pika - database.py:238 - INFO - 数据库更新已下载章节
2026-07-27 00:09:15 - mkk_pika - database.py:244 - INFO - 该漫画已下载章节如下
2026-07-27 00:09:15 - mkk_pika - database.py:245 - INFO - ['第1集']
2026-07-27 00:09:16 - mkk_pika - main.py:348 - INFO - ==================== 漫画信息 ====================
                                   漫画ID：5c30f1c80f82551376469351
                                   标题：(COMIC1☆14) 童貞をいじる
                                   作者：関西漁業協同組合 (丸新)
                                   是否完结：是
                                   总页数：12
                                   分类：短篇,同人,全彩,Fate
                                   章节数：1
                                   最后更新时间：2019-01-05T18:04:56.619Z
                                   =================================================
2026-07-27 00:09:16 - mkk_pika - database.py:101 - INFO - 保存成功：(COMIC1☆14) 童貞をいじる
2026-07-27 00:09:16 - mkk_pika - main.py:35 - INFO - 开始检查深白さんハッスルす (かなことおじさん)是否存在未下载章节
2026-07-27 00:09:17 - mkk_pika - main.py:45 - INFO - 正在下载:[深白さんハッスルす (かなことおじさん)]-[大守春雨]-[['短篇']]-[total_pages:16]
2026-07-27 00:09:17 - mkk_pika - main.py:49 - INFO - [{'_id': '5c3202e135f3f51f7c3f2157', 'title': '第1集', 'order': 1, 'updated_at': '2019-01-05T12:01:58.217Z', 'id': '5c3202e135f3f51f7c3f2157'}]
2026-07-27 00:09:17 - mkk_pika - database.py:215 - INFO - 第一次下载该漫画，记录数据库中
2026-07-27 00:09:17 - mkk_pika - main.py:83 - INFO - 找到 16 张图片在:第1集
2026-07-27 00:09:18 - mkk_pika - main.py:112 - INFO - [episode:第1集       ] downloaded:    16, total:  16, progress:100%
2026-07-27 00:09:18 - mkk_pika - database.py:238 - INFO - 数据库更新已下载章节
2026-07-27 00:09:18 - mkk_pika - database.py:244 - INFO - 该漫画已下载章节如下
2026-07-27 00:09:18 - mkk_pika - database.py:245 - INFO - ['第1集']
2026-07-27 00:09:19 - mkk_pika - main.py:348 - INFO - ==================== 漫画信息 ====================
                                   漫画ID：5c3202e135f3f51f7c3f2156
                                   标题：深白さんハッスルす (かなことおじさん)
                                   作者：大守春雨
                                   是否完结：是
                                   总页数：16
                                   分类：短篇
                                   章节数：1
                                   最后更新时间：2019-01-06T13:30:09.533Z
                                   =================================================
2026-07-27 00:09:19 - mkk_pika - database.py:101 - INFO - 保存成功：深白さんハッスルす (かなことおじさん)
2026-07-27 00:09:19 - mkk_pika - main.py:35 - INFO - 开始检查ウチラのどんなトコロにドキドキする是否存在未下载章节
2026-07-27 00:09:19 - mkk_pika - main.py:45 - INFO - 正在下载:[ウチラのどんなトコロにドキドキする]-[カウンタック (古事記王子)]-[['同人', '短篇']]-[total_pages:26]
2026-07-27 00:09:19 - mkk_pika - main.py:49 - INFO - [{'_id': '5c32031537177d137e886cb5', 'title': '第1集', 'order': 1, 'updated_at': '2018-12-27T12:15:38.903Z', 'id': '5c32031537177d137e886cb5'}]
2026-07-27 00:09:19 - mkk_pika - database.py:215 - INFO - 第一次下载该漫画，记录数据库中
2026-07-27 00:09:20 - mkk_pika - main.py:83 - INFO - 找到 26 张图片在:第1集
2026-07-27 00:09:21 - mkk_pika - main.py:112 - INFO - [episode:第1集       ] downloaded:    26, total:  26, progress:100%
2026-07-27 00:09:21 - mkk_pika - database.py:238 - INFO - 数据库更新已下载章节
2026-07-27 00:09:21 - mkk_pika - database.py:244 - INFO - 该漫画已下载章节如下
2026-07-27 00:09:21 - mkk_pika - database.py:245 - INFO - ['第1集']
2026-07-27 00:09:22 - mkk_pika - main.py:348 - INFO - ==================== 漫画信息 ====================
                                   漫画ID：5c32031537177d137e886cb4
                                   标题：ウチラのどんなトコロにドキドキする
                                   作者：カウンタック (古事記王子)
                                   是否完结：否
                                   总页数：26
                                   分类：同人,短篇
                                   章节数：1
                                   最后更新时间：2019-01-06T13:31:01.795Z
                                   =================================================
2026-07-27 00:09:22 - mkk_pika - database.py:101 - INFO - 保存成功：ウチラのどんなトコロにドキドキする
2026-07-27 00:09:22 - mkk_pika - main.py:35 - INFO - 开始检查おおかみ鉄道へようこそ!是否存在未下载章节
2026-07-27 00:09:23 - mkk_pika - main.py:45 - INFO - 正在下载:[おおかみ鉄道へようこそ!]-[あめ のち ゆき (あめとゆき)]-[['全彩', '短篇', '純愛', '非人類']]-[total_pages:17]
2026-07-27 00:09:23 - mkk_pika - main.py:49 - INFO - [{'_id': '5c3203ea62be1445a4a5d18e', 'title': '第1集', 'order': 1, 'updated_at': '2019-01-05T12:12:16.633Z', 'id': '5c3203ea62be1445a4a5d18e'}]
2026-07-27 00:09:23 - mkk_pika - database.py:215 - INFO - 第一次下载该漫画，记录数据库中
2026-07-27 00:09:23 - mkk_pika - main.py:83 - INFO - 找到 17 张图片在:第1集
2026-07-27 00:09:24 - mkk_pika - main.py:112 - INFO - [episode:第1集       ] downloaded:    17, total:  17, progress:100%
2026-07-27 00:09:24 - mkk_pika - database.py:238 - INFO - 数据库更新已下载章节
2026-07-27 00:09:24 - mkk_pika - database.py:244 - INFO - 该漫画已下载章节如下
2026-07-27 00:09:24 - mkk_pika - database.py:245 - INFO - ['第1集']
2026-07-27 00:09:25 - mkk_pika - main.py:348 - INFO - ==================== 漫画信息 ====================
                                   漫画ID：5c3203ea62be1445a4a5d18d
                                   标题：おおかみ鉄道へようこそ!
                                   作者：あめ のち ゆき (あめとゆき)
                                   是否完结：是
                                   总页数：17
                                   分类：全彩,短篇,純愛,非人類
                                   章节数：1
                                   最后更新时间：2019-01-06T13:34:34.070Z
                                   =================================================
2026-07-27 00:09:25 - mkk_pika - database.py:101 - INFO - 保存成功：おおかみ鉄道へようこそ!
2026-07-27 00:09:25 - mkk_pika - main.py:35 - INFO - 开始检查不知火改二を可愛がりたい! (艦隊これくしょん -艦これ-)是否存在未下载章节
2026-07-27 00:09:26 - mkk_pika - main.py:45 - INFO - 正在下载:[不知火改二を可愛がりたい! (艦隊これくしょん -艦これ-)]-[Oeuf (竹嶋えく)]-[['短篇', '純愛', '百合花園', '艦隊收藏']]-[total_pages:29]
2026-07-27 00:09:26 - mkk_pika - main.py:49 - INFO - [{'_id': '5c32040c8b2c8545963c4583', 'title': '第1集', 'order': 1, 'updated_at': '2019-01-05T12:25:21.933Z', 'id': '5c32040c8b2c8545963c4583'}]
2026-07-27 00:09:26 - mkk_pika - database.py:215 - INFO - 第一次下载该漫画，记录数据库中
2026-07-27 00:09:26 - mkk_pika - main.py:83 - INFO - 找到 29 张图片在:第1集
2026-07-27 00:09:27 - mkk_pika - main.py:112 - INFO - [episode:第1集       ] downloaded:    29, total:  29, progress:100%
2026-07-27 00:09:27 - mkk_pika - database.py:238 - INFO - 数据库更新已下载章节
2026-07-27 00:09:27 - mkk_pika - database.py:244 - INFO - 该漫画已下载章节如下
2026-07-27 00:09:27 - mkk_pika - database.py:245 - INFO - ['第1集']
2026-07-27 00:09:29 - mkk_pika - main.py:348 - INFO - ==================== 漫画信息 ====================
                                   漫画ID：5c32040c8b2c8545963c4582
                                   标题：不知火改二を可愛がりたい! (艦隊これくしょん -艦これ-)
                                   作者：Oeuf (竹嶋えく)
                                   是否完结：是
                                   总页数：29
                                   分类：短篇,純愛,百合花園,艦隊收藏
                                   章节数：1
                                   最后更新时间：2019-01-06T13:35:08.130Z
                                   =================================================
2026-07-27 00:09:29 - mkk_pika - database.py:101 - INFO - 保存成功：不知火改二を可愛がりたい! (艦隊これくしょん -艦これ-)
2026-07-27 00:09:29 - mkk_pika - main.py:35 - INFO - 开始检查パコパコナースV是否存在未下载章节
2026-07-27 00:09:29 - mkk_pika - main.py:45 - INFO - 正在下载:[パコパコナースV]-[要青豆]-[['長篇', 'SM', '姐姐系', '單行本', '強暴']]-[total_pages:229]
2026-07-27 00:09:29 - mkk_pika - main.py:49 - INFO - [{'_id': '5c32047a8b2c8545963c45a4', 'title': '第1集', 'order': 1, 'updated_at': '2019-01-05T16:25:36.174Z', 'id': '5c32047a8b2c8545963c45a4'}]
2026-07-27 00:09:29 - mkk_pika - database.py:215 - INFO - 第一次下载该漫画，记录数据库中
2026-07-27 00:09:32 - mkk_pika - main.py:83 - INFO - 找到 229 张图片在:第1集
2026-07-27 00:09:40 - mkk_pika - main.py:112 - INFO - [episode:第1集       ] downloaded:   229, total: 229, progress:100%
2026-07-27 00:09:40 - mkk_pika - database.py:238 - INFO - 数据库更新已下载章节
2026-07-27 00:09:40 - mkk_pika - database.py:244 - INFO - 该漫画已下载章节如下
2026-07-27 00:09:40 - mkk_pika - database.py:245 - INFO - ['第1集']
2026-07-27 00:09:42 - mkk_pika - main.py:348 - INFO - ==================== 漫画信息 ====================
                                   漫画ID：5c32047a8b2c8545963c45a3
                                   标题：パコパコナースV
                                   作者：要青豆
                                   是否完结：是
                                   总页数：229
                                   分类：長篇,SM,姐姐系,單行本,強暴
                                   章节数：1
                                   最后更新时间：2019-01-06T13:36:58.773Z
                                   =================================================
2026-07-27 00:09:42 - mkk_pika - database.py:101 - INFO - 保存成功：パコパコナースV
2026-07-27 00:09:42 - mkk_pika - main.py:35 - INFO - 开始检查(C95)じぇいえす学援5是否存在未下载章节
2026-07-27 00:09:42 - mkk_pika - main.py:45 - INFO - 正在下载:[(C95)じぇいえす学援5]-[絶望しろむじ (しょうさん坊主)]-[['短篇', '後宮閃光', '純愛']]-[total_pages:34]
2026-07-27 00:09:42 - mkk_pika - main.py:49 - INFO - [{'_id': '5c32049d8b2c8545963c468c', 'title': '第1集', 'order': 1, 'updated_at': '2019-01-05T16:35:11.809Z', 'id': '5c32049d8b2c8545963c468c'}]
2026-07-27 00:09:42 - mkk_pika - database.py:215 - INFO - 第一次下载该漫画，记录数据库中
2026-07-27 00:09:43 - mkk_pika - main.py:83 - INFO - 找到 34 张图片在:第1集
2026-07-27 00:09:44 - mkk_pika - main.py:112 - INFO - [episode:第1集       ] downloaded:    34, total:  34, progress:100%
2026-07-27 00:09:44 - mkk_pika - database.py:238 - INFO - 数据库更新已下载章节
2026-07-27 00:09:44 - mkk_pika - database.py:244 - INFO - 该漫画已下载章节如下
2026-07-27 00:09:44 - mkk_pika - database.py:245 - INFO - ['第1集']
2026-07-27 00:09:45 - mkk_pika - main.py:348 - INFO - ==================== 漫画信息 ====================
                                   漫画ID：5c32049d8b2c8545963c468b
                                   标题：(C95)じぇいえす学援5
                                   作者：絶望しろむじ (しょうさん坊主)
                                   是否完结：是
                                   总页数：34
                                   分类：短篇,後宮閃光,純愛
                                   章节数：1
                                   最后更新时间：2019-01-06T13:37:33.623Z
                                   =================================================
2026-07-27 00:09:45 - mkk_pika - database.py:101 - INFO - 保存成功：(C95)じぇいえす学援5
2026-07-27 00:09:45 - mkk_pika - main.py:35 - INFO - 开始检查CHALDEA BON是否存在未下载章节
2026-07-27 00:09:46 - mkk_pika - main.py:45 - INFO - 正在下载:[CHALDEA BON]-[あのんの大洪水伝説 (あのん2億年)]-[['短篇', '同人', 'Fate']]-[total_pages:22]
2026-07-27 00:09:46 - mkk_pika - main.py:49 - INFO - [{'_id': '5c3204fe62be1445a4a5d1a3', 'title': '第1集', 'order': 1, 'updated_at': '2019-01-05T17:29:56.826Z', 'id': '5c3204fe62be1445a4a5d1a3'}]
2026-07-27 00:09:46 - mkk_pika - database.py:215 - INFO - 第一次下载该漫画，记录数据库中
2026-07-27 00:09:46 - mkk_pika - main.py:83 - INFO - 找到 22 张图片在:第1集
2026-07-27 00:09:47 - mkk_pika - main.py:112 - INFO - [episode:第1集       ] downloaded:    22, total:  22, progress:100%
2026-07-27 00:09:47 - mkk_pika - database.py:238 - INFO - 数据库更新已下载章节
2026-07-27 00:09:47 - mkk_pika - database.py:244 - INFO - 该漫画已下载章节如下
2026-07-27 00:09:47 - mkk_pika - database.py:245 - INFO - ['第1集']
2026-07-27 00:09:48 - mkk_pika - main.py:348 - INFO - ==================== 漫画信息 ====================
                                   漫画ID：5c3204fe62be1445a4a5d1a2
                                   标题：CHALDEA BON
                                   作者：あのんの大洪水伝説 (あのん2億年)
                                   是否完结：是
                                   总页数：22
                                   分类：短篇,同人,Fate
                                   章节数：1
                                   最后更新时间：2019-01-06T13:39:10.883Z
                                   =================================================
2026-07-27 00:09:48 - mkk_pika - database.py:101 - INFO - 保存成功：CHALDEA BON
2026-07-27 00:09:48 - mkk_pika - main.py:35 - INFO - 开始检查我が家の乳神さま。 (我家有个狐仙大人)是否存在未下载章节
2026-07-27 00:09:49 - mkk_pika - main.py:45 - INFO - 正在下载:[我が家の乳神さま。 (我家有个狐仙大人)]-[フリークス (オノメシン、ミケ)]-[['非人類', '同人', '純愛']]-[total_pages:30]
2026-07-27 00:09:49 - mkk_pika - main.py:49 - INFO - [{'_id': '5c32051562be1445a4a5d1bb', 'title': '第1集', 'order': 1, 'updated_at': '2019-01-05T19:53:47.716Z', 'id': '5c32051562be1445a4a5d1bb'}]
2026-07-27 00:09:49 - mkk_pika - database.py:215 - INFO - 第一次下载该漫画，记录数据库中
2026-07-27 00:09:49 - mkk_pika - main.py:83 - INFO - 找到 30 张图片在:第1集
2026-07-27 00:09:51 - mkk_pika - main.py:112 - INFO - [episode:第1集       ] downloaded:    30, total:  30, progress:100%
2026-07-27 00:09:51 - mkk_pika - database.py:238 - INFO - 数据库更新已下载章节
2026-07-27 00:09:51 - mkk_pika - database.py:244 - INFO - 该漫画已下载章节如下
2026-07-27 00:09:51 - mkk_pika - database.py:245 - INFO - ['第1集']
2026-07-27 00:09:52 - mkk_pika - main.py:348 - INFO - ==================== 漫画信息 ====================
                                   漫画ID：5c32051562be1445a4a5d1ba
                                   标题：我が家の乳神さま。 (我家有个狐仙大人)
                                   作者：フリークス (オノメシン、ミケ)
                                   是否完结：否
                                   总页数：30
                                   分类：非人類,同人,純愛
                                   章节数：1
                                   最后更新时间：2019-01-06T13:39:33.846Z
                                   =================================================
2026-07-27 00:09:52 - mkk_pika - database.py:101 - INFO - 保存成功：我が家の乳神さま。 (我家有个狐仙大人)
2026-07-27 00:09:52 - mkk_pika - main.py:35 - INFO - 开始检查陵妻姦母～是否存在未下载章节
2026-07-27 00:09:52 - mkk_pika - main.py:45 - INFO - 正在下载:[陵妻姦母～]-[NABURU]-[['長篇', '人妻', 'NTR']]-[total_pages:207]
2026-07-27 00:09:52 - mkk_pika - main.py:49 - INFO - [{'_id': '5c32052c35f3f51f7c3f216e', 'title': '第1集', 'order': 1, 'updated_at': '2019-01-04T12:31:03.647Z', 'id': '5c32052c35f3f51f7c3f216e'}]
2026-07-27 00:09:52 - mkk_pika - database.py:215 - INFO - 第一次下载该漫画，记录数据库中
2026-07-27 00:09:54 - mkk_pika - main.py:83 - INFO - 找到 207 张图片在:第1集
2026-07-27 00:10:02 - mkk_pika - main.py:112 - INFO - [episode:第1集       ] downloaded:   207, total: 207, progress:100%
2026-07-27 00:10:02 - mkk_pika - database.py:238 - INFO - 数据库更新已下载章节
2026-07-27 00:10:02 - mkk_pika - database.py:244 - INFO - 该漫画已下载章节如下
2026-07-27 00:10:02 - mkk_pika - database.py:245 - INFO - ['第1集']
2026-07-27 00:10:03 - mkk_pika - main.py:348 - INFO - ==================== 漫画信息 ====================
                                   漫画ID：5c32052c35f3f51f7c3f216d
                                   标题：陵妻姦母～
                                   作者：NABURU
                                   是否完结：是
                                   总页数：207
                                   分类：長篇,人妻,NTR
                                   章节数：1
                                   最后更新时间：2019-01-06T13:39:56.318Z
                                   =================================================
2026-07-27 00:10:03 - mkk_pika - database.py:101 - INFO - 保存成功：陵妻姦母～
2026-07-27 00:10:03 - mkk_pika - main.py:35 - INFO - 开始检查家庭教師の必要な 是否存在未下载章节
2026-07-27 00:10:03 - mkk_pika - main.py:45 - INFO - 正在下载:[家庭教師の必要な ]-[極彩色 (彩社長)]-[['短篇']]-[total_pages:21]
2026-07-27 00:10:03 - mkk_pika - main.py:49 - INFO - [{'_id': '5c32054a8b2c8545963c46b3', 'title': '第1集', 'order': 1, 'updated_at': '2019-01-06T03:21:10.482Z', 'id': '5c32054a8b2c8545963c46b3'}]
2026-07-27 00:10:03 - mkk_pika - database.py:215 - INFO - 第一次下载该漫画，记录数据库中
2026-07-27 00:10:04 - mkk_pika - main.py:83 - INFO - 找到 21 张图片在:第1集
2026-07-27 00:10:05 - mkk_pika - main.py:112 - INFO - [episode:第1集       ] downloaded:    21, total:  21, progress:100%
2026-07-27 00:10:05 - mkk_pika - database.py:238 - INFO - 数据库更新已下载章节
2026-07-27 00:10:05 - mkk_pika - database.py:244 - INFO - 该漫画已下载章节如下
2026-07-27 00:10:05 - mkk_pika - database.py:245 - INFO - ['第1集']
2026-07-27 00:10:06 - mkk_pika - main.py:348 - INFO - ==================== 漫画信息 ====================
                                   漫画ID：5c32054a8b2c8545963c46b2
                                   标题：家庭教師の必要な 
                                   作者：極彩色 (彩社長)
                                   是否完结：是
                                   总页数：21
                                   分类：短篇
                                   章节数：1
                                   最后更新时间：2019-01-06T13:40:26.333Z
                                   =================================================
2026-07-27 00:10:06 - mkk_pika - database.py:101 - INFO - 保存成功：家庭教師の必要な 
2026-07-27 00:10:06 - mkk_pika - main.py:35 - INFO - 开始检查スカサハ様にHなお願いしてみた是否存在未下载章节
2026-07-27 00:10:06 - mkk_pika - main.py:45 - INFO - 正在下载:[スカサハ様にHなお願いしてみた]-[時間差攻撃 (遠矢大介)]-[['短篇', '同人', 'Fate']]-[total_pages:27]
2026-07-27 00:10:06 - mkk_pika - main.py:49 - INFO - [{'_id': '5c3205c935f3f51f7c3f2240', 'title': '第1集', 'order': 1, 'updated_at': '2019-01-06T04:00:32.063Z', 'id': '5c3205c935f3f51f7c3f2240'}]
2026-07-27 00:10:06 - mkk_pika - database.py:215 - INFO - 第一次下载该漫画，记录数据库中
2026-07-27 00:10:07 - mkk_pika - main.py:83 - INFO - 找到 27 张图片在:第1集
2026-07-27 00:10:08 - mkk_pika - main.py:112 - INFO - [episode:第1集       ] downloaded:    27, total:  27, progress:100%
2026-07-27 00:10:08 - mkk_pika - database.py:238 - INFO - 数据库更新已下载章节
2026-07-27 00:10:08 - mkk_pika - database.py:244 - INFO - 该漫画已下载章节如下
2026-07-27 00:10:08 - mkk_pika - database.py:245 - INFO - ['第1集']
2026-07-27 00:10:09 - mkk_pika - main.py:348 - INFO - ==================== 漫画信息 ====================
                                   漫画ID：5c3205c935f3f51f7c3f223f
                                   标题：スカサハ様にHなお願いしてみた
                                   作者：時間差攻撃 (遠矢大介)
                                   是否完结：是
                                   总页数：27
                                   分类：短篇,同人,Fate
                                   章节数：1
                                   最后更新时间：2019-01-06T13:42:33.704Z
                                   =================================================
2026-07-27 00:10:09 - mkk_pika - database.py:101 - INFO - 保存成功：スカサハ様にHなお願いしてみた
2026-07-27 00:10:09 - mkk_pika - main.py:35 - INFO - 开始检查(C95) タマモと温泉旅行 (Fate/Grand Order)是否存在未下载章节
2026-07-27 00:10:10 - mkk_pika - main.py:45 - INFO - 正在下载:[(C95) タマモと温泉旅行 (Fate/Grand Order)]-[Jun&Yuri (白河子)]-[['全彩', '短篇', '同人', 'Fate']]-[total_pages:20]
2026-07-27 00:10:10 - mkk_pika - main.py:49 - INFO - [{'_id': '5c3205e91e84017390453d89', 'title': '第1集', 'order': 1, 'updated_at': '2019-01-06T04:52:13.974Z', 'id': '5c3205e91e84017390453d89'}]
2026-07-27 00:10:10 - mkk_pika - database.py:215 - INFO - 第一次下载该漫画，记录数据库中
2026-07-27 00:10:10 - mkk_pika - main.py:83 - INFO - 找到 20 张图片在:第1集
2026-07-27 00:10:11 - mkk_pika - main.py:112 - INFO - [episode:第1集       ] downloaded:    20, total:  20, progress:100%
2026-07-27 00:10:11 - mkk_pika - database.py:238 - INFO - 数据库更新已下载章节
2026-07-27 00:10:11 - mkk_pika - database.py:244 - INFO - 该漫画已下载章节如下
2026-07-27 00:10:11 - mkk_pika - database.py:245 - INFO - ['第1集']
2026-07-27 00:10:12 - mkk_pika - main.py:348 - INFO - ==================== 漫画信息 ====================
                                   漫画ID：5c3205e91e84017390453d88
                                   标题：(C95) タマモと温泉旅行 (Fate/Grand Order)
                                   作者：Jun&Yuri (白河子)
                                   是否完结：是
                                   总页数：20
                                   分类：全彩,短篇,同人,Fate
                                   章节数：1
                                   最后更新时间：2019-01-06T13:43:05.502Z
                                   =================================================
2026-07-27 00:10:12 - mkk_pika - database.py:101 - INFO - 保存成功：(C95) タマモと温泉旅行 (Fate/Grand Order)
2026-07-27 00:10:12 - mkk_pika - main.py:35 - INFO - 开始检查(C95) 鹿島の初恋宣言 (艦隊これくしょん -艦これ-)是否存在未下载章节
2026-07-27 00:10:13 - mkk_pika - main.py:45 - INFO - 正在下载:[(C95) 鹿島の初恋宣言 (艦隊これくしょん -艦これ-)]-[ciaociao (あらきかなお)]-[['同人', '短篇', '艦隊收藏']]-[total_pages:25]
2026-07-27 00:10:13 - mkk_pika - main.py:49 - INFO - [{'_id': '5c3206701e84017390453dbb', 'title': '第1集', 'order': 1, 'updated_at': '2019-01-06T04:58:18.004Z', 'id': '5c3206701e84017390453dbb'}]
2026-07-27 00:10:13 - mkk_pika - database.py:215 - INFO - 第一次下载该漫画，记录数据库中
2026-07-27 00:10:13 - mkk_pika - main.py:83 - INFO - 找到 25 张图片在:第1集
2026-07-27 00:10:14 - mkk_pika - main.py:112 - INFO - [episode:第1集       ] downloaded:    25, total:  25, progress:100%
2026-07-27 00:10:14 - mkk_pika - database.py:238 - INFO - 数据库更新已下载章节
2026-07-27 00:10:14 - mkk_pika - database.py:244 - INFO - 该漫画已下载章节如下
2026-07-27 00:10:14 - mkk_pika - database.py:245 - INFO - ['第1集']
2026-07-27 00:10:15 - mkk_pika - main.py:348 - INFO - ==================== 漫画信息 ====================
                                   漫画ID：5c3206701e84017390453dba
                                   标题：(C95) 鹿島の初恋宣言 (艦隊これくしょん -艦これ-)
                                   作者：ciaociao (あらきかなお)
                                   是否完结：是
                                   总页数：25
                                   分类：同人,短篇,艦隊收藏
                                   章节数：1
                                   最后更新时间：2019-01-06T13:45:20.815Z
                                   =================================================
2026-07-27 00:10:15 - mkk_pika - database.py:101 - INFO - 保存成功：(C95) 鹿島の初恋宣言 (艦隊これくしょん -艦これ-)
2026-07-27 00:10:15 - mkk_pika - main.py:35 - INFO - 开始检查編成拡大 5にんでかかればこわくない! (少女前線)是否存在未下载章节
2026-07-27 00:10:16 - mkk_pika - main.py:45 - INFO - 正在下载:[編成拡大 5にんでかかればこわくない! (少女前線)]-[ぞんびと愉快な仲間たち (すーぱーぞんび)]-[['同人', '短篇', '後宮閃光']]-[total_pages:24]
2026-07-27 00:10:16 - mkk_pika - main.py:49 - INFO - [{'_id': '5c320690418dff4560bbc71c', 'title': '第1集', 'order': 1, 'updated_at': '2019-01-06T05:26:27.671Z', 'id': '5c320690418dff4560bbc71c'}]
2026-07-27 00:10:16 - mkk_pika - database.py:215 - INFO - 第一次下载该漫画，记录数据库中
2026-07-27 00:10:16 - mkk_pika - main.py:83 - INFO - 找到 24 张图片在:第1集
2026-07-27 00:10:17 - mkk_pika - main.py:112 - INFO - [episode:第1集       ] downloaded:    24, total:  24, progress:100%
2026-07-27 00:10:17 - mkk_pika - database.py:238 - INFO - 数据库更新已下载章节
2026-07-27 00:10:17 - mkk_pika - database.py:244 - INFO - 该漫画已下载章节如下
2026-07-27 00:10:17 - mkk_pika - database.py:245 - INFO - ['第1集']
2026-07-27 00:10:19 - mkk_pika - main.py:348 - INFO - ==================== 漫画信息 ====================
                                   漫画ID：5c320690418dff4560bbc71b
                                   标题：編成拡大 5にんでかかればこわくない! (少女前線)
                                   作者：ぞんびと愉快な仲間たち (すーぱーぞんび)
                                   是否完结：否
                                   总页数：24
                                   分类：同人,短篇,後宮閃光
                                   章节数：1
                                   最后更新时间：2019-01-06T13:45:52.306Z
                                   =================================================
2026-07-27 00:10:19 - mkk_pika - database.py:101 - INFO - 保存成功：編成拡大 5にんでかかればこわくない! (少女前線)
2026-07-27 00:10:19 - mkk_pika - main.py:35 - INFO - 开始检查(C95） あなたがいないから。是否存在未下载章节
2026-07-27 00:10:19 - mkk_pika - main.py:45 - INFO - 正在下载:[(C95） あなたがいないから。]-[薺屋本舗 (7zu7)]-[['短篇', '人妻']]-[total_pages:35]
2026-07-27 00:10:19 - mkk_pika - main.py:49 - INFO - [{'_id': '5c3206a738c0f873bf87af14', 'title': '有毛', 'order': 1, 'updated_at': '2019-01-06T06:03:17.579Z', 'id': '5c3206a738c0f873bf87af14'}, {'_id': '5c3206a738c0f873bf87af15', 'title': '白虎', 'order': 2, 'updated_at': '2019-01-06T06:04:17.410Z', 'id': '5c3206a738c0f873bf87af15'}]
2026-07-27 00:10:19 - mkk_pika - database.py:215 - INFO - 第一次下载该漫画，记录数据库中
2026-07-27 00:10:19 - mkk_pika - main.py:83 - INFO - 找到 19 张图片在:有毛
2026-07-27 00:10:20 - mkk_pika - main.py:112 - INFO - [episode:有毛        ] downloaded:    19, total:  19, progress:100%
2026-07-27 00:10:20 - mkk_pika - database.py:238 - INFO - 数据库更新已下载章节
2026-07-27 00:10:20 - mkk_pika - database.py:244 - INFO - 该漫画已下载章节如下
2026-07-27 00:10:20 - mkk_pika - database.py:245 - INFO - ['有毛']
2026-07-27 00:10:22 - mkk_pika - main.py:83 - INFO - 找到 16 张图片在:白虎
2026-07-27 00:10:23 - mkk_pika - main.py:112 - INFO - [episode:白虎        ] downloaded:    16, total:  16, progress:100%
2026-07-27 00:10:23 - mkk_pika - database.py:238 - INFO - 数据库更新已下载章节
2026-07-27 00:10:23 - mkk_pika - database.py:244 - INFO - 该漫画已下载章节如下
2026-07-27 00:10:23 - mkk_pika - database.py:245 - INFO - ['有毛', '白虎']
2026-07-27 00:10:24 - mkk_pika - main.py:348 - INFO - ==================== 漫画信息 ====================
                                   漫画ID：5c3206a738c0f873bf87af13
                                   标题：(C95） あなたがいないから。
                                   作者：薺屋本舗 (7zu7)
                                   是否完结：是
                                   总页数：35
                                   分类：短篇,人妻
                                   章节数：2
                                   最后更新时间：2019-01-06T13:46:15.498Z
                                   =================================================
2026-07-27 00:10:24 - mkk_pika - database.py:101 - INFO - 保存成功：(C95） あなたがいないから。
2026-07-27 00:10:24 - mkk_pika - main.py:35 - INFO - 开始检查1年間痴漢され続けた女ー後編ー__是否存在未下载章节
2026-07-27 00:10:24 - mkk_pika - main.py:45 - INFO - 正在下载:[1年間痴漢され続けた女ー後編ー__]-[クリムゾン]-[['短篇', '全彩', '強暴']]-[total_pages:57]
2026-07-27 00:10:24 - mkk_pika - main.py:49 - INFO - [{'_id': '5c32077d529ed24568c6e520', 'title': '第1集', 'order': 1, 'updated_at': '2019-01-06T06:27:59.265Z', 'id': '5c32077d529ed24568c6e520'}]
2026-07-27 00:10:24 - mkk_pika - database.py:215 - INFO - 第一次下载该漫画，记录数据库中
2026-07-27 00:10:25 - mkk_pika - main.py:83 - INFO - 找到 57 张图片在:第1集
2026-07-27 00:10:27 - mkk_pika - main.py:112 - INFO - [episode:第1集       ] downloaded:    57, total:  57, progress:100%
2026-07-27 00:10:27 - mkk_pika - database.py:238 - INFO - 数据库更新已下载章节
2026-07-27 00:10:27 - mkk_pika - database.py:244 - INFO - 该漫画已下载章节如下
2026-07-27 00:10:27 - mkk_pika - database.py:245 - INFO - ['第1集']
2026-07-27 00:10:28 - mkk_pika - main.py:348 - INFO - ==================== 漫画信息 ====================
                                   漫画ID：5c32077d529ed24568c6e51f
                                   标题：1年間痴漢され続けた女ー後編ー__
                                   作者：クリムゾン
                                   是否完结：否
                                   总页数：57
                                   分类：短篇,全彩,強暴
                                   章节数：1
                                   最后更新时间：2019-01-06T13:49:49.848Z
                                   =================================================
2026-07-27 00:10:28 - mkk_pika - database.py:101 - INFO - 保存成功：1年間痴漢され続けた女ー後編ー__
2026-07-27 00:10:28 - mkk_pika - main.py:35 - INFO - 开始检查避妊失敗―かわいそうなきさらぎちゃん― (アズールレーン)是否存在未下载章节
2026-07-27 00:10:28 - mkk_pika - main.py:45 - INFO - 正在下载:[避妊失敗―かわいそうなきさらぎちゃん― (アズールレーン)]-[PiyoPit (ぴよ寺むちゃ)]-[['同人', '短篇']]-[total_pages:27]
2026-07-27 00:10:28 - mkk_pika - main.py:49 - INFO - [{'_id': '5c3207d938c0f873bf87b01e', 'title': '第1集', 'order': 1, 'updated_at': '2019-01-06T06:27:53.583Z', 'id': '5c3207d938c0f873bf87b01e'}]
2026-07-27 00:10:28 - mkk_pika - database.py:215 - INFO - 第一次下载该漫画，记录数据库中
2026-07-27 00:10:29 - mkk_pika - main.py:83 - INFO - 找到 27 张图片在:第1集
2026-07-27 00:10:30 - mkk_pika - main.py:112 - INFO - [episode:第1集       ] downloaded:    27, total:  27, progress:100%
2026-07-27 00:10:30 - mkk_pika - database.py:238 - INFO - 数据库更新已下载章节
2026-07-27 00:10:30 - mkk_pika - database.py:244 - INFO - 该漫画已下载章节如下
2026-07-27 00:10:30 - mkk_pika - database.py:245 - INFO - ['第1集']
2026-07-27 00:10:31 - mkk_pika - main.py:348 - INFO - ==================== 漫画信息 ====================
                                   漫画ID：5c3207d938c0f873bf87b01d
                                   标题：避妊失敗―かわいそうなきさらぎちゃん― (アズールレーン)
                                   作者：PiyoPit (ぴよ寺むちゃ)
                                   是否完结：是
                                   总页数：27
                                   分类：同人,短篇
                                   章节数：1
                                   最后更新时间：2019-01-06T13:51:21.431Z
                                   =================================================
2026-07-27 00:10:31 - mkk_pika - database.py:101 - INFO - 保存成功：避妊失敗―かわいそうなきさらぎちゃん― (アズールレーン)
2026-07-27 00:10:31 - mkk_pika - main.py:35 - INFO - 开始检查1年間痴漢され続けた女 -その後-是否存在未下载章节
2026-07-27 00:10:32 - mkk_pika - main.py:45 - INFO - 正在下载:[1年間痴漢され続けた女 -その後-]-[クリムゾン]-[['短篇', '強暴']]-[total_pages:55]
2026-07-27 00:10:32 - mkk_pika - main.py:49 - INFO - [{'_id': '5c3208401e84017390453df4', 'title': '第1集', 'order': 1, 'updated_at': '2019-01-06T06:34:26.114Z', 'id': '5c3208401e84017390453df4'}]
2026-07-27 00:10:32 - mkk_pika - database.py:215 - INFO - 第一次下载该漫画，记录数据库中
2026-07-27 00:10:33 - mkk_pika - main.py:83 - INFO - 找到 55 张图片在:第1集
2026-07-27 00:10:34 - mkk_pika - main.py:112 - INFO - [episode:第1集       ] downloaded:    55, total:  55, progress:100%
2026-07-27 00:10:34 - mkk_pika - database.py:238 - INFO - 数据库更新已下载章节
2026-07-27 00:10:34 - mkk_pika - database.py:244 - INFO - 该漫画已下载章节如下
2026-07-27 00:10:34 - mkk_pika - database.py:245 - INFO - ['第1集']
2026-07-27 00:10:35 - mkk_pika - main.py:348 - INFO - ==================== 漫画信息 ====================
                                   漫画ID：5c3208401e84017390453df3
                                   标题：1年間痴漢され続けた女 -その後-
                                   作者：クリムゾン
                                   是否完结：否
                                   总页数：55
                                   分类：短篇,強暴
                                   章节数：1
                                   最后更新时间：2019-01-06T13:53:04.323Z
                                   =================================================
2026-07-27 00:10:35 - mkk_pika - database.py:101 - INFO - 保存成功：1年間痴漢され続けた女 -その後-
2026-07-27 00:10:35 - mkk_pika - main.py:35 - INFO - 开始检查千寿菊 砲雷撃戦!よーい!四十三戦目(艦隊これくしょん -艦これ-)是否存在未下载章节
2026-07-27 00:10:36 - mkk_pika - main.py:45 - INFO - 正在下载:[千寿菊 砲雷撃戦!よーい!四十三戦目(艦隊これくしょん -艦これ-)]-[blue+α (いふじシンセン)]-[['同人', '短篇', '艦隊收藏']]-[total_pages:27]
2026-07-27 00:10:36 - mkk_pika - main.py:49 - INFO - [{'_id': '5c32085937177d137e886cfc', 'title': '第1集', 'order': 1, 'updated_at': '2019-01-06T06:42:23.287Z', 'id': '5c32085937177d137e886cfc'}]
2026-07-27 00:10:36 - mkk_pika - database.py:215 - INFO - 第一次下载该漫画，记录数据库中
2026-07-27 00:10:36 - mkk_pika - main.py:83 - INFO - 找到 27 张图片在:第1集
2026-07-27 00:10:38 - mkk_pika - main.py:112 - INFO - [episode:第1集       ] downloaded:    27, total:  27, progress:100%
2026-07-27 00:10:38 - mkk_pika - database.py:238 - INFO - 数据库更新已下载章节
2026-07-27 00:10:38 - mkk_pika - database.py:244 - INFO - 该漫画已下载章节如下
2026-07-27 00:10:38 - mkk_pika - database.py:245 - INFO - ['第1集']
2026-07-27 00:10:39 - mkk_pika - main.py:348 - INFO - ==================== 漫画信息 ====================
                                   漫画ID：5c32085937177d137e886cfb
                                   标题：千寿菊 砲雷撃戦!よーい!四十三戦目(艦隊これくしょん -艦これ-)
                                   作者：blue+α (いふじシンセン)
                                   是否完结：是
                                   总页数：27
                                   分类：同人,短篇,艦隊收藏
                                   章节数：1
                                   最后更新时间：2019-01-06T13:53:29.512Z
                                   =================================================
2026-07-27 00:10:39 - mkk_pika - database.py:101 - INFO - 保存成功：千寿菊 砲雷撃戦!よーい!四十三戦目(艦隊これくしょん -艦これ-)
2026-07-27 00:10:39 - mkk_pika - main.py:35 - INFO - 开始检查(秋季例大祭2) 頭隠して尻穴隠さず (東方Project)是否存在未下载章节
2026-07-27 00:10:39 - mkk_pika - main.py:45 - INFO - 正在下载:[(秋季例大祭2) 頭隠して尻穴隠さず (東方Project)]-[こもりきり。 (卯林)]-[['短篇', '東方']]-[total_pages:29]
2026-07-27 00:10:39 - mkk_pika - main.py:49 - INFO - [{'_id': '5c3208cf418dff4560bbc92a', 'title': '第1集', 'order': 1, 'updated_at': '2019-01-06T10:21:22.563Z', 'id': '5c3208cf418dff4560bbc92a'}]
2026-07-27 00:10:39 - mkk_pika - database.py:215 - INFO - 第一次下载该漫画，记录数据库中
2026-07-27 00:10:40 - mkk_pika - main.py:83 - INFO - 找到 29 张图片在:第1集
2026-07-27 00:10:41 - mkk_pika - main.py:112 - INFO - [episode:第1集       ] downloaded:    29, total:  29, progress:100%
2026-07-27 00:10:41 - mkk_pika - database.py:238 - INFO - 数据库更新已下载章节
2026-07-27 00:10:41 - mkk_pika - database.py:244 - INFO - 该漫画已下载章节如下
2026-07-27 00:10:41 - mkk_pika - database.py:245 - INFO - ['第1集']
2026-07-27 00:10:42 - mkk_pika - main.py:348 - INFO - ==================== 漫画信息 ====================
                                   漫画ID：5c3208cf418dff4560bbc929
                                   标题：(秋季例大祭2) 頭隠して尻穴隠さず (東方Project)
                                   作者：こもりきり。 (卯林)
                                   是否完结：是
                                   总页数：29
                                   分类：短篇,東方
                                   章节数：1
                                   最后更新时间：2019-01-06T13:55:27.301Z
                                   =================================================
2026-07-27 00:10:42 - mkk_pika - database.py:101 - INFO - 保存成功：(秋季例大祭2) 頭隠して尻穴隠さず (東方Project)
2026-07-27 00:10:42 - mkk_pika - main.py:35 - INFO - 开始检查(C95) マルティナが妖魔軍王のケツ穴肉便姫に堕ちるまで (ドラゴンクエストXI)是否存在未下载章节
2026-07-27 00:10:42 - mkk_pika - main.py:45 - INFO - 正在下载:[(C95) マルティナが妖魔軍王のケツ穴肉便姫に堕ちるまで (ドラゴンクエストXI)]-[Bonsketch (ぼんすけ)]-[['同人', '短篇']]-[total_pages:21]
2026-07-27 00:10:42 - mkk_pika - main.py:49 - INFO - [{'_id': '5c3209321e84017390453e32', 'title': '第1集', 'order': 1, 'updated_at': '2019-01-06T10:24:51.040Z', 'id': '5c3209321e84017390453e32'}]
2026-07-27 00:10:42 - mkk_pika - database.py:215 - INFO - 第一次下载该漫画，记录数据库中
2026-07-27 00:10:43 - mkk_pika - main.py:83 - INFO - 找到 21 张图片在:第1集
2026-07-27 00:10:44 - mkk_pika - main.py:112 - INFO - [episode:第1集       ] downloaded:    21, total:  21, progress:100%
2026-07-27 00:10:44 - mkk_pika - database.py:238 - INFO - 数据库更新已下载章节
2026-07-27 00:10:44 - mkk_pika - database.py:244 - INFO - 该漫画已下载章节如下
2026-07-27 00:10:44 - mkk_pika - database.py:245 - INFO - ['第1集']
2026-07-27 00:10:45 - mkk_pika - main.py:348 - INFO - ==================== 漫画信息 ====================
                                   漫画ID：5c3209321e84017390453e31
                                   标题：(C95) マルティナが妖魔軍王のケツ穴肉便姫に堕ちるまで (ドラゴンクエストXI)
                                   作者：Bonsketch (ぼんすけ)
                                   是否完结：是
                                   总页数：21
                                   分类：同人,短篇
                                   章节数：1
                                   最后更新时间：2019-01-06T13:57:06.464Z
                                   =================================================
2026-07-27 00:10:45 - mkk_pika - database.py:101 - INFO - 保存成功：(C95) マルティナが妖魔軍王のケツ穴肉便姫に堕ちるまで (ドラゴンクエストXI)
2026-07-27 00:10:45 - mkk_pika - main.py:35 - INFO - 开始检查VANILLA MIX 02 ユニコーンはいい子のかな？（碧蓝航线）是否存在未下载章节
2026-07-27 00:10:46 - mkk_pika - main.py:45 - INFO - 正在下载:[VANILLA MIX 02 ユニコーンはいい子のかな？（碧蓝航线）]-[音樂盒 (Xeph)]-[['同人', '全彩', '短篇', '妹妹系']]-[total_pages:21]
2026-07-27 00:10:46 - mkk_pika - main.py:49 - INFO - [{'_id': '5c32094bcebde71f6d8e2361', 'title': '第1集', 'order': 1, 'updated_at': '2019-01-06T10:25:05.336Z', 'id': '5c32094bcebde71f6d8e2361'}]
2026-07-27 00:10:46 - mkk_pika - database.py:215 - INFO - 第一次下载该漫画，记录数据库中
2026-07-27 00:10:47 - mkk_pika - main.py:83 - INFO - 找到 21 张图片在:第1集
2026-07-27 00:10:47 - mkk_pika - main.py:112 - INFO - [episode:第1集       ] downloaded:    21, total:  21, progress:100%
2026-07-27 00:10:47 - mkk_pika - database.py:238 - INFO - 数据库更新已下载章节
2026-07-27 00:10:47 - mkk_pika - database.py:244 - INFO - 该漫画已下载章节如下
2026-07-27 00:10:47 - mkk_pika - database.py:245 - INFO - ['第1集']
2026-07-27 00:10:49 - mkk_pika - main.py:348 - INFO - ==================== 漫画信息 ====================
                                   漫画ID：5c32094bcebde71f6d8e2360
                                   标题：VANILLA MIX 02 ユニコーンはいい子のかな？（碧蓝航线）
                                   作者：音樂盒 (Xeph)
                                   是否完结：否
                                   总页数：21
                                   分类：同人,全彩,短篇,妹妹系
                                   章节数：1
                                   最后更新时间：2019-01-06T13:57:31.275Z
                                   =================================================
2026-07-27 00:10:49 - mkk_pika - database.py:101 - INFO - 保存成功：VANILLA MIX 02 ユニコーンはいい子のかな？（碧蓝航线）
2026-07-27 00:10:49 - mkk_pika - main.py:35 - INFO - 开始检查天空の癒され混浴物語 (ドラゴンクエストV)是否存在未下载章节
2026-07-27 00:10:49 - mkk_pika - main.py:45 - INFO - 正在下载:[天空の癒され混浴物語 (ドラゴンクエストV)]-[パンとバタフライ。 (とけーうさぎ)]-[['同人', '短篇', '後宮閃光']]-[total_pages:27]
2026-07-27 00:10:49 - mkk_pika - main.py:49 - INFO - [{'_id': '5c3209bb37a6ca7398004c06', 'title': '第1集', 'order': 1, 'updated_at': '2019-01-06T10:45:50.421Z', 'id': '5c3209bb37a6ca7398004c06'}]
2026-07-27 00:10:49 - mkk_pika - database.py:215 - INFO - 第一次下载该漫画，记录数据库中
2026-07-27 00:10:50 - mkk_pika - main.py:83 - INFO - 找到 27 张图片在:第1集
2026-07-27 00:10:50 - mkk_pika - main.py:112 - INFO - [episode:第1集       ] downloaded:    27, total:  27, progress:100%
2026-07-27 00:10:50 - mkk_pika - database.py:238 - INFO - 数据库更新已下载章节
2026-07-27 00:10:50 - mkk_pika - database.py:244 - INFO - 该漫画已下载章节如下
2026-07-27 00:10:50 - mkk_pika - database.py:245 - INFO - ['第1集']
2026-07-27 00:10:52 - mkk_pika - main.py:348 - INFO - ==================== 漫画信息 ====================
                                   漫画ID：5c3209bb37a6ca7398004c05
                                   标题：天空の癒され混浴物語 (ドラゴンクエストV)
                                   作者：パンとバタフライ。 (とけーうさぎ)
                                   是否完结：是
                                   总页数：27
                                   分类：同人,短篇,後宮閃光
                                   章节数：1
                                   最后更新时间：2019-01-06T13:59:23.470Z
                                   =================================================
2026-07-27 00:10:52 - mkk_pika - database.py:101 - INFO - 保存成功：天空の癒され混浴物語 (ドラゴンクエストV)
2026-07-27 00:10:52 - mkk_pika - main.py:35 - INFO - 开始检查空気男の女体蹂躙ハーレム～存在消失！誰にも知られず犯し放題是否存在未下载章节
2026-07-27 00:10:52 - mkk_pika - main.py:45 - INFO - 正在下载:[空気男の女体蹂躙ハーレム～存在消失！誰にも知られず犯し放題]-[DLメイト]-[['全彩', '短篇', '後宮閃光']]-[total_pages:49]
2026-07-27 00:10:52 - mkk_pika - main.py:49 - INFO - [{'_id': '5c320a85cebde71f6d8e2a7a', 'title': '第1集', 'order': 1, 'updated_at': '2019-01-06T08:59:45.963Z', 'id': '5c320a85cebde71f6d8e2a7a'}]
2026-07-27 00:10:52 - mkk_pika - database.py:215 - INFO - 第一次下载该漫画，记录数据库中
2026-07-27 00:10:53 - mkk_pika - main.py:83 - INFO - 找到 49 张图片在:第1集
2026-07-27 00:10:55 - mkk_pika - main.py:112 - INFO - [episode:第1集       ] downloaded:    49, total:  49, progress:100%
2026-07-27 00:10:55 - mkk_pika - database.py:238 - INFO - 数据库更新已下载章节
2026-07-27 00:10:55 - mkk_pika - database.py:244 - INFO - 该漫画已下载章节如下
2026-07-27 00:10:55 - mkk_pika - database.py:245 - INFO - ['第1集']
2026-07-27 00:10:56 - mkk_pika - main.py:348 - INFO - ==================== 漫画信息 ====================
                                   漫画ID：5c320a85cebde71f6d8e2a79
                                   标题：空気男の女体蹂躙ハーレム～存在消失！誰にも知られず犯し放題
                                   作者：DLメイト
                                   是否完结：否
                                   总页数：49
                                   分类：全彩,短篇,後宮閃光
                                   章节数：1
                                   最后更新时间：2019-01-06T14:02:45.527Z
                                   =================================================
2026-07-27 00:10:56 - mkk_pika - database.py:101 - INFO - 保存成功：空気男の女体蹂躙ハーレム～存在消失！誰にも知られず犯し放題
2026-07-27 00:10:56 - mkk_pika - main.py:35 - INFO - 开始检查シスターブリーディング2 義妹・月宮みらい アオカン調教編 [DL版]是否存在未下载章节
2026-07-27 00:10:57 - mkk_pika - main.py:45 - INFO - 正在下载:[シスターブリーディング2 義妹・月宮みらい アオカン調教編 [DL版]]-[プリーツたいむ (ぬんぬ)]-[['短篇', '妹妹系']]-[total_pages:25]
2026-07-27 00:10:57 - mkk_pika - main.py:49 - INFO - [{'_id': '5c320a9d49be9f13b64c5e71', 'title': '第1集', 'order': 1, 'updated_at': '2019-01-06T13:10:39.349Z', 'id': '5c320a9d49be9f13b64c5e71'}]
2026-07-27 00:10:57 - mkk_pika - database.py:215 - INFO - 第一次下载该漫画，记录数据库中
2026-07-27 00:10:57 - mkk_pika - main.py:83 - INFO - 找到 25 张图片在:第1集
2026-07-27 00:10:58 - mkk_pika - main.py:112 - INFO - [episode:第1集       ] downloaded:    25, total:  25, progress:100%
2026-07-27 00:10:58 - mkk_pika - database.py:238 - INFO - 数据库更新已下载章节
2026-07-27 00:10:58 - mkk_pika - database.py:244 - INFO - 该漫画已下载章节如下
2026-07-27 00:10:58 - mkk_pika - database.py:245 - INFO - ['第1集']
2026-07-27 00:10:59 - mkk_pika - main.py:348 - INFO - ==================== 漫画信息 ====================
                                   漫画ID：5c320a9d49be9f13b64c5e70
                                   标题：シスターブリーディング2 義妹・月宮みらい アオカン調教編 [DL版]
                                   作者：プリーツたいむ (ぬんぬ)
                                   是否完结：是
                                   总页数：25
                                   分类：短篇,妹妹系
                                   章节数：1
                                   最后更新时间：2019-01-06T14:03:09.449Z
                                   =================================================
2026-07-27 00:10:59 - mkk_pika - database.py:101 - INFO - 保存成功：シスターブリーディング2 義妹・月宮みらい アオカン調教編 [DL版]
2026-07-27 00:10:59 - mkk_pika - main.py:35 - INFO - 开始检查妖と艶の方程式是否存在未下载章节
2026-07-27 00:11:00 - mkk_pika - main.py:45 - INFO - 正在下载:[妖と艶の方程式]-[日吉ハナ]-[['短篇', '純愛', '姐姐系']]-[total_pages:32]
2026-07-27 00:11:00 - mkk_pika - main.py:49 - INFO - [{'_id': '5c320ad149be9f13b64c5e8e', 'title': '第1集', 'order': 1, 'updated_at': '2019-01-06T13:13:41.210Z', 'id': '5c320ad149be9f13b64c5e8e'}]
2026-07-27 00:11:00 - mkk_pika - database.py:215 - INFO - 第一次下载该漫画，记录数据库中
2026-07-27 00:11:00 - mkk_pika - main.py:83 - INFO - 找到 32 张图片在:第1集
2026-07-27 00:11:02 - mkk_pika - main.py:112 - INFO - [episode:第1集       ] downloaded:    32, total:  32, progress:100%
2026-07-27 00:11:02 - mkk_pika - database.py:238 - INFO - 数据库更新已下载章节
2026-07-27 00:11:02 - mkk_pika - database.py:244 - INFO - 该漫画已下载章节如下
2026-07-27 00:11:02 - mkk_pika - database.py:245 - INFO - ['第1集']
2026-07-27 00:11:03 - mkk_pika - main.py:348 - INFO - ==================== 漫画信息 ====================
                                   漫画ID：5c320ad149be9f13b64c5e8d
                                   标题：妖と艶の方程式
                                   作者：日吉ハナ
                                   是否完结：是
                                   总页数：32
                                   分类：短篇,純愛,姐姐系
                                   章节数：1
                                   最后更新时间：2019-01-06T14:04:01.094Z
                                   =================================================
2026-07-27 00:11:03 - mkk_pika - database.py:101 - INFO - 保存成功：妖と艶の方程式
2026-07-27 00:11:03 - mkk_pika - main.py:35 - INFO - 开始检查イツワリノケモノ(コミック工グゼ03)是否存在未下载章节
2026-07-27 00:11:03 - mkk_pika - main.py:45 - INFO - 正在下载:[イツワリノケモノ(コミック工グゼ03)]-[日吉ハナ]-[['短篇', '純愛', '足の恋', '姐姐系']]-[total_pages:17]
2026-07-27 00:11:03 - mkk_pika - main.py:49 - INFO - [{'_id': '5c320ae549be9f13b64c5eb2', 'title': '第1集', 'order': 1, 'updated_at': '2019-01-06T13:25:54.064Z', 'id': '5c320ae549be9f13b64c5eb2'}]
2026-07-27 00:11:03 - mkk_pika - database.py:215 - INFO - 第一次下载该漫画，记录数据库中
2026-07-27 00:11:04 - mkk_pika - main.py:83 - INFO - 找到 17 张图片在:第1集
2026-07-27 00:11:04 - mkk_pika - main.py:112 - INFO - [episode:第1集       ] downloaded:    17, total:  17, progress:100%
2026-07-27 00:11:04 - mkk_pika - database.py:238 - INFO - 数据库更新已下载章节
2026-07-27 00:11:04 - mkk_pika - database.py:244 - INFO - 该漫画已下载章节如下
2026-07-27 00:11:04 - mkk_pika - database.py:245 - INFO - ['第1集']
2026-07-27 00:11:06 - mkk_pika - main.py:348 - INFO - ==================== 漫画信息 ====================
                                   漫画ID：5c320ae549be9f13b64c5eb1
                                   标题：イツワリノケモノ(コミック工グゼ03)
                                   作者：日吉ハナ
                                   是否完结：是
                                   总页数：17
                                   分类：短篇,純愛,足の恋,姐姐系
                                   章节数：1
                                   最后更新时间：2019-01-06T14:04:21.737Z
                                   =================================================
2026-07-27 00:11:06 - mkk_pika - database.py:101 - INFO - 保存成功：イツワリノケモノ(コミック工グゼ03)
2026-07-27 00:11:06 - mkk_pika - main.py:35 - INFO - 开始检查楔のケモノ(コミックゼロス#32)是否存在未下载章节
2026-07-27 00:11:06 - mkk_pika - main.py:45 - INFO - 正在下载:[楔のケモノ(コミックゼロス#32)]-[日吉ハナ]-[['短篇', '純愛', '姐姐系']]-[total_pages:39]
2026-07-27 00:11:06 - mkk_pika - main.py:49 - INFO - [{'_id': '5c320afa0f82551376469ba0', 'title': '第1集', 'order': 1, 'updated_at': '2019-01-06T13:37:20.092Z', 'id': '5c320afa0f82551376469ba0'}]
2026-07-27 00:11:06 - mkk_pika - database.py:215 - INFO - 第一次下载该漫画，记录数据库中
2026-07-27 00:11:07 - mkk_pika - main.py:83 - INFO - 找到 39 张图片在:第1集
2026-07-27 00:11:08 - mkk_pika - main.py:112 - INFO - [episode:第1集       ] downloaded:    39, total:  39, progress:100%
2026-07-27 00:11:08 - mkk_pika - database.py:238 - INFO - 数据库更新已下载章节
2026-07-27 00:11:08 - mkk_pika - database.py:244 - INFO - 该漫画已下载章节如下
2026-07-27 00:11:08 - mkk_pika - database.py:245 - INFO - ['第1集']
2026-07-27 00:11:09 - mkk_pika - main.py:348 - INFO - ==================== 漫画信息 ====================
                                   漫画ID：5c320afa0f82551376469b9f
                                   标题：楔のケモノ(コミックゼロス#32)
                                   作者：日吉ハナ
                                   是否完结：是
                                   总页数：39
                                   分类：短篇,純愛,姐姐系
                                   章节数：1
                                   最后更新时间：2019-01-06T14:04:42.683Z
                                   =================================================
2026-07-27 00:11:09 - mkk_pika - database.py:101 - INFO - 保存成功：楔のケモノ(コミックゼロス#32)
2026-07-27 00:11:09 - mkk_pika - main.py:35 - INFO - 开始检查淫魔のレシピ是否存在未下载章节
2026-07-27 00:11:10 - mkk_pika - main.py:45 - INFO - 正在下载:[淫魔のレシピ]-[毛玉牛乳 (玉之けだま)]-[['短篇']]-[total_pages:18]
2026-07-27 00:11:10 - mkk_pika - main.py:49 - INFO - [{'_id': '5c321f44cebde71f6d8e2b29', 'title': '第1集', 'order': 1, 'updated_at': '2019-01-06T14:34:31.059Z', 'id': '5c321f44cebde71f6d8e2b29'}]
2026-07-27 00:11:10 - mkk_pika - database.py:215 - INFO - 第一次下载该漫画，记录数据库中
2026-07-27 00:11:10 - mkk_pika - main.py:83 - INFO - 找到 18 张图片在:第1集
2026-07-27 00:11:11 - mkk_pika - main.py:112 - INFO - [episode:第1集       ] downloaded:    18, total:  18, progress:100%
2026-07-27 00:11:11 - mkk_pika - database.py:238 - INFO - 数据库更新已下载章节
2026-07-27 00:11:11 - mkk_pika - database.py:244 - INFO - 该漫画已下载章节如下
2026-07-27 00:11:11 - mkk_pika - database.py:245 - INFO - ['第1集']
2026-07-27 00:11:12 - mkk_pika - main.py:348 - INFO - ==================== 漫画信息 ====================
                                   漫画ID：5c321f44cebde71f6d8e2b28
                                   标题：淫魔のレシピ
                                   作者：毛玉牛乳 (玉之けだま)
                                   是否完结：否
                                   总页数：18
                                   分类：短篇
                                   章节数：1
                                   最后更新时间：2019-01-06T15:31:16.352Z
                                   =================================================
2026-07-27 00:11:12 - mkk_pika - database.py:101 - INFO - 保存成功：淫魔のレシピ
2026-07-27 00:11:12 - mkk_pika - main.py:35 - INFO - 开始检查(C95)無課金司令に指輪を買わせる最後の方法4 (アズールレーン)是否存在未下载章节
2026-07-27 00:11:13 - mkk_pika - main.py:45 - INFO - 正在下载:[(C95)無課金司令に指輪を買わせる最後の方法4 (アズールレーン)]-[Armadillo (練慈)]-[['短篇', '同人', '純愛']]-[total_pages:12]
2026-07-27 00:11:13 - mkk_pika - main.py:49 - INFO - [{'_id': '5c3342f649be9f13b64c65c4', 'title': '第1集', 'order': 1, 'updated_at': '2019-01-06T14:07:35.527Z', 'id': '5c3342f649be9f13b64c65c4'}]
2026-07-27 00:11:13 - mkk_pika - database.py:215 - INFO - 第一次下载该漫画，记录数据库中
2026-07-27 00:11:13 - mkk_pika - main.py:83 - INFO - 找到 12 张图片在:第1集
2026-07-27 00:11:14 - mkk_pika - main.py:112 - INFO - [episode:第1集       ] downloaded:    12, total:  12, progress:100%
2026-07-27 00:11:14 - mkk_pika - database.py:238 - INFO - 数据库更新已下载章节
2026-07-27 00:11:14 - mkk_pika - database.py:244 - INFO - 该漫画已下载章节如下
2026-07-27 00:11:14 - mkk_pika - database.py:245 - INFO - ['第1集']
2026-07-27 00:11:15 - mkk_pika - main.py:348 - INFO - ==================== 漫画信息 ====================
                                   漫画ID：5c3342f649be9f13b64c65c3
                                   标题：(C95)無課金司令に指輪を買わせる最後の方法4 (アズールレーン)
                                   作者：Armadillo (練慈)
                                   是否完结：是
                                   总页数：12
                                   分类：短篇,同人,純愛
                                   章节数：1
                                   最后更新时间：2019-01-07T12:15:50.503Z
                                   =================================================
2026-07-27 00:11:15 - mkk_pika - database.py:101 - INFO - 保存成功：(C95)無課金司令に指輪を買わせる最後の方法4 (アズールレーン)
2026-07-27 00:11:15 - mkk_pika - main.py:35 - INFO - 开始检查前置きは要らぬ妾と遊べ (グランブルーファンタジー)是否存在未下载章节
2026-07-27 00:11:16 - mkk_pika - main.py:45 - INFO - 正在下载:[前置きは要らぬ妾と遊べ (グランブルーファンタジー)]-[MMU2000 (みしまひろじ)]-[['同人', '短篇', '碧藍幻想']]-[total_pages:20]
2026-07-27 00:11:16 - mkk_pika - main.py:49 - INFO - [{'_id': '5c334353418dff4560bbcf2e', 'title': '第1集', 'order': 1, 'updated_at': '2019-01-06T17:16:08.037Z', 'id': '5c334353418dff4560bbcf2e'}]
2026-07-27 00:11:16 - mkk_pika - database.py:215 - INFO - 第一次下载该漫画，记录数据库中
2026-07-27 00:11:16 - mkk_pika - main.py:83 - INFO - 找到 20 张图片在:第1集
2026-07-27 00:11:17 - mkk_pika - main.py:112 - INFO - [episode:第1集       ] downloaded:    20, total:  20, progress:100%
2026-07-27 00:11:17 - mkk_pika - database.py:238 - INFO - 数据库更新已下载章节
2026-07-27 00:11:17 - mkk_pika - database.py:244 - INFO - 该漫画已下载章节如下
2026-07-27 00:11:17 - mkk_pika - database.py:245 - INFO - ['第1集']
2026-07-27 00:11:18 - mkk_pika - main.py:348 - INFO - ==================== 漫画信息 ====================
                                   漫画ID：5c334352418dff4560bbcf2d
                                   标题：前置きは要らぬ妾と遊べ (グランブルーファンタジー)
                                   作者：MMU2000 (みしまひろじ)
                                   是否完结：是
                                   总页数：20
                                   分类：同人,短篇,碧藍幻想
                                   章节数：1
                                   最后更新时间：2019-01-07T12:17:22.998Z
                                   =================================================
2026-07-27 00:11:18 - mkk_pika - database.py:101 - INFO - 保存成功：前置きは要らぬ妾と遊べ (グランブルーファンタジー)
2026-07-27 00:11:18 - mkk_pika - main.py:35 - INFO - 开始检查Manga Sick (Fate/Grand Order)是否存在未下载章节
2026-07-27 00:11:18 - mkk_pika - main.py:45 - INFO - 正在下载:[Manga Sick (Fate/Grand Order)]-[そらそれ (じゃが山たらヲ)]-[['同人', '短篇', 'Fate', '後宮閃光']]-[total_pages:28]
2026-07-27 00:11:18 - mkk_pika - main.py:49 - INFO - [{'_id': '5c334376ea8bf973be7b78ac', 'title': '第1集', 'order': 1, 'updated_at': '2019-01-06T17:21:20.414Z', 'id': '5c334376ea8bf973be7b78ac'}]
2026-07-27 00:11:18 - mkk_pika - database.py:215 - INFO - 第一次下载该漫画，记录数据库中
2026-07-27 00:11:19 - mkk_pika - main.py:83 - INFO - 找到 28 张图片在:第1集
2026-07-27 00:11:20 - mkk_pika - main.py:112 - INFO - [episode:第1集       ] downloaded:    28, total:  28, progress:100%
2026-07-27 00:11:20 - mkk_pika - database.py:238 - INFO - 数据库更新已下载章节
2026-07-27 00:11:20 - mkk_pika - database.py:244 - INFO - 该漫画已下载章节如下
2026-07-27 00:11:20 - mkk_pika - database.py:245 - INFO - ['第1集']
2026-07-27 00:11:21 - mkk_pika - main.py:348 - INFO - ==================== 漫画信息 ====================
                                   漫画ID：5c334376ea8bf973be7b78ab
                                   标题：Manga Sick (Fate/Grand Order)
                                   作者：そらそれ (じゃが山たらヲ)
                                   是否完结：是
                                   总页数：28
                                   分类：同人,短篇,Fate,後宮閃光
                                   章节数：1
                                   最后更新时间：2019-01-07T12:17:58.806Z
                                   =================================================
2026-07-27 00:11:21 - mkk_pika - database.py:101 - INFO - 保存成功：Manga Sick (Fate/Grand Order)
2026-07-27 00:11:21 - mkk_pika - main.py:35 - INFO - 开始检查学園バスタイム (アズールレーン)是否存在未下载章节
2026-07-27 00:11:22 - mkk_pika - main.py:45 - INFO - 正在下载:[学園バスタイム (アズールレーン)]-[テングコテング (コテング)]-[['同人', '短篇']]-[total_pages:20]
2026-07-27 00:11:22 - mkk_pika - main.py:49 - INFO - [{'_id': '5c33438b62be1445a4a5d5b3', 'title': '第1集', 'order': 1, 'updated_at': '2019-01-06T17:26:37.069Z', 'id': '5c33438b62be1445a4a5d5b3'}]
2026-07-27 00:11:22 - mkk_pika - database.py:215 - INFO - 第一次下载该漫画，记录数据库中
2026-07-27 00:11:22 - mkk_pika - main.py:83 - INFO - 找到 20 张图片在:第1集
2026-07-27 00:11:23 - mkk_pika - main.py:112 - INFO - [episode:第1集       ] downloaded:    20, total:  20, progress:100%
2026-07-27 00:11:23 - mkk_pika - database.py:238 - INFO - 数据库更新已下载章节
2026-07-27 00:11:23 - mkk_pika - database.py:244 - INFO - 该漫画已下载章节如下
2026-07-27 00:11:23 - mkk_pika - database.py:245 - INFO - ['第1集']
2026-07-27 00:11:24 - mkk_pika - main.py:348 - INFO - ==================== 漫画信息 ====================
                                   漫画ID：5c33438b62be1445a4a5d5b2
                                   标题：学園バスタイム (アズールレーン)
                                   作者：テングコテング (コテング)
                                   是否完结：是
                                   总页数：20
                                   分类：同人,短篇
                                   章节数：1
                                   最后更新时间：2019-01-07T12:18:19.331Z
                                   =================================================
2026-07-27 00:11:24 - mkk_pika - database.py:101 - INFO - 保存成功：学園バスタイム (アズールレーン)
2026-07-27 00:11:24 - mkk_pika - main.py:35 - INFO - 开始检查ママを眠らせて是否存在未下载章节
2026-07-27 00:11:25 - mkk_pika - main.py:45 - INFO - 正在下载:[ママを眠らせて]-[虚川財団 (虚川二次子)]-[['全彩', '短篇', '人妻']]-[total_pages:25]
2026-07-27 00:11:25 - mkk_pika - main.py:49 - INFO - [{'_id': '5c33439b49be9f13b64c65d4', 'title': '第1集', 'order': 1, 'updated_at': '2019-01-06T17:32:06.021Z', 'id': '5c33439b49be9f13b64c65d4'}]
2026-07-27 00:11:25 - mkk_pika - database.py:215 - INFO - 第一次下载该漫画，记录数据库中
2026-07-27 00:11:25 - mkk_pika - main.py:83 - INFO - 找到 25 张图片在:第1集
2026-07-27 00:11:26 - mkk_pika - main.py:112 - INFO - [episode:第1集       ] downloaded:    25, total:  25, progress:100%
2026-07-27 00:11:26 - mkk_pika - database.py:238 - INFO - 数据库更新已下载章节
2026-07-27 00:11:26 - mkk_pika - database.py:244 - INFO - 该漫画已下载章节如下
2026-07-27 00:11:26 - mkk_pika - database.py:245 - INFO - ['第1集']
2026-07-27 00:11:27 - mkk_pika - main.py:348 - INFO - ==================== 漫画信息 ====================
                                   漫画ID：5c33439b49be9f13b64c65d3
                                   标题：ママを眠らせて
                                   作者：虚川財団 (虚川二次子)
                                   是否完结：是
                                   总页数：25
                                   分类：全彩,短篇,人妻
                                   章节数：1
                                   最后更新时间：2019-01-07T12:18:35.936Z
                                   =================================================
2026-07-27 00:11:27 - mkk_pika - database.py:101 - INFO - 保存成功：ママを眠らせて
2026-07-27 00:11:27 - mkk_pika - main.py:35 - INFO - 开始检查(C95) 弟の娘 2 是否存在未下载章节
2026-07-27 00:11:28 - mkk_pika - main.py:45 - INFO - 正在下载:[(C95) 弟の娘 2 ]-[666PROTECT (甚六)]-[['短篇']]-[total_pages:31]
2026-07-27 00:11:28 - mkk_pika - main.py:49 - INFO - [{'_id': '5c3343eb37177d137e8876e4', 'title': '第1集', 'order': 1, 'updated_at': '2019-01-07T00:23:00.552Z', 'id': '5c3343eb37177d137e8876e4'}]
2026-07-27 00:11:28 - mkk_pika - database.py:215 - INFO - 第一次下载该漫画，记录数据库中
2026-07-27 00:11:29 - mkk_pika - main.py:83 - INFO - 找到 31 张图片在:第1集
2026-07-27 00:11:30 - mkk_pika - main.py:112 - INFO - [episode:第1集       ] downloaded:    31, total:  31, progress:100%
2026-07-27 00:11:30 - mkk_pika - database.py:238 - INFO - 数据库更新已下载章节
2026-07-27 00:11:30 - mkk_pika - database.py:244 - INFO - 该漫画已下载章节如下
2026-07-27 00:11:30 - mkk_pika - database.py:245 - INFO - ['第1集']
2026-07-27 00:11:31 - mkk_pika - main.py:348 - INFO - ==================== 漫画信息 ====================
                                   漫画ID：5c3343eb37177d137e8876e3
                                   标题：(C95) 弟の娘 2 
                                   作者：666PROTECT (甚六)
                                   是否完结：是
                                   总页数：31
                                   分类：短篇
                                   章节数：1
                                   最后更新时间：2019-01-07T12:19:55.017Z
                                   =================================================
2026-07-27 00:11:31 - mkk_pika - database.py:101 - INFO - 保存成功：(C95) 弟の娘 2 
2026-07-27 00:11:31 - mkk_pika - main.py:35 - INFO - 开始检查(C95) ×××に敗北した決闘者 (遊☆戯☆王デュエルモンスターズGX) 是否存在未下载章节
2026-07-27 00:11:31 - mkk_pika - main.py:45 - INFO - 正在下载:[(C95) ×××に敗北した決闘者 (遊☆戯☆王デュエルモンスターズGX) ]-[フニフニラボ (たまごろー)]-[['短篇', '同人']]-[total_pages:27]
2026-07-27 00:11:31 - mkk_pika - main.py:49 - INFO - [{'_id': '5c334424418dff4560bbcf44', 'title': '第1集', 'order': 1, 'updated_at': '2019-01-07T00:28:29.887Z', 'id': '5c334424418dff4560bbcf44'}]
2026-07-27 00:11:31 - mkk_pika - database.py:215 - INFO - 第一次下载该漫画，记录数据库中
2026-07-27 00:11:32 - mkk_pika - main.py:83 - INFO - 找到 27 张图片在:第1集
2026-07-27 00:11:33 - mkk_pika - main.py:112 - INFO - [episode:第1集       ] downloaded:    27, total:  27, progress:100%
2026-07-27 00:11:33 - mkk_pika - database.py:238 - INFO - 数据库更新已下载章节
2026-07-27 00:11:33 - mkk_pika - database.py:244 - INFO - 该漫画已下载章节如下
2026-07-27 00:11:33 - mkk_pika - database.py:245 - INFO - ['第1集']
2026-07-27 00:11:34 - mkk_pika - main.py:348 - INFO - ==================== 漫画信息 ====================
                                   漫画ID：5c334424418dff4560bbcf43
                                   标题：(C95) ×××に敗北した決闘者 (遊☆戯☆王デュエルモンスターズGX) 
                                   作者：フニフニラボ (たまごろー)
                                   是否完结：是
                                   总页数：27
                                   分类：短篇,同人
                                   章节数：1
                                   最后更新时间：2019-01-07T12:20:52.333Z
                                   =================================================
2026-07-27 00:11:34 - mkk_pika - database.py:101 - INFO - 保存成功：(C95) ×××に敗北した決闘者 (遊☆戯☆王デュエルモンスターズGX) 
2026-07-27 00:11:34 - mkk_pika - main.py:35 - INFO - 开始检查(C95) Holy Night Jeanne Alter (Fate/Grand Order)是否存在未下载章节
2026-07-27 00:11:35 - mkk_pika - main.py:45 - INFO - 正在下载:[(C95) Holy Night Jeanne Alter (Fate/Grand Order)]-[関西漁業協同組合 (丸新)]-[['同人', '短篇', '全彩', 'Fate']]-[total_pages:18]
2026-07-27 00:11:35 - mkk_pika - main.py:49 - INFO - [{'_id': '5c33443e62be1445a4a5d5e7', 'title': '第1集', 'order': 1, 'updated_at': '2019-01-07T00:30:59.268Z', 'id': '5c33443e62be1445a4a5d5e7'}]
2026-07-27 00:11:35 - mkk_pika - database.py:215 - INFO - 第一次下载该漫画，记录数据库中
2026-07-27 00:11:35 - mkk_pika - main.py:83 - INFO - 找到 18 张图片在:第1集
2026-07-27 00:11:36 - mkk_pika - main.py:112 - INFO - [episode:第1集       ] downloaded:    18, total:  18, progress:100%
2026-07-27 00:11:36 - mkk_pika - database.py:238 - INFO - 数据库更新已下载章节
2026-07-27 00:11:36 - mkk_pika - database.py:244 - INFO - 该漫画已下载章节如下
2026-07-27 00:11:36 - mkk_pika - database.py:245 - INFO - ['第1集']
2026-07-27 00:11:37 - mkk_pika - main.py:348 - INFO - ==================== 漫画信息 ====================
                                   漫画ID：5c33443e62be1445a4a5d5e6
                                   标题：(C95) Holy Night Jeanne Alter (Fate/Grand Order)
                                   作者：関西漁業協同組合 (丸新)
                                   是否完结：是
                                   总页数：18
                                   分类：同人,短篇,全彩,Fate
                                   章节数：1
                                   最后更新时间：2019-01-07T12:21:18.555Z
                                   =================================================
2026-07-27 00:11:37 - mkk_pika - database.py:101 - INFO - 保存成功：(C95) Holy Night Jeanne Alter (Fate/Grand Order)
2026-07-27 00:11:37 - mkk_pika - main.py:35 - INFO - 开始检查(C95) 時雨チェンジドレス (艦隊これくしょん -艦これ-)是否存在未下载章节
2026-07-27 00:11:37 - mkk_pika - main.py:45 - INFO - 正在下载:[(C95) 時雨チェンジドレス (艦隊これくしょん -艦これ-)]-[あまくち少女 (うまくち醤油)]-[['同人', '短篇', '艦隊收藏']]-[total_pages:24]
2026-07-27 00:11:37 - mkk_pika - main.py:49 - INFO - [{'_id': '5c334450529ed24568c6e9fb', 'title': '第1集', 'order': 1, 'updated_at': '2019-01-07T00:34:07.942Z', 'id': '5c334450529ed24568c6e9fb'}]
2026-07-27 00:11:37 - mkk_pika - database.py:215 - INFO - 第一次下载该漫画，记录数据库中
2026-07-27 00:11:38 - mkk_pika - main.py:83 - INFO - 找到 24 张图片在:第1集
2026-07-27 00:11:39 - mkk_pika - main.py:112 - INFO - [episode:第1集       ] downloaded:    24, total:  24, progress:100%
2026-07-27 00:11:39 - mkk_pika - database.py:238 - INFO - 数据库更新已下载章节
2026-07-27 00:11:39 - mkk_pika - database.py:244 - INFO - 该漫画已下载章节如下
2026-07-27 00:11:39 - mkk_pika - database.py:245 - INFO - ['第1集']
2026-07-27 00:11:40 - mkk_pika - main.py:348 - INFO - ==================== 漫画信息 ====================
                                   漫画ID：5c334450529ed24568c6e9fa
                                   标题：(C95) 時雨チェンジドレス (艦隊これくしょん -艦これ-)
                                   作者：あまくち少女 (うまくち醤油)
                                   是否完结：是
                                   总页数：24
                                   分类：同人,短篇,艦隊收藏
                                   章节数：1
                                   最后更新时间：2019-01-07T12:21:36.895Z
                                   =================================================
2026-07-27 00:11:40 - mkk_pika - database.py:101 - INFO - 保存成功：(C95) 時雨チェンジドレス (艦隊これくしょん -艦これ-)
2026-07-27 00:11:40 - mkk_pika - main.py:35 - INFO - 开始检查(C95) ビビビの尾結合 (ゲゲゲの鬼太郎)是否存在未下载章节
2026-07-27 00:11:41 - mkk_pika - main.py:45 - INFO - 正在下载:[(C95) ビビビの尾結合 (ゲゲゲの鬼太郎)]-[ゲルピン (水無月十三)]-[['同人', '短篇', '扶他樂園']]-[total_pages:27]
2026-07-27 00:11:41 - mkk_pika - main.py:49 - INFO - [{'_id': '5c334479529ed24568c6eaa1', 'title': '第1集', 'order': 1, 'updated_at': '2019-01-07T00:38:54.335Z', 'id': '5c334479529ed24568c6eaa1'}]
2026-07-27 00:11:41 - mkk_pika - database.py:215 - INFO - 第一次下载该漫画，记录数据库中
2026-07-27 00:11:41 - mkk_pika - main.py:83 - INFO - 找到 27 张图片在:第1集
2026-07-27 00:11:42 - mkk_pika - main.py:112 - INFO - [episode:第1集       ] downloaded:    27, total:  27, progress:100%
2026-07-27 00:11:42 - mkk_pika - database.py:238 - INFO - 数据库更新已下载章节
2026-07-27 00:11:42 - mkk_pika - database.py:244 - INFO - 该漫画已下载章节如下
2026-07-27 00:11:42 - mkk_pika - database.py:245 - INFO - ['第1集']
2026-07-27 00:11:44 - mkk_pika - main.py:348 - INFO - ==================== 漫画信息 ====================
                                   漫画ID：5c334479529ed24568c6eaa0
                                   标题：(C95) ビビビの尾結合 (ゲゲゲの鬼太郎)
                                   作者：ゲルピン (水無月十三)
                                   是否完结：是
                                   总页数：27
                                   分类：同人,短篇,扶他樂園
                                   章节数：1
                                   最后更新时间：2019-01-07T12:22:17.343Z
                                   =================================================
2026-07-27 00:11:44 - mkk_pika - database.py:101 - INFO - 保存成功：(C95) ビビビの尾結合 (ゲゲゲの鬼太郎)
2026-07-27 00:11:44 - mkk_pika - main.py:35 - INFO - 开始检查(C94) マシュ・ホーニー・マシュ (Fate/Grand Order) 是否存在未下载章节
2026-07-27 00:11:44 - mkk_pika - main.py:45 - INFO - 正在下载:[(C94) マシュ・ホーニー・マシュ (Fate/Grand Order) ]-[あまくち少女 (うまくち醤油)]-[['同人', '短篇', 'Fate']]-[total_pages:23]
2026-07-27 00:11:44 - mkk_pika - main.py:49 - INFO - [{'_id': '5c33452faa113313a98bb065', 'title': '第1集', 'order': 1, 'updated_at': '2019-01-07T00:41:54.968Z', 'id': '5c33452faa113313a98bb065'}]
2026-07-27 00:11:44 - mkk_pika - database.py:215 - INFO - 第一次下载该漫画，记录数据库中
2026-07-27 00:11:44 - mkk_pika - main.py:83 - INFO - 找到 23 张图片在:第1集
2026-07-27 00:11:45 - mkk_pika - main.py:112 - INFO - [episode:第1集       ] downloaded:    23, total:  23, progress:100%
2026-07-27 00:11:45 - mkk_pika - database.py:238 - INFO - 数据库更新已下载章节
2026-07-27 00:11:45 - mkk_pika - database.py:244 - INFO - 该漫画已下载章节如下
2026-07-27 00:11:45 - mkk_pika - database.py:245 - INFO - ['第1集']
2026-07-27 00:11:47 - mkk_pika - main.py:348 - INFO - ==================== 漫画信息 ====================
                                   漫画ID：5c33452faa113313a98bb064
                                   标题：(C94) マシュ・ホーニー・マシュ (Fate/Grand Order) 
                                   作者：あまくち少女 (うまくち醤油)
                                   是否完结：是
                                   总页数：23
                                   分类：同人,短篇,Fate
                                   章节数：1
                                   最后更新时间：2019-01-07T12:25:19.546Z
                                   =================================================
2026-07-27 00:11:47 - mkk_pika - database.py:101 - INFO - 保存成功：(C94) マシュ・ホーニー・マシュ (Fate/Grand Order) 
2026-07-27 00:11:47 - mkk_pika - main.py:35 - INFO - 开始检查スカディ様は愛がほしい是否存在未下载章节
2026-07-27 00:11:47 - mkk_pika - main.py:45 - INFO - 正在下载:[スカディ様は愛がほしい]-[ちうさんキングダム (かざみちう)]-[['短篇', '同人', 'Fate']]-[total_pages:51]
2026-07-27 00:11:47 - mkk_pika - main.py:49 - INFO - [{'_id': '5c3209dc38c0f873bf87b0f4', 'title': '第1集', 'order': 1, 'updated_at': '2019-01-06T11:01:19.620Z', 'id': '5c3209dc38c0f873bf87b0f4'}, {'_id': '5c33453c38c0f873bf87b45f', 'title': '汉化', 'order': 2, 'updated_at': '2019-01-07T01:09:54.885Z', 'id': '5c33453c38c0f873bf87b45f'}]
2026-07-27 00:11:47 - mkk_pika - database.py:215 - INFO - 第一次下载该漫画，记录数据库中
2026-07-27 00:11:48 - mkk_pika - main.py:83 - INFO - 找到 25 张图片在:第1集
2026-07-27 00:11:49 - mkk_pika - main.py:112 - INFO - [episode:第1集       ] downloaded:    25, total:  25, progress:100%
2026-07-27 00:11:49 - mkk_pika - database.py:238 - INFO - 数据库更新已下载章节
2026-07-27 00:11:49 - mkk_pika - database.py:244 - INFO - 该漫画已下载章节如下
2026-07-27 00:11:49 - mkk_pika - database.py:245 - INFO - ['第1集']
2026-07-27 00:11:51 - mkk_pika - main.py:83 - INFO - 找到 26 张图片在:汉化
2026-07-27 00:11:52 - mkk_pika - main.py:112 - INFO - [episode:汉化        ] downloaded:    26, total:  26, progress:100%
2026-07-27 00:11:52 - mkk_pika - database.py:238 - INFO - 数据库更新已下载章节
2026-07-27 00:11:52 - mkk_pika - database.py:244 - INFO - 该漫画已下载章节如下
2026-07-27 00:11:52 - mkk_pika - database.py:245 - INFO - ['第1集', '汉化']
2026-07-27 00:11:53 - mkk_pika - main.py:348 - INFO - ==================== 漫画信息 ====================
                                   漫画ID：5c3209dc38c0f873bf87b0f3
                                   标题：スカディ様は愛がほしい
                                   作者：ちうさんキングダム (かざみちう)
                                   是否完结：是
                                   总页数：51
                                   分类：短篇,同人,Fate
                                   章节数：2
                                   最后更新时间：2019-01-07T12:25:32.577Z
                                   =================================================
2026-07-27 00:11:53 - mkk_pika - database.py:101 - INFO - 保存成功：スカディ様は愛がほしい
2026-07-27 00:11:53 - mkk_pika - main.py:35 - INFO - 开始检查 足奴隷になった男子陸上部是否存在未下载章节
2026-07-27 00:11:53 - mkk_pika - main.py:45 - INFO - 正在下载:[ 足奴隷になった男子陸上部]-[アトリエマゾ (doskoinpo)]-[['短篇', '全彩', 'SM', '足の恋']]-[total_pages:30]
2026-07-27 00:11:53 - mkk_pika - main.py:49 - INFO - [{'_id': '5c33456437a6ca7398004fb6', 'title': '第1集', 'order': 1, 'updated_at': '2019-01-07T02:04:49.514Z', 'id': '5c33456437a6ca7398004fb6'}]
2026-07-27 00:11:53 - mkk_pika - database.py:215 - INFO - 第一次下载该漫画，记录数据库中
2026-07-27 00:11:54 - mkk_pika - main.py:83 - INFO - 找到 30 张图片在:第1集
2026-07-27 00:11:55 - mkk_pika - main.py:112 - INFO - [episode:第1集       ] downloaded:    30, total:  30, progress:100%
2026-07-27 00:11:55 - mkk_pika - database.py:238 - INFO - 数据库更新已下载章节
2026-07-27 00:11:55 - mkk_pika - database.py:244 - INFO - 该漫画已下载章节如下
2026-07-27 00:11:55 - mkk_pika - database.py:245 - INFO - ['第1集']
2026-07-27 00:11:56 - mkk_pika - main.py:348 - INFO - ==================== 漫画信息 ====================
                                   漫画ID：5c33456437a6ca7398004fb5
                                   标题： 足奴隷になった男子陸上部
                                   作者：アトリエマゾ (doskoinpo)
                                   是否完结：是
                                   总页数：30
                                   分类：短篇,全彩,SM,足の恋
                                   章节数：1
                                   最后更新时间：2019-01-07T12:26:12.126Z
                                   =================================================
2026-07-27 00:11:56 - mkk_pika - database.py:101 - INFO - 保存成功： 足奴隷になった男子陸上部
2026-07-27 00:11:56 - mkk_pika - main.py:35 - INFO - 开始检查パパの弱点み～つけた♪是否存在未下载章节
2026-07-27 00:11:56 - mkk_pika - main.py:45 - INFO - 正在下载:[パパの弱点み～つけた♪]-[アトリエマゾ (doskoinpo)]-[['短篇', 'SM', '足の恋']]-[total_pages:29]
2026-07-27 00:11:56 - mkk_pika - main.py:49 - INFO - [{'_id': '5c33457e38c0f873bf87b47b', 'title': '第1集', 'order': 1, 'updated_at': '2019-01-07T02:19:59.712Z', 'id': '5c33457e38c0f873bf87b47b'}]
2026-07-27 00:11:56 - mkk_pika - database.py:215 - INFO - 第一次下载该漫画，记录数据库中
2026-07-27 00:11:57 - mkk_pika - main.py:83 - INFO - 找到 29 张图片在:第1集
2026-07-27 00:11:58 - mkk_pika - main.py:112 - INFO - [episode:第1集       ] downloaded:    29, total:  29, progress:100%
2026-07-27 00:11:58 - mkk_pika - database.py:238 - INFO - 数据库更新已下载章节
2026-07-27 00:11:58 - mkk_pika - database.py:244 - INFO - 该漫画已下载章节如下
2026-07-27 00:11:58 - mkk_pika - database.py:245 - INFO - ['第1集']
2026-07-27 00:11:59 - mkk_pika - main.py:348 - INFO - ==================== 漫画信息 ====================
                                   漫画ID：5c33457e38c0f873bf87b47a
                                   标题：パパの弱点み～つけた♪
                                   作者：アトリエマゾ (doskoinpo)
                                   是否完结：是
                                   总页数：29
                                   分类：短篇,SM,足の恋
                                   章节数：1
                                   最后更新时间：2019-01-07T12:26:38.027Z
                                   =================================================
2026-07-27 00:11:59 - mkk_pika - database.py:101 - INFO - 保存成功：パパの弱点み～つけた♪
2026-07-27 00:11:59 - mkk_pika - main.py:35 - INFO - 开始检查透视女子游泳部是否存在未下载章节
2026-07-27 00:12:00 - mkk_pika - main.py:45 - INFO - 正在下载:[透视女子游泳部]-[污君]-[['長篇', '全彩']]-[total_pages:131]
2026-07-27 00:12:00 - mkk_pika - main.py:49 - INFO - [{'_id': '5c33459a1edbd91f425766d3', 'title': '第1集', 'order': 1, 'updated_at': '2018-12-29T10:46:12.582Z', 'id': '5c33459a1edbd91f425766d3'}]
2026-07-27 00:12:00 - mkk_pika - database.py:215 - INFO - 第一次下载该漫画，记录数据库中
2026-07-27 00:12:01 - mkk_pika - main.py:83 - INFO - 找到 131 张图片在:第1集
2026-07-27 00:12:06 - mkk_pika - main.py:112 - INFO - [episode:第1集       ] downloaded:   131, total: 131, progress:100%
2026-07-27 00:12:06 - mkk_pika - database.py:238 - INFO - 数据库更新已下载章节
2026-07-27 00:12:06 - mkk_pika - database.py:244 - INFO - 该漫画已下载章节如下
2026-07-27 00:12:06 - mkk_pika - database.py:245 - INFO - ['第1集']
2026-07-27 00:12:07 - mkk_pika - main.py:348 - INFO - ==================== 漫画信息 ====================
                                   漫画ID：5c33459a1edbd91f425766d2
                                   标题：透视女子游泳部
                                   作者：污君
                                   是否完结：是
                                   总页数：131
                                   分类：長篇,全彩
                                   章节数：1
                                   最后更新时间：2019-01-07T12:27:06.270Z
                                   =================================================
2026-07-27 00:12:07 - mkk_pika - database.py:101 - INFO - 保存成功：透视女子游泳部
2026-07-27 00:12:07 - mkk_pika - main.py:35 - INFO - 开始检查(C95) LipSync vol.4 Loveless, cuteness (アイドルマスター シンデレラガールズ)是否存在未下载章节
2026-07-27 00:12:07 - mkk_pika - main.py:45 - INFO - 正在下载:[(C95) LipSync vol.4 Loveless, cuteness (アイドルマスター シンデレラガールズ)]-[DogStyle (メネア・ザ・ドッグ)]-[['同人', '短篇']]-[total_pages:28]
2026-07-27 00:12:07 - mkk_pika - main.py:49 - INFO - [{'_id': '5c3345d237a6ca7398004fd8', 'title': '第1集', 'order': 1, 'updated_at': '2019-01-07T03:31:32.921Z', 'id': '5c3345d237a6ca7398004fd8'}]
2026-07-27 00:12:07 - mkk_pika - database.py:215 - INFO - 第一次下载该漫画，记录数据库中
2026-07-27 00:12:08 - mkk_pika - main.py:83 - INFO - 找到 28 张图片在:第1集
2026-07-27 00:12:09 - mkk_pika - main.py:112 - INFO - [episode:第1集       ] downloaded:    28, total:  28, progress:100%
2026-07-27 00:12:09 - mkk_pika - database.py:238 - INFO - 数据库更新已下载章节
2026-07-27 00:12:09 - mkk_pika - database.py:244 - INFO - 该漫画已下载章节如下
2026-07-27 00:12:09 - mkk_pika - database.py:245 - INFO - ['第1集']
2026-07-27 00:12:11 - mkk_pika - main.py:348 - INFO - ==================== 漫画信息 ====================
                                   漫画ID：5c3345d237a6ca7398004fd7
                                   标题：(C95) LipSync vol.4 Loveless, cuteness (アイドルマスター シンデレラガールズ)
                                   作者：DogStyle (メネア・ザ・ドッグ)
                                   是否完结：是
                                   总页数：28
                                   分类：同人,短篇
                                   章节数：1
                                   最后更新时间：2019-01-07T12:28:02.449Z
                                   =================================================
2026-07-27 00:12:11 - mkk_pika - database.py:101 - INFO - 保存成功：(C95) LipSync vol.4 Loveless, cuteness (アイドルマスター シンデレラガールズ)
2026-07-27 00:12:11 - mkk_pika - main.py:35 - INFO - 开始检查 （C95）黒井さんは僕のストーカー是否存在未下载章节
2026-07-27 00:12:11 - mkk_pika - main.py:45 - INFO - 正在下载:[ （C95）黒井さんは僕のストーカー]-[しとろんの杜 (柚子奈ひよ)]-[['短篇', '純愛', '同人']]-[total_pages:26]
2026-07-27 00:12:11 - mkk_pika - main.py:49 - INFO - [{'_id': '5c3345f738c0f873bf87b4b6', 'title': '第1集', 'order': 1, 'updated_at': '2019-01-07T03:55:03.920Z', 'id': '5c3345f738c0f873bf87b4b6'}]
2026-07-27 00:12:11 - mkk_pika - database.py:215 - INFO - 第一次下载该漫画，记录数据库中
2026-07-27 00:12:12 - mkk_pika - main.py:83 - INFO - 找到 26 张图片在:第1集
2026-07-27 00:12:13 - mkk_pika - main.py:112 - INFO - [episode:第1集       ] downloaded:    26, total:  26, progress:100%
2026-07-27 00:12:13 - mkk_pika - database.py:238 - INFO - 数据库更新已下载章节
2026-07-27 00:12:13 - mkk_pika - database.py:244 - INFO - 该漫画已下载章节如下
2026-07-27 00:12:13 - mkk_pika - database.py:245 - INFO - ['第1集']
2026-07-27 00:12:14 - mkk_pika - main.py:348 - INFO - ==================== 漫画信息 ====================
                                   漫画ID：5c3345f738c0f873bf87b4b5
                                   标题： （C95）黒井さんは僕のストーカー
                                   作者：しとろんの杜 (柚子奈ひよ)
                                   是否完结：是
                                   总页数：26
                                   分类：短篇,純愛,同人
                                   章节数：1
                                   最后更新时间：2019-01-07T12:28:39.611Z
                                   =================================================
2026-07-27 00:12:14 - mkk_pika - database.py:101 - INFO - 保存成功： （C95）黒井さんは僕のストーカー
2026-07-27 00:12:14 - mkk_pika - main.py:35 - INFO - 开始检查時津風と一緒に。 五 (艦隊これくしょん -艦これ-)是否存在未下载章节
2026-07-27 00:12:15 - mkk_pika - main.py:45 - INFO - 正在下载:[時津風と一緒に。 五 (艦隊これくしょん -艦これ-)]-[STEELACT (二条かため)]-[['短篇', '同人', '純愛', '艦隊收藏']]-[total_pages:23]
2026-07-27 00:12:15 - mkk_pika - main.py:49 - INFO - [{'_id': '5c3346251e84017390454226', 'title': '第1集', 'order': 1, 'updated_at': '2019-01-07T04:13:55.174Z', 'id': '5c3346251e84017390454226'}]
2026-07-27 00:12:15 - mkk_pika - database.py:215 - INFO - 第一次下载该漫画，记录数据库中
2026-07-27 00:12:15 - mkk_pika - main.py:83 - INFO - 找到 23 张图片在:第1集
2026-07-27 00:12:16 - mkk_pika - main.py:112 - INFO - [episode:第1集       ] downloaded:    23, total:  23, progress:100%
2026-07-27 00:12:16 - mkk_pika - database.py:238 - INFO - 数据库更新已下载章节
2026-07-27 00:12:16 - mkk_pika - database.py:244 - INFO - 该漫画已下载章节如下
2026-07-27 00:12:16 - mkk_pika - database.py:245 - INFO - ['第1集']
2026-07-27 00:12:18 - mkk_pika - main.py:348 - INFO - ==================== 漫画信息 ====================
                                   漫画ID：5c3346251e84017390454225
                                   标题：時津風と一緒に。 五 (艦隊これくしょん -艦これ-)
                                   作者：STEELACT (二条かため)
                                   是否完结：是
                                   总页数：23
                                   分类：短篇,同人,純愛,艦隊收藏
                                   章节数：1
                                   最后更新时间：2019-01-07T12:29:25.347Z
                                   =================================================
2026-07-27 00:12:18 - mkk_pika - database.py:101 - INFO - 保存成功：時津風と一緒に。 五 (艦隊これくしょん -艦これ-)
2026-07-27 00:12:18 - mkk_pika - main.py:35 - INFO - 开始检查あなたのヤミ鎮守府3 (艦隊これくしょん -艦これ-）是否存在未下载章节
2026-07-27 00:12:18 - mkk_pika - main.py:45 - INFO - 正在下载:[あなたのヤミ鎮守府3 (艦隊これくしょん -艦これ-）]-[BETEMIUS (バシウス)]-[['短篇', '同人', '艦隊收藏', '百合花園']]-[total_pages:38]
2026-07-27 00:12:18 - mkk_pika - main.py:49 - INFO - [{'_id': '5c334632418dff4560bbcf7b', 'title': '第1集', 'order': 1, 'updated_at': '2019-01-07T04:21:49.392Z', 'id': '5c334632418dff4560bbcf7b'}]
2026-07-27 00:12:18 - mkk_pika - database.py:215 - INFO - 第一次下载该漫画，记录数据库中
2026-07-27 00:12:19 - mkk_pika - main.py:83 - INFO - 找到 38 张图片在:第1集
2026-07-27 00:12:20 - mkk_pika - main.py:112 - INFO - [episode:第1集       ] downloaded:    38, total:  38, progress:100%
2026-07-27 00:12:20 - mkk_pika - database.py:238 - INFO - 数据库更新已下载章节
2026-07-27 00:12:20 - mkk_pika - database.py:244 - INFO - 该漫画已下载章节如下
2026-07-27 00:12:20 - mkk_pika - database.py:245 - INFO - ['第1集']
2026-07-27 00:12:22 - mkk_pika - main.py:348 - INFO - ==================== 漫画信息 ====================
                                   漫画ID：5c334632418dff4560bbcf7a
                                   标题：あなたのヤミ鎮守府3 (艦隊これくしょん -艦これ-）
                                   作者：BETEMIUS (バシウス)
                                   是否完结：是
                                   总页数：38
                                   分类：短篇,同人,艦隊收藏,百合花園
                                   章节数：1
                                   最后更新时间：2019-01-07T12:29:38.134Z
                                   =================================================
2026-07-27 00:12:22 - mkk_pika - database.py:101 - INFO - 保存成功：あなたのヤミ鎮守府3 (艦隊これくしょん -艦これ-）
2026-07-27 00:12:22 - mkk_pika - main.py:35 - INFO - 开始检查シスターブリーディング義妹·月宮せつなおしおきエッチ編[DL版]是否存在未下载章节
2026-07-27 00:12:22 - mkk_pika - main.py:45 - INFO - 正在下载:[シスターブリーディング義妹·月宮せつなおしおきエッチ編[DL版]]-[プリーツたいむ(ぬんぬ)]-[['短篇', '妹妹系']]-[total_pages:25]
2026-07-27 00:12:22 - mkk_pika - main.py:49 - INFO - [{'_id': '5c33469137177d137e887742', 'title': '第1集', 'order': 1, 'updated_at': '2019-01-07T07:19:40.760Z', 'id': '5c33469137177d137e887742'}]
2026-07-27 00:12:22 - mkk_pika - database.py:215 - INFO - 第一次下载该漫画，记录数据库中
2026-07-27 00:12:23 - mkk_pika - main.py:83 - INFO - 找到 25 张图片在:第1集
2026-07-27 00:12:24 - mkk_pika - main.py:112 - INFO - [episode:第1集       ] downloaded:    25, total:  25, progress:100%
2026-07-27 00:12:24 - mkk_pika - database.py:238 - INFO - 数据库更新已下载章节
2026-07-27 00:12:24 - mkk_pika - database.py:244 - INFO - 该漫画已下载章节如下
2026-07-27 00:12:24 - mkk_pika - database.py:245 - INFO - ['第1集']
2026-07-27 00:12:25 - mkk_pika - main.py:348 - INFO - ==================== 漫画信息 ====================
                                   漫画ID：5c33469137177d137e887741
                                   标题：シスターブリーディング義妹·月宮せつなおしおきエッチ編[DL版]
                                   作者：プリーツたいむ(ぬんぬ)
                                   是否完结：是
                                   总页数：25
                                   分类：短篇,妹妹系
                                   章节数：1
                                   最后更新时间：2019-01-07T12:31:13.858Z
                                   =================================================
2026-07-27 00:12:25 - mkk_pika - database.py:101 - INFO - 保存成功：シスターブリーディング義妹·月宮せつなおしおきエッチ編[DL版]
2026-07-27 00:12:25 - mkk_pika - main.py:35 - INFO - 开始检查パパと娘のないしょ事（COMIC LO 2019年1月號）是否存在未下载章节
2026-07-27 00:12:25 - mkk_pika - main.py:45 - INFO - 正在下载:[パパと娘のないしょ事（COMIC LO 2019年1月號）]-[リーフィ]-[['短篇']]-[total_pages:20]
2026-07-27 00:12:25 - mkk_pika - main.py:49 - INFO - [{'_id': '5c3346a9529ed24568c6eb03', 'title': '第1集', 'order': 1, 'updated_at': '2019-01-07T07:41:33.681Z', 'id': '5c3346a9529ed24568c6eb03'}]
2026-07-27 00:12:25 - mkk_pika - database.py:215 - INFO - 第一次下载该漫画，记录数据库中
2026-07-27 00:12:26 - mkk_pika - main.py:83 - INFO - 找到 20 张图片在:第1集
2026-07-27 00:12:27 - mkk_pika - main.py:112 - INFO - [episode:第1集       ] downloaded:    20, total:  20, progress:100%
2026-07-27 00:12:27 - mkk_pika - database.py:238 - INFO - 数据库更新已下载章节
2026-07-27 00:12:27 - mkk_pika - database.py:244 - INFO - 该漫画已下载章节如下
2026-07-27 00:12:27 - mkk_pika - database.py:245 - INFO - ['第1集']
2026-07-27 00:12:28 - mkk_pika - main.py:348 - INFO - ==================== 漫画信息 ====================
                                   漫画ID：5c3346a9529ed24568c6eb02
                                   标题：パパと娘のないしょ事（COMIC LO 2019年1月號）
                                   作者：リーフィ
                                   是否完结：是
                                   总页数：20
                                   分类：短篇
                                   章节数：1
                                   最后更新时间：2019-01-07T12:31:37.092Z
                                   =================================================
2026-07-27 00:12:28 - mkk_pika - database.py:101 - INFO - 保存成功：パパと娘のないしょ事（COMIC LO 2019年1月號）
2026-07-27 00:12:28 - mkk_pika - main.py:35 - INFO - 开始检查ミルクまみれ2是否存在未下载章节
2026-07-27 00:12:28 - mkk_pika - main.py:45 - INFO - 正在下载:[ミルクまみれ2]-[復八磨直兎]-[['長篇']]-[total_pages:28]
2026-07-27 00:12:28 - mkk_pika - main.py:49 - INFO - [{'_id': '5c3346c0ea8bf973be7b78d6', 'title': '半损画质了解一下', 'order': 1, 'updated_at': '2019-01-07T10:54:53.272Z', 'id': '5c3346c0ea8bf973be7b78d6'}]
2026-07-27 00:12:28 - mkk_pika - database.py:215 - INFO - 第一次下载该漫画，记录数据库中
2026-07-27 00:12:29 - mkk_pika - main.py:83 - INFO - 找到 28 张图片在:半损画质了解一下
2026-07-27 00:12:30 - mkk_pika - main.py:112 - INFO - [episode:半损画质了解一下  ] downloaded:    28, total:  28, progress:100%
2026-07-27 00:12:30 - mkk_pika - database.py:238 - INFO - 数据库更新已下载章节
2026-07-27 00:12:30 - mkk_pika - database.py:244 - INFO - 该漫画已下载章节如下
2026-07-27 00:12:30 - mkk_pika - database.py:245 - INFO - ['半损画质了解一下']
2026-07-27 00:12:31 - mkk_pika - main.py:348 - INFO - ==================== 漫画信息 ====================
                                   漫画ID：5c3346c0ea8bf973be7b78d5
                                   标题：ミルクまみれ2
                                   作者：復八磨直兎
                                   是否完结：是
                                   总页数：28
                                   分类：長篇
                                   章节数：1
                                   最后更新时间：2019-01-07T12:32:00.574Z
                                   =================================================
2026-07-27 00:12:31 - mkk_pika - database.py:101 - INFO - 保存成功：ミルクまみれ2
2026-07-27 00:12:31 - mkk_pika - main.py:35 - INFO - 开始检查クラスメイトのマジメ委員長は隠れ黒ギャル是否存在未下载章节
2026-07-27 00:12:31 - mkk_pika - main.py:45 - INFO - 正在下载:[クラスメイトのマジメ委員長は隠れ黒ギャル]-[すてむん (stem)]-[['短篇']]-[total_pages:18]
2026-07-27 00:12:31 - mkk_pika - main.py:49 - INFO - [{'_id': '5c3346de1edbd91f4257676e', 'title': '第1集', 'order': 1, 'updated_at': '2019-01-07T10:55:45.545Z', 'id': '5c3346de1edbd91f4257676e'}]
2026-07-27 00:12:31 - mkk_pika - database.py:215 - INFO - 第一次下载该漫画，记录数据库中
2026-07-27 00:12:32 - mkk_pika - main.py:83 - INFO - 找到 18 张图片在:第1集
2026-07-27 00:12:33 - mkk_pika - main.py:112 - INFO - [episode:第1集       ] downloaded:    18, total:  18, progress:100%
2026-07-27 00:12:33 - mkk_pika - database.py:238 - INFO - 数据库更新已下载章节
2026-07-27 00:12:33 - mkk_pika - database.py:244 - INFO - 该漫画已下载章节如下
2026-07-27 00:12:33 - mkk_pika - database.py:245 - INFO - ['第1集']
2026-07-27 00:12:34 - mkk_pika - main.py:348 - INFO - ==================== 漫画信息 ====================
                                   漫画ID：5c3346de1edbd91f4257676d
                                   标题：クラスメイトのマジメ委員長は隠れ黒ギャル
                                   作者：すてむん (stem)
                                   是否完结：是
                                   总页数：18
                                   分类：短篇
                                   章节数：1
                                   最后更新时间：2019-01-07T12:32:30.628Z
                                   =================================================
2026-07-27 00:12:34 - mkk_pika - database.py:101 - INFO - 保存成功：クラスメイトのマジメ委員長は隠れ黒ギャル
2026-07-27 00:12:34 - mkk_pika - main.py:35 - INFO - 开始检查甘リリス 是否存在未下载章节
2026-07-27 00:12:34 - mkk_pika - main.py:45 - INFO - 正在下载:[甘リリス ]-[毛玉牛乳 (玉之けだま)]-[['全彩', '短篇']]-[total_pages:31]
2026-07-27 00:12:34 - mkk_pika - main.py:49 - INFO - [{'_id': '5c3346f338c0f873bf87b4d7', 'title': '第1集', 'order': 1, 'updated_at': '2019-01-07T11:46:11.495Z', 'id': '5c3346f338c0f873bf87b4d7'}]
2026-07-27 00:12:34 - mkk_pika - database.py:215 - INFO - 第一次下载该漫画，记录数据库中
2026-07-27 00:12:35 - mkk_pika - main.py:83 - INFO - 找到 31 张图片在:第1集
2026-07-27 00:12:36 - mkk_pika - main.py:112 - INFO - [episode:第1集       ] downloaded:    31, total:  31, progress:100%
2026-07-27 00:12:36 - mkk_pika - database.py:238 - INFO - 数据库更新已下载章节
2026-07-27 00:12:36 - mkk_pika - database.py:244 - INFO - 该漫画已下载章节如下
2026-07-27 00:12:36 - mkk_pika - database.py:245 - INFO - ['第1集']
2026-07-27 00:12:37 - mkk_pika - main.py:348 - INFO - ==================== 漫画信息 ====================
                                   漫画ID：5c3346f338c0f873bf87b4d6
                                   标题：甘リリス 
                                   作者：毛玉牛乳 (玉之けだま)
                                   是否完结：否
                                   总页数：31
                                   分类：全彩,短篇
                                   章节数：1
                                   最后更新时间：2019-01-07T12:32:51.905Z
                                   =================================================
2026-07-27 00:12:37 - mkk_pika - database.py:101 - INFO - 保存成功：甘リリス 
2026-07-27 00:12:37 - mkk_pika - main.py:35 - INFO - 开始检查(C95)禁忌侵犯 (ソードアート・オンライン)是否存在未下载章节
2026-07-27 00:12:38 - mkk_pika - main.py:45 - INFO - 正在下载:[(C95)禁忌侵犯 (ソードアート・オンライン)]-[セブンデイズホリディ (篠川あるみ、古我望)]-[['短篇', '同人', '全彩', '強暴', 'SAO 刀劍神域']]-[total_pages:23]
2026-07-27 00:12:38 - mkk_pika - main.py:49 - INFO - [{'_id': '5c3347200f8255137646a3a1', 'title': '第1集', 'order': 1, 'updated_at': '2019-01-07T12:03:13.660Z', 'id': '5c3347200f8255137646a3a1'}]
2026-07-27 00:12:38 - mkk_pika - database.py:215 - INFO - 第一次下载该漫画，记录数据库中
2026-07-27 00:12:38 - mkk_pika - main.py:83 - INFO - 找到 23 张图片在:第1集
2026-07-27 00:12:39 - mkk_pika - main.py:112 - INFO - [episode:第1集       ] downloaded:    23, total:  23, progress:100%
2026-07-27 00:12:39 - mkk_pika - database.py:238 - INFO - 数据库更新已下载章节
2026-07-27 00:12:39 - mkk_pika - database.py:244 - INFO - 该漫画已下载章节如下
2026-07-27 00:12:39 - mkk_pika - database.py:245 - INFO - ['第1集']
2026-07-27 00:12:41 - mkk_pika - main.py:348 - INFO - ==================== 漫画信息 ====================
                                   漫画ID：5c3347200f8255137646a3a0
                                   标题：(C95)禁忌侵犯 (ソードアート・オンライン)
                                   作者：セブンデイズホリディ (篠川あるみ、古我望)
                                   是否完结：否
                                   总页数：23
                                   分类：短篇,同人,全彩,強暴,SAO 刀劍神域
                                   章节数：1
                                   最后更新时间：2019-01-07T12:33:36.163Z
                                   =================================================
2026-07-27 00:12:41 - mkk_pika - database.py:101 - INFO - 保存成功：(C95)禁忌侵犯 (ソードアート・オンライン)
2026-07-27 00:12:41 - mkk_pika - main.py:35 - INFO - 开始检查 こちら大鳳03 是否存在未下载章节
2026-07-27 00:12:41 - mkk_pika - main.py:45 - INFO - 正在下载:[ こちら大鳳03 ]-[C.R's NEST (しーあーる)]-[['同人', '短篇', '姐姐系']]-[total_pages:25]
2026-07-27 00:12:41 - mkk_pika - main.py:49 - INFO - [{'_id': '5c3356958b2c8545963c4c4c', 'title': '第1集', 'order': 1, 'updated_at': '2019-01-07T12:50:26.038Z', 'id': '5c3356958b2c8545963c4c4c'}]
2026-07-27 00:12:41 - mkk_pika - database.py:215 - INFO - 第一次下载该漫画，记录数据库中
2026-07-27 00:12:41 - mkk_pika - main.py:83 - INFO - 找到 25 张图片在:第1集
2026-07-27 00:12:42 - mkk_pika - main.py:112 - INFO - [episode:第1集       ] downloaded:    25, total:  25, progress:100%
2026-07-27 00:12:42 - mkk_pika - database.py:238 - INFO - 数据库更新已下载章节
2026-07-27 00:12:42 - mkk_pika - database.py:244 - INFO - 该漫画已下载章节如下
2026-07-27 00:12:42 - mkk_pika - database.py:245 - INFO - ['第1集']
2026-07-27 00:12:44 - mkk_pika - main.py:348 - INFO - ==================== 漫画信息 ====================
                                   漫画ID：5c3356958b2c8545963c4c4b
                                   标题： こちら大鳳03 
                                   作者：C.R's NEST (しーあーる)
                                   是否完结：否
                                   总页数：25
                                   分类：同人,短篇,姐姐系
                                   章节数：1
                                   最后更新时间：2019-01-07T13:39:33.511Z
                                   =================================================
2026-07-27 00:12:44 - mkk_pika - database.py:101 - INFO - 保存成功： こちら大鳳03 
2026-07-27 00:12:44 - mkk_pika - main.py:35 - INFO - 开始检查スイートデイズ 甜蜜的日子是否存在未下载章节
2026-07-27 00:12:44 - mkk_pika - main.py:45 - INFO - 正在下载:[スイートデイズ 甜蜜的日子]-[SAVAN]-[['長篇', '純愛', '單行本', '姐姐系', '妹妹系', '後宮閃光', '人妻']]-[total_pages:205]
2026-07-27 00:12:44 - mkk_pika - main.py:49 - INFO - [{'_id': '5c33569eea8bf973be7b7949', 'title': '射到爆炸單行本', 'order': 1, 'updated_at': '2019-01-05T18:51:26.695Z', 'id': '5c33569eea8bf973be7b7949'}]
2026-07-27 00:12:44 - mkk_pika - database.py:215 - INFO - 第一次下载该漫画，记录数据库中
2026-07-27 00:12:46 - mkk_pika - main.py:83 - INFO - 找到 205 张图片在:射到爆炸單行本
2026-07-27 00:12:53 - mkk_pika - main.py:112 - INFO - [episode:射到爆炸單行本   ] downloaded:   205, total: 205, progress:100%
2026-07-27 00:12:53 - mkk_pika - database.py:238 - INFO - 数据库更新已下载章节
2026-07-27 00:12:53 - mkk_pika - database.py:244 - INFO - 该漫画已下载章节如下
2026-07-27 00:12:53 - mkk_pika - database.py:245 - INFO - ['射到爆炸單行本']
2026-07-27 00:12:54 - mkk_pika - main.py:348 - INFO - ==================== 漫画信息 ====================
                                   漫画ID：5c33569eea8bf973be7b7948
                                   标题：スイートデイズ 甜蜜的日子
                                   作者：SAVAN
                                   是否完结：是
                                   总页数：205
                                   分类：長篇,純愛,單行本,姐姐系,妹妹系,後宮閃光,人妻
                                   章节数：1
                                   最后更新时间：2019-01-07T13:39:42.094Z
                                   =================================================
2026-07-27 00:12:54 - mkk_pika - database.py:101 - INFO - 保存成功：スイートデイズ 甜蜜的日子
2026-07-27 00:12:54 - mkk_pika - main.py:35 - INFO - 开始检查魔王の!! Attack in morning!! (PLUM FE Vol.4)是否存在未下载章节
2026-07-27 00:12:54 - mkk_pika - main.py:45 - INFO - 正在下载:[魔王の!! Attack in morning!! (PLUM FE Vol.4)]-[人丸]-[['全彩', '短篇', '純愛']]-[total_pages:5]
2026-07-27 00:12:54 - mkk_pika - main.py:49 - INFO - [{'_id': '5c342dc9418dff4560bbd257', 'title': '第1集', 'order': 1, 'updated_at': '2019-01-07T14:48:53.572Z', 'id': '5c342dc9418dff4560bbd257'}]
2026-07-27 00:12:54 - mkk_pika - database.py:215 - INFO - 第一次下载该漫画，记录数据库中
2026-07-27 00:12:55 - mkk_pika - main.py:83 - INFO - 找到 5 张图片在:第1集
2026-07-27 00:12:55 - mkk_pika - main.py:112 - INFO - [episode:第1集       ] downloaded:     5, total:   5, progress:100%
2026-07-27 00:12:55 - mkk_pika - database.py:238 - INFO - 数据库更新已下载章节
2026-07-27 00:12:55 - mkk_pika - database.py:244 - INFO - 该漫画已下载章节如下
2026-07-27 00:12:55 - mkk_pika - database.py:245 - INFO - ['第1集']
2026-07-27 00:12:56 - mkk_pika - main.py:348 - INFO - ==================== 漫画信息 ====================
                                   漫画ID：5c342dc9418dff4560bbd256
                                   标题：魔王の!! Attack in morning!! (PLUM FE Vol.4)
                                   作者：人丸
                                   是否完结：是
                                   总页数：5
                                   分类：全彩,短篇,純愛
                                   章节数：1
                                   最后更新时间：2019-01-08T04:57:45.550Z
                                   =================================================
2026-07-27 00:12:56 - mkk_pika - database.py:101 - INFO - 保存成功：魔王の!! Attack in morning!! (PLUM FE Vol.4)
2026-07-27 00:12:56 - mkk_pika - main.py:380 - INFO - 本次任务下载完毕
2026-07-27 00:12:56 - mkk_pika - database.py:173 - INFO - 数据库连接已关闭
