2026-08-28 06:53:11 - mkk_pika - main.py:193 - INFO - =======================================================================
2026-08-28 06:53:11 - mkk_pika - database.py:61 - INFO - 表和索引初始化成功
2026-08-28 06:53:11 - mkk_pika - main.py:197 - INFO - 已经累计下载19488本漫画
2026-08-28 06:53:11 - mkk_pika - api.py:87 - INFO - 登录成功
2026-08-28 06:53:12 - mkk_pika - main.py:203 - INFO - 收藏夹共计0本漫画
2026-08-28 06:53:12 - mkk_pika - main.py:206 - INFO - 开始下载收藏夹内未下载内容
2026-08-28 06:53:12 - mkk_pika - main.py:266 - INFO - 收藏夹内容下载完毕
2026-08-28 06:53:12 - mkk_pika - main.py:268 - INFO - 开始下载订阅内容
2026-08-28 06:53:12 - mkk_pika - database.py:258 - INFO - 根据ID查询到标题：萝莉 -> 椿ちゃんとコスプレHする本 | 和椿酱的换装色色本
2026-08-28 06:53:13 - mkk_pika - database.py:101 - INFO - 保存成功：椿ちゃんとコスプレHする本 | 和椿酱的换装色色本
2026-08-28 06:53:13 - mkk_pika - main.py:273 - INFO - 关键词萝莉找到0本漫画
2026-08-28 06:53:13 - mkk_pika - database.py:258 - INFO - 根据ID查询到标题：蘿莉 -> [Pixiv] Nyako (87118066) part.8（AI）
2026-08-28 06:53:14 - mkk_pika - database.py:101 - INFO - 保存成功：おはようホシノ (ブルーアーカイブ)
2026-08-28 06:53:14 - mkk_pika - main.py:273 - INFO - 关键词蘿莉找到3本漫画
2026-08-28 06:53:14 - mkk_pika - main.py:275 - INFO - 订阅内容共计3本漫画
2026-08-28 06:53:14 - mkk_pika - main.py:35 - INFO - 开始检查田中くんが僕たちの前で兄妹セックスした日のこと 是否存在未下载章节
2026-08-28 06:53:14 - mkk_pika - main.py:45 - INFO - 正在下载:[田中くんが僕たちの前で兄妹セックスした日のこと ]-[Lithiumの個人サークル (Lithium)]-[['妹妹系', '長篇']]-[total_pages:-1]
2026-08-28 06:53:14 - mkk_pika - main.py:49 - INFO - [{'_id': '656304295a68062fb51d3ed5', 'title': '第1話', 'order': 1, 'updated_at': '2023-11-26T07:38:51.435Z', 'id': '656304295a68062fb51d3ed5'}, {'_id': '6a90689b9405af2a86ec27a9', 'title': '第2話', 'order': 2, 'updated_at': '2026-08-27T14:06:32.299Z', 'id': '6a90689b9405af2a86ec27a9'}]
2026-08-28 06:53:14 - mkk_pika - database.py:215 - INFO - 第一次下载该漫画，记录数据库中
2026-08-28 06:53:15 - mkk_pika - main.py:83 - INFO - 找到 70 张图片在:第1話
2026-08-28 06:53:28 - mkk_pika - main.py:112 - INFO - [episode:第1話       ] downloaded:    70, total:  70, progress:100%
2026-08-28 06:53:28 - mkk_pika - database.py:238 - INFO - 数据库更新已下载章节
2026-08-28 06:53:28 - mkk_pika - database.py:244 - INFO - 该漫画已下载章节如下
2026-08-28 06:53:28 - mkk_pika - database.py:245 - INFO - ['第1話']
2026-08-28 06:53:32 - mkk_pika - main.py:83 - INFO - 找到 227 张图片在:第2話
2026-08-28 06:54:00 - mkk_pika - main.py:112 - INFO - [episode:第2話       ] downloaded:   227, total: 227, progress:100%
2026-08-28 06:54:00 - mkk_pika - database.py:238 - INFO - 数据库更新已下载章节
2026-08-28 06:54:00 - mkk_pika - database.py:244 - INFO - 该漫画已下载章节如下
2026-08-28 06:54:00 - mkk_pika - database.py:245 - INFO - ['第1話', '第2話']
2026-08-28 06:54:01 - mkk_pika - main.py:292 - INFO - ==================== 漫画信息 ====================
                                漫画ID：656304295a68062fb51d3ed4
                                标题：田中くんが僕たちの前で兄妹セックスした日のこと 
                                作者：Lithiumの個人サークル (Lithium)
                                是否完结：是
                                总页数：70
                                分类：妹妹系,長篇
                                章节数：1
                                最后更新时间：2023-11-26T08:39:05.958Z
                                =================================================
2026-08-28 06:54:01 - mkk_pika - database.py:101 - INFO - 保存成功：田中くんが僕たちの前で兄妹セックスした日のこと 
2026-08-28 06:54:01 - mkk_pika - main.py:35 - INFO - 开始检查おはようホシノ (ブルーアーカイブ)是否存在未下载章节
2026-08-28 06:54:01 - mkk_pika - main.py:45 - INFO - 正在下载:[おはようホシノ (ブルーアーカイブ)]-[モニャモニャ (せら少佐)]-[['同人', '短篇']]-[total_pages:-1]
2026-08-28 06:54:01 - mkk_pika - main.py:49 - INFO - [{'_id': '67854a14313df7665ac53d18', 'title': '摸摸星野个人机翻汉化', 'order': 1, 'updated_at': '2025-01-31T16:21:39.019Z', 'id': '67854a14313df7665ac53d18'}, {'_id': '679cf8935f17521631dc12e6', 'title': '下江小春汉化组', 'order': 2, 'updated_at': '2025-01-31T15:49:20.956Z', 'id': '679cf8935f17521631dc12e6'}, {'_id': '6a90687e9405af2a86ec278d', 'title': '無修正', 'order': 3, 'updated_at': '2026-08-27T13:58:09.883Z', 'id': '6a90687e9405af2a86ec278d'}]
2026-08-28 06:54:01 - mkk_pika - database.py:215 - INFO - 第一次下载该漫画，记录数据库中
2026-08-28 06:54:02 - mkk_pika - main.py:83 - INFO - 找到 25 张图片在:摸摸星野个人机翻汉化
2026-08-28 06:54:04 - mkk_pika - main.py:112 - INFO - [episode:摸摸星野个人机翻汉化] downloaded:    25, total:  25, progress:100%
2026-08-28 06:54:04 - mkk_pika - database.py:238 - INFO - 数据库更新已下载章节
2026-08-28 06:54:04 - mkk_pika - database.py:244 - INFO - 该漫画已下载章节如下
2026-08-28 06:54:04 - mkk_pika - database.py:245 - INFO - ['摸摸星野个人机翻汉化']
2026-08-28 06:54:06 - mkk_pika - main.py:83 - INFO - 找到 27 张图片在:下江小春汉化组
2026-08-28 06:54:10 - mkk_pika - main.py:112 - INFO - [episode:下江小春汉化组   ] downloaded:    27, total:  27, progress:100%
2026-08-28 06:54:10 - mkk_pika - database.py:238 - INFO - 数据库更新已下载章节
2026-08-28 06:54:10 - mkk_pika - database.py:244 - INFO - 该漫画已下载章节如下
2026-08-28 06:54:10 - mkk_pika - database.py:245 - INFO - ['摸摸星野个人机翻汉化', '下江小春汉化组']
2026-08-28 06:54:12 - mkk_pika - main.py:83 - INFO - 找到 25 张图片在:無修正
2026-08-28 06:54:14 - mkk_pika - main.py:112 - INFO - [episode:無修正       ] downloaded:    25, total:  25, progress:100%
2026-08-28 06:54:14 - mkk_pika - database.py:238 - INFO - 数据库更新已下载章节
2026-08-28 06:54:14 - mkk_pika - database.py:244 - INFO - 该漫画已下载章节如下
2026-08-28 06:54:14 - mkk_pika - database.py:245 - INFO - ['摸摸星野个人机翻汉化', '下江小春汉化组', '無修正']
2026-08-28 06:54:15 - mkk_pika - main.py:292 - INFO - ==================== 漫画信息 ====================
                                漫画ID：67854a14313df7665ac53d17
                                标题：おはようホシノ (ブルーアーカイブ)
                                作者：モニャモニャ (せら少佐)
                                是否完结：是
                                总页数：77
                                分类：同人,短篇
                                章节数：3
                                最后更新时间：2026-08-27T16:40:30.529Z
                                =================================================
2026-08-28 06:54:15 - mkk_pika - database.py:101 - INFO - 保存成功：おはようホシノ (ブルーアーカイブ)
2026-08-28 06:54:15 - mkk_pika - main.py:35 - INFO - 开始检查隣に越してきた娘さんは生意気な小悪魔でした是否存在未下载章节
2026-08-28 06:54:16 - mkk_pika - main.py:45 - INFO - 正在下载:[隣に越してきた娘さんは生意気な小悪魔でした]-[海通信 (なまもななせ)]-[['短篇']]-[total_pages:-1]
2026-08-28 06:54:16 - mkk_pika - main.py:49 - INFO - [{'_id': '6a9068719405af2a86ec2767', 'title': '第1話', 'order': 1, 'updated_at': '2026-08-27T13:27:51.295Z', 'id': '6a9068719405af2a86ec2767'}]
2026-08-28 06:54:16 - mkk_pika - database.py:215 - INFO - 第一次下载该漫画，记录数据库中
2026-08-28 06:54:17 - mkk_pika - main.py:83 - INFO - 找到 34 张图片在:第1話
2026-08-28 06:54:20 - mkk_pika - main.py:112 - INFO - [episode:第1話       ] downloaded:    34, total:  34, progress:100%
2026-08-28 06:54:20 - mkk_pika - database.py:238 - INFO - 数据库更新已下载章节
2026-08-28 06:54:20 - mkk_pika - database.py:244 - INFO - 该漫画已下载章节如下
2026-08-28 06:54:20 - mkk_pika - database.py:245 - INFO - ['第1話']
2026-08-28 06:54:22 - mkk_pika - main.py:292 - INFO - ==================== 漫画信息 ====================
                                漫画ID：6a9068719405af2a86ec2766
                                标题：隣に越してきた娘さんは生意気な小悪魔でした
                                作者：海通信 (なまもななせ)
                                是否完结：否
                                总页数：34
                                分类：短篇
                                章节数：1
                                最后更新时间：2026-08-27T16:40:17.069Z
                                =================================================
2026-08-28 06:54:22 - mkk_pika - database.py:101 - INFO - 保存成功：隣に越してきた娘さんは生意気な小悪魔でした
2026-08-28 06:54:22 - mkk_pika - main.py:323 - INFO - 订阅内容内容下载完毕
2026-08-28 06:54:22 - mkk_pika - main.py:324 - INFO - 开始分批下载全部章节
2026-08-28 06:54:22 - mkk_pika - database.py:280 - INFO - 表和索引初始化成功
2026-08-28 06:54:23 - mkk_pika - main.py:177 - INFO - 已经下载了1483页，一共7104页，现在开始添加第1484页
2026-08-28 06:54:24 - mkk_pika - database.py:318 - INFO - 保存成功
2026-08-28 06:54:24 - mkk_pika - main.py:177 - INFO - 已经下载了1484页，一共7104页，现在开始添加第1485页
2026-08-28 06:54:25 - mkk_pika - database.py:318 - INFO - 保存成功
2026-08-28 06:54:25 - mkk_pika - main.py:177 - INFO - 已经下载了1485页，一共7104页，现在开始添加第1486页
2026-08-28 06:54:26 - mkk_pika - database.py:318 - INFO - 保存成功
2026-08-28 06:54:26 - mkk_pika - main.py:177 - INFO - 已经下载了1486页，一共7104页，现在开始添加第1487页
2026-08-28 06:54:27 - mkk_pika - database.py:318 - INFO - 保存成功
2026-08-28 06:54:27 - mkk_pika - main.py:177 - INFO - 已经下载了1487页，一共7104页，现在开始添加第1488页
2026-08-28 06:54:28 - mkk_pika - database.py:318 - INFO - 保存成功
2026-08-28 06:54:28 - mkk_pika - main.py:331 - INFO - 分批下载共计48本漫画
2026-08-28 06:54:28 - mkk_pika - main.py:35 - INFO - 开始检查(C90) シンアイマックスマッタナシ！3 (アイドルマスター シンデレラガールズ) 是否存在未下载章节
2026-08-28 06:54:28 - mkk_pika - main.py:45 - INFO - 正在下载:[(C90) シンアイマックスマッタナシ！3 (アイドルマスター シンデレラガールズ) ]-[A極振り (sian)]-[['短篇', '同人']]-[total_pages:36]
2026-08-28 06:54:28 - mkk_pika - main.py:49 - INFO - [{'_id': '5c76cffcf654337868713f79', 'title': '第1集', 'order': 1, 'updated_at': '2019-02-27T09:13:51.922Z', 'id': '5c76cffcf654337868713f79'}]
2026-08-28 06:54:28 - mkk_pika - database.py:215 - INFO - 第一次下载该漫画，记录数据库中
2026-08-28 06:54:29 - mkk_pika - main.py:83 - INFO - 找到 36 张图片在:第1集
2026-08-28 06:54:36 - mkk_pika - main.py:112 - INFO - [episode:第1集       ] downloaded:    36, total:  36, progress:100%
2026-08-28 06:54:36 - mkk_pika - database.py:238 - INFO - 数据库更新已下载章节
2026-08-28 06:54:36 - mkk_pika - database.py:244 - INFO - 该漫画已下载章节如下
2026-08-28 06:54:36 - mkk_pika - database.py:245 - INFO - ['第1集']
2026-08-28 06:54:37 - mkk_pika - main.py:348 - INFO - ==================== 漫画信息 ====================
                                   漫画ID：5c76cffcf654337868713f78
                                   标题：(C90) シンアイマックスマッタナシ！3 (アイドルマスター シンデレラガールズ) 
                                   作者：A極振り (sian)
                                   是否完结：是
                                   总页数：36
                                   分类：短篇,同人
                                   章节数：1
                                   最后更新时间：2019-02-27T17:59:24.418Z
                                   =================================================
2026-08-28 06:54:37 - mkk_pika - database.py:101 - INFO - 保存成功：(C90) シンアイマックスマッタナシ！3 (アイドルマスター シンデレラガールズ) 
2026-08-28 06:54:37 - mkk_pika - main.py:35 - INFO - 开始检查Y'shtola So Sexy 2 (ファイナルファンタジーXIV)是否存在未下载章节
2026-08-28 06:54:38 - mkk_pika - main.py:45 - INFO - 正在下载:[Y'shtola So Sexy 2 (ファイナルファンタジーXIV)]-[竹坊主 (タケペン)]-[['短篇', '同人', '全彩', '非人類']]-[total_pages:17]
2026-08-28 06:54:38 - mkk_pika - main.py:49 - INFO - [{'_id': '5c76d05c1bea87122025b359', 'title': '第1集', 'order': 1, 'updated_at': '2019-02-27T12:07:54.612Z', 'id': '5c76d05c1bea87122025b359'}]
2026-08-28 06:54:38 - mkk_pika - database.py:215 - INFO - 第一次下载该漫画，记录数据库中
2026-08-28 06:54:38 - mkk_pika - main.py:83 - INFO - 找到 17 张图片在:第1集
2026-08-28 06:54:41 - mkk_pika - main.py:112 - INFO - [episode:第1集       ] downloaded:    17, total:  17, progress:100%
2026-08-28 06:54:41 - mkk_pika - database.py:238 - INFO - 数据库更新已下载章节
2026-08-28 06:54:41 - mkk_pika - database.py:244 - INFO - 该漫画已下载章节如下
2026-08-28 06:54:41 - mkk_pika - database.py:245 - INFO - ['第1集']
2026-08-28 06:54:42 - mkk_pika - main.py:348 - INFO - ==================== 漫画信息 ====================
                                   漫画ID：5c76d05c1bea87122025b358
                                   标题：Y'shtola So Sexy 2 (ファイナルファンタジーXIV)
                                   作者：竹坊主 (タケペン)
                                   是否完结：是
                                   总页数：17
                                   分类：短篇,同人,全彩,非人類
                                   章节数：1
                                   最后更新时间：2019-02-27T18:01:00.613Z
                                   =================================================
2026-08-28 06:54:42 - mkk_pika - database.py:101 - INFO - 保存成功：Y'shtola So Sexy 2 (ファイナルファンタジーXIV)
2026-08-28 06:54:42 - mkk_pika - main.py:35 - INFO - 开始检查鳥獣せっくす! (東方Project)是否存在未下载章节
2026-08-28 06:54:43 - mkk_pika - main.py:45 - INFO - 正在下载:[鳥獣せっくす! (東方Project)]-[山賊の唄 (宝あきひと)]-[['短篇', '同人', '東方', '非人類']]-[total_pages:33]
2026-08-28 06:54:43 - mkk_pika - main.py:49 - INFO - [{'_id': '5c76d06c675be610e09904b1', 'title': '第1集', 'order': 1, 'updated_at': '2019-02-27T12:30:03.894Z', 'id': '5c76d06c675be610e09904b1'}]
2026-08-28 06:54:43 - mkk_pika - database.py:215 - INFO - 第一次下载该漫画，记录数据库中
2026-08-28 06:54:45 - mkk_pika - main.py:83 - INFO - 找到 33 张图片在:第1集
2026-08-28 06:54:53 - mkk_pika - main.py:112 - INFO - [episode:第1集       ] downloaded:    33, total:  33, progress:100%
2026-08-28 06:54:53 - mkk_pika - database.py:238 - INFO - 数据库更新已下载章节
2026-08-28 06:54:53 - mkk_pika - database.py:244 - INFO - 该漫画已下载章节如下
2026-08-28 06:54:53 - mkk_pika - database.py:245 - INFO - ['第1集']
2026-08-28 06:54:55 - mkk_pika - main.py:348 - INFO - ==================== 漫画信息 ====================
                                   漫画ID：5c76d06c675be610e09904b0
                                   标题：鳥獣せっくす! (東方Project)
                                   作者：山賊の唄 (宝あきひと)
                                   是否完结：是
                                   总页数：33
                                   分类：短篇,同人,東方,非人類
                                   章节数：1
                                   最后更新时间：2019-02-27T18:01:16.846Z
                                   =================================================
2026-08-28 06:54:55 - mkk_pika - database.py:101 - INFO - 保存成功：鳥獣せっくす! (東方Project)
2026-08-28 06:54:55 - mkk_pika - main.py:35 - INFO - 开始检查いすわりプリンセス (COMIC 快楽天 2019年3月号)[無修正]是否存在未下载章节
2026-08-28 06:54:55 - mkk_pika - main.py:45 - INFO - 正在下载:[いすわりプリンセス (COMIC 快楽天 2019年3月号)[無修正]]-[なぱた]-[['短篇', '純愛']]-[total_pages:17]
2026-08-28 06:54:55 - mkk_pika - main.py:49 - INFO - [{'_id': '5c76d094c49b251117a3a53f', 'title': '第1集', 'order': 1, 'updated_at': '2019-02-27T12:34:58.040Z', 'id': '5c76d094c49b251117a3a53f'}]
2026-08-28 06:54:55 - mkk_pika - database.py:215 - INFO - 第一次下载该漫画，记录数据库中
2026-08-28 06:54:56 - mkk_pika - main.py:83 - INFO - 找到 17 张图片在:第1集
2026-08-28 06:54:57 - mkk_pika - main.py:112 - INFO - [episode:第1集       ] downloaded:    17, total:  17, progress:100%
2026-08-28 06:54:57 - mkk_pika - database.py:238 - INFO - 数据库更新已下载章节
2026-08-28 06:54:57 - mkk_pika - database.py:244 - INFO - 该漫画已下载章节如下
2026-08-28 06:54:57 - mkk_pika - database.py:245 - INFO - ['第1集']
2026-08-28 06:54:59 - mkk_pika - main.py:348 - INFO - ==================== 漫画信息 ====================
                                   漫画ID：5c76d094c49b251117a3a53e
                                   标题：いすわりプリンセス (COMIC 快楽天 2019年3月号)[無修正]
                                   作者：なぱた
                                   是否完结：是
                                   总页数：17
                                   分类：短篇,純愛
                                   章节数：1
                                   最后更新时间：2019-02-27T18:01:56.735Z
                                   =================================================
2026-08-28 06:54:59 - mkk_pika - database.py:101 - INFO - 保存成功：いすわりプリンセス (COMIC 快楽天 2019年3月号)[無修正]
2026-08-28 06:54:59 - mkk_pika - main.py:35 - INFO - 开始检查妹の友達 (COMIC快楽天 2019年3月号)[無修正]是否存在未下载章节
2026-08-28 06:54:59 - mkk_pika - main.py:45 - INFO - 正在下载:[妹の友達 (COMIC快楽天 2019年3月号)[無修正]]-[Reco]-[['短篇', '純愛']]-[total_pages:22]
2026-08-28 06:54:59 - mkk_pika - main.py:49 - INFO - [{'_id': '5c76d0ea1dfd97789549e0ba', 'title': '第1集', 'order': 1, 'updated_at': '2019-02-27T12:41:01.811Z', 'id': '5c76d0ea1dfd97789549e0ba'}]
2026-08-28 06:54:59 - mkk_pika - database.py:215 - INFO - 第一次下载该漫画，记录数据库中
2026-08-28 06:55:02 - mkk_pika - main.py:83 - INFO - 找到 22 张图片在:第1集
2026-08-28 06:55:05 - mkk_pika - main.py:112 - INFO - [episode:第1集       ] downloaded:    22, total:  22, progress:100%
2026-08-28 06:55:05 - mkk_pika - database.py:238 - INFO - 数据库更新已下载章节
2026-08-28 06:55:05 - mkk_pika - database.py:244 - INFO - 该漫画已下载章节如下
2026-08-28 06:55:05 - mkk_pika - database.py:245 - INFO - ['第1集']
2026-08-28 06:55:07 - mkk_pika - main.py:348 - INFO - ==================== 漫画信息 ====================
                                   漫画ID：5c76d0ea1dfd97789549e0b9
                                   标题：妹の友達 (COMIC快楽天 2019年3月号)[無修正]
                                   作者：Reco
                                   是否完结：是
                                   总页数：22
                                   分类：短篇,純愛
                                   章节数：1
                                   最后更新时间：2019-02-27T18:03:22.472Z
                                   =================================================
2026-08-28 06:55:07 - mkk_pika - database.py:101 - INFO - 保存成功：妹の友達 (COMIC快楽天 2019年3月号)[無修正]
2026-08-28 06:55:07 - mkk_pika - main.py:35 - INFO - 开始检查(C95) オネダリHoney Trap (堰代ミコ)是否存在未下载章节
2026-08-28 06:55:08 - mkk_pika - main.py:45 - INFO - 正在下载:[(C95) オネダリHoney Trap (堰代ミコ)]-[ひっさつわざ (ひっさつくん)]-[['短篇', '同人', '非人類']]-[total_pages:19]
2026-08-28 06:55:08 - mkk_pika - main.py:49 - INFO - [{'_id': '5c76d13ee5861f12119077d7', 'title': '第1集', 'order': 1, 'updated_at': '2019-02-27T14:35:15.876Z', 'id': '5c76d13ee5861f12119077d7'}]
2026-08-28 06:55:08 - mkk_pika - database.py:215 - INFO - 第一次下载该漫画，记录数据库中
2026-08-28 06:55:09 - mkk_pika - main.py:83 - INFO - 找到 19 张图片在:第1集
2026-08-28 06:55:16 - mkk_pika - main.py:112 - INFO - [episode:第1集       ] downloaded:    19, total:  19, progress:100%
2026-08-28 06:55:16 - mkk_pika - database.py:238 - INFO - 数据库更新已下载章节
2026-08-28 06:55:16 - mkk_pika - database.py:244 - INFO - 该漫画已下载章节如下
2026-08-28 06:55:16 - mkk_pika - database.py:245 - INFO - ['第1集']
2026-08-28 06:55:17 - mkk_pika - main.py:348 - INFO - ==================== 漫画信息 ====================
                                   漫画ID：5c76d13ee5861f12119077d6
                                   标题：(C95) オネダリHoney Trap (堰代ミコ)
                                   作者：ひっさつわざ (ひっさつくん)
                                   是否完结：是
                                   总页数：19
                                   分类：短篇,同人,非人類
                                   章节数：1
                                   最后更新时间：2019-02-27T18:04:46.174Z
                                   =================================================
2026-08-28 06:55:17 - mkk_pika - database.py:101 - INFO - 保存成功：(C95) オネダリHoney Trap (堰代ミコ)
2026-08-28 06:55:17 - mkk_pika - main.py:35 - INFO - 开始检查Usamanga!是否存在未下载章节
2026-08-28 06:55:17 - mkk_pika - main.py:45 - INFO - 正在下载:[Usamanga!]-[Usacastle (うさ城まに)]-[['短篇', '全彩', '非人類']]-[total_pages:14]
2026-08-28 06:55:17 - mkk_pika - main.py:49 - INFO - [{'_id': '5c76d15be88f0a10da982899', 'title': '第1集', 'order': 1, 'updated_at': '2019-02-27T14:43:08.025Z', 'id': '5c76d15be88f0a10da982899'}]
2026-08-28 06:55:17 - mkk_pika - database.py:215 - INFO - 第一次下载该漫画，记录数据库中
2026-08-28 06:55:18 - mkk_pika - main.py:83 - INFO - 找到 14 张图片在:第1集
2026-08-28 06:55:20 - mkk_pika - main.py:112 - INFO - [episode:第1集       ] downloaded:    14, total:  14, progress:100%
2026-08-28 06:55:20 - mkk_pika - database.py:238 - INFO - 数据库更新已下载章节
2026-08-28 06:55:20 - mkk_pika - database.py:244 - INFO - 该漫画已下载章节如下
2026-08-28 06:55:20 - mkk_pika - database.py:245 - INFO - ['第1集']
2026-08-28 06:55:21 - mkk_pika - main.py:348 - INFO - ==================== 漫画信息 ====================
                                   漫画ID：5c76d15be88f0a10da982898
                                   标题：Usamanga!
                                   作者：Usacastle (うさ城まに)
                                   是否完结：是
                                   总页数：14
                                   分类：短篇,全彩,非人類
                                   章节数：1
                                   最后更新时间：2019-02-27T18:05:15.387Z
                                   =================================================
2026-08-28 06:55:21 - mkk_pika - database.py:101 - INFO - 保存成功：Usamanga!
2026-08-28 06:55:21 - mkk_pika - main.py:35 - INFO - 开始检查(C95) 先生は取材の為休載です (FateGrand Order)是否存在未下载章节
2026-08-28 06:55:21 - mkk_pika - main.py:45 - INFO - 正在下载:[(C95) 先生は取材の為休載です (FateGrand Order)]-[ サークルフィオレ (えかきびと)]-[['短篇', '同人', 'Fate']]-[total_pages:35]
2026-08-28 06:55:21 - mkk_pika - main.py:49 - INFO - [{'_id': '5c76d186674e61789b514854', 'title': '第1集', 'order': 1, 'updated_at': '2019-02-27T14:53:52.977Z', 'id': '5c76d186674e61789b514854'}]
2026-08-28 06:55:21 - mkk_pika - database.py:215 - INFO - 第一次下载该漫画，记录数据库中
2026-08-28 06:55:23 - mkk_pika - main.py:83 - INFO - 找到 35 张图片在:第1集
2026-08-28 06:55:29 - mkk_pika - main.py:112 - INFO - [episode:第1集       ] downloaded:    35, total:  35, progress:100%
2026-08-28 06:55:29 - mkk_pika - database.py:238 - INFO - 数据库更新已下载章节
2026-08-28 06:55:29 - mkk_pika - database.py:244 - INFO - 该漫画已下载章节如下
2026-08-28 06:55:29 - mkk_pika - database.py:245 - INFO - ['第1集']
2026-08-28 06:55:31 - mkk_pika - main.py:348 - INFO - ==================== 漫画信息 ====================
                                   漫画ID：5c76d186674e61789b514853
                                   标题：(C95) 先生は取材の為休載です (FateGrand Order)
                                   作者： サークルフィオレ (えかきびと)
                                   是否完结：否
                                   总页数：35
                                   分类：短篇,同人,Fate
                                   章节数：1
                                   最后更新时间：2019-02-27T18:05:58.933Z
                                   =================================================
2026-08-28 06:55:31 - mkk_pika - database.py:101 - INFO - 保存成功：(C95) 先生は取材の為休載です (FateGrand Order)
2026-08-28 06:55:31 - mkk_pika - main.py:35 - INFO - 开始检查 (COMIC1☆13) Unrequited love (ガールズ&パンツァー)是否存在未下载章节
2026-08-28 06:55:31 - mkk_pika - main.py:45 - INFO - 正在下载:[ (COMIC1☆13) Unrequited love (ガールズ&パンツァー)]-[チャバシラチェーンソー (茶々らん)]-[['短篇', '同人']]-[total_pages:30]
2026-08-28 06:55:31 - mkk_pika - main.py:49 - INFO - [{'_id': '5c76d20b2b8fc811eb4a3eb7', 'title': '第1集', 'order': 1, 'updated_at': '2019-02-27T15:05:56.563Z', 'id': '5c76d20b2b8fc811eb4a3eb7'}]
2026-08-28 06:55:31 - mkk_pika - database.py:215 - INFO - 第一次下载该漫画，记录数据库中
2026-08-28 06:55:32 - mkk_pika - main.py:83 - INFO - 找到 30 张图片在:第1集
2026-08-28 06:55:36 - mkk_pika - main.py:112 - INFO - [episode:第1集       ] downloaded:    30, total:  30, progress:100%
2026-08-28 06:55:36 - mkk_pika - database.py:238 - INFO - 数据库更新已下载章节
2026-08-28 06:55:36 - mkk_pika - database.py:244 - INFO - 该漫画已下载章节如下
2026-08-28 06:55:36 - mkk_pika - database.py:245 - INFO - ['第1集']
2026-08-28 06:55:38 - mkk_pika - main.py:348 - INFO - ==================== 漫画信息 ====================
                                   漫画ID：5c76d20b2b8fc811eb4a3eb6
                                   标题： (COMIC1☆13) Unrequited love (ガールズ&パンツァー)
                                   作者：チャバシラチェーンソー (茶々らん)
                                   是否完结：否
                                   总页数：30
                                   分类：短篇,同人
                                   章节数：1
                                   最后更新时间：2019-02-27T18:08:11.893Z
                                   =================================================
2026-08-28 06:55:38 - mkk_pika - database.py:101 - INFO - 保存成功： (COMIC1☆13) Unrequited love (ガールズ&パンツァー)
2026-08-28 06:55:38 - mkk_pika - main.py:35 - INFO - 开始检查おら!ミルクだせ!! (ポケットモンスター)是否存在未下载章节
2026-08-28 06:55:38 - mkk_pika - main.py:45 - INFO - 正在下载:[おら!ミルクだせ!! (ポケットモンスター)]-[ほむら屋 (焔すばる)]-[['短篇', '同人', '純愛', '百合花園']]-[total_pages:19]
2026-08-28 06:55:38 - mkk_pika - main.py:49 - INFO - [{'_id': '5c76d2546383f321e974a0bb', 'title': '第1集', 'order': 1, 'updated_at': '2019-02-27T15:43:30.789Z', 'id': '5c76d2546383f321e974a0bb'}]
2026-08-28 06:55:38 - mkk_pika - database.py:215 - INFO - 第一次下载该漫画，记录数据库中
2026-08-28 06:55:39 - mkk_pika - main.py:83 - INFO - 找到 19 张图片在:第1集
2026-08-28 06:55:43 - mkk_pika - main.py:112 - INFO - [episode:第1集       ] downloaded:    19, total:  19, progress:100%
2026-08-28 06:55:43 - mkk_pika - database.py:238 - INFO - 数据库更新已下载章节
2026-08-28 06:55:43 - mkk_pika - database.py:244 - INFO - 该漫画已下载章节如下
2026-08-28 06:55:43 - mkk_pika - database.py:245 - INFO - ['第1集']
2026-08-28 06:55:44 - mkk_pika - main.py:348 - INFO - ==================== 漫画信息 ====================
                                   漫画ID：5c76d2546383f321e974a0ba
                                   标题：おら!ミルクだせ!! (ポケットモンスター)
                                   作者：ほむら屋 (焔すばる)
                                   是否完结：是
                                   总页数：19
                                   分类：短篇,同人,純愛,百合花園
                                   章节数：1
                                   最后更新时间：2019-02-27T18:09:24.191Z
                                   =================================================
2026-08-28 06:55:44 - mkk_pika - database.py:101 - INFO - 保存成功：おら!ミルクだせ!! (ポケットモンスター)
2026-08-28 06:55:44 - mkk_pika - main.py:35 - INFO - 开始检查(C95)催眠レミリア (東方Project)是否存在未下载章节
2026-08-28 06:55:45 - mkk_pika - main.py:45 - INFO - 正在下载:[(C95)催眠レミリア (東方Project)]-[とんずら道中 (かざわ)]-[['短篇', '同人', '東方', '強暴']]-[total_pages:24]
2026-08-28 06:55:45 - mkk_pika - main.py:49 - INFO - [{'_id': '5c76d28893941078705a297e', 'title': '第1集', 'order': 1, 'updated_at': '2019-02-27T15:58:32.559Z', 'id': '5c76d28893941078705a297e'}]
2026-08-28 06:55:45 - mkk_pika - database.py:215 - INFO - 第一次下载该漫画，记录数据库中
2026-08-28 06:55:45 - mkk_pika - main.py:83 - INFO - 找到 24 张图片在:第1集
2026-08-28 06:55:51 - mkk_pika - main.py:112 - INFO - [episode:第1集       ] downloaded:    24, total:  24, progress:100%
2026-08-28 06:55:51 - mkk_pika - database.py:238 - INFO - 数据库更新已下载章节
2026-08-28 06:55:51 - mkk_pika - database.py:244 - INFO - 该漫画已下载章节如下
2026-08-28 06:55:51 - mkk_pika - database.py:245 - INFO - ['第1集']
2026-08-28 06:55:52 - mkk_pika - main.py:348 - INFO - ==================== 漫画信息 ====================
                                   漫画ID：5c76d28893941078705a297d
                                   标题：(C95)催眠レミリア (東方Project)
                                   作者：とんずら道中 (かざわ)
                                   是否完结：是
                                   总页数：24
                                   分类：短篇,同人,東方,強暴
                                   章节数：1
                                   最后更新时间：2019-02-27T18:10:16.653Z
                                   =================================================
2026-08-28 06:55:52 - mkk_pika - database.py:101 - INFO - 保存成功：(C95)催眠レミリア (東方Project)
2026-08-28 06:55:52 - mkk_pika - main.py:35 - INFO - 开始检查コッコロちゃんをえっちな目で見ないで下さい!! (プリンセスコネクト!Re:Dive)是否存在未下载章节
2026-08-28 06:55:53 - mkk_pika - main.py:45 - INFO - 正在下载:[コッコロちゃんをえっちな目で見ないで下さい!! (プリンセスコネクト!Re:Dive)]-[すばちきゅ! (すばち)]-[['短篇', '同人', '純愛']]-[total_pages:28]
2026-08-28 06:55:53 - mkk_pika - main.py:49 - INFO - [{'_id': '5c76d3661dfd97789549e1a1', 'title': '第1集', 'order': 1, 'updated_at': '2019-02-27T16:09:10.562Z', 'id': '5c76d3661dfd97789549e1a1'}]
2026-08-28 06:55:53 - mkk_pika - database.py:215 - INFO - 第一次下载该漫画，记录数据库中
2026-08-28 06:55:53 - mkk_pika - main.py:83 - INFO - 找到 28 张图片在:第1集
2026-08-28 06:55:56 - mkk_pika - main.py:112 - INFO - [episode:第1集       ] downloaded:    28, total:  28, progress:100%
2026-08-28 06:55:56 - mkk_pika - database.py:238 - INFO - 数据库更新已下载章节
2026-08-28 06:55:56 - mkk_pika - database.py:244 - INFO - 该漫画已下载章节如下
2026-08-28 06:55:56 - mkk_pika - database.py:245 - INFO - ['第1集']
2026-08-28 06:55:58 - mkk_pika - main.py:348 - INFO - ==================== 漫画信息 ====================
                                   漫画ID：5c76d3661dfd97789549e1a0
                                   标题：コッコロちゃんをえっちな目で見ないで下さい!! (プリンセスコネクト!Re:Dive)
                                   作者：すばちきゅ! (すばち)
                                   是否完结：是
                                   总页数：28
                                   分类：短篇,同人,純愛
                                   章节数：1
                                   最后更新时间：2019-02-27T18:13:58.168Z
                                   =================================================
2026-08-28 06:55:58 - mkk_pika - database.py:101 - INFO - 保存成功：コッコロちゃんをえっちな目で見ないで下さい!! (プリンセスコネクト!Re:Dive)
2026-08-28 06:55:58 - mkk_pika - main.py:35 - INFO - 开始检查(C95)  虞美人さんが項羽様(人型)とイチャイチャしてるだけ (Fate Grand Order)是否存在未下载章节
2026-08-28 06:55:59 - mkk_pika - main.py:45 - INFO - 正在下载:[(C95)  虞美人さんが項羽様(人型)とイチャイチャしてるだけ (Fate Grand Order)]-[ぴろぴろごー (海蛍はるまれ)]-[['同人', '純愛', 'Fate']]-[total_pages:8]
2026-08-28 06:55:59 - mkk_pika - main.py:49 - INFO - [{'_id': '5c76d3d61bea87122025b373', 'title': '第1集', 'order': 1, 'updated_at': '2019-02-27T17:09:36.895Z', 'id': '5c76d3d61bea87122025b373'}]
2026-08-28 06:55:59 - mkk_pika - database.py:215 - INFO - 第一次下载该漫画，记录数据库中
2026-08-28 06:55:59 - mkk_pika - main.py:83 - INFO - 找到 8 张图片在:第1集
2026-08-28 06:56:00 - mkk_pika - main.py:112 - INFO - [episode:第1集       ] downloaded:     8, total:   8, progress:100%
2026-08-28 06:56:00 - mkk_pika - database.py:238 - INFO - 数据库更新已下载章节
2026-08-28 06:56:00 - mkk_pika - database.py:244 - INFO - 该漫画已下载章节如下
2026-08-28 06:56:00 - mkk_pika - database.py:245 - INFO - ['第1集']
2026-08-28 06:56:01 - mkk_pika - main.py:348 - INFO - ==================== 漫画信息 ====================
                                   漫画ID：5c76d3d61bea87122025b372
                                   标题：(C95)  虞美人さんが項羽様(人型)とイチャイチャしてるだけ (Fate Grand Order)
                                   作者：ぴろぴろごー (海蛍はるまれ)
                                   是否完结：是
                                   总页数：8
                                   分类：同人,純愛,Fate
                                   章节数：1
                                   最后更新时间：2019-02-27T18:15:50.041Z
                                   =================================================
2026-08-28 06:56:01 - mkk_pika - database.py:101 - INFO - 保存成功：(C95)  虞美人さんが項羽様(人型)とイチャイチャしてるだけ (Fate Grand Order)
2026-08-28 06:56:01 - mkk_pika - main.py:35 - INFO - 开始检查  ろーちゃんのおフロで大作戦 (艦隊これくしょん -艦これ-) [2019年1月14日]是否存在未下载章节
2026-08-28 06:56:02 - mkk_pika - main.py:45 - INFO - 正在下载:[  ろーちゃんのおフロで大作戦 (艦隊これくしょん -艦これ-) [2019年1月14日]]-[黒猫館モンプチ (ヤミザワ)]-[['短篇', '同人', '艦隊收藏']]-[total_pages:31]
2026-08-28 06:56:02 - mkk_pika - main.py:49 - INFO - [{'_id': '5c76d415674e61789b514b45', 'title': '第1集', 'order': 1, 'updated_at': '2019-02-27T15:33:27.239Z', 'id': '5c76d415674e61789b514b45'}]
2026-08-28 06:56:02 - mkk_pika - database.py:215 - INFO - 第一次下载该漫画，记录数据库中
2026-08-28 06:56:03 - mkk_pika - main.py:83 - INFO - 找到 31 张图片在:第1集
2026-08-28 06:56:11 - mkk_pika - main.py:112 - INFO - [episode:第1集       ] downloaded:    31, total:  31, progress:100%
2026-08-28 06:56:11 - mkk_pika - database.py:238 - INFO - 数据库更新已下载章节
2026-08-28 06:56:11 - mkk_pika - database.py:244 - INFO - 该漫画已下载章节如下
2026-08-28 06:56:11 - mkk_pika - database.py:245 - INFO - ['第1集']
2026-08-28 06:56:13 - mkk_pika - main.py:348 - INFO - ==================== 漫画信息 ====================
                                   漫画ID：5c76d415674e61789b514b44
                                   标题：  ろーちゃんのおフロで大作戦 (艦隊これくしょん -艦これ-) [2019年1月14日]
                                   作者：黒猫館モンプチ (ヤミザワ)
                                   是否完结：否
                                   总页数：31
                                   分类：短篇,同人,艦隊收藏
                                   章节数：1
                                   最后更新时间：2019-02-27T18:16:53.747Z
                                   =================================================
2026-08-28 06:56:13 - mkk_pika - database.py:101 - INFO - 保存成功：  ろーちゃんのおフロで大作戦 (艦隊これくしょん -艦これ-) [2019年1月14日]
2026-08-28 06:56:13 - mkk_pika - main.py:35 - INFO - 开始检查(C95) 藤ノ木寧音のお兄ィにいえないこと (はじめてのギャル) 是否存在未下载章节
2026-08-28 06:56:13 - mkk_pika - main.py:45 - INFO - 正在下载:[(C95) 藤ノ木寧音のお兄ィにいえないこと (はじめてのギャル) ]-[ネコットランド (谷桜しだれ)]-[['短篇', 'NTR', '同人']]-[total_pages:53]
2026-08-28 06:56:13 - mkk_pika - main.py:49 - INFO - [{'_id': '5c77779f1dfd97789549e3a3', 'title': '第1集', 'order': 1, 'updated_at': '2019-02-28T02:27:38.178Z', 'id': '5c77779f1dfd97789549e3a3'}]
2026-08-28 06:56:13 - mkk_pika - database.py:215 - INFO - 第一次下载该漫画，记录数据库中
2026-08-28 06:56:14 - mkk_pika - main.py:83 - INFO - 找到 53 张图片在:第1集
2026-08-28 06:56:27 - mkk_pika - main.py:112 - INFO - [episode:第1集       ] downloaded:    53, total:  53, progress:100%
2026-08-28 06:56:27 - mkk_pika - database.py:238 - INFO - 数据库更新已下载章节
2026-08-28 06:56:27 - mkk_pika - database.py:244 - INFO - 该漫画已下载章节如下
2026-08-28 06:56:27 - mkk_pika - database.py:245 - INFO - ['第1集']
2026-08-28 06:56:28 - mkk_pika - main.py:348 - INFO - ==================== 漫画信息 ====================
                                   漫画ID：5c77779f1dfd97789549e3a2
                                   标题：(C95) 藤ノ木寧音のお兄ィにいえないこと (はじめてのギャル) 
                                   作者：ネコットランド (谷桜しだれ)
                                   是否完结：是
                                   总页数：53
                                   分类：短篇,NTR,同人
                                   章节数：1
                                   最后更新时间：2019-02-28T05:54:39.564Z
                                   =================================================
2026-08-28 06:56:28 - mkk_pika - database.py:101 - INFO - 保存成功：(C95) 藤ノ木寧音のお兄ィにいえないこと (はじめてのギャル) 
2026-08-28 06:56:28 - mkk_pika - main.py:35 - INFO - 开始检查(C93) ぶれんど・M (ブレンド・S)是否存在未下载章节
2026-08-28 06:56:28 - mkk_pika - main.py:45 - INFO - 正在下载:[(C93) ぶれんど・M (ブレンド・S)]-[Diablo (H9)]-[['同人', '短篇']]-[total_pages:14]
2026-08-28 06:56:28 - mkk_pika - main.py:49 - INFO - [{'_id': '5c7777f0e5861f12119078ed', 'title': '第1集', 'order': 1, 'updated_at': '2019-02-28T02:33:16.277Z', 'id': '5c7777f0e5861f12119078ed'}]
2026-08-28 06:56:28 - mkk_pika - database.py:215 - INFO - 第一次下载该漫画，记录数据库中
2026-08-28 06:56:29 - mkk_pika - main.py:83 - INFO - 找到 14 张图片在:第1集
2026-08-28 06:56:30 - mkk_pika - main.py:112 - INFO - [episode:第1集       ] downloaded:    14, total:  14, progress:100%
2026-08-28 06:56:30 - mkk_pika - database.py:238 - INFO - 数据库更新已下载章节
2026-08-28 06:56:30 - mkk_pika - database.py:244 - INFO - 该漫画已下载章节如下
2026-08-28 06:56:30 - mkk_pika - database.py:245 - INFO - ['第1集']
2026-08-28 06:56:31 - mkk_pika - main.py:348 - INFO - ==================== 漫画信息 ====================
                                   漫画ID：5c7777f0e5861f12119078ec
                                   标题：(C93) ぶれんど・M (ブレンド・S)
                                   作者：Diablo (H9)
                                   是否完结：是
                                   总页数：14
                                   分类：同人,短篇
                                   章节数：1
                                   最后更新时间：2019-02-28T05:56:00.795Z
                                   =================================================
2026-08-28 06:56:31 - mkk_pika - database.py:101 - INFO - 保存成功：(C93) ぶれんど・M (ブレンド・S)
2026-08-28 06:56:31 - mkk_pika - main.py:35 - INFO - 开始检查 ケッコンカッコ～縄～ 改 (艦隊これくしょん -艦これ-)是否存在未下载章节
2026-08-28 06:56:32 - mkk_pika - main.py:45 - INFO - 正在下载:[ ケッコンカッコ～縄～ 改 (艦隊これくしょん -艦これ-)]-[ルームガーダー (ときのぶっと)]-[['短篇', '同人', '艦隊收藏', '純愛']]-[total_pages:28]
2026-08-28 06:56:32 - mkk_pika - main.py:49 - INFO - [{'_id': '5c777859c49b251117a3a6dd', 'title': '第1集', 'order': 1, 'updated_at': '2019-02-28T04:04:11.024Z', 'id': '5c777859c49b251117a3a6dd'}]
2026-08-28 06:56:32 - mkk_pika - database.py:215 - INFO - 第一次下载该漫画，记录数据库中
2026-08-28 06:56:33 - mkk_pika - main.py:83 - INFO - 找到 28 张图片在:第1集
2026-08-28 06:56:43 - mkk_pika - main.py:112 - INFO - [episode:第1集       ] downloaded:    28, total:  28, progress:100%
2026-08-28 06:56:43 - mkk_pika - database.py:238 - INFO - 数据库更新已下载章节
2026-08-28 06:56:43 - mkk_pika - database.py:244 - INFO - 该漫画已下载章节如下
2026-08-28 06:56:43 - mkk_pika - database.py:245 - INFO - ['第1集']
2026-08-28 06:56:45 - mkk_pika - main.py:348 - INFO - ==================== 漫画信息 ====================
                                   漫画ID：5c777859c49b251117a3a6dc
                                   标题： ケッコンカッコ～縄～ 改 (艦隊これくしょん -艦これ-)
                                   作者：ルームガーダー (ときのぶっと)
                                   是否完结：是
                                   总页数：28
                                   分类：短篇,同人,艦隊收藏,純愛
                                   章节数：1
                                   最后更新时间：2019-02-28T05:57:45.341Z
                                   =================================================
2026-08-28 06:56:45 - mkk_pika - database.py:101 - INFO - 保存成功： ケッコンカッコ～縄～ 改 (艦隊これくしょん -艦これ-)
2026-08-28 06:56:45 - mkk_pika - main.py:35 - INFO - 开始检查ダンジョンズ&デカぱいエルフ| 地下城 & 巨乳精靈是否存在未下载章节
2026-08-28 06:56:45 - mkk_pika - main.py:45 - INFO - 正在下载:[ダンジョンズ&デカぱいエルフ| 地下城 & 巨乳精靈]-[筆吟堂]-[['短篇', '強暴', '非人類']]-[total_pages:27]
2026-08-28 06:56:45 - mkk_pika - main.py:49 - INFO - [{'_id': '5c7778771dfd97789549e3e0', 'title': '第1集', 'order': 1, 'updated_at': '2019-02-28T04:37:25.509Z', 'id': '5c7778771dfd97789549e3e0'}]
2026-08-28 06:56:45 - mkk_pika - database.py:215 - INFO - 第一次下载该漫画，记录数据库中
2026-08-28 06:56:46 - mkk_pika - main.py:83 - INFO - 找到 27 张图片在:第1集
2026-08-28 06:56:51 - mkk_pika - main.py:112 - INFO - [episode:第1集       ] downloaded:    27, total:  27, progress:100%
2026-08-28 06:56:51 - mkk_pika - database.py:238 - INFO - 数据库更新已下载章节
2026-08-28 06:56:51 - mkk_pika - database.py:244 - INFO - 该漫画已下载章节如下
2026-08-28 06:56:51 - mkk_pika - database.py:245 - INFO - ['第1集']
2026-08-28 06:56:52 - mkk_pika - main.py:348 - INFO - ==================== 漫画信息 ====================
                                   漫画ID：5c7778771dfd97789549e3df
                                   标题：ダンジョンズ&デカぱいエルフ| 地下城 & 巨乳精靈
                                   作者：筆吟堂
                                   是否完结：是
                                   总页数：27
                                   分类：短篇,強暴,非人類
                                   章节数：1
                                   最后更新时间：2019-02-28T05:58:15.482Z
                                   =================================================
2026-08-28 06:56:52 - mkk_pika - database.py:101 - INFO - 保存成功：ダンジョンズ&デカぱいエルフ| 地下城 & 巨乳精靈
2026-08-28 06:56:52 - mkk_pika - main.py:35 - INFO - 开始检查犬♂×馬♀ 是否存在未下载章节
2026-08-28 06:56:53 - mkk_pika - main.py:45 - INFO - 正在下载:[犬♂×馬♀ ]-[迷い猫(奈賀つくね)]-[['短篇', '純愛', '非人類']]-[total_pages:4]
2026-08-28 06:56:53 - mkk_pika - main.py:49 - INFO - [{'_id': '5c7778821dfd97789549e3fd', 'title': '第1集', 'order': 1, 'updated_at': '2019-02-28T04:44:47.748Z', 'id': '5c7778821dfd97789549e3fd'}]
2026-08-28 06:56:53 - mkk_pika - database.py:215 - INFO - 第一次下载该漫画，记录数据库中
2026-08-28 06:56:53 - mkk_pika - main.py:83 - INFO - 找到 4 张图片在:第1集
2026-08-28 06:56:54 - mkk_pika - main.py:112 - INFO - [episode:第1集       ] downloaded:     4, total:   4, progress:100%
2026-08-28 06:56:54 - mkk_pika - database.py:238 - INFO - 数据库更新已下载章节
2026-08-28 06:56:54 - mkk_pika - database.py:244 - INFO - 该漫画已下载章节如下
2026-08-28 06:56:54 - mkk_pika - database.py:245 - INFO - ['第1集']
2026-08-28 06:56:55 - mkk_pika - main.py:348 - INFO - ==================== 漫画信息 ====================
                                   漫画ID：5c7778821dfd97789549e3fc
                                   标题：犬♂×馬♀ 
                                   作者：迷い猫(奈賀つくね)
                                   是否完结：是
                                   总页数：4
                                   分类：短篇,純愛,非人類
                                   章节数：1
                                   最后更新时间：2019-02-28T05:58:26.990Z
                                   =================================================
2026-08-28 06:56:55 - mkk_pika - database.py:101 - INFO - 保存成功：犬♂×馬♀ 
2026-08-28 06:56:55 - mkk_pika - main.py:35 - INFO - 开始检查プ一ル大作戦！是否存在未下载章节
2026-08-28 06:56:56 - mkk_pika - main.py:45 - INFO - 正在下载:[プ一ル大作戦！]-[黒澤pict (黒澤清崇)]-[['短篇']]-[total_pages:21]
2026-08-28 06:56:56 - mkk_pika - main.py:49 - INFO - [{'_id': '5c78f67c675be610e0990bca', 'title': '第1集', 'order': 1, 'updated_at': '2019-02-28T06:58:20.026Z', 'id': '5c78f67c675be610e0990bca'}]
2026-08-28 06:56:56 - mkk_pika - database.py:215 - INFO - 第一次下载该漫画，记录数据库中
2026-08-28 06:56:57 - mkk_pika - main.py:83 - INFO - 找到 21 张图片在:第1集
2026-08-28 06:56:59 - mkk_pika - main.py:112 - INFO - [episode:第1集       ] downloaded:    21, total:  21, progress:100%
2026-08-28 06:56:59 - mkk_pika - database.py:238 - INFO - 数据库更新已下载章节
2026-08-28 06:56:59 - mkk_pika - database.py:244 - INFO - 该漫画已下载章节如下
2026-08-28 06:56:59 - mkk_pika - database.py:245 - INFO - ['第1集']
2026-08-28 06:57:00 - mkk_pika - main.py:348 - INFO - ==================== 漫画信息 ====================
                                   漫画ID：5c78f67c675be610e0990bc9
                                   标题：プ一ル大作戦！
                                   作者：黒澤pict (黒澤清崇)
                                   是否完结：是
                                   总页数：21
                                   分类：短篇
                                   章节数：1
                                   最后更新时间：2019-03-01T09:08:12.246Z
                                   =================================================
2026-08-28 06:57:00 - mkk_pika - database.py:101 - INFO - 保存成功：プ一ル大作戦！
2026-08-28 06:57:00 - mkk_pika - main.py:35 - INFO - 开始检查つぐみ (かんなぎ)是否存在未下载章节
2026-08-28 06:57:01 - mkk_pika - main.py:45 - INFO - 正在下载:[つぐみ (かんなぎ)]-[黒澤pict (黒澤清崇)]-[['短篇', '同人', '純愛']]-[total_pages:29]
2026-08-28 06:57:01 - mkk_pika - main.py:49 - INFO - [{'_id': '5c78f6b1d8619921c2af1040', 'title': '第1集', 'order': 1, 'updated_at': '2019-02-28T06:40:37.219Z', 'id': '5c78f6b1d8619921c2af1040'}]
2026-08-28 06:57:01 - mkk_pika - database.py:215 - INFO - 第一次下载该漫画，记录数据库中
2026-08-28 06:57:01 - mkk_pika - main.py:83 - INFO - 找到 29 张图片在:第1集
2026-08-28 06:57:07 - mkk_pika - main.py:112 - INFO - [episode:第1集       ] downloaded:    29, total:  29, progress:100%
2026-08-28 06:57:07 - mkk_pika - database.py:238 - INFO - 数据库更新已下载章节
2026-08-28 06:57:07 - mkk_pika - database.py:244 - INFO - 该漫画已下载章节如下
2026-08-28 06:57:07 - mkk_pika - database.py:245 - INFO - ['第1集']
2026-08-28 06:57:08 - mkk_pika - main.py:348 - INFO - ==================== 漫画信息 ====================
                                   漫画ID：5c78f6b1d8619921c2af103f
                                   标题：つぐみ (かんなぎ)
                                   作者：黒澤pict (黒澤清崇)
                                   是否完结：是
                                   总页数：29
                                   分类：短篇,同人,純愛
                                   章节数：1
                                   最后更新时间：2019-03-01T09:09:05.510Z
                                   =================================================
2026-08-28 06:57:08 - mkk_pika - database.py:101 - INFO - 保存成功：つぐみ (かんなぎ)
2026-08-28 06:57:08 - mkk_pika - main.py:35 - INFO - 开始检查けいおんのとっくん! (けいおん!)是否存在未下载章节
2026-08-28 06:57:09 - mkk_pika - main.py:45 - INFO - 正在下载:[けいおんのとっくん! (けいおん!)]-[黒澤pict (黒澤清崇)]-[['短篇', '同人']]-[total_pages:35]
2026-08-28 06:57:09 - mkk_pika - main.py:49 - INFO - [{'_id': '5c78f6cf42457b11e313c57e', 'title': '第1集', 'order': 1, 'updated_at': '2019-02-28T06:34:01.480Z', 'id': '5c78f6cf42457b11e313c57e'}]
2026-08-28 06:57:09 - mkk_pika - database.py:215 - INFO - 第一次下载该漫画，记录数据库中
2026-08-28 06:57:10 - mkk_pika - main.py:83 - INFO - 找到 35 张图片在:第1集
2026-08-28 06:57:14 - mkk_pika - main.py:112 - INFO - [episode:第1集       ] downloaded:    35, total:  35, progress:100%
2026-08-28 06:57:14 - mkk_pika - database.py:238 - INFO - 数据库更新已下载章节
2026-08-28 06:57:14 - mkk_pika - database.py:244 - INFO - 该漫画已下载章节如下
2026-08-28 06:57:14 - mkk_pika - database.py:245 - INFO - ['第1集']
2026-08-28 06:57:16 - mkk_pika - main.py:348 - INFO - ==================== 漫画信息 ====================
                                   漫画ID：5c78f6cf42457b11e313c57d
                                   标题：けいおんのとっくん! (けいおん!)
                                   作者：黒澤pict (黒澤清崇)
                                   是否完结：是
                                   总页数：35
                                   分类：短篇,同人
                                   章节数：1
                                   最后更新时间：2019-03-01T09:09:35.463Z
                                   =================================================
2026-08-28 06:57:16 - mkk_pika - database.py:101 - INFO - 保存成功：けいおんのとっくん! (けいおん!)
2026-08-28 06:57:16 - mkk_pika - main.py:35 - INFO - 开始检查とくべつざんげちゃん (かんなぎ)是否存在未下载章节
2026-08-28 06:57:16 - mkk_pika - main.py:45 - INFO - 正在下载:[とくべつざんげちゃん (かんなぎ)]-[黒澤pict (黒澤清崇)]-[['短篇', '同人']]-[total_pages:28]
2026-08-28 06:57:16 - mkk_pika - main.py:49 - INFO - [{'_id': '5c78f6e1d8619921c2af1060', 'title': '第1集', 'order': 1, 'updated_at': '2019-02-28T06:47:54.499Z', 'id': '5c78f6e1d8619921c2af1060'}]
2026-08-28 06:57:16 - mkk_pika - database.py:215 - INFO - 第一次下载该漫画，记录数据库中
2026-08-28 06:57:17 - mkk_pika - main.py:83 - INFO - 找到 28 张图片在:第1集
2026-08-28 06:57:19 - mkk_pika - main.py:112 - INFO - [episode:第1集       ] downloaded:    28, total:  28, progress:100%
2026-08-28 06:57:19 - mkk_pika - database.py:238 - INFO - 数据库更新已下载章节
2026-08-28 06:57:19 - mkk_pika - database.py:244 - INFO - 该漫画已下载章节如下
2026-08-28 06:57:19 - mkk_pika - database.py:245 - INFO - ['第1集']
2026-08-28 06:57:21 - mkk_pika - main.py:348 - INFO - ==================== 漫画信息 ====================
                                   漫画ID：5c78f6e1d8619921c2af105f
                                   标题：とくべつざんげちゃん (かんなぎ)
                                   作者：黒澤pict (黒澤清崇)
                                   是否完结：是
                                   总页数：28
                                   分类：短篇,同人
                                   章节数：1
                                   最后更新时间：2019-03-01T09:09:53.885Z
                                   =================================================
2026-08-28 06:57:21 - mkk_pika - database.py:101 - INFO - 保存成功：とくべつざんげちゃん (かんなぎ)
2026-08-28 06:57:21 - mkk_pika - main.py:35 - INFO - 开始检查ハルトマンとバルクホルンの夜 (ストライクウィッチーズ)是否存在未下载章节
2026-08-28 06:57:22 - mkk_pika - main.py:45 - INFO - 正在下载:[ハルトマンとバルクホルンの夜 (ストライクウィッチーズ)]-[黒澤pict (黒澤清崇)]-[['短篇', '同人', '純愛', '百合花園']]-[total_pages:28]
2026-08-28 06:57:22 - mkk_pika - main.py:49 - INFO - [{'_id': '5c78f8112b8fc811eb4a4595', 'title': '第1集', 'order': 1, 'updated_at': '2019-02-28T06:52:15.580Z', 'id': '5c78f8112b8fc811eb4a4595'}]
2026-08-28 06:57:22 - mkk_pika - database.py:215 - INFO - 第一次下载该漫画，记录数据库中
2026-08-28 06:57:23 - mkk_pika - main.py:83 - INFO - 找到 28 张图片在:第1集
2026-08-28 06:57:26 - mkk_pika - main.py:112 - INFO - [episode:第1集       ] downloaded:    28, total:  28, progress:100%
2026-08-28 06:57:26 - mkk_pika - database.py:238 - INFO - 数据库更新已下载章节
2026-08-28 06:57:26 - mkk_pika - database.py:244 - INFO - 该漫画已下载章节如下
2026-08-28 06:57:26 - mkk_pika - database.py:245 - INFO - ['第1集']
2026-08-28 06:57:28 - mkk_pika - main.py:348 - INFO - ==================== 漫画信息 ====================
                                   漫画ID：5c78f8112b8fc811eb4a4594
                                   标题：ハルトマンとバルクホルンの夜 (ストライクウィッチーズ)
                                   作者：黒澤pict (黒澤清崇)
                                   是否完结：是
                                   总页数：28
                                   分类：短篇,同人,純愛,百合花園
                                   章节数：1
                                   最后更新时间：2019-03-01T09:14:57.949Z
                                   =================================================
2026-08-28 06:57:28 - mkk_pika - database.py:101 - INFO - 保存成功：ハルトマンとバルクホルンの夜 (ストライクウィッチーズ)
2026-08-28 06:57:28 - mkk_pika - main.py:35 - INFO - 开始检查ちくおなアリス (東方Project)是否存在未下载章节
2026-08-28 06:57:28 - mkk_pika - main.py:45 - INFO - 正在下载:[ちくおなアリス (東方Project)]-[ほむら屋 (焔すばる)]-[['短篇', '同人', '東方']]-[total_pages:18]
2026-08-28 06:57:28 - mkk_pika - main.py:49 - INFO - [{'_id': '5c78f83214208621f1101717', 'title': '第1集', 'order': 1, 'updated_at': '2019-02-28T11:15:28.316Z', 'id': '5c78f83214208621f1101717'}]
2026-08-28 06:57:28 - mkk_pika - database.py:215 - INFO - 第一次下载该漫画，记录数据库中
2026-08-28 06:57:32 - mkk_pika - main.py:83 - INFO - 找到 18 张图片在:第1集
2026-08-28 06:57:34 - mkk_pika - main.py:112 - INFO - [episode:第1集       ] downloaded:    18, total:  18, progress:100%
2026-08-28 06:57:34 - mkk_pika - database.py:238 - INFO - 数据库更新已下载章节
2026-08-28 06:57:34 - mkk_pika - database.py:244 - INFO - 该漫画已下载章节如下
2026-08-28 06:57:34 - mkk_pika - database.py:245 - INFO - ['第1集']
2026-08-28 06:57:35 - mkk_pika - main.py:348 - INFO - ==================== 漫画信息 ====================
                                   漫画ID：5c78f83214208621f1101716
                                   标题：ちくおなアリス (東方Project)
                                   作者：ほむら屋 (焔すばる)
                                   是否完结：是
                                   总页数：18
                                   分类：短篇,同人,東方
                                   章节数：1
                                   最后更新时间：2019-03-01T09:15:30.216Z
                                   =================================================
2026-08-28 06:57:35 - mkk_pika - database.py:101 - INFO - 保存成功：ちくおなアリス (東方Project)
2026-08-28 06:57:35 - mkk_pika - main.py:35 - INFO - 开始检查sweet cherry emotion是否存在未下载章节
2026-08-28 06:57:35 - mkk_pika - main.py:45 - INFO - 正在下载:[sweet cherry emotion]-[虹幻工房 (リオえもん)]-[['短篇', '非人類', '純愛']]-[total_pages:22]
2026-08-28 06:57:35 - mkk_pika - main.py:49 - INFO - [{'_id': '5c78f86d42457b11e313c5ba', 'title': '第1集', 'order': 1, 'updated_at': '2019-02-28T11:27:22.625Z', 'id': '5c78f86d42457b11e313c5ba'}]
2026-08-28 06:57:35 - mkk_pika - database.py:215 - INFO - 第一次下载该漫画，记录数据库中
2026-08-28 06:57:36 - mkk_pika - main.py:83 - INFO - 找到 22 张图片在:第1集
2026-08-28 06:57:52 - mkk_pika - main.py:112 - INFO - [episode:第1集       ] downloaded:    22, total:  22, progress:100%
2026-08-28 06:57:52 - mkk_pika - database.py:238 - INFO - 数据库更新已下载章节
2026-08-28 06:57:52 - mkk_pika - database.py:244 - INFO - 该漫画已下载章节如下
2026-08-28 06:57:52 - mkk_pika - database.py:245 - INFO - ['第1集']
2026-08-28 06:57:54 - mkk_pika - main.py:348 - INFO - ==================== 漫画信息 ====================
                                   漫画ID：5c78f86d42457b11e313c5b9
                                   标题：sweet cherry emotion
                                   作者：虹幻工房 (リオえもん)
                                   是否完结：是
                                   总页数：22
                                   分类：短篇,非人類,純愛
                                   章节数：1
                                   最后更新时间：2019-03-01T09:16:29.966Z
                                   =================================================
2026-08-28 06:57:54 - mkk_pika - database.py:101 - INFO - 保存成功：sweet cherry emotion
2026-08-28 06:57:54 - mkk_pika - main.py:35 - INFO - 开始检查かわらないもの (永遠娘 壱)是否存在未下载章节
2026-08-28 06:57:54 - mkk_pika - main.py:45 - INFO - 正在下载:[かわらないもの (永遠娘 壱)]-[源五郎]-[['短篇', '純愛']]-[total_pages:25]
2026-08-28 06:57:54 - mkk_pika - main.py:49 - INFO - [{'_id': '5c78f8e193941078705a37a1', 'title': '第1集', 'order': 1, 'updated_at': '2019-02-28T11:58:14.144Z', 'id': '5c78f8e193941078705a37a1'}]
2026-08-28 06:57:54 - mkk_pika - database.py:215 - INFO - 第一次下载该漫画，记录数据库中
2026-08-28 06:57:55 - mkk_pika - main.py:83 - INFO - 找到 25 张图片在:第1集
2026-08-28 06:58:02 - mkk_pika - main.py:112 - INFO - [episode:第1集       ] downloaded:    25, total:  25, progress:100%
2026-08-28 06:58:02 - mkk_pika - database.py:238 - INFO - 数据库更新已下载章节
2026-08-28 06:58:02 - mkk_pika - database.py:244 - INFO - 该漫画已下载章节如下
2026-08-28 06:58:02 - mkk_pika - database.py:245 - INFO - ['第1集']
2026-08-28 06:58:03 - mkk_pika - main.py:348 - INFO - ==================== 漫画信息 ====================
                                   漫画ID：5c78f8e193941078705a37a0
                                   标题：かわらないもの (永遠娘 壱)
                                   作者：源五郎
                                   是否完结：否
                                   总页数：25
                                   分类：短篇,純愛
                                   章节数：1
                                   最后更新时间：2019-03-01T09:18:25.866Z
                                   =================================================
2026-08-28 06:58:03 - mkk_pika - database.py:101 - INFO - 保存成功：かわらないもの (永遠娘 壱)
2026-08-28 06:58:03 - mkk_pika - main.py:35 - INFO - 开始检查空母ヲ級ちゃんの島風百合奴隷調教1是否存在未下载章节
2026-08-28 06:58:04 - mkk_pika - main.py:45 - INFO - 正在下载:[空母ヲ級ちゃんの島風百合奴隷調教1]-[あいいろさくら (相川りょう)]-[['同人', '短篇', '艦隊收藏']]-[total_pages:53]
2026-08-28 06:58:04 - mkk_pika - main.py:49 - INFO - [{'_id': '5b4f7119d4a55631693ad66c', 'title': '生肉', 'order': 1, 'updated_at': '2019-03-01T09:23:26.129Z', 'id': '5b4f7119d4a55631693ad66c'}, {'_id': '5c78fa0e1bea87122025bcce', 'title': '熟肉', 'order': 2, 'updated_at': '2019-02-28T13:16:01.316Z', 'id': '5c78fa0e1bea87122025bcce'}]
2026-08-28 06:58:04 - mkk_pika - database.py:215 - INFO - 第一次下载该漫画，记录数据库中
2026-08-28 06:58:04 - mkk_pika - main.py:83 - INFO - 找到 26 张图片在:生肉
2026-08-28 06:58:07 - mkk_pika - main.py:112 - INFO - [episode:生肉        ] downloaded:    26, total:  26, progress:100%
2026-08-28 06:58:07 - mkk_pika - database.py:238 - INFO - 数据库更新已下载章节
2026-08-28 06:58:07 - mkk_pika - database.py:244 - INFO - 该漫画已下载章节如下
2026-08-28 06:58:07 - mkk_pika - database.py:245 - INFO - ['生肉']
2026-08-28 06:58:08 - mkk_pika - main.py:83 - INFO - 找到 27 张图片在:熟肉
2026-08-28 06:58:12 - mkk_pika - main.py:112 - INFO - [episode:熟肉        ] downloaded:    27, total:  27, progress:100%
2026-08-28 06:58:12 - mkk_pika - database.py:238 - INFO - 数据库更新已下载章节
2026-08-28 06:58:12 - mkk_pika - database.py:244 - INFO - 该漫画已下载章节如下
2026-08-28 06:58:12 - mkk_pika - database.py:245 - INFO - ['生肉', '熟肉']
2026-08-28 06:58:13 - mkk_pika - main.py:348 - INFO - ==================== 漫画信息 ====================
                                   漫画ID：5b4f7119d4a55631693ad66b
                                   标题：空母ヲ級ちゃんの島風百合奴隷調教1
                                   作者：あいいろさくら (相川りょう)
                                   是否完结：否
                                   总页数：53
                                   分类：同人,短篇,艦隊收藏
                                   章节数：2
                                   最后更新时间：2019-03-01T09:23:26.117Z
                                   =================================================
2026-08-28 06:58:13 - mkk_pika - database.py:101 - INFO - 保存成功：空母ヲ級ちゃんの島風百合奴隷調教1
2026-08-28 06:58:13 - mkk_pika - main.py:35 - INFO - 开始检查鬼逝~徹底鬼畜凌辱R~是否存在未下载章节
2026-08-28 06:58:14 - mkk_pika - main.py:45 - INFO - 正在下载:[鬼逝~徹底鬼畜凌辱R~]-[杏咲モラル]-[['長篇', '單行本', '人妻', 'NTR']]-[total_pages:227]
2026-08-28 06:58:14 - mkk_pika - main.py:49 - INFO - [{'_id': '5c78fa1b93941078705a3a58', 'title': '第1集', 'order': 1, 'updated_at': '2019-02-28T13:18:18.536Z', 'id': '5c78fa1b93941078705a3a58'}]
2026-08-28 06:58:14 - mkk_pika - database.py:215 - INFO - 第一次下载该漫画，记录数据库中
2026-08-28 06:58:17 - mkk_pika - main.py:83 - INFO - 找到 227 张图片在:第1集
2026-08-28 06:58:40 - mkk_pika - main.py:112 - INFO - [episode:第1集       ] downloaded:   227, total: 227, progress:100%
2026-08-28 06:58:40 - mkk_pika - database.py:238 - INFO - 数据库更新已下载章节
2026-08-28 06:58:40 - mkk_pika - database.py:244 - INFO - 该漫画已下载章节如下
2026-08-28 06:58:40 - mkk_pika - database.py:245 - INFO - ['第1集']
2026-08-28 06:58:41 - mkk_pika - main.py:348 - INFO - ==================== 漫画信息 ====================
                                   漫画ID：5c78fa1b93941078705a3a57
                                   标题：鬼逝~徹底鬼畜凌辱R~
                                   作者：杏咲モラル
                                   是否完结：否
                                   总页数：227
                                   分类：長篇,單行本,人妻,NTR
                                   章节数：1
                                   最后更新时间：2019-03-01T09:23:39.989Z
                                   =================================================
2026-08-28 06:58:41 - mkk_pika - database.py:101 - INFO - 保存成功：鬼逝~徹底鬼畜凌辱R~
2026-08-28 06:58:41 - mkk_pika - main.py:35 - INFO - 开始检查空母ヲ級ちゃんの天津風百合奴隷調教～尻奴隷契約編～是否存在未下载章节
2026-08-28 06:58:41 - mkk_pika - main.py:45 - INFO - 正在下载:[空母ヲ級ちゃんの天津風百合奴隷調教～尻奴隷契約編～]-[あいいろさくら (相川りょう)]-[['同人', '短篇', '艦隊收藏']]-[total_pages:44]
2026-08-28 06:58:41 - mkk_pika - main.py:49 - INFO - [{'_id': '5b6700a2a674f911863bf5d6', 'title': '生肉', 'order': 1, 'updated_at': '2019-03-01T09:24:53.716Z', 'id': '5b6700a2a674f911863bf5d6'}, {'_id': '5c78fa65f65433786871516b', 'title': '熟肉', 'order': 2, 'updated_at': '2019-02-28T13:22:22.466Z', 'id': '5c78fa65f65433786871516b'}]
2026-08-28 06:58:41 - mkk_pika - database.py:215 - INFO - 第一次下载该漫画，记录数据库中
2026-08-28 06:58:42 - mkk_pika - main.py:83 - INFO - 找到 22 张图片在:生肉
2026-08-28 06:58:45 - mkk_pika - main.py:112 - INFO - [episode:生肉        ] downloaded:    22, total:  22, progress:100%
2026-08-28 06:58:45 - mkk_pika - database.py:238 - INFO - 数据库更新已下载章节
2026-08-28 06:58:45 - mkk_pika - database.py:244 - INFO - 该漫画已下载章节如下
2026-08-28 06:58:45 - mkk_pika - database.py:245 - INFO - ['生肉']
2026-08-28 06:58:46 - mkk_pika - main.py:83 - INFO - 找到 22 张图片在:熟肉
2026-08-28 06:58:50 - mkk_pika - main.py:112 - INFO - [episode:熟肉        ] downloaded:    22, total:  22, progress:100%
2026-08-28 06:58:50 - mkk_pika - database.py:238 - INFO - 数据库更新已下载章节
2026-08-28 06:58:50 - mkk_pika - database.py:244 - INFO - 该漫画已下载章节如下
2026-08-28 06:58:50 - mkk_pika - database.py:245 - INFO - ['生肉', '熟肉']
2026-08-28 06:58:51 - mkk_pika - main.py:348 - INFO - ==================== 漫画信息 ====================
                                   漫画ID：5b6700a2a674f911863bf5d5
                                   标题：空母ヲ級ちゃんの天津風百合奴隷調教～尻奴隷契約編～
                                   作者：あいいろさくら (相川りょう)
                                   是否完结：否
                                   总页数：44
                                   分类：同人,短篇,艦隊收藏
                                   章节数：2
                                   最后更新时间：2019-03-01T09:24:53.689Z
                                   =================================================
2026-08-28 06:58:51 - mkk_pika - database.py:101 - INFO - 保存成功：空母ヲ級ちゃんの天津風百合奴隷調教～尻奴隷契約編～
2026-08-28 06:58:51 - mkk_pika - main.py:35 - INFO - 开始检查空母ヲ級ちゃんの天津風百合奴隷調教～羞恥3P調教編～是否存在未下载章节
2026-08-28 06:58:52 - mkk_pika - main.py:45 - INFO - 正在下载:[空母ヲ級ちゃんの天津風百合奴隷調教～羞恥3P調教編～]-[あいいろさくら (相川りょう)]-[['同人', '短篇', 'SM', '艦隊收藏']]-[total_pages:52]
2026-08-28 06:58:52 - mkk_pika - main.py:49 - INFO - [{'_id': '5b67029d2c04e24caad195c5', 'title': '生肉', 'order': 1, 'updated_at': '2019-03-01T09:28:47.591Z', 'id': '5b67029d2c04e24caad195c5'}, {'_id': '5c78fb4f5e8c2321baf9f47e', 'title': '熟肉', 'order': 2, 'updated_at': '2019-02-28T13:35:51.193Z', 'id': '5c78fb4f5e8c2321baf9f47e'}]
2026-08-28 06:58:52 - mkk_pika - database.py:215 - INFO - 第一次下载该漫画，记录数据库中
2026-08-28 06:58:52 - mkk_pika - main.py:83 - INFO - 找到 26 张图片在:生肉
2026-08-28 06:58:55 - mkk_pika - main.py:112 - INFO - [episode:生肉        ] downloaded:    26, total:  26, progress:100%
2026-08-28 06:58:55 - mkk_pika - database.py:238 - INFO - 数据库更新已下载章节
2026-08-28 06:58:55 - mkk_pika - database.py:244 - INFO - 该漫画已下载章节如下
2026-08-28 06:58:55 - mkk_pika - database.py:245 - INFO - ['生肉']
2026-08-28 06:59:00 - mkk_pika - main.py:83 - INFO - 找到 26 张图片在:熟肉
2026-08-28 06:59:03 - mkk_pika - main.py:112 - INFO - [episode:熟肉        ] downloaded:    26, total:  26, progress:100%
2026-08-28 06:59:03 - mkk_pika - database.py:238 - INFO - 数据库更新已下载章节
2026-08-28 06:59:03 - mkk_pika - database.py:244 - INFO - 该漫画已下载章节如下
2026-08-28 06:59:03 - mkk_pika - database.py:245 - INFO - ['生肉', '熟肉']
2026-08-28 06:59:04 - mkk_pika - main.py:348 - INFO - ==================== 漫画信息 ====================
                                   漫画ID：5b67029d2c04e24caad195c4
                                   标题：空母ヲ級ちゃんの天津風百合奴隷調教～羞恥3P調教編～
                                   作者：あいいろさくら (相川りょう)
                                   是否完结：否
                                   总页数：52
                                   分类：同人,短篇,SM,艦隊收藏
                                   章节数：2
                                   最后更新时间：2019-03-01T09:28:47.579Z
                                   =================================================
2026-08-28 06:59:04 - mkk_pika - database.py:101 - INFO - 保存成功：空母ヲ級ちゃんの天津風百合奴隷調教～羞恥3P調教編～
2026-08-28 06:59:04 - mkk_pika - main.py:35 - INFO - 开始检查W叮噹 ダブルえもん  (仮面ライダーW Kamen Rider W 假面骑士W）（ドラえもん 哆啦A夢）是否存在未下载章节
2026-08-28 06:59:05 - mkk_pika - main.py:45 - INFO - 正在下载:[W叮噹 ダブルえもん  (仮面ライダーW Kamen Rider W 假面骑士W）（ドラえもん 哆啦A夢）]-[オレンヂ]-[['同人', '短篇', '非人類']]-[total_pages:16]
2026-08-28 06:59:05 - mkk_pika - main.py:49 - INFO - [{'_id': '5c78fbff674e61789b515b0c', 'title': '被留下的U/永遠的搭檔', 'order': 1, 'updated_at': '2019-02-28T14:12:49.073Z', 'id': '5c78fbff674e61789b515b0c'}, {'_id': '5c78fbff674e61789b515b0d', 'title': '再會了E/為這城市獻上正義的花束', 'order': 2, 'updated_at': '2019-02-28T14:13:03.774Z', 'id': '5c78fbff674e61789b515b0d'}]
2026-08-28 06:59:05 - mkk_pika - database.py:215 - INFO - 第一次下载该漫画，记录数据库中
2026-08-28 06:59:07 - mkk_pika - main.py:83 - INFO - 找到 7 张图片在:被留下的U／永遠的搭檔
2026-08-28 06:59:08 - mkk_pika - main.py:112 - INFO - [episode:被留下的U/永遠的搭檔] downloaded:     7, total:   7, progress:100%
2026-08-28 06:59:08 - mkk_pika - database.py:238 - INFO - 数据库更新已下载章节
2026-08-28 06:59:08 - mkk_pika - database.py:244 - INFO - 该漫画已下载章节如下
2026-08-28 06:59:08 - mkk_pika - database.py:245 - INFO - ['被留下的U/永遠的搭檔']
2026-08-28 06:59:10 - mkk_pika - main.py:83 - INFO - 找到 9 张图片在:再會了E／為這城市獻上正義的花束
2026-08-28 06:59:12 - mkk_pika - main.py:112 - INFO - [episode:再會了E/為這城市獻上正義的花束] downloaded:     9, total:   9, progress:100%
2026-08-28 06:59:12 - mkk_pika - database.py:238 - INFO - 数据库更新已下载章节
2026-08-28 06:59:12 - mkk_pika - database.py:244 - INFO - 该漫画已下载章节如下
2026-08-28 06:59:12 - mkk_pika - database.py:245 - INFO - ['被留下的U/永遠的搭檔', '再會了E/為這城市獻上正義的花束']
2026-08-28 06:59:15 - mkk_pika - main.py:348 - INFO - ==================== 漫画信息 ====================
                                   漫画ID：5c78fbff674e61789b515b0b
                                   标题：W叮噹 ダブルえもん  (仮面ライダーW Kamen Rider W 假面骑士W）（ドラえもん 哆啦A夢）
                                   作者：オレンヂ
                                   是否完结：是
                                   总页数：16
                                   分类：同人,短篇,非人類
                                   章节数：2
                                   最后更新时间：2019-03-01T09:31:43.881Z
                                   =================================================
2026-08-28 06:59:15 - mkk_pika - database.py:101 - INFO - 保存成功：W叮噹 ダブルえもん  (仮面ライダーW Kamen Rider W 假面骑士W）（ドラえもん 哆啦A夢）
2026-08-28 06:59:15 - mkk_pika - main.py:35 - INFO - 开始检查女が苦手なヤンキーと少女の話是否存在未下载章节
2026-08-28 06:59:15 - mkk_pika - main.py:45 - INFO - 正在下载:[女が苦手なヤンキーと少女の話]-[丸美甘]-[['短篇', '純愛']]-[total_pages:29]
2026-08-28 06:59:15 - mkk_pika - main.py:49 - INFO - [{'_id': '5c78fc45f6543378687153a5', 'title': '第1集', 'order': 1, 'updated_at': '2019-02-28T15:53:38.267Z', 'id': '5c78fc45f6543378687153a5'}]
2026-08-28 06:59:15 - mkk_pika - database.py:215 - INFO - 第一次下载该漫画，记录数据库中
2026-08-28 06:59:16 - mkk_pika - main.py:83 - INFO - 找到 29 张图片在:第1集
2026-08-28 06:59:19 - mkk_pika - main.py:112 - INFO - [episode:第1集       ] downloaded:    29, total:  29, progress:100%
2026-08-28 06:59:19 - mkk_pika - database.py:238 - INFO - 数据库更新已下载章节
2026-08-28 06:59:19 - mkk_pika - database.py:244 - INFO - 该漫画已下载章节如下
2026-08-28 06:59:19 - mkk_pika - database.py:245 - INFO - ['第1集']
2026-08-28 06:59:21 - mkk_pika - main.py:348 - INFO - ==================== 漫画信息 ====================
                                   漫画ID：5c78fc45f6543378687153a4
                                   标题：女が苦手なヤンキーと少女の話
                                   作者：丸美甘
                                   是否完结：是
                                   总页数：29
                                   分类：短篇,純愛
                                   章节数：1
                                   最后更新时间：2019-03-01T09:32:53.388Z
                                   =================================================
2026-08-28 06:59:21 - mkk_pika - database.py:101 - INFO - 保存成功：女が苦手なヤンキーと少女の話
2026-08-28 06:59:21 - mkk_pika - main.py:35 - INFO - 开始检查蝕用雌肉是否存在未下载章节
2026-08-28 06:59:21 - mkk_pika - main.py:45 - INFO - 正在下载:[蝕用雌肉]-[nalvas]-[['短篇', '非人類', '強暴']]-[total_pages:16]
2026-08-28 06:59:21 - mkk_pika - main.py:49 - INFO - [{'_id': '5c78fc5a674e61789b515b3e', 'title': '第1集', 'order': 1, 'updated_at': '2019-02-28T12:25:19.136Z', 'id': '5c78fc5a674e61789b515b3e'}]
2026-08-28 06:59:21 - mkk_pika - database.py:215 - INFO - 第一次下载该漫画，记录数据库中
2026-08-28 06:59:22 - mkk_pika - main.py:83 - INFO - 找到 16 张图片在:第1集
2026-08-28 06:59:24 - mkk_pika - main.py:112 - INFO - [episode:第1集       ] downloaded:    16, total:  16, progress:100%
2026-08-28 06:59:24 - mkk_pika - database.py:238 - INFO - 数据库更新已下载章节
2026-08-28 06:59:24 - mkk_pika - database.py:244 - INFO - 该漫画已下载章节如下
2026-08-28 06:59:24 - mkk_pika - database.py:245 - INFO - ['第1集']
2026-08-28 06:59:25 - mkk_pika - main.py:348 - INFO - ==================== 漫画信息 ====================
                                   漫画ID：5c78fc5a674e61789b515b3d
                                   标题：蝕用雌肉
                                   作者：nalvas
                                   是否完结：是
                                   总页数：16
                                   分类：短篇,非人類,強暴
                                   章节数：1
                                   最后更新时间：2019-03-01T09:33:14.005Z
                                   =================================================
2026-08-28 06:59:25 - mkk_pika - database.py:101 - INFO - 保存成功：蝕用雌肉
2026-08-28 06:59:25 - mkk_pika - main.py:35 - INFO - 开始检查阿求と小鈴のどきどき体験 (東方Project)是否存在未下载章节
2026-08-28 06:59:26 - mkk_pika - main.py:45 - INFO - 正在下载:[阿求と小鈴のどきどき体験 (東方Project)]-[きつねとぶどう (くろな)]-[['短篇', '同人', '非人類', '強暴', '東方']]-[total_pages:26]
2026-08-28 06:59:26 - mkk_pika - main.py:49 - INFO - [{'_id': '5c78fc7793941078705a3c2d', 'title': '第1集', 'order': 1, 'updated_at': '2019-02-28T12:32:19.014Z', 'id': '5c78fc7793941078705a3c2d'}]
2026-08-28 06:59:26 - mkk_pika - database.py:215 - INFO - 第一次下载该漫画，记录数据库中
2026-08-28 06:59:26 - mkk_pika - main.py:83 - INFO - 找到 26 张图片在:第1集
2026-08-28 06:59:32 - mkk_pika - main.py:112 - INFO - [episode:第1集       ] downloaded:    26, total:  26, progress:100%
2026-08-28 06:59:32 - mkk_pika - database.py:238 - INFO - 数据库更新已下载章节
2026-08-28 06:59:32 - mkk_pika - database.py:244 - INFO - 该漫画已下载章节如下
2026-08-28 06:59:32 - mkk_pika - database.py:245 - INFO - ['第1集']
2026-08-28 06:59:34 - mkk_pika - main.py:348 - INFO - ==================== 漫画信息 ====================
                                   漫画ID：5c78fc7793941078705a3c2c
                                   标题：阿求と小鈴のどきどき体験 (東方Project)
                                   作者：きつねとぶどう (くろな)
                                   是否完结：是
                                   总页数：26
                                   分类：短篇,同人,非人類,強暴,東方
                                   章节数：1
                                   最后更新时间：2019-03-01T09:33:43.608Z
                                   =================================================
2026-08-28 06:59:34 - mkk_pika - database.py:101 - INFO - 保存成功：阿求と小鈴のどきどき体験 (東方Project)
2026-08-28 06:59:34 - mkk_pika - main.py:35 - INFO - 开始检查♂豚☆イリヤ是否存在未下载章节
2026-08-28 06:59:34 - mkk_pika - main.py:45 - INFO - 正在下载:[♂豚☆イリヤ]-[あおいまさみ（蒼海）]-[['短篇', '同人', '非人類', 'Fate', '全彩']]-[total_pages:7]
2026-08-28 06:59:34 - mkk_pika - main.py:49 - INFO - [{'_id': '5c78fda35e8c2321baf9f4a7', 'title': '第1集', 'order': 1, 'updated_at': '2019-02-28T12:43:06.554Z', 'id': '5c78fda35e8c2321baf9f4a7'}]
2026-08-28 06:59:34 - mkk_pika - database.py:215 - INFO - 第一次下载该漫画，记录数据库中
2026-08-28 06:59:35 - mkk_pika - main.py:83 - INFO - 找到 7 张图片在:第1集
2026-08-28 06:59:36 - mkk_pika - main.py:112 - INFO - [episode:第1集       ] downloaded:     7, total:   7, progress:100%
2026-08-28 06:59:36 - mkk_pika - database.py:238 - INFO - 数据库更新已下载章节
2026-08-28 06:59:36 - mkk_pika - database.py:244 - INFO - 该漫画已下载章节如下
2026-08-28 06:59:36 - mkk_pika - database.py:245 - INFO - ['第1集']
2026-08-28 06:59:37 - mkk_pika - main.py:348 - INFO - ==================== 漫画信息 ====================
                                   漫画ID：5c78fda35e8c2321baf9f4a6
                                   标题：♂豚☆イリヤ
                                   作者：あおいまさみ（蒼海）
                                   是否完结：是
                                   总页数：7
                                   分类：短篇,同人,非人類,Fate,全彩
                                   章节数：1
                                   最后更新时间：2019-03-01T09:38:43.255Z
                                   =================================================
2026-08-28 06:59:37 - mkk_pika - database.py:101 - INFO - 保存成功：♂豚☆イリヤ
2026-08-28 06:59:37 - mkk_pika - main.py:35 - INFO - 开始检查 ボレロ (COMIC 快楽天 2018年12月号)是否存在未下载章节
2026-08-28 06:59:37 - mkk_pika - main.py:45 - INFO - 正在下载:[ ボレロ (COMIC 快楽天 2018年12月号)]-[さくま司]-[['短篇', '純愛']]-[total_pages:20]
2026-08-28 06:59:37 - mkk_pika - main.py:49 - INFO - [{'_id': '5c78fe7e674e61789b515b79', 'title': '第1集', 'order': 1, 'updated_at': '2019-02-28T16:58:29.034Z', 'id': '5c78fe7e674e61789b515b79'}]
2026-08-28 06:59:37 - mkk_pika - database.py:215 - INFO - 第一次下载该漫画，记录数据库中
2026-08-28 06:59:38 - mkk_pika - main.py:83 - INFO - 找到 20 张图片在:第1集
2026-08-28 06:59:49 - mkk_pika - main.py:112 - INFO - [episode:第1集       ] downloaded:    20, total:  20, progress:100%
2026-08-28 06:59:49 - mkk_pika - database.py:238 - INFO - 数据库更新已下载章节
2026-08-28 06:59:49 - mkk_pika - database.py:244 - INFO - 该漫画已下载章节如下
2026-08-28 06:59:49 - mkk_pika - database.py:245 - INFO - ['第1集']
2026-08-28 06:59:50 - mkk_pika - main.py:348 - INFO - ==================== 漫画信息 ====================
                                   漫画ID：5c78fe7e674e61789b515b78
                                   标题： ボレロ (COMIC 快楽天 2018年12月号)
                                   作者：さくま司
                                   是否完结：是
                                   总页数：20
                                   分类：短篇,純愛
                                   章节数：1
                                   最后更新时间：2019-03-01T09:42:22.764Z
                                   =================================================
2026-08-28 06:59:50 - mkk_pika - database.py:101 - INFO - 保存成功： ボレロ (COMIC 快楽天 2018年12月号)
2026-08-28 06:59:50 - mkk_pika - main.py:35 - INFO - 开始检查 YVTRPGX (対魔忍ユキカゼ)是否存在未下载章节
2026-08-28 06:59:50 - mkk_pika - main.py:45 - INFO - 正在下载:[ YVTRPGX (対魔忍ユキカゼ)]-[Lovewn Outpost (BLADE)]-[['短篇', '同人', '全彩', '非人類', '強暴', 'NTR']]-[total_pages:10]
2026-08-28 06:59:50 - mkk_pika - main.py:49 - INFO - [{'_id': '5c78fe9114208621f1101754', 'title': '第1集', 'order': 1, 'updated_at': '2019-02-28T17:28:36.384Z', 'id': '5c78fe9114208621f1101754'}]
2026-08-28 06:59:50 - mkk_pika - database.py:215 - INFO - 第一次下载该漫画，记录数据库中
2026-08-28 06:59:51 - mkk_pika - main.py:83 - INFO - 找到 30 张图片在:第1集
2026-08-28 06:59:55 - mkk_pika - main.py:112 - INFO - [episode:第1集       ] downloaded:    30, total:  30, progress:100%
2026-08-28 06:59:55 - mkk_pika - database.py:238 - INFO - 数据库更新已下载章节
2026-08-28 06:59:55 - mkk_pika - database.py:244 - INFO - 该漫画已下载章节如下
2026-08-28 06:59:55 - mkk_pika - database.py:245 - INFO - ['第1集']
2026-08-28 06:59:56 - mkk_pika - main.py:348 - INFO - ==================== 漫画信息 ====================
                                   漫画ID：5c78fe9114208621f1101753
                                   标题： YVTRPGX (対魔忍ユキカゼ)
                                   作者：Lovewn Outpost (BLADE)
                                   是否完结：是
                                   总页数：10
                                   分类：短篇,同人,全彩,非人類,強暴,NTR
                                   章节数：1
                                   最后更新时间：2019-03-01T09:42:41.923Z
                                   =================================================
2026-08-28 06:59:56 - mkk_pika - database.py:101 - INFO - 保存成功： YVTRPGX (対魔忍ユキカゼ)
2026-08-28 06:59:56 - mkk_pika - main.py:35 - INFO - 开始检查(C95)  夏を楽しみましょう。 (Fate/Grand Order)是否存在未下载章节
2026-08-28 06:59:57 - mkk_pika - main.py:45 - INFO - 正在下载:[(C95)  夏を楽しみましょう。 (Fate/Grand Order)]-[聖性屋 (聖シロー)]-[['短篇', '同人', 'NTR', 'Fate']]-[total_pages:71]
2026-08-28 06:59:57 - mkk_pika - main.py:49 - INFO - [{'_id': '5c482fb885d5962fb3955356', 'title': '第1集', 'order': 1, 'updated_at': '2019-01-21T17:24:17.156Z', 'id': '5c482fb885d5962fb3955356'}, {'_id': '5c7a49e86383f321e974b65d', 'title': '汉化（修改）', 'order': 2, 'updated_at': '2019-03-02T04:14:48.800Z', 'id': '5c7a49e86383f321e974b65d'}]
2026-08-28 06:59:57 - mkk_pika - database.py:215 - INFO - 第一次下载该漫画，记录数据库中
2026-08-28 06:59:57 - mkk_pika - main.py:83 - INFO - 找到 26 张图片在:第1集
2026-08-28 07:00:10 - mkk_pika - main.py:112 - INFO - [episode:第1集       ] downloaded:    26, total:  26, progress:100%
2026-08-28 07:00:10 - mkk_pika - database.py:238 - INFO - 数据库更新已下载章节
2026-08-28 07:00:10 - mkk_pika - database.py:244 - INFO - 该漫画已下载章节如下
2026-08-28 07:00:10 - mkk_pika - database.py:245 - INFO - ['第1集']
2026-08-28 07:00:12 - mkk_pika - main.py:83 - INFO - 找到 25 张图片在:汉化（修改）
2026-08-28 07:00:16 - mkk_pika - main.py:112 - INFO - [episode:汉化（修改）    ] downloaded:    25, total:  25, progress:100%
2026-08-28 07:00:16 - mkk_pika - database.py:238 - INFO - 数据库更新已下载章节
2026-08-28 07:00:16 - mkk_pika - database.py:244 - INFO - 该漫画已下载章节如下
2026-08-28 07:00:16 - mkk_pika - database.py:245 - INFO - ['第1集', '汉化（修改）']
2026-08-28 07:00:17 - mkk_pika - main.py:348 - INFO - ==================== 漫画信息 ====================
                                   漫画ID：5c482fb885d5962fb3955355
                                   标题：(C95)  夏を楽しみましょう。 (Fate/Grand Order)
                                   作者：聖性屋 (聖シロー)
                                   是否完结：是
                                   总页数：71
                                   分类：短篇,同人,NTR,Fate
                                   章节数：2
                                   最后更新时间：2019-03-01T09:42:56.845Z
                                   =================================================
2026-08-28 07:00:17 - mkk_pika - database.py:101 - INFO - 保存成功：(C95)  夏を楽しみましょう。 (Fate/Grand Order)
2026-08-28 07:00:17 - mkk_pika - main.py:35 - INFO - 开始检查 (C95) 白濁クリスマス (東方Project)是否存在未下载章节
2026-08-28 07:00:27 - mkk_pika - main.py:45 - INFO - 正在下载:[ (C95) 白濁クリスマス (東方Project)]-[YuKi-IRo (ゆきうさぎ。)]-[['同人', '短篇', '東方', '純愛']]-[total_pages:19]
2026-08-28 07:00:27 - mkk_pika - main.py:49 - INFO - [{'_id': '5c78fee142457b11e313c7be', 'title': '第1集', 'order': 1, 'updated_at': '2019-02-28T19:01:58.486Z', 'id': '5c78fee142457b11e313c7be'}]
2026-08-28 07:00:27 - mkk_pika - database.py:215 - INFO - 第一次下载该漫画，记录数据库中
2026-08-28 07:00:28 - mkk_pika - main.py:83 - INFO - 找到 19 张图片在:第1集
2026-08-28 07:00:32 - mkk_pika - main.py:112 - INFO - [episode:第1集       ] downloaded:    19, total:  19, progress:100%
2026-08-28 07:00:32 - mkk_pika - database.py:238 - INFO - 数据库更新已下载章节
2026-08-28 07:00:32 - mkk_pika - database.py:244 - INFO - 该漫画已下载章节如下
2026-08-28 07:00:32 - mkk_pika - database.py:245 - INFO - ['第1集']
2026-08-28 07:00:33 - mkk_pika - main.py:348 - INFO - ==================== 漫画信息 ====================
                                   漫画ID：5c78fee142457b11e313c7bd
                                   标题： (C95) 白濁クリスマス (東方Project)
                                   作者：YuKi-IRo (ゆきうさぎ。)
                                   是否完结：是
                                   总页数：19
                                   分类：同人,短篇,東方,純愛
                                   章节数：1
                                   最后更新时间：2019-03-01T09:44:01.474Z
                                   =================================================
2026-08-28 07:00:33 - mkk_pika - database.py:101 - INFO - 保存成功： (C95) 白濁クリスマス (東方Project)
2026-08-28 07:00:33 - mkk_pika - main.py:35 - INFO - 开始检查FGOカーニバル20 ようこそ!発情至高カルデア極上酒保へ 二杯目 (Fate Grand Order)（汉化）是否存在未下载章节
2026-08-28 07:00:33 - mkk_pika - main.py:45 - INFO - 正在下载:[FGOカーニバル20 ようこそ!発情至高カルデア極上酒保へ 二杯目 (Fate Grand Order)（汉化）]-[萌姫連合 (xin、obiwan)]-[['短篇', '全彩', '同人', 'Fate', '後宮閃光', '足の恋']]-[total_pages:26]
2026-08-28 07:00:33 - mkk_pika - main.py:49 - INFO - [{'_id': '5c78ffdd14208621f1101855', 'title': '第1集', 'order': 1, 'updated_at': '2019-03-01T03:10:01.604Z', 'id': '5c78ffdd14208621f1101855'}]
2026-08-28 07:00:33 - mkk_pika - database.py:215 - INFO - 第一次下载该漫画，记录数据库中
2026-08-28 07:00:34 - mkk_pika - main.py:83 - INFO - 找到 26 张图片在:第1集
2026-08-28 07:00:37 - mkk_pika - main.py:112 - INFO - [episode:第1集       ] downloaded:    26, total:  26, progress:100%
2026-08-28 07:00:37 - mkk_pika - database.py:238 - INFO - 数据库更新已下载章节
2026-08-28 07:00:37 - mkk_pika - database.py:244 - INFO - 该漫画已下载章节如下
2026-08-28 07:00:37 - mkk_pika - database.py:245 - INFO - ['第1集']
2026-08-28 07:00:38 - mkk_pika - main.py:348 - INFO - ==================== 漫画信息 ====================
                                   漫画ID：5c78ffdd14208621f1101854
                                   标题：FGOカーニバル20 ようこそ!発情至高カルデア極上酒保へ 二杯目 (Fate Grand Order)（汉化）
                                   作者：萌姫連合 (xin、obiwan)
                                   是否完结：是
                                   总页数：26
                                   分类：短篇,全彩,同人,Fate,後宮閃光,足の恋
                                   章节数：1
                                   最后更新时间：2019-03-01T09:48:13.238Z
                                   =================================================
2026-08-28 07:00:38 - mkk_pika - database.py:101 - INFO - 保存成功：FGOカーニバル20 ようこそ!発情至高カルデア極上酒保へ 二杯目 (Fate Grand Order)（汉化）
2026-08-28 07:00:38 - mkk_pika - main.py:35 - INFO - 开始检查管它的什麼事情都好啦總之我就是想畫虞姬被項羽的大朕朕抽插到翻掉的本子是否存在未下载章节
2026-08-28 07:00:40 - mkk_pika - main.py:45 - INFO - 正在下载:[管它的什麼事情都好啦總之我就是想畫虞姬被項羽的大朕朕抽插到翻掉的本子]-[不紳士作戰部(NAiK)]-[['短篇', '同人', 'Fate', '非人類']]-[total_pages:14]
2026-08-28 07:00:40 - mkk_pika - main.py:49 - INFO - [{'_id': '5c78ffe8c49b251117a3af19', 'title': '第1集', 'order': 1, 'updated_at': '2019-03-01T03:20:21.499Z', 'id': '5c78ffe8c49b251117a3af19'}]
2026-08-28 07:00:40 - mkk_pika - database.py:215 - INFO - 第一次下载该漫画，记录数据库中
2026-08-28 07:00:41 - mkk_pika - main.py:83 - INFO - 找到 14 张图片在:第1集
2026-08-28 07:00:46 - mkk_pika - main.py:112 - INFO - [episode:第1集       ] downloaded:    14, total:  14, progress:100%
2026-08-28 07:00:46 - mkk_pika - database.py:238 - INFO - 数据库更新已下载章节
2026-08-28 07:00:46 - mkk_pika - database.py:244 - INFO - 该漫画已下载章节如下
2026-08-28 07:00:46 - mkk_pika - database.py:245 - INFO - ['第1集']
2026-08-28 07:00:47 - mkk_pika - main.py:348 - INFO - ==================== 漫画信息 ====================
                                   漫画ID：5c78ffe8c49b251117a3af18
                                   标题：管它的什麼事情都好啦總之我就是想畫虞姬被項羽的大朕朕抽插到翻掉的本子
                                   作者：不紳士作戰部(NAiK)
                                   是否完结：是
                                   总页数：14
                                   分类：短篇,同人,Fate,非人類
                                   章节数：1
                                   最后更新时间：2019-03-01T09:48:24.088Z
                                   =================================================
2026-08-28 07:00:47 - mkk_pika - database.py:101 - INFO - 保存成功：管它的什麼事情都好啦總之我就是想畫虞姬被項羽的大朕朕抽插到翻掉的本子
2026-08-28 07:00:47 - mkk_pika - main.py:35 - INFO - 开始检查(C95) みりあちゃんと個人レッスン (アイドルマスター シンデレラガールズ) 是否存在未下载章节
2026-08-28 07:00:48 - mkk_pika - main.py:45 - INFO - 正在下载:[(C95) みりあちゃんと個人レッスン (アイドルマスター シンデレラガールズ) ]-[FLAT (悠久ポン酢)]-[['同人', '短篇']]-[total_pages:25]
2026-08-28 07:00:48 - mkk_pika - main.py:49 - INFO - [{'_id': '5c79000f6383f321e974abc2', 'title': '第1集', 'order': 1, 'updated_at': '2019-03-01T04:03:46.729Z', 'id': '5c79000f6383f321e974abc2'}]
2026-08-28 07:00:48 - mkk_pika - database.py:215 - INFO - 第一次下载该漫画，记录数据库中
2026-08-28 07:00:49 - mkk_pika - main.py:83 - INFO - 找到 25 张图片在:第1集
2026-08-28 07:00:54 - mkk_pika - main.py:112 - INFO - [episode:第1集       ] downloaded:    25, total:  25, progress:100%
2026-08-28 07:00:54 - mkk_pika - database.py:238 - INFO - 数据库更新已下载章节
2026-08-28 07:00:54 - mkk_pika - database.py:244 - INFO - 该漫画已下载章节如下
2026-08-28 07:00:54 - mkk_pika - database.py:245 - INFO - ['第1集']
2026-08-28 07:00:56 - mkk_pika - main.py:348 - INFO - ==================== 漫画信息 ====================
                                   漫画ID：5c79000f6383f321e974abc1
                                   标题：(C95) みりあちゃんと個人レッスン (アイドルマスター シンデレラガールズ) 
                                   作者：FLAT (悠久ポン酢)
                                   是否完结：是
                                   总页数：25
                                   分类：同人,短篇
                                   章节数：1
                                   最后更新时间：2019-03-01T09:49:03.291Z
                                   =================================================
2026-08-28 07:00:56 - mkk_pika - database.py:101 - INFO - 保存成功：(C95) みりあちゃんと個人レッスン (アイドルマスター シンデレラガールズ) 
2026-08-28 07:00:56 - mkk_pika - main.py:35 - INFO - 开始检查雷纳兹酱正在青春期——ヘルマちゃんはししゅんき!是否存在未下载章节
2026-08-28 07:00:56 - mkk_pika - main.py:45 - INFO - 正在下载:[雷纳兹酱正在青春期——ヘルマちゃんはししゅんき!]-[はこにわかいろう (にしやまゆーいち)]-[['同人', '短篇', '百合花園']]-[total_pages:55]
2026-08-28 07:00:56 - mkk_pika - main.py:49 - INFO - [{'_id': '5c790023f654337868715426', 'title': '抽象版本', 'order': 1, 'updated_at': '2019-02-28T20:45:26.846Z', 'id': '5c790023f654337868715426'}, {'_id': '5c790023f654337868715427', 'title': '正常版本', 'order': 2, 'updated_at': '2019-02-28T20:43:05.719Z', 'id': '5c790023f654337868715427'}, {'_id': '5c790023f654337868715428', 'title': '比较版本', 'order': 3, 'updated_at': '2019-02-28T20:29:48.497Z', 'id': '5c790023f654337868715428'}]
2026-08-28 07:00:56 - mkk_pika - database.py:215 - INFO - 第一次下载该漫画，记录数据库中
2026-08-28 07:00:57 - mkk_pika - main.py:83 - INFO - 找到 20 张图片在:抽象版本
2026-08-28 07:01:00 - mkk_pika - main.py:112 - INFO - [episode:抽象版本      ] downloaded:    20, total:  20, progress:100%
2026-08-28 07:01:00 - mkk_pika - database.py:238 - INFO - 数据库更新已下载章节
2026-08-28 07:01:00 - mkk_pika - database.py:244 - INFO - 该漫画已下载章节如下
2026-08-28 07:01:00 - mkk_pika - database.py:245 - INFO - ['抽象版本']
2026-08-28 07:01:03 - mkk_pika - main.py:83 - INFO - 找到 18 张图片在:正常版本
2026-08-28 07:01:07 - mkk_pika - main.py:112 - INFO - [episode:正常版本      ] downloaded:    18, total:  18, progress:100%
2026-08-28 07:01:07 - mkk_pika - database.py:238 - INFO - 数据库更新已下载章节
2026-08-28 07:01:07 - mkk_pika - database.py:244 - INFO - 该漫画已下载章节如下
2026-08-28 07:01:07 - mkk_pika - database.py:245 - INFO - ['抽象版本', '正常版本']
2026-08-28 07:01:09 - mkk_pika - main.py:83 - INFO - 找到 18 张图片在:比较版本
2026-08-28 07:01:12 - mkk_pika - main.py:112 - INFO - [episode:比较版本      ] downloaded:    18, total:  18, progress:100%
2026-08-28 07:01:12 - mkk_pika - database.py:238 - INFO - 数据库更新已下载章节
2026-08-28 07:01:12 - mkk_pika - database.py:244 - INFO - 该漫画已下载章节如下
2026-08-28 07:01:12 - mkk_pika - database.py:245 - INFO - ['抽象版本', '正常版本', '比较版本']
2026-08-28 07:01:14 - mkk_pika - main.py:348 - INFO - ==================== 漫画信息 ====================
                                   漫画ID：5c790023f654337868715425
                                   标题：雷纳兹酱正在青春期——ヘルマちゃんはししゅんき!
                                   作者：はこにわかいろう (にしやまゆーいち)
                                   是否完结：是
                                   总页数：55
                                   分类：同人,短篇,百合花園
                                   章节数：3
                                   最后更新时间：2019-03-01T09:49:23.278Z
                                   =================================================
2026-08-28 07:01:14 - mkk_pika - database.py:101 - INFO - 保存成功：雷纳兹酱正在青春期——ヘルマちゃんはししゅんき!
2026-08-28 07:01:14 - mkk_pika - main.py:35 - INFO - 开始检查闇堕ちのリーア 裏切られた女エルフ是否存在未下载章节
2026-08-28 07:01:14 - mkk_pika - main.py:45 - INFO - 正在下载:[闇堕ちのリーア 裏切られた女エルフ]-[タカツキイチ]-[['短篇', '非人類', '強暴']]-[total_pages:25]
2026-08-28 07:01:14 - mkk_pika - main.py:49 - INFO - [{'_id': '5c79004493941078705a3c8a', 'title': '第1集', 'order': 1, 'updated_at': '2019-03-01T04:39:04.239Z', 'id': '5c79004493941078705a3c8a'}]
2026-08-28 07:01:14 - mkk_pika - database.py:215 - INFO - 第一次下载该漫画，记录数据库中
2026-08-28 07:01:15 - mkk_pika - main.py:83 - INFO - 找到 25 张图片在:第1集
2026-08-28 07:01:21 - mkk_pika - main.py:112 - INFO - [episode:第1集       ] downloaded:    25, total:  25, progress:100%
2026-08-28 07:01:21 - mkk_pika - database.py:238 - INFO - 数据库更新已下载章节
2026-08-28 07:01:21 - mkk_pika - database.py:244 - INFO - 该漫画已下载章节如下
2026-08-28 07:01:21 - mkk_pika - database.py:245 - INFO - ['第1集']
2026-08-28 07:01:22 - mkk_pika - main.py:348 - INFO - ==================== 漫画信息 ====================
                                   漫画ID：5c79004493941078705a3c89
                                   标题：闇堕ちのリーア 裏切られた女エルフ
                                   作者：タカツキイチ
                                   是否完结：是
                                   总页数：25
                                   分类：短篇,非人類,強暴
                                   章节数：1
                                   最后更新时间：2019-03-01T09:49:56.199Z
                                   =================================================
2026-08-28 07:01:22 - mkk_pika - database.py:101 - INFO - 保存成功：闇堕ちのリーア 裏切られた女エルフ
2026-08-28 07:01:22 - mkk_pika - main.py:35 - INFO - 开始检查KDA A&E（英雄联盟）是否存在未下载章节
2026-08-28 07:01:22 - mkk_pika - main.py:45 - INFO - 正在下载:[KDA A&E（英雄联盟）]-[CianYo]-[['短篇', '同人', '全彩']]-[total_pages:15]
2026-08-28 07:01:22 - mkk_pika - main.py:49 - INFO - [{'_id': '5c79008e1dfd97789549f072', 'title': '第1集', 'order': 1, 'updated_at': '2019-03-01T04:48:04.898Z', 'id': '5c79008e1dfd97789549f072'}]
2026-08-28 07:01:22 - mkk_pika - database.py:215 - INFO - 第一次下载该漫画，记录数据库中
2026-08-28 07:01:23 - mkk_pika - main.py:83 - INFO - 找到 15 张图片在:第1集
2026-08-28 07:01:27 - mkk_pika - main.py:112 - INFO - [episode:第1集       ] downloaded:    15, total:  15, progress:100%
2026-08-28 07:01:27 - mkk_pika - database.py:238 - INFO - 数据库更新已下载章节
2026-08-28 07:01:27 - mkk_pika - database.py:244 - INFO - 该漫画已下载章节如下
2026-08-28 07:01:27 - mkk_pika - database.py:245 - INFO - ['第1集']
2026-08-28 07:01:28 - mkk_pika - main.py:348 - INFO - ==================== 漫画信息 ====================
                                   漫画ID：5c79008e1dfd97789549f071
                                   标题：KDA A&E（英雄联盟）
                                   作者：CianYo
                                   是否完结：是
                                   总页数：15
                                   分类：短篇,同人,全彩
                                   章节数：1
                                   最后更新时间：2019-03-01T09:51:10.946Z
                                   =================================================
2026-08-28 07:01:28 - mkk_pika - database.py:101 - INFO - 保存成功：KDA A&E（英雄联盟）
2026-08-28 07:01:28 - mkk_pika - main.py:35 - INFO - 开始检查寝ているわたしにえっちなコトしちゃうんですね… (Fate/Grand Order)是否存在未下载章节
2026-08-28 07:01:29 - mkk_pika - main.py:45 - INFO - 正在下载:[寝ているわたしにえっちなコトしちゃうんですね… (Fate/Grand Order)]-[ゆずや (ユズハ)]-[['短篇', '同人', 'Fate']]-[total_pages:28]
2026-08-28 07:01:29 - mkk_pika - main.py:49 - INFO - [{'_id': '5c7900de6383f321e974abe0', 'title': '第1集', 'order': 1, 'updated_at': '2019-03-01T07:10:59.226Z', 'id': '5c7900de6383f321e974abe0'}]
2026-08-28 07:01:29 - mkk_pika - database.py:215 - INFO - 第一次下载该漫画，记录数据库中
2026-08-28 07:01:29 - mkk_pika - main.py:83 - INFO - 找到 28 张图片在:第1集
2026-08-28 07:01:39 - mkk_pika - main.py:112 - INFO - [episode:第1集       ] downloaded:    28, total:  28, progress:100%
2026-08-28 07:01:39 - mkk_pika - database.py:238 - INFO - 数据库更新已下载章节
2026-08-28 07:01:39 - mkk_pika - database.py:244 - INFO - 该漫画已下载章节如下
2026-08-28 07:01:39 - mkk_pika - database.py:245 - INFO - ['第1集']
2026-08-28 07:01:40 - mkk_pika - main.py:348 - INFO - ==================== 漫画信息 ====================
                                   漫画ID：5c7900de6383f321e974abdf
                                   标题：寝ているわたしにえっちなコトしちゃうんですね… (Fate/Grand Order)
                                   作者：ゆずや (ユズハ)
                                   是否完结：是
                                   总页数：28
                                   分类：短篇,同人,Fate
                                   章节数：1
                                   最后更新时间：2019-03-01T09:52:30.619Z
                                   =================================================
2026-08-28 07:01:40 - mkk_pika - database.py:101 - INFO - 保存成功：寝ているわたしにえっちなコトしちゃうんですね… (Fate/Grand Order)
2026-08-28 07:01:40 - mkk_pika - main.py:35 - INFO - 开始检查 (C88)  After G4U! (アイドルマスター)是否存在未下载章节
2026-08-28 07:01:41 - mkk_pika - main.py:45 - INFO - 正在下载:[ (C88)  After G4U! (アイドルマスター)]-[蜜柑電車 (ダン)]-[['短篇', '同人']]-[total_pages:33]
2026-08-28 07:01:41 - mkk_pika - main.py:49 - INFO - [{'_id': '5c7900f11dfd97789549f08a', 'title': '第1集', 'order': 1, 'updated_at': '2019-03-01T07:30:20.097Z', 'id': '5c7900f11dfd97789549f08a'}]
2026-08-28 07:01:41 - mkk_pika - database.py:215 - INFO - 第一次下载该漫画，记录数据库中
2026-08-28 07:01:41 - mkk_pika - main.py:83 - INFO - 找到 33 张图片在:第1集
2026-08-28 07:01:48 - mkk_pika - main.py:112 - INFO - [episode:第1集       ] downloaded:    33, total:  33, progress:100%
2026-08-28 07:01:48 - mkk_pika - database.py:238 - INFO - 数据库更新已下载章节
2026-08-28 07:01:48 - mkk_pika - database.py:244 - INFO - 该漫画已下载章节如下
2026-08-28 07:01:48 - mkk_pika - database.py:245 - INFO - ['第1集']
2026-08-28 07:01:49 - mkk_pika - main.py:348 - INFO - ==================== 漫画信息 ====================
                                   漫画ID：5c7900f11dfd97789549f089
                                   标题： (C88)  After G4U! (アイドルマスター)
                                   作者：蜜柑電車 (ダン)
                                   是否完结：否
                                   总页数：33
                                   分类：短篇,同人
                                   章节数：1
                                   最后更新时间：2019-03-01T09:52:49.004Z
                                   =================================================
2026-08-28 07:01:49 - mkk_pika - database.py:101 - INFO - 保存成功： (C88)  After G4U! (アイドルマスター)
2026-08-28 07:01:49 - mkk_pika - main.py:380 - INFO - 本次任务下载完毕
2026-08-28 07:01:49 - mkk_pika - database.py:173 - INFO - 数据库连接已关闭
