2026-08-20 23:34:46 - mkk_pika - main.py:193 - INFO - =======================================================================
2026-08-20 23:34:46 - mkk_pika - database.py:61 - INFO - 表和索引初始化成功
2026-08-20 23:34:46 - mkk_pika - main.py:197 - INFO - 已经累计下载19092本漫画
2026-08-20 23:34:46 - mkk_pika - api.py:87 - INFO - 登录成功
2026-08-20 23:34:47 - mkk_pika - main.py:203 - INFO - 收藏夹共计0本漫画
2026-08-20 23:34:47 - mkk_pika - main.py:206 - INFO - 开始下载收藏夹内未下载内容
2026-08-20 23:34:47 - mkk_pika - main.py:266 - INFO - 收藏夹内容下载完毕
2026-08-20 23:34:47 - mkk_pika - main.py:268 - INFO - 开始下载订阅内容
2026-08-20 23:34:47 - mkk_pika - database.py:258 - INFO - 根据ID查询到标题：萝莉 -> エロ本大好きなガキが女の子な訳ねえだろ!! | 喜欢看小黄漫的小鬼怎么可会是女生呢‼
2026-08-20 23:34:48 - mkk_pika - database.py:101 - INFO - 保存成功：エロ本大好きなガキが女の子な訳ねえだろ!! | 喜欢看小黄漫的小鬼怎么可会是女生呢‼
2026-08-20 23:34:48 - mkk_pika - main.py:273 - INFO - 关键词萝莉找到1本漫画
2026-08-20 23:34:48 - mkk_pika - database.py:258 - INFO - 根据ID查询到标题：蘿莉 -> サキュバスちゃん発情中！
2026-08-20 23:34:48 - mkk_pika - database.py:101 - INFO - 保存成功：怖い?学園のウワサ | 可怕的?学院传闻
2026-08-20 23:34:48 - mkk_pika - main.py:273 - INFO - 关键词蘿莉找到4本漫画
2026-08-20 23:34:48 - mkk_pika - main.py:275 - INFO - 订阅内容共计5本漫画
2026-08-20 23:34:48 - mkk_pika - main.py:35 - INFO - 开始检查Little Giant! ─〇リ巨乳・低身長巨乳合同 | Little Giant! ─萝莉巨乳・低身高巨乳合同是否存在未下载章节
2026-08-20 23:34:49 - mkk_pika - database.py:203 - INFO - 查询数据库中是否已存在第1話
2026-08-20 23:34:49 - mkk_pika - main.py:51 - INFO - Little Giant! ─〇リ巨乳・低身長巨乳合同 | Little Giant! ─萝莉巨乳・低身高巨乳合同中没有可下载章节
2026-08-20 23:34:49 - mkk_pika - main.py:292 - INFO - ==================== 漫画信息 ====================
                                漫画ID：6a847ed40decb03d594aa1de
                                标题：Little Giant! ─〇リ巨乳・低身長巨乳合同 | Little Giant! ─萝莉巨乳・低身高巨乳合同
                                作者：色即絶句
                                是否完结：是
                                总页数：110
                                分类：長篇,同人
                                章节数：1
                                最后更新时间：2026-08-18T15:48:36.118Z
                                =================================================
2026-08-20 23:34:49 - mkk_pika - database.py:101 - INFO - 保存成功：Little Giant! ─〇リ巨乳・低身長巨乳合同 | Little Giant! ─萝莉巨乳・低身高巨乳合同
2026-08-20 23:34:49 - mkk_pika - main.py:35 - INFO - 开始检查おにいちゃんが褒めてくれるならほかのことってどうでもいいじゃん | 只要哥哥能来夸奖我一番的话其他的事情怎样都无所谓啦是否存在未下载章节
2026-08-20 23:34:49 - mkk_pika - main.py:45 - INFO - 正在下载:[おにいちゃんが褒めてくれるならほかのことってどうでもいいじゃん | 只要哥哥能来夸奖我一番的话其他的事情怎样都无所谓啦]-[HANAYA (はぴろり菜)]-[['短篇']]-[total_pages:-1]
2026-08-20 23:34:49 - mkk_pika - main.py:49 - INFO - [{'_id': '6a8727abcb5050234df143d4', 'title': '第1話', 'order': 1, 'updated_at': '2026-08-18T05:44:49.036Z', 'id': '6a8727abcb5050234df143d4'}]
2026-08-20 23:34:49 - mkk_pika - database.py:215 - INFO - 第一次下载该漫画，记录数据库中
2026-08-20 23:34:50 - mkk_pika - main.py:83 - INFO - 找到 34 张图片在:第1話
2026-08-20 23:34:51 - mkk_pika - main.py:112 - INFO - [episode:第1話       ] downloaded:    34, total:  34, progress:100%
2026-08-20 23:34:51 - mkk_pika - database.py:238 - INFO - 数据库更新已下载章节
2026-08-20 23:34:51 - mkk_pika - database.py:244 - INFO - 该漫画已下载章节如下
2026-08-20 23:34:51 - mkk_pika - database.py:245 - INFO - ['第1話']
2026-08-20 23:34:53 - mkk_pika - main.py:292 - INFO - ==================== 漫画信息 ====================
                                漫画ID：6a8727abcb5050234df143d3
                                标题：おにいちゃんが褒めてくれるならほかのことってどうでもいいじゃん | 只要哥哥能来夸奖我一番的话其他的事情怎样都无所谓啦
                                作者：HANAYA (はぴろり菜)
                                是否完结：是
                                总页数：34
                                分类：短篇
                                章节数：1
                                最后更新时间：2026-08-20T16:13:31.992Z
                                =================================================
2026-08-20 23:34:53 - mkk_pika - database.py:101 - INFO - 保存成功：おにいちゃんが褒めてくれるならほかのことってどうでもいいじゃん | 只要哥哥能来夸奖我一番的话其他的事情怎样都无所谓啦
2026-08-20 23:34:53 - mkk_pika - main.py:35 - INFO - 开始检查怖い?学園のウワサ | 可怕的?学院传闻是否存在未下载章节
2026-08-20 23:34:53 - mkk_pika - main.py:45 - INFO - 正在下载:[怖い?学園のウワサ | 可怕的?学院传闻]-[そらみるソフト (そらみる)]-[['短篇', '同人']]-[total_pages:-1]
2026-08-20 23:34:53 - mkk_pika - main.py:49 - INFO - [{'_id': '6a872626ea13072332a3d174', 'title': '熟肉', 'order': 1, 'updated_at': '2026-08-19T20:25:05.964Z', 'id': '6a872626ea13072332a3d174'}]
2026-08-20 23:34:53 - mkk_pika - database.py:215 - INFO - 第一次下载该漫画，记录数据库中
2026-08-20 23:34:54 - mkk_pika - main.py:83 - INFO - 找到 23 张图片在:熟肉
2026-08-20 23:34:55 - mkk_pika - main.py:112 - INFO - [episode:熟肉        ] downloaded:    23, total:  23, progress:100%
2026-08-20 23:34:55 - mkk_pika - database.py:238 - INFO - 数据库更新已下载章节
2026-08-20 23:34:55 - mkk_pika - database.py:244 - INFO - 该漫画已下载章节如下
2026-08-20 23:34:55 - mkk_pika - database.py:245 - INFO - ['熟肉']
2026-08-20 23:34:56 - mkk_pika - main.py:292 - INFO - ==================== 漫画信息 ====================
                                漫画ID：6a872626ea13072332a3d173
                                标题：怖い?学園のウワサ | 可怕的?学院传闻
                                作者：そらみるソフト (そらみる)
                                是否完结：是
                                总页数：17
                                分类：短篇,同人
                                章节数：1
                                最后更新时间：2026-08-20T16:07:02.007Z
                                =================================================
2026-08-20 23:34:56 - mkk_pika - database.py:101 - INFO - 保存成功：怖い?学園のウワサ | 可怕的?学院传闻
2026-08-20 23:34:56 - mkk_pika - main.py:35 - INFO - 开始检查上司にロリコンがバレた結果ロリバニーガールのお店に行く事になった是否存在未下载章节
2026-08-20 23:34:56 - mkk_pika - main.py:45 - INFO - 正在下载:[上司にロリコンがバレた結果ロリバニーガールのお店に行く事になった]-[うらかがく部 (パロムロ)]-[['短篇']]-[total_pages:-1]
2026-08-20 23:34:56 - mkk_pika - main.py:49 - INFO - [{'_id': '6a8723d491b6f523381aeb88', 'title': '第1話', 'order': 1, 'updated_at': '2026-08-18T06:25:38.552Z', 'id': '6a8723d491b6f523381aeb88'}]
2026-08-20 23:34:56 - mkk_pika - database.py:215 - INFO - 第一次下载该漫画，记录数据库中
2026-08-20 23:34:57 - mkk_pika - main.py:83 - INFO - 找到 13 张图片在:第1話
2026-08-20 23:34:58 - mkk_pika - main.py:112 - INFO - [episode:第1話       ] downloaded:    13, total:  13, progress:100%
2026-08-20 23:34:58 - mkk_pika - database.py:238 - INFO - 数据库更新已下载章节
2026-08-20 23:34:58 - mkk_pika - database.py:244 - INFO - 该漫画已下载章节如下
2026-08-20 23:34:58 - mkk_pika - database.py:245 - INFO - ['第1話']
2026-08-20 23:34:59 - mkk_pika - main.py:292 - INFO - ==================== 漫画信息 ====================
                                漫画ID：6a8723d491b6f523381aeb87
                                标题：上司にロリコンがバレた結果ロリバニーガールのお店に行く事になった
                                作者：うらかがく部 (パロムロ)
                                是否完结：是
                                总页数：13
                                分类：短篇
                                章节数：1
                                最后更新时间：2026-08-20T15:57:08.581Z
                                =================================================
2026-08-20 23:34:59 - mkk_pika - database.py:101 - INFO - 保存成功：上司にロリコンがバレた結果ロリバニーガールのお店に行く事になった
2026-08-20 23:34:59 - mkk_pika - main.py:35 - INFO - 开始检查シュポガキしゅぽしゅぽ搾精えっち (ブルーアーカイブ)是否存在未下载章节
2026-08-20 23:34:59 - mkk_pika - database.py:203 - INFO - 查询数据库中是否已存在第1話
2026-08-20 23:34:59 - mkk_pika - main.py:51 - INFO - シュポガキしゅぽしゅぽ搾精えっち (ブルーアーカイブ)中没有可下载章节
2026-08-20 23:34:59 - mkk_pika - main.py:292 - INFO - ==================== 漫画信息 ====================
                                漫画ID：6a85c70a524e223e21764f76
                                标题：シュポガキしゅぽしゅぽ搾精えっち (ブルーアーカイブ)
                                作者：幻想美甘 (きりみあ)
                                是否完结：是
                                总页数：20
                                分类：同人,短篇
                                章节数：1
                                最后更新时间：2026-08-19T15:08:58.241Z
                                =================================================
2026-08-20 23:34:59 - mkk_pika - database.py:101 - INFO - 保存成功：シュポガキしゅぽしゅぽ搾精えっち (ブルーアーカイブ)
2026-08-20 23:34:59 - mkk_pika - main.py:323 - INFO - 订阅内容内容下载完毕
2026-08-20 23:34:59 - mkk_pika - main.py:324 - INFO - 开始分批下载全部章节
2026-08-20 23:34:59 - mkk_pika - database.py:280 - INFO - 表和索引初始化成功
2026-08-20 23:35:00 - mkk_pika - main.py:177 - INFO - 已经下载了1443页，一共7090页，现在开始添加第1444页
2026-08-20 23:35:00 - mkk_pika - database.py:318 - INFO - 保存成功
2026-08-20 23:35:01 - mkk_pika - main.py:177 - INFO - 已经下载了1444页，一共7090页，现在开始添加第1445页
2026-08-20 23:35:01 - mkk_pika - database.py:318 - INFO - 保存成功
2026-08-20 23:35:01 - mkk_pika - main.py:177 - INFO - 已经下载了1445页，一共7090页，现在开始添加第1446页
2026-08-20 23:35:02 - mkk_pika - database.py:318 - INFO - 保存成功
2026-08-20 23:35:02 - mkk_pika - main.py:177 - INFO - 已经下载了1446页，一共7090页，现在开始添加第1447页
2026-08-20 23:35:03 - mkk_pika - database.py:318 - INFO - 保存成功
2026-08-20 23:35:03 - mkk_pika - main.py:177 - INFO - 已经下载了1447页，一共7090页，现在开始添加第1448页
2026-08-20 23:35:04 - mkk_pika - database.py:318 - INFO - 保存成功
2026-08-20 23:35:04 - mkk_pika - main.py:331 - INFO - 分批下载共计49本漫画
2026-08-20 23:35:04 - mkk_pika - main.py:35 - INFO - 开始检查 (C95)  ガルパンらくがきちょう9 (ガールズ&パンツァー)是否存在未下载章节
2026-08-20 23:35:04 - mkk_pika - main.py:45 - INFO - 正在下载:[ (C95)  ガルパンらくがきちょう9 (ガールズ&パンツァー)]-[中曽根バタリアン (中曽根ハイジ)]-[['短篇', '同人']]-[total_pages:35]
2026-08-20 23:35:04 - mkk_pika - main.py:49 - INFO - [{'_id': '5c69883ebc1c88131144e371', 'title': '第1集', 'order': 1, 'updated_at': '2019-02-16T13:51:04.016Z', 'id': '5c69883ebc1c88131144e371'}]
2026-08-20 23:35:04 - mkk_pika - database.py:215 - INFO - 第一次下载该漫画，记录数据库中
2026-08-20 23:35:05 - mkk_pika - main.py:83 - INFO - 找到 35 张图片在:第1集
2026-08-20 23:35:05 - mkk_pika - main.py:112 - INFO - [episode:第1集       ] downloaded:    35, total:  35, progress:100%
2026-08-20 23:35:05 - mkk_pika - database.py:238 - INFO - 数据库更新已下载章节
2026-08-20 23:35:05 - mkk_pika - database.py:244 - INFO - 该漫画已下载章节如下
2026-08-20 23:35:05 - mkk_pika - database.py:245 - INFO - ['第1集']
2026-08-20 23:35:07 - mkk_pika - main.py:348 - INFO - ==================== 漫画信息 ====================
                                   漫画ID：5c69883ebc1c88131144e370
                                   标题： (C95)  ガルパンらくがきちょう9 (ガールズ&パンツァー)
                                   作者：中曽根バタリアン (中曽根ハイジ)
                                   是否完结：否
                                   总页数：35
                                   分类：短篇,同人
                                   章节数：1
                                   最后更新时间：2019-02-17T16:13:50.937Z
                                   =================================================
2026-08-20 23:35:07 - mkk_pika - database.py:101 - INFO - 保存成功： (C95)  ガルパンらくがきちょう9 (ガールズ&パンツァー)
2026-08-20 23:35:07 - mkk_pika - main.py:35 - INFO - 开始检查もしかして吾輩・・・騙されておらんか？？ (艦隊これくしょん -艦これ-)是否存在未下载章节
2026-08-20 23:35:08 - mkk_pika - main.py:45 - INFO - 正在下载:[もしかして吾輩・・・騙されておらんか？？ (艦隊これくしょん -艦これ-)]-[餅屋 (かろちー)]-[['短篇', '同人', '艦隊收藏']]-[total_pages:26]
2026-08-20 23:35:08 - mkk_pika - main.py:49 - INFO - [{'_id': '5c698d63f9d7dd225a3ec236', 'title': '第1集', 'order': 1, 'updated_at': '2019-02-16T14:35:24.485Z', 'id': '5c698d63f9d7dd225a3ec236'}]
2026-08-20 23:35:08 - mkk_pika - database.py:215 - INFO - 第一次下载该漫画，记录数据库中
2026-08-20 23:35:08 - mkk_pika - main.py:83 - INFO - 找到 26 张图片在:第1集
2026-08-20 23:35:09 - mkk_pika - main.py:112 - INFO - [episode:第1集       ] downloaded:    26, total:  26, progress:100%
2026-08-20 23:35:09 - mkk_pika - database.py:238 - INFO - 数据库更新已下载章节
2026-08-20 23:35:09 - mkk_pika - database.py:244 - INFO - 该漫画已下载章节如下
2026-08-20 23:35:09 - mkk_pika - database.py:245 - INFO - ['第1集']
2026-08-20 23:35:10 - mkk_pika - main.py:348 - INFO - ==================== 漫画信息 ====================
                                   漫画ID：5c698d63f9d7dd225a3ec235
                                   标题：もしかして吾輩・・・騙されておらんか？？ (艦隊これくしょん -艦これ-)
                                   作者：餅屋 (かろちー)
                                   是否完结：是
                                   总页数：26
                                   分类：短篇,同人,艦隊收藏
                                   章节数：1
                                   最后更新时间：2019-02-17T16:35:47.511Z
                                   =================================================
2026-08-20 23:35:10 - mkk_pika - database.py:101 - INFO - 保存成功：もしかして吾輩・・・騙されておらんか？？ (艦隊これくしょん -艦これ-)
2026-08-20 23:35:10 - mkk_pika - main.py:35 - INFO - 开始检查(COMIC1☆11)  ミクさんが10周年にいろいろ思い出したりするお話 (VOCALOID)是否存在未下载章节
2026-08-20 23:35:11 - mkk_pika - main.py:45 - INFO - 正在下载:[(COMIC1☆11)  ミクさんが10周年にいろいろ思い出したりするお話 (VOCALOID)]-[回遊企画 (鈴井ナルミ)]-[['短篇', '同人']]-[total_pages:29]
2026-08-20 23:35:11 - mkk_pika - main.py:49 - INFO - [{'_id': '5c698d9233815f22504d0baf', 'title': '第1集', 'order': 1, 'updated_at': '2019-02-16T13:59:28.763Z', 'id': '5c698d9233815f22504d0baf'}]
2026-08-20 23:35:11 - mkk_pika - database.py:215 - INFO - 第一次下载该漫画，记录数据库中
2026-08-20 23:35:11 - mkk_pika - main.py:83 - INFO - 找到 29 张图片在:第1集
2026-08-20 23:35:12 - mkk_pika - main.py:112 - INFO - [episode:第1集       ] downloaded:    29, total:  29, progress:100%
2026-08-20 23:35:12 - mkk_pika - database.py:238 - INFO - 数据库更新已下载章节
2026-08-20 23:35:12 - mkk_pika - database.py:244 - INFO - 该漫画已下载章节如下
2026-08-20 23:35:12 - mkk_pika - database.py:245 - INFO - ['第1集']
2026-08-20 23:35:13 - mkk_pika - main.py:348 - INFO - ==================== 漫画信息 ====================
                                   漫画ID：5c698d9233815f22504d0bae
                                   标题：(COMIC1☆11)  ミクさんが10周年にいろいろ思い出したりするお話 (VOCALOID)
                                   作者：回遊企画 (鈴井ナルミ)
                                   是否完结：否
                                   总页数：29
                                   分类：短篇,同人
                                   章节数：1
                                   最后更新时间：2019-02-17T16:36:34.173Z
                                   =================================================
2026-08-20 23:35:13 - mkk_pika - database.py:101 - INFO - 保存成功：(COMIC1☆11)  ミクさんが10周年にいろいろ思い出したりするお話 (VOCALOID)
2026-08-20 23:35:13 - mkk_pika - main.py:35 - INFO - 开始检查(C95)LOVE IN A MIST (アイドルマスターミリオンライブ！) 是否存在未下载章节
2026-08-20 23:35:14 - mkk_pika - main.py:45 - INFO - 正在下载:[(C95)LOVE IN A MIST (アイドルマスターミリオンライブ！) ]-[満身創痍 (よもさか)]-[['短篇', '同人', '純愛', '扶他樂園']]-[total_pages:36]
2026-08-20 23:35:14 - mkk_pika - main.py:49 - INFO - [{'_id': '5c698e1333815f22504d0bd4', 'title': '第1集', 'order': 1, 'updated_at': '2019-02-16T14:44:36.767Z', 'id': '5c698e1333815f22504d0bd4'}]
2026-08-20 23:35:14 - mkk_pika - database.py:215 - INFO - 第一次下载该漫画，记录数据库中
2026-08-20 23:35:15 - mkk_pika - main.py:83 - INFO - 找到 36 张图片在:第1集
2026-08-20 23:35:15 - mkk_pika - main.py:112 - INFO - [episode:第1集       ] downloaded:    36, total:  36, progress:100%
2026-08-20 23:35:15 - mkk_pika - database.py:238 - INFO - 数据库更新已下载章节
2026-08-20 23:35:15 - mkk_pika - database.py:244 - INFO - 该漫画已下载章节如下
2026-08-20 23:35:15 - mkk_pika - database.py:245 - INFO - ['第1集']
2026-08-20 23:35:17 - mkk_pika - main.py:348 - INFO - ==================== 漫画信息 ====================
                                   漫画ID：5c698e1333815f22504d0bd3
                                   标题：(C95)LOVE IN A MIST (アイドルマスターミリオンライブ！) 
                                   作者：満身創痍 (よもさか)
                                   是否完结：是
                                   总页数：36
                                   分类：短篇,同人,純愛,扶他樂園
                                   章节数：1
                                   最后更新时间：2019-02-17T16:38:43.204Z
                                   =================================================
2026-08-20 23:35:17 - mkk_pika - database.py:101 - INFO - 保存成功：(C95)LOVE IN A MIST (アイドルマスターミリオンライブ！) 
2026-08-20 23:35:17 - mkk_pika - main.py:35 - INFO - 开始检查宵千早+ (アイドルマスター)是否存在未下载章节
2026-08-20 23:35:17 - mkk_pika - main.py:45 - INFO - 正在下载:[宵千早+ (アイドルマスター)]-[IMAKAN (蛍幻飛鳥)]-[['短篇', '同人']]-[total_pages:43]
2026-08-20 23:35:17 - mkk_pika - main.py:49 - INFO - [{'_id': '5c698e5985d3b6227fdd0954', 'title': '第1集', 'order': 1, 'updated_at': '2019-02-16T14:43:36.722Z', 'id': '5c698e5985d3b6227fdd0954'}]
2026-08-20 23:35:17 - mkk_pika - database.py:215 - INFO - 第一次下载该漫画，记录数据库中
2026-08-20 23:35:18 - mkk_pika - main.py:83 - INFO - 找到 43 张图片在:第1集
2026-08-20 23:35:19 - mkk_pika - main.py:112 - INFO - [episode:第1集       ] downloaded:    43, total:  43, progress:100%
2026-08-20 23:35:19 - mkk_pika - database.py:238 - INFO - 数据库更新已下载章节
2026-08-20 23:35:19 - mkk_pika - database.py:244 - INFO - 该漫画已下载章节如下
2026-08-20 23:35:19 - mkk_pika - database.py:245 - INFO - ['第1集']
2026-08-20 23:35:20 - mkk_pika - main.py:348 - INFO - ==================== 漫画信息 ====================
                                   漫画ID：5c698e5985d3b6227fdd0953
                                   标题：宵千早+ (アイドルマスター)
                                   作者：IMAKAN (蛍幻飛鳥)
                                   是否完结：否
                                   总页数：43
                                   分类：短篇,同人
                                   章节数：1
                                   最后更新时间：2019-02-17T16:39:53.016Z
                                   =================================================
2026-08-20 23:35:20 - mkk_pika - database.py:101 - INFO - 保存成功：宵千早+ (アイドルマスター)
2026-08-20 23:35:20 - mkk_pika - main.py:35 - INFO - 开始检查(C95)僕のアルトリア (Fate/Grand Order)是否存在未下载章节
2026-08-20 23:35:21 - mkk_pika - main.py:45 - INFO - 正在下载:[(C95)僕のアルトリア (Fate/Grand Order)]-[浅い海 (浅海朝美)]-[['短篇', '同人', 'Fate']]-[total_pages:23]
2026-08-20 23:35:21 - mkk_pika - main.py:49 - INFO - [{'_id': '5c698f476008e9080030f0bc', 'title': '第1集', 'order': 1, 'updated_at': '2019-02-16T15:13:23.988Z', 'id': '5c698f476008e9080030f0bc'}]
2026-08-20 23:35:21 - mkk_pika - database.py:215 - INFO - 第一次下载该漫画，记录数据库中
2026-08-20 23:35:21 - mkk_pika - main.py:83 - INFO - 找到 23 张图片在:第1集
2026-08-20 23:35:22 - mkk_pika - main.py:112 - INFO - [episode:第1集       ] downloaded:    23, total:  23, progress:100%
2026-08-20 23:35:22 - mkk_pika - database.py:238 - INFO - 数据库更新已下载章节
2026-08-20 23:35:22 - mkk_pika - database.py:244 - INFO - 该漫画已下载章节如下
2026-08-20 23:35:22 - mkk_pika - database.py:245 - INFO - ['第1集']
2026-08-20 23:35:23 - mkk_pika - main.py:348 - INFO - ==================== 漫画信息 ====================
                                   漫画ID：5c698f476008e9080030f0bb
                                   标题：(C95)僕のアルトリア (Fate/Grand Order)
                                   作者：浅い海 (浅海朝美)
                                   是否完结：是
                                   总页数：23
                                   分类：短篇,同人,Fate
                                   章节数：1
                                   最后更新时间：2019-02-17T16:43:51.474Z
                                   =================================================
2026-08-20 23:35:23 - mkk_pika - database.py:101 - INFO - 保存成功：(C95)僕のアルトリア (Fate/Grand Order)
2026-08-20 23:35:23 - mkk_pika - main.py:35 - INFO - 开始检查(C94)海美がこんなにエッチだったなんて (アイドルマスターミリオンライブ！)是否存在未下载章节
2026-08-20 23:35:23 - mkk_pika - main.py:45 - INFO - 正在下载:[(C94)海美がこんなにエッチだったなんて (アイドルマスターミリオンライブ！)]-[ 一貫星(帯)]-[['短篇', '同人']]-[total_pages:27]
2026-08-20 23:35:23 - mkk_pika - main.py:49 - INFO - [{'_id': '5c69901bd57fae07d0896fb1', 'title': '第1集', 'order': 1, 'updated_at': '2019-02-16T14:59:19.510Z', 'id': '5c69901bd57fae07d0896fb1'}]
2026-08-20 23:35:23 - mkk_pika - database.py:215 - INFO - 第一次下载该漫画，记录数据库中
2026-08-20 23:35:24 - mkk_pika - main.py:83 - INFO - 找到 27 张图片在:第1集
2026-08-20 23:35:25 - mkk_pika - main.py:112 - INFO - [episode:第1集       ] downloaded:    27, total:  27, progress:100%
2026-08-20 23:35:25 - mkk_pika - database.py:238 - INFO - 数据库更新已下载章节
2026-08-20 23:35:25 - mkk_pika - database.py:244 - INFO - 该漫画已下载章节如下
2026-08-20 23:35:25 - mkk_pika - database.py:245 - INFO - ['第1集']
2026-08-20 23:35:26 - mkk_pika - main.py:348 - INFO - ==================== 漫画信息 ====================
                                   漫画ID：5c69901bd57fae07d0896fb0
                                   标题：(C94)海美がこんなにエッチだったなんて (アイドルマスターミリオンライブ！)
                                   作者： 一貫星(帯)
                                   是否完结：否
                                   总页数：27
                                   分类：短篇,同人
                                   章节数：1
                                   最后更新时间：2019-02-17T16:47:23.427Z
                                   =================================================
2026-08-20 23:35:26 - mkk_pika - database.py:101 - INFO - 保存成功：(C94)海美がこんなにエッチだったなんて (アイドルマスターミリオンライブ！)
2026-08-20 23:35:26 - mkk_pika - main.py:35 - INFO - 开始检查MARIA IN BACK THE@TER (アイドルマスター ミリオンライブ!) [DL版]是否存在未下载章节
2026-08-20 23:35:27 - mkk_pika - main.py:45 - INFO - 正在下载:[MARIA IN BACK THE@TER (アイドルマスター ミリオンライブ!) [DL版]]-[蜜柑電車 (ダン)]-[['短篇', '同人']]-[total_pages:39]
2026-08-20 23:35:27 - mkk_pika - main.py:49 - INFO - [{'_id': '5c699052d57fae07d0896fcf', 'title': '第1集', 'order': 1, 'updated_at': '2019-02-16T15:21:29.344Z', 'id': '5c699052d57fae07d0896fcf'}]
2026-08-20 23:35:27 - mkk_pika - database.py:215 - INFO - 第一次下载该漫画，记录数据库中
2026-08-20 23:35:27 - mkk_pika - main.py:83 - INFO - 找到 39 张图片在:第1集
2026-08-20 23:35:28 - mkk_pika - main.py:112 - INFO - [episode:第1集       ] downloaded:    39, total:  39, progress:100%
2026-08-20 23:35:28 - mkk_pika - database.py:238 - INFO - 数据库更新已下载章节
2026-08-20 23:35:28 - mkk_pika - database.py:244 - INFO - 该漫画已下载章节如下
2026-08-20 23:35:28 - mkk_pika - database.py:245 - INFO - ['第1集']
2026-08-20 23:35:29 - mkk_pika - main.py:348 - INFO - ==================== 漫画信息 ====================
                                   漫画ID：5c699052d57fae07d0896fce
                                   标题：MARIA IN BACK THE@TER (アイドルマスター ミリオンライブ!) [DL版]
                                   作者：蜜柑電車 (ダン)
                                   是否完结：否
                                   总页数：39
                                   分类：短篇,同人
                                   章节数：1
                                   最后更新时间：2019-02-17T16:48:18.893Z
                                   =================================================
2026-08-20 23:35:29 - mkk_pika - database.py:101 - INFO - 保存成功：MARIA IN BACK THE@TER (アイドルマスター ミリオンライブ!) [DL版]
2026-08-20 23:35:29 - mkk_pika - main.py:35 - INFO - 开始检查加賀さんが鹵獲されてしまいました!!!!是否存在未下载章节
2026-08-20 23:35:30 - mkk_pika - main.py:45 - INFO - 正在下载:[加賀さんが鹵獲されてしまいました!!!!]-[送り萬都]-[['短篇', '全彩', '艦隊收藏', '同人', '非人類', '強暴']]-[total_pages:26]
2026-08-20 23:35:30 - mkk_pika - main.py:49 - INFO - [{'_id': '5c699076cee8501d73ba5948', 'title': '第1集', 'order': 1, 'updated_at': '2019-02-16T15:31:56.057Z', 'id': '5c699076cee8501d73ba5948'}]
2026-08-20 23:35:30 - mkk_pika - database.py:215 - INFO - 第一次下载该漫画，记录数据库中
2026-08-20 23:35:31 - mkk_pika - main.py:83 - INFO - 找到 26 张图片在:第1集
2026-08-20 23:35:31 - mkk_pika - main.py:112 - INFO - [episode:第1集       ] downloaded:    26, total:  26, progress:100%
2026-08-20 23:35:31 - mkk_pika - database.py:238 - INFO - 数据库更新已下载章节
2026-08-20 23:35:31 - mkk_pika - database.py:244 - INFO - 该漫画已下载章节如下
2026-08-20 23:35:31 - mkk_pika - database.py:245 - INFO - ['第1集']
2026-08-20 23:35:33 - mkk_pika - main.py:348 - INFO - ==================== 漫画信息 ====================
                                   漫画ID：5c699076cee8501d73ba5947
                                   标题：加賀さんが鹵獲されてしまいました!!!!
                                   作者：送り萬都
                                   是否完结：是
                                   总页数：26
                                   分类：短篇,全彩,艦隊收藏,同人,非人類,強暴
                                   章节数：1
                                   最后更新时间：2019-02-17T16:48:54.913Z
                                   =================================================
2026-08-20 23:35:33 - mkk_pika - database.py:101 - INFO - 保存成功：加賀さんが鹵獲されてしまいました!!!!
2026-08-20 23:35:33 - mkk_pika - main.py:35 - INFO - 开始检查(C75) Tiny Tummy (こどものじかん)是否存在未下载章节
2026-08-20 23:35:33 - mkk_pika - main.py:45 - INFO - 正在下载:[(C75) Tiny Tummy (こどものじかん)]-[とくだ (上田裕)]-[['短篇', '同人', '純愛']]-[total_pages:28]
2026-08-20 23:35:33 - mkk_pika - main.py:49 - INFO - [{'_id': '5c6990b0471c6d08071f86bf', 'title': '第1集', 'order': 1, 'updated_at': '2019-02-16T15:40:35.186Z', 'id': '5c6990b0471c6d08071f86bf'}]
2026-08-20 23:35:33 - mkk_pika - database.py:215 - INFO - 第一次下载该漫画，记录数据库中
2026-08-20 23:35:34 - mkk_pika - main.py:83 - INFO - 找到 28 张图片在:第1集
2026-08-20 23:35:34 - mkk_pika - main.py:112 - INFO - [episode:第1集       ] downloaded:    28, total:  28, progress:100%
2026-08-20 23:35:34 - mkk_pika - database.py:238 - INFO - 数据库更新已下载章节
2026-08-20 23:35:34 - mkk_pika - database.py:244 - INFO - 该漫画已下载章节如下
2026-08-20 23:35:34 - mkk_pika - database.py:245 - INFO - ['第1集']
2026-08-20 23:35:36 - mkk_pika - main.py:348 - INFO - ==================== 漫画信息 ====================
                                   漫画ID：5c6990b0471c6d08071f86be
                                   标题：(C75) Tiny Tummy (こどものじかん)
                                   作者：とくだ (上田裕)
                                   是否完结：是
                                   总页数：28
                                   分类：短篇,同人,純愛
                                   章节数：1
                                   最后更新时间：2019-02-17T16:49:52.199Z
                                   =================================================
2026-08-20 23:35:36 - mkk_pika - database.py:101 - INFO - 保存成功：(C75) Tiny Tummy (こどものじかん)
2026-08-20 23:35:36 - mkk_pika - main.py:35 - INFO - 开始检查(C95)バイト感覚でヤらせてくれるXXレイヤーさん (Fate/Grand Order)是否存在未下载章节
2026-08-20 23:35:36 - mkk_pika - main.py:45 - INFO - 正在下载:[(C95)バイト感覚でヤらせてくれるXXレイヤーさん (Fate/Grand Order)]-[NF121 (みどり葵)]-[['短篇', '同人', 'Fate']]-[total_pages:19]
2026-08-20 23:35:36 - mkk_pika - main.py:49 - INFO - [{'_id': '5c6991cf921b341d7b8de824', 'title': '第1集', 'order': 1, 'updated_at': '2019-02-17T02:27:17.543Z', 'id': '5c6991cf921b341d7b8de824'}]
2026-08-20 23:35:36 - mkk_pika - database.py:215 - INFO - 第一次下载该漫画，记录数据库中
2026-08-20 23:35:37 - mkk_pika - main.py:83 - INFO - 找到 19 张图片在:第1集
2026-08-20 23:35:37 - mkk_pika - main.py:112 - INFO - [episode:第1集       ] downloaded:    19, total:  19, progress:100%
2026-08-20 23:35:37 - mkk_pika - database.py:238 - INFO - 数据库更新已下载章节
2026-08-20 23:35:37 - mkk_pika - database.py:244 - INFO - 该漫画已下载章节如下
2026-08-20 23:35:37 - mkk_pika - database.py:245 - INFO - ['第1集']
2026-08-20 23:35:38 - mkk_pika - main.py:348 - INFO - ==================== 漫画信息 ====================
                                   漫画ID：5c6991cf921b341d7b8de823
                                   标题：(C95)バイト感覚でヤらせてくれるXXレイヤーさん (Fate/Grand Order)
                                   作者：NF121 (みどり葵)
                                   是否完结：是
                                   总页数：19
                                   分类：短篇,同人,Fate
                                   章节数：1
                                   最后更新时间：2019-02-17T16:54:39.575Z
                                   =================================================
2026-08-20 23:35:38 - mkk_pika - database.py:101 - INFO - 保存成功：(C95)バイト感覚でヤらせてくれるXXレイヤーさん (Fate/Grand Order)
2026-08-20 23:35:38 - mkk_pika - main.py:35 - INFO - 开始检查さまーがーる(COMIC 高 2016年7月号)是否存在未下载章节
2026-08-20 23:35:39 - mkk_pika - main.py:45 - INFO - 正在下载:[さまーがーる(COMIC 高 2016年7月号)]-[たらぞお]-[['同人', '短篇']]-[total_pages:24]
2026-08-20 23:35:39 - mkk_pika - main.py:49 - INFO - [{'_id': '5c69949a85d3b6227fdd09c4', 'title': '第1集', 'order': 1, 'updated_at': '2019-02-16T19:51:07.239Z', 'id': '5c69949a85d3b6227fdd09c4'}]
2026-08-20 23:35:39 - mkk_pika - database.py:215 - INFO - 第一次下载该漫画，记录数据库中
2026-08-20 23:35:40 - mkk_pika - main.py:83 - INFO - 找到 24 张图片在:第1集
2026-08-20 23:35:40 - mkk_pika - main.py:112 - INFO - [episode:第1集       ] downloaded:    24, total:  24, progress:100%
2026-08-20 23:35:40 - mkk_pika - database.py:238 - INFO - 数据库更新已下载章节
2026-08-20 23:35:40 - mkk_pika - database.py:244 - INFO - 该漫画已下载章节如下
2026-08-20 23:35:40 - mkk_pika - database.py:245 - INFO - ['第1集']
2026-08-20 23:35:42 - mkk_pika - main.py:348 - INFO - ==================== 漫画信息 ====================
                                   漫画ID：5c69949a85d3b6227fdd09c3
                                   标题：さまーがーる(COMIC 高 2016年7月号)
                                   作者：たらぞお
                                   是否完结：否
                                   总页数：24
                                   分类：同人,短篇
                                   章节数：1
                                   最后更新时间：2019-02-17T17:06:34.920Z
                                   =================================================
2026-08-20 23:35:42 - mkk_pika - database.py:101 - INFO - 保存成功：さまーがーる(COMIC 高 2016年7月号)
2026-08-20 23:35:42 - mkk_pika - main.py:35 - INFO - 开始检查[3D]我的熟母老师是否存在未下载章节
2026-08-20 23:35:42 - mkk_pika - main.py:45 - INFO - 正在下载:[[3D]我的熟母老师]-[Miracle、cyx]-[['全彩', '人妻']]-[total_pages:240]
2026-08-20 23:35:42 - mkk_pika - main.py:49 - INFO - [{'_id': '5c6bdb7748b743648cc5f6a1', 'title': '第1集', 'order': 1, 'updated_at': '2019-02-19T07:10:40.031Z', 'id': '5c6bdb7748b743648cc5f6a1'}, {'_id': '5c6bdb7748b743648cc5f6a2', 'title': '第2集', 'order': 2, 'updated_at': '2019-02-19T07:12:11.467Z', 'id': '5c6bdb7748b743648cc5f6a2'}, {'_id': '5c6bdb7748b743648cc5f6a3', 'title': '第3集', 'order': 3, 'updated_at': '2019-02-19T07:13:04.793Z', 'id': '5c6bdb7748b743648cc5f6a3'}, {'_id': '5c6bdb7748b743648cc5f6a4', 'title': '第4集', 'order': 4, 'updated_at': '2019-02-19T07:14:25.459Z', 'id': '5c6bdb7748b743648cc5f6a4'}, {'_id': '5c6bdb7748b743648cc5f6a5', 'title': '第5集', 'order': 5, 'updated_at': '2019-02-19T07:15:19.580Z', 'id': '5c6bdb7748b743648cc5f6a5'}]
2026-08-20 23:35:42 - mkk_pika - database.py:215 - INFO - 第一次下载该漫画，记录数据库中
2026-08-20 23:35:42 - mkk_pika - main.py:83 - INFO - 找到 36 张图片在:第1集
2026-08-20 23:35:43 - mkk_pika - main.py:112 - INFO - [episode:第1集       ] downloaded:    36, total:  36, progress:100%
2026-08-20 23:35:43 - mkk_pika - database.py:238 - INFO - 数据库更新已下载章节
2026-08-20 23:35:43 - mkk_pika - database.py:244 - INFO - 该漫画已下载章节如下
2026-08-20 23:35:43 - mkk_pika - database.py:245 - INFO - ['第1集']
2026-08-20 23:35:45 - mkk_pika - main.py:83 - INFO - 找到 41 张图片在:第2集
2026-08-20 23:35:46 - mkk_pika - main.py:112 - INFO - [episode:第2集       ] downloaded:    41, total:  41, progress:100%
2026-08-20 23:35:46 - mkk_pika - database.py:238 - INFO - 数据库更新已下载章节
2026-08-20 23:35:46 - mkk_pika - database.py:244 - INFO - 该漫画已下载章节如下
2026-08-20 23:35:46 - mkk_pika - database.py:245 - INFO - ['第1集', '第2集']
2026-08-20 23:35:47 - mkk_pika - main.py:83 - INFO - 找到 50 张图片在:第3集
2026-08-20 23:35:48 - mkk_pika - main.py:112 - INFO - [episode:第3集       ] downloaded:    50, total:  50, progress:100%
2026-08-20 23:35:48 - mkk_pika - database.py:238 - INFO - 数据库更新已下载章节
2026-08-20 23:35:48 - mkk_pika - database.py:244 - INFO - 该漫画已下载章节如下
2026-08-20 23:35:48 - mkk_pika - database.py:245 - INFO - ['第1集', '第2集', '第3集']
2026-08-20 23:35:51 - mkk_pika - main.py:83 - INFO - 找到 51 张图片在:第4集
2026-08-20 23:35:52 - mkk_pika - main.py:112 - INFO - [episode:第4集       ] downloaded:    51, total:  51, progress:100%
2026-08-20 23:35:52 - mkk_pika - database.py:238 - INFO - 数据库更新已下载章节
2026-08-20 23:35:52 - mkk_pika - database.py:244 - INFO - 该漫画已下载章节如下
2026-08-20 23:35:52 - mkk_pika - database.py:245 - INFO - ['第1集', '第2集', '第3集', '第4集']
2026-08-20 23:35:54 - mkk_pika - main.py:83 - INFO - 找到 62 张图片在:第5集
2026-08-20 23:35:55 - mkk_pika - main.py:112 - INFO - [episode:第5集       ] downloaded:    62, total:  62, progress:100%
2026-08-20 23:35:55 - mkk_pika - database.py:238 - INFO - 数据库更新已下载章节
2026-08-20 23:35:55 - mkk_pika - database.py:244 - INFO - 该漫画已下载章节如下
2026-08-20 23:35:55 - mkk_pika - database.py:245 - INFO - ['第1集', '第2集', '第3集', '第4集', '第5集']
2026-08-20 23:35:56 - mkk_pika - main.py:348 - INFO - ==================== 漫画信息 ====================
                                   漫画ID：5c6998fef9d7dd225a3ec2c8
                                   标题：[3D]我的熟母老师
                                   作者：Miracle、cyx
                                   是否完结：否
                                   总页数：240
                                   分类：全彩,人妻
                                   章节数：5
                                   最后更新时间：2019-02-17T17:25:18.634Z
                                   =================================================
2026-08-20 23:35:56 - mkk_pika - database.py:101 - INFO - 保存成功：[3D]我的熟母老师
2026-08-20 23:35:56 - mkk_pika - main.py:35 - INFO - 开始检查そして僕は少女になる是否存在未下载章节
2026-08-20 23:35:56 - mkk_pika - main.py:45 - INFO - 正在下载:[そして僕は少女になる]-[真昼の足跡 (イスナ、志岐転機)]-[['短篇', '性轉換', '純愛']]-[total_pages:57]
2026-08-20 23:35:56 - mkk_pika - main.py:49 - INFO - [{'_id': '5c699ad1cd7559134a631089', 'title': '第1集', 'order': 1, 'updated_at': '2019-02-17T02:34:04.529Z', 'id': '5c699ad1cd7559134a631089'}]
2026-08-20 23:35:56 - mkk_pika - database.py:215 - INFO - 第一次下载该漫画，记录数据库中
2026-08-20 23:35:58 - mkk_pika - main.py:83 - INFO - 找到 57 张图片在:第1集
2026-08-20 23:35:59 - mkk_pika - main.py:112 - INFO - [episode:第1集       ] downloaded:    57, total:  57, progress:100%
2026-08-20 23:35:59 - mkk_pika - database.py:238 - INFO - 数据库更新已下载章节
2026-08-20 23:35:59 - mkk_pika - database.py:244 - INFO - 该漫画已下载章节如下
2026-08-20 23:35:59 - mkk_pika - database.py:245 - INFO - ['第1集']
2026-08-20 23:36:00 - mkk_pika - main.py:348 - INFO - ==================== 漫画信息 ====================
                                   漫画ID：5c699ad1cd7559134a631088
                                   标题：そして僕は少女になる
                                   作者：真昼の足跡 (イスナ、志岐転機)
                                   是否完结：是
                                   总页数：57
                                   分类：短篇,性轉換,純愛
                                   章节数：1
                                   最后更新时间：2019-02-17T17:33:05.388Z
                                   =================================================
2026-08-20 23:36:00 - mkk_pika - database.py:101 - INFO - 保存成功：そして僕は少女になる
2026-08-20 23:36:00 - mkk_pika - main.py:35 - INFO - 开始检查詩織 第二章 羞恥の学校 新装版 (ときめきメモリアル)是否存在未下载章节
2026-08-20 23:36:01 - mkk_pika - main.py:45 - INFO - 正在下载:[詩織 第二章 羞恥の学校 新装版 (ときめきメモリアル)]-[HIGH RISK REVOLUTION (あいざわひろし)]-[['短篇', '同人', 'SM']]-[total_pages:36]
2026-08-20 23:36:01 - mkk_pika - main.py:49 - INFO - [{'_id': '5c699b00d871a4133f2465ce', 'title': '第1集', 'order': 1, 'updated_at': '2019-02-17T02:48:57.345Z', 'id': '5c699b00d871a4133f2465ce'}]
2026-08-20 23:36:01 - mkk_pika - database.py:215 - INFO - 第一次下载该漫画，记录数据库中
2026-08-20 23:36:02 - mkk_pika - main.py:83 - INFO - 找到 36 张图片在:第1集
2026-08-20 23:36:02 - mkk_pika - main.py:112 - INFO - [episode:第1集       ] downloaded:    36, total:  36, progress:100%
2026-08-20 23:36:02 - mkk_pika - database.py:238 - INFO - 数据库更新已下载章节
2026-08-20 23:36:02 - mkk_pika - database.py:244 - INFO - 该漫画已下载章节如下
2026-08-20 23:36:02 - mkk_pika - database.py:245 - INFO - ['第1集']
2026-08-20 23:36:04 - mkk_pika - main.py:348 - INFO - ==================== 漫画信息 ====================
                                   漫画ID：5c699b00d871a4133f2465cd
                                   标题：詩織 第二章 羞恥の学校 新装版 (ときめきメモリアル)
                                   作者：HIGH RISK REVOLUTION (あいざわひろし)
                                   是否完结：是
                                   总页数：36
                                   分类：短篇,同人,SM
                                   章节数：1
                                   最后更新时间：2019-02-17T17:33:52.402Z
                                   =================================================
2026-08-20 23:36:04 - mkk_pika - database.py:101 - INFO - 保存成功：詩織 第二章 羞恥の学校 新装版 (ときめきメモリアル)
2026-08-20 23:36:04 - mkk_pika - main.py:35 - INFO - 开始检查ふんどし母是否存在未下载章节
2026-08-20 23:36:04 - mkk_pika - main.py:45 - INFO - 正在下载:[ふんどし母]-[みかん堂]-[['短篇', '全彩', '人妻']]-[total_pages:24]
2026-08-20 23:36:04 - mkk_pika - main.py:49 - INFO - [{'_id': '5c699be0cd7559134a6310c9', 'title': '第1集', 'order': 1, 'updated_at': '2019-02-17T03:00:50.715Z', 'id': '5c699be0cd7559134a6310c9'}]
2026-08-20 23:36:04 - mkk_pika - database.py:215 - INFO - 第一次下载该漫画，记录数据库中
2026-08-20 23:36:05 - mkk_pika - main.py:83 - INFO - 找到 24 张图片在:第1集
2026-08-20 23:36:05 - mkk_pika - main.py:112 - INFO - [episode:第1集       ] downloaded:    24, total:  24, progress:100%
2026-08-20 23:36:05 - mkk_pika - database.py:238 - INFO - 数据库更新已下载章节
2026-08-20 23:36:05 - mkk_pika - database.py:244 - INFO - 该漫画已下载章节如下
2026-08-20 23:36:05 - mkk_pika - database.py:245 - INFO - ['第1集']
2026-08-20 23:36:06 - mkk_pika - main.py:348 - INFO - ==================== 漫画信息 ====================
                                   漫画ID：5c699be0cd7559134a6310c8
                                   标题：ふんどし母
                                   作者：みかん堂
                                   是否完结：是
                                   总页数：24
                                   分类：短篇,全彩,人妻
                                   章节数：1
                                   最后更新时间：2019-02-17T17:37:36.306Z
                                   =================================================
2026-08-20 23:36:06 - mkk_pika - database.py:101 - INFO - 保存成功：ふんどし母
2026-08-20 23:36:06 - mkk_pika - main.py:35 - INFO - 开始检查偏愛同窓会 GHO-ST-ALKER (ヌレイキ)是否存在未下载章节
2026-08-20 23:36:07 - mkk_pika - main.py:45 - INFO - 正在下载:[偏愛同窓会 GHO-ST-ALKER (ヌレイキ)]-[ムサシマル]-[['短篇', '純愛']]-[total_pages:20]
2026-08-20 23:36:07 - mkk_pika - main.py:49 - INFO - [{'_id': '5c699d686008e9080030f308', 'title': '第1集', 'order': 1, 'updated_at': '2019-02-17T03:05:57.420Z', 'id': '5c699d686008e9080030f308'}]
2026-08-20 23:36:07 - mkk_pika - database.py:215 - INFO - 第一次下载该漫画，记录数据库中
2026-08-20 23:36:08 - mkk_pika - main.py:83 - INFO - 找到 20 张图片在:第1集
2026-08-20 23:36:08 - mkk_pika - main.py:112 - INFO - [episode:第1集       ] downloaded:    20, total:  20, progress:100%
2026-08-20 23:36:08 - mkk_pika - database.py:238 - INFO - 数据库更新已下载章节
2026-08-20 23:36:08 - mkk_pika - database.py:244 - INFO - 该漫画已下载章节如下
2026-08-20 23:36:08 - mkk_pika - database.py:245 - INFO - ['第1集']
2026-08-20 23:36:09 - mkk_pika - main.py:348 - INFO - ==================== 漫画信息 ====================
                                   漫画ID：5c699d686008e9080030f307
                                   标题：偏愛同窓会 GHO-ST-ALKER (ヌレイキ)
                                   作者：ムサシマル
                                   是否完结：是
                                   总页数：20
                                   分类：短篇,純愛
                                   章节数：1
                                   最后更新时间：2019-02-17T17:44:08.517Z
                                   =================================================
2026-08-20 23:36:09 - mkk_pika - database.py:101 - INFO - 保存成功：偏愛同窓会 GHO-ST-ALKER (ヌレイキ)
2026-08-20 23:36:09 - mkk_pika - main.py:35 - INFO - 开始检查(C83) 女神の悪戯 (ToLOVEる ダークネス)是否存在未下载章节
2026-08-20 23:36:10 - mkk_pika - main.py:45 - INFO - 正在下载:[(C83) 女神の悪戯 (ToLOVEる ダークネス)]-[浅い海 (浅海朝美)]-[['同人', '短篇']]-[total_pages:24]
2026-08-20 23:36:10 - mkk_pika - main.py:49 - INFO - [{'_id': '5c699deca8fb38228f39d31b', 'title': '第1集', 'order': 1, 'updated_at': '2019-02-17T03:56:05.040Z', 'id': '5c699deca8fb38228f39d31b'}]
2026-08-20 23:36:10 - mkk_pika - database.py:215 - INFO - 第一次下载该漫画，记录数据库中
2026-08-20 23:36:11 - mkk_pika - main.py:83 - INFO - 找到 24 张图片在:第1集
2026-08-20 23:36:11 - mkk_pika - main.py:112 - INFO - [episode:第1集       ] downloaded:    24, total:  24, progress:100%
2026-08-20 23:36:11 - mkk_pika - database.py:238 - INFO - 数据库更新已下载章节
2026-08-20 23:36:11 - mkk_pika - database.py:244 - INFO - 该漫画已下载章节如下
2026-08-20 23:36:11 - mkk_pika - database.py:245 - INFO - ['第1集']
2026-08-20 23:36:12 - mkk_pika - main.py:348 - INFO - ==================== 漫画信息 ====================
                                   漫画ID：5c699deca8fb38228f39d31a
                                   标题：(C83) 女神の悪戯 (ToLOVEる ダークネス)
                                   作者：浅い海 (浅海朝美)
                                   是否完结：是
                                   总页数：24
                                   分类：同人,短篇
                                   章节数：1
                                   最后更新时间：2019-02-17T17:46:20.626Z
                                   =================================================
2026-08-20 23:36:12 - mkk_pika - database.py:101 - INFO - 保存成功：(C83) 女神の悪戯 (ToLOVEる ダークネス)
2026-08-20 23:36:12 - mkk_pika - main.py:35 - INFO - 开始检查(C94) KTOK6～前編～ (To LOVEる -とらぶる-)是否存在未下载章节
2026-08-20 23:36:13 - mkk_pika - main.py:45 - INFO - 正在下载:[(C94) KTOK6～前編～ (To LOVEる -とらぶる-)]-[PTD (達一文字)]-[['同人', '短篇', 'NTR']]-[total_pages:57]
2026-08-20 23:36:13 - mkk_pika - main.py:49 - INFO - [{'_id': '5c699e39471c6d08071f8868', 'title': '第1集', 'order': 1, 'updated_at': '2019-02-17T04:05:42.645Z', 'id': '5c699e39471c6d08071f8868'}]
2026-08-20 23:36:13 - mkk_pika - database.py:215 - INFO - 第一次下载该漫画，记录数据库中
2026-08-20 23:36:14 - mkk_pika - main.py:83 - INFO - 找到 57 张图片在:第1集
2026-08-20 23:36:15 - mkk_pika - main.py:112 - INFO - [episode:第1集       ] downloaded:    57, total:  57, progress:100%
2026-08-20 23:36:15 - mkk_pika - database.py:238 - INFO - 数据库更新已下载章节
2026-08-20 23:36:15 - mkk_pika - database.py:244 - INFO - 该漫画已下载章节如下
2026-08-20 23:36:15 - mkk_pika - database.py:245 - INFO - ['第1集']
2026-08-20 23:36:16 - mkk_pika - main.py:348 - INFO - ==================== 漫画信息 ====================
                                   漫画ID：5c699e39471c6d08071f8867
                                   标题：(C94) KTOK6～前編～ (To LOVEる -とらぶる-)
                                   作者：PTD (達一文字)
                                   是否完结：是
                                   总页数：57
                                   分类：同人,短篇,NTR
                                   章节数：1
                                   最后更新时间：2019-02-17T17:47:37.229Z
                                   =================================================
2026-08-20 23:36:16 - mkk_pika - database.py:101 - INFO - 保存成功：(C94) KTOK6～前編～ (To LOVEる -とらぶる-)
2026-08-20 23:36:16 - mkk_pika - main.py:35 - INFO - 开始检查(C90) グラーフを好き放題しちゃうほん (艦隊これくしょん -艦これ-)是否存在未下载章节
2026-08-20 23:36:17 - mkk_pika - main.py:45 - INFO - 正在下载:[(C90) グラーフを好き放題しちゃうほん (艦隊これくしょん -艦これ-)]-[みくろぺえじ (黒本君)]-[['短篇', '同人', '艦隊收藏', 'NTR', '強暴']]-[total_pages:34]
2026-08-20 23:36:17 - mkk_pika - main.py:49 - INFO - [{'_id': '5c699f03921b341d7b8de923', 'title': '第1集', 'order': 1, 'updated_at': '2019-02-17T04:40:56.669Z', 'id': '5c699f03921b341d7b8de923'}]
2026-08-20 23:36:17 - mkk_pika - database.py:215 - INFO - 第一次下载该漫画，记录数据库中
2026-08-20 23:36:17 - mkk_pika - main.py:83 - INFO - 找到 34 张图片在:第1集
2026-08-20 23:36:18 - mkk_pika - main.py:112 - INFO - [episode:第1集       ] downloaded:    34, total:  34, progress:100%
2026-08-20 23:36:18 - mkk_pika - database.py:238 - INFO - 数据库更新已下载章节
2026-08-20 23:36:18 - mkk_pika - database.py:244 - INFO - 该漫画已下载章节如下
2026-08-20 23:36:18 - mkk_pika - database.py:245 - INFO - ['第1集']
2026-08-20 23:36:19 - mkk_pika - main.py:348 - INFO - ==================== 漫画信息 ====================
                                   漫画ID：5c699f03921b341d7b8de922
                                   标题：(C90) グラーフを好き放題しちゃうほん (艦隊これくしょん -艦これ-)
                                   作者：みくろぺえじ (黒本君)
                                   是否完结：是
                                   总页数：34
                                   分类：短篇,同人,艦隊收藏,NTR,強暴
                                   章节数：1
                                   最后更新时间：2019-02-17T17:50:59.906Z
                                   =================================================
2026-08-20 23:36:19 - mkk_pika - database.py:101 - INFO - 保存成功：(C90) グラーフを好き放題しちゃうほん (艦隊これくしょん -艦これ-)
2026-08-20 23:36:19 - mkk_pika - main.py:35 - INFO - 开始检查(コミティア116)かわらぬふたり 1是否存在未下载章节
2026-08-20 23:36:20 - mkk_pika - main.py:45 - INFO - 正在下载:[(コミティア116)かわらぬふたり 1]-[なごみやさん (鈴木和)]-[['短篇', '同人', '百合花園']]-[total_pages:36]
2026-08-20 23:36:20 - mkk_pika - main.py:49 - INFO - [{'_id': '5c699f21b7308407cf74a270', 'title': '第1集', 'order': 1, 'updated_at': '2019-02-17T04:39:53.618Z', 'id': '5c699f21b7308407cf74a270'}]
2026-08-20 23:36:20 - mkk_pika - database.py:215 - INFO - 第一次下载该漫画，记录数据库中
2026-08-20 23:36:21 - mkk_pika - main.py:83 - INFO - 找到 36 张图片在:第1集
2026-08-20 23:36:21 - mkk_pika - main.py:112 - INFO - [episode:第1集       ] downloaded:    36, total:  36, progress:100%
2026-08-20 23:36:21 - mkk_pika - database.py:238 - INFO - 数据库更新已下载章节
2026-08-20 23:36:21 - mkk_pika - database.py:244 - INFO - 该漫画已下载章节如下
2026-08-20 23:36:21 - mkk_pika - database.py:245 - INFO - ['第1集']
2026-08-20 23:36:22 - mkk_pika - main.py:348 - INFO - ==================== 漫画信息 ====================
                                   漫画ID：5c699f21b7308407cf74a26f
                                   标题：(コミティア116)かわらぬふたり 1
                                   作者：なごみやさん (鈴木和)
                                   是否完结：否
                                   总页数：36
                                   分类：短篇,同人,百合花園
                                   章节数：1
                                   最后更新时间：2019-02-17T17:51:29.734Z
                                   =================================================
2026-08-20 23:36:22 - mkk_pika - database.py:101 - INFO - 保存成功：(コミティア116)かわらぬふたり 1
2026-08-20 23:36:22 - mkk_pika - main.py:35 - INFO - 开始检查(C89) 美柑を好き放題しちゃうほん2 (ToLOVEる -とらぶる-)是否存在未下载章节
2026-08-20 23:36:23 - mkk_pika - main.py:45 - INFO - 正在下载:[(C89) 美柑を好き放題しちゃうほん2 (ToLOVEる -とらぶる-)]-[みくろぺえじ (黒本君)]-[['同人', '短篇', 'NTR']]-[total_pages:26]
2026-08-20 23:36:23 - mkk_pika - main.py:49 - INFO - [{'_id': '5c699f436008e9080030f330', 'title': '第1集', 'order': 1, 'updated_at': '2019-02-17T04:44:09.976Z', 'id': '5c699f436008e9080030f330'}]
2026-08-20 23:36:23 - mkk_pika - database.py:215 - INFO - 第一次下载该漫画，记录数据库中
2026-08-20 23:36:24 - mkk_pika - main.py:83 - INFO - 找到 26 张图片在:第1集
2026-08-20 23:36:24 - mkk_pika - main.py:112 - INFO - [episode:第1集       ] downloaded:    26, total:  26, progress:100%
2026-08-20 23:36:24 - mkk_pika - database.py:238 - INFO - 数据库更新已下载章节
2026-08-20 23:36:24 - mkk_pika - database.py:244 - INFO - 该漫画已下载章节如下
2026-08-20 23:36:24 - mkk_pika - database.py:245 - INFO - ['第1集']
2026-08-20 23:36:25 - mkk_pika - main.py:348 - INFO - ==================== 漫画信息 ====================
                                   漫画ID：5c699f436008e9080030f32f
                                   标题：(C89) 美柑を好き放題しちゃうほん2 (ToLOVEる -とらぶる-)
                                   作者：みくろぺえじ (黒本君)
                                   是否完结：是
                                   总页数：26
                                   分类：同人,短篇,NTR
                                   章节数：1
                                   最后更新时间：2019-02-17T17:52:03.895Z
                                   =================================================
2026-08-20 23:36:25 - mkk_pika - database.py:101 - INFO - 保存成功：(C89) 美柑を好き放題しちゃうほん2 (ToLOVEる -とらぶる-)
2026-08-20 23:36:25 - mkk_pika - main.py:35 - INFO - 开始检查(SHT2016春) LET ME DIE (ガールズ&パンツァー)是否存在未下载章节
2026-08-20 23:36:26 - mkk_pika - main.py:45 - INFO - 正在下载:[(SHT2016春) LET ME DIE (ガールズ&パンツァー)]-[abgrund (さいかわゆさ)]-[['同人', '短篇']]-[total_pages:31]
2026-08-20 23:36:26 - mkk_pika - main.py:49 - INFO - [{'_id': '5c699f6fb7308407cf74a298', 'title': '第1集', 'order': 1, 'updated_at': '2019-02-17T04:56:06.726Z', 'id': '5c699f6fb7308407cf74a298'}]
2026-08-20 23:36:26 - mkk_pika - database.py:215 - INFO - 第一次下载该漫画，记录数据库中
2026-08-20 23:36:26 - mkk_pika - main.py:83 - INFO - 找到 31 张图片在:第1集
2026-08-20 23:36:27 - mkk_pika - main.py:112 - INFO - [episode:第1集       ] downloaded:    31, total:  31, progress:100%
2026-08-20 23:36:27 - mkk_pika - database.py:238 - INFO - 数据库更新已下载章节
2026-08-20 23:36:27 - mkk_pika - database.py:244 - INFO - 该漫画已下载章节如下
2026-08-20 23:36:27 - mkk_pika - database.py:245 - INFO - ['第1集']
2026-08-20 23:36:28 - mkk_pika - main.py:348 - INFO - ==================== 漫画信息 ====================
                                   漫画ID：5c699f6fb7308407cf74a297
                                   标题：(SHT2016春) LET ME DIE (ガールズ&パンツァー)
                                   作者：abgrund (さいかわゆさ)
                                   是否完结：是
                                   总页数：31
                                   分类：同人,短篇
                                   章节数：1
                                   最后更新时间：2019-02-17T17:52:47.054Z
                                   =================================================
2026-08-20 23:36:28 - mkk_pika - database.py:101 - INFO - 保存成功：(SHT2016春) LET ME DIE (ガールズ&パンツァー)
2026-08-20 23:36:28 - mkk_pika - main.py:35 - INFO - 开始检查(C89) ご奉仕担当の鹿島です (艦隊これくしょん -艦これ-) 是否存在未下载章节
2026-08-20 23:36:29 - mkk_pika - main.py:45 - INFO - 正在下载:[(C89) ご奉仕担当の鹿島です (艦隊これくしょん -艦これ-) ]-[ユリルラリカ (小島紗、Lazu)]-[['同人', '短篇', '艦隊收藏']]-[total_pages:30]
2026-08-20 23:36:29 - mkk_pika - main.py:49 - INFO - [{'_id': '5c69a1da921b341d7b8de955', 'title': '第1集', 'order': 1, 'updated_at': '2019-02-17T05:04:17.792Z', 'id': '5c69a1da921b341d7b8de955'}]
2026-08-20 23:36:29 - mkk_pika - database.py:215 - INFO - 第一次下载该漫画，记录数据库中
2026-08-20 23:36:30 - mkk_pika - main.py:83 - INFO - 找到 30 张图片在:第1集
2026-08-20 23:36:30 - mkk_pika - main.py:112 - INFO - [episode:第1集       ] downloaded:    30, total:  30, progress:100%
2026-08-20 23:36:30 - mkk_pika - database.py:238 - INFO - 数据库更新已下载章节
2026-08-20 23:36:30 - mkk_pika - database.py:244 - INFO - 该漫画已下载章节如下
2026-08-20 23:36:30 - mkk_pika - database.py:245 - INFO - ['第1集']
2026-08-20 23:36:31 - mkk_pika - main.py:348 - INFO - ==================== 漫画信息 ====================
                                   漫画ID：5c69a1da921b341d7b8de954
                                   标题：(C89) ご奉仕担当の鹿島です (艦隊これくしょん -艦これ-) 
                                   作者：ユリルラリカ (小島紗、Lazu)
                                   是否完结：是
                                   总页数：30
                                   分类：同人,短篇,艦隊收藏
                                   章节数：1
                                   最后更新时间：2019-02-17T18:03:06.020Z
                                   =================================================
2026-08-20 23:36:31 - mkk_pika - database.py:101 - INFO - 保存成功：(C89) ご奉仕担当の鹿島です (艦隊これくしょん -艦これ-) 
2026-08-20 23:36:31 - mkk_pika - main.py:35 - INFO - 开始检查溜り場 (コミックゼロス #54)[無修正]是否存在未下载章节
2026-08-20 23:36:32 - mkk_pika - main.py:45 - INFO - 正在下载:[溜り場 (コミックゼロス #54)[無修正]]-[いーむす・アキ]-[['短篇', '純愛']]-[total_pages:26]
2026-08-20 23:36:32 - mkk_pika - main.py:49 - INFO - [{'_id': '5c69a1f56008e9080030f361', 'title': '第1集', 'order': 1, 'updated_at': '2019-02-17T05:05:39.595Z', 'id': '5c69a1f56008e9080030f361'}]
2026-08-20 23:36:32 - mkk_pika - database.py:215 - INFO - 第一次下载该漫画，记录数据库中
2026-08-20 23:36:33 - mkk_pika - main.py:83 - INFO - 找到 26 张图片在:第1集
2026-08-20 23:36:33 - mkk_pika - main.py:112 - INFO - [episode:第1集       ] downloaded:    26, total:  26, progress:100%
2026-08-20 23:36:33 - mkk_pika - database.py:238 - INFO - 数据库更新已下载章节
2026-08-20 23:36:33 - mkk_pika - database.py:244 - INFO - 该漫画已下载章节如下
2026-08-20 23:36:33 - mkk_pika - database.py:245 - INFO - ['第1集']
2026-08-20 23:36:34 - mkk_pika - main.py:348 - INFO - ==================== 漫画信息 ====================
                                   漫画ID：5c69a1f56008e9080030f360
                                   标题：溜り場 (コミックゼロス #54)[無修正]
                                   作者：いーむす・アキ
                                   是否完结：否
                                   总页数：26
                                   分类：短篇,純愛
                                   章节数：1
                                   最后更新时间：2019-02-17T18:03:33.671Z
                                   =================================================
2026-08-20 23:36:34 - mkk_pika - database.py:101 - INFO - 保存成功：溜り場 (コミックゼロス #54)[無修正]
2026-08-20 23:36:34 - mkk_pika - main.py:35 - INFO - 开始检查女王様のもふもふタイム(Fate Grand Order)(汉化）是否存在未下载章节
2026-08-20 23:36:35 - mkk_pika - main.py:45 - INFO - 正在下载:[女王様のもふもふタイム(Fate Grand Order)(汉化）]-[星空ステッキ (如月なな)]-[['短篇', '同人', 'Fate']]-[total_pages:27]
2026-08-20 23:36:35 - mkk_pika - main.py:49 - INFO - [{'_id': '5c69a217d57fae07d08974e0', 'title': '第1集', 'order': 1, 'updated_at': '2019-02-17T05:07:31.319Z', 'id': '5c69a217d57fae07d08974e0'}]
2026-08-20 23:36:35 - mkk_pika - database.py:215 - INFO - 第一次下载该漫画，记录数据库中
2026-08-20 23:36:36 - mkk_pika - main.py:83 - INFO - 找到 27 张图片在:第1集
2026-08-20 23:36:36 - mkk_pika - main.py:112 - INFO - [episode:第1集       ] downloaded:    27, total:  27, progress:100%
2026-08-20 23:36:36 - mkk_pika - database.py:238 - INFO - 数据库更新已下载章节
2026-08-20 23:36:36 - mkk_pika - database.py:244 - INFO - 该漫画已下载章节如下
2026-08-20 23:36:36 - mkk_pika - database.py:245 - INFO - ['第1集']
2026-08-20 23:36:37 - mkk_pika - main.py:348 - INFO - ==================== 漫画信息 ====================
                                   漫画ID：5c69a217d57fae07d08974df
                                   标题：女王様のもふもふタイム(Fate Grand Order)(汉化）
                                   作者：星空ステッキ (如月なな)
                                   是否完结：是
                                   总页数：27
                                   分类：短篇,同人,Fate
                                   章节数：1
                                   最后更新时间：2019-02-17T18:04:07.772Z
                                   =================================================
2026-08-20 23:36:37 - mkk_pika - database.py:101 - INFO - 保存成功：女王様のもふもふタイム(Fate Grand Order)(汉化）
2026-08-20 23:36:37 - mkk_pika - main.py:35 - INFO - 开始检查(C94) すやすやルイズちゃん (ゼロの使い魔)是否存在未下载章节
2026-08-20 23:36:38 - mkk_pika - main.py:45 - INFO - 正在下载:[(C94) すやすやルイズちゃん (ゼロの使い魔)]-[瓢屋 (もみお)]-[['同人', '短篇']]-[total_pages:22]
2026-08-20 23:36:38 - mkk_pika - main.py:49 - INFO - [{'_id': '5c69a2ed921b341d7b8de9ef', 'title': '第1集', 'order': 1, 'updated_at': '2019-02-17T08:57:21.746Z', 'id': '5c69a2ed921b341d7b8de9ef'}]
2026-08-20 23:36:38 - mkk_pika - database.py:215 - INFO - 第一次下载该漫画，记录数据库中
2026-08-20 23:36:39 - mkk_pika - main.py:83 - INFO - 找到 22 张图片在:第1集
2026-08-20 23:36:39 - mkk_pika - main.py:112 - INFO - [episode:第1集       ] downloaded:    22, total:  22, progress:100%
2026-08-20 23:36:39 - mkk_pika - database.py:238 - INFO - 数据库更新已下载章节
2026-08-20 23:36:39 - mkk_pika - database.py:244 - INFO - 该漫画已下载章节如下
2026-08-20 23:36:39 - mkk_pika - database.py:245 - INFO - ['第1集']
2026-08-20 23:36:40 - mkk_pika - main.py:348 - INFO - ==================== 漫画信息 ====================
                                   漫画ID：5c69a2ed921b341d7b8de9ee
                                   标题：(C94) すやすやルイズちゃん (ゼロの使い魔)
                                   作者：瓢屋 (もみお)
                                   是否完结：是
                                   总页数：22
                                   分类：同人,短篇
                                   章节数：1
                                   最后更新时间：2019-02-17T18:07:41.818Z
                                   =================================================
2026-08-20 23:36:40 - mkk_pika - database.py:101 - INFO - 保存成功：(C94) すやすやルイズちゃん (ゼロの使い魔)
2026-08-20 23:36:40 - mkk_pika - main.py:35 - INFO - 开始检查BBちゃんは射精させたい! (Fate/Grand Order)是否存在未下载章节
2026-08-20 23:36:41 - mkk_pika - main.py:45 - INFO - 正在下载:[BBちゃんは射精させたい! (Fate/Grand Order)]-[緊急発進 (コアヤアコ)]-[['短篇', '同人', 'Fate', '足の恋']]-[total_pages:24]
2026-08-20 23:36:41 - mkk_pika - main.py:49 - INFO - [{'_id': '5c69a3b16008e9080030f3bb', 'title': '第1集', 'order': 1, 'updated_at': '2019-02-17T09:52:01.035Z', 'id': '5c69a3b16008e9080030f3bb'}]
2026-08-20 23:36:41 - mkk_pika - database.py:215 - INFO - 第一次下载该漫画，记录数据库中
2026-08-20 23:36:41 - mkk_pika - main.py:83 - INFO - 找到 24 张图片在:第1集
2026-08-20 23:36:42 - mkk_pika - main.py:112 - INFO - [episode:第1集       ] downloaded:    24, total:  24, progress:100%
2026-08-20 23:36:42 - mkk_pika - database.py:238 - INFO - 数据库更新已下载章节
2026-08-20 23:36:42 - mkk_pika - database.py:244 - INFO - 该漫画已下载章节如下
2026-08-20 23:36:42 - mkk_pika - database.py:245 - INFO - ['第1集']
2026-08-20 23:36:43 - mkk_pika - main.py:348 - INFO - ==================== 漫画信息 ====================
                                   漫画ID：5c69a3b16008e9080030f3ba
                                   标题：BBちゃんは射精させたい! (Fate/Grand Order)
                                   作者：緊急発進 (コアヤアコ)
                                   是否完结：是
                                   总页数：24
                                   分类：短篇,同人,Fate,足の恋
                                   章节数：1
                                   最后更新时间：2019-02-17T18:10:57.242Z
                                   =================================================
2026-08-20 23:36:43 - mkk_pika - database.py:101 - INFO - 保存成功：BBちゃんは射精させたい! (Fate/Grand Order)
2026-08-20 23:36:43 - mkk_pika - main.py:35 - INFO - 开始检查にんげんひろいました (東方Project)是否存在未下载章节
2026-08-20 23:36:44 - mkk_pika - main.py:45 - INFO - 正在下载:[にんげんひろいました (東方Project)]-[もふもふ茶屋 (うぐいす餅)]-[['短篇', '同人', '東方', '非人類']]-[total_pages:24]
2026-08-20 23:36:44 - mkk_pika - main.py:49 - INFO - [{'_id': '5c69a4136008e9080030f3d7', 'title': '第1集', 'order': 1, 'updated_at': '2019-02-17T07:54:03.613Z', 'id': '5c69a4136008e9080030f3d7'}]
2026-08-20 23:36:44 - mkk_pika - database.py:215 - INFO - 第一次下载该漫画，记录数据库中
2026-08-20 23:36:44 - mkk_pika - main.py:83 - INFO - 找到 24 张图片在:第1集
2026-08-20 23:36:45 - mkk_pika - main.py:112 - INFO - [episode:第1集       ] downloaded:    24, total:  24, progress:100%
2026-08-20 23:36:45 - mkk_pika - database.py:238 - INFO - 数据库更新已下载章节
2026-08-20 23:36:45 - mkk_pika - database.py:244 - INFO - 该漫画已下载章节如下
2026-08-20 23:36:45 - mkk_pika - database.py:245 - INFO - ['第1集']
2026-08-20 23:36:46 - mkk_pika - main.py:348 - INFO - ==================== 漫画信息 ====================
                                   漫画ID：5c69a4136008e9080030f3d6
                                   标题：にんげんひろいました (東方Project)
                                   作者：もふもふ茶屋 (うぐいす餅)
                                   是否完结：是
                                   总页数：24
                                   分类：短篇,同人,東方,非人類
                                   章节数：1
                                   最后更新时间：2019-02-17T18:12:35.615Z
                                   =================================================
2026-08-20 23:36:46 - mkk_pika - database.py:101 - INFO - 保存成功：にんげんひろいました (東方Project)
2026-08-20 23:36:46 - mkk_pika - main.py:35 - INFO - 开始检查 スワップスレイブ是否存在未下载章节
2026-08-20 23:36:47 - mkk_pika - main.py:45 - INFO - 正在下载:[ スワップスレイブ]-[唄飛鳥]-[['長篇', '人妻', 'NTR', '單行本']]-[total_pages:214]
2026-08-20 23:36:47 - mkk_pika - main.py:49 - INFO - [{'_id': '5c69a5016008e9080030f3f6', 'title': '第1集', 'order': 1, 'updated_at': '2019-02-17T09:58:28.899Z', 'id': '5c69a5016008e9080030f3f6'}]
2026-08-20 23:36:47 - mkk_pika - database.py:215 - INFO - 第一次下载该漫画，记录数据库中
2026-08-20 23:36:50 - mkk_pika - main.py:83 - INFO - 找到 214 张图片在:第1集
2026-08-20 23:36:53 - mkk_pika - main.py:112 - INFO - [episode:第1集       ] downloaded:   214, total: 214, progress:100%
2026-08-20 23:36:53 - mkk_pika - database.py:238 - INFO - 数据库更新已下载章节
2026-08-20 23:36:53 - mkk_pika - database.py:244 - INFO - 该漫画已下载章节如下
2026-08-20 23:36:53 - mkk_pika - database.py:245 - INFO - ['第1集']
2026-08-20 23:36:55 - mkk_pika - main.py:348 - INFO - ==================== 漫画信息 ====================
                                   漫画ID：5c69a5016008e9080030f3f5
                                   标题： スワップスレイブ
                                   作者：唄飛鳥
                                   是否完结：否
                                   总页数：214
                                   分类：長篇,人妻,NTR,單行本
                                   章节数：1
                                   最后更新时间：2019-02-17T18:16:33.047Z
                                   =================================================
2026-08-20 23:36:55 - mkk_pika - database.py:101 - INFO - 保存成功： スワップスレイブ
2026-08-20 23:36:55 - mkk_pika - main.py:35 - INFO - 开始检查(C95)制服触手15 (オリジナル)是否存在未下载章节
2026-08-20 23:36:55 - mkk_pika - main.py:45 - INFO - 正在下载:[(C95)制服触手15 (オリジナル)]-[黒澤pict (黒澤ユリ)]-[['短篇', '純愛', '非人類']]-[total_pages:43]
2026-08-20 23:36:55 - mkk_pika - main.py:49 - INFO - [{'_id': '5c69a56f3af83113198d0155', 'title': '第1集', 'order': 1, 'updated_at': '2019-02-17T10:41:28.330Z', 'id': '5c69a56f3af83113198d0155'}]
2026-08-20 23:36:55 - mkk_pika - database.py:215 - INFO - 第一次下载该漫画，记录数据库中
2026-08-20 23:36:57 - mkk_pika - main.py:83 - INFO - 找到 43 张图片在:第1集
2026-08-20 23:36:58 - mkk_pika - main.py:112 - INFO - [episode:第1集       ] downloaded:    43, total:  43, progress:100%
2026-08-20 23:36:58 - mkk_pika - database.py:238 - INFO - 数据库更新已下载章节
2026-08-20 23:36:58 - mkk_pika - database.py:244 - INFO - 该漫画已下载章节如下
2026-08-20 23:36:58 - mkk_pika - database.py:245 - INFO - ['第1集']
2026-08-20 23:36:59 - mkk_pika - main.py:348 - INFO - ==================== 漫画信息 ====================
                                   漫画ID：5c69a56f3af83113198d0154
                                   标题：(C95)制服触手15 (オリジナル)
                                   作者：黒澤pict (黒澤ユリ)
                                   是否完结：是
                                   总页数：43
                                   分类：短篇,純愛,非人類
                                   章节数：1
                                   最后更新时间：2019-02-17T18:18:23.212Z
                                   =================================================
2026-08-20 23:36:59 - mkk_pika - database.py:101 - INFO - 保存成功：(C95)制服触手15 (オリジナル)
2026-08-20 23:36:59 - mkk_pika - main.py:35 - INFO - 开始检查淫靡豊満な住民たち 淫靡豐滿的女房客們是否存在未下载章节
2026-08-20 23:36:59 - mkk_pika - main.py:45 - INFO - 正在下载:[淫靡豊満な住民たち 淫靡豐滿的女房客們]-[綾枷ちよこ]-[['純愛', '後宮閃光', '單行本', '長篇']]-[total_pages:269]
2026-08-20 23:36:59 - mkk_pika - main.py:49 - INFO - [{'_id': '5c69a6386008e9080030f4e0', 'title': '豐滿淫靡的女房客單行本', 'order': 1, 'updated_at': '2019-02-15T09:23:12.219Z', 'id': '5c69a6386008e9080030f4e0'}]
2026-08-20 23:36:59 - mkk_pika - database.py:215 - INFO - 第一次下载该漫画，记录数据库中
2026-08-20 23:37:03 - mkk_pika - main.py:83 - INFO - 找到 269 张图片在:豐滿淫靡的女房客單行本
2026-08-20 23:37:07 - mkk_pika - main.py:112 - INFO - [episode:豐滿淫靡的女房客單行本] downloaded:   269, total: 269, progress:100%
2026-08-20 23:37:07 - mkk_pika - database.py:238 - INFO - 数据库更新已下载章节
2026-08-20 23:37:07 - mkk_pika - database.py:244 - INFO - 该漫画已下载章节如下
2026-08-20 23:37:07 - mkk_pika - database.py:245 - INFO - ['豐滿淫靡的女房客單行本']
2026-08-20 23:37:08 - mkk_pika - main.py:348 - INFO - ==================== 漫画信息 ====================
                                   漫画ID：5c69a6386008e9080030f4df
                                   标题：淫靡豊満な住民たち 淫靡豐滿的女房客們
                                   作者：綾枷ちよこ
                                   是否完结：是
                                   总页数：269
                                   分类：純愛,後宮閃光,單行本,長篇
                                   章节数：1
                                   最后更新时间：2019-02-17T18:21:44.064Z
                                   =================================================
2026-08-20 23:37:08 - mkk_pika - database.py:101 - INFO - 保存成功：淫靡豊満な住民たち 淫靡豐滿的女房客們
2026-08-20 23:37:08 - mkk_pika - main.py:35 - INFO - 开始检查放課後の体育倉庫1是否存在未下载章节
2026-08-20 23:37:09 - mkk_pika - main.py:45 - INFO - 正在下载:[放課後の体育倉庫1]-[紺色くらぶ (あさん)]-[['全彩', '短篇', 'SM']]-[total_pages:23]
2026-08-20 23:37:09 - mkk_pika - main.py:49 - INFO - [{'_id': '5c69a66d471c6d08071f8946', 'title': '第1集', 'order': 1, 'updated_at': '2019-02-17T11:54:33.801Z', 'id': '5c69a66d471c6d08071f8946'}]
2026-08-20 23:37:09 - mkk_pika - database.py:215 - INFO - 第一次下载该漫画，记录数据库中
2026-08-20 23:37:09 - mkk_pika - main.py:83 - INFO - 找到 23 张图片在:第1集
2026-08-20 23:37:10 - mkk_pika - main.py:112 - INFO - [episode:第1集       ] downloaded:    23, total:  23, progress:100%
2026-08-20 23:37:10 - mkk_pika - database.py:238 - INFO - 数据库更新已下载章节
2026-08-20 23:37:10 - mkk_pika - database.py:244 - INFO - 该漫画已下载章节如下
2026-08-20 23:37:10 - mkk_pika - database.py:245 - INFO - ['第1集']
2026-08-20 23:37:11 - mkk_pika - main.py:348 - INFO - ==================== 漫画信息 ====================
                                   漫画ID：5c69a66d471c6d08071f8945
                                   标题：放課後の体育倉庫1
                                   作者：紺色くらぶ (あさん)
                                   是否完结：否
                                   总页数：23
                                   分类：全彩,短篇,SM
                                   章节数：1
                                   最后更新时间：2019-02-17T18:22:37.339Z
                                   =================================================
2026-08-20 23:37:11 - mkk_pika - database.py:101 - INFO - 保存成功：放課後の体育倉庫1
2026-08-20 23:37:11 - mkk_pika - main.py:35 - INFO - 开始检查放課後の体育倉庫3是否存在未下载章节
2026-08-20 23:37:11 - mkk_pika - main.py:45 - INFO - 正在下载:[放課後の体育倉庫3]-[紺色くらぶ (あさん)]-[['全彩', '短篇', 'SM']]-[total_pages:27]
2026-08-20 23:37:11 - mkk_pika - main.py:49 - INFO - [{'_id': '5c69a674471c6d08071f895f', 'title': '第1集', 'order': 1, 'updated_at': '2019-02-17T11:58:43.418Z', 'id': '5c69a674471c6d08071f895f'}]
2026-08-20 23:37:11 - mkk_pika - database.py:215 - INFO - 第一次下载该漫画，记录数据库中
2026-08-20 23:37:12 - mkk_pika - main.py:83 - INFO - 找到 27 张图片在:第1集
2026-08-20 23:37:13 - mkk_pika - main.py:112 - INFO - [episode:第1集       ] downloaded:    27, total:  27, progress:100%
2026-08-20 23:37:13 - mkk_pika - database.py:238 - INFO - 数据库更新已下载章节
2026-08-20 23:37:13 - mkk_pika - database.py:244 - INFO - 该漫画已下载章节如下
2026-08-20 23:37:13 - mkk_pika - database.py:245 - INFO - ['第1集']
2026-08-20 23:37:15 - mkk_pika - main.py:348 - INFO - ==================== 漫画信息 ====================
                                   漫画ID：5c69a674471c6d08071f895e
                                   标题：放課後の体育倉庫3
                                   作者：紺色くらぶ (あさん)
                                   是否完结：否
                                   总页数：27
                                   分类：全彩,短篇,SM
                                   章节数：1
                                   最后更新时间：2019-02-17T18:22:44.857Z
                                   =================================================
2026-08-20 23:37:15 - mkk_pika - database.py:101 - INFO - 保存成功：放課後の体育倉庫3
2026-08-20 23:37:15 - mkk_pika - main.py:35 - INFO - 开始检查すやすやルイズちゃん是否存在未下载章节
2026-08-20 23:37:15 - mkk_pika - main.py:45 - INFO - 正在下载:[すやすやルイズちゃん]-[瓢屋 (もみお)]-[['同人', '短篇', 'NTR']]-[total_pages:44]
2026-08-20 23:37:15 - mkk_pika - main.py:49 - INFO - [{'_id': '5c03a3c8f628796d382efb11', 'title': '生肉', 'order': 1, 'updated_at': '2019-02-17T18:23:20.746Z', 'id': '5c03a3c8f628796d382efb11'}, {'_id': '5c69a698cee8501d73ba5a78', 'title': '熟肉', 'order': 2, 'updated_at': '2019-02-17T12:43:03.134Z', 'id': '5c69a698cee8501d73ba5a78'}]
2026-08-20 23:37:15 - mkk_pika - database.py:215 - INFO - 第一次下载该漫画，记录数据库中
2026-08-20 23:37:15 - mkk_pika - main.py:83 - INFO - 找到 22 张图片在:生肉
2026-08-20 23:37:16 - mkk_pika - main.py:112 - INFO - [episode:生肉        ] downloaded:    22, total:  22, progress:100%
2026-08-20 23:37:16 - mkk_pika - database.py:238 - INFO - 数据库更新已下载章节
2026-08-20 23:37:16 - mkk_pika - database.py:244 - INFO - 该漫画已下载章节如下
2026-08-20 23:37:16 - mkk_pika - database.py:245 - INFO - ['生肉']
2026-08-20 23:37:18 - mkk_pika - main.py:83 - INFO - 找到 22 张图片在:熟肉
2026-08-20 23:37:18 - mkk_pika - main.py:112 - INFO - [episode:熟肉        ] downloaded:    22, total:  22, progress:100%
2026-08-20 23:37:18 - mkk_pika - database.py:238 - INFO - 数据库更新已下载章节
2026-08-20 23:37:18 - mkk_pika - database.py:244 - INFO - 该漫画已下载章节如下
2026-08-20 23:37:18 - mkk_pika - database.py:245 - INFO - ['生肉', '熟肉']
2026-08-20 23:37:19 - mkk_pika - main.py:348 - INFO - ==================== 漫画信息 ====================
                                   漫画ID：5c03a3c8f628796d382efb10
                                   标题：すやすやルイズちゃん
                                   作者：瓢屋 (もみお)
                                   是否完结：否
                                   总页数：44
                                   分类：同人,短篇,NTR
                                   章节数：2
                                   最后更新时间：2019-02-17T18:23:20.728Z
                                   =================================================
2026-08-20 23:37:19 - mkk_pika - database.py:101 - INFO - 保存成功：すやすやルイズちゃん
2026-08-20 23:37:19 - mkk_pika - main.py:35 - INFO - 开始检查婚期を逃したスカサハがマスターにどエロく迫って夫を手に入れる本(Fate/Grand Order)（汉化）是否存在未下载章节
2026-08-20 23:37:20 - mkk_pika - main.py:45 - INFO - 正在下载:[婚期を逃したスカサハがマスターにどエロく迫って夫を手に入れる本(Fate/Grand Order)（汉化）]-[SOUND MILK (おとちち)]-[['短篇', '同人', 'Fate']]-[total_pages:27]
2026-08-20 23:37:20 - mkk_pika - main.py:49 - INFO - [{'_id': '5c69a6bfb7308407cf74a313', 'title': '第1集', 'order': 1, 'updated_at': '2019-02-17T13:38:56.552Z', 'id': '5c69a6bfb7308407cf74a313'}]
2026-08-20 23:37:20 - mkk_pika - database.py:215 - INFO - 第一次下载该漫画，记录数据库中
2026-08-20 23:37:21 - mkk_pika - main.py:83 - INFO - 找到 27 张图片在:第1集
2026-08-20 23:37:21 - mkk_pika - main.py:112 - INFO - [episode:第1集       ] downloaded:    27, total:  27, progress:100%
2026-08-20 23:37:21 - mkk_pika - database.py:238 - INFO - 数据库更新已下载章节
2026-08-20 23:37:21 - mkk_pika - database.py:244 - INFO - 该漫画已下载章节如下
2026-08-20 23:37:21 - mkk_pika - database.py:245 - INFO - ['第1集']
2026-08-20 23:37:23 - mkk_pika - main.py:348 - INFO - ==================== 漫画信息 ====================
                                   漫画ID：5c69a6bfb7308407cf74a312
                                   标题：婚期を逃したスカサハがマスターにどエロく迫って夫を手に入れる本(Fate/Grand Order)（汉化）
                                   作者：SOUND MILK (おとちち)
                                   是否完结：是
                                   总页数：27
                                   分类：短篇,同人,Fate
                                   章节数：1
                                   最后更新时间：2019-02-17T18:23:59.140Z
                                   =================================================
2026-08-20 23:37:23 - mkk_pika - database.py:101 - INFO - 保存成功：婚期を逃したスカサハがマスターにどエロく迫って夫を手に入れる本(Fate/Grand Order)（汉化）
2026-08-20 23:37:23 - mkk_pika - main.py:35 - INFO - 开始检查優奈ちゃんの一日是否存在未下载章节
2026-08-20 23:37:23 - mkk_pika - main.py:45 - INFO - 正在下载:[優奈ちゃんの一日]-[暗中模索 (まるころんど)]-[['短篇', '妹妹系']]-[total_pages:36]
2026-08-20 23:37:23 - mkk_pika - main.py:49 - INFO - [{'_id': '5c69a7216008e9080030f658', 'title': '第1集', 'order': 1, 'updated_at': '2019-02-17T13:47:05.616Z', 'id': '5c69a7216008e9080030f658'}]
2026-08-20 23:37:23 - mkk_pika - database.py:215 - INFO - 第一次下载该漫画，记录数据库中
2026-08-20 23:37:24 - mkk_pika - main.py:83 - INFO - 找到 36 张图片在:第1集
2026-08-20 23:37:24 - mkk_pika - main.py:112 - INFO - [episode:第1集       ] downloaded:    36, total:  36, progress:100%
2026-08-20 23:37:24 - mkk_pika - database.py:238 - INFO - 数据库更新已下载章节
2026-08-20 23:37:24 - mkk_pika - database.py:244 - INFO - 该漫画已下载章节如下
2026-08-20 23:37:24 - mkk_pika - database.py:245 - INFO - ['第1集']
2026-08-20 23:37:26 - mkk_pika - main.py:348 - INFO - ==================== 漫画信息 ====================
                                   漫画ID：5c69a7216008e9080030f657
                                   标题：優奈ちゃんの一日
                                   作者：暗中模索 (まるころんど)
                                   是否完结：是
                                   总页数：36
                                   分类：短篇,妹妹系
                                   章节数：1
                                   最后更新时间：2019-02-17T18:25:37.384Z
                                   =================================================
2026-08-20 23:37:26 - mkk_pika - database.py:101 - INFO - 保存成功：優奈ちゃんの一日
2026-08-20 23:37:26 - mkk_pika - main.py:35 - INFO - 开始检查LOVE JUNKIE (逆転裁判)是否存在未下载章节
2026-08-20 23:37:26 - mkk_pika - main.py:45 - INFO - 正在下载:[LOVE JUNKIE (逆転裁判)]-[爆裂風船 (でん吉)]-[['同人', '短篇', '後宮閃光', '妹妹系', '純愛', '姐姐系']]-[total_pages:34]
2026-08-20 23:37:26 - mkk_pika - main.py:49 - INFO - [{'_id': '5c69a800d871a4133f246692', 'title': '第1集', 'order': 1, 'updated_at': '2019-02-17T14:32:42.570Z', 'id': '5c69a800d871a4133f246692'}]
2026-08-20 23:37:26 - mkk_pika - database.py:215 - INFO - 第一次下载该漫画，记录数据库中
2026-08-20 23:37:27 - mkk_pika - main.py:83 - INFO - 找到 34 张图片在:第1集
2026-08-20 23:37:27 - mkk_pika - main.py:112 - INFO - [episode:第1集       ] downloaded:    34, total:  34, progress:100%
2026-08-20 23:37:27 - mkk_pika - database.py:238 - INFO - 数据库更新已下载章节
2026-08-20 23:37:27 - mkk_pika - database.py:244 - INFO - 该漫画已下载章节如下
2026-08-20 23:37:27 - mkk_pika - database.py:245 - INFO - ['第1集']
2026-08-20 23:37:29 - mkk_pika - main.py:348 - INFO - ==================== 漫画信息 ====================
                                   漫画ID：5c69a800d871a4133f246691
                                   标题：LOVE JUNKIE (逆転裁判)
                                   作者：爆裂風船 (でん吉)
                                   是否完结：是
                                   总页数：34
                                   分类：同人,短篇,後宮閃光,妹妹系,純愛,姐姐系
                                   章节数：1
                                   最后更新时间：2019-02-17T18:29:20.692Z
                                   =================================================
2026-08-20 23:37:29 - mkk_pika - database.py:101 - INFO - 保存成功：LOVE JUNKIE (逆転裁判)
2026-08-20 23:37:29 - mkk_pika - main.py:35 - INFO - 开始检查(C95)教師体験 (Fate/Grand Order) [無修正]是否存在未下载章节
2026-08-20 23:37:29 - mkk_pika - main.py:45 - INFO - 正在下载:[(C95)教師体験 (Fate/Grand Order) [無修正]]-[Nameless (月の仙人丿)]-[['短篇', '同人', 'Fate']]-[total_pages:41]
2026-08-20 23:37:29 - mkk_pika - main.py:49 - INFO - [{'_id': '5c69a8786008e9080030f68b', 'title': '第1集', 'order': 1, 'updated_at': '2019-02-17T05:14:03.546Z', 'id': '5c69a8786008e9080030f68b'}]
2026-08-20 23:37:29 - mkk_pika - database.py:215 - INFO - 第一次下载该漫画，记录数据库中
2026-08-20 23:37:30 - mkk_pika - main.py:83 - INFO - 找到 41 张图片在:第1集
2026-08-20 23:37:31 - mkk_pika - main.py:112 - INFO - [episode:第1集       ] downloaded:    41, total:  41, progress:100%
2026-08-20 23:37:31 - mkk_pika - database.py:238 - INFO - 数据库更新已下载章节
2026-08-20 23:37:31 - mkk_pika - database.py:244 - INFO - 该漫画已下载章节如下
2026-08-20 23:37:31 - mkk_pika - database.py:245 - INFO - ['第1集']
2026-08-20 23:37:32 - mkk_pika - main.py:348 - INFO - ==================== 漫画信息 ====================
                                   漫画ID：5c69a8786008e9080030f68a
                                   标题：(C95)教師体験 (Fate/Grand Order) [無修正]
                                   作者：Nameless (月の仙人丿)
                                   是否完结：是
                                   总页数：41
                                   分类：短篇,同人,Fate
                                   章节数：1
                                   最后更新时间：2019-02-17T18:31:20.477Z
                                   =================================================
2026-08-20 23:37:32 - mkk_pika - database.py:101 - INFO - 保存成功：(C95)教師体験 (Fate/Grand Order) [無修正]
2026-08-20 23:37:32 - mkk_pika - main.py:35 - INFO - 开始检查吸血姫カルミラ episode是否存在未下载章节
2026-08-20 23:37:33 - mkk_pika - main.py:45 - INFO - 正在下载:[吸血姫カルミラ episode]-[ほむら屋 (焔すばる)]-[['短篇', 'SM', '扶他樂園']]-[total_pages:29]
2026-08-20 23:37:33 - mkk_pika - main.py:49 - INFO - [{'_id': '5c69a8bdb7308407cf74a373', 'title': '第1集', 'order': 1, 'updated_at': '2019-02-17T15:44:53.716Z', 'id': '5c69a8bdb7308407cf74a373'}]
2026-08-20 23:37:33 - mkk_pika - database.py:215 - INFO - 第一次下载该漫画，记录数据库中
2026-08-20 23:37:33 - mkk_pika - main.py:83 - INFO - 找到 29 张图片在:第1集
2026-08-20 23:37:34 - mkk_pika - main.py:112 - INFO - [episode:第1集       ] downloaded:    29, total:  29, progress:100%
2026-08-20 23:37:34 - mkk_pika - database.py:238 - INFO - 数据库更新已下载章节
2026-08-20 23:37:34 - mkk_pika - database.py:244 - INFO - 该漫画已下载章节如下
2026-08-20 23:37:34 - mkk_pika - database.py:245 - INFO - ['第1集']
2026-08-20 23:37:35 - mkk_pika - main.py:348 - INFO - ==================== 漫画信息 ====================
                                   漫画ID：5c69a8bdb7308407cf74a372
                                   标题：吸血姫カルミラ episode
                                   作者：ほむら屋 (焔すばる)
                                   是否完结：是
                                   总页数：29
                                   分类：短篇,SM,扶他樂園
                                   章节数：1
                                   最后更新时间：2019-02-17T18:32:29.265Z
                                   =================================================
2026-08-20 23:37:35 - mkk_pika - database.py:101 - INFO - 保存成功：吸血姫カルミラ episode
2026-08-20 23:37:35 - mkk_pika - main.py:35 - INFO - 开始检查春爛れて満ちる (ヌレイキ)是否存在未下载章节
2026-08-20 23:37:36 - mkk_pika - main.py:45 - INFO - 正在下载:[春爛れて満ちる (ヌレイキ)]-[ムサシマル]-[['短篇', '姐姐系']]-[total_pages:26]
2026-08-20 23:37:36 - mkk_pika - main.py:49 - INFO - [{'_id': '5c6a13693af83113198d02ba', 'title': '第1集', 'order': 1, 'updated_at': '2019-02-17T15:57:47.833Z', 'id': '5c6a13693af83113198d02ba'}]
2026-08-20 23:37:36 - mkk_pika - database.py:215 - INFO - 第一次下载该漫画，记录数据库中
2026-08-20 23:37:37 - mkk_pika - main.py:83 - INFO - 找到 26 张图片在:第1集
2026-08-20 23:37:37 - mkk_pika - main.py:112 - INFO - [episode:第1集       ] downloaded:    26, total:  26, progress:100%
2026-08-20 23:37:37 - mkk_pika - database.py:238 - INFO - 数据库更新已下载章节
2026-08-20 23:37:37 - mkk_pika - database.py:244 - INFO - 该漫画已下载章节如下
2026-08-20 23:37:37 - mkk_pika - database.py:245 - INFO - ['第1集']
2026-08-20 23:37:38 - mkk_pika - main.py:348 - INFO - ==================== 漫画信息 ====================
                                   漫画ID：5c6a13693af83113198d02b9
                                   标题：春爛れて満ちる (ヌレイキ)
                                   作者：ムサシマル
                                   是否完结：否
                                   总页数：26
                                   分类：短篇,姐姐系
                                   章节数：1
                                   最后更新时间：2019-02-18T02:07:37.809Z
                                   =================================================
2026-08-20 23:37:38 - mkk_pika - database.py:101 - INFO - 保存成功：春爛れて満ちる (ヌレイキ)
2026-08-20 23:37:38 - mkk_pika - main.py:35 - INFO - 开始检查[3D]无法控制的欲望是否存在未下载章节
2026-08-20 23:37:39 - mkk_pika - main.py:45 - INFO - 正在下载:[[3D]无法控制的欲望]-[Jared999D]-[['全彩', '人妻']]-[total_pages:249]
2026-08-20 23:37:39 - mkk_pika - main.py:49 - INFO - [{'_id': '5c6a13776008e9080030f949', 'title': '第1集', 'order': 1, 'updated_at': '2019-02-16T09:18:24.862Z', 'id': '5c6a13776008e9080030f949'}, {'_id': '5c6a13776008e9080030f94a', 'title': '第2集', 'order': 2, 'updated_at': '2019-02-16T09:19:59.714Z', 'id': '5c6a13776008e9080030f94a'}]
2026-08-20 23:37:39 - mkk_pika - database.py:215 - INFO - 第一次下载该漫画，记录数据库中
2026-08-20 23:37:40 - mkk_pika - main.py:83 - INFO - 找到 100 张图片在:第1集
2026-08-20 23:37:41 - mkk_pika - main.py:112 - INFO - [episode:第1集       ] downloaded:   100, total: 100, progress:100%
2026-08-20 23:37:41 - mkk_pika - database.py:238 - INFO - 数据库更新已下载章节
2026-08-20 23:37:41 - mkk_pika - database.py:244 - INFO - 该漫画已下载章节如下
2026-08-20 23:37:41 - mkk_pika - database.py:245 - INFO - ['第1集']
2026-08-20 23:37:45 - mkk_pika - main.py:83 - INFO - 找到 149 张图片在:第2集
2026-08-20 23:37:47 - mkk_pika - main.py:112 - INFO - [episode:第2集       ] downloaded:   149, total: 149, progress:100%
2026-08-20 23:37:47 - mkk_pika - database.py:238 - INFO - 数据库更新已下载章节
2026-08-20 23:37:47 - mkk_pika - database.py:244 - INFO - 该漫画已下载章节如下
2026-08-20 23:37:47 - mkk_pika - database.py:245 - INFO - ['第1集', '第2集']
2026-08-20 23:37:48 - mkk_pika - main.py:348 - INFO - ==================== 漫画信息 ====================
                                   漫画ID：5c6a13776008e9080030f948
                                   标题：[3D]无法控制的欲望
                                   作者：Jared999D
                                   是否完结：否
                                   总页数：249
                                   分类：全彩,人妻
                                   章节数：2
                                   最后更新时间：2019-02-18T02:07:51.758Z
                                   =================================================
2026-08-20 23:37:48 - mkk_pika - database.py:101 - INFO - 保存成功：[3D]无法控制的欲望
2026-08-20 23:37:48 - mkk_pika - main.py:35 - INFO - 开始检查性転換教室 是否存在未下载章节
2026-08-20 23:37:49 - mkk_pika - main.py:45 - INFO - 正在下载:[性転換教室 ]-[幾夜大黒堂]-[['長篇', '性轉換', '強暴']]-[total_pages:199]
2026-08-20 23:37:49 - mkk_pika - main.py:49 - INFO - [{'_id': '5c6a142fcd7559134a63126a', 'title': '第1集', 'order': 1, 'updated_at': '2019-02-17T16:33:27.946Z', 'id': '5c6a142fcd7559134a63126a'}]
2026-08-20 23:37:49 - mkk_pika - database.py:215 - INFO - 第一次下载该漫画，记录数据库中
2026-08-20 23:37:52 - mkk_pika - main.py:83 - INFO - 找到 199 张图片在:第1集
2026-08-20 23:37:55 - mkk_pika - main.py:112 - INFO - [episode:第1集       ] downloaded:   199, total: 199, progress:100%
2026-08-20 23:37:55 - mkk_pika - database.py:238 - INFO - 数据库更新已下载章节
2026-08-20 23:37:55 - mkk_pika - database.py:244 - INFO - 该漫画已下载章节如下
2026-08-20 23:37:55 - mkk_pika - database.py:245 - INFO - ['第1集']
2026-08-20 23:37:56 - mkk_pika - main.py:348 - INFO - ==================== 漫画信息 ====================
                                   漫画ID：5c6a142fcd7559134a631269
                                   标题：性転換教室 
                                   作者：幾夜大黒堂
                                   是否完结：是
                                   总页数：199
                                   分类：長篇,性轉換,強暴
                                   章节数：1
                                   最后更新时间：2019-02-18T02:10:55.937Z
                                   =================================================
2026-08-20 23:37:56 - mkk_pika - database.py:101 - INFO - 保存成功：性転換教室 
2026-08-20 23:37:56 - mkk_pika - main.py:35 - INFO - 开始检查オレ出張中、妻寝取られ中。是否存在未下载章节
2026-08-20 23:37:57 - mkk_pika - main.py:45 - INFO - 正在下载:[オレ出張中、妻寝取られ中。]-[DOZA Village (どざむら)]-[['短篇', '全彩', 'NTR', '人妻']]-[total_pages:55]
2026-08-20 23:37:57 - mkk_pika - main.py:49 - INFO - [{'_id': '5c6a148a6008e9080030faa2', 'title': '第1集', 'order': 1, 'updated_at': '2019-02-17T19:35:12.903Z', 'id': '5c6a148a6008e9080030faa2'}]
2026-08-20 23:37:57 - mkk_pika - database.py:215 - INFO - 第一次下载该漫画，记录数据库中
2026-08-20 23:37:58 - mkk_pika - main.py:83 - INFO - 找到 55 张图片在:第1集
2026-08-20 23:37:59 - mkk_pika - main.py:112 - INFO - [episode:第1集       ] downloaded:    55, total:  55, progress:100%
2026-08-20 23:37:59 - mkk_pika - database.py:238 - INFO - 数据库更新已下载章节
2026-08-20 23:37:59 - mkk_pika - database.py:244 - INFO - 该漫画已下载章节如下
2026-08-20 23:37:59 - mkk_pika - database.py:245 - INFO - ['第1集']
2026-08-20 23:38:00 - mkk_pika - main.py:348 - INFO - ==================== 漫画信息 ====================
                                   漫画ID：5c6a148a6008e9080030faa1
                                   标题：オレ出張中、妻寝取られ中。
                                   作者：DOZA Village (どざむら)
                                   是否完结：是
                                   总页数：55
                                   分类：短篇,全彩,NTR,人妻
                                   章节数：1
                                   最后更新时间：2019-02-18T02:12:26.638Z
                                   =================================================
2026-08-20 23:38:00 - mkk_pika - database.py:101 - INFO - 保存成功：オレ出張中、妻寝取られ中。
2026-08-20 23:38:00 - mkk_pika - main.py:35 - INFO - 开始检查戀の心-(FF33) KOI NO COCORO (Fate/Grand Order)是否存在未下载章节
2026-08-20 23:38:00 - mkk_pika - main.py:45 - INFO - 正在下载:[戀の心-(FF33) KOI NO COCORO (Fate/Grand Order)]-[MOUYA]-[['短篇', '同人', 'Fate', '非人類', '強暴']]-[total_pages:26]
2026-08-20 23:38:00 - mkk_pika - main.py:49 - INFO - [{'_id': '5c6a15ddd57fae07d0897906', 'title': '第1集', 'order': 1, 'updated_at': '2019-02-18T00:20:19.225Z', 'id': '5c6a15ddd57fae07d0897906'}]
2026-08-20 23:38:00 - mkk_pika - database.py:215 - INFO - 第一次下载该漫画，记录数据库中
2026-08-20 23:38:01 - mkk_pika - main.py:83 - INFO - 找到 26 张图片在:第1集
2026-08-20 23:38:02 - mkk_pika - main.py:112 - INFO - [episode:第1集       ] downloaded:    26, total:  26, progress:100%
2026-08-20 23:38:02 - mkk_pika - database.py:238 - INFO - 数据库更新已下载章节
2026-08-20 23:38:02 - mkk_pika - database.py:244 - INFO - 该漫画已下载章节如下
2026-08-20 23:38:02 - mkk_pika - database.py:245 - INFO - ['第1集']
2026-08-20 23:38:03 - mkk_pika - main.py:348 - INFO - ==================== 漫画信息 ====================
                                   漫画ID：5c6a15ddd57fae07d0897905
                                   标题：戀の心-(FF33) KOI NO COCORO (Fate/Grand Order)
                                   作者：MOUYA
                                   是否完结：是
                                   总页数：26
                                   分类：短篇,同人,Fate,非人類,強暴
                                   章节数：1
                                   最后更新时间：2019-02-18T02:18:05.161Z
                                   =================================================
2026-08-20 23:38:03 - mkk_pika - database.py:101 - INFO - 保存成功：戀の心-(FF33) KOI NO COCORO (Fate/Grand Order)
2026-08-20 23:38:03 - mkk_pika - main.py:35 - INFO - 开始检查(C95) 響ちゃんのふわふわ追補習! (艦隊これくしょん -艦これ-)是否存在未下载章节
2026-08-20 23:38:04 - mkk_pika - main.py:45 - INFO - 正在下载:[(C95) 響ちゃんのふわふわ追補習! (艦隊これくしょん -艦これ-)]-[爽やか特濃みるく (在誠舞あゆか+)]-[['短篇', '同人', '艦隊收藏']]-[total_pages:24]
2026-08-20 23:38:04 - mkk_pika - main.py:49 - INFO - [{'_id': '5c6a1636cee8501d73ba5be2', 'title': '第1集', 'order': 1, 'updated_at': '2019-02-18T01:01:41.893Z', 'id': '5c6a1636cee8501d73ba5be2'}]
2026-08-20 23:38:04 - mkk_pika - database.py:215 - INFO - 第一次下载该漫画，记录数据库中
2026-08-20 23:38:05 - mkk_pika - main.py:83 - INFO - 找到 24 张图片在:第1集
2026-08-20 23:38:05 - mkk_pika - main.py:112 - INFO - [episode:第1集       ] downloaded:    24, total:  24, progress:100%
2026-08-20 23:38:05 - mkk_pika - database.py:238 - INFO - 数据库更新已下载章节
2026-08-20 23:38:05 - mkk_pika - database.py:244 - INFO - 该漫画已下载章节如下
2026-08-20 23:38:05 - mkk_pika - database.py:245 - INFO - ['第1集']
2026-08-20 23:38:07 - mkk_pika - main.py:348 - INFO - ==================== 漫画信息 ====================
                                   漫画ID：5c6a1636cee8501d73ba5be1
                                   标题：(C95) 響ちゃんのふわふわ追補習! (艦隊これくしょん -艦これ-)
                                   作者：爽やか特濃みるく (在誠舞あゆか+)
                                   是否完结：是
                                   总页数：24
                                   分类：短篇,同人,艦隊收藏
                                   章节数：1
                                   最后更新时间：2019-02-18T02:19:34.544Z
                                   =================================================
2026-08-20 23:38:07 - mkk_pika - database.py:101 - INFO - 保存成功：(C95) 響ちゃんのふわふわ追補習! (艦隊これくしょん -艦これ-)
2026-08-20 23:38:07 - mkk_pika - main.py:35 - INFO - 开始检查(C91) 響ちゃんを泣かしちゃう本 (艦隊これくしょん -艦これ-)是否存在未下载章节
2026-08-20 23:38:07 - mkk_pika - main.py:45 - INFO - 正在下载:[(C91) 響ちゃんを泣かしちゃう本 (艦隊これくしょん -艦これ-)]-[爽やか特濃みるく (在誠舞あゆか+)]-[['同人', '短篇', '艦隊收藏']]-[total_pages:27]
2026-08-20 23:38:07 - mkk_pika - main.py:49 - INFO - [{'_id': '5c6a16a2f9d7dd225a3ec5fc', 'title': '第1集', 'order': 1, 'updated_at': '2019-02-18T01:05:19.507Z', 'id': '5c6a16a2f9d7dd225a3ec5fc'}]
2026-08-20 23:38:07 - mkk_pika - database.py:215 - INFO - 第一次下载该漫画，记录数据库中
2026-08-20 23:38:08 - mkk_pika - main.py:83 - INFO - 找到 27 张图片在:第1集
2026-08-20 23:38:08 - mkk_pika - main.py:112 - INFO - [episode:第1集       ] downloaded:    27, total:  27, progress:100%
2026-08-20 23:38:08 - mkk_pika - database.py:238 - INFO - 数据库更新已下载章节
2026-08-20 23:38:08 - mkk_pika - database.py:244 - INFO - 该漫画已下载章节如下
2026-08-20 23:38:08 - mkk_pika - database.py:245 - INFO - ['第1集']
2026-08-20 23:38:10 - mkk_pika - main.py:348 - INFO - ==================== 漫画信息 ====================
                                   漫画ID：5c6a16a2f9d7dd225a3ec5fb
                                   标题：(C91) 響ちゃんを泣かしちゃう本 (艦隊これくしょん -艦これ-)
                                   作者：爽やか特濃みるく (在誠舞あゆか+)
                                   是否完结：是
                                   总页数：27
                                   分类：同人,短篇,艦隊收藏
                                   章节数：1
                                   最后更新时间：2019-02-18T02:21:22.068Z
                                   =================================================
2026-08-20 23:38:10 - mkk_pika - database.py:101 - INFO - 保存成功：(C91) 響ちゃんを泣かしちゃう本 (艦隊これくしょん -艦これ-)
2026-08-20 23:38:10 - mkk_pika - main.py:35 - INFO - 开始检查 ケモミミ双子メイドおしおききろく是否存在未下载章节
2026-08-20 23:38:10 - mkk_pika - main.py:45 - INFO - 正在下载:[ ケモミミ双子メイドおしおききろく]-[ANCHOR (武藤まと)]-[['短篇', '全彩', 'SM']]-[total_pages:10]
2026-08-20 23:38:10 - mkk_pika - main.py:49 - INFO - [{'_id': '5c6a1b9688d6ea649444887b', 'title': '第1集', 'order': 1, 'updated_at': '2019-02-18T02:27:44.206Z', 'id': '5c6a1b9688d6ea649444887b'}]
2026-08-20 23:38:10 - mkk_pika - database.py:215 - INFO - 第一次下载该漫画，记录数据库中
2026-08-20 23:38:11 - mkk_pika - main.py:83 - INFO - 找到 10 张图片在:第1集
2026-08-20 23:38:11 - mkk_pika - main.py:112 - INFO - [episode:第1集       ] downloaded:    10, total:  10, progress:100%
2026-08-20 23:38:11 - mkk_pika - database.py:238 - INFO - 数据库更新已下载章节
2026-08-20 23:38:11 - mkk_pika - database.py:244 - INFO - 该漫画已下载章节如下
2026-08-20 23:38:11 - mkk_pika - database.py:245 - INFO - ['第1集']
2026-08-20 23:38:13 - mkk_pika - main.py:348 - INFO - ==================== 漫画信息 ====================
                                   漫画ID：5c6a1b9688d6ea649444887a
                                   标题： ケモミミ双子メイドおしおききろく
                                   作者：ANCHOR (武藤まと)
                                   是否完结：是
                                   总页数：10
                                   分类：短篇,全彩,SM
                                   章节数：1
                                   最后更新时间：2019-02-18T02:42:30.212Z
                                   =================================================
2026-08-20 23:38:13 - mkk_pika - database.py:101 - INFO - 保存成功： ケモミミ双子メイドおしおききろく
2026-08-20 23:38:13 - mkk_pika - main.py:35 - INFO - 开始检查(C95)Avian Romance Pink label5 (オリジナル)是否存在未下载章节
2026-08-20 23:38:13 - mkk_pika - main.py:45 - INFO - 正在下载:[(C95)Avian Romance Pink label5 (オリジナル)]-[Anmi]-[['全彩', '短篇']]-[total_pages:9]
2026-08-20 23:38:13 - mkk_pika - main.py:49 - INFO - [{'_id': '5c6a228e0487607d1a956c62', 'title': '第1集', 'order': 1, 'updated_at': '2019-02-18T03:07:06.086Z', 'id': '5c6a228e0487607d1a956c62'}]
2026-08-20 23:38:13 - mkk_pika - database.py:215 - INFO - 第一次下载该漫画，记录数据库中
2026-08-20 23:38:14 - mkk_pika - main.py:83 - INFO - 找到 9 张图片在:第1集
2026-08-20 23:38:14 - mkk_pika - main.py:112 - INFO - [episode:第1集       ] downloaded:     9, total:   9, progress:100%
2026-08-20 23:38:14 - mkk_pika - database.py:238 - INFO - 数据库更新已下载章节
2026-08-20 23:38:14 - mkk_pika - database.py:244 - INFO - 该漫画已下载章节如下
2026-08-20 23:38:14 - mkk_pika - database.py:245 - INFO - ['第1集']
2026-08-20 23:38:15 - mkk_pika - main.py:348 - INFO - ==================== 漫画信息 ====================
                                   漫画ID：5c6a228e0487607d1a956c61
                                   标题：(C95)Avian Romance Pink label5 (オリジナル)
                                   作者：Anmi
                                   是否完结：是
                                   总页数：9
                                   分类：全彩,短篇
                                   章节数：1
                                   最后更新时间：2019-02-18T03:12:14.400Z
                                   =================================================
2026-08-20 23:38:15 - mkk_pika - database.py:101 - INFO - 保存成功：(C95)Avian Romance Pink label5 (オリジナル)
2026-08-20 23:38:15 - mkk_pika - main.py:380 - INFO - 本次任务下载完毕
2026-08-20 23:38:15 - mkk_pika - database.py:173 - INFO - 数据库连接已关闭
