2026-07-28 00:08:59 - mkk_pika - main.py:193 - INFO - =======================================================================
2026-07-28 00:08:59 - mkk_pika - database.py:61 - INFO - 表和索引初始化成功
2026-07-28 00:08:59 - mkk_pika - main.py:197 - INFO - 已经累计下载17829本漫画
2026-07-28 00:09:00 - mkk_pika - api.py:87 - INFO - 登录成功
2026-07-28 00:09:00 - mkk_pika - main.py:203 - INFO - 收藏夹共计0本漫画
2026-07-28 00:09:00 - mkk_pika - main.py:206 - INFO - 开始下载收藏夹内未下载内容
2026-07-28 00:09:00 - mkk_pika - main.py:266 - INFO - 收藏夹内容下载完毕
2026-07-28 00:09:00 - mkk_pika - main.py:268 - INFO - 开始下载订阅内容
2026-07-28 00:09:00 - mkk_pika - database.py:258 - INFO - 根据ID查询到标题：萝莉 -> TSロリおじさんの冒険 前戯編 | TS萝莉中年大叔的冒险 前戏篇
2026-07-28 00:09:01 - mkk_pika - database.py:101 - INFO - 保存成功：TSロリおじさんの冒険 前戯編 | TS萝莉中年大叔的冒险 前戏篇
2026-07-28 00:09:01 - mkk_pika - main.py:273 - INFO - 关键词萝莉找到1本漫画
2026-07-28 00:09:01 - mkk_pika - database.py:258 - INFO - 根据ID查询到标题：蘿莉 -> [Pixiv] Nyako (87118066) part.8（AI）
2026-07-28 00:09:01 - mkk_pika - database.py:101 - INFO - 保存成功：高天原情事情
2026-07-28 00:09:01 - mkk_pika - main.py:273 - INFO - 关键词蘿莉找到1本漫画
2026-07-28 00:09:01 - mkk_pika - main.py:275 - INFO - 订阅内容共计2本漫画
2026-07-28 00:09:01 - mkk_pika - main.py:35 - INFO - 开始检查バイト中のゆ〜わく是否存在未下载章节
2026-07-28 00:09:02 - mkk_pika - database.py:203 - INFO - 查询数据库中是否已存在第1話
2026-07-28 00:09:02 - mkk_pika - main.py:51 - INFO - バイト中のゆ〜わく中没有可下载章节
2026-07-28 00:09:02 - mkk_pika - main.py:292 - INFO - ==================== 漫画信息 ====================
                                漫画ID：6a6397d265bf3e38d164dfa0
                                标题：バイト中のゆ〜わく
                                作者：スミヅミ
                                是否完结：是
                                总页数：26
                                分类：短篇,純愛
                                章节数：1
                                最后更新时间：2026-07-24T16:50:26.165Z
                                =================================================
2026-07-28 00:09:02 - mkk_pika - database.py:101 - INFO - 保存成功：バイト中のゆ〜わく
2026-07-28 00:09:02 - mkk_pika - main.py:35 - INFO - 开始检查本当にいた！！時間停止おじさん 5是否存在未下载章节
2026-07-28 00:09:02 - mkk_pika - main.py:45 - INFO - 正在下载:[本当にいた！！時間停止おじさん 5]-[スパイシーラブスヘブン (かみ田)]-[['短篇']]-[total_pages:-1]
2026-07-28 00:09:02 - mkk_pika - main.py:49 - INFO - [{'_id': '6a67917b8878f60f6a7709d9', 'title': '第1話', 'order': 1, 'updated_at': '2026-07-27T12:43:52.559Z', 'id': '6a67917b8878f60f6a7709d9'}]
2026-07-28 00:09:02 - mkk_pika - database.py:215 - INFO - 第一次下载该漫画，记录数据库中
2026-07-28 00:09:03 - mkk_pika - main.py:83 - INFO - 找到 22 张图片在:第1話
2026-07-28 00:09:03 - mkk_pika - main.py:112 - INFO - [episode:第1話       ] downloaded:    22, total:  22, progress:100%
2026-07-28 00:09:03 - mkk_pika - database.py:238 - INFO - 数据库更新已下载章节
2026-07-28 00:09:03 - mkk_pika - database.py:244 - INFO - 该漫画已下载章节如下
2026-07-28 00:09:03 - mkk_pika - database.py:245 - INFO - ['第1話']
2026-07-28 00:09:05 - mkk_pika - main.py:292 - INFO - ==================== 漫画信息 ====================
                                漫画ID：6a67917b8878f60f6a7709d8
                                标题：本当にいた！！時間停止おじさん 5
                                作者：スパイシーラブスヘブン (かみ田)
                                是否完结：是
                                总页数：22
                                分类：短篇
                                章节数：1
                                最后更新时间：2026-07-27T17:12:27.282Z
                                =================================================
2026-07-28 00:09:05 - mkk_pika - database.py:101 - INFO - 保存成功：本当にいた！！時間停止おじさん 5
2026-07-28 00:09:05 - mkk_pika - main.py:323 - INFO - 订阅内容内容下载完毕
2026-07-28 00:09:05 - mkk_pika - main.py:324 - INFO - 开始分批下载全部章节
2026-07-28 00:09:05 - mkk_pika - database.py:280 - INFO - 表和索引初始化成功
2026-07-28 00:09:05 - mkk_pika - main.py:177 - INFO - 已经下载了1328页，一共7041页，现在开始添加第1329页
2026-07-28 00:09:06 - mkk_pika - database.py:318 - INFO - 保存成功
2026-07-28 00:09:06 - mkk_pika - main.py:177 - INFO - 已经下载了1329页，一共7041页，现在开始添加第1330页
2026-07-28 00:09:07 - mkk_pika - database.py:318 - INFO - 保存成功
2026-07-28 00:09:07 - mkk_pika - main.py:177 - INFO - 已经下载了1330页，一共7041页，现在开始添加第1331页
2026-07-28 00:09:08 - mkk_pika - database.py:318 - INFO - 保存成功
2026-07-28 00:09:08 - mkk_pika - main.py:177 - INFO - 已经下载了1331页，一共7041页，现在开始添加第1332页
2026-07-28 00:09:09 - mkk_pika - database.py:318 - INFO - 保存成功
2026-07-28 00:09:09 - mkk_pika - main.py:177 - INFO - 已经下载了1332页，一共7041页，现在开始添加第1333页
2026-07-28 00:09:09 - mkk_pika - database.py:318 - INFO - 保存成功
2026-07-28 00:09:09 - mkk_pika - main.py:331 - INFO - 分批下载共计56本漫画
2026-07-28 00:09:09 - mkk_pika - main.py:35 - INFO - 开始检查(C95)胤盛家ノ家庭事情2是否存在未下载章节
2026-07-28 00:09:10 - mkk_pika - main.py:45 - INFO - 正在下载:[(C95)胤盛家ノ家庭事情2]-[MTSP (Jin)]-[['短篇', '姐姐系', '人妻']]-[total_pages:23]
2026-07-28 00:09:10 - mkk_pika - main.py:49 - INFO - [{'_id': '5c342ec9529ed24568c6ed9b', 'title': '第1集', 'order': 1, 'updated_at': '2019-01-07T15:23:06.953Z', 'id': '5c342ec9529ed24568c6ed9b'}]
2026-07-28 00:09:10 - mkk_pika - database.py:215 - INFO - 第一次下载该漫画，记录数据库中
2026-07-28 00:09:10 - mkk_pika - main.py:83 - INFO - 找到 23 张图片在:第1集
2026-07-28 00:09:11 - mkk_pika - main.py:112 - INFO - [episode:第1集       ] downloaded:    23, total:  23, progress:100%
2026-07-28 00:09:11 - mkk_pika - database.py:238 - INFO - 数据库更新已下载章节
2026-07-28 00:09:11 - mkk_pika - database.py:244 - INFO - 该漫画已下载章节如下
2026-07-28 00:09:11 - mkk_pika - database.py:245 - INFO - ['第1集']
2026-07-28 00:09:12 - mkk_pika - main.py:348 - INFO - ==================== 漫画信息 ====================
                                   漫画ID：5c342ec9529ed24568c6ed9a
                                   标题：(C95)胤盛家ノ家庭事情2
                                   作者：MTSP (Jin)
                                   是否完结：否
                                   总页数：23
                                   分类：短篇,姐姐系,人妻
                                   章节数：1
                                   最后更新时间：2019-01-08T05:02:01.360Z
                                   =================================================
2026-07-28 00:09:12 - mkk_pika - database.py:101 - INFO - 保存成功：(C95)胤盛家ノ家庭事情2
2026-07-28 00:09:12 - mkk_pika - main.py:35 - INFO - 开始检查 (C95)頼光マママニア (Fate Grand Order)是否存在未下载章节
2026-07-28 00:09:12 - mkk_pika - main.py:45 - INFO - 正在下载:[ (C95)頼光マママニア (Fate Grand Order)]-[カツタイツ (カクマユ)]-[['同人', '短篇', 'Fate']]-[total_pages:28]
2026-07-28 00:09:12 - mkk_pika - main.py:49 - INFO - [{'_id': '5c342edc49be9f13b64c6b2a', 'title': '第1集', 'order': 1, 'updated_at': '2019-01-07T15:25:21.681Z', 'id': '5c342edc49be9f13b64c6b2a'}]
2026-07-28 00:09:12 - mkk_pika - database.py:215 - INFO - 第一次下载该漫画，记录数据库中
2026-07-28 00:09:13 - mkk_pika - main.py:83 - INFO - 找到 28 张图片在:第1集
2026-07-28 00:09:14 - mkk_pika - main.py:112 - INFO - [episode:第1集       ] downloaded:    28, total:  28, progress:100%
2026-07-28 00:09:14 - mkk_pika - database.py:238 - INFO - 数据库更新已下载章节
2026-07-28 00:09:14 - mkk_pika - database.py:244 - INFO - 该漫画已下载章节如下
2026-07-28 00:09:14 - mkk_pika - database.py:245 - INFO - ['第1集']
2026-07-28 00:09:15 - mkk_pika - main.py:348 - INFO - ==================== 漫画信息 ====================
                                   漫画ID：5c342edc49be9f13b64c6b29
                                   标题： (C95)頼光マママニア (Fate Grand Order)
                                   作者：カツタイツ (カクマユ)
                                   是否完结：否
                                   总页数：28
                                   分类：同人,短篇,Fate
                                   章节数：1
                                   最后更新时间：2019-01-08T05:02:20.001Z
                                   =================================================
2026-07-28 00:09:15 - mkk_pika - database.py:101 - INFO - 保存成功： (C95)頼光マママニア (Fate Grand Order)
2026-07-28 00:09:15 - mkk_pika - main.py:35 - INFO - 开始检查妖精がいるセカイ是否存在未下载章节
2026-07-28 00:09:15 - mkk_pika - main.py:45 - INFO - 正在下载:[妖精がいるセカイ]-[冬野ん家 (冬野みかん)]-[['短篇', '純愛', '非人類']]-[total_pages:20]
2026-07-28 00:09:15 - mkk_pika - main.py:49 - INFO - [{'_id': '5c342f0149be9f13b64c6b4a', 'title': '第1集', 'order': 1, 'updated_at': '2019-01-08T01:09:46.162Z', 'id': '5c342f0149be9f13b64c6b4a'}]
2026-07-28 00:09:15 - mkk_pika - database.py:215 - INFO - 第一次下载该漫画，记录数据库中
2026-07-28 00:09:16 - mkk_pika - main.py:83 - INFO - 找到 20 张图片在:第1集
2026-07-28 00:09:16 - mkk_pika - main.py:112 - INFO - [episode:第1集       ] downloaded:    20, total:  20, progress:100%
2026-07-28 00:09:16 - mkk_pika - database.py:238 - INFO - 数据库更新已下载章节
2026-07-28 00:09:16 - mkk_pika - database.py:244 - INFO - 该漫画已下载章节如下
2026-07-28 00:09:16 - mkk_pika - database.py:245 - INFO - ['第1集']
2026-07-28 00:09:17 - mkk_pika - main.py:348 - INFO - ==================== 漫画信息 ====================
                                   漫画ID：5c342f0149be9f13b64c6b49
                                   标题：妖精がいるセカイ
                                   作者：冬野ん家 (冬野みかん)
                                   是否完结：是
                                   总页数：20
                                   分类：短篇,純愛,非人類
                                   章节数：1
                                   最后更新时间：2019-01-08T05:02:57.470Z
                                   =================================================
2026-07-28 00:09:17 - mkk_pika - database.py:101 - INFO - 保存成功：妖精がいるセカイ
2026-07-28 00:09:17 - mkk_pika - main.py:35 - INFO - 开始检查(C95) さすが··ブタ野郎ねっ! + 玉砕覚悟なおまけ(本)?是否存在未下载章节
2026-07-28 00:09:18 - mkk_pika - main.py:45 - INFO - 正在下载:[(C95) さすが··ブタ野郎ねっ! + 玉砕覚悟なおまけ(本)?]-[俺たちミスノン一家 (須原シイナ)]-[['短篇', '同人', '強暴']]-[total_pages:31]
2026-07-28 00:09:18 - mkk_pika - main.py:49 - INFO - [{'_id': '5c342f530f8255137646a9cb', 'title': '第1集', 'order': 1, 'updated_at': '2019-01-08T02:11:32.878Z', 'id': '5c342f530f8255137646a9cb'}]
2026-07-28 00:09:18 - mkk_pika - database.py:215 - INFO - 第一次下载该漫画，记录数据库中
2026-07-28 00:09:18 - mkk_pika - main.py:83 - INFO - 找到 31 张图片在:第1集
2026-07-28 00:09:19 - mkk_pika - main.py:112 - INFO - [episode:第1集       ] downloaded:    31, total:  31, progress:100%
2026-07-28 00:09:19 - mkk_pika - database.py:238 - INFO - 数据库更新已下载章节
2026-07-28 00:09:19 - mkk_pika - database.py:244 - INFO - 该漫画已下载章节如下
2026-07-28 00:09:19 - mkk_pika - database.py:245 - INFO - ['第1集']
2026-07-28 00:09:20 - mkk_pika - main.py:348 - INFO - ==================== 漫画信息 ====================
                                   漫画ID：5c342f530f8255137646a9ca
                                   标题：(C95) さすが··ブタ野郎ねっ! + 玉砕覚悟なおまけ(本)?
                                   作者：俺たちミスノン一家 (須原シイナ)
                                   是否完结：是
                                   总页数：31
                                   分类：短篇,同人,強暴
                                   章节数：1
                                   最后更新时间：2019-01-08T05:04:19.321Z
                                   =================================================
2026-07-28 00:09:20 - mkk_pika - database.py:101 - INFO - 保存成功：(C95) さすが··ブタ野郎ねっ! + 玉砕覚悟なおまけ(本)?
2026-07-28 00:09:20 - mkk_pika - main.py:35 - INFO - 开始检查一夏の終わりに (艦隊これくしょん -艦これ-)是否存在未下载章节
2026-07-28 00:09:20 - mkk_pika - main.py:45 - INFO - 正在下载:[一夏の終わりに (艦隊これくしょん -艦これ-)]-[梟森]-[['短篇', '同人', '艦隊收藏', '百合花園']]-[total_pages:6]
2026-07-28 00:09:20 - mkk_pika - main.py:49 - INFO - [{'_id': '5c342f8e0f8255137646aa18', 'title': '第1集', 'order': 1, 'updated_at': '2019-01-08T02:25:16.002Z', 'id': '5c342f8e0f8255137646aa18'}]
2026-07-28 00:09:20 - mkk_pika - database.py:215 - INFO - 第一次下载该漫画，记录数据库中
2026-07-28 00:09:21 - mkk_pika - main.py:83 - INFO - 找到 6 张图片在:第1集
2026-07-28 00:09:21 - mkk_pika - main.py:112 - INFO - [episode:第1集       ] downloaded:     6, total:   6, progress:100%
2026-07-28 00:09:21 - mkk_pika - database.py:238 - INFO - 数据库更新已下载章节
2026-07-28 00:09:21 - mkk_pika - database.py:244 - INFO - 该漫画已下载章节如下
2026-07-28 00:09:21 - mkk_pika - database.py:245 - INFO - ['第1集']
2026-07-28 00:09:22 - mkk_pika - main.py:348 - INFO - ==================== 漫画信息 ====================
                                   漫画ID：5c342f8e0f8255137646aa17
                                   标题：一夏の終わりに (艦隊これくしょん -艦これ-)
                                   作者：梟森
                                   是否完结：是
                                   总页数：6
                                   分类：短篇,同人,艦隊收藏,百合花園
                                   章节数：1
                                   最后更新时间：2019-01-08T05:05:18.328Z
                                   =================================================
2026-07-28 00:09:22 - mkk_pika - database.py:101 - INFO - 保存成功：一夏の終わりに (艦隊これくしょん -艦これ-)
2026-07-28 00:09:22 - mkk_pika - main.py:35 - INFO - 开始检查(C95) 郁楽描 是否存在未下载章节
2026-07-28 00:09:23 - mkk_pika - main.py:45 - INFO - 正在下载:[(C95) 郁楽描 ]-[郁村 (郁)]-[['短篇']]-[total_pages:11]
2026-07-28 00:09:23 - mkk_pika - main.py:49 - INFO - [{'_id': '5c342fb337177d137e887c82', 'title': '第1集', 'order': 1, 'updated_at': '2019-01-08T02:25:33.613Z', 'id': '5c342fb337177d137e887c82'}]
2026-07-28 00:09:23 - mkk_pika - database.py:215 - INFO - 第一次下载该漫画，记录数据库中
2026-07-28 00:09:23 - mkk_pika - main.py:83 - INFO - 找到 11 张图片在:第1集
2026-07-28 00:09:23 - mkk_pika - main.py:112 - INFO - [episode:第1集       ] downloaded:    11, total:  11, progress:100%
2026-07-28 00:09:23 - mkk_pika - database.py:238 - INFO - 数据库更新已下载章节
2026-07-28 00:09:23 - mkk_pika - database.py:244 - INFO - 该漫画已下载章节如下
2026-07-28 00:09:23 - mkk_pika - database.py:245 - INFO - ['第1集']
2026-07-28 00:09:25 - mkk_pika - main.py:348 - INFO - ==================== 漫画信息 ====================
                                   漫画ID：5c342fb337177d137e887c81
                                   标题：(C95) 郁楽描 
                                   作者：郁村 (郁)
                                   是否完结：是
                                   总页数：11
                                   分类：短篇
                                   章节数：1
                                   最后更新时间：2019-01-08T05:05:55.555Z
                                   =================================================
2026-07-28 00:09:25 - mkk_pika - database.py:101 - INFO - 保存成功：(C95) 郁楽描 
2026-07-28 00:09:25 - mkk_pika - main.py:35 - INFO - 开始检查(C95) すきはくちでつたえたい SAGA (ゾンビランドサガ)是否存在未下载章节
2026-07-28 00:09:25 - mkk_pika - main.py:45 - INFO - 正在下载:[(C95) すきはくちでつたえたい SAGA (ゾンビランドサガ)]-[サークルフィオレ (えかきびと)]-[['同人', '短篇']]-[total_pages:36]
2026-07-28 00:09:25 - mkk_pika - main.py:49 - INFO - [{'_id': '5c342fc82f57191f3a33a816', 'title': '第1集', 'order': 1, 'updated_at': '2019-01-08T02:31:31.445Z', 'id': '5c342fc82f57191f3a33a816'}]
2026-07-28 00:09:25 - mkk_pika - database.py:215 - INFO - 第一次下载该漫画，记录数据库中
2026-07-28 00:09:26 - mkk_pika - main.py:83 - INFO - 找到 36 张图片在:第1集
2026-07-28 00:09:48 - mkk_pika - main.py:28 - ERROR - Attempt 1 error for https://storage1.picacomic.com/static/c1dcea6b-85ba-4664-995b-bfce02cb811f.jpg: HTTPSConnectionPool(host='storage1.picacomic.com', port=443): Read timed out.
2026-07-28 00:10:06 - mkk_pika - main.py:28 - ERROR - Attempt 2 error for https://storage1.picacomic.com/static/c1dcea6b-85ba-4664-995b-bfce02cb811f.jpg: HTTPSConnectionPool(host='storage1.picacomic.com', port=443): Read timed out.
2026-07-28 00:10:19 - mkk_pika - main.py:28 - ERROR - Attempt 3 error for https://storage1.picacomic.com/static/c1dcea6b-85ba-4664-995b-bfce02cb811f.jpg: HTTPSConnectionPool(host='storage1.picacomic.com', port=443): Read timed out.
2026-07-28 00:10:19 - mkk_pika - main.py:105 - ERROR - Error downloading the 13-th imagein episode:第1集in comic:(C95) すきはくちでつたえたい SAGA (ゾンビランドサガ)Exception:Failed to download https://storage1.picacomic.com/static/c1dcea6b-85ba-4664-995b-bfce02cb811f.jpg after 3 attempts.
2026-07-28 00:10:19 - mkk_pika - main.py:112 - INFO - [episode:第1集       ] downloaded:    35, total:  36, progress: 97%
2026-07-28 00:10:19 - mkk_pika - main.py:122 - ERROR - Failed to download the episodes:第1集 of comic:(C95) すきはくちでつたえたい SAGA (ゾンビランドサガ). Currently, 35 images(total_images:36) from this episode have been downloaded
2026-07-28 00:10:20 - mkk_pika - main.py:348 - INFO - ==================== 漫画信息 ====================
                                   漫画ID：5c342fc82f57191f3a33a815
                                   标题：(C95) すきはくちでつたえたい SAGA (ゾンビランドサガ)
                                   作者：サークルフィオレ (えかきびと)
                                   是否完结：是
                                   总页数：36
                                   分类：同人,短篇
                                   章节数：1
                                   最后更新时间：2019-01-08T05:06:16.742Z
                                   =================================================
2026-07-28 00:10:20 - mkk_pika - database.py:101 - INFO - 保存成功：(C95) すきはくちでつたえたい SAGA (ゾンビランドサガ)
2026-07-28 00:10:20 - mkk_pika - main.py:35 - INFO - 开始检查(C95) 性欲に正直すぎるショタ勇者是否存在未下载章节
2026-07-28 00:10:20 - mkk_pika - main.py:45 - INFO - 正在下载:[(C95) 性欲に正直すぎるショタ勇者]-[ありすの宝箱 (水龍敬)]-[['短篇', '後宮閃光']]-[total_pages:38]
2026-07-28 00:10:20 - mkk_pika - main.py:49 - INFO - [{'_id': '5c342fee35f3f51f7c3f3174', 'title': '第1集', 'order': 1, 'updated_at': '2019-01-08T02:38:24.386Z', 'id': '5c342fee35f3f51f7c3f3174'}]
2026-07-28 00:10:20 - mkk_pika - database.py:215 - INFO - 第一次下载该漫画，记录数据库中
2026-07-28 00:10:21 - mkk_pika - main.py:83 - INFO - 找到 38 张图片在:第1集
2026-07-28 00:10:22 - mkk_pika - main.py:112 - INFO - [episode:第1集       ] downloaded:    38, total:  38, progress:100%
2026-07-28 00:10:22 - mkk_pika - database.py:238 - INFO - 数据库更新已下载章节
2026-07-28 00:10:22 - mkk_pika - database.py:244 - INFO - 该漫画已下载章节如下
2026-07-28 00:10:22 - mkk_pika - database.py:245 - INFO - ['第1集']
2026-07-28 00:10:23 - mkk_pika - main.py:348 - INFO - ==================== 漫画信息 ====================
                                   漫画ID：5c342fee35f3f51f7c3f3173
                                   标题：(C95) 性欲に正直すぎるショタ勇者
                                   作者：ありすの宝箱 (水龍敬)
                                   是否完结：是
                                   总页数：38
                                   分类：短篇,後宮閃光
                                   章节数：1
                                   最后更新时间：2019-01-08T05:06:54.601Z
                                   =================================================
2026-07-28 00:10:23 - mkk_pika - database.py:101 - INFO - 保存成功：(C95) 性欲に正直すぎるショタ勇者
2026-07-28 00:10:23 - mkk_pika - main.py:35 - INFO - 开始检查(C95) 鹿島とラブラブ同棲生活 (艦隊これくしょん -艦これ-)是否存在未下载章节
2026-07-28 00:10:23 - mkk_pika - main.py:45 - INFO - 正在下载:[(C95) 鹿島とラブラブ同棲生活 (艦隊これくしょん -艦これ-)]-[一ノ瀬ランド]-[['同人', '短篇', '艦隊收藏']]-[total_pages:30]
2026-07-28 00:10:23 - mkk_pika - main.py:49 - INFO - [{'_id': '5c34305237177d137e887c92', 'title': '第1集', 'order': 1, 'updated_at': '2019-01-08T02:48:05.915Z', 'id': '5c34305237177d137e887c92'}]
2026-07-28 00:10:23 - mkk_pika - database.py:215 - INFO - 第一次下载该漫画，记录数据库中
2026-07-28 00:10:24 - mkk_pika - main.py:83 - INFO - 找到 30 张图片在:第1集
2026-07-28 00:10:24 - mkk_pika - main.py:112 - INFO - [episode:第1集       ] downloaded:    30, total:  30, progress:100%
2026-07-28 00:10:24 - mkk_pika - database.py:238 - INFO - 数据库更新已下载章节
2026-07-28 00:10:24 - mkk_pika - database.py:244 - INFO - 该漫画已下载章节如下
2026-07-28 00:10:24 - mkk_pika - database.py:245 - INFO - ['第1集']
2026-07-28 00:10:26 - mkk_pika - main.py:348 - INFO - ==================== 漫画信息 ====================
                                   漫画ID：5c34305237177d137e887c91
                                   标题：(C95) 鹿島とラブラブ同棲生活 (艦隊これくしょん -艦これ-)
                                   作者：一ノ瀬ランド
                                   是否完结：是
                                   总页数：30
                                   分类：同人,短篇,艦隊收藏
                                   章节数：1
                                   最后更新时间：2019-01-08T05:08:34.013Z
                                   =================================================
2026-07-28 00:10:26 - mkk_pika - database.py:101 - INFO - 保存成功：(C95) 鹿島とラブラブ同棲生活 (艦隊これくしょん -艦これ-)
2026-07-28 00:10:26 - mkk_pika - main.py:35 - INFO - 开始检查(C95) Betrayed Blue (アイドルマスター シンデレラガールズ)是否存在未下载章节
2026-07-28 00:10:26 - mkk_pika - main.py:45 - INFO - 正在下载:[(C95) Betrayed Blue (アイドルマスター シンデレラガールズ)]-[Vパン'sエクスタシー (左藤空気)]-[['短篇', '同人', 'NTR']]-[total_pages:32]
2026-07-28 00:10:26 - mkk_pika - main.py:49 - INFO - [{'_id': '5c34306b0f8255137646aa25', 'title': '第1集', 'order': 1, 'updated_at': '2019-01-08T02:55:43.978Z', 'id': '5c34306b0f8255137646aa25'}]
2026-07-28 00:10:26 - mkk_pika - database.py:215 - INFO - 第一次下载该漫画，记录数据库中
2026-07-28 00:10:27 - mkk_pika - main.py:83 - INFO - 找到 32 张图片在:第1集
2026-07-28 00:10:27 - mkk_pika - main.py:112 - INFO - [episode:第1集       ] downloaded:    32, total:  32, progress:100%
2026-07-28 00:10:27 - mkk_pika - database.py:238 - INFO - 数据库更新已下载章节
2026-07-28 00:10:27 - mkk_pika - database.py:244 - INFO - 该漫画已下载章节如下
2026-07-28 00:10:27 - mkk_pika - database.py:245 - INFO - ['第1集']
2026-07-28 00:10:29 - mkk_pika - main.py:348 - INFO - ==================== 漫画信息 ====================
                                   漫画ID：5c34306b0f8255137646aa24
                                   标题：(C95) Betrayed Blue (アイドルマスター シンデレラガールズ)
                                   作者：Vパン'sエクスタシー (左藤空気)
                                   是否完结：是
                                   总页数：32
                                   分类：短篇,同人,NTR
                                   章节数：1
                                   最后更新时间：2019-01-08T05:08:59.368Z
                                   =================================================
2026-07-28 00:10:29 - mkk_pika - database.py:101 - INFO - 保存成功：(C95) Betrayed Blue (アイドルマスター シンデレラガールズ)
2026-07-28 00:10:29 - mkk_pika - main.py:35 - INFO - 开始检查(C93) 昼のキラパティへようこそ♡ (キラキラ☆プリキュアアラモード)是否存在未下载章节
2026-07-28 00:10:29 - mkk_pika - main.py:45 - INFO - 正在下载:[(C93) 昼のキラパティへようこそ♡ (キラキラ☆プリキュアアラモード)]-[コンディメントは8分目 (前島龍)]-[['同人', '短篇', '扶他樂園']]-[total_pages:35]
2026-07-28 00:10:29 - mkk_pika - main.py:49 - INFO - [{'_id': '5c3432272f57191f3a33a844', 'title': '第1集', 'order': 1, 'updated_at': '2019-01-08T03:05:35.621Z', 'id': '5c3432272f57191f3a33a844'}]
2026-07-28 00:10:29 - mkk_pika - database.py:215 - INFO - 第一次下载该漫画，记录数据库中
2026-07-28 00:10:30 - mkk_pika - main.py:83 - INFO - 找到 35 张图片在:第1集
2026-07-28 00:10:31 - mkk_pika - main.py:112 - INFO - [episode:第1集       ] downloaded:    35, total:  35, progress:100%
2026-07-28 00:10:31 - mkk_pika - database.py:238 - INFO - 数据库更新已下载章节
2026-07-28 00:10:31 - mkk_pika - database.py:244 - INFO - 该漫画已下载章节如下
2026-07-28 00:10:31 - mkk_pika - database.py:245 - INFO - ['第1集']
2026-07-28 00:10:32 - mkk_pika - main.py:348 - INFO - ==================== 漫画信息 ====================
                                   漫画ID：5c3432272f57191f3a33a843
                                   标题：(C93) 昼のキラパティへようこそ♡ (キラキラ☆プリキュアアラモード)
                                   作者：コンディメントは8分目 (前島龍)
                                   是否完结：是
                                   总页数：35
                                   分类：同人,短篇,扶他樂園
                                   章节数：1
                                   最后更新时间：2019-01-08T05:16:23.097Z
                                   =================================================
2026-07-28 00:10:32 - mkk_pika - database.py:101 - INFO - 保存成功：(C93) 昼のキラパティへようこそ♡ (キラキラ☆プリキュアアラモード)
2026-07-28 00:10:32 - mkk_pika - main.py:35 - INFO - 开始检查(C95) コスしてしよ!後輩編 (サノバウィッチ)是否存在未下载章节
2026-07-28 00:10:33 - mkk_pika - main.py:45 - INFO - 正在下载:[(C95) コスしてしよ!後輩編 (サノバウィッチ)]-[trueblue (あにぃ)]-[['同人', '短篇']]-[total_pages:19]
2026-07-28 00:10:33 - mkk_pika - main.py:49 - INFO - [{'_id': '5c34324b8b2c8545963c4f1d', 'title': '第1集', 'order': 1, 'updated_at': '2019-01-08T03:18:42.931Z', 'id': '5c34324b8b2c8545963c4f1d'}]
2026-07-28 00:10:33 - mkk_pika - database.py:215 - INFO - 第一次下载该漫画，记录数据库中
2026-07-28 00:10:33 - mkk_pika - main.py:83 - INFO - 找到 19 张图片在:第1集
2026-07-28 00:10:34 - mkk_pika - main.py:112 - INFO - [episode:第1集       ] downloaded:    19, total:  19, progress:100%
2026-07-28 00:10:34 - mkk_pika - database.py:238 - INFO - 数据库更新已下载章节
2026-07-28 00:10:34 - mkk_pika - database.py:244 - INFO - 该漫画已下载章节如下
2026-07-28 00:10:34 - mkk_pika - database.py:245 - INFO - ['第1集']
2026-07-28 00:10:35 - mkk_pika - main.py:348 - INFO - ==================== 漫画信息 ====================
                                   漫画ID：5c34324b8b2c8545963c4f1c
                                   标题：(C95) コスしてしよ!後輩編 (サノバウィッチ)
                                   作者：trueblue (あにぃ)
                                   是否完结：是
                                   总页数：19
                                   分类：同人,短篇
                                   章节数：1
                                   最后更新时间：2019-01-08T05:16:59.634Z
                                   =================================================
2026-07-28 00:10:35 - mkk_pika - database.py:101 - INFO - 保存成功：(C95) コスしてしよ!後輩編 (サノバウィッチ)
2026-07-28 00:10:35 - mkk_pika - main.py:35 - INFO - 开始检查ばっびゅ～ばびゅばびゅ♥ 啪啾～啪啾啪啾是否存在未下载章节
2026-07-28 00:10:35 - mkk_pika - main.py:45 - INFO - 正在下载:[ばっびゅ～ばびゅばびゅ♥ 啪啾～啪啾啪啾]-[いつつせ]-[['長篇', '純愛', '單行本', '後宮閃光', 'SM', '妹妹系', '姐姐系', '足の恋', '強暴', '非人類']]-[total_pages:199]
2026-07-28 00:10:35 - mkk_pika - main.py:49 - INFO - [{'_id': '5c34afbfaa113313a98bbbcf', 'title': '啪啪啪的單行本', 'order': 1, 'updated_at': '2019-01-05T18:49:08.741Z', 'id': '5c34afbfaa113313a98bbbcf'}]
2026-07-28 00:10:35 - mkk_pika - database.py:215 - INFO - 第一次下载该漫画，记录数据库中
2026-07-28 00:10:37 - mkk_pika - main.py:83 - INFO - 找到 199 张图片在:啪啪啪的單行本
2026-07-28 00:10:40 - mkk_pika - main.py:112 - INFO - [episode:啪啪啪的單行本   ] downloaded:   199, total: 199, progress:100%
2026-07-28 00:10:40 - mkk_pika - database.py:238 - INFO - 数据库更新已下载章节
2026-07-28 00:10:40 - mkk_pika - database.py:244 - INFO - 该漫画已下载章节如下
2026-07-28 00:10:40 - mkk_pika - database.py:245 - INFO - ['啪啪啪的單行本']
2026-07-28 00:10:41 - mkk_pika - main.py:348 - INFO - ==================== 漫画信息 ====================
                                   漫画ID：5c34afbfaa113313a98bbbce
                                   标题：ばっびゅ～ばびゅばびゅ♥ 啪啾～啪啾啪啾
                                   作者：いつつせ
                                   是否完结：是
                                   总页数：199
                                   分类：長篇,純愛,單行本,後宮閃光,SM,妹妹系,姐姐系,足の恋,強暴,非人類
                                   章节数：1
                                   最后更新时间：2019-01-08T14:12:15.701Z
                                   =================================================
2026-07-28 00:10:41 - mkk_pika - database.py:101 - INFO - 保存成功：ばっびゅ～ばびゅばびゅ♥ 啪啾～啪啾啪啾
2026-07-28 00:10:41 - mkk_pika - main.py:35 - INFO - 开始检查NeuTRal Actor是否存在未下载章节
2026-07-28 00:10:42 - mkk_pika - main.py:45 - INFO - 正在下载:[NeuTRal Actor]-[灯色の研究室 (灯問)]-[['短篇', '人妻', 'NTR']]-[total_pages:33]
2026-07-28 00:10:42 - mkk_pika - main.py:49 - INFO - [{'_id': '5c34b53949be9f13b64c6f1a', 'title': '第1集', 'order': 1, 'updated_at': '2019-01-08T06:25:15.404Z', 'id': '5c34b53949be9f13b64c6f1a'}]
2026-07-28 00:10:42 - mkk_pika - database.py:215 - INFO - 第一次下载该漫画，记录数据库中
2026-07-28 00:10:42 - mkk_pika - main.py:83 - INFO - 找到 33 张图片在:第1集
2026-07-28 00:10:43 - mkk_pika - main.py:112 - INFO - [episode:第1集       ] downloaded:    33, total:  33, progress:100%
2026-07-28 00:10:43 - mkk_pika - database.py:238 - INFO - 数据库更新已下载章节
2026-07-28 00:10:43 - mkk_pika - database.py:244 - INFO - 该漫画已下载章节如下
2026-07-28 00:10:43 - mkk_pika - database.py:245 - INFO - ['第1集']
2026-07-28 00:10:44 - mkk_pika - main.py:348 - INFO - ==================== 漫画信息 ====================
                                   漫画ID：5c34b53949be9f13b64c6f19
                                   标题：NeuTRal Actor
                                   作者：灯色の研究室 (灯問)
                                   是否完结：否
                                   总页数：33
                                   分类：短篇,人妻,NTR
                                   章节数：1
                                   最后更新时间：2019-01-08T14:35:37.063Z
                                   =================================================
2026-07-28 00:10:44 - mkk_pika - database.py:101 - INFO - 保存成功：NeuTRal Actor
2026-07-28 00:10:44 - mkk_pika - main.py:35 - INFO - 开始检查NeuTRal Actor 2是否存在未下载章节
2026-07-28 00:10:45 - mkk_pika - main.py:45 - INFO - 正在下载:[NeuTRal Actor 2]-[灯色の研究室 (灯問)]-[['人妻', 'NTR', '短篇']]-[total_pages:28]
2026-07-28 00:10:45 - mkk_pika - main.py:49 - INFO - [{'_id': '5c34b57d62be1445a4a5da3f', 'title': '第1集', 'order': 1, 'updated_at': '2019-01-08T06:27:54.310Z', 'id': '5c34b57d62be1445a4a5da3f'}]
2026-07-28 00:10:45 - mkk_pika - database.py:215 - INFO - 第一次下载该漫画，记录数据库中
2026-07-28 00:10:45 - mkk_pika - main.py:83 - INFO - 找到 28 张图片在:第1集
2026-07-28 00:10:46 - mkk_pika - main.py:112 - INFO - [episode:第1集       ] downloaded:    28, total:  28, progress:100%
2026-07-28 00:10:46 - mkk_pika - database.py:238 - INFO - 数据库更新已下载章节
2026-07-28 00:10:46 - mkk_pika - database.py:244 - INFO - 该漫画已下载章节如下
2026-07-28 00:10:46 - mkk_pika - database.py:245 - INFO - ['第1集']
2026-07-28 00:10:47 - mkk_pika - main.py:348 - INFO - ==================== 漫画信息 ====================
                                   漫画ID：5c34b57d62be1445a4a5da3e
                                   标题：NeuTRal Actor 2
                                   作者：灯色の研究室 (灯問)
                                   是否完结：否
                                   总页数：28
                                   分类：人妻,NTR,短篇
                                   章节数：1
                                   最后更新时间：2019-01-08T14:36:45.903Z
                                   =================================================
2026-07-28 00:10:47 - mkk_pika - database.py:101 - INFO - 保存成功：NeuTRal Actor 2
2026-07-28 00:10:47 - mkk_pika - main.py:35 - INFO - 开始检查第一次的工作——はじめてのおしごと!是否存在未下载章节
2026-07-28 00:10:48 - mkk_pika - main.py:45 - INFO - 正在下载:[第一次的工作——はじめてのおしごと!]-[こはる工房 (こはるこ)]-[['短篇', '妹妹系']]-[total_pages:22]
2026-07-28 00:10:48 - mkk_pika - main.py:49 - INFO - [{'_id': '5c34b63e8b2c8545963c5346', 'title': '第1集', 'order': 1, 'updated_at': '2019-01-08T10:44:11.701Z', 'id': '5c34b63e8b2c8545963c5346'}]
2026-07-28 00:10:48 - mkk_pika - database.py:215 - INFO - 第一次下载该漫画，记录数据库中
2026-07-28 00:10:48 - mkk_pika - main.py:83 - INFO - 找到 22 张图片在:第1集
2026-07-28 00:10:49 - mkk_pika - main.py:112 - INFO - [episode:第1集       ] downloaded:    22, total:  22, progress:100%
2026-07-28 00:10:49 - mkk_pika - database.py:238 - INFO - 数据库更新已下载章节
2026-07-28 00:10:49 - mkk_pika - database.py:244 - INFO - 该漫画已下载章节如下
2026-07-28 00:10:49 - mkk_pika - database.py:245 - INFO - ['第1集']
2026-07-28 00:10:50 - mkk_pika - main.py:348 - INFO - ==================== 漫画信息 ====================
                                   漫画ID：5c34b63e8b2c8545963c5345
                                   标题：第一次的工作——はじめてのおしごと!
                                   作者：こはる工房 (こはるこ)
                                   是否完结：否
                                   总页数：22
                                   分类：短篇,妹妹系
                                   章节数：1
                                   最后更新时间：2019-01-08T14:39:58.309Z
                                   =================================================
2026-07-28 00:10:50 - mkk_pika - database.py:101 - INFO - 保存成功：第一次的工作——はじめてのおしごと!
2026-07-28 00:10:50 - mkk_pika - main.py:35 - INFO - 开始检查狐のヨメ入り是否存在未下载章节
2026-07-28 00:10:50 - mkk_pika - main.py:45 - INFO - 正在下载:[狐のヨメ入り]-[守月史贵]-[['純愛', '短篇']]-[total_pages:98]
2026-07-28 00:10:50 - mkk_pika - main.py:49 - INFO - [{'_id': '5ba9af9833232b7ae9ea795c', 'title': '前篇', 'order': 1, 'updated_at': '2018-10-29T15:31:10.439Z', 'id': '5ba9af9833232b7ae9ea795c'}, {'_id': '5bd727bece2cbf75c8e5eb86', 'title': '中篇', 'order': 2, 'updated_at': '2018-10-29T03:57:20.867Z', 'id': '5bd727bece2cbf75c8e5eb86'}, {'_id': '5c34b6a1aa113313a98bbd38', 'title': '后篇', 'order': 3, 'updated_at': '2019-01-08T11:04:25.186Z', 'id': '5c34b6a1aa113313a98bbd38'}]
2026-07-28 00:10:50 - mkk_pika - database.py:215 - INFO - 第一次下载该漫画，记录数据库中
2026-07-28 00:10:51 - mkk_pika - main.py:83 - INFO - 找到 34 张图片在:前篇
2026-07-28 00:10:51 - mkk_pika - main.py:112 - INFO - [episode:前篇        ] downloaded:    34, total:  34, progress:100%
2026-07-28 00:10:51 - mkk_pika - database.py:238 - INFO - 数据库更新已下载章节
2026-07-28 00:10:51 - mkk_pika - database.py:244 - INFO - 该漫画已下载章节如下
2026-07-28 00:10:51 - mkk_pika - database.py:245 - INFO - ['前篇']
2026-07-28 00:10:53 - mkk_pika - main.py:83 - INFO - 找到 33 张图片在:中篇
2026-07-28 00:10:53 - mkk_pika - main.py:112 - INFO - [episode:中篇        ] downloaded:    33, total:  33, progress:100%
2026-07-28 00:10:53 - mkk_pika - database.py:238 - INFO - 数据库更新已下载章节
2026-07-28 00:10:53 - mkk_pika - database.py:244 - INFO - 该漫画已下载章节如下
2026-07-28 00:10:53 - mkk_pika - database.py:245 - INFO - ['前篇', '中篇']
2026-07-28 00:10:55 - mkk_pika - main.py:83 - INFO - 找到 31 张图片在:后篇
2026-07-28 00:10:56 - mkk_pika - main.py:112 - INFO - [episode:后篇        ] downloaded:    31, total:  31, progress:100%
2026-07-28 00:10:56 - mkk_pika - database.py:238 - INFO - 数据库更新已下载章节
2026-07-28 00:10:56 - mkk_pika - database.py:244 - INFO - 该漫画已下载章节如下
2026-07-28 00:10:56 - mkk_pika - database.py:245 - INFO - ['前篇', '中篇', '后篇']
2026-07-28 00:10:57 - mkk_pika - main.py:348 - INFO - ==================== 漫画信息 ====================
                                   漫画ID：5ba9af9833232b7ae9ea795b
                                   标题：狐のヨメ入り
                                   作者：守月史贵
                                   是否完结：是
                                   总页数：98
                                   分类：純愛,短篇
                                   章节数：3
                                   最后更新时间：2019-01-08T14:41:37.920Z
                                   =================================================
2026-07-28 00:10:57 - mkk_pika - database.py:101 - INFO - 保存成功：狐のヨメ入り
2026-07-28 00:10:57 - mkk_pika - main.py:35 - INFO - 开始检查CL-orz 41 (ラブライブ!)（無修正）是否存在未下载章节
2026-07-28 00:10:57 - mkk_pika - main.py:45 - INFO - 正在下载:[CL-orz 41 (ラブライブ!)（無修正）]-[クレスタ (呉マサヒロ)]-[['全彩', '同人', 'Love Live', '足の恋', '後宮閃光']]-[total_pages:26]
2026-07-28 00:10:57 - mkk_pika - main.py:49 - INFO - [{'_id': '5c34b6b9aa113313a98bbd5a', 'title': '第1集', 'order': 1, 'updated_at': '2019-01-05T05:14:04.670Z', 'id': '5c34b6b9aa113313a98bbd5a'}]
2026-07-28 00:10:57 - mkk_pika - database.py:215 - INFO - 第一次下载该漫画，记录数据库中
2026-07-28 00:10:58 - mkk_pika - main.py:83 - INFO - 找到 26 张图片在:第1集
2026-07-28 00:10:58 - mkk_pika - main.py:112 - INFO - [episode:第1集       ] downloaded:    26, total:  26, progress:100%
2026-07-28 00:10:58 - mkk_pika - database.py:238 - INFO - 数据库更新已下载章节
2026-07-28 00:10:58 - mkk_pika - database.py:244 - INFO - 该漫画已下载章节如下
2026-07-28 00:10:58 - mkk_pika - database.py:245 - INFO - ['第1集']
2026-07-28 00:11:00 - mkk_pika - main.py:348 - INFO - ==================== 漫画信息 ====================
                                   漫画ID：5c34b6b9aa113313a98bbd59
                                   标题：CL-orz 41 (ラブライブ!)（無修正）
                                   作者：クレスタ (呉マサヒロ)
                                   是否完结：是
                                   总页数：26
                                   分类：全彩,同人,Love Live,足の恋,後宮閃光
                                   章节数：1
                                   最后更新时间：2019-01-08T14:42:01.225Z
                                   =================================================
2026-07-28 00:11:00 - mkk_pika - database.py:101 - INFO - 保存成功：CL-orz 41 (ラブライブ!)（無修正）
2026-07-28 00:11:00 - mkk_pika - main.py:35 - INFO - 开始检查魔法少女絶望観察記録（汉化）是否存在未下载章节
2026-07-28 00:11:00 - mkk_pika - main.py:45 - INFO - 正在下载:[魔法少女絶望観察記録（汉化）]-[風のごとく! (風吹ぽに, 風術師)]-[['同人', '短篇', '圓神領域', '強暴', '非人類']]-[total_pages:26]
2026-07-28 00:11:00 - mkk_pika - main.py:49 - INFO - [{'_id': '5c34b6de0f8255137646ae56', 'title': '第1集', 'order': 1, 'updated_at': '2019-01-08T13:23:14.109Z', 'id': '5c34b6de0f8255137646ae56'}]
2026-07-28 00:11:00 - mkk_pika - database.py:215 - INFO - 第一次下载该漫画，记录数据库中
2026-07-28 00:11:00 - mkk_pika - main.py:83 - INFO - 找到 26 张图片在:第1集
2026-07-28 00:11:01 - mkk_pika - main.py:112 - INFO - [episode:第1集       ] downloaded:    26, total:  26, progress:100%
2026-07-28 00:11:01 - mkk_pika - database.py:238 - INFO - 数据库更新已下载章节
2026-07-28 00:11:01 - mkk_pika - database.py:244 - INFO - 该漫画已下载章节如下
2026-07-28 00:11:01 - mkk_pika - database.py:245 - INFO - ['第1集']
2026-07-28 00:11:02 - mkk_pika - main.py:348 - INFO - ==================== 漫画信息 ====================
                                   漫画ID：5c34b6de0f8255137646ae55
                                   标题：魔法少女絶望観察記録（汉化）
                                   作者：風のごとく! (風吹ぽに, 風術師)
                                   是否完结：否
                                   总页数：26
                                   分类：同人,短篇,圓神領域,強暴,非人類
                                   章节数：1
                                   最后更新时间：2019-01-08T14:42:38.213Z
                                   =================================================
2026-07-28 00:11:02 - mkk_pika - database.py:101 - INFO - 保存成功：魔法少女絶望観察記録（汉化）
2026-07-28 00:11:02 - mkk_pika - main.py:35 - INFO - 开始检查ゆーすととぅびーあちゃいるど是否存在未下载章节
2026-07-28 00:11:03 - mkk_pika - main.py:45 - INFO - 正在下载:[ゆーすととぅびーあちゃいるど]-[EAR-POP (みさぎ和)]-[['短篇', '後宮閃光']]-[total_pages:19]
2026-07-28 00:11:03 - mkk_pika - main.py:49 - INFO - [{'_id': '5c34b7a1aa113313a98bbd82', 'title': '第1集', 'order': 1, 'updated_at': '2019-01-08T14:12:22.602Z', 'id': '5c34b7a1aa113313a98bbd82'}]
2026-07-28 00:11:03 - mkk_pika - database.py:215 - INFO - 第一次下载该漫画，记录数据库中
2026-07-28 00:11:03 - mkk_pika - main.py:83 - INFO - 找到 19 张图片在:第1集
2026-07-28 00:11:04 - mkk_pika - main.py:112 - INFO - [episode:第1集       ] downloaded:    19, total:  19, progress:100%
2026-07-28 00:11:04 - mkk_pika - database.py:238 - INFO - 数据库更新已下载章节
2026-07-28 00:11:04 - mkk_pika - database.py:244 - INFO - 该漫画已下载章节如下
2026-07-28 00:11:04 - mkk_pika - database.py:245 - INFO - ['第1集']
2026-07-28 00:11:05 - mkk_pika - main.py:348 - INFO - ==================== 漫画信息 ====================
                                   漫画ID：5c34b7a1aa113313a98bbd81
                                   标题：ゆーすととぅびーあちゃいるど
                                   作者：EAR-POP (みさぎ和)
                                   是否完结：是
                                   总页数：19
                                   分类：短篇,後宮閃光
                                   章节数：1
                                   最后更新时间：2019-01-08T14:45:53.367Z
                                   =================================================
2026-07-28 00:11:05 - mkk_pika - database.py:101 - INFO - 保存成功：ゆーすととぅびーあちゃいるど
2026-07-28 00:11:05 - mkk_pika - main.py:35 - INFO - 开始检查ナギ、行かないで! ~狼と少女~是否存在未下载章节
2026-07-28 00:11:05 - mkk_pika - main.py:45 - INFO - 正在下载:[ナギ、行かないで! ~狼と少女~]-[倉子倉次]-[['短篇', '純愛', '非人類']]-[total_pages:21]
2026-07-28 00:11:05 - mkk_pika - main.py:49 - INFO - [{'_id': '5c34b7c1418dff4560bbd421', 'title': '第1集', 'order': 1, 'updated_at': '2019-01-08T14:43:33.138Z', 'id': '5c34b7c1418dff4560bbd421'}]
2026-07-28 00:11:05 - mkk_pika - database.py:215 - INFO - 第一次下载该漫画，记录数据库中
2026-07-28 00:11:06 - mkk_pika - main.py:83 - INFO - 找到 21 张图片在:第1集
2026-07-28 00:11:06 - mkk_pika - main.py:112 - INFO - [episode:第1集       ] downloaded:    21, total:  21, progress:100%
2026-07-28 00:11:06 - mkk_pika - database.py:238 - INFO - 数据库更新已下载章节
2026-07-28 00:11:06 - mkk_pika - database.py:244 - INFO - 该漫画已下载章节如下
2026-07-28 00:11:06 - mkk_pika - database.py:245 - INFO - ['第1集']
2026-07-28 00:11:08 - mkk_pika - main.py:348 - INFO - ==================== 漫画信息 ====================
                                   漫画ID：5c34b7c1418dff4560bbd420
                                   标题：ナギ、行かないで! ~狼と少女~
                                   作者：倉子倉次
                                   是否完结：是
                                   总页数：21
                                   分类：短篇,純愛,非人類
                                   章节数：1
                                   最后更新时间：2019-01-08T14:46:25.227Z
                                   =================================================
2026-07-28 00:11:08 - mkk_pika - database.py:101 - INFO - 保存成功：ナギ、行かないで! ~狼と少女~
2026-07-28 00:11:08 - mkk_pika - main.py:35 - INFO - 开始检查だけじゃなくてよ（機動戦士ガンダム00 高达00）是否存在未下载章节
2026-07-28 00:11:08 - mkk_pika - main.py:45 - INFO - 正在下载:[だけじゃなくてよ（機動戦士ガンダム00 高达00）]-[森井しづき]-[['全彩', '短篇', '同人']]-[total_pages:18]
2026-07-28 00:11:08 - mkk_pika - main.py:49 - INFO - [{'_id': '5c34b7df49be9f13b64c6f85', 'title': '第1集', 'order': 1, 'updated_at': '2019-01-08T14:32:27.457Z', 'id': '5c34b7df49be9f13b64c6f85'}]
2026-07-28 00:11:08 - mkk_pika - database.py:215 - INFO - 第一次下载该漫画，记录数据库中
2026-07-28 00:11:08 - mkk_pika - main.py:83 - INFO - 找到 18 张图片在:第1集
2026-07-28 00:11:09 - mkk_pika - main.py:112 - INFO - [episode:第1集       ] downloaded:    18, total:  18, progress:100%
2026-07-28 00:11:09 - mkk_pika - database.py:238 - INFO - 数据库更新已下载章节
2026-07-28 00:11:09 - mkk_pika - database.py:244 - INFO - 该漫画已下载章节如下
2026-07-28 00:11:09 - mkk_pika - database.py:245 - INFO - ['第1集']
2026-07-28 00:11:10 - mkk_pika - main.py:348 - INFO - ==================== 漫画信息 ====================
                                   漫画ID：5c34b7df49be9f13b64c6f84
                                   标题：だけじゃなくてよ（機動戦士ガンダム00 高达00）
                                   作者：森井しづき
                                   是否完结：是
                                   总页数：18
                                   分类：全彩,短篇,同人
                                   章节数：1
                                   最后更新时间：2019-01-08T14:46:55.214Z
                                   =================================================
2026-07-28 00:11:10 - mkk_pika - database.py:101 - INFO - 保存成功：だけじゃなくてよ（機動戦士ガンダム00 高达00）
2026-07-28 00:11:10 - mkk_pika - main.py:35 - INFO - 开始检查堕天使コラプションII ラブライブ! サンシャイン!是否存在未下载章节
2026-07-28 00:11:10 - mkk_pika - main.py:45 - INFO - 正在下载:[堕天使コラプションII ラブライブ! サンシャイン!]-[napolinu (ナポ)]-[['短篇', '強暴']]-[total_pages:23]
2026-07-28 00:11:10 - mkk_pika - main.py:49 - INFO - [{'_id': '5c34c7ebea8bf973be7b7f7b', 'title': '第1集', 'order': 1, 'updated_at': '2019-01-08T14:53:21.329Z', 'id': '5c34c7ebea8bf973be7b7f7b'}]
2026-07-28 00:11:10 - mkk_pika - database.py:215 - INFO - 第一次下载该漫画，记录数据库中
2026-07-28 00:11:11 - mkk_pika - main.py:83 - INFO - 找到 23 张图片在:第1集
2026-07-28 00:11:11 - mkk_pika - main.py:112 - INFO - [episode:第1集       ] downloaded:    23, total:  23, progress:100%
2026-07-28 00:11:11 - mkk_pika - database.py:238 - INFO - 数据库更新已下载章节
2026-07-28 00:11:11 - mkk_pika - database.py:244 - INFO - 该漫画已下载章节如下
2026-07-28 00:11:11 - mkk_pika - database.py:245 - INFO - ['第1集']
2026-07-28 00:11:13 - mkk_pika - main.py:348 - INFO - ==================== 漫画信息 ====================
                                   漫画ID：5c34c7ebea8bf973be7b7f7a
                                   标题：堕天使コラプションII ラブライブ! サンシャイン!
                                   作者：napolinu (ナポ)
                                   是否完结：是
                                   总页数：23
                                   分类：短篇,強暴
                                   章节数：1
                                   最后更新时间：2019-01-08T15:55:23.851Z
                                   =================================================
2026-07-28 00:11:13 - mkk_pika - database.py:101 - INFO - 保存成功：堕天使コラプションII ラブライブ! サンシャイン!
2026-07-28 00:11:13 - mkk_pika - main.py:35 - INFO - 开始检查あきかぜにふかれてかじうら是否存在未下载章节
2026-07-28 00:11:13 - mkk_pika - main.py:45 - INFO - 正在下载:[あきかぜにふかれてかじうら]-[かじうら]-[['短篇', '純愛', '非人類']]-[total_pages:8]
2026-07-28 00:11:13 - mkk_pika - main.py:49 - INFO - [{'_id': '5c35b0122f57191f3a33ad4e', 'title': '第1集', 'order': 1, 'updated_at': '2019-01-08T21:37:39.732Z', 'id': '5c35b0122f57191f3a33ad4e'}]
2026-07-28 00:11:13 - mkk_pika - database.py:215 - INFO - 第一次下载该漫画，记录数据库中
2026-07-28 00:11:14 - mkk_pika - main.py:83 - INFO - 找到 8 张图片在:第1集
2026-07-28 00:11:14 - mkk_pika - main.py:112 - INFO - [episode:第1集       ] downloaded:     8, total:   8, progress:100%
2026-07-28 00:11:14 - mkk_pika - database.py:238 - INFO - 数据库更新已下载章节
2026-07-28 00:11:14 - mkk_pika - database.py:244 - INFO - 该漫画已下载章节如下
2026-07-28 00:11:14 - mkk_pika - database.py:245 - INFO - ['第1集']
2026-07-28 00:11:15 - mkk_pika - main.py:348 - INFO - ==================== 漫画信息 ====================
                                   漫画ID：5c35b0122f57191f3a33ad4d
                                   标题：あきかぜにふかれてかじうら
                                   作者：かじうら
                                   是否完结：否
                                   总页数：8
                                   分类：短篇,純愛,非人類
                                   章节数：1
                                   最后更新时间：2019-01-09T08:25:54.254Z
                                   =================================================
2026-07-28 00:11:15 - mkk_pika - database.py:101 - INFO - 保存成功：あきかぜにふかれてかじうら
2026-07-28 00:11:15 - mkk_pika - main.py:35 - INFO - 开始检查(C95) 星空アンライン (ラブライブ!)是否存在未下载章节
2026-07-28 00:11:15 - mkk_pika - main.py:45 - INFO - 正在下载:[(C95) 星空アンライン (ラブライブ!)]-[リンゴヤ (あるぷ)]-[['同人', '短篇', 'Love Live']]-[total_pages:31]
2026-07-28 00:11:15 - mkk_pika - main.py:49 - INFO - [{'_id': '5c35b0310f8255137646b7df', 'title': '第1集', 'order': 1, 'updated_at': '2019-01-09T04:32:44.527Z', 'id': '5c35b0310f8255137646b7df'}]
2026-07-28 00:11:15 - mkk_pika - database.py:215 - INFO - 第一次下载该漫画，记录数据库中
2026-07-28 00:11:16 - mkk_pika - main.py:83 - INFO - 找到 31 张图片在:第1集
2026-07-28 00:11:17 - mkk_pika - main.py:112 - INFO - [episode:第1集       ] downloaded:    31, total:  31, progress:100%
2026-07-28 00:11:17 - mkk_pika - database.py:238 - INFO - 数据库更新已下载章节
2026-07-28 00:11:17 - mkk_pika - database.py:244 - INFO - 该漫画已下载章节如下
2026-07-28 00:11:17 - mkk_pika - database.py:245 - INFO - ['第1集']
2026-07-28 00:11:18 - mkk_pika - main.py:348 - INFO - ==================== 漫画信息 ====================
                                   漫画ID：5c35b0310f8255137646b7de
                                   标题：(C95) 星空アンライン (ラブライブ!)
                                   作者：リンゴヤ (あるぷ)
                                   是否完结：是
                                   总页数：31
                                   分类：同人,短篇,Love Live
                                   章节数：1
                                   最后更新时间：2019-01-09T08:26:25.906Z
                                   =================================================
2026-07-28 00:11:18 - mkk_pika - database.py:101 - INFO - 保存成功：(C95) 星空アンライン (ラブライブ!)
2026-07-28 00:11:18 - mkk_pika - main.py:35 - INFO - 开始检查ちんぽやくざみぽりん キャプテン寝取られ配信編 | 肉棒極道美穗 隊長NTR直播篇 (ガールズ&パンツァー) 是否存在未下载章节
2026-07-28 00:11:18 - mkk_pika - main.py:45 - INFO - 正在下载:[ちんぽやくざみぽりん キャプテン寝取られ配信編 | 肉棒極道美穗 隊長NTR直播篇 (ガールズ&パンツァー) ]-[焼きたてジャマイカ (あおむし)]-[['短篇', '同人', '扶他樂園', 'NTR', '強暴']]-[total_pages:22]
2026-07-28 00:11:18 - mkk_pika - main.py:49 - INFO - [{'_id': '5c35b04149be9f13b64c7699', 'title': '第1集', 'order': 1, 'updated_at': '2019-01-09T04:36:25.746Z', 'id': '5c35b04149be9f13b64c7699'}]
2026-07-28 00:11:18 - mkk_pika - database.py:215 - INFO - 第一次下载该漫画，记录数据库中
2026-07-28 00:11:19 - mkk_pika - main.py:83 - INFO - 找到 22 张图片在:第1集
2026-07-28 00:11:19 - mkk_pika - main.py:112 - INFO - [episode:第1集       ] downloaded:    22, total:  22, progress:100%
2026-07-28 00:11:19 - mkk_pika - database.py:238 - INFO - 数据库更新已下载章节
2026-07-28 00:11:19 - mkk_pika - database.py:244 - INFO - 该漫画已下载章节如下
2026-07-28 00:11:19 - mkk_pika - database.py:245 - INFO - ['第1集']
2026-07-28 00:11:21 - mkk_pika - main.py:348 - INFO - ==================== 漫画信息 ====================
                                   漫画ID：5c35b04149be9f13b64c7698
                                   标题：ちんぽやくざみぽりん キャプテン寝取られ配信編 | 肉棒極道美穗 隊長NTR直播篇 (ガールズ&パンツァー) 
                                   作者：焼きたてジャマイカ (あおむし)
                                   是否完结：是
                                   总页数：22
                                   分类：短篇,同人,扶他樂園,NTR,強暴
                                   章节数：1
                                   最后更新时间：2019-01-09T08:26:41.883Z
                                   =================================================
2026-07-28 00:11:21 - mkk_pika - database.py:101 - INFO - 保存成功：ちんぽやくざみぽりん キャプテン寝取られ配信編 | 肉棒極道美穗 隊長NTR直播篇 (ガールズ&パンツァー) 
2026-07-28 00:11:21 - mkk_pika - main.py:35 - INFO - 开始检查(Reゼロから始める異世界生活) 是否存在未下载章节
2026-07-28 00:11:21 - mkk_pika - main.py:45 - INFO - 正在下载:[(Reゼロから始める異世界生活) ]-[めんようじゃん]-[['全彩', '短篇']]-[total_pages:17]
2026-07-28 00:11:21 - mkk_pika - main.py:49 - INFO - [{'_id': '5c35b14c62be1445a4a5dddb', 'title': '第1集', 'order': 1, 'updated_at': '2019-01-09T08:21:21.708Z', 'id': '5c35b14c62be1445a4a5dddb'}]
2026-07-28 00:11:21 - mkk_pika - database.py:215 - INFO - 第一次下载该漫画，记录数据库中
2026-07-28 00:11:21 - mkk_pika - main.py:83 - INFO - 找到 17 张图片在:第1集
2026-07-28 00:11:22 - mkk_pika - main.py:112 - INFO - [episode:第1集       ] downloaded:    17, total:  17, progress:100%
2026-07-28 00:11:22 - mkk_pika - database.py:238 - INFO - 数据库更新已下载章节
2026-07-28 00:11:22 - mkk_pika - database.py:244 - INFO - 该漫画已下载章节如下
2026-07-28 00:11:22 - mkk_pika - database.py:245 - INFO - ['第1集']
2026-07-28 00:11:23 - mkk_pika - main.py:348 - INFO - ==================== 漫画信息 ====================
                                   漫画ID：5c35b14c62be1445a4a5ddda
                                   标题：(Reゼロから始める異世界生活) 
                                   作者：めんようじゃん
                                   是否完结：否
                                   总页数：17
                                   分类：全彩,短篇
                                   章节数：1
                                   最后更新时间：2019-01-09T08:31:08.903Z
                                   =================================================
2026-07-28 00:11:23 - mkk_pika - database.py:101 - INFO - 保存成功：(Reゼロから始める異世界生活) 
2026-07-28 00:11:23 - mkk_pika - main.py:35 - INFO - 开始检查 カミオロシ (COMIC 阿吽 2016年7月号)是否存在未下载章节
2026-07-28 00:11:23 - mkk_pika - main.py:45 - INFO - 正在下载:[ カミオロシ (COMIC 阿吽 2016年7月号)]-[橋村青樹]-[['短篇', '強暴']]-[total_pages:-1]
2026-07-28 00:11:23 - mkk_pika - main.py:49 - INFO - [{'_id': '5c3886581edbd91f42577b7a', 'title': '第1集', 'order': 1, 'updated_at': '2019-01-10T23:49:28.913Z', 'id': '5c3886581edbd91f42577b7a'}]
2026-07-28 00:11:23 - mkk_pika - database.py:215 - INFO - 第一次下载该漫画，记录数据库中
2026-07-28 00:11:24 - mkk_pika - main.py:83 - INFO - 找到 30 张图片在:第1集
2026-07-28 00:11:25 - mkk_pika - main.py:112 - INFO - [episode:第1集       ] downloaded:    30, total:  30, progress:100%
2026-07-28 00:11:25 - mkk_pika - database.py:238 - INFO - 数据库更新已下载章节
2026-07-28 00:11:25 - mkk_pika - database.py:244 - INFO - 该漫画已下载章节如下
2026-07-28 00:11:25 - mkk_pika - database.py:245 - INFO - ['第1集']
2026-07-28 00:11:26 - mkk_pika - main.py:348 - INFO - ==================== 漫画信息 ====================
                                   漫画ID：5c35b1660f8255137646b802
                                   标题： カミオロシ (COMIC 阿吽 2016年7月号)
                                   作者：橋村青樹
                                   是否完结：是
                                   总页数：-1
                                   分类：短篇,強暴
                                   章节数：1
                                   最后更新时间：2019-01-09T08:31:34.704Z
                                   =================================================
2026-07-28 00:11:26 - mkk_pika - database.py:101 - INFO - 保存成功： カミオロシ (COMIC 阿吽 2016年7月号)
2026-07-28 00:11:26 - mkk_pika - main.py:35 - INFO - 开始检查(C95)アズレンソープ部 ―重桜編― 是否存在未下载章节
2026-07-28 00:11:26 - mkk_pika - main.py:45 - INFO - 正在下载:[(C95)アズレンソープ部 ―重桜編― ]-[夏季のタネ (サマー)]-[['同人', '短篇']]-[total_pages:18]
2026-07-28 00:11:26 - mkk_pika - main.py:49 - INFO - [{'_id': '5c35b179418dff4560bbd6f2', 'title': '第1集', 'order': 1, 'updated_at': '2019-01-09T05:23:09.928Z', 'id': '5c35b179418dff4560bbd6f2'}]
2026-07-28 00:11:26 - mkk_pika - database.py:215 - INFO - 第一次下载该漫画，记录数据库中
2026-07-28 00:11:27 - mkk_pika - main.py:83 - INFO - 找到 18 张图片在:第1集
2026-07-28 00:11:27 - mkk_pika - main.py:112 - INFO - [episode:第1集       ] downloaded:    18, total:  18, progress:100%
2026-07-28 00:11:27 - mkk_pika - database.py:238 - INFO - 数据库更新已下载章节
2026-07-28 00:11:27 - mkk_pika - database.py:244 - INFO - 该漫画已下载章节如下
2026-07-28 00:11:27 - mkk_pika - database.py:245 - INFO - ['第1集']
2026-07-28 00:11:28 - mkk_pika - main.py:348 - INFO - ==================== 漫画信息 ====================
                                   漫画ID：5c35b179418dff4560bbd6f1
                                   标题：(C95)アズレンソープ部 ―重桜編― 
                                   作者：夏季のタネ (サマー)
                                   是否完结：是
                                   总页数：18
                                   分类：同人,短篇
                                   章节数：1
                                   最后更新时间：2019-01-09T08:31:53.679Z
                                   =================================================
2026-07-28 00:11:28 - mkk_pika - database.py:101 - INFO - 保存成功：(C95)アズレンソープ部 ―重桜編― 
2026-07-28 00:11:28 - mkk_pika - main.py:35 - INFO - 开始检查 メスメリズム5 是否存在未下载章节
2026-07-28 00:11:29 - mkk_pika - main.py:45 - INFO - 正在下载:[ メスメリズム5 ]-[abgrund (さいかわゆさ)]-[['短篇', '人妻', 'NTR']]-[total_pages:33]
2026-07-28 00:11:29 - mkk_pika - main.py:49 - INFO - [{'_id': '5c35b1f737177d137e8889ee', 'title': '第1集', 'order': 1, 'updated_at': '2019-01-09T05:41:09.810Z', 'id': '5c35b1f737177d137e8889ee'}]
2026-07-28 00:11:29 - mkk_pika - database.py:215 - INFO - 第一次下载该漫画，记录数据库中
2026-07-28 00:11:29 - mkk_pika - main.py:83 - INFO - 找到 33 张图片在:第1集
2026-07-28 00:11:30 - mkk_pika - main.py:112 - INFO - [episode:第1集       ] downloaded:    33, total:  33, progress:100%
2026-07-28 00:11:30 - mkk_pika - database.py:238 - INFO - 数据库更新已下载章节
2026-07-28 00:11:30 - mkk_pika - database.py:244 - INFO - 该漫画已下载章节如下
2026-07-28 00:11:30 - mkk_pika - database.py:245 - INFO - ['第1集']
2026-07-28 00:11:31 - mkk_pika - main.py:348 - INFO - ==================== 漫画信息 ====================
                                   漫画ID：5c35b1f737177d137e8889ed
                                   标题： メスメリズム5 
                                   作者：abgrund (さいかわゆさ)
                                   是否完结：是
                                   总页数：33
                                   分类：短篇,人妻,NTR
                                   章节数：1
                                   最后更新时间：2019-01-09T08:33:59.657Z
                                   =================================================
2026-07-28 00:11:31 - mkk_pika - database.py:101 - INFO - 保存成功： メスメリズム5 
2026-07-28 00:11:31 - mkk_pika - main.py:35 - INFO - 开始检查山姫ノ繭 又是否存在未下载章节
2026-07-28 00:11:31 - mkk_pika - main.py:45 - INFO - 正在下载:[山姫ノ繭 又]-[南方ヒトガクシキ (仲村レグラ)]-[['短篇', '純愛', '非人類']]-[total_pages:25]
2026-07-28 00:11:31 - mkk_pika - main.py:49 - INFO - [{'_id': '5c35b21f0f8255137646be7c', 'title': '第1集', 'order': 1, 'updated_at': '2019-01-09T06:01:10.410Z', 'id': '5c35b21f0f8255137646be7c'}]
2026-07-28 00:11:31 - mkk_pika - database.py:215 - INFO - 第一次下载该漫画，记录数据库中
2026-07-28 00:11:32 - mkk_pika - main.py:83 - INFO - 找到 25 张图片在:第1集
2026-07-28 00:11:32 - mkk_pika - main.py:112 - INFO - [episode:第1集       ] downloaded:    25, total:  25, progress:100%
2026-07-28 00:11:32 - mkk_pika - database.py:238 - INFO - 数据库更新已下载章节
2026-07-28 00:11:32 - mkk_pika - database.py:244 - INFO - 该漫画已下载章节如下
2026-07-28 00:11:32 - mkk_pika - database.py:245 - INFO - ['第1集']
2026-07-28 00:11:34 - mkk_pika - main.py:348 - INFO - ==================== 漫画信息 ====================
                                   漫画ID：5c35b21f0f8255137646be7b
                                   标题：山姫ノ繭 又
                                   作者：南方ヒトガクシキ (仲村レグラ)
                                   是否完结：是
                                   总页数：25
                                   分类：短篇,純愛,非人類
                                   章节数：1
                                   最后更新时间：2019-01-09T08:34:39.230Z
                                   =================================================
2026-07-28 00:11:34 - mkk_pika - database.py:101 - INFO - 保存成功：山姫ノ繭 又
2026-07-28 00:11:34 - mkk_pika - main.py:35 - INFO - 开始检查 聖百合ヶ丘女学園性奴会 是否存在未下载章节
2026-07-28 00:11:34 - mkk_pika - main.py:45 - INFO - 正在下载:[ 聖百合ヶ丘女学園性奴会 ]-[復八磨直兎]-[['長篇', '強暴']]-[total_pages:204]
2026-07-28 00:11:34 - mkk_pika - main.py:49 - INFO - [{'_id': '5c35b27faa113313a98bc4ea', 'title': '第1集', 'order': 1, 'updated_at': '2019-01-09T06:25:33.073Z', 'id': '5c35b27faa113313a98bc4ea'}]
2026-07-28 00:11:34 - mkk_pika - database.py:215 - INFO - 第一次下载该漫画，记录数据库中
2026-07-28 00:11:36 - mkk_pika - main.py:83 - INFO - 找到 204 张图片在:第1集
2026-07-28 00:11:41 - mkk_pika - main.py:112 - INFO - [episode:第1集       ] downloaded:   204, total: 204, progress:100%
2026-07-28 00:11:41 - mkk_pika - database.py:238 - INFO - 数据库更新已下载章节
2026-07-28 00:11:41 - mkk_pika - database.py:244 - INFO - 该漫画已下载章节如下
2026-07-28 00:11:41 - mkk_pika - database.py:245 - INFO - ['第1集']
2026-07-28 00:11:42 - mkk_pika - main.py:348 - INFO - ==================== 漫画信息 ====================
                                   漫画ID：5c35b27faa113313a98bc4e9
                                   标题： 聖百合ヶ丘女学園性奴会 
                                   作者：復八磨直兎
                                   是否完结：是
                                   总页数：204
                                   分类：長篇,強暴
                                   章节数：1
                                   最后更新时间：2019-01-09T08:36:15.374Z
                                   =================================================
2026-07-28 00:11:42 - mkk_pika - database.py:101 - INFO - 保存成功： 聖百合ヶ丘女学園性奴会 
2026-07-28 00:11:42 - mkk_pika - main.py:35 - INFO - 开始检查 かくしなし (東方Project)是否存在未下载章节
2026-07-28 00:11:43 - mkk_pika - main.py:45 - INFO - 正在下载:[ かくしなし (東方Project)]-[少女恋歌 (シノバ)]-[['同人', '短篇', '百合花園', '東方']]-[total_pages:27]
2026-07-28 00:11:43 - mkk_pika - main.py:49 - INFO - [{'_id': '5c35b2bf418dff4560bbd709', 'title': '第1集', 'order': 1, 'updated_at': '2019-01-09T07:31:59.890Z', 'id': '5c35b2bf418dff4560bbd709'}]
2026-07-28 00:11:43 - mkk_pika - database.py:215 - INFO - 第一次下载该漫画，记录数据库中
2026-07-28 00:11:43 - mkk_pika - main.py:83 - INFO - 找到 27 张图片在:第1集
2026-07-28 00:11:44 - mkk_pika - main.py:112 - INFO - [episode:第1集       ] downloaded:    27, total:  27, progress:100%
2026-07-28 00:11:44 - mkk_pika - database.py:238 - INFO - 数据库更新已下载章节
2026-07-28 00:11:44 - mkk_pika - database.py:244 - INFO - 该漫画已下载章节如下
2026-07-28 00:11:44 - mkk_pika - database.py:245 - INFO - ['第1集']
2026-07-28 00:11:45 - mkk_pika - main.py:348 - INFO - ==================== 漫画信息 ====================
                                   漫画ID：5c35b2bf418dff4560bbd708
                                   标题： かくしなし (東方Project)
                                   作者：少女恋歌 (シノバ)
                                   是否完结：是
                                   总页数：27
                                   分类：同人,短篇,百合花園,東方
                                   章节数：1
                                   最后更新时间：2019-01-09T08:37:19.789Z
                                   =================================================
2026-07-28 00:11:45 - mkk_pika - database.py:101 - INFO - 保存成功： かくしなし (東方Project)
2026-07-28 00:11:45 - mkk_pika - main.py:35 - INFO - 开始检查二次元ど素人娘生中出し1フェイトちゃん●9歳是否存在未下载章节
2026-07-28 00:11:46 - mkk_pika - main.py:45 - INFO - 正在下载:[二次元ど素人娘生中出し1フェイトちゃん●9歳]-[スタジオ☆ひまわり (日向恭介)]-[['全彩', '短篇', '同人']]-[total_pages:28]
2026-07-28 00:11:46 - mkk_pika - main.py:49 - INFO - [{'_id': '5c35b2cb62be1445a4a5de21', 'title': '第1集', 'order': 1, 'updated_at': '2019-01-09T07:41:13.076Z', 'id': '5c35b2cb62be1445a4a5de21'}]
2026-07-28 00:11:46 - mkk_pika - database.py:215 - INFO - 第一次下载该漫画，记录数据库中
2026-07-28 00:11:46 - mkk_pika - main.py:83 - INFO - 找到 28 张图片在:第1集
2026-07-28 00:11:47 - mkk_pika - main.py:112 - INFO - [episode:第1集       ] downloaded:    28, total:  28, progress:100%
2026-07-28 00:11:47 - mkk_pika - database.py:238 - INFO - 数据库更新已下载章节
2026-07-28 00:11:47 - mkk_pika - database.py:244 - INFO - 该漫画已下载章节如下
2026-07-28 00:11:47 - mkk_pika - database.py:245 - INFO - ['第1集']
2026-07-28 00:11:48 - mkk_pika - main.py:348 - INFO - ==================== 漫画信息 ====================
                                   漫画ID：5c35b2cb62be1445a4a5de20
                                   标题：二次元ど素人娘生中出し1フェイトちゃん●9歳
                                   作者：スタジオ☆ひまわり (日向恭介)
                                   是否完结：是
                                   总页数：28
                                   分类：全彩,短篇,同人
                                   章节数：1
                                   最后更新时间：2019-01-09T08:37:31.420Z
                                   =================================================
2026-07-28 00:11:48 - mkk_pika - database.py:101 - INFO - 保存成功：二次元ど素人娘生中出し1フェイトちゃん●9歳
2026-07-28 00:11:48 - mkk_pika - main.py:35 - INFO - 开始检查せっ〇すしないと出れないテントに閉じ込められたなでリン（汉化）是否存在未下载章节
2026-07-28 00:11:49 - mkk_pika - main.py:45 - INFO - 正在下载:[せっ〇すしないと出れないテントに閉じ込められたなでリン（汉化）]-[あいいろさくら (相川りょう)]-[['同人', '短篇', '百合花園']]-[total_pages:27]
2026-07-28 00:11:49 - mkk_pika - main.py:49 - INFO - [{'_id': '5c35b2ea37177d137e888b17', 'title': '第1集', 'order': 1, 'updated_at': '2019-01-09T07:50:17.849Z', 'id': '5c35b2ea37177d137e888b17'}]
2026-07-28 00:11:49 - mkk_pika - database.py:215 - INFO - 第一次下载该漫画，记录数据库中
2026-07-28 00:11:50 - mkk_pika - main.py:83 - INFO - 找到 27 张图片在:第1集
2026-07-28 00:11:50 - mkk_pika - main.py:112 - INFO - [episode:第1集       ] downloaded:    27, total:  27, progress:100%
2026-07-28 00:11:50 - mkk_pika - database.py:238 - INFO - 数据库更新已下载章节
2026-07-28 00:11:50 - mkk_pika - database.py:244 - INFO - 该漫画已下载章节如下
2026-07-28 00:11:50 - mkk_pika - database.py:245 - INFO - ['第1集']
2026-07-28 00:11:51 - mkk_pika - main.py:348 - INFO - ==================== 漫画信息 ====================
                                   漫画ID：5c35b2ea37177d137e888b16
                                   标题：せっ〇すしないと出れないテントに閉じ込められたなでリン（汉化）
                                   作者：あいいろさくら (相川りょう)
                                   是否完结：是
                                   总页数：27
                                   分类：同人,短篇,百合花園
                                   章节数：1
                                   最后更新时间：2019-01-09T08:38:02.691Z
                                   =================================================
2026-07-28 00:11:51 - mkk_pika - database.py:101 - INFO - 保存成功：せっ〇すしないと出れないテントに閉じ込められたなでリン（汉化）
2026-07-28 00:11:51 - mkk_pika - main.py:35 - INFO - 开始检查居候フレンズ是否存在未下载章节
2026-07-28 00:11:52 - mkk_pika - main.py:45 - INFO - 正在下载:[居候フレンズ]-[コミティア124]-[['短篇', '百合花園']]-[total_pages:22]
2026-07-28 00:11:52 - mkk_pika - main.py:49 - INFO - [{'_id': '5c35b2f70f8255137646be9d', 'title': '第1集', 'order': 1, 'updated_at': '2019-01-09T08:08:22.543Z', 'id': '5c35b2f70f8255137646be9d'}]
2026-07-28 00:11:52 - mkk_pika - database.py:215 - INFO - 第一次下载该漫画，记录数据库中
2026-07-28 00:11:52 - mkk_pika - main.py:83 - INFO - 找到 22 张图片在:第1集
2026-07-28 00:11:53 - mkk_pika - main.py:112 - INFO - [episode:第1集       ] downloaded:    22, total:  22, progress:100%
2026-07-28 00:11:53 - mkk_pika - database.py:238 - INFO - 数据库更新已下载章节
2026-07-28 00:11:53 - mkk_pika - database.py:244 - INFO - 该漫画已下载章节如下
2026-07-28 00:11:53 - mkk_pika - database.py:245 - INFO - ['第1集']
2026-07-28 00:11:54 - mkk_pika - main.py:348 - INFO - ==================== 漫画信息 ====================
                                   漫画ID：5c35b2f70f8255137646be9c
                                   标题：居候フレンズ
                                   作者：コミティア124
                                   是否完结：是
                                   总页数：22
                                   分类：短篇,百合花園
                                   章节数：1
                                   最后更新时间：2019-01-09T08:38:15.095Z
                                   =================================================
2026-07-28 00:11:54 - mkk_pika - database.py:101 - INFO - 保存成功：居候フレンズ
2026-07-28 00:11:54 - mkk_pika - main.py:35 - INFO - 开始检查月岡恋鐘のすぺしゃる初体験是否存在未下载章节
2026-07-28 00:11:54 - mkk_pika - main.py:45 - INFO - 正在下载:[月岡恋鐘のすぺしゃる初体験]-[昭和最終戦線 (はなうな)]-[['同人', '短篇']]-[total_pages:34]
2026-07-28 00:11:54 - mkk_pika - main.py:49 - INFO - [{'_id': '5c35b30449be9f13b64c7ecf', 'title': '第1集', 'order': 1, 'updated_at': '2019-01-09T08:19:42.164Z', 'id': '5c35b30449be9f13b64c7ecf'}]
2026-07-28 00:11:54 - mkk_pika - database.py:215 - INFO - 第一次下载该漫画，记录数据库中
2026-07-28 00:11:55 - mkk_pika - main.py:83 - INFO - 找到 34 张图片在:第1集
2026-07-28 00:11:56 - mkk_pika - main.py:112 - INFO - [episode:第1集       ] downloaded:    34, total:  34, progress:100%
2026-07-28 00:11:56 - mkk_pika - database.py:238 - INFO - 数据库更新已下载章节
2026-07-28 00:11:56 - mkk_pika - database.py:244 - INFO - 该漫画已下载章节如下
2026-07-28 00:11:56 - mkk_pika - database.py:245 - INFO - ['第1集']
2026-07-28 00:11:57 - mkk_pika - main.py:348 - INFO - ==================== 漫画信息 ====================
                                   漫画ID：5c35b30449be9f13b64c7ece
                                   标题：月岡恋鐘のすぺしゃる初体験
                                   作者：昭和最終戦線 (はなうな)
                                   是否完结：是
                                   总页数：34
                                   分类：同人,短篇
                                   章节数：1
                                   最后更新时间：2019-01-09T08:38:28.920Z
                                   =================================================
2026-07-28 00:11:57 - mkk_pika - database.py:101 - INFO - 保存成功：月岡恋鐘のすぺしゃる初体験
2026-07-28 00:11:57 - mkk_pika - main.py:35 - INFO - 开始检查ラブジュース 愛慾的汁液是否存在未下载章节
2026-07-28 00:11:57 - mkk_pika - main.py:45 - INFO - 正在下载:[ラブジュース 愛慾的汁液]-[いづれ]-[['長篇', '單行本', '純愛', '後宮閃光', '姐姐系', '妹妹系', '足の恋']]-[total_pages:208]
2026-07-28 00:11:57 - mkk_pika - main.py:49 - INFO - [{'_id': '5c35efd337177d137e888cd7', 'title': '愛慾汁液的單行本', 'order': 1, 'updated_at': '2019-01-05T19:00:35.915Z', 'id': '5c35efd337177d137e888cd7'}]
2026-07-28 00:11:57 - mkk_pika - database.py:215 - INFO - 第一次下载该漫画，记录数据库中
2026-07-28 00:11:59 - mkk_pika - main.py:83 - INFO - 找到 208 张图片在:愛慾汁液的單行本
2026-07-28 00:12:03 - mkk_pika - main.py:112 - INFO - [episode:愛慾汁液的單行本  ] downloaded:   208, total: 208, progress:100%
2026-07-28 00:12:03 - mkk_pika - database.py:238 - INFO - 数据库更新已下载章节
2026-07-28 00:12:03 - mkk_pika - database.py:244 - INFO - 该漫画已下载章节如下
2026-07-28 00:12:03 - mkk_pika - database.py:245 - INFO - ['愛慾汁液的單行本']
2026-07-28 00:12:04 - mkk_pika - main.py:348 - INFO - ==================== 漫画信息 ====================
                                   漫画ID：5c35efd337177d137e888cd6
                                   标题：ラブジュース 愛慾的汁液
                                   作者：いづれ
                                   是否完结：是
                                   总页数：208
                                   分类：長篇,單行本,純愛,後宮閃光,姐姐系,妹妹系,足の恋
                                   章节数：1
                                   最后更新时间：2019-01-09T12:57:55.715Z
                                   =================================================
2026-07-28 00:12:04 - mkk_pika - database.py:101 - INFO - 保存成功：ラブジュース 愛慾的汁液
2026-07-28 00:12:04 - mkk_pika - main.py:35 - INFO - 开始检查勿忘草・四 風信子 (艦隊これくしょん -艦これ-)是否存在未下载章节
2026-07-28 00:12:04 - mkk_pika - main.py:45 - INFO - 正在下载:[勿忘草・四 風信子 (艦隊これくしょん -艦これ-)]-[blue+α (いふじシンセン)]-[['長篇', '純愛', '艦隊收藏']]-[total_pages:43]
2026-07-28 00:12:04 - mkk_pika - main.py:49 - INFO - [{'_id': '5c35f00262be1445a4a5df26', 'title': '第1集', 'order': 1, 'updated_at': '2019-01-09T08:54:53.858Z', 'id': '5c35f00262be1445a4a5df26'}, {'_id': '5c35f00262be1445a4a5df27', 'title': '第2集', 'order': 2, 'updated_at': '2019-01-09T08:58:53.182Z', 'id': '5c35f00262be1445a4a5df27'}]
2026-07-28 00:12:04 - mkk_pika - database.py:215 - INFO - 第一次下载该漫画，记录数据库中
2026-07-28 00:12:05 - mkk_pika - main.py:83 - INFO - 找到 19 张图片在:第1集
2026-07-28 00:12:05 - mkk_pika - main.py:112 - INFO - [episode:第1集       ] downloaded:    19, total:  19, progress:100%
2026-07-28 00:12:05 - mkk_pika - database.py:238 - INFO - 数据库更新已下载章节
2026-07-28 00:12:05 - mkk_pika - database.py:244 - INFO - 该漫画已下载章节如下
2026-07-28 00:12:05 - mkk_pika - database.py:245 - INFO - ['第1集']
2026-07-28 00:12:07 - mkk_pika - main.py:83 - INFO - 找到 24 张图片在:第2集
2026-07-28 00:12:07 - mkk_pika - main.py:112 - INFO - [episode:第2集       ] downloaded:    24, total:  24, progress:100%
2026-07-28 00:12:07 - mkk_pika - database.py:238 - INFO - 数据库更新已下载章节
2026-07-28 00:12:07 - mkk_pika - database.py:244 - INFO - 该漫画已下载章节如下
2026-07-28 00:12:07 - mkk_pika - database.py:245 - INFO - ['第1集', '第2集']
2026-07-28 00:12:09 - mkk_pika - main.py:348 - INFO - ==================== 漫画信息 ====================
                                   漫画ID：5c35f00262be1445a4a5df25
                                   标题：勿忘草・四 風信子 (艦隊これくしょん -艦これ-)
                                   作者：blue+α (いふじシンセン)
                                   是否完结：是
                                   总页数：43
                                   分类：長篇,純愛,艦隊收藏
                                   章节数：2
                                   最后更新时间：2019-01-09T12:58:42.977Z
                                   =================================================
2026-07-28 00:12:09 - mkk_pika - database.py:101 - INFO - 保存成功：勿忘草・四 風信子 (艦隊これくしょん -艦これ-)
2026-07-28 00:12:09 - mkk_pika - main.py:35 - INFO - 开始检查異世界でロリエルフ助けたらこうなったEp.100 是否存在未下载章节
2026-07-28 00:12:09 - mkk_pika - main.py:45 - INFO - 正在下载:[異世界でロリエルフ助けたらこうなったEp.100 ]-[Noise]-[['同人', '短篇', '純愛', '非人類']]-[total_pages:17]
2026-07-28 00:12:09 - mkk_pika - main.py:49 - INFO - [{'_id': '5c36e94b38c0f873bf87c471', 'title': '第1集', 'order': 1, 'updated_at': '2019-01-09T09:03:05.694Z', 'id': '5c36e94b38c0f873bf87c471'}]
2026-07-28 00:12:09 - mkk_pika - database.py:215 - INFO - 第一次下载该漫画，记录数据库中
2026-07-28 00:12:10 - mkk_pika - main.py:83 - INFO - 找到 17 张图片在:第1集
2026-07-28 00:12:10 - mkk_pika - main.py:112 - INFO - [episode:第1集       ] downloaded:    17, total:  17, progress:100%
2026-07-28 00:12:10 - mkk_pika - database.py:238 - INFO - 数据库更新已下载章节
2026-07-28 00:12:10 - mkk_pika - database.py:244 - INFO - 该漫画已下载章节如下
2026-07-28 00:12:10 - mkk_pika - database.py:245 - INFO - ['第1集']
2026-07-28 00:12:11 - mkk_pika - main.py:348 - INFO - ==================== 漫画信息 ====================
                                   漫画ID：5c36e94b38c0f873bf87c470
                                   标题：異世界でロリエルフ助けたらこうなったEp.100 
                                   作者：Noise
                                   是否完结：是
                                   总页数：17
                                   分类：同人,短篇,純愛,非人類
                                   章节数：1
                                   最后更新时间：2019-01-10T06:42:19.755Z
                                   =================================================
2026-07-28 00:12:11 - mkk_pika - database.py:101 - INFO - 保存成功：異世界でロリエルフ助けたらこうなったEp.100 
2026-07-28 00:12:11 - mkk_pika - main.py:35 - INFO - 开始检查YES!ゴッシクロリータ NO!タッチ是否存在未下载章节
2026-07-28 00:12:12 - mkk_pika - main.py:45 - INFO - 正在下载:[YES!ゴッシクロリータ NO!タッチ]-[お久しぶり]-[['全彩', '短篇']]-[total_pages:9]
2026-07-28 00:12:12 - mkk_pika - main.py:49 - INFO - [{'_id': '5c36e97537177d137e88938d', 'title': '第1集', 'order': 1, 'updated_at': '2019-01-09T09:08:46.475Z', 'id': '5c36e97537177d137e88938d'}]
2026-07-28 00:12:12 - mkk_pika - database.py:215 - INFO - 第一次下载该漫画，记录数据库中
2026-07-28 00:12:12 - mkk_pika - main.py:83 - INFO - 找到 9 张图片在:第1集
2026-07-28 00:12:12 - mkk_pika - main.py:112 - INFO - [episode:第1集       ] downloaded:     9, total:   9, progress:100%
2026-07-28 00:12:12 - mkk_pika - database.py:238 - INFO - 数据库更新已下载章节
2026-07-28 00:12:12 - mkk_pika - database.py:244 - INFO - 该漫画已下载章节如下
2026-07-28 00:12:12 - mkk_pika - database.py:245 - INFO - ['第1集']
2026-07-28 00:12:14 - mkk_pika - main.py:348 - INFO - ==================== 漫画信息 ====================
                                   漫画ID：5c36e97537177d137e88938c
                                   标题：YES!ゴッシクロリータ NO!タッチ
                                   作者：お久しぶり
                                   是否完结：是
                                   总页数：9
                                   分类：全彩,短篇
                                   章节数：1
                                   最后更新时间：2019-01-10T06:43:01.197Z
                                   =================================================
2026-07-28 00:12:14 - mkk_pika - database.py:101 - INFO - 保存成功：YES!ゴッシクロリータ NO!タッチ
2026-07-28 00:12:14 - mkk_pika - main.py:35 - INFO - 开始检查成長期の優等生は先生との触れあいで男性を予習したい!是否存在未下载章节
2026-07-28 00:12:14 - mkk_pika - main.py:45 - INFO - 正在下载:[成長期の優等生は先生との触れあいで男性を予習したい!]-[遠藤弘土]-[['全彩', '短篇']]-[total_pages:38]
2026-07-28 00:12:14 - mkk_pika - main.py:49 - INFO - [{'_id': '5c36ea59aa113313a98bcd7b', 'title': '第1集', 'order': 1, 'updated_at': '2019-01-09T09:18:05.714Z', 'id': '5c36ea59aa113313a98bcd7b'}]
2026-07-28 00:12:14 - mkk_pika - database.py:215 - INFO - 第一次下载该漫画，记录数据库中
2026-07-28 00:12:15 - mkk_pika - main.py:83 - INFO - 找到 38 张图片在:第1集
2026-07-28 00:12:15 - mkk_pika - main.py:112 - INFO - [episode:第1集       ] downloaded:    38, total:  38, progress:100%
2026-07-28 00:12:15 - mkk_pika - database.py:238 - INFO - 数据库更新已下载章节
2026-07-28 00:12:15 - mkk_pika - database.py:244 - INFO - 该漫画已下载章节如下
2026-07-28 00:12:15 - mkk_pika - database.py:245 - INFO - ['第1集']
2026-07-28 00:12:17 - mkk_pika - main.py:348 - INFO - ==================== 漫画信息 ====================
                                   漫画ID：5c36ea59aa113313a98bcd7a
                                   标题：成長期の優等生は先生との触れあいで男性を予習したい!
                                   作者：遠藤弘土
                                   是否完结：否
                                   总页数：38
                                   分类：全彩,短篇
                                   章节数：1
                                   最后更新时间：2019-01-10T06:46:49.848Z
                                   =================================================
2026-07-28 00:12:17 - mkk_pika - database.py:101 - INFO - 保存成功：成長期の優等生は先生との触れあいで男性を予習したい!
2026-07-28 00:12:17 - mkk_pika - main.py:35 - INFO - 开始检查清楚ビッチな巫女先輩是否存在未下载章节
2026-07-28 00:12:17 - mkk_pika - main.py:45 - INFO - 正在下载:[清楚ビッチな巫女先輩]-[KAROMIX (karory)]-[['全彩', '短篇', '姐姐系']]-[total_pages:25]
2026-07-28 00:12:17 - mkk_pika - main.py:49 - INFO - [{'_id': '5c36eb9f0f8255137646c680', 'title': '第1集', 'order': 1, 'updated_at': '2019-01-09T11:18:17.270Z', 'id': '5c36eb9f0f8255137646c680'}]
2026-07-28 00:12:17 - mkk_pika - database.py:215 - INFO - 第一次下载该漫画，记录数据库中
2026-07-28 00:12:18 - mkk_pika - main.py:83 - INFO - 找到 25 张图片在:第1集
2026-07-28 00:12:19 - mkk_pika - main.py:112 - INFO - [episode:第1集       ] downloaded:    25, total:  25, progress:100%
2026-07-28 00:12:19 - mkk_pika - database.py:238 - INFO - 数据库更新已下载章节
2026-07-28 00:12:19 - mkk_pika - database.py:244 - INFO - 该漫画已下载章节如下
2026-07-28 00:12:19 - mkk_pika - database.py:245 - INFO - ['第1集']
2026-07-28 00:12:20 - mkk_pika - main.py:348 - INFO - ==================== 漫画信息 ====================
                                   漫画ID：5c36eb9f0f8255137646c67f
                                   标题：清楚ビッチな巫女先輩
                                   作者：KAROMIX (karory)
                                   是否完结：否
                                   总页数：25
                                   分类：全彩,短篇,姐姐系
                                   章节数：1
                                   最后更新时间：2019-01-10T06:52:15.674Z
                                   =================================================
2026-07-28 00:12:20 - mkk_pika - database.py:101 - INFO - 保存成功：清楚ビッチな巫女先輩
2026-07-28 00:12:20 - mkk_pika - main.py:35 - INFO - 开始检查(C88)  むっつり花陽ちゃん (ラブライブ!) [全彩]是否存在未下载章节
2026-07-28 00:12:20 - mkk_pika - main.py:45 - INFO - 正在下载:[(C88)  むっつり花陽ちゃん (ラブライブ!) [全彩]]-[芹沢室 (芹沢)]-[['全彩', '同人', '短篇']]-[total_pages:19]
2026-07-28 00:12:20 - mkk_pika - main.py:49 - INFO - [{'_id': '5c373ac837177d137e8895f4', 'title': '第1集', 'order': 1, 'updated_at': '2019-01-09T11:19:06.070Z', 'id': '5c373ac837177d137e8895f4'}]
2026-07-28 00:12:20 - mkk_pika - database.py:215 - INFO - 第一次下载该漫画，记录数据库中
2026-07-28 00:12:21 - mkk_pika - main.py:83 - INFO - 找到 19 张图片在:第1集
2026-07-28 00:12:21 - mkk_pika - main.py:112 - INFO - [episode:第1集       ] downloaded:    19, total:  19, progress:100%
2026-07-28 00:12:21 - mkk_pika - database.py:238 - INFO - 数据库更新已下载章节
2026-07-28 00:12:21 - mkk_pika - database.py:244 - INFO - 该漫画已下载章节如下
2026-07-28 00:12:21 - mkk_pika - database.py:245 - INFO - ['第1集']
2026-07-28 00:12:22 - mkk_pika - main.py:348 - INFO - ==================== 漫画信息 ====================
                                   漫画ID：5c373ac837177d137e8895f3
                                   标题：(C88)  むっつり花陽ちゃん (ラブライブ!) [全彩]
                                   作者：芹沢室 (芹沢)
                                   是否完结：否
                                   总页数：19
                                   分类：全彩,同人,短篇
                                   章节数：1
                                   最后更新时间：2019-01-10T12:30:00.908Z
                                   =================================================
2026-07-28 00:12:22 - mkk_pika - database.py:101 - INFO - 保存成功：(C88)  むっつり花陽ちゃん (ラブライブ!) [全彩]
2026-07-28 00:12:22 - mkk_pika - main.py:35 - INFO - 开始检查(C91) 催眠性指導2 倉敷玲奈の場合是否存在未下载章节
2026-07-28 00:12:23 - mkk_pika - main.py:45 - INFO - 正在下载:[(C91) 催眠性指導2 倉敷玲奈の場合]-[50on! (愛上陸)]-[['NTR']]-[total_pages:20]
2026-07-28 00:12:23 - mkk_pika - main.py:49 - INFO - [{'_id': '5c38864e37a6ca73980067ba', 'title': '第1集', 'order': 1, 'updated_at': '2019-01-10T23:40:31.586Z', 'id': '5c38864e37a6ca73980067ba'}]
2026-07-28 00:12:23 - mkk_pika - database.py:215 - INFO - 第一次下载该漫画，记录数据库中
2026-07-28 00:12:23 - mkk_pika - main.py:83 - INFO - 找到 25 张图片在:第1集
2026-07-28 00:12:24 - mkk_pika - main.py:112 - INFO - [episode:第1集       ] downloaded:    25, total:  25, progress:100%
2026-07-28 00:12:24 - mkk_pika - database.py:238 - INFO - 数据库更新已下载章节
2026-07-28 00:12:24 - mkk_pika - database.py:244 - INFO - 该漫画已下载章节如下
2026-07-28 00:12:24 - mkk_pika - database.py:245 - INFO - ['第1集']
2026-07-28 00:12:25 - mkk_pika - main.py:348 - INFO - ==================== 漫画信息 ====================
                                   漫画ID：5c373b2549be9f13b64c88f6
                                   标题：(C91) 催眠性指導2 倉敷玲奈の場合
                                   作者：50on! (愛上陸)
                                   是否完结：是
                                   总页数：20
                                   分类：NTR
                                   章节数：1
                                   最后更新时间：2019-01-10T12:31:33.963Z
                                   =================================================
2026-07-28 00:12:25 - mkk_pika - database.py:101 - INFO - 保存成功：(C91) 催眠性指導2 倉敷玲奈の場合
2026-07-28 00:12:25 - mkk_pika - main.py:35 - INFO - 开始检查RE-TAKE改2是否存在未下载章节
2026-07-28 00:12:25 - mkk_pika - main.py:45 - INFO - 正在下载:[RE-TAKE改2]-[スタジオKIMIGABUCHI (きみまる)]-[['同人', '短篇']]-[total_pages:74]
2026-07-28 00:12:25 - mkk_pika - main.py:49 - INFO - [{'_id': '5bea82618c56de01709b7b28', 'title': '生肉', 'order': 1, 'updated_at': '2019-01-10T12:34:24.237Z', 'id': '5bea82618c56de01709b7b28'}, {'_id': '5c373bd049be9f13b64c89ee', 'title': '熟肉', 'order': 2, 'updated_at': '2019-01-09T11:44:21.536Z', 'id': '5c373bd049be9f13b64c89ee'}]
2026-07-28 00:12:25 - mkk_pika - database.py:215 - INFO - 第一次下载该漫画，记录数据库中
2026-07-28 00:12:26 - mkk_pika - main.py:83 - INFO - 找到 37 张图片在:生肉
2026-07-28 00:12:26 - mkk_pika - main.py:112 - INFO - [episode:生肉        ] downloaded:    37, total:  37, progress:100%
2026-07-28 00:12:26 - mkk_pika - database.py:238 - INFO - 数据库更新已下载章节
2026-07-28 00:12:26 - mkk_pika - database.py:244 - INFO - 该漫画已下载章节如下
2026-07-28 00:12:26 - mkk_pika - database.py:245 - INFO - ['生肉']
2026-07-28 00:12:28 - mkk_pika - main.py:83 - INFO - 找到 37 张图片在:熟肉
2026-07-28 00:12:29 - mkk_pika - main.py:112 - INFO - [episode:熟肉        ] downloaded:    37, total:  37, progress:100%
2026-07-28 00:12:29 - mkk_pika - database.py:238 - INFO - 数据库更新已下载章节
2026-07-28 00:12:29 - mkk_pika - database.py:244 - INFO - 该漫画已下载章节如下
2026-07-28 00:12:29 - mkk_pika - database.py:245 - INFO - ['生肉', '熟肉']
2026-07-28 00:12:30 - mkk_pika - main.py:348 - INFO - ==================== 漫画信息 ====================
                                   漫画ID：5bea82618c56de01709b7b27
                                   标题：RE-TAKE改2
                                   作者：スタジオKIMIGABUCHI (きみまる)
                                   是否完结：否
                                   总页数：74
                                   分类：同人,短篇
                                   章节数：2
                                   最后更新时间：2019-01-10T12:34:24.225Z
                                   =================================================
2026-07-28 00:12:30 - mkk_pika - database.py:101 - INFO - 保存成功：RE-TAKE改2
2026-07-28 00:12:30 - mkk_pika - main.py:35 - INFO - 开始检查僕の可愛い小毬さん是否存在未下载章节
2026-07-28 00:12:30 - mkk_pika - main.py:45 - INFO - 正在下载:[僕の可愛い小毬さん]-[苺砲 (しらいちご)]-[['同人', '短篇', '純愛']]-[total_pages:27]
2026-07-28 00:12:30 - mkk_pika - main.py:49 - INFO - [{'_id': '5c373be30f8255137646c943', 'title': '第1集', 'order': 1, 'updated_at': '2019-01-09T12:00:59.641Z', 'id': '5c373be30f8255137646c943'}]
2026-07-28 00:12:30 - mkk_pika - database.py:215 - INFO - 第一次下载该漫画，记录数据库中
2026-07-28 00:12:31 - mkk_pika - main.py:83 - INFO - 找到 27 张图片在:第1集
2026-07-28 00:12:31 - mkk_pika - main.py:112 - INFO - [episode:第1集       ] downloaded:    27, total:  27, progress:100%
2026-07-28 00:12:31 - mkk_pika - database.py:238 - INFO - 数据库更新已下载章节
2026-07-28 00:12:31 - mkk_pika - database.py:244 - INFO - 该漫画已下载章节如下
2026-07-28 00:12:31 - mkk_pika - database.py:245 - INFO - ['第1集']
2026-07-28 00:12:33 - mkk_pika - main.py:348 - INFO - ==================== 漫画信息 ====================
                                   漫画ID：5c373be30f8255137646c942
                                   标题：僕の可愛い小毬さん
                                   作者：苺砲 (しらいちご)
                                   是否完结：是
                                   总页数：27
                                   分类：同人,短篇,純愛
                                   章节数：1
                                   最后更新时间：2019-01-10T12:34:43.973Z
                                   =================================================
2026-07-28 00:12:33 - mkk_pika - database.py:101 - INFO - 保存成功：僕の可愛い小毬さん
2026-07-28 00:12:33 - mkk_pika - main.py:35 - INFO - 开始检查(C91) 萩風特製健康デザートはいかがですか  (艦隊これくしょん -艦これ-)是否存在未下载章节
2026-07-28 00:12:33 - mkk_pika - main.py:45 - INFO - 正在下载:[(C91) 萩風特製健康デザートはいかがですか  (艦隊これくしょん -艦これ-)]-[ L5EX (カメーリエ)]-[['短篇', '同人']]-[total_pages:47]
2026-07-28 00:12:33 - mkk_pika - main.py:49 - INFO - [{'_id': '5c373cb637177d137e889623', 'title': '第1集', 'order': 1, 'updated_at': '2019-01-09T11:31:48.628Z', 'id': '5c373cb637177d137e889623'}]
2026-07-28 00:12:33 - mkk_pika - database.py:215 - INFO - 第一次下载该漫画，记录数据库中
2026-07-28 00:12:34 - mkk_pika - main.py:83 - INFO - 找到 47 张图片在:第1集
2026-07-28 00:12:35 - mkk_pika - main.py:112 - INFO - [episode:第1集       ] downloaded:    47, total:  47, progress:100%
2026-07-28 00:12:35 - mkk_pika - database.py:238 - INFO - 数据库更新已下载章节
2026-07-28 00:12:35 - mkk_pika - database.py:244 - INFO - 该漫画已下载章节如下
2026-07-28 00:12:35 - mkk_pika - database.py:245 - INFO - ['第1集']
2026-07-28 00:12:36 - mkk_pika - main.py:348 - INFO - ==================== 漫画信息 ====================
                                   漫画ID：5c373cb637177d137e889622
                                   标题：(C91) 萩風特製健康デザートはいかがですか  (艦隊これくしょん -艦これ-)
                                   作者： L5EX (カメーリエ)
                                   是否完结：否
                                   总页数：47
                                   分类：短篇,同人
                                   章节数：1
                                   最后更新时间：2019-01-10T12:38:14.022Z
                                   =================================================
2026-07-28 00:12:36 - mkk_pika - database.py:101 - INFO - 保存成功：(C91) 萩風特製健康デザートはいかがですか  (艦隊これくしょん -艦これ-)
2026-07-28 00:12:36 - mkk_pika - main.py:35 - INFO - 开始检查淫れ堕ちし母是否存在未下载章节
2026-07-28 00:12:36 - mkk_pika - main.py:45 - INFO - 正在下载:[淫れ堕ちし母]-[しあし屋]-[['全彩', '短篇', '非人類', '人妻']]-[total_pages:24]
2026-07-28 00:12:36 - mkk_pika - main.py:49 - INFO - [{'_id': '5c373d651edbd91f425775c2', 'title': '第1集', 'order': 1, 'updated_at': '2019-01-09T15:32:31.360Z', 'id': '5c373d651edbd91f425775c2'}]
2026-07-28 00:12:36 - mkk_pika - database.py:215 - INFO - 第一次下载该漫画，记录数据库中
2026-07-28 00:12:37 - mkk_pika - main.py:83 - INFO - 找到 24 张图片在:第1集
2026-07-28 00:12:37 - mkk_pika - main.py:112 - INFO - [episode:第1集       ] downloaded:    24, total:  24, progress:100%
2026-07-28 00:12:37 - mkk_pika - database.py:238 - INFO - 数据库更新已下载章节
2026-07-28 00:12:37 - mkk_pika - database.py:244 - INFO - 该漫画已下载章节如下
2026-07-28 00:12:37 - mkk_pika - database.py:245 - INFO - ['第1集']
2026-07-28 00:12:39 - mkk_pika - main.py:348 - INFO - ==================== 漫画信息 ====================
                                   漫画ID：5c373d651edbd91f425775c1
                                   标题：淫れ堕ちし母
                                   作者：しあし屋
                                   是否完结：是
                                   总页数：24
                                   分类：全彩,短篇,非人類,人妻
                                   章节数：1
                                   最后更新时间：2019-01-10T12:41:09.924Z
                                   =================================================
2026-07-28 00:12:39 - mkk_pika - database.py:101 - INFO - 保存成功：淫れ堕ちし母
2026-07-28 00:12:39 - mkk_pika - main.py:35 - INFO - 开始检查もっと! SAOff WINTER (ソードアート・オンライン)是否存在未下载章节
2026-07-28 00:12:39 - mkk_pika - main.py:45 - INFO - 正在下载:[もっと! SAOff WINTER (ソードアート・オンライン)]-[Primal Gym (カワセセイキ)]-[['同人', '短篇', '純愛', '妹妹系', 'SAO 刀劍神域']]-[total_pages:27]
2026-07-28 00:12:39 - mkk_pika - main.py:49 - INFO - [{'_id': '5c373d7f2f57191f3a33b3f9', 'title': '第1集', 'order': 1, 'updated_at': '2019-01-09T15:43:44.225Z', 'id': '5c373d7f2f57191f3a33b3f9'}]
2026-07-28 00:12:39 - mkk_pika - database.py:215 - INFO - 第一次下载该漫画，记录数据库中
2026-07-28 00:12:39 - mkk_pika - main.py:83 - INFO - 找到 27 张图片在:第1集
2026-07-28 00:12:40 - mkk_pika - main.py:112 - INFO - [episode:第1集       ] downloaded:    27, total:  27, progress:100%
2026-07-28 00:12:40 - mkk_pika - database.py:238 - INFO - 数据库更新已下载章节
2026-07-28 00:12:40 - mkk_pika - database.py:244 - INFO - 该漫画已下载章节如下
2026-07-28 00:12:40 - mkk_pika - database.py:245 - INFO - ['第1集']
2026-07-28 00:12:41 - mkk_pika - main.py:348 - INFO - ==================== 漫画信息 ====================
                                   漫画ID：5c373d7f2f57191f3a33b3f8
                                   标题：もっと! SAOff WINTER (ソードアート・オンライン)
                                   作者：Primal Gym (カワセセイキ)
                                   是否完结：是
                                   总页数：27
                                   分类：同人,短篇,純愛,妹妹系,SAO 刀劍神域
                                   章节数：1
                                   最后更新时间：2019-01-10T12:41:35.192Z
                                   =================================================
2026-07-28 00:12:41 - mkk_pika - database.py:101 - INFO - 保存成功：もっと! SAOff WINTER (ソードアート・オンライン)
2026-07-28 00:12:41 - mkk_pika - main.py:35 - INFO - 开始检查蜜月 (ぬらりひょんの孫 滑头鬼之孙)是否存在未下载章节
2026-07-28 00:12:42 - mkk_pika - main.py:45 - INFO - 正在下载:[蜜月 (ぬらりひょんの孫 滑头鬼之孙)]-[Tomo]-[['同人', '短篇', '純愛']]-[total_pages:45]
2026-07-28 00:12:42 - mkk_pika - main.py:49 - INFO - [{'_id': '5c373e1d2f57191f3a33b418', 'title': '第1集', 'order': 1, 'updated_at': '2019-01-09T16:00:59.644Z', 'id': '5c373e1d2f57191f3a33b418'}]
2026-07-28 00:12:42 - mkk_pika - database.py:215 - INFO - 第一次下载该漫画，记录数据库中
2026-07-28 00:12:42 - mkk_pika - main.py:83 - INFO - 找到 45 张图片在:第1集
2026-07-28 00:12:43 - mkk_pika - main.py:112 - INFO - [episode:第1集       ] downloaded:    45, total:  45, progress:100%
2026-07-28 00:12:43 - mkk_pika - database.py:238 - INFO - 数据库更新已下载章节
2026-07-28 00:12:43 - mkk_pika - database.py:244 - INFO - 该漫画已下载章节如下
2026-07-28 00:12:43 - mkk_pika - database.py:245 - INFO - ['第1集']
2026-07-28 00:12:45 - mkk_pika - main.py:348 - INFO - ==================== 漫画信息 ====================
                                   漫画ID：5c373e1d2f57191f3a33b417
                                   标题：蜜月 (ぬらりひょんの孫 滑头鬼之孙)
                                   作者：Tomo
                                   是否完结：是
                                   总页数：45
                                   分类：同人,短篇,純愛
                                   章节数：1
                                   最后更新时间：2019-01-10T12:44:13.376Z
                                   =================================================
2026-07-28 00:12:45 - mkk_pika - database.py:101 - INFO - 保存成功：蜜月 (ぬらりひょんの孫 滑头鬼之孙)
2026-07-28 00:12:45 - mkk_pika - main.py:35 - INFO - 开始检查 (C94) JC移動更衣室（偽）二人目…和菜是否存在未下载章节
2026-07-28 00:12:45 - mkk_pika - main.py:45 - INFO - 正在下载:[ (C94) JC移動更衣室（偽）二人目…和菜]-[ Art Jam (Art Jam)]-[['短篇', '同人']]-[total_pages:36]
2026-07-28 00:12:45 - mkk_pika - main.py:49 - INFO - [{'_id': '5c373e3d2f57191f3a33b447', 'title': '第1集', 'order': 1, 'updated_at': '2019-01-09T14:25:21.258Z', 'id': '5c373e3d2f57191f3a33b447'}]
2026-07-28 00:12:45 - mkk_pika - database.py:215 - INFO - 第一次下载该漫画，记录数据库中
2026-07-28 00:12:46 - mkk_pika - main.py:83 - INFO - 找到 36 张图片在:第1集
2026-07-28 00:12:46 - mkk_pika - main.py:112 - INFO - [episode:第1集       ] downloaded:    36, total:  36, progress:100%
2026-07-28 00:12:46 - mkk_pika - database.py:238 - INFO - 数据库更新已下载章节
2026-07-28 00:12:46 - mkk_pika - database.py:244 - INFO - 该漫画已下载章节如下
2026-07-28 00:12:46 - mkk_pika - database.py:245 - INFO - ['第1集']
2026-07-28 00:12:47 - mkk_pika - main.py:348 - INFO - ==================== 漫画信息 ====================
                                   漫画ID：5c373e3d2f57191f3a33b446
                                   标题： (C94) JC移動更衣室（偽）二人目…和菜
                                   作者： Art Jam (Art Jam)
                                   是否完结：否
                                   总页数：36
                                   分类：短篇,同人
                                   章节数：1
                                   最后更新时间：2019-01-10T12:44:45.837Z
                                   =================================================
2026-07-28 00:12:47 - mkk_pika - database.py:101 - INFO - 保存成功： (C94) JC移動更衣室（偽）二人目…和菜
2026-07-28 00:12:47 - mkk_pika - main.py:35 - INFO - 开始检查(サンクリ2018 Autumn)  妹は足し算ができない是否存在未下载章节
2026-07-28 00:12:48 - mkk_pika - main.py:45 - INFO - 正在下载:[(サンクリ2018 Autumn)  妹は足し算ができない]-[squeezecandyheaven (いちはや)]-[['短篇', '同人']]-[total_pages:31]
2026-07-28 00:12:48 - mkk_pika - main.py:49 - INFO - [{'_id': '5c373e5a2f57191f3a33b46d', 'title': '第1集', 'order': 1, 'updated_at': '2019-01-09T16:11:52.929Z', 'id': '5c373e5a2f57191f3a33b46d'}]
2026-07-28 00:12:48 - mkk_pika - database.py:215 - INFO - 第一次下载该漫画，记录数据库中
2026-07-28 00:12:48 - mkk_pika - main.py:83 - INFO - 找到 31 张图片在:第1集
2026-07-28 00:12:49 - mkk_pika - main.py:112 - INFO - [episode:第1集       ] downloaded:    31, total:  31, progress:100%
2026-07-28 00:12:49 - mkk_pika - database.py:238 - INFO - 数据库更新已下载章节
2026-07-28 00:12:49 - mkk_pika - database.py:244 - INFO - 该漫画已下载章节如下
2026-07-28 00:12:49 - mkk_pika - database.py:245 - INFO - ['第1集']
2026-07-28 00:12:50 - mkk_pika - main.py:348 - INFO - ==================== 漫画信息 ====================
                                   漫画ID：5c373e5a2f57191f3a33b46c
                                   标题：(サンクリ2018 Autumn)  妹は足し算ができない
                                   作者：squeezecandyheaven (いちはや)
                                   是否完结：否
                                   总页数：31
                                   分类：短篇,同人
                                   章节数：1
                                   最后更新时间：2019-01-10T12:45:14.210Z
                                   =================================================
2026-07-28 00:12:50 - mkk_pika - database.py:101 - INFO - 保存成功：(サンクリ2018 Autumn)  妹は足し算ができない
2026-07-28 00:12:50 - mkk_pika - main.py:35 - INFO - 开始检查秩序とらぶる (グランブルーファンタジー)是否存在未下载章节
2026-07-28 00:12:50 - mkk_pika - main.py:45 - INFO - 正在下载:[秩序とらぶる (グランブルーファンタジー)]-[いっきづか (きづかかずき)]-[['同人', '短篇', '碧藍幻想']]-[total_pages:26]
2026-07-28 00:12:50 - mkk_pika - main.py:49 - INFO - [{'_id': '5c373ebd49be9f13b64c8afb', 'title': '第1集', 'order': 1, 'updated_at': '2019-01-09T17:42:02.464Z', 'id': '5c373ebd49be9f13b64c8afb'}]
2026-07-28 00:12:50 - mkk_pika - database.py:215 - INFO - 第一次下载该漫画，记录数据库中
2026-07-28 00:12:51 - mkk_pika - main.py:83 - INFO - 找到 26 张图片在:第1集
2026-07-28 00:12:52 - mkk_pika - main.py:112 - INFO - [episode:第1集       ] downloaded:    26, total:  26, progress:100%
2026-07-28 00:12:52 - mkk_pika - database.py:238 - INFO - 数据库更新已下载章节
2026-07-28 00:12:52 - mkk_pika - database.py:244 - INFO - 该漫画已下载章节如下
2026-07-28 00:12:52 - mkk_pika - database.py:245 - INFO - ['第1集']
2026-07-28 00:12:53 - mkk_pika - main.py:348 - INFO - ==================== 漫画信息 ====================
                                   漫画ID：5c373ebd49be9f13b64c8afa
                                   标题：秩序とらぶる (グランブルーファンタジー)
                                   作者：いっきづか (きづかかずき)
                                   是否完结：是
                                   总页数：26
                                   分类：同人,短篇,碧藍幻想
                                   章节数：1
                                   最后更新时间：2019-01-10T12:46:53.849Z
                                   =================================================
2026-07-28 00:12:53 - mkk_pika - database.py:101 - INFO - 保存成功：秩序とらぶる (グランブルーファンタジー)
2026-07-28 00:12:53 - mkk_pika - main.py:35 - INFO - 开始检查ふたご姉 + C95のおまけ本 ふたご姉番外編是否存在未下载章节
2026-07-28 00:12:53 - mkk_pika - main.py:45 - INFO - 正在下载:[ふたご姉 + C95のおまけ本 ふたご姉番外編]-[Lv.X+ (柚木N')]-[['長篇', '姐姐系', '純愛', '後宮閃光']]-[total_pages:88]
2026-07-28 00:12:53 - mkk_pika - main.py:49 - INFO - [{'_id': '5c373f811edbd91f425775e3', 'title': '第1集', 'order': 1, 'updated_at': '2019-01-09T17:50:14.152Z', 'id': '5c373f811edbd91f425775e3'}]
2026-07-28 00:12:53 - mkk_pika - database.py:215 - INFO - 第一次下载该漫画，记录数据库中
2026-07-28 00:12:54 - mkk_pika - main.py:83 - INFO - 找到 88 张图片在:第1集
2026-07-28 00:12:56 - mkk_pika - main.py:112 - INFO - [episode:第1集       ] downloaded:    88, total:  88, progress:100%
2026-07-28 00:12:56 - mkk_pika - database.py:238 - INFO - 数据库更新已下载章节
2026-07-28 00:12:56 - mkk_pika - database.py:244 - INFO - 该漫画已下载章节如下
2026-07-28 00:12:56 - mkk_pika - database.py:245 - INFO - ['第1集']
2026-07-28 00:12:57 - mkk_pika - main.py:348 - INFO - ==================== 漫画信息 ====================
                                   漫画ID：5c373f811edbd91f425775e2
                                   标题：ふたご姉 + C95のおまけ本 ふたご姉番外編
                                   作者：Lv.X+ (柚木N')
                                   是否完结：是
                                   总页数：88
                                   分类：長篇,姐姐系,純愛,後宮閃光
                                   章节数：1
                                   最后更新时间：2019-01-10T12:50:09.743Z
                                   =================================================
2026-07-28 00:12:57 - mkk_pika - database.py:101 - INFO - 保存成功：ふたご姉 + C95のおまけ本 ふたご姉番外編
2026-07-28 00:12:57 - mkk_pika - main.py:35 - INFO - 开始检查(C95) 水着フォーリナーとルルハワでSANちぇっく! 是否存在未下载章节
2026-07-28 00:12:57 - mkk_pika - main.py:45 - INFO - 正在下载:[(C95) 水着フォーリナーとルルハワでSANちぇっく! ]-[めだま渓谷 (めぶら)]-[['短篇', '同人', 'Fate']]-[total_pages:27]
2026-07-28 00:12:57 - mkk_pika - main.py:49 - INFO - [{'_id': '5c3740b90f8255137646cc6d', 'title': '第1集', 'order': 1, 'updated_at': '2019-01-09T17:59:49.199Z', 'id': '5c3740b90f8255137646cc6d'}]
2026-07-28 00:12:57 - mkk_pika - database.py:215 - INFO - 第一次下载该漫画，记录数据库中
2026-07-28 00:12:58 - mkk_pika - main.py:83 - INFO - 找到 27 张图片在:第1集
2026-07-28 00:12:59 - mkk_pika - main.py:112 - INFO - [episode:第1集       ] downloaded:    27, total:  27, progress:100%
2026-07-28 00:12:59 - mkk_pika - database.py:238 - INFO - 数据库更新已下载章节
2026-07-28 00:12:59 - mkk_pika - database.py:244 - INFO - 该漫画已下载章节如下
2026-07-28 00:12:59 - mkk_pika - database.py:245 - INFO - ['第1集']
2026-07-28 00:13:00 - mkk_pika - main.py:348 - INFO - ==================== 漫画信息 ====================
                                   漫画ID：5c3740b90f8255137646cc6c
                                   标题：(C95) 水着フォーリナーとルルハワでSANちぇっく! 
                                   作者：めだま渓谷 (めぶら)
                                   是否完结：是
                                   总页数：27
                                   分类：短篇,同人,Fate
                                   章节数：1
                                   最后更新时间：2019-01-10T12:55:21.764Z
                                   =================================================
2026-07-28 00:13:00 - mkk_pika - database.py:101 - INFO - 保存成功：(C95) 水着フォーリナーとルルハワでSANちぇっく! 
2026-07-28 00:13:00 - mkk_pika - main.py:380 - INFO - 本次任务下载完毕
2026-07-28 00:13:00 - mkk_pika - database.py:173 - INFO - 数据库连接已关闭
