2026-08-23 23:30:34 - mkk_pika - main.py:193 - INFO - =======================================================================
2026-08-23 23:30:34 - mkk_pika - database.py:61 - INFO - 表和索引初始化成功
2026-08-23 23:30:34 - mkk_pika - main.py:197 - INFO - 已经累计下载19288本漫画
2026-08-23 23:30:34 - mkk_pika - api.py:87 - INFO - 登录成功
2026-08-23 23:30:35 - mkk_pika - main.py:203 - INFO - 收藏夹共计0本漫画
2026-08-23 23:30:35 - mkk_pika - main.py:206 - INFO - 开始下载收藏夹内未下载内容
2026-08-23 23:30:35 - mkk_pika - main.py:266 - INFO - 收藏夹内容下载完毕
2026-08-23 23:30:35 - mkk_pika - main.py:268 - INFO - 开始下载订阅内容
2026-08-23 23:30:35 - mkk_pika - database.py:258 - INFO - 根据ID查询到标题：萝莉 -> Little Giant! ─〇リ巨乳・低身長巨乳合同 | Little Giant! ─萝莉巨乳・低身高巨乳合同
2026-08-23 23:30:35 - mkk_pika - database.py:101 - INFO - 保存成功：Little Giant! ─〇リ巨乳・低身長巨乳合同 | Little Giant! ─萝莉巨乳・低身高巨乳合同
2026-08-23 23:30:35 - mkk_pika - main.py:273 - INFO - 关键词萝莉找到1本漫画
2026-08-23 23:30:35 - mkk_pika - database.py:258 - INFO - 根据ID查询到标题：蘿莉 -> [Pixiv] Nyako (87118066) part.8（AI）
2026-08-23 23:30:36 - mkk_pika - database.py:101 - INFO - 保存成功：[Pixiv] Nyako (87118066) part.8（AI）
2026-08-23 23:30:36 - mkk_pika - main.py:273 - INFO - 关键词蘿莉找到1本漫画
2026-08-23 23:30:36 - mkk_pika - main.py:275 - INFO - 订阅内容共计2本漫画
2026-08-23 23:30:36 - mkk_pika - main.py:35 - INFO - 开始检查椿ちゃんとコスプレHする本 | 和椿酱的换装色色本是否存在未下载章节
2026-08-23 23:30:36 - mkk_pika - database.py:203 - INFO - 查询数据库中是否已存在第1話
2026-08-23 23:30:36 - mkk_pika - main.py:51 - INFO - 椿ちゃんとコスプレHする本 | 和椿酱的换装色色本中没有可下载章节
2026-08-23 23:30:36 - mkk_pika - main.py:292 - INFO - ==================== 漫画信息 ====================
                                漫画ID：6a89bc992729844985b1b04c
                                标题：椿ちゃんとコスプレHする本 | 和椿酱的换装色色本
                                作者：吉沢生活 (狐ノ沢)
                                是否完结：是
                                总页数：21
                                分类：短篇,全彩
                                章节数：1
                                最后更新时间：2026-08-22T15:13:29.615Z
                                =================================================
2026-08-23 23:30:36 - mkk_pika - database.py:101 - INFO - 保存成功：椿ちゃんとコスプレHする本 | 和椿酱的换装色色本
2026-08-23 23:30:36 - mkk_pika - main.py:35 - INFO - 开始检查パコほーだい是否存在未下载章节
2026-08-23 23:30:37 - mkk_pika - main.py:45 - INFO - 正在下载:[パコほーだい]-[ぽてころ]-[['長篇', '單行本']]-[total_pages:-1]
2026-08-23 23:30:37 - mkk_pika - main.py:49 - INFO - [{'_id': '6a8b15f51f898e3df0e4a71b', 'title': '第1話', 'order': 1, 'updated_at': '2026-08-23T12:58:13.255Z', 'id': '6a8b15f51f898e3df0e4a71b'}]
2026-08-23 23:30:37 - mkk_pika - database.py:215 - INFO - 第一次下载该漫画，记录数据库中
2026-08-23 23:30:39 - mkk_pika - main.py:83 - INFO - 找到 200 张图片在:第1話
2026-08-23 23:30:56 - mkk_pika - main.py:112 - INFO - [episode:第1話       ] downloaded:   200, total: 200, progress:100%
2026-08-23 23:30:56 - mkk_pika - database.py:238 - INFO - 数据库更新已下载章节
2026-08-23 23:30:56 - mkk_pika - database.py:244 - INFO - 该漫画已下载章节如下
2026-08-23 23:30:56 - mkk_pika - database.py:245 - INFO - ['第1話']
2026-08-23 23:30:58 - mkk_pika - main.py:292 - INFO - ==================== 漫画信息 ====================
                                漫画ID：6a8b15f51f898e3df0e4a71a
                                标题：パコほーだい
                                作者：ぽてころ
                                是否完结：否
                                总页数：200
                                分类：長篇,單行本
                                章节数：1
                                最后更新时间：2026-08-23T15:47:01.358Z
                                =================================================
2026-08-23 23:30:58 - mkk_pika - database.py:101 - INFO - 保存成功：パコほーだい
2026-08-23 23:30:58 - mkk_pika - main.py:323 - INFO - 订阅内容内容下载完毕
2026-08-23 23:30:58 - mkk_pika - main.py:324 - INFO - 开始分批下载全部章节
2026-08-23 23:30:58 - mkk_pika - database.py:280 - INFO - 表和索引初始化成功
2026-08-23 23:30:58 - mkk_pika - main.py:177 - INFO - 已经下载了1463页，一共7096页，现在开始添加第1464页
2026-08-23 23:30:59 - mkk_pika - database.py:318 - INFO - 保存成功
2026-08-23 23:30:59 - mkk_pika - main.py:177 - INFO - 已经下载了1464页，一共7096页，现在开始添加第1465页
2026-08-23 23:30:59 - mkk_pika - database.py:318 - INFO - 保存成功
2026-08-23 23:30:59 - mkk_pika - main.py:177 - INFO - 已经下载了1465页，一共7096页，现在开始添加第1466页
2026-08-23 23:31:00 - mkk_pika - database.py:318 - INFO - 保存成功
2026-08-23 23:31:00 - mkk_pika - main.py:177 - INFO - 已经下载了1466页，一共7096页，现在开始添加第1467页
2026-08-23 23:31:01 - mkk_pika - database.py:318 - INFO - 保存成功
2026-08-23 23:31:01 - mkk_pika - main.py:177 - INFO - 已经下载了1467页，一共7096页，现在开始添加第1468页
2026-08-23 23:31:01 - mkk_pika - database.py:318 - INFO - 保存成功
2026-08-23 23:31:01 - mkk_pika - main.py:331 - INFO - 分批下载共计48本漫画
2026-08-23 23:31:01 - mkk_pika - main.py:35 - INFO - 开始检查エグゼイド対キュアぱず ネバーエンディング 是否存在未下载章节
2026-08-23 23:31:02 - mkk_pika - main.py:45 - INFO - 正在下载:[エグゼイド対キュアぱず ネバーエンディング ]-[『真・南海大決戦』 (TJ-type1)]-[['同人', '短篇']]-[total_pages:31]
2026-08-23 23:31:02 - mkk_pika - main.py:49 - INFO - [{'_id': '5c6edf640487607d1a959295', 'title': '第1集', 'order': 1, 'updated_at': '2019-02-21T12:50:44.897Z', 'id': '5c6edf640487607d1a959295'}]
2026-08-23 23:31:02 - mkk_pika - database.py:215 - INFO - 第一次下载该漫画，记录数据库中
2026-08-23 23:31:02 - mkk_pika - main.py:83 - INFO - 找到 31 张图片在:第1集
2026-08-23 23:31:04 - mkk_pika - main.py:112 - INFO - [episode:第1集       ] downloaded:    31, total:  31, progress:100%
2026-08-23 23:31:04 - mkk_pika - database.py:238 - INFO - 数据库更新已下载章节
2026-08-23 23:31:04 - mkk_pika - database.py:244 - INFO - 该漫画已下载章节如下
2026-08-23 23:31:04 - mkk_pika - database.py:245 - INFO - ['第1集']
2026-08-23 23:31:05 - mkk_pika - main.py:348 - INFO - ==================== 漫画信息 ====================
                                   漫画ID：5c6edf640487607d1a959294
                                   标题：エグゼイド対キュアぱず ネバーエンディング 
                                   作者：『真・南海大決戦』 (TJ-type1)
                                   是否完结：否
                                   总页数：31
                                   分类：同人,短篇
                                   章节数：1
                                   最后更新时间：2019-02-21T17:27:00.098Z
                                   =================================================
2026-08-23 23:31:05 - mkk_pika - database.py:101 - INFO - 保存成功：エグゼイド対キュアぱず ネバーエンディング 
2026-08-23 23:31:05 - mkk_pika - main.py:35 - INFO - 开始检查おひるねをどうぞ (COMIC LO 2016年9月号) 是否存在未下载章节
2026-08-23 23:31:05 - mkk_pika - main.py:45 - INFO - 正在下载:[おひるねをどうぞ (COMIC LO 2016年9月号) ]-[雪雨こん]-[['短篇', '妹妹系']]-[total_pages:33]
2026-08-23 23:31:05 - mkk_pika - main.py:49 - INFO - [{'_id': '5c6ee088c520b864c0170fe1', 'title': '第1集', 'order': 1, 'updated_at': '2019-02-21T13:52:11.318Z', 'id': '5c6ee088c520b864c0170fe1'}]
2026-08-23 23:31:05 - mkk_pika - database.py:215 - INFO - 第一次下载该漫画，记录数据库中
2026-08-23 23:31:06 - mkk_pika - main.py:83 - INFO - 找到 33 张图片在:第1集
2026-08-23 23:31:07 - mkk_pika - main.py:112 - INFO - [episode:第1集       ] downloaded:    33, total:  33, progress:100%
2026-08-23 23:31:07 - mkk_pika - database.py:238 - INFO - 数据库更新已下载章节
2026-08-23 23:31:07 - mkk_pika - database.py:244 - INFO - 该漫画已下载章节如下
2026-08-23 23:31:07 - mkk_pika - database.py:245 - INFO - ['第1集']
2026-08-23 23:31:08 - mkk_pika - main.py:348 - INFO - ==================== 漫画信息 ====================
                                   漫画ID：5c6ee088c520b864c0170fe0
                                   标题：おひるねをどうぞ (COMIC LO 2016年9月号) 
                                   作者：雪雨こん
                                   是否完结：是
                                   总页数：33
                                   分类：短篇,妹妹系
                                   章节数：1
                                   最后更新时间：2019-02-21T17:31:52.885Z
                                   =================================================
2026-08-23 23:31:08 - mkk_pika - database.py:101 - INFO - 保存成功：おひるねをどうぞ (COMIC LO 2016年9月号) 
2026-08-23 23:31:08 - mkk_pika - main.py:35 - INFO - 开始检查チアックス! (東方Project) 是否存在未下载章节
2026-08-23 23:31:09 - mkk_pika - main.py:45 - INFO - 正在下载:[チアックス! (東方Project) ]-[雪雨こん、藤崎ひかり]-[['全彩', '東方', '短篇']]-[total_pages:20]
2026-08-23 23:31:09 - mkk_pika - main.py:49 - INFO - [{'_id': '5c6ee0ed6ef6c264cca95cbf', 'title': '第1集', 'order': 1, 'updated_at': '2019-02-21T14:02:05.665Z', 'id': '5c6ee0ed6ef6c264cca95cbf'}]
2026-08-23 23:31:09 - mkk_pika - database.py:215 - INFO - 第一次下载该漫画，记录数据库中
2026-08-23 23:31:10 - mkk_pika - main.py:83 - INFO - 找到 20 张图片在:第1集
2026-08-23 23:31:10 - mkk_pika - main.py:112 - INFO - [episode:第1集       ] downloaded:    20, total:  20, progress:100%
2026-08-23 23:31:10 - mkk_pika - database.py:238 - INFO - 数据库更新已下载章节
2026-08-23 23:31:10 - mkk_pika - database.py:244 - INFO - 该漫画已下载章节如下
2026-08-23 23:31:10 - mkk_pika - database.py:245 - INFO - ['第1集']
2026-08-23 23:31:12 - mkk_pika - main.py:348 - INFO - ==================== 漫画信息 ====================
                                   漫画ID：5c6ee0ed6ef6c264cca95cbe
                                   标题：チアックス! (東方Project) 
                                   作者：雪雨こん、藤崎ひかり
                                   是否完结：是
                                   总页数：20
                                   分类：全彩,東方,短篇
                                   章节数：1
                                   最后更新时间：2019-02-21T17:33:33.595Z
                                   =================================================
2026-08-23 23:31:12 - mkk_pika - database.py:101 - INFO - 保存成功：チアックス! (東方Project) 
2026-08-23 23:31:12 - mkk_pika - main.py:35 - INFO - 开始检查年上だけどなんかかわいい 是否存在未下载章节
2026-08-23 23:31:12 - mkk_pika - main.py:45 - INFO - 正在下载:[年上だけどなんかかわいい ]-[毛玉牛乳 (玉之けだま)]-[['短篇', '純愛']]-[total_pages:17]
2026-08-23 23:31:12 - mkk_pika - main.py:49 - INFO - [{'_id': '5c6ee10bc520b864c0171005', 'title': '第1集', 'order': 1, 'updated_at': '2019-02-21T13:30:07.223Z', 'id': '5c6ee10bc520b864c0171005'}]
2026-08-23 23:31:12 - mkk_pika - database.py:215 - INFO - 第一次下载该漫画，记录数据库中
2026-08-23 23:31:13 - mkk_pika - main.py:83 - INFO - 找到 17 张图片在:第1集
2026-08-23 23:31:13 - mkk_pika - main.py:112 - INFO - [episode:第1集       ] downloaded:    17, total:  17, progress:100%
2026-08-23 23:31:13 - mkk_pika - database.py:238 - INFO - 数据库更新已下载章节
2026-08-23 23:31:13 - mkk_pika - database.py:244 - INFO - 该漫画已下载章节如下
2026-08-23 23:31:13 - mkk_pika - database.py:245 - INFO - ['第1集']
2026-08-23 23:31:15 - mkk_pika - main.py:348 - INFO - ==================== 漫画信息 ====================
                                   漫画ID：5c6ee10bc520b864c0171004
                                   标题：年上だけどなんかかわいい 
                                   作者：毛玉牛乳 (玉之けだま)
                                   是否完结：是
                                   总页数：17
                                   分类：短篇,純愛
                                   章节数：1
                                   最后更新时间：2019-02-21T17:34:03.601Z
                                   =================================================
2026-08-23 23:31:15 - mkk_pika - database.py:101 - INFO - 保存成功：年上だけどなんかかわいい 
2026-08-23 23:31:15 - mkk_pika - main.py:35 - INFO - 开始检查こうそくいはん（无修正）是否存在未下载章节
2026-08-23 23:31:15 - mkk_pika - main.py:45 - INFO - 正在下载:[こうそくいはん（无修正）]-[毛玉牛乳 (玉之けだま)]-[['短篇']]-[total_pages:19]
2026-08-23 23:31:15 - mkk_pika - main.py:49 - INFO - [{'_id': '5c6ee127c520b864c017101a', 'title': '第1集', 'order': 1, 'updated_at': '2019-02-21T13:42:55.994Z', 'id': '5c6ee127c520b864c017101a'}]
2026-08-23 23:31:15 - mkk_pika - database.py:215 - INFO - 第一次下载该漫画，记录数据库中
2026-08-23 23:31:16 - mkk_pika - main.py:83 - INFO - 找到 19 张图片在:第1集
2026-08-23 23:31:17 - mkk_pika - main.py:112 - INFO - [episode:第1集       ] downloaded:    19, total:  19, progress:100%
2026-08-23 23:31:17 - mkk_pika - database.py:238 - INFO - 数据库更新已下载章节
2026-08-23 23:31:17 - mkk_pika - database.py:244 - INFO - 该漫画已下载章节如下
2026-08-23 23:31:17 - mkk_pika - database.py:245 - INFO - ['第1集']
2026-08-23 23:31:18 - mkk_pika - main.py:348 - INFO - ==================== 漫画信息 ====================
                                   漫画ID：5c6ee127c520b864c0171019
                                   标题：こうそくいはん（无修正）
                                   作者：毛玉牛乳 (玉之けだま)
                                   是否完结：是
                                   总页数：19
                                   分类：短篇
                                   章节数：1
                                   最后更新时间：2019-02-21T17:34:31.729Z
                                   =================================================
2026-08-23 23:31:18 - mkk_pika - database.py:101 - INFO - 保存成功：こうそくいはん（无修正）
2026-08-23 23:31:18 - mkk_pika - main.py:35 - INFO - 开始检查僕はロッテ様のおもちゃですが何か? (ロッテのおもちゃ!) [無修正] 是否存在未下载章节
2026-08-23 23:31:18 - mkk_pika - main.py:45 - INFO - 正在下载:[僕はロッテ様のおもちゃですが何か? (ロッテのおもちゃ!) [無修正] ]-[PNOグループ (はせ☆裕)]-[['短篇', '同人', '純愛', '非人類']]-[total_pages:33]
2026-08-23 23:31:18 - mkk_pika - main.py:49 - INFO - [{'_id': '5c6ee16bfe11a871a62f8cfe', 'title': '第1集', 'order': 1, 'updated_at': '2019-02-21T13:59:53.052Z', 'id': '5c6ee16bfe11a871a62f8cfe'}]
2026-08-23 23:31:18 - mkk_pika - database.py:215 - INFO - 第一次下载该漫画，记录数据库中
2026-08-23 23:31:19 - mkk_pika - main.py:83 - INFO - 找到 33 张图片在:第1集
2026-08-23 23:31:20 - mkk_pika - main.py:112 - INFO - [episode:第1集       ] downloaded:    33, total:  33, progress:100%
2026-08-23 23:31:20 - mkk_pika - database.py:238 - INFO - 数据库更新已下载章节
2026-08-23 23:31:20 - mkk_pika - database.py:244 - INFO - 该漫画已下载章节如下
2026-08-23 23:31:20 - mkk_pika - database.py:245 - INFO - ['第1集']
2026-08-23 23:31:21 - mkk_pika - main.py:348 - INFO - ==================== 漫画信息 ====================
                                   漫画ID：5c6ee16bfe11a871a62f8cfd
                                   标题：僕はロッテ様のおもちゃですが何か? (ロッテのおもちゃ!) [無修正] 
                                   作者：PNOグループ (はせ☆裕)
                                   是否完结：是
                                   总页数：33
                                   分类：短篇,同人,純愛,非人類
                                   章节数：1
                                   最后更新时间：2019-02-21T17:35:39.414Z
                                   =================================================
2026-08-23 23:31:21 - mkk_pika - database.py:101 - INFO - 保存成功：僕はロッテ様のおもちゃですが何か? (ロッテのおもちゃ!) [無修正] 
2026-08-23 23:31:21 - mkk_pika - main.py:35 - INFO - 开始检查over QMR 39 (艦隊これくしょん-艦これ-)是否存在未下载章节
2026-08-23 23:31:22 - mkk_pika - main.py:45 - INFO - 正在下载:[over QMR 39 (艦隊これくしょん-艦これ-)]-[SEQMED (ユメのオワリ)]-[['短篇', '同人', '艦隊收藏', '全彩']]-[total_pages:18]
2026-08-23 23:31:22 - mkk_pika - main.py:49 - INFO - [{'_id': '5c6ee17448b743648cc628ea', 'title': '第1集', 'order': 1, 'updated_at': '2019-02-21T14:07:46.594Z', 'id': '5c6ee17448b743648cc628ea'}]
2026-08-23 23:31:22 - mkk_pika - database.py:215 - INFO - 第一次下载该漫画，记录数据库中
2026-08-23 23:31:22 - mkk_pika - main.py:83 - INFO - 找到 18 张图片在:第1集
2026-08-23 23:31:23 - mkk_pika - main.py:112 - INFO - [episode:第1集       ] downloaded:    18, total:  18, progress:100%
2026-08-23 23:31:23 - mkk_pika - database.py:238 - INFO - 数据库更新已下载章节
2026-08-23 23:31:23 - mkk_pika - database.py:244 - INFO - 该漫画已下载章节如下
2026-08-23 23:31:23 - mkk_pika - database.py:245 - INFO - ['第1集']
2026-08-23 23:31:25 - mkk_pika - main.py:348 - INFO - ==================== 漫画信息 ====================
                                   漫画ID：5c6ee17448b743648cc628e9
                                   标题：over QMR 39 (艦隊これくしょん-艦これ-)
                                   作者：SEQMED (ユメのオワリ)
                                   是否完结：是
                                   总页数：18
                                   分类：短篇,同人,艦隊收藏,全彩
                                   章节数：1
                                   最后更新时间：2019-02-21T17:35:48.621Z
                                   =================================================
2026-08-23 23:31:25 - mkk_pika - database.py:101 - INFO - 保存成功：over QMR 39 (艦隊これくしょん-艦これ-)
2026-08-23 23:31:25 - mkk_pika - main.py:35 - INFO - 开始检查(C94)  ティリオット女学園便所オナホ部是否存在未下载章节
2026-08-23 23:31:25 - mkk_pika - main.py:45 - INFO - 正在下载:[(C94)  ティリオット女学園便所オナホ部]-[飯食って寝る。 (あたげ)]-[['短篇', '同人']]-[total_pages:40]
2026-08-23 23:31:25 - mkk_pika - main.py:49 - INFO - [{'_id': '5c6ee1b5ea9d9e716eb3b46a', 'title': '第1集', 'order': 1, 'updated_at': '2019-02-21T13:49:05.479Z', 'id': '5c6ee1b5ea9d9e716eb3b46a'}]
2026-08-23 23:31:25 - mkk_pika - database.py:215 - INFO - 第一次下载该漫画，记录数据库中
2026-08-23 23:31:26 - mkk_pika - main.py:83 - INFO - 找到 40 张图片在:第1集
2026-08-23 23:31:27 - mkk_pika - main.py:112 - INFO - [episode:第1集       ] downloaded:    40, total:  40, progress:100%
2026-08-23 23:31:27 - mkk_pika - database.py:238 - INFO - 数据库更新已下载章节
2026-08-23 23:31:27 - mkk_pika - database.py:244 - INFO - 该漫画已下载章节如下
2026-08-23 23:31:27 - mkk_pika - database.py:245 - INFO - ['第1集']
2026-08-23 23:31:29 - mkk_pika - main.py:348 - INFO - ==================== 漫画信息 ====================
                                   漫画ID：5c6ee1b5ea9d9e716eb3b469
                                   标题：(C94)  ティリオット女学園便所オナホ部
                                   作者：飯食って寝る。 (あたげ)
                                   是否完结：否
                                   总页数：40
                                   分类：短篇,同人
                                   章节数：1
                                   最后更新时间：2019-02-21T17:36:53.664Z
                                   =================================================
2026-08-23 23:31:29 - mkk_pika - database.py:101 - INFO - 保存成功：(C94)  ティリオット女学園便所オナホ部
2026-08-23 23:31:29 - mkk_pika - main.py:35 - INFO - 开始检查MadoMagi (魔法少女まどか☆マギカ)是否存在未下载章节
2026-08-23 23:31:29 - mkk_pika - main.py:45 - INFO - 正在下载:[MadoMagi (魔法少女まどか☆マギカ)]-[黒澤pict (黒澤清崇)]-[['短篇', '同人', '圓神領域', '非人類', '強暴']]-[total_pages:27]
2026-08-23 23:31:29 - mkk_pika - main.py:49 - INFO - [{'_id': '5c6ee1d4179363719e970e8b', 'title': '第1集', 'order': 1, 'updated_at': '2019-02-21T07:07:42.891Z', 'id': '5c6ee1d4179363719e970e8b'}]
2026-08-23 23:31:29 - mkk_pika - database.py:215 - INFO - 第一次下载该漫画，记录数据库中
2026-08-23 23:31:30 - mkk_pika - main.py:83 - INFO - 找到 27 张图片在:第1集
2026-08-23 23:31:31 - mkk_pika - main.py:112 - INFO - [episode:第1集       ] downloaded:    27, total:  27, progress:100%
2026-08-23 23:31:31 - mkk_pika - database.py:238 - INFO - 数据库更新已下载章节
2026-08-23 23:31:31 - mkk_pika - database.py:244 - INFO - 该漫画已下载章节如下
2026-08-23 23:31:31 - mkk_pika - database.py:245 - INFO - ['第1集']
2026-08-23 23:31:32 - mkk_pika - main.py:348 - INFO - ==================== 漫画信息 ====================
                                   漫画ID：5c6ee1d4179363719e970e8a
                                   标题：MadoMagi (魔法少女まどか☆マギカ)
                                   作者：黒澤pict (黒澤清崇)
                                   是否完结：是
                                   总页数：27
                                   分类：短篇,同人,圓神領域,非人類,強暴
                                   章节数：1
                                   最后更新时间：2019-02-21T17:37:24.965Z
                                   =================================================
2026-08-23 23:31:32 - mkk_pika - database.py:101 - INFO - 保存成功：MadoMagi (魔法少女まどか☆マギカ)
2026-08-23 23:31:32 - mkk_pika - main.py:35 - INFO - 开始检查 MamiMagi (魔法少女まどか☆マギカ) 是否存在未下载章节
2026-08-23 23:31:32 - mkk_pika - main.py:45 - INFO - 正在下载:[ MamiMagi (魔法少女まどか☆マギカ) ]-[黒澤pict (黒澤清崇)]-[['短篇', '同人', '圓神領域', '非人類', '強暴']]-[total_pages:28]
2026-08-23 23:31:32 - mkk_pika - main.py:49 - INFO - [{'_id': '5c6ee1e848b743648cc62902', 'title': '第1集', 'order': 1, 'updated_at': '2019-02-21T07:15:26.083Z', 'id': '5c6ee1e848b743648cc62902'}]
2026-08-23 23:31:32 - mkk_pika - database.py:215 - INFO - 第一次下载该漫画，记录数据库中
2026-08-23 23:31:33 - mkk_pika - main.py:83 - INFO - 找到 28 张图片在:第1集
2026-08-23 23:31:34 - mkk_pika - main.py:112 - INFO - [episode:第1集       ] downloaded:    28, total:  28, progress:100%
2026-08-23 23:31:34 - mkk_pika - database.py:238 - INFO - 数据库更新已下载章节
2026-08-23 23:31:34 - mkk_pika - database.py:244 - INFO - 该漫画已下载章节如下
2026-08-23 23:31:34 - mkk_pika - database.py:245 - INFO - ['第1集']
2026-08-23 23:31:36 - mkk_pika - main.py:348 - INFO - ==================== 漫画信息 ====================
                                   漫画ID：5c6ee1e848b743648cc62901
                                   标题： MamiMagi (魔法少女まどか☆マギカ) 
                                   作者：黒澤pict (黒澤清崇)
                                   是否完结：是
                                   总页数：28
                                   分类：短篇,同人,圓神領域,非人類,強暴
                                   章节数：1
                                   最后更新时间：2019-02-21T17:37:44.012Z
                                   =================================================
2026-08-23 23:31:36 - mkk_pika - database.py:101 - INFO - 保存成功： MamiMagi (魔法少女まどか☆マギカ) 
2026-08-23 23:31:36 - mkk_pika - main.py:35 - INFO - 开始检查MamiMagi2 (魔法少女まどか☆マギカ)是否存在未下载章节
2026-08-23 23:31:36 - mkk_pika - main.py:45 - INFO - 正在下载:[MamiMagi2 (魔法少女まどか☆マギカ)]-[黒澤pict (黒澤清崇)]-[['短篇', '同人', '圓神領域', '非人類']]-[total_pages:28]
2026-08-23 23:31:36 - mkk_pika - main.py:49 - INFO - [{'_id': '5c6ee1efa80a5557413d66da', 'title': '第1集', 'order': 1, 'updated_at': '2019-02-21T07:21:36.363Z', 'id': '5c6ee1efa80a5557413d66da'}]
2026-08-23 23:31:36 - mkk_pika - database.py:215 - INFO - 第一次下载该漫画，记录数据库中
2026-08-23 23:31:37 - mkk_pika - main.py:83 - INFO - 找到 28 张图片在:第1集
2026-08-23 23:31:38 - mkk_pika - main.py:112 - INFO - [episode:第1集       ] downloaded:    28, total:  28, progress:100%
2026-08-23 23:31:38 - mkk_pika - database.py:238 - INFO - 数据库更新已下载章节
2026-08-23 23:31:38 - mkk_pika - database.py:244 - INFO - 该漫画已下载章节如下
2026-08-23 23:31:38 - mkk_pika - database.py:245 - INFO - ['第1集']
2026-08-23 23:31:39 - mkk_pika - main.py:348 - INFO - ==================== 漫画信息 ====================
                                   漫画ID：5c6ee1efa80a5557413d66d9
                                   标题：MamiMagi2 (魔法少女まどか☆マギカ)
                                   作者：黒澤pict (黒澤清崇)
                                   是否完结：是
                                   总页数：28
                                   分类：短篇,同人,圓神領域,非人類
                                   章节数：1
                                   最后更新时间：2019-02-21T17:37:51.538Z
                                   =================================================
2026-08-23 23:31:39 - mkk_pika - database.py:101 - INFO - 保存成功：MamiMagi2 (魔法少女まどか☆マギカ)
2026-08-23 23:31:39 - mkk_pika - main.py:35 - INFO - 开始检查 Angel BreathAngel Breath (Angel Beats!)（汉化）是否存在未下载章节
2026-08-23 23:31:39 - mkk_pika - main.py:45 - INFO - 正在下载:[ Angel BreathAngel Breath (Angel Beats!)（汉化）]-[黒澤pict (黒澤清崇)]-[['短篇', '同人', '純愛']]-[total_pages:27]
2026-08-23 23:31:39 - mkk_pika - main.py:49 - INFO - [{'_id': '5c6ee1fadcfdf27d4ecd3908', 'title': '第1集', 'order': 1, 'updated_at': '2019-02-21T05:28:18.803Z', 'id': '5c6ee1fadcfdf27d4ecd3908'}]
2026-08-23 23:31:39 - mkk_pika - database.py:215 - INFO - 第一次下载该漫画，记录数据库中
2026-08-23 23:31:40 - mkk_pika - main.py:83 - INFO - 找到 27 张图片在:第1集
2026-08-23 23:31:41 - mkk_pika - main.py:112 - INFO - [episode:第1集       ] downloaded:    27, total:  27, progress:100%
2026-08-23 23:31:41 - mkk_pika - database.py:238 - INFO - 数据库更新已下载章节
2026-08-23 23:31:41 - mkk_pika - database.py:244 - INFO - 该漫画已下载章节如下
2026-08-23 23:31:41 - mkk_pika - database.py:245 - INFO - ['第1集']
2026-08-23 23:31:42 - mkk_pika - main.py:348 - INFO - ==================== 漫画信息 ====================
                                   漫画ID：5c6ee1fadcfdf27d4ecd3907
                                   标题： Angel BreathAngel Breath (Angel Beats!)（汉化）
                                   作者：黒澤pict (黒澤清崇)
                                   是否完结：是
                                   总页数：27
                                   分类：短篇,同人,純愛
                                   章节数：1
                                   最后更新时间：2019-02-21T17:38:02.134Z
                                   =================================================
2026-08-23 23:31:42 - mkk_pika - database.py:101 - INFO - 保存成功： Angel BreathAngel Breath (Angel Beats!)（汉化）
2026-08-23 23:31:42 - mkk_pika - main.py:35 - INFO - 开始检查あやいろモザイク (きんいろモザイク) 是否存在未下载章节
2026-08-23 23:31:43 - mkk_pika - main.py:45 - INFO - 正在下载:[あやいろモザイク (きんいろモザイク) ]-[黒澤pict (黒澤清崇)]-[['短篇', '同人']]-[total_pages:28]
2026-08-23 23:31:43 - mkk_pika - main.py:49 - INFO - [{'_id': '5c6ee219a80a5557413d6733', 'title': '第1集', 'order': 1, 'updated_at': '2019-02-21T07:43:36.788Z', 'id': '5c6ee219a80a5557413d6733'}]
2026-08-23 23:31:43 - mkk_pika - database.py:215 - INFO - 第一次下载该漫画，记录数据库中
2026-08-23 23:31:43 - mkk_pika - main.py:83 - INFO - 找到 28 张图片在:第1集
2026-08-23 23:31:45 - mkk_pika - main.py:112 - INFO - [episode:第1集       ] downloaded:    28, total:  28, progress:100%
2026-08-23 23:31:45 - mkk_pika - database.py:238 - INFO - 数据库更新已下载章节
2026-08-23 23:31:45 - mkk_pika - database.py:244 - INFO - 该漫画已下载章节如下
2026-08-23 23:31:45 - mkk_pika - database.py:245 - INFO - ['第1集']
2026-08-23 23:31:46 - mkk_pika - main.py:348 - INFO - ==================== 漫画信息 ====================
                                   漫画ID：5c6ee219a80a5557413d6732
                                   标题：あやいろモザイク (きんいろモザイク) 
                                   作者：黒澤pict (黒澤清崇)
                                   是否完结：是
                                   总页数：28
                                   分类：短篇,同人
                                   章节数：1
                                   最后更新时间：2019-02-21T17:38:33.063Z
                                   =================================================
2026-08-23 23:31:46 - mkk_pika - database.py:101 - INFO - 保存成功：あやいろモザイク (きんいろモザイク) 
2026-08-23 23:31:46 - mkk_pika - main.py:35 - INFO - 开始检查Holiday Party！是否存在未下载章节
2026-08-23 23:31:46 - mkk_pika - main.py:45 - INFO - 正在下载:[Holiday Party！]-[黒澤pict (黒澤清崇）]-[['短篇', '非人類']]-[total_pages:25]
2026-08-23 23:31:46 - mkk_pika - main.py:49 - INFO - [{'_id': '5c6ee2296ef6c264cca95d08', 'title': '第1集', 'order': 1, 'updated_at': '2019-02-21T05:46:46.402Z', 'id': '5c6ee2296ef6c264cca95d08'}]
2026-08-23 23:31:46 - mkk_pika - database.py:215 - INFO - 第一次下载该漫画，记录数据库中
2026-08-23 23:31:47 - mkk_pika - main.py:83 - INFO - 找到 25 张图片在:第1集
2026-08-23 23:31:49 - mkk_pika - main.py:112 - INFO - [episode:第1集       ] downloaded:    25, total:  25, progress:100%
2026-08-23 23:31:49 - mkk_pika - database.py:238 - INFO - 数据库更新已下载章节
2026-08-23 23:31:49 - mkk_pika - database.py:244 - INFO - 该漫画已下载章节如下
2026-08-23 23:31:49 - mkk_pika - database.py:245 - INFO - ['第1集']
2026-08-23 23:31:50 - mkk_pika - main.py:348 - INFO - ==================== 漫画信息 ====================
                                   漫画ID：5c6ee2296ef6c264cca95d07
                                   标题：Holiday Party！
                                   作者：黒澤pict (黒澤清崇）
                                   是否完结：是
                                   总页数：25
                                   分类：短篇,非人類
                                   章节数：1
                                   最后更新时间：2019-02-21T17:38:49.519Z
                                   =================================================
2026-08-23 23:31:50 - mkk_pika - database.py:101 - INFO - 保存成功：Holiday Party！
2026-08-23 23:31:50 - mkk_pika - main.py:35 - INFO - 开始检查Holiday Party! 2 是否存在未下载章节
2026-08-23 23:31:50 - mkk_pika - main.py:45 - INFO - 正在下载:[Holiday Party! 2 ]-[黒澤pict (黒澤清崇)]-[['短篇', '足の恋']]-[total_pages:35]
2026-08-23 23:31:50 - mkk_pika - main.py:49 - INFO - [{'_id': '5c6ee27b88d6ea649444e328', 'title': '第1集', 'order': 1, 'updated_at': '2019-02-21T06:53:06.856Z', 'id': '5c6ee27b88d6ea649444e328'}]
2026-08-23 23:31:50 - mkk_pika - database.py:215 - INFO - 第一次下载该漫画，记录数据库中
2026-08-23 23:31:51 - mkk_pika - main.py:83 - INFO - 找到 35 张图片在:第1集
2026-08-23 23:31:52 - mkk_pika - main.py:112 - INFO - [episode:第1集       ] downloaded:    35, total:  35, progress:100%
2026-08-23 23:31:52 - mkk_pika - database.py:238 - INFO - 数据库更新已下载章节
2026-08-23 23:31:52 - mkk_pika - database.py:244 - INFO - 该漫画已下载章节如下
2026-08-23 23:31:52 - mkk_pika - database.py:245 - INFO - ['第1集']
2026-08-23 23:31:53 - mkk_pika - main.py:348 - INFO - ==================== 漫画信息 ====================
                                   漫画ID：5c6ee27b88d6ea649444e327
                                   标题：Holiday Party! 2 
                                   作者：黒澤pict (黒澤清崇)
                                   是否完结：是
                                   总页数：35
                                   分类：短篇,足の恋
                                   章节数：1
                                   最后更新时间：2019-02-21T17:40:11.390Z
                                   =================================================
2026-08-23 23:31:53 - mkk_pika - database.py:101 - INFO - 保存成功：Holiday Party! 2 
2026-08-23 23:31:53 - mkk_pika - main.py:35 - INFO - 开始检查Holiday Party! 3是否存在未下载章节
2026-08-23 23:31:54 - mkk_pika - main.py:45 - INFO - 正在下载:[Holiday Party! 3]-[黒澤pict (黒澤清崇)]-[['短篇', '後宮閃光', '非人類']]-[total_pages:25]
2026-08-23 23:31:54 - mkk_pika - main.py:49 - INFO - [{'_id': '5c6ee2803892cd7d2219a88c', 'title': '第1集', 'order': 1, 'updated_at': '2019-02-21T06:58:13.716Z', 'id': '5c6ee2803892cd7d2219a88c'}]
2026-08-23 23:31:54 - mkk_pika - database.py:215 - INFO - 第一次下载该漫画，记录数据库中
2026-08-23 23:31:55 - mkk_pika - main.py:83 - INFO - 找到 25 张图片在:第1集
2026-08-23 23:31:56 - mkk_pika - main.py:112 - INFO - [episode:第1集       ] downloaded:    25, total:  25, progress:100%
2026-08-23 23:31:56 - mkk_pika - database.py:238 - INFO - 数据库更新已下载章节
2026-08-23 23:31:56 - mkk_pika - database.py:244 - INFO - 该漫画已下载章节如下
2026-08-23 23:31:56 - mkk_pika - database.py:245 - INFO - ['第1集']
2026-08-23 23:31:57 - mkk_pika - main.py:348 - INFO - ==================== 漫画信息 ====================
                                   漫画ID：5c6ee2803892cd7d2219a88b
                                   标题：Holiday Party! 3
                                   作者：黒澤pict (黒澤清崇)
                                   是否完结：是
                                   总页数：25
                                   分类：短篇,後宮閃光,非人類
                                   章节数：1
                                   最后更新时间：2019-02-21T17:40:16.604Z
                                   =================================================
2026-08-23 23:31:57 - mkk_pika - database.py:101 - INFO - 保存成功：Holiday Party! 3
2026-08-23 23:31:57 - mkk_pika - main.py:35 - INFO - 开始检查(例大祭11)  地獄烏、どこが悪い？ (東方Project) [中国翻訳]是否存在未下载章节
2026-08-23 23:31:57 - mkk_pika - main.py:45 - INFO - 正在下载:[(例大祭11)  地獄烏、どこが悪い？ (東方Project) [中国翻訳]]-[Animal Passion (茹でピー)]-[['同人', '東方', '純愛', '非人類', '扶他樂園']]-[total_pages:26]
2026-08-23 23:31:57 - mkk_pika - main.py:49 - INFO - [{'_id': '5c6ee2f4dcfdf27d4ecd3929', 'title': '第1集', 'order': 1, 'updated_at': '2019-02-18T15:01:14.290Z', 'id': '5c6ee2f4dcfdf27d4ecd3929'}]
2026-08-23 23:31:57 - mkk_pika - database.py:215 - INFO - 第一次下载该漫画，记录数据库中
2026-08-23 23:31:58 - mkk_pika - main.py:83 - INFO - 找到 26 张图片在:第1集
2026-08-23 23:31:59 - mkk_pika - main.py:112 - INFO - [episode:第1集       ] downloaded:    26, total:  26, progress:100%
2026-08-23 23:31:59 - mkk_pika - database.py:238 - INFO - 数据库更新已下载章节
2026-08-23 23:31:59 - mkk_pika - database.py:244 - INFO - 该漫画已下载章节如下
2026-08-23 23:31:59 - mkk_pika - database.py:245 - INFO - ['第1集']
2026-08-23 23:32:00 - mkk_pika - main.py:348 - INFO - ==================== 漫画信息 ====================
                                   漫画ID：5c6ee2f4dcfdf27d4ecd3928
                                   标题：(例大祭11)  地獄烏、どこが悪い？ (東方Project) [中国翻訳]
                                   作者：Animal Passion (茹でピー)
                                   是否完结：是
                                   总页数：26
                                   分类：同人,東方,純愛,非人類,扶他樂園
                                   章节数：1
                                   最后更新时间：2019-02-21T17:42:12.543Z
                                   =================================================
2026-08-23 23:32:00 - mkk_pika - database.py:101 - INFO - 保存成功：(例大祭11)  地獄烏、どこが悪い？ (東方Project) [中国翻訳]
2026-08-23 23:32:00 - mkk_pika - main.py:35 - INFO - 开始检查リバースエネミー (東方Project)是否存在未下载章节
2026-08-23 23:32:01 - mkk_pika - main.py:45 - INFO - 正在下载:[リバースエネミー (東方Project)]-[毛玉牛乳 (けだま)]-[['短篇', '同人', '東方', '扶他樂園']]-[total_pages:26]
2026-08-23 23:32:01 - mkk_pika - main.py:49 - INFO - [{'_id': '5c6ee30d6ef6c264cca95d26', 'title': '第1集', 'order': 1, 'updated_at': '2019-02-21T14:42:13.920Z', 'id': '5c6ee30d6ef6c264cca95d26'}]
2026-08-23 23:32:01 - mkk_pika - database.py:215 - INFO - 第一次下载该漫画，记录数据库中
2026-08-23 23:32:01 - mkk_pika - main.py:83 - INFO - 找到 26 张图片在:第1集
2026-08-23 23:32:03 - mkk_pika - main.py:112 - INFO - [episode:第1集       ] downloaded:    26, total:  26, progress:100%
2026-08-23 23:32:03 - mkk_pika - database.py:238 - INFO - 数据库更新已下载章节
2026-08-23 23:32:03 - mkk_pika - database.py:244 - INFO - 该漫画已下载章节如下
2026-08-23 23:32:03 - mkk_pika - database.py:245 - INFO - ['第1集']
2026-08-23 23:32:04 - mkk_pika - main.py:348 - INFO - ==================== 漫画信息 ====================
                                   漫画ID：5c6ee30d6ef6c264cca95d25
                                   标题：リバースエネミー (東方Project)
                                   作者：毛玉牛乳 (けだま)
                                   是否完结：是
                                   总页数：26
                                   分类：短篇,同人,東方,扶他樂園
                                   章节数：1
                                   最后更新时间：2019-02-21T17:42:37.947Z
                                   =================================================
2026-08-23 23:32:04 - mkk_pika - database.py:101 - INFO - 保存成功：リバースエネミー (東方Project)
2026-08-23 23:32:04 - mkk_pika - main.py:35 - INFO - 开始检查あわひめパチュリーちゃん (東方Project)是否存在未下载章节
2026-08-23 23:32:04 - mkk_pika - main.py:45 - INFO - 正在下载:[あわひめパチュリーちゃん (東方Project)]-[毛玉牛乳 (玉之けだま)]-[['短篇', '同人', '東方']]-[total_pages:14]
2026-08-23 23:32:04 - mkk_pika - main.py:49 - INFO - [{'_id': '5c6ee33c88d6ea649444e351', 'title': '第1集', 'order': 1, 'updated_at': '2019-02-21T14:23:52.419Z', 'id': '5c6ee33c88d6ea649444e351'}]
2026-08-23 23:32:04 - mkk_pika - database.py:215 - INFO - 第一次下载该漫画，记录数据库中
2026-08-23 23:32:05 - mkk_pika - main.py:83 - INFO - 找到 14 张图片在:第1集
2026-08-23 23:32:05 - mkk_pika - main.py:112 - INFO - [episode:第1集       ] downloaded:    14, total:  14, progress:100%
2026-08-23 23:32:05 - mkk_pika - database.py:238 - INFO - 数据库更新已下载章节
2026-08-23 23:32:05 - mkk_pika - database.py:244 - INFO - 该漫画已下载章节如下
2026-08-23 23:32:05 - mkk_pika - database.py:245 - INFO - ['第1集']
2026-08-23 23:32:07 - mkk_pika - main.py:348 - INFO - ==================== 漫画信息 ====================
                                   漫画ID：5c6ee33c88d6ea649444e350
                                   标题：あわひめパチュリーちゃん (東方Project)
                                   作者：毛玉牛乳 (玉之けだま)
                                   是否完结：是
                                   总页数：14
                                   分类：短篇,同人,東方
                                   章节数：1
                                   最后更新时间：2019-02-21T17:43:24.808Z
                                   =================================================
2026-08-23 23:32:07 - mkk_pika - database.py:101 - INFO - 保存成功：あわひめパチュリーちゃん (東方Project)
2026-08-23 23:32:07 - mkk_pika - main.py:35 - INFO - 开始检查冒険よ永久に是否存在未下载章节
2026-08-23 23:32:07 - mkk_pika - main.py:45 - INFO - 正在下载:[冒険よ永久に]-[ちゃばねにんじゃ (はっぱむし)]-[['同人', '短篇', '非人類']]-[total_pages:36]
2026-08-23 23:32:07 - mkk_pika - main.py:49 - INFO - [{'_id': '5c6ee357c7832b7d5aa62932', 'title': '前編', 'order': 1, 'updated_at': '2019-02-21T15:46:02.793Z', 'id': '5c6ee357c7832b7d5aa62932'}]
2026-08-23 23:32:07 - mkk_pika - database.py:215 - INFO - 第一次下载该漫画，记录数据库中
2026-08-23 23:32:08 - mkk_pika - main.py:83 - INFO - 找到 36 张图片在:前編
2026-08-23 23:32:09 - mkk_pika - main.py:112 - INFO - [episode:前編        ] downloaded:    36, total:  36, progress:100%
2026-08-23 23:32:09 - mkk_pika - database.py:238 - INFO - 数据库更新已下载章节
2026-08-23 23:32:09 - mkk_pika - database.py:244 - INFO - 该漫画已下载章节如下
2026-08-23 23:32:09 - mkk_pika - database.py:245 - INFO - ['前編']
2026-08-23 23:32:10 - mkk_pika - main.py:348 - INFO - ==================== 漫画信息 ====================
                                   漫画ID：5c6ee357c7832b7d5aa62931
                                   标题：冒険よ永久に
                                   作者：ちゃばねにんじゃ (はっぱむし)
                                   是否完结：否
                                   总页数：36
                                   分类：同人,短篇,非人類
                                   章节数：1
                                   最后更新时间：2019-02-21T17:43:51.805Z
                                   =================================================
2026-08-23 23:32:10 - mkk_pika - database.py:101 - INFO - 保存成功：冒険よ永久に
2026-08-23 23:32:10 - mkk_pika - main.py:35 - INFO - 开始检查BBちゃんに性欲処理してもらう本是否存在未下载章节
2026-08-23 23:32:11 - mkk_pika - main.py:45 - INFO - 正在下载:[BBちゃんに性欲処理してもらう本]-[まりも屋]-[['同人', '短篇', 'Fate']]-[total_pages:49]
2026-08-23 23:32:11 - mkk_pika - main.py:49 - INFO - [{'_id': '5c4025bee53650266ff1a9fd', 'title': '生肉', 'order': 1, 'updated_at': '2019-02-21T17:44:27.537Z', 'id': '5c4025bee53650266ff1a9fd'}, {'_id': '5c6ee37be840d057404d8ec8', 'title': '熟肉', 'order': 2, 'updated_at': '2019-02-21T16:14:33.738Z', 'id': '5c6ee37be840d057404d8ec8'}]
2026-08-23 23:32:11 - mkk_pika - database.py:215 - INFO - 第一次下载该漫画，记录数据库中
2026-08-23 23:32:11 - mkk_pika - main.py:83 - INFO - 找到 26 张图片在:生肉
2026-08-23 23:32:12 - mkk_pika - main.py:112 - INFO - [episode:生肉        ] downloaded:    26, total:  26, progress:100%
2026-08-23 23:32:12 - mkk_pika - database.py:238 - INFO - 数据库更新已下载章节
2026-08-23 23:32:12 - mkk_pika - database.py:244 - INFO - 该漫画已下载章节如下
2026-08-23 23:32:12 - mkk_pika - database.py:245 - INFO - ['生肉']
2026-08-23 23:32:14 - mkk_pika - main.py:83 - INFO - 找到 23 张图片在:熟肉
2026-08-23 23:32:15 - mkk_pika - main.py:112 - INFO - [episode:熟肉        ] downloaded:    23, total:  23, progress:100%
2026-08-23 23:32:15 - mkk_pika - database.py:238 - INFO - 数据库更新已下载章节
2026-08-23 23:32:15 - mkk_pika - database.py:244 - INFO - 该漫画已下载章节如下
2026-08-23 23:32:15 - mkk_pika - database.py:245 - INFO - ['生肉', '熟肉']
2026-08-23 23:32:16 - mkk_pika - main.py:348 - INFO - ==================== 漫画信息 ====================
                                   漫画ID：5c4025bee53650266ff1a9fc
                                   标题：BBちゃんに性欲処理してもらう本
                                   作者：まりも屋
                                   是否完结：否
                                   总页数：49
                                   分类：同人,短篇,Fate
                                   章节数：2
                                   最后更新时间：2019-02-21T17:44:27.505Z
                                   =================================================
2026-08-23 23:32:16 - mkk_pika - database.py:101 - INFO - 保存成功：BBちゃんに性欲処理してもらう本
2026-08-23 23:32:16 - mkk_pika - main.py:35 - INFO - 开始检查土鍋のぶいっか!（火锅炖伊布）是否存在未下载章节
2026-08-23 23:32:16 - mkk_pika - main.py:45 - INFO - 正在下载:[土鍋のぶいっか!（火锅炖伊布）]-[けもののこしかけ (東みなつ)]-[['同人', '短篇', '非人類']]-[total_pages:38]
2026-08-23 23:32:16 - mkk_pika - main.py:49 - INFO - [{'_id': '5c6ee420fe11a871a62f8d84', 'title': '第1集', 'order': 1, 'updated_at': '2019-02-21T15:12:09.263Z', 'id': '5c6ee420fe11a871a62f8d84'}]
2026-08-23 23:32:16 - mkk_pika - database.py:215 - INFO - 第一次下载该漫画，记录数据库中
2026-08-23 23:32:17 - mkk_pika - main.py:83 - INFO - 找到 38 张图片在:第1集
2026-08-23 23:32:19 - mkk_pika - main.py:112 - INFO - [episode:第1集       ] downloaded:    38, total:  38, progress:100%
2026-08-23 23:32:19 - mkk_pika - database.py:238 - INFO - 数据库更新已下载章节
2026-08-23 23:32:19 - mkk_pika - database.py:244 - INFO - 该漫画已下载章节如下
2026-08-23 23:32:19 - mkk_pika - database.py:245 - INFO - ['第1集']
2026-08-23 23:32:20 - mkk_pika - main.py:348 - INFO - ==================== 漫画信息 ====================
                                   漫画ID：5c6ee420fe11a871a62f8d83
                                   标题：土鍋のぶいっか!（火锅炖伊布）
                                   作者：けもののこしかけ (東みなつ)
                                   是否完结：否
                                   总页数：38
                                   分类：同人,短篇,非人類
                                   章节数：1
                                   最后更新时间：2019-02-21T17:47:12.771Z
                                   =================================================
2026-08-23 23:32:20 - mkk_pika - database.py:101 - INFO - 保存成功：土鍋のぶいっか!（火锅炖伊布）
2026-08-23 23:32:20 - mkk_pika - main.py:35 - INFO - 开始检查League_of_legends（英雄联盟）是否存在未下载章节
2026-08-23 23:32:20 - mkk_pika - main.py:45 - INFO - 正在下载:[League_of_legends（英雄联盟）]-[윤우연 (ooyun)]-[['全彩', '同人', '短篇', 'NTR', '強暴', '非人類']]-[total_pages:17]
2026-08-23 23:32:20 - mkk_pika - main.py:49 - INFO - [{'_id': '5c6ee4242753db71669ee220', 'title': '第1集', 'order': 1, 'updated_at': '2019-02-21T16:04:10.902Z', 'id': '5c6ee4242753db71669ee220'}]
2026-08-23 23:32:20 - mkk_pika - database.py:215 - INFO - 第一次下载该漫画，记录数据库中
2026-08-23 23:32:21 - mkk_pika - main.py:83 - INFO - 找到 17 张图片在:第1集
2026-08-23 23:32:22 - mkk_pika - main.py:112 - INFO - [episode:第1集       ] downloaded:    17, total:  17, progress:100%
2026-08-23 23:32:22 - mkk_pika - database.py:238 - INFO - 数据库更新已下载章节
2026-08-23 23:32:22 - mkk_pika - database.py:244 - INFO - 该漫画已下载章节如下
2026-08-23 23:32:22 - mkk_pika - database.py:245 - INFO - ['第1集']
2026-08-23 23:32:23 - mkk_pika - main.py:348 - INFO - ==================== 漫画信息 ====================
                                   漫画ID：5c6ee4242753db71669ee21f
                                   标题：League_of_legends（英雄联盟）
                                   作者：윤우연 (ooyun)
                                   是否完结：否
                                   总页数：17
                                   分类：全彩,同人,短篇,NTR,強暴,非人類
                                   章节数：1
                                   最后更新时间：2019-02-21T17:47:16.903Z
                                   =================================================
2026-08-23 23:32:23 - mkk_pika - database.py:101 - INFO - 保存成功：League_of_legends（英雄联盟）
2026-08-23 23:32:23 - mkk_pika - main.py:35 - INFO - 开始检查 hepatica4.0 [One Shota Hen] (Xenosaga) 是否存在未下载章节
2026-08-23 23:32:23 - mkk_pika - main.py:45 - INFO - 正在下载:[ hepatica4.0 [One Shota Hen] (Xenosaga) ]-[Hotel Negresco (Negresco)]-[['短篇', '同人', '純愛']]-[total_pages:30]
2026-08-23 23:32:23 - mkk_pika - main.py:49 - INFO - [{'_id': '5c6fb631c520b864c01714cf', 'title': '第1集', 'order': 1, 'updated_at': '2019-02-21T19:52:23.072Z', 'id': '5c6fb631c520b864c01714cf'}]
2026-08-23 23:32:23 - mkk_pika - database.py:215 - INFO - 第一次下载该漫画，记录数据库中
2026-08-23 23:32:24 - mkk_pika - main.py:83 - INFO - 找到 30 张图片在:第1集
2026-08-23 23:32:26 - mkk_pika - main.py:112 - INFO - [episode:第1集       ] downloaded:    30, total:  30, progress:100%
2026-08-23 23:32:26 - mkk_pika - database.py:238 - INFO - 数据库更新已下载章节
2026-08-23 23:32:26 - mkk_pika - database.py:244 - INFO - 该漫画已下载章节如下
2026-08-23 23:32:26 - mkk_pika - database.py:245 - INFO - ['第1集']
2026-08-23 23:32:27 - mkk_pika - main.py:348 - INFO - ==================== 漫画信息 ====================
                                   漫画ID：5c6fb631c520b864c01714ce
                                   标题： hepatica4.0 [One Shota Hen] (Xenosaga) 
                                   作者：Hotel Negresco (Negresco)
                                   是否完结：是
                                   总页数：30
                                   分类：短篇,同人,純愛
                                   章节数：1
                                   最后更新时间：2019-02-22T08:43:29.633Z
                                   =================================================
2026-08-23 23:32:27 - mkk_pika - database.py:101 - INFO - 保存成功： hepatica4.0 [One Shota Hen] (Xenosaga) 
2026-08-23 23:32:27 - mkk_pika - main.py:35 - INFO - 开始检查(サンクリ2017 Autumn)  Angel Number 333 (Fate Grand Order) [中国翻訳]是否存在未下载章节
2026-08-23 23:32:27 - mkk_pika - main.py:45 - INFO - 正在下载:[(サンクリ2017 Autumn)  Angel Number 333 (Fate Grand Order) [中国翻訳]]-[BERRY BAGEL (兼清みわ)]-[['短篇', '同人', '純愛', 'Fate']]-[total_pages:18]
2026-08-23 23:32:27 - mkk_pika - main.py:49 - INFO - [{'_id': '5c6fb81ce840d057404d91a8', 'title': '第1集', 'order': 1, 'updated_at': '2019-02-21T22:18:35.880Z', 'id': '5c6fb81ce840d057404d91a8'}]
2026-08-23 23:32:27 - mkk_pika - database.py:215 - INFO - 第一次下载该漫画，记录数据库中
2026-08-23 23:32:28 - mkk_pika - main.py:83 - INFO - 找到 18 张图片在:第1集
2026-08-23 23:32:28 - mkk_pika - main.py:112 - INFO - [episode:第1集       ] downloaded:    18, total:  18, progress:100%
2026-08-23 23:32:28 - mkk_pika - database.py:238 - INFO - 数据库更新已下载章节
2026-08-23 23:32:28 - mkk_pika - database.py:244 - INFO - 该漫画已下载章节如下
2026-08-23 23:32:28 - mkk_pika - database.py:245 - INFO - ['第1集']
2026-08-23 23:32:30 - mkk_pika - main.py:348 - INFO - ==================== 漫画信息 ====================
                                   漫画ID：5c6fb81ce840d057404d91a7
                                   标题：(サンクリ2017 Autumn)  Angel Number 333 (Fate Grand Order) [中国翻訳]
                                   作者：BERRY BAGEL (兼清みわ)
                                   是否完结：是
                                   总页数：18
                                   分类：短篇,同人,純愛,Fate
                                   章节数：1
                                   最后更新时间：2019-02-22T08:51:40.971Z
                                   =================================================
2026-08-23 23:32:30 - mkk_pika - database.py:101 - INFO - 保存成功：(サンクリ2017 Autumn)  Angel Number 333 (Fate Grand Order) [中国翻訳]
2026-08-23 23:32:30 - mkk_pika - main.py:35 - INFO - 开始检查抱かせてくださいッ双葉さん！【特別修正版】是否存在未下载章节
2026-08-23 23:32:30 - mkk_pika - main.py:45 - INFO - 正在下载:[抱かせてくださいッ双葉さん！【特別修正版】]-[二区]-[['短篇', '純愛', '扶他樂園']]-[total_pages:27]
2026-08-23 23:32:30 - mkk_pika - main.py:49 - INFO - [{'_id': '5c6fb8842753db71669ee47f', 'title': '第1集', 'order': 1, 'updated_at': '2019-02-22T01:22:29.736Z', 'id': '5c6fb8842753db71669ee47f'}]
2026-08-23 23:32:30 - mkk_pika - database.py:215 - INFO - 第一次下载该漫画，记录数据库中
2026-08-23 23:32:31 - mkk_pika - main.py:83 - INFO - 找到 27 张图片在:第1集
2026-08-23 23:32:32 - mkk_pika - main.py:112 - INFO - [episode:第1集       ] downloaded:    27, total:  27, progress:100%
2026-08-23 23:32:32 - mkk_pika - database.py:238 - INFO - 数据库更新已下载章节
2026-08-23 23:32:32 - mkk_pika - database.py:244 - INFO - 该漫画已下载章节如下
2026-08-23 23:32:32 - mkk_pika - database.py:245 - INFO - ['第1集']
2026-08-23 23:32:33 - mkk_pika - main.py:348 - INFO - ==================== 漫画信息 ====================
                                   漫画ID：5c6fb8842753db71669ee47e
                                   标题：抱かせてくださいッ双葉さん！【特別修正版】
                                   作者：二区
                                   是否完结：是
                                   总页数：27
                                   分类：短篇,純愛,扶他樂園
                                   章节数：1
                                   最后更新时间：2019-02-22T08:53:24.358Z
                                   =================================================
2026-08-23 23:32:33 - mkk_pika - database.py:101 - INFO - 保存成功：抱かせてくださいッ双葉さん！【特別修正版】
2026-08-23 23:32:33 - mkk_pika - main.py:35 - INFO - 开始检查CxMxK Note（汉化）是否存在未下载章节
2026-08-23 23:32:33 - mkk_pika - main.py:45 - INFO - 正在下载:[CxMxK Note（汉化）]-[プリン海ヨーグルト (ちり)]-[['短篇', '全彩', '非人類']]-[total_pages:16]
2026-08-23 23:32:33 - mkk_pika - main.py:49 - INFO - [{'_id': '5c6fb9126ef6c264cca961fa', 'title': '第1集', 'order': 1, 'updated_at': '2019-02-22T01:28:14.320Z', 'id': '5c6fb9126ef6c264cca961fa'}]
2026-08-23 23:32:33 - mkk_pika - database.py:215 - INFO - 第一次下载该漫画，记录数据库中
2026-08-23 23:32:34 - mkk_pika - main.py:83 - INFO - 找到 16 张图片在:第1集
2026-08-23 23:32:35 - mkk_pika - main.py:112 - INFO - [episode:第1集       ] downloaded:    16, total:  16, progress:100%
2026-08-23 23:32:35 - mkk_pika - database.py:238 - INFO - 数据库更新已下载章节
2026-08-23 23:32:35 - mkk_pika - database.py:244 - INFO - 该漫画已下载章节如下
2026-08-23 23:32:35 - mkk_pika - database.py:245 - INFO - ['第1集']
2026-08-23 23:32:36 - mkk_pika - main.py:348 - INFO - ==================== 漫画信息 ====================
                                   漫画ID：5c6fb9126ef6c264cca961f9
                                   标题：CxMxK Note（汉化）
                                   作者：プリン海ヨーグルト (ちり)
                                   是否完结：是
                                   总页数：16
                                   分类：短篇,全彩,非人類
                                   章节数：1
                                   最后更新时间：2019-02-22T08:55:46.988Z
                                   =================================================
2026-08-23 23:32:36 - mkk_pika - database.py:101 - INFO - 保存成功：CxMxK Note（汉化）
2026-08-23 23:32:36 - mkk_pika - main.py:35 - INFO - 开始检查1st Love[無修正]是否存在未下载章节
2026-08-23 23:32:36 - mkk_pika - main.py:45 - INFO - 正在下载:[1st Love[無修正]]-[Hamao]-[['短篇', '純愛']]-[total_pages:18]
2026-08-23 23:32:36 - mkk_pika - main.py:49 - INFO - [{'_id': '5c6fb92c2753db71669ee49d', 'title': '第1集', 'order': 1, 'updated_at': '2019-02-22T01:33:36.104Z', 'id': '5c6fb92c2753db71669ee49d'}]
2026-08-23 23:32:36 - mkk_pika - database.py:215 - INFO - 第一次下载该漫画，记录数据库中
2026-08-23 23:32:37 - mkk_pika - main.py:83 - INFO - 找到 18 张图片在:第1集
2026-08-23 23:32:38 - mkk_pika - main.py:112 - INFO - [episode:第1集       ] downloaded:    18, total:  18, progress:100%
2026-08-23 23:32:38 - mkk_pika - database.py:238 - INFO - 数据库更新已下载章节
2026-08-23 23:32:38 - mkk_pika - database.py:244 - INFO - 该漫画已下载章节如下
2026-08-23 23:32:38 - mkk_pika - database.py:245 - INFO - ['第1集']
2026-08-23 23:32:40 - mkk_pika - main.py:348 - INFO - ==================== 漫画信息 ====================
                                   漫画ID：5c6fb92c2753db71669ee49c
                                   标题：1st Love[無修正]
                                   作者：Hamao
                                   是否完结：是
                                   总页数：18
                                   分类：短篇,純愛
                                   章节数：1
                                   最后更新时间：2019-02-22T08:56:12.393Z
                                   =================================================
2026-08-23 23:32:40 - mkk_pika - database.py:101 - INFO - 保存成功：1st Love[無修正]
2026-08-23 23:32:40 - mkk_pika - main.py:35 - INFO - 开始检查伝心操作是否存在未下载章节
2026-08-23 23:32:40 - mkk_pika - main.py:45 - INFO - 正在下载:[伝心操作]-[DATE]-[['短篇']]-[total_pages:20]
2026-08-23 23:32:40 - mkk_pika - main.py:49 - INFO - [{'_id': '5c6fb940a80a5557413d6a36', 'title': '第1集', 'order': 1, 'updated_at': '2019-02-22T01:40:21.121Z', 'id': '5c6fb940a80a5557413d6a36'}]
2026-08-23 23:32:40 - mkk_pika - database.py:215 - INFO - 第一次下载该漫画，记录数据库中
2026-08-23 23:32:41 - mkk_pika - main.py:83 - INFO - 找到 20 张图片在:第1集
2026-08-23 23:32:42 - mkk_pika - main.py:112 - INFO - [episode:第1集       ] downloaded:    20, total:  20, progress:100%
2026-08-23 23:32:42 - mkk_pika - database.py:238 - INFO - 数据库更新已下载章节
2026-08-23 23:32:42 - mkk_pika - database.py:244 - INFO - 该漫画已下载章节如下
2026-08-23 23:32:42 - mkk_pika - database.py:245 - INFO - ['第1集']
2026-08-23 23:32:43 - mkk_pika - main.py:348 - INFO - ==================== 漫画信息 ====================
                                   漫画ID：5c6fb940a80a5557413d6a35
                                   标题：伝心操作
                                   作者：DATE
                                   是否完结：是
                                   总页数：20
                                   分类：短篇
                                   章节数：1
                                   最后更新时间：2019-02-22T08:56:32.702Z
                                   =================================================
2026-08-23 23:32:43 - mkk_pika - database.py:101 - INFO - 保存成功：伝心操作
2026-08-23 23:32:43 - mkk_pika - main.py:35 - INFO - 开始检查(COMIC1☆13)Seizure (艦隊これくしょん -艦これ-)是否存在未下载章节
2026-08-23 23:32:43 - mkk_pika - main.py:45 - INFO - 正在下载:[(COMIC1☆13)Seizure (艦隊これくしょん -艦これ-)]-[virophilia (織日ちひろ)]-[['同人', '短篇', 'NTR', '艦隊收藏']]-[total_pages:25]
2026-08-23 23:32:43 - mkk_pika - main.py:49 - INFO - [{'_id': '5c6fb95ca80a5557413d6a4c', 'title': '第1集', 'order': 1, 'updated_at': '2019-02-22T02:07:01.267Z', 'id': '5c6fb95ca80a5557413d6a4c'}]
2026-08-23 23:32:43 - mkk_pika - database.py:215 - INFO - 第一次下载该漫画，记录数据库中
2026-08-23 23:32:44 - mkk_pika - main.py:83 - INFO - 找到 25 张图片在:第1集
2026-08-23 23:32:45 - mkk_pika - main.py:112 - INFO - [episode:第1集       ] downloaded:    25, total:  25, progress:100%
2026-08-23 23:32:45 - mkk_pika - database.py:238 - INFO - 数据库更新已下载章节
2026-08-23 23:32:45 - mkk_pika - database.py:244 - INFO - 该漫画已下载章节如下
2026-08-23 23:32:45 - mkk_pika - database.py:245 - INFO - ['第1集']
2026-08-23 23:32:46 - mkk_pika - main.py:348 - INFO - ==================== 漫画信息 ====================
                                   漫画ID：5c6fb95ca80a5557413d6a4b
                                   标题：(COMIC1☆13)Seizure (艦隊これくしょん -艦これ-)
                                   作者：virophilia (織日ちひろ)
                                   是否完结：否
                                   总页数：25
                                   分类：同人,短篇,NTR,艦隊收藏
                                   章节数：1
                                   最后更新时间：2019-02-22T08:57:00.579Z
                                   =================================================
2026-08-23 23:32:46 - mkk_pika - database.py:101 - INFO - 保存成功：(COMIC1☆13)Seizure (艦隊これくしょん -艦これ-)
2026-08-23 23:32:46 - mkk_pika - main.py:35 - INFO - 开始检查(C95)Put Your Hands Together (SSSS.GRIDMAN)是否存在未下载章节
2026-08-23 23:32:46 - mkk_pika - main.py:45 - INFO - 正在下载:[(C95)Put Your Hands Together (SSSS.GRIDMAN)]-[VOLUTES (玄鉄絢)]-[['短篇', '同人', '純愛', '百合花園']]-[total_pages:19]
2026-08-23 23:32:46 - mkk_pika - main.py:49 - INFO - [{'_id': '5c6fba3a91f47c57108aecb0', 'title': '第1集', 'order': 1, 'updated_at': '2019-02-22T03:12:52.155Z', 'id': '5c6fba3a91f47c57108aecb0'}]
2026-08-23 23:32:46 - mkk_pika - database.py:215 - INFO - 第一次下载该漫画，记录数据库中
2026-08-23 23:32:47 - mkk_pika - main.py:83 - INFO - 找到 19 张图片在:第1集
2026-08-23 23:32:48 - mkk_pika - main.py:112 - INFO - [episode:第1集       ] downloaded:    19, total:  19, progress:100%
2026-08-23 23:32:48 - mkk_pika - database.py:238 - INFO - 数据库更新已下载章节
2026-08-23 23:32:48 - mkk_pika - database.py:244 - INFO - 该漫画已下载章节如下
2026-08-23 23:32:48 - mkk_pika - database.py:245 - INFO - ['第1集']
2026-08-23 23:32:49 - mkk_pika - main.py:348 - INFO - ==================== 漫画信息 ====================
                                   漫画ID：5c6fba3a91f47c57108aecaf
                                   标题：(C95)Put Your Hands Together (SSSS.GRIDMAN)
                                   作者：VOLUTES (玄鉄絢)
                                   是否完结：是
                                   总页数：19
                                   分类：短篇,同人,純愛,百合花園
                                   章节数：1
                                   最后更新时间：2019-02-22T09:00:42.212Z
                                   =================================================
2026-08-23 23:32:49 - mkk_pika - database.py:101 - INFO - 保存成功：(C95)Put Your Hands Together (SSSS.GRIDMAN)
2026-08-23 23:32:49 - mkk_pika - main.py:35 - INFO - 开始检查恶女退治—蜘蛛女皇(英雄联盟)是否存在未下载章节
2026-08-23 23:32:49 - mkk_pika - main.py:45 - INFO - 正在下载:[恶女退治—蜘蛛女皇(英雄联盟)]-[Mumuy]-[['短篇', '全彩', '同人', '非人類', '強暴']]-[total_pages:18]
2026-08-23 23:32:49 - mkk_pika - main.py:49 - INFO - [{'_id': '5c6fba44dcfdf27d4ecd3b9c', 'title': '第1集', 'order': 1, 'updated_at': '2019-02-22T03:19:49.985Z', 'id': '5c6fba44dcfdf27d4ecd3b9c'}]
2026-08-23 23:32:49 - mkk_pika - database.py:215 - INFO - 第一次下载该漫画，记录数据库中
2026-08-23 23:32:50 - mkk_pika - main.py:83 - INFO - 找到 18 张图片在:第1集
2026-08-23 23:32:51 - mkk_pika - main.py:112 - INFO - [episode:第1集       ] downloaded:    18, total:  18, progress:100%
2026-08-23 23:32:51 - mkk_pika - database.py:238 - INFO - 数据库更新已下载章节
2026-08-23 23:32:51 - mkk_pika - database.py:244 - INFO - 该漫画已下载章节如下
2026-08-23 23:32:51 - mkk_pika - database.py:245 - INFO - ['第1集']
2026-08-23 23:32:52 - mkk_pika - main.py:348 - INFO - ==================== 漫画信息 ====================
                                   漫画ID：5c6fba44dcfdf27d4ecd3b9b
                                   标题：恶女退治—蜘蛛女皇(英雄联盟)
                                   作者：Mumuy
                                   是否完结：是
                                   总页数：18
                                   分类：短篇,全彩,同人,非人類,強暴
                                   章节数：1
                                   最后更新时间：2019-02-22T09:00:52.800Z
                                   =================================================
2026-08-23 23:32:52 - mkk_pika - database.py:101 - INFO - 保存成功：恶女退治—蜘蛛女皇(英雄联盟)
2026-08-23 23:32:52 - mkk_pika - main.py:35 - INFO - 开始检查(C95)Caught By the Werewolf (月ノ美兎、樋口楓)是否存在未下载章节
2026-08-23 23:32:52 - mkk_pika - main.py:45 - INFO - 正在下载:[(C95)Caught By the Werewolf (月ノ美兎、樋口楓)]-[virophilia (織日ちひろ)]-[['短篇', '同人', '百合花園', '扶他樂園']]-[total_pages:14]
2026-08-23 23:32:52 - mkk_pika - main.py:49 - INFO - [{'_id': '5c6fbaac3892cd7d2219ae75', 'title': '第1集', 'order': 1, 'updated_at': '2019-02-22T05:55:58.420Z', 'id': '5c6fbaac3892cd7d2219ae75'}]
2026-08-23 23:32:52 - mkk_pika - database.py:215 - INFO - 第一次下载该漫画，记录数据库中
2026-08-23 23:32:53 - mkk_pika - main.py:83 - INFO - 找到 14 张图片在:第1集
2026-08-23 23:32:54 - mkk_pika - main.py:112 - INFO - [episode:第1集       ] downloaded:    14, total:  14, progress:100%
2026-08-23 23:32:54 - mkk_pika - database.py:238 - INFO - 数据库更新已下载章节
2026-08-23 23:32:54 - mkk_pika - database.py:244 - INFO - 该漫画已下载章节如下
2026-08-23 23:32:54 - mkk_pika - database.py:245 - INFO - ['第1集']
2026-08-23 23:32:55 - mkk_pika - main.py:348 - INFO - ==================== 漫画信息 ====================
                                   漫画ID：5c6fbaac3892cd7d2219ae74
                                   标题：(C95)Caught By the Werewolf (月ノ美兎、樋口楓)
                                   作者：virophilia (織日ちひろ)
                                   是否完结：否
                                   总页数：14
                                   分类：短篇,同人,百合花園,扶他樂園
                                   章节数：1
                                   最后更新时间：2019-02-22T09:02:36.537Z
                                   =================================================
2026-08-23 23:32:55 - mkk_pika - database.py:101 - INFO - 保存成功：(C95)Caught By the Werewolf (月ノ美兎、樋口楓)
2026-08-23 23:32:55 - mkk_pika - main.py:35 - INFO - 开始检查魔力放出(精) (Fate/Grand Order)是否存在未下载章节
2026-08-23 23:32:55 - mkk_pika - main.py:45 - INFO - 正在下载:[魔力放出(精) (Fate/Grand Order)]-[四次元怪電波 (四電ヒロ)]-[['短篇', '同人', 'Fate', '純愛']]-[total_pages:20]
2026-08-23 23:32:55 - mkk_pika - main.py:49 - INFO - [{'_id': '5c6fbafd6ef6c264cca96220', 'title': '第1集', 'order': 1, 'updated_at': '2019-02-22T07:29:59.016Z', 'id': '5c6fbafd6ef6c264cca96220'}]
2026-08-23 23:32:55 - mkk_pika - database.py:215 - INFO - 第一次下载该漫画，记录数据库中
2026-08-23 23:32:56 - mkk_pika - main.py:83 - INFO - 找到 20 张图片在:第1集
2026-08-23 23:32:57 - mkk_pika - main.py:112 - INFO - [episode:第1集       ] downloaded:    20, total:  20, progress:100%
2026-08-23 23:32:57 - mkk_pika - database.py:238 - INFO - 数据库更新已下载章节
2026-08-23 23:32:57 - mkk_pika - database.py:244 - INFO - 该漫画已下载章节如下
2026-08-23 23:32:57 - mkk_pika - database.py:245 - INFO - ['第1集']
2026-08-23 23:32:58 - mkk_pika - main.py:348 - INFO - ==================== 漫画信息 ====================
                                   漫画ID：5c6fbafd6ef6c264cca9621f
                                   标题：魔力放出(精) (Fate/Grand Order)
                                   作者：四次元怪電波 (四電ヒロ)
                                   是否完结：是
                                   总页数：20
                                   分类：短篇,同人,Fate,純愛
                                   章节数：1
                                   最后更新时间：2019-02-22T09:03:57.983Z
                                   =================================================
2026-08-23 23:32:58 - mkk_pika - database.py:101 - INFO - 保存成功：魔力放出(精) (Fate/Grand Order)
2026-08-23 23:32:58 - mkk_pika - main.py:35 - INFO - 开始检查I KNOW! (ラブライブ!)是否存在未下载章节
2026-08-23 23:32:58 - mkk_pika - main.py:45 - INFO - 正在下载:[I KNOW! (ラブライブ!)]-[なりたり (まつり)]-[['短篇', '同人', '百合花園', 'Love Live', '純愛']]-[total_pages:24]
2026-08-23 23:32:58 - mkk_pika - main.py:49 - INFO - [{'_id': '5c6fbb0afaf9aa570a1cea6a', 'title': '第1集', 'order': 1, 'updated_at': '2019-02-22T07:37:12.779Z', 'id': '5c6fbb0afaf9aa570a1cea6a'}]
2026-08-23 23:32:58 - mkk_pika - database.py:215 - INFO - 第一次下载该漫画，记录数据库中
2026-08-23 23:32:59 - mkk_pika - main.py:83 - INFO - 找到 24 张图片在:第1集
2026-08-23 23:33:00 - mkk_pika - main.py:112 - INFO - [episode:第1集       ] downloaded:    24, total:  24, progress:100%
2026-08-23 23:33:00 - mkk_pika - database.py:238 - INFO - 数据库更新已下载章节
2026-08-23 23:33:00 - mkk_pika - database.py:244 - INFO - 该漫画已下载章节如下
2026-08-23 23:33:00 - mkk_pika - database.py:245 - INFO - ['第1集']
2026-08-23 23:33:02 - mkk_pika - main.py:348 - INFO - ==================== 漫画信息 ====================
                                   漫画ID：5c6fbb0afaf9aa570a1cea69
                                   标题：I KNOW! (ラブライブ!)
                                   作者：なりたり (まつり)
                                   是否完结：是
                                   总页数：24
                                   分类：短篇,同人,百合花園,Love Live,純愛
                                   章节数：1
                                   最后更新时间：2019-02-22T09:04:10.548Z
                                   =================================================
2026-08-23 23:33:02 - mkk_pika - database.py:101 - INFO - 保存成功：I KNOW! (ラブライブ!)
2026-08-23 23:33:02 - mkk_pika - main.py:35 - INFO - 开始检查対魔忍でも恋がしたい! (対魔忍アサギ)是否存在未下载章节
2026-08-23 23:33:02 - mkk_pika - main.py:45 - INFO - 正在下载:[対魔忍でも恋がしたい! (対魔忍アサギ)]-[Circle Σ (盤大毅)]-[['短篇', '同人', '扶他樂園', 'SM']]-[total_pages:39]
2026-08-23 23:33:02 - mkk_pika - main.py:49 - INFO - [{'_id': '5c6fbb63c7832b7d5aa62be8', 'title': '第1集', 'order': 1, 'updated_at': '2019-02-22T08:05:41.336Z', 'id': '5c6fbb63c7832b7d5aa62be8'}]
2026-08-23 23:33:02 - mkk_pika - database.py:215 - INFO - 第一次下载该漫画，记录数据库中
2026-08-23 23:33:03 - mkk_pika - main.py:83 - INFO - 找到 39 张图片在:第1集
2026-08-23 23:33:04 - mkk_pika - main.py:112 - INFO - [episode:第1集       ] downloaded:    39, total:  39, progress:100%
2026-08-23 23:33:04 - mkk_pika - database.py:238 - INFO - 数据库更新已下载章节
2026-08-23 23:33:04 - mkk_pika - database.py:244 - INFO - 该漫画已下载章节如下
2026-08-23 23:33:04 - mkk_pika - database.py:245 - INFO - ['第1集']
2026-08-23 23:33:06 - mkk_pika - main.py:348 - INFO - ==================== 漫画信息 ====================
                                   漫画ID：5c6fbb63c7832b7d5aa62be7
                                   标题：対魔忍でも恋がしたい! (対魔忍アサギ)
                                   作者：Circle Σ (盤大毅)
                                   是否完结：是
                                   总页数：39
                                   分类：短篇,同人,扶他樂園,SM
                                   章节数：1
                                   最后更新时间：2019-02-22T09:05:39.558Z
                                   =================================================
2026-08-23 23:33:06 - mkk_pika - database.py:101 - INFO - 保存成功：対魔忍でも恋がしたい! (対魔忍アサギ)
2026-08-23 23:33:06 - mkk_pika - main.py:35 - INFO - 开始检查さーりゃん!- MILK☆ (ToHeart2)是否存在未下载章节
2026-08-23 23:33:06 - mkk_pika - main.py:45 - INFO - 正在下载:[さーりゃん!- MILK☆ (ToHeart2)]-[ほむら屋 (焔すばる)]-[['短篇', '同人', '百合花園', '純愛', 'SM']]-[total_pages:27]
2026-08-23 23:33:06 - mkk_pika - main.py:49 - INFO - [{'_id': '5c6fbb802753db71669ee722', 'title': '第1集', 'order': 1, 'updated_at': '2019-02-22T08:43:43.624Z', 'id': '5c6fbb802753db71669ee722'}]
2026-08-23 23:33:06 - mkk_pika - database.py:215 - INFO - 第一次下载该漫画，记录数据库中
2026-08-23 23:33:07 - mkk_pika - main.py:83 - INFO - 找到 27 张图片在:第1集
2026-08-23 23:33:08 - mkk_pika - main.py:112 - INFO - [episode:第1集       ] downloaded:    27, total:  27, progress:100%
2026-08-23 23:33:08 - mkk_pika - database.py:238 - INFO - 数据库更新已下载章节
2026-08-23 23:33:08 - mkk_pika - database.py:244 - INFO - 该漫画已下载章节如下
2026-08-23 23:33:08 - mkk_pika - database.py:245 - INFO - ['第1集']
2026-08-23 23:33:09 - mkk_pika - main.py:348 - INFO - ==================== 漫画信息 ====================
                                   漫画ID：5c6fbb802753db71669ee721
                                   标题：さーりゃん!- MILK☆ (ToHeart2)
                                   作者：ほむら屋 (焔すばる)
                                   是否完结：是
                                   总页数：27
                                   分类：短篇,同人,百合花園,純愛,SM
                                   章节数：1
                                   最后更新时间：2019-02-22T09:06:08.414Z
                                   =================================================
2026-08-23 23:33:09 - mkk_pika - database.py:101 - INFO - 保存成功：さーりゃん!- MILK☆ (ToHeart2)
2026-08-23 23:33:09 - mkk_pika - main.py:35 - INFO - 开始检查(C94) トイレがない!2 学校編是否存在未下载章节
2026-08-23 23:33:09 - mkk_pika - main.py:45 - INFO - 正在下载:[(C94) トイレがない!2 学校編]-[紙切ればさみ (やすゆき)]-[['全彩', '短篇', '純愛', '妹妹系']]-[total_pages:45]
2026-08-23 23:33:09 - mkk_pika - main.py:49 - INFO - [{'_id': '5c6fc3dfa80a5557413d6acc', 'title': '第1集', 'order': 1, 'updated_at': '2019-02-22T09:37:40.212Z', 'id': '5c6fc3dfa80a5557413d6acc'}]
2026-08-23 23:33:09 - mkk_pika - database.py:215 - INFO - 第一次下载该漫画，记录数据库中
2026-08-23 23:33:10 - mkk_pika - main.py:83 - INFO - 找到 45 张图片在:第1集
2026-08-23 23:33:12 - mkk_pika - main.py:112 - INFO - [episode:第1集       ] downloaded:    45, total:  45, progress:100%
2026-08-23 23:33:12 - mkk_pika - database.py:238 - INFO - 数据库更新已下载章节
2026-08-23 23:33:12 - mkk_pika - database.py:244 - INFO - 该漫画已下载章节如下
2026-08-23 23:33:12 - mkk_pika - database.py:245 - INFO - ['第1集']
2026-08-23 23:33:13 - mkk_pika - main.py:348 - INFO - ==================== 漫画信息 ====================
                                   漫画ID：5c6fc3dfa80a5557413d6acb
                                   标题：(C94) トイレがない!2 学校編
                                   作者：紙切ればさみ (やすゆき)
                                   是否完结：是
                                   总页数：45
                                   分类：全彩,短篇,純愛,妹妹系
                                   章节数：1
                                   最后更新时间：2019-02-22T09:41:51.356Z
                                   =================================================
2026-08-23 23:33:13 - mkk_pika - database.py:101 - INFO - 保存成功：(C94) トイレがない!2 学校編
2026-08-23 23:33:13 - mkk_pika - main.py:35 - INFO - 开始检查噂の図書室 (COMIC アンスリウム 2019年3月号)是否存在未下载章节
2026-08-23 23:33:13 - mkk_pika - main.py:45 - INFO - 正在下载:[噂の図書室 (COMIC アンスリウム 2019年3月号)]-[江鳥]-[['短篇', '非人類']]-[total_pages:24]
2026-08-23 23:33:13 - mkk_pika - main.py:49 - INFO - [{'_id': '5c70335f48b743648cc63542', 'title': '第1集', 'order': 1, 'updated_at': '2019-02-22T13:13:20.468Z', 'id': '5c70335f48b743648cc63542'}]
2026-08-23 23:33:13 - mkk_pika - database.py:215 - INFO - 第一次下载该漫画，记录数据库中
2026-08-23 23:33:14 - mkk_pika - main.py:83 - INFO - 找到 24 张图片在:第1集
2026-08-23 23:33:15 - mkk_pika - main.py:112 - INFO - [episode:第1集       ] downloaded:    24, total:  24, progress:100%
2026-08-23 23:33:15 - mkk_pika - database.py:238 - INFO - 数据库更新已下载章节
2026-08-23 23:33:15 - mkk_pika - database.py:244 - INFO - 该漫画已下载章节如下
2026-08-23 23:33:15 - mkk_pika - database.py:245 - INFO - ['第1集']
2026-08-23 23:33:16 - mkk_pika - main.py:348 - INFO - ==================== 漫画信息 ====================
                                   漫画ID：5c70335f48b743648cc63541
                                   标题：噂の図書室 (COMIC アンスリウム 2019年3月号)
                                   作者：江鳥
                                   是否完结：是
                                   总页数：24
                                   分类：短篇,非人類
                                   章节数：1
                                   最后更新时间：2019-02-22T17:37:35.519Z
                                   =================================================
2026-08-23 23:33:16 - mkk_pika - database.py:101 - INFO - 保存成功：噂の図書室 (COMIC アンスリウム 2019年3月号)
2026-08-23 23:33:16 - mkk_pika - main.py:35 - INFO - 开始检查2nd Lip[無修正]是否存在未下载章节
2026-08-23 23:33:17 - mkk_pika - main.py:45 - INFO - 正在下载:[2nd Lip[無修正]]-[Hamao]-[['短篇', '純愛']]-[total_pages:18]
2026-08-23 23:33:17 - mkk_pika - main.py:49 - INFO - [{'_id': '5c70338ffe11a871a62f93f0', 'title': '第1集', 'order': 1, 'updated_at': '2019-02-22T13:22:20.550Z', 'id': '5c70338ffe11a871a62f93f0'}]
2026-08-23 23:33:17 - mkk_pika - database.py:215 - INFO - 第一次下载该漫画，记录数据库中
2026-08-23 23:33:18 - mkk_pika - main.py:83 - INFO - 找到 18 张图片在:第1集
2026-08-23 23:33:18 - mkk_pika - main.py:112 - INFO - [episode:第1集       ] downloaded:    18, total:  18, progress:100%
2026-08-23 23:33:18 - mkk_pika - database.py:238 - INFO - 数据库更新已下载章节
2026-08-23 23:33:18 - mkk_pika - database.py:244 - INFO - 该漫画已下载章节如下
2026-08-23 23:33:18 - mkk_pika - database.py:245 - INFO - ['第1集']
2026-08-23 23:33:20 - mkk_pika - main.py:348 - INFO - ==================== 漫画信息 ====================
                                   漫画ID：5c70338ffe11a871a62f93ef
                                   标题：2nd Lip[無修正]
                                   作者：Hamao
                                   是否完结：是
                                   总页数：18
                                   分类：短篇,純愛
                                   章节数：1
                                   最后更新时间：2019-02-22T17:38:23.282Z
                                   =================================================
2026-08-23 23:33:20 - mkk_pika - database.py:101 - INFO - 保存成功：2nd Lip[無修正]
2026-08-23 23:33:20 - mkk_pika - main.py:35 - INFO - 开始检查LUST CHAIN ー色欲の連鎖ー是否存在未下载章节
2026-08-23 23:33:20 - mkk_pika - main.py:45 - INFO - 正在下载:[LUST CHAIN ー色欲の連鎖ー]-[もくし]-[['短篇', '全彩', '非人類', '強暴']]-[total_pages:29]
2026-08-23 23:33:20 - mkk_pika - main.py:49 - INFO - [{'_id': '5c7033aadcfdf27d4ecd3ebd', 'title': '第1集', 'order': 1, 'updated_at': '2019-02-22T13:30:38.733Z', 'id': '5c7033aadcfdf27d4ecd3ebd'}]
2026-08-23 23:33:20 - mkk_pika - database.py:215 - INFO - 第一次下载该漫画，记录数据库中
2026-08-23 23:33:21 - mkk_pika - main.py:83 - INFO - 找到 29 张图片在:第1集
2026-08-23 23:33:22 - mkk_pika - main.py:112 - INFO - [episode:第1集       ] downloaded:    29, total:  29, progress:100%
2026-08-23 23:33:22 - mkk_pika - database.py:238 - INFO - 数据库更新已下载章节
2026-08-23 23:33:22 - mkk_pika - database.py:244 - INFO - 该漫画已下载章节如下
2026-08-23 23:33:22 - mkk_pika - database.py:245 - INFO - ['第1集']
2026-08-23 23:33:23 - mkk_pika - main.py:348 - INFO - ==================== 漫画信息 ====================
                                   漫画ID：5c7033aadcfdf27d4ecd3ebc
                                   标题：LUST CHAIN ー色欲の連鎖ー
                                   作者：もくし
                                   是否完结：是
                                   总页数：29
                                   分类：短篇,全彩,非人類,強暴
                                   章节数：1
                                   最后更新时间：2019-02-22T17:38:50.640Z
                                   =================================================
2026-08-23 23:33:23 - mkk_pika - database.py:101 - INFO - 保存成功：LUST CHAIN ー色欲の連鎖ー
2026-08-23 23:33:23 - mkk_pika - main.py:35 - INFO - 开始检查mermaid mating是否存在未下载章节
2026-08-23 23:33:23 - mkk_pika - main.py:45 - INFO - 正在下载:[mermaid mating]-[エルデライド (音音丸)]-[['短篇', '非人類', '純愛']]-[total_pages:27]
2026-08-23 23:33:23 - mkk_pika - main.py:49 - INFO - [{'_id': '5c703423dcfdf27d4ecd3ede', 'title': '第1集', 'order': 1, 'updated_at': '2019-02-22T14:34:37.136Z', 'id': '5c703423dcfdf27d4ecd3ede'}]
2026-08-23 23:33:23 - mkk_pika - database.py:215 - INFO - 第一次下载该漫画，记录数据库中
2026-08-23 23:33:24 - mkk_pika - main.py:83 - INFO - 找到 27 张图片在:第1集
2026-08-23 23:33:25 - mkk_pika - main.py:112 - INFO - [episode:第1集       ] downloaded:    27, total:  27, progress:100%
2026-08-23 23:33:25 - mkk_pika - database.py:238 - INFO - 数据库更新已下载章节
2026-08-23 23:33:25 - mkk_pika - database.py:244 - INFO - 该漫画已下载章节如下
2026-08-23 23:33:25 - mkk_pika - database.py:245 - INFO - ['第1集']
2026-08-23 23:33:26 - mkk_pika - main.py:348 - INFO - ==================== 漫画信息 ====================
                                   漫画ID：5c703423dcfdf27d4ecd3edd
                                   标题：mermaid mating
                                   作者：エルデライド (音音丸)
                                   是否完结：是
                                   总页数：27
                                   分类：短篇,非人類,純愛
                                   章节数：1
                                   最后更新时间：2019-02-22T17:40:51.867Z
                                   =================================================
2026-08-23 23:33:26 - mkk_pika - database.py:101 - INFO - 保存成功：mermaid mating
2026-08-23 23:33:26 - mkk_pika - main.py:35 - INFO - 开始检查ネコミミ母さん (永遠娘 2)是否存在未下载章节
2026-08-23 23:33:27 - mkk_pika - main.py:45 - INFO - 正在下载:[ネコミミ母さん (永遠娘 2)]-[yam]-[['短篇', '人妻', '非人類']]-[total_pages:20]
2026-08-23 23:33:27 - mkk_pika - main.py:49 - INFO - [{'_id': '5c703447a80a5557413d6d7c', 'title': '第1集', 'order': 1, 'updated_at': '2019-02-22T14:52:54.368Z', 'id': '5c703447a80a5557413d6d7c'}]
2026-08-23 23:33:27 - mkk_pika - database.py:215 - INFO - 第一次下载该漫画，记录数据库中
2026-08-23 23:33:27 - mkk_pika - main.py:83 - INFO - 找到 20 张图片在:第1集
2026-08-23 23:33:28 - mkk_pika - main.py:112 - INFO - [episode:第1集       ] downloaded:    20, total:  20, progress:100%
2026-08-23 23:33:28 - mkk_pika - database.py:238 - INFO - 数据库更新已下载章节
2026-08-23 23:33:28 - mkk_pika - database.py:244 - INFO - 该漫画已下载章节如下
2026-08-23 23:33:28 - mkk_pika - database.py:245 - INFO - ['第1集']
2026-08-23 23:33:29 - mkk_pika - main.py:348 - INFO - ==================== 漫画信息 ====================
                                   漫画ID：5c703447a80a5557413d6d7b
                                   标题：ネコミミ母さん (永遠娘 2)
                                   作者：yam
                                   是否完结：是
                                   总页数：20
                                   分类：短篇,人妻,非人類
                                   章节数：1
                                   最后更新时间：2019-02-22T17:41:27.697Z
                                   =================================================
2026-08-23 23:33:29 - mkk_pika - database.py:101 - INFO - 保存成功：ネコミミ母さん (永遠娘 2)
2026-08-23 23:33:29 - mkk_pika - main.py:35 - INFO - 开始检查ヒトクイ様のチョコレート・ケーキ （永遠娘2）是否存在未下载章节
2026-08-23 23:33:29 - mkk_pika - main.py:45 - INFO - 正在下载:[ヒトクイ様のチョコレート・ケーキ （永遠娘2）]-[小石ちかさ]-[['短篇', '非人類', '純愛']]-[total_pages:37]
2026-08-23 23:33:29 - mkk_pika - main.py:49 - INFO - [{'_id': '5c703477dcfdf27d4ecd3efe', 'title': '第1集', 'order': 1, 'updated_at': '2019-02-22T15:05:09.397Z', 'id': '5c703477dcfdf27d4ecd3efe'}]
2026-08-23 23:33:29 - mkk_pika - database.py:215 - INFO - 第一次下载该漫画，记录数据库中
2026-08-23 23:33:30 - mkk_pika - main.py:83 - INFO - 找到 37 张图片在:第1集
2026-08-23 23:33:32 - mkk_pika - main.py:112 - INFO - [episode:第1集       ] downloaded:    37, total:  37, progress:100%
2026-08-23 23:33:32 - mkk_pika - database.py:238 - INFO - 数据库更新已下载章节
2026-08-23 23:33:32 - mkk_pika - database.py:244 - INFO - 该漫画已下载章节如下
2026-08-23 23:33:32 - mkk_pika - database.py:245 - INFO - ['第1集']
2026-08-23 23:33:33 - mkk_pika - main.py:348 - INFO - ==================== 漫画信息 ====================
                                   漫画ID：5c703477dcfdf27d4ecd3efd
                                   标题：ヒトクイ様のチョコレート・ケーキ （永遠娘2）
                                   作者：小石ちかさ
                                   是否完结：是
                                   总页数：37
                                   分类：短篇,非人類,純愛
                                   章节数：1
                                   最后更新时间：2019-02-22T17:42:15.479Z
                                   =================================================
2026-08-23 23:33:33 - mkk_pika - database.py:101 - INFO - 保存成功：ヒトクイ様のチョコレート・ケーキ （永遠娘2）
2026-08-23 23:33:33 - mkk_pika - main.py:35 - INFO - 开始检查ユピエル様との日常（永遠娘 弐）是否存在未下载章节
2026-08-23 23:33:33 - mkk_pika - main.py:45 - INFO - 正在下载:[ユピエル様との日常（永遠娘 弐）]-[774]-[['短篇', '純愛', '非人類', 'SM']]-[total_pages:47]
2026-08-23 23:33:33 - mkk_pika - main.py:49 - INFO - [{'_id': '5c70348efaf9aa570a1cefed', 'title': '第1集', 'order': 1, 'updated_at': '2019-02-22T12:46:13.280Z', 'id': '5c70348efaf9aa570a1cefed'}]
2026-08-23 23:33:33 - mkk_pika - database.py:215 - INFO - 第一次下载该漫画，记录数据库中
2026-08-23 23:33:35 - mkk_pika - main.py:83 - INFO - 找到 47 张图片在:第1集
2026-08-23 23:33:37 - mkk_pika - main.py:112 - INFO - [episode:第1集       ] downloaded:    47, total:  47, progress:100%
2026-08-23 23:33:37 - mkk_pika - database.py:238 - INFO - 数据库更新已下载章节
2026-08-23 23:33:37 - mkk_pika - database.py:244 - INFO - 该漫画已下载章节如下
2026-08-23 23:33:37 - mkk_pika - database.py:245 - INFO - ['第1集']
2026-08-23 23:33:38 - mkk_pika - main.py:348 - INFO - ==================== 漫画信息 ====================
                                   漫画ID：5c70348efaf9aa570a1cefec
                                   标题：ユピエル様との日常（永遠娘 弐）
                                   作者：774
                                   是否完结：是
                                   总页数：47
                                   分类：短篇,純愛,非人類,SM
                                   章节数：1
                                   最后更新时间：2019-02-22T17:42:38.813Z
                                   =================================================
2026-08-23 23:33:38 - mkk_pika - database.py:101 - INFO - 保存成功：ユピエル様との日常（永遠娘 弐）
2026-08-23 23:33:38 - mkk_pika - main.py:35 - INFO - 开始检查 (C88)祥鳳と梅雨の季節 (艦隊これくしょん -艦これ-)是否存在未下载章节
2026-08-23 23:33:38 - mkk_pika - main.py:45 - INFO - 正在下载:[ (C88)祥鳳と梅雨の季節 (艦隊これくしょん -艦これ-)]-[ L5EX (Kamelie)]-[['短篇', '同人', '艦隊收藏']]-[total_pages:31]
2026-08-23 23:33:38 - mkk_pika - main.py:49 - INFO - [{'_id': '5c70357291f47c57108aefd6', 'title': '第1集', 'order': 1, 'updated_at': '2019-02-22T14:59:06.115Z', 'id': '5c70357291f47c57108aefd6'}]
2026-08-23 23:33:38 - mkk_pika - database.py:215 - INFO - 第一次下载该漫画，记录数据库中
2026-08-23 23:33:39 - mkk_pika - main.py:83 - INFO - 找到 31 张图片在:第1集
2026-08-23 23:33:40 - mkk_pika - main.py:112 - INFO - [episode:第1集       ] downloaded:    31, total:  31, progress:100%
2026-08-23 23:33:40 - mkk_pika - database.py:238 - INFO - 数据库更新已下载章节
2026-08-23 23:33:40 - mkk_pika - database.py:244 - INFO - 该漫画已下载章节如下
2026-08-23 23:33:40 - mkk_pika - database.py:245 - INFO - ['第1集']
2026-08-23 23:33:42 - mkk_pika - main.py:348 - INFO - ==================== 漫画信息 ====================
                                   漫画ID：5c70357291f47c57108aefd5
                                   标题： (C88)祥鳳と梅雨の季節 (艦隊これくしょん -艦これ-)
                                   作者： L5EX (Kamelie)
                                   是否完结：否
                                   总页数：31
                                   分类：短篇,同人,艦隊收藏
                                   章节数：1
                                   最后更新时间：2019-02-22T17:46:26.558Z
                                   =================================================
2026-08-23 23:33:42 - mkk_pika - database.py:101 - INFO - 保存成功： (C88)祥鳳と梅雨の季節 (艦隊これくしょん -艦これ-)
2026-08-23 23:33:42 - mkk_pika - main.py:35 - INFO - 开始检查Skin Dresser是否存在未下载章节
2026-08-23 23:33:42 - mkk_pika - main.py:45 - INFO - 正在下载:[Skin Dresser]-[マリアライト]-[['短篇', '性轉換', '扶他樂園']]-[total_pages:33]
2026-08-23 23:33:42 - mkk_pika - main.py:49 - INFO - [{'_id': '5c70357e48b743648cc635b2', 'title': '第1集', 'order': 1, 'updated_at': '2019-02-23T09:42:12.769Z', 'id': '5c70357e48b743648cc635b2'}]
2026-08-23 23:33:42 - mkk_pika - database.py:215 - INFO - 第一次下载该漫画，记录数据库中
2026-08-23 23:33:43 - mkk_pika - main.py:83 - INFO - 找到 33 张图片在:第1集
2026-08-23 23:33:44 - mkk_pika - main.py:112 - INFO - [episode:第1集       ] downloaded:    33, total:  33, progress:100%
2026-08-23 23:33:44 - mkk_pika - database.py:238 - INFO - 数据库更新已下载章节
2026-08-23 23:33:44 - mkk_pika - database.py:244 - INFO - 该漫画已下载章节如下
2026-08-23 23:33:44 - mkk_pika - database.py:245 - INFO - ['第1集']
2026-08-23 23:33:45 - mkk_pika - main.py:348 - INFO - ==================== 漫画信息 ====================
                                   漫画ID：5c70357e48b743648cc635b1
                                   标题：Skin Dresser
                                   作者：マリアライト
                                   是否完结：是
                                   总页数：33
                                   分类：短篇,性轉換,扶他樂園
                                   章节数：1
                                   最后更新时间：2019-02-22T17:46:38.365Z
                                   =================================================
2026-08-23 23:33:45 - mkk_pika - database.py:101 - INFO - 保存成功：Skin Dresser
2026-08-23 23:33:45 - mkk_pika - main.py:35 - INFO - 开始检查(C95) 召喚された先はふたなりばかりのカルデア (FateGrand Order) [中国翻訳]是否存在未下载章节
2026-08-23 23:33:45 - mkk_pika - main.py:45 - INFO - 正在下载:[(C95) 召喚された先はふたなりばかりのカルデア (FateGrand Order) [中国翻訳]]-[SeaFox (霧咲白狐)]-[['短篇', '同人', 'Fate', '扶他樂園']]-[total_pages:21]
2026-08-23 23:33:45 - mkk_pika - main.py:49 - INFO - [{'_id': '5c70aa751dfd977895499144', 'title': '第1集', 'order': 1, 'updated_at': '2019-02-23T00:03:14.504Z', 'id': '5c70aa751dfd977895499144'}]
2026-08-23 23:33:45 - mkk_pika - database.py:215 - INFO - 第一次下载该漫画，记录数据库中
2026-08-23 23:33:46 - mkk_pika - main.py:83 - INFO - 找到 21 张图片在:第1集
2026-08-23 23:33:47 - mkk_pika - main.py:112 - INFO - [episode:第1集       ] downloaded:    21, total:  21, progress:100%
2026-08-23 23:33:47 - mkk_pika - database.py:238 - INFO - 数据库更新已下载章节
2026-08-23 23:33:47 - mkk_pika - database.py:244 - INFO - 该漫画已下载章节如下
2026-08-23 23:33:47 - mkk_pika - database.py:245 - INFO - ['第1集']
2026-08-23 23:33:48 - mkk_pika - main.py:348 - INFO - ==================== 漫画信息 ====================
                                   漫画ID：5c70aa751dfd977895499143
                                   标题：(C95) 召喚された先はふたなりばかりのカルデア (FateGrand Order) [中国翻訳]
                                   作者：SeaFox (霧咲白狐)
                                   是否完结：是
                                   总页数：21
                                   分类：短篇,同人,Fate,扶他樂園
                                   章节数：1
                                   最后更新时间：2019-02-23T02:05:41.280Z
                                   =================================================
2026-08-23 23:33:48 - mkk_pika - database.py:101 - INFO - 保存成功：(C95) 召喚された先はふたなりばかりのカルデア (FateGrand Order) [中国翻訳]
2026-08-23 23:33:48 - mkk_pika - main.py:380 - INFO - 本次任务下载完毕
2026-08-23 23:33:48 - mkk_pika - database.py:173 - INFO - 数据库连接已关闭
