2026-08-30 01:12:23 - mkk_pika - main.py:193 - INFO - =======================================================================
2026-08-30 01:12:23 - mkk_pika - database.py:61 - INFO - 表和索引初始化成功
2026-08-30 01:12:23 - mkk_pika - main.py:197 - INFO - 已经累计下载19571本漫画
2026-08-30 01:12:23 - mkk_pika - api.py:87 - INFO - 登录成功
2026-08-30 01:12:24 - mkk_pika - main.py:203 - INFO - 收藏夹共计0本漫画
2026-08-30 01:12:24 - mkk_pika - main.py:206 - INFO - 开始下载收藏夹内未下载内容
2026-08-30 01:12:24 - mkk_pika - main.py:266 - INFO - 收藏夹内容下载完毕
2026-08-30 01:12:24 - mkk_pika - main.py:268 - INFO - 开始下载订阅内容
2026-08-30 01:12:24 - mkk_pika - database.py:258 - INFO - 根据ID查询到标题：萝莉 -> 椿ちゃんとコスプレHする本 | 和椿酱的换装色色本
2026-08-30 01:12:25 - mkk_pika - database.py:101 - INFO - 保存成功：椿ちゃんとコスプレHする本 | 和椿酱的换装色色本
2026-08-30 01:12:25 - mkk_pika - main.py:273 - INFO - 关键词萝莉找到0本漫画
2026-08-30 01:12:25 - mkk_pika - database.py:258 - INFO - 根据ID查询到标题：蘿莉 -> Artist Kichiku-Sensei（AI）
2026-08-30 01:12:25 - mkk_pika - database.py:101 - INFO - 保存成功：ブルアカU149孕ませ合同 ～Ura Petit Archive～ (ブルーアーカイブ) 
2026-08-30 01:12:25 - mkk_pika - main.py:273 - INFO - 关键词蘿莉找到5本漫画
2026-08-30 01:12:25 - mkk_pika - main.py:275 - INFO - 订阅内容共计5本漫画
2026-08-30 01:12:25 - mkk_pika - main.py:35 - INFO - 开始检查 実の娘と子作り五日間。| 和亲女儿一起造小孩的五天。是否存在未下载章节
2026-08-30 01:12:26 - mkk_pika - main.py:45 - INFO - 正在下载:[ 実の娘と子作り五日間。| 和亲女儿一起造小孩的五天。]-[求肥がうますぎる (むてき)]-[['短篇']]-[total_pages:-1]
2026-08-30 01:12:26 - mkk_pika - main.py:49 - INFO - [{'_id': '6a931c4022823b1f2d13a9b5', 'title': '第1話', 'order': 1, 'updated_at': '2026-08-29T11:10:18.960Z', 'id': '6a931c4022823b1f2d13a9b5'}]
2026-08-30 01:12:26 - mkk_pika - database.py:215 - INFO - 第一次下载该漫画，记录数据库中
2026-08-30 01:12:26 - mkk_pika - main.py:83 - INFO - 找到 39 张图片在:第1話
2026-08-30 01:12:28 - mkk_pika - main.py:112 - INFO - [episode:第1話       ] downloaded:    39, total:  39, progress:100%
2026-08-30 01:12:28 - mkk_pika - database.py:238 - INFO - 数据库更新已下载章节
2026-08-30 01:12:28 - mkk_pika - database.py:244 - INFO - 该漫画已下载章节如下
2026-08-30 01:12:28 - mkk_pika - database.py:245 - INFO - ['第1話']
2026-08-30 01:12:29 - mkk_pika - main.py:292 - INFO - ==================== 漫画信息 ====================
                                漫画ID：6a931c4022823b1f2d13a9b4
                                标题： 実の娘と子作り五日間。| 和亲女儿一起造小孩的五天。
                                作者：求肥がうますぎる (むてき)
                                是否完结：是
                                总页数：39
                                分类：短篇
                                章节数：1
                                最后更新时间：2026-08-29T17:52:00.452Z
                                =================================================
2026-08-30 01:12:29 - mkk_pika - database.py:101 - INFO - 保存成功： 実の娘と子作り五日間。| 和亲女儿一起造小孩的五天。
2026-08-30 01:12:29 - mkk_pika - main.py:35 - INFO - 开始检查ブルアカU149孕ませ合同 ～Ura Petit Archive～ (ブルーアーカイブ) 是否存在未下载章节
2026-08-30 01:12:29 - mkk_pika - main.py:45 - INFO - 正在下载:[ブルアカU149孕ませ合同 ～Ura Petit Archive～ (ブルーアーカイブ) ]-[Tempest (よろず)]-[['同人', '長篇']]-[total_pages:-1]
2026-08-30 01:12:29 - mkk_pika - main.py:49 - INFO - [{'_id': '68b1ed767414791970c48c45', 'title': '第1話', 'order': 1, 'updated_at': '2025-08-29T11:50:15.198Z', 'id': '68b1ed767414791970c48c45'}, {'_id': '6a931df8a9e5da21b38d23f6', 'title': '第2話', 'order': 2, 'updated_at': '2026-08-29T15:26:13.728Z', 'id': '6a931df8a9e5da21b38d23f6'}]
2026-08-30 01:12:29 - mkk_pika - database.py:215 - INFO - 第一次下载该漫画，记录数据库中
2026-08-30 01:12:31 - mkk_pika - main.py:83 - INFO - 找到 162 张图片在:第1話
2026-08-30 01:12:35 - mkk_pika - main.py:112 - INFO - [episode:第1話       ] downloaded:   162, total: 162, progress:100%
2026-08-30 01:12:35 - mkk_pika - database.py:238 - INFO - 数据库更新已下载章节
2026-08-30 01:12:35 - mkk_pika - database.py:244 - INFO - 该漫画已下载章节如下
2026-08-30 01:12:35 - mkk_pika - database.py:245 - INFO - ['第1話']
2026-08-30 01:12:38 - mkk_pika - main.py:83 - INFO - 找到 189 张图片在:第2話
2026-08-30 01:12:44 - mkk_pika - main.py:112 - INFO - [episode:第2話       ] downloaded:   189, total: 189, progress:100%
2026-08-30 01:12:44 - mkk_pika - database.py:238 - INFO - 数据库更新已下载章节
2026-08-30 01:12:44 - mkk_pika - database.py:244 - INFO - 该漫画已下载章节如下
2026-08-30 01:12:44 - mkk_pika - database.py:245 - INFO - ['第1話', '第2話']
2026-08-30 01:12:45 - mkk_pika - main.py:292 - INFO - ==================== 漫画信息 ====================
                                漫画ID：68b1ed767414791970c48c44
                                标题：ブルアカU149孕ませ合同 ～Ura Petit Archive～ (ブルーアーカイブ) 
                                作者：Tempest (よろず)
                                是否完结：是
                                总页数：351
                                分类：同人,長篇
                                章节数：2
                                最后更新时间：2026-08-29T17:59:20.963Z
                                =================================================
2026-08-30 01:12:45 - mkk_pika - database.py:101 - INFO - 保存成功：ブルアカU149孕ませ合同 ～Ura Petit Archive～ (ブルーアーカイブ) 
2026-08-30 01:12:45 - mkk_pika - main.py:35 - INFO - 开始检查続·すじ女神さまとうすい本是否存在未下载章节
2026-08-30 01:12:45 - mkk_pika - main.py:45 - INFO - 正在下载:[続·すじ女神さまとうすい本]-[ANCHOR (武藤まと)]-[['短篇', '同人', '純愛']]-[total_pages:-1]
2026-08-30 01:12:45 - mkk_pika - main.py:49 - INFO - [{'_id': '6a931c154dccc8587ffa130d', 'title': '第1話', 'order': 1, 'updated_at': '2026-08-28T13:55:01.644Z', 'id': '6a931c154dccc8587ffa130d'}]
2026-08-30 01:12:45 - mkk_pika - database.py:215 - INFO - 第一次下载该漫画，记录数据库中
2026-08-30 01:12:46 - mkk_pika - main.py:83 - INFO - 找到 20 张图片在:第1話
2026-08-30 01:12:47 - mkk_pika - main.py:112 - INFO - [episode:第1話       ] downloaded:    20, total:  20, progress:100%
2026-08-30 01:12:47 - mkk_pika - database.py:238 - INFO - 数据库更新已下载章节
2026-08-30 01:12:47 - mkk_pika - database.py:244 - INFO - 该漫画已下载章节如下
2026-08-30 01:12:47 - mkk_pika - database.py:245 - INFO - ['第1話']
2026-08-30 01:12:48 - mkk_pika - main.py:292 - INFO - ==================== 漫画信息 ====================
                                漫画ID：6a931c154dccc8587ffa130c
                                标题：続·すじ女神さまとうすい本
                                作者：ANCHOR (武藤まと)
                                是否完结：是
                                总页数：20
                                分类：短篇,同人,純愛
                                章节数：1
                                最后更新时间：2026-08-29T17:51:17.564Z
                                =================================================
2026-08-30 01:12:48 - mkk_pika - database.py:101 - INFO - 保存成功：続·すじ女神さまとうすい本
2026-08-30 01:12:48 - mkk_pika - main.py:35 - INFO - 开始检查純愛あそび [DL版][中文]是否存在未下载章节
2026-08-30 01:12:48 - mkk_pika - main.py:45 - INFO - 正在下载:[純愛あそび [DL版][中文]]-[佐波サトル]-[['長篇', '單行本']]-[total_pages:-1]
2026-08-30 01:12:48 - mkk_pika - main.py:49 - INFO - [{'_id': '6a414140bb389f2b06fee563', 'title': '生肉', 'order': 1, 'updated_at': '2026-06-28T07:51:29.888Z', 'id': '6a414140bb389f2b06fee563'}, {'_id': '6a931a9d4dccc8587ffa0e23', 'title': '機翻', 'order': 2, 'updated_at': '2026-08-28T18:18:24.814Z', 'id': '6a931a9d4dccc8587ffa0e23'}]
2026-08-30 01:12:48 - mkk_pika - database.py:215 - INFO - 第一次下载该漫画，记录数据库中
2026-08-30 01:12:49 - mkk_pika - main.py:83 - INFO - 找到 110 张图片在:生肉
2026-08-30 01:12:54 - mkk_pika - main.py:112 - INFO - [episode:生肉        ] downloaded:   110, total: 110, progress:100%
2026-08-30 01:12:54 - mkk_pika - database.py:238 - INFO - 数据库更新已下载章节
2026-08-30 01:12:54 - mkk_pika - database.py:244 - INFO - 该漫画已下载章节如下
2026-08-30 01:12:54 - mkk_pika - database.py:245 - INFO - ['生肉']
2026-08-30 01:12:56 - mkk_pika - main.py:83 - INFO - 找到 110 张图片在:機翻
2026-08-30 01:13:03 - mkk_pika - main.py:112 - INFO - [episode:機翻        ] downloaded:   110, total: 110, progress:100%
2026-08-30 01:13:03 - mkk_pika - database.py:238 - INFO - 数据库更新已下载章节
2026-08-30 01:13:03 - mkk_pika - database.py:244 - INFO - 该漫画已下载章节如下
2026-08-30 01:13:03 - mkk_pika - database.py:245 - INFO - ['生肉', '機翻']
2026-08-30 01:13:05 - mkk_pika - main.py:292 - INFO - ==================== 漫画信息 ====================
                                漫画ID：6a414140bb389f2b06fee562
                                标题：純愛あそび [DL版][中文]
                                作者：佐波サトル
                                是否完结：是
                                总页数：220
                                分类：長篇,單行本
                                章节数：2
                                最后更新时间：2026-08-29T17:45:01.419Z
                                =================================================
2026-08-30 01:13:05 - mkk_pika - database.py:101 - INFO - 保存成功：純愛あそび [DL版][中文]
2026-08-30 01:13:05 - mkk_pika - main.py:35 - INFO - 开始检查南国ネコ耳少女とえっちできる島是否存在未下载章节
2026-08-30 01:13:05 - mkk_pika - main.py:45 - INFO - 正在下载:[南国ネコ耳少女とえっちできる島]-[おおまがの森 (すけぞう)]-[['全彩', '短篇']]-[total_pages:-1]
2026-08-30 01:13:05 - mkk_pika - main.py:49 - INFO - [{'_id': '6a93197dc60870589523abeb', 'title': '第1話', 'order': 1, 'updated_at': '2026-08-28T15:59:31.074Z', 'id': '6a93197dc60870589523abeb'}]
2026-08-30 01:13:05 - mkk_pika - database.py:215 - INFO - 第一次下载该漫画，记录数据库中
2026-08-30 01:13:06 - mkk_pika - main.py:83 - INFO - 找到 48 张图片在:第1話
2026-08-30 01:13:09 - mkk_pika - main.py:112 - INFO - [episode:第1話       ] downloaded:    48, total:  48, progress:100%
2026-08-30 01:13:09 - mkk_pika - database.py:238 - INFO - 数据库更新已下载章节
2026-08-30 01:13:09 - mkk_pika - database.py:244 - INFO - 该漫画已下载章节如下
2026-08-30 01:13:09 - mkk_pika - database.py:245 - INFO - ['第1話']
2026-08-30 01:13:10 - mkk_pika - main.py:292 - INFO - ==================== 漫画信息 ====================
                                漫画ID：6a93197dc60870589523abea
                                标题：南国ネコ耳少女とえっちできる島
                                作者：おおまがの森 (すけぞう)
                                是否完结：是
                                总页数：48
                                分类：全彩,短篇
                                章节数：1
                                最后更新时间：2026-08-29T17:40:13.878Z
                                =================================================
2026-08-30 01:13:10 - mkk_pika - database.py:101 - INFO - 保存成功：南国ネコ耳少女とえっちできる島
2026-08-30 01:13:10 - mkk_pika - main.py:323 - INFO - 订阅内容内容下载完毕
2026-08-30 01:13:10 - mkk_pika - main.py:324 - INFO - 开始分批下载全部章节
2026-08-30 01:13:10 - mkk_pika - database.py:280 - INFO - 表和索引初始化成功
2026-08-30 01:13:10 - mkk_pika - main.py:177 - INFO - 已经下载了1493页，一共7110页，现在开始添加第1494页
2026-08-30 01:13:11 - mkk_pika - database.py:318 - INFO - 保存成功
2026-08-30 01:13:11 - mkk_pika - main.py:177 - INFO - 已经下载了1494页，一共7110页，现在开始添加第1495页
2026-08-30 01:13:12 - mkk_pika - database.py:318 - INFO - 保存成功
2026-08-30 01:13:12 - mkk_pika - main.py:177 - INFO - 已经下载了1495页，一共7110页，现在开始添加第1496页
2026-08-30 01:13:12 - mkk_pika - database.py:318 - INFO - 保存成功
2026-08-30 01:13:13 - mkk_pika - main.py:177 - INFO - 已经下载了1496页，一共7110页，现在开始添加第1497页
2026-08-30 01:13:13 - mkk_pika - database.py:318 - INFO - 保存成功
2026-08-30 01:13:13 - mkk_pika - main.py:177 - INFO - 已经下载了1497页，一共7110页，现在开始添加第1498页
2026-08-30 01:13:14 - mkk_pika - database.py:318 - INFO - 保存成功
2026-08-30 01:13:14 - mkk_pika - main.py:331 - INFO - 分批下载共计48本漫画
2026-08-30 01:13:14 - mkk_pika - main.py:35 - INFO - 开始检查兄嫁ビッチライフ是否存在未下载章节
2026-08-30 01:13:14 - mkk_pika - main.py:45 - INFO - 正在下载:[兄嫁ビッチライフ]-[舞六まいむ]-[['長篇', '單行本', '人妻', 'NTR']]-[total_pages:183]
2026-08-30 01:13:14 - mkk_pika - main.py:49 - INFO - [{'_id': '5c7ac35442457b11e313d38a', 'title': '第1集', 'order': 1, 'updated_at': '2019-03-02T17:22:57.841Z', 'id': '5c7ac35442457b11e313d38a'}]
2026-08-30 01:13:14 - mkk_pika - database.py:215 - INFO - 第一次下载该漫画，记录数据库中
2026-08-30 01:13:16 - mkk_pika - main.py:83 - INFO - 找到 183 张图片在:第1集
2026-08-30 01:13:23 - mkk_pika - main.py:112 - INFO - [episode:第1集       ] downloaded:   183, total: 183, progress:100%
2026-08-30 01:13:23 - mkk_pika - database.py:238 - INFO - 数据库更新已下载章节
2026-08-30 01:13:23 - mkk_pika - database.py:244 - INFO - 该漫画已下载章节如下
2026-08-30 01:13:23 - mkk_pika - database.py:245 - INFO - ['第1集']
2026-08-30 01:13:24 - mkk_pika - main.py:348 - INFO - ==================== 漫画信息 ====================
                                   漫画ID：5c7ac35442457b11e313d389
                                   标题：兄嫁ビッチライフ
                                   作者：舞六まいむ
                                   是否完结：是
                                   总页数：183
                                   分类：長篇,單行本,人妻,NTR
                                   章节数：1
                                   最后更新时间：2019-03-02T17:54:28.089Z
                                   =================================================
2026-08-30 01:13:24 - mkk_pika - database.py:101 - INFO - 保存成功：兄嫁ビッチライフ
2026-08-30 01:13:24 - mkk_pika - main.py:35 - INFO - 开始检查(C95)  NFFサービス裏メニューコヤンスカヤ三変化 2018冬Time-Leap会場限定本是否存在未下载章节
2026-08-30 01:13:25 - mkk_pika - main.py:45 - INFO - 正在下载:[(C95)  NFFサービス裏メニューコヤンスカヤ三変化 2018冬Time-Leap会場限定本]-[Time-Leap (あお色一号)]-[['短篇', '同人', '非人類', 'Fate']]-[total_pages:22]
2026-08-30 01:13:25 - mkk_pika - main.py:49 - INFO - [{'_id': '5c42f6587bb72c6753e38d44', 'title': '第1集', 'order': 1, 'updated_at': '2019-01-18T19:29:53.923Z', 'id': '5c42f6587bb72c6753e38d44'}, {'_id': '5c7ac36ed8619921c2af1b0d', 'title': '汉化', 'order': 2, 'updated_at': '2019-03-02T17:29:28.120Z', 'id': '5c7ac36ed8619921c2af1b0d'}]
2026-08-30 01:13:25 - mkk_pika - database.py:215 - INFO - 第一次下载该漫画，记录数据库中
2026-08-30 01:13:25 - mkk_pika - main.py:83 - INFO - 找到 11 张图片在:第1集
2026-08-30 01:13:26 - mkk_pika - main.py:112 - INFO - [episode:第1集       ] downloaded:    11, total:  11, progress:100%
2026-08-30 01:13:26 - mkk_pika - database.py:238 - INFO - 数据库更新已下载章节
2026-08-30 01:13:26 - mkk_pika - database.py:244 - INFO - 该漫画已下载章节如下
2026-08-30 01:13:26 - mkk_pika - database.py:245 - INFO - ['第1集']
2026-08-30 01:13:27 - mkk_pika - main.py:83 - INFO - 找到 11 张图片在:汉化
2026-08-30 01:13:28 - mkk_pika - main.py:112 - INFO - [episode:汉化        ] downloaded:    11, total:  11, progress:100%
2026-08-30 01:13:28 - mkk_pika - database.py:238 - INFO - 数据库更新已下载章节
2026-08-30 01:13:28 - mkk_pika - database.py:244 - INFO - 该漫画已下载章节如下
2026-08-30 01:13:28 - mkk_pika - database.py:245 - INFO - ['第1集', '汉化']
2026-08-30 01:13:29 - mkk_pika - main.py:348 - INFO - ==================== 漫画信息 ====================
                                   漫画ID：5c42f6587bb72c6753e38d43
                                   标题：(C95)  NFFサービス裏メニューコヤンスカヤ三変化 2018冬Time-Leap会場限定本
                                   作者：Time-Leap (あお色一号)
                                   是否完结：是
                                   总页数：22
                                   分类：短篇,同人,非人類,Fate
                                   章节数：2
                                   最后更新时间：2019-03-02T17:54:54.944Z
                                   =================================================
2026-08-30 01:13:29 - mkk_pika - database.py:101 - INFO - 保存成功：(C95)  NFFサービス裏メニューコヤンスカヤ三変化 2018冬Time-Leap会場限定本
2026-08-30 01:13:29 - mkk_pika - main.py:35 - INFO - 开始检查告訴我什麼是少女是否存在未下载章节
2026-08-30 01:13:30 - mkk_pika - main.py:45 - INFO - 正在下载:[告訴我什麼是少女]-[かかし朝浩]-[['性轉換']]-[total_pages:70]
2026-08-30 01:13:30 - mkk_pika - main.py:49 - INFO - [{'_id': '5c7b69f714208621f1102490', 'title': '第1集', 'order': 1, 'updated_at': '2019-03-02T22:38:36.611Z', 'id': '5c7b69f714208621f1102490'}]
2026-08-30 01:13:30 - mkk_pika - database.py:215 - INFO - 第一次下载该漫画，记录数据库中
2026-08-30 01:13:30 - mkk_pika - main.py:83 - INFO - 找到 70 张图片在:第1集
2026-08-30 01:13:33 - mkk_pika - main.py:112 - INFO - [episode:第1集       ] downloaded:    70, total:  70, progress:100%
2026-08-30 01:13:33 - mkk_pika - database.py:238 - INFO - 数据库更新已下载章节
2026-08-30 01:13:33 - mkk_pika - database.py:244 - INFO - 该漫画已下载章节如下
2026-08-30 01:13:33 - mkk_pika - database.py:245 - INFO - ['第1集']
2026-08-30 01:13:35 - mkk_pika - main.py:348 - INFO - ==================== 漫画信息 ====================
                                   漫画ID：5c7b69f714208621f110248f
                                   标题：告訴我什麼是少女
                                   作者：かかし朝浩
                                   是否完结：是
                                   总页数：70
                                   分类：性轉換
                                   章节数：1
                                   最后更新时间：2019-03-03T05:45:27.405Z
                                   =================================================
2026-08-30 01:13:35 - mkk_pika - database.py:101 - INFO - 保存成功：告訴我什麼是少女
2026-08-30 01:13:35 - mkk_pika - main.py:35 - INFO - 开始检查(C95)今日のラフィーはすっごくおねむだよ (アズールレーン)是否存在未下载章节
2026-08-30 01:13:35 - mkk_pika - main.py:45 - INFO - 正在下载:[(C95)今日のラフィーはすっごくおねむだよ (アズールレーン)]-[東横サーフライダー (ふみー)]-[['短篇', '同人', '純愛']]-[total_pages:24]
2026-08-30 01:13:35 - mkk_pika - main.py:49 - INFO - [{'_id': '5c7b6a25674e61789b517aec', 'title': '第1集', 'order': 1, 'updated_at': '2019-03-03T02:32:52.592Z', 'id': '5c7b6a25674e61789b517aec'}]
2026-08-30 01:13:35 - mkk_pika - database.py:215 - INFO - 第一次下载该漫画，记录数据库中
2026-08-30 01:13:35 - mkk_pika - main.py:83 - INFO - 找到 24 张图片在:第1集
2026-08-30 01:13:37 - mkk_pika - main.py:112 - INFO - [episode:第1集       ] downloaded:    24, total:  24, progress:100%
2026-08-30 01:13:37 - mkk_pika - database.py:238 - INFO - 数据库更新已下载章节
2026-08-30 01:13:37 - mkk_pika - database.py:244 - INFO - 该漫画已下载章节如下
2026-08-30 01:13:37 - mkk_pika - database.py:245 - INFO - ['第1集']
2026-08-30 01:13:38 - mkk_pika - main.py:348 - INFO - ==================== 漫画信息 ====================
                                   漫画ID：5c7b6a25674e61789b517aeb
                                   标题：(C95)今日のラフィーはすっごくおねむだよ (アズールレーン)
                                   作者：東横サーフライダー (ふみー)
                                   是否完结：是
                                   总页数：24
                                   分类：短篇,同人,純愛
                                   章节数：1
                                   最后更新时间：2019-03-03T05:46:13.304Z
                                   =================================================
2026-08-30 01:13:38 - mkk_pika - database.py:101 - INFO - 保存成功：(C95)今日のラフィーはすっごくおねむだよ (アズールレーン)
2026-08-30 01:13:38 - mkk_pika - main.py:35 - INFO - 开始检查(C95) 三船美優のドスケベ宴会芸 + おまけペーパー (アイドルマスター シンデレラガールズ、SSSS.GRIDMAN)是否存在未下载章节
2026-08-30 01:13:38 - mkk_pika - main.py:45 - INFO - 正在下载:[(C95) 三船美優のドスケベ宴会芸 + おまけペーパー (アイドルマスター シンデレラガールズ、SSSS.GRIDMAN)]-[闇に蠢く (どくろさん)]-[['同人', '短篇']]-[total_pages:33]
2026-08-30 01:13:38 - mkk_pika - main.py:49 - INFO - [{'_id': '5c7b6a4014208621f11024d8', 'title': '第1集', 'order': 1, 'updated_at': '2019-03-03T02:43:35.476Z', 'id': '5c7b6a4014208621f11024d8'}]
2026-08-30 01:13:38 - mkk_pika - database.py:215 - INFO - 第一次下载该漫画，记录数据库中
2026-08-30 01:13:39 - mkk_pika - main.py:83 - INFO - 找到 33 张图片在:第1集
2026-08-30 01:13:40 - mkk_pika - main.py:112 - INFO - [episode:第1集       ] downloaded:    33, total:  33, progress:100%
2026-08-30 01:13:40 - mkk_pika - database.py:238 - INFO - 数据库更新已下载章节
2026-08-30 01:13:40 - mkk_pika - database.py:244 - INFO - 该漫画已下载章节如下
2026-08-30 01:13:40 - mkk_pika - database.py:245 - INFO - ['第1集']
2026-08-30 01:13:41 - mkk_pika - main.py:348 - INFO - ==================== 漫画信息 ====================
                                   漫画ID：5c7b6a4014208621f11024d7
                                   标题：(C95) 三船美優のドスケベ宴会芸 + おまけペーパー (アイドルマスター シンデレラガールズ、SSSS.GRIDMAN)
                                   作者：闇に蠢く (どくろさん)
                                   是否完结：是
                                   总页数：33
                                   分类：同人,短篇
                                   章节数：1
                                   最后更新时间：2019-03-03T05:46:40.274Z
                                   =================================================
2026-08-30 01:13:42 - mkk_pika - database.py:101 - INFO - 保存成功：(C95) 三船美優のドスケベ宴会芸 + おまけペーパー (アイドルマスター シンデレラガールズ、SSSS.GRIDMAN)
2026-08-30 01:13:42 - mkk_pika - main.py:35 - INFO - 开始检查(C95) めばえクラブ是否存在未下载章节
2026-08-30 01:13:42 - mkk_pika - main.py:45 - INFO - 正在下载:[(C95) めばえクラブ]-[テングサ (tokorot)]-[['短篇']]-[total_pages:34]
2026-08-30 01:13:42 - mkk_pika - main.py:49 - INFO - [{'_id': '5c7b6a5ec49b251117a3baf0', 'title': '第1集', 'order': 1, 'updated_at': '2019-03-03T02:55:25.560Z', 'id': '5c7b6a5ec49b251117a3baf0'}]
2026-08-30 01:13:42 - mkk_pika - database.py:215 - INFO - 第一次下载该漫画，记录数据库中
2026-08-30 01:13:43 - mkk_pika - main.py:83 - INFO - 找到 54 张图片在:第1集
2026-08-30 01:13:45 - mkk_pika - main.py:112 - INFO - [episode:第1集       ] downloaded:    54, total:  54, progress:100%
2026-08-30 01:13:45 - mkk_pika - database.py:238 - INFO - 数据库更新已下载章节
2026-08-30 01:13:45 - mkk_pika - database.py:244 - INFO - 该漫画已下载章节如下
2026-08-30 01:13:45 - mkk_pika - database.py:245 - INFO - ['第1集']
2026-08-30 01:13:46 - mkk_pika - main.py:348 - INFO - ==================== 漫画信息 ====================
                                   漫画ID：5c7b6a5ec49b251117a3baef
                                   标题：(C95) めばえクラブ
                                   作者：テングサ (tokorot)
                                   是否完结：是
                                   总页数：34
                                   分类：短篇
                                   章节数：1
                                   最后更新时间：2019-03-03T05:47:10.481Z
                                   =================================================
2026-08-30 01:13:46 - mkk_pika - database.py:101 - INFO - 保存成功：(C95) めばえクラブ
2026-08-30 01:13:46 - mkk_pika - main.py:35 - INFO - 开始检查山影抄 紗夜子是否存在未下载章节
2026-08-30 01:13:46 - mkk_pika - main.py:45 - INFO - 正在下载:[山影抄 紗夜子]-[さんかくエプロン (山文京伝、有無らひ)]-[['短篇', 'SM', '人妻', 'NTR']]-[total_pages:39]
2026-08-30 01:13:46 - mkk_pika - main.py:49 - INFO - [{'_id': '5c7b6a74e5861f1211908bf7', 'title': '第1集', 'order': 1, 'updated_at': '2019-03-03T02:57:07.400Z', 'id': '5c7b6a74e5861f1211908bf7'}]
2026-08-30 01:13:46 - mkk_pika - database.py:215 - INFO - 第一次下载该漫画，记录数据库中
2026-08-30 01:13:47 - mkk_pika - main.py:83 - INFO - 找到 39 张图片在:第1集
2026-08-30 01:13:49 - mkk_pika - main.py:112 - INFO - [episode:第1集       ] downloaded:    39, total:  39, progress:100%
2026-08-30 01:13:49 - mkk_pika - database.py:238 - INFO - 数据库更新已下载章节
2026-08-30 01:13:49 - mkk_pika - database.py:244 - INFO - 该漫画已下载章节如下
2026-08-30 01:13:49 - mkk_pika - database.py:245 - INFO - ['第1集']
2026-08-30 01:13:50 - mkk_pika - main.py:348 - INFO - ==================== 漫画信息 ====================
                                   漫画ID：5c7b6a74e5861f1211908bf6
                                   标题：山影抄 紗夜子
                                   作者：さんかくエプロン (山文京伝、有無らひ)
                                   是否完结：是
                                   总页数：39
                                   分类：短篇,SM,人妻,NTR
                                   章节数：1
                                   最后更新时间：2019-03-03T05:47:32.644Z
                                   =================================================
2026-08-30 01:13:50 - mkk_pika - database.py:101 - INFO - 保存成功：山影抄 紗夜子
2026-08-30 01:13:50 - mkk_pika - main.py:35 - INFO - 开始检查(C91) 読モ★らいむ CASE FILE 是否存在未下载章节
2026-08-30 01:13:50 - mkk_pika - main.py:45 - INFO - 正在下载:[(C91) 読モ★らいむ CASE FILE ]-[Oasis+ (うさ城まに)]-[['短篇']]-[total_pages:33]
2026-08-30 01:13:50 - mkk_pika - main.py:49 - INFO - [{'_id': '5c7b6a9014208621f11024fb', 'title': '第1集', 'order': 1, 'updated_at': '2019-03-03T03:08:51.716Z', 'id': '5c7b6a9014208621f11024fb'}]
2026-08-30 01:13:50 - mkk_pika - database.py:215 - INFO - 第一次下载该漫画，记录数据库中
2026-08-30 01:13:51 - mkk_pika - main.py:83 - INFO - 找到 33 张图片在:第1集
2026-08-30 01:13:52 - mkk_pika - main.py:112 - INFO - [episode:第1集       ] downloaded:    33, total:  33, progress:100%
2026-08-30 01:13:52 - mkk_pika - database.py:238 - INFO - 数据库更新已下载章节
2026-08-30 01:13:52 - mkk_pika - database.py:244 - INFO - 该漫画已下载章节如下
2026-08-30 01:13:52 - mkk_pika - database.py:245 - INFO - ['第1集']
2026-08-30 01:13:53 - mkk_pika - main.py:348 - INFO - ==================== 漫画信息 ====================
                                   漫画ID：5c7b6a9014208621f11024fa
                                   标题：(C91) 読モ★らいむ CASE FILE 
                                   作者：Oasis+ (うさ城まに)
                                   是否完结：是
                                   总页数：33
                                   分类：短篇
                                   章节数：1
                                   最后更新时间：2019-03-03T05:48:00.026Z
                                   =================================================
2026-08-30 01:13:53 - mkk_pika - database.py:101 - INFO - 保存成功：(C91) 読モ★らいむ CASE FILE 
2026-08-30 01:13:53 - mkk_pika - main.py:35 - INFO - 开始检查従順×欲情 〜不倫相手は自分の巨乳生徒〜是否存在未下载章节
2026-08-30 01:13:54 - mkk_pika - main.py:45 - INFO - 正在下载:[従順×欲情 〜不倫相手は自分の巨乳生徒〜]-[松果]-[['短篇']]-[total_pages:24]
2026-08-30 01:13:54 - mkk_pika - main.py:49 - INFO - [{'_id': '5c7b6aa3e88f0a10da983ef6', 'title': '第1集', 'order': 1, 'updated_at': '2019-03-03T03:03:36.329Z', 'id': '5c7b6aa3e88f0a10da983ef6'}]
2026-08-30 01:13:54 - mkk_pika - database.py:215 - INFO - 第一次下载该漫画，记录数据库中
2026-08-30 01:13:54 - mkk_pika - main.py:83 - INFO - 找到 24 张图片在:第1集
2026-08-30 01:13:55 - mkk_pika - main.py:112 - INFO - [episode:第1集       ] downloaded:    24, total:  24, progress:100%
2026-08-30 01:13:55 - mkk_pika - database.py:238 - INFO - 数据库更新已下载章节
2026-08-30 01:13:55 - mkk_pika - database.py:244 - INFO - 该漫画已下载章节如下
2026-08-30 01:13:55 - mkk_pika - database.py:245 - INFO - ['第1集']
2026-08-30 01:13:57 - mkk_pika - main.py:348 - INFO - ==================== 漫画信息 ====================
                                   漫画ID：5c7b6aa3e88f0a10da983ef5
                                   标题：従順×欲情 〜不倫相手は自分の巨乳生徒〜
                                   作者：松果
                                   是否完结：是
                                   总页数：24
                                   分类：短篇
                                   章节数：1
                                   最后更新时间：2019-03-03T05:48:19.902Z
                                   =================================================
2026-08-30 01:13:57 - mkk_pika - database.py:101 - INFO - 保存成功：従順×欲情 〜不倫相手は自分の巨乳生徒〜
2026-08-30 01:13:57 - mkk_pika - main.py:35 - INFO - 开始检查だだっこさせて (RWBY)是否存在未下载章节
2026-08-30 01:13:57 - mkk_pika - main.py:45 - INFO - 正在下载:[だだっこさせて (RWBY)]-[すすからす (汽鳥ろじわ)]-[['短篇', '同人', '百合花園', '純愛']]-[total_pages:11]
2026-08-30 01:13:57 - mkk_pika - main.py:49 - INFO - [{'_id': '5c7b6ab1e5861f1211908c20', 'title': '第1集', 'order': 1, 'updated_at': '2019-03-03T03:19:10.500Z', 'id': '5c7b6ab1e5861f1211908c20'}]
2026-08-30 01:13:57 - mkk_pika - database.py:215 - INFO - 第一次下载该漫画，记录数据库中
2026-08-30 01:13:57 - mkk_pika - main.py:83 - INFO - 找到 11 张图片在:第1集
2026-08-30 01:13:58 - mkk_pika - main.py:112 - INFO - [episode:第1集       ] downloaded:    11, total:  11, progress:100%
2026-08-30 01:13:58 - mkk_pika - database.py:238 - INFO - 数据库更新已下载章节
2026-08-30 01:13:58 - mkk_pika - database.py:244 - INFO - 该漫画已下载章节如下
2026-08-30 01:13:58 - mkk_pika - database.py:245 - INFO - ['第1集']
2026-08-30 01:13:59 - mkk_pika - main.py:348 - INFO - ==================== 漫画信息 ====================
                                   漫画ID：5c7b6ab1e5861f1211908c1f
                                   标题：だだっこさせて (RWBY)
                                   作者：すすからす (汽鳥ろじわ)
                                   是否完结：是
                                   总页数：11
                                   分类：短篇,同人,百合花園,純愛
                                   章节数：1
                                   最后更新时间：2019-03-03T05:48:33.213Z
                                   =================================================
2026-08-30 01:13:59 - mkk_pika - database.py:101 - INFO - 保存成功：だだっこさせて (RWBY)
2026-08-30 01:13:59 - mkk_pika - main.py:35 - INFO - 开始检查(COMIC1☆11) ふぇちこれ VOL.05 (艦隊これくしょん -艦これ-)是否存在未下载章节
2026-08-30 01:13:59 - mkk_pika - main.py:45 - INFO - 正在下载:[(COMIC1☆11) ふぇちこれ VOL.05 (艦隊これくしょん -艦これ-)]-[自宅vacation (うるりひ)]-[['短篇', '同人', '艦隊收藏']]-[total_pages:28]
2026-08-30 01:13:59 - mkk_pika - main.py:49 - INFO - [{'_id': '5c7b6acc1dfd9778954a0aca', 'title': '第1集', 'order': 1, 'updated_at': '2019-03-03T03:30:31.360Z', 'id': '5c7b6acc1dfd9778954a0aca'}]
2026-08-30 01:13:59 - mkk_pika - database.py:215 - INFO - 第一次下载该漫画，记录数据库中
2026-08-30 01:14:00 - mkk_pika - main.py:83 - INFO - 找到 28 张图片在:第1集
2026-08-30 01:14:01 - mkk_pika - main.py:112 - INFO - [episode:第1集       ] downloaded:    28, total:  28, progress:100%
2026-08-30 01:14:01 - mkk_pika - database.py:238 - INFO - 数据库更新已下载章节
2026-08-30 01:14:01 - mkk_pika - database.py:244 - INFO - 该漫画已下载章节如下
2026-08-30 01:14:01 - mkk_pika - database.py:245 - INFO - ['第1集']
2026-08-30 01:14:02 - mkk_pika - main.py:348 - INFO - ==================== 漫画信息 ====================
                                   漫画ID：5c7b6acc1dfd9778954a0ac9
                                   标题：(COMIC1☆11) ふぇちこれ VOL.05 (艦隊これくしょん -艦これ-)
                                   作者：自宅vacation (うるりひ)
                                   是否完结：是
                                   总页数：28
                                   分类：短篇,同人,艦隊收藏
                                   章节数：1
                                   最后更新时间：2019-03-03T05:49:00.144Z
                                   =================================================
2026-08-30 01:14:02 - mkk_pika - database.py:101 - INFO - 保存成功：(COMIC1☆11) ふぇちこれ VOL.05 (艦隊これくしょん -艦これ-)
2026-08-30 01:14:02 - mkk_pika - main.py:35 - INFO - 开始检查橘ありすはPが好き2 (アイドルマスター シンデレラガールズ)（无修正）是否存在未下载章节
2026-08-30 01:14:03 - mkk_pika - main.py:45 - INFO - 正在下载:[橘ありすはPが好き2 (アイドルマスター シンデレラガールズ)（无修正）]-[ペッタン道場 (ペッタンP)]-[['短篇', '全彩', '同人', '純愛']]-[total_pages:22]
2026-08-30 01:14:03 - mkk_pika - main.py:49 - INFO - [{'_id': '5c7b6ad89b0f6b1108886279', 'title': '第1集', 'order': 1, 'updated_at': '2019-03-03T03:28:18.182Z', 'id': '5c7b6ad89b0f6b1108886279'}]
2026-08-30 01:14:03 - mkk_pika - database.py:215 - INFO - 第一次下载该漫画，记录数据库中
2026-08-30 01:14:03 - mkk_pika - main.py:83 - INFO - 找到 22 张图片在:第1集
2026-08-30 01:14:04 - mkk_pika - main.py:112 - INFO - [episode:第1集       ] downloaded:    22, total:  22, progress:100%
2026-08-30 01:14:04 - mkk_pika - database.py:238 - INFO - 数据库更新已下载章节
2026-08-30 01:14:04 - mkk_pika - database.py:244 - INFO - 该漫画已下载章节如下
2026-08-30 01:14:04 - mkk_pika - database.py:245 - INFO - ['第1集']
2026-08-30 01:14:05 - mkk_pika - main.py:348 - INFO - ==================== 漫画信息 ====================
                                   漫画ID：5c7b6ad89b0f6b1108886278
                                   标题：橘ありすはPが好き2 (アイドルマスター シンデレラガールズ)（无修正）
                                   作者：ペッタン道場 (ペッタンP)
                                   是否完结：是
                                   总页数：22
                                   分类：短篇,全彩,同人,純愛
                                   章节数：1
                                   最后更新时间：2019-03-03T05:49:12.669Z
                                   =================================================
2026-08-30 01:14:05 - mkk_pika - database.py:101 - INFO - 保存成功：橘ありすはPが好き2 (アイドルマスター シンデレラガールズ)（无修正）
2026-08-30 01:14:05 - mkk_pika - main.py:35 - INFO - 开始检查TANKOBU1是否存在未下载章节
2026-08-30 01:14:06 - mkk_pika - main.py:45 - INFO - 正在下载:[TANKOBU1]-[くわばら]-[['短篇', '百合花園', '純愛']]-[total_pages:37]
2026-08-30 01:14:06 - mkk_pika - main.py:49 - INFO - [{'_id': '5c7b6aea93941078705a585a', 'title': '第1集', 'order': 1, 'updated_at': '2019-03-03T03:35:49.995Z', 'id': '5c7b6aea93941078705a585a'}]
2026-08-30 01:14:06 - mkk_pika - database.py:215 - INFO - 第一次下载该漫画，记录数据库中
2026-08-30 01:14:06 - mkk_pika - main.py:83 - INFO - 找到 37 张图片在:第1集
2026-08-30 01:14:08 - mkk_pika - main.py:112 - INFO - [episode:第1集       ] downloaded:    37, total:  37, progress:100%
2026-08-30 01:14:08 - mkk_pika - database.py:238 - INFO - 数据库更新已下载章节
2026-08-30 01:14:08 - mkk_pika - database.py:244 - INFO - 该漫画已下载章节如下
2026-08-30 01:14:08 - mkk_pika - database.py:245 - INFO - ['第1集']
2026-08-30 01:14:09 - mkk_pika - main.py:348 - INFO - ==================== 漫画信息 ====================
                                   漫画ID：5c7b6aea93941078705a5859
                                   标题：TANKOBU1
                                   作者：くわばら
                                   是否完结：是
                                   总页数：37
                                   分类：短篇,百合花園,純愛
                                   章节数：1
                                   最后更新时间：2019-03-03T05:49:30.464Z
                                   =================================================
2026-08-30 01:14:09 - mkk_pika - database.py:101 - INFO - 保存成功：TANKOBU1
2026-08-30 01:14:09 - mkk_pika - main.py:35 - INFO - 开始检查TANKOBU 2是否存在未下载章节
2026-08-30 01:14:09 - mkk_pika - main.py:45 - INFO - 正在下载:[TANKOBU 2]-[くわばら]-[['短篇', '百合花園', '純愛']]-[total_pages:38]
2026-08-30 01:14:09 - mkk_pika - main.py:49 - INFO - [{'_id': '5c7b6af5f6543378687173c4', 'title': '第1集', 'order': 1, 'updated_at': '2019-03-03T03:40:06.837Z', 'id': '5c7b6af5f6543378687173c4'}]
2026-08-30 01:14:09 - mkk_pika - database.py:215 - INFO - 第一次下载该漫画，记录数据库中
2026-08-30 01:14:10 - mkk_pika - main.py:83 - INFO - 找到 38 张图片在:第1集
2026-08-30 01:14:11 - mkk_pika - main.py:112 - INFO - [episode:第1集       ] downloaded:    38, total:  38, progress:100%
2026-08-30 01:14:11 - mkk_pika - database.py:238 - INFO - 数据库更新已下载章节
2026-08-30 01:14:11 - mkk_pika - database.py:244 - INFO - 该漫画已下载章节如下
2026-08-30 01:14:11 - mkk_pika - database.py:245 - INFO - ['第1集']
2026-08-30 01:14:12 - mkk_pika - main.py:348 - INFO - ==================== 漫画信息 ====================
                                   漫画ID：5c7b6af5f6543378687173c3
                                   标题：TANKOBU 2
                                   作者：くわばら
                                   是否完结：是
                                   总页数：38
                                   分类：短篇,百合花園,純愛
                                   章节数：1
                                   最后更新时间：2019-03-03T05:49:41.626Z
                                   =================================================
2026-08-30 01:14:12 - mkk_pika - database.py:101 - INFO - 保存成功：TANKOBU 2
2026-08-30 01:14:12 - mkk_pika - main.py:35 - INFO - 开始检查(C92) ふぇちこれ VOL.06 前編 (艦隊これくしょん -艦これ-)是否存在未下载章节
2026-08-30 01:14:13 - mkk_pika - main.py:45 - INFO - 正在下载:[(C92) ふぇちこれ VOL.06 前編 (艦隊これくしょん -艦これ-)]-[自宅vacation (うるりひ)]-[['同人', '短篇', '艦隊收藏']]-[total_pages:28]
2026-08-30 01:14:13 - mkk_pika - main.py:49 - INFO - [{'_id': '5c7b6b035e8c2321bafa0455', 'title': '第1集', 'order': 1, 'updated_at': '2019-03-03T03:35:07.234Z', 'id': '5c7b6b035e8c2321bafa0455'}]
2026-08-30 01:14:13 - mkk_pika - database.py:215 - INFO - 第一次下载该漫画，记录数据库中
2026-08-30 01:14:13 - mkk_pika - main.py:83 - INFO - 找到 28 张图片在:第1集
2026-08-30 01:14:14 - mkk_pika - main.py:112 - INFO - [episode:第1集       ] downloaded:    28, total:  28, progress:100%
2026-08-30 01:14:14 - mkk_pika - database.py:238 - INFO - 数据库更新已下载章节
2026-08-30 01:14:14 - mkk_pika - database.py:244 - INFO - 该漫画已下载章节如下
2026-08-30 01:14:14 - mkk_pika - database.py:245 - INFO - ['第1集']
2026-08-30 01:14:15 - mkk_pika - main.py:348 - INFO - ==================== 漫画信息 ====================
                                   漫画ID：5c7b6b035e8c2321bafa0454
                                   标题：(C92) ふぇちこれ VOL.06 前編 (艦隊これくしょん -艦これ-)
                                   作者：自宅vacation (うるりひ)
                                   是否完结：是
                                   总页数：28
                                   分类：同人,短篇,艦隊收藏
                                   章节数：1
                                   最后更新时间：2019-03-03T05:49:55.965Z
                                   =================================================
2026-08-30 01:14:15 - mkk_pika - database.py:101 - INFO - 保存成功：(C92) ふぇちこれ VOL.06 前編 (艦隊これくしょん -艦これ-)
2026-08-30 01:14:15 - mkk_pika - main.py:35 - INFO - 开始检查東方青帖・拂曉之櫻是否存在未下载章节
2026-08-30 01:14:16 - mkk_pika - main.py:45 - INFO - 正在下载:[東方青帖・拂曉之櫻]-[ヨハネ]-[['短篇', '純愛', '百合花園', '同人', '東方']]-[total_pages:60]
2026-08-30 01:14:16 - mkk_pika - main.py:49 - INFO - [{'_id': '5c7b6b145e8c2321bafa0473', 'title': '第1集', 'order': 1, 'updated_at': '2019-03-03T03:49:38.767Z', 'id': '5c7b6b145e8c2321bafa0473'}]
2026-08-30 01:14:16 - mkk_pika - database.py:215 - INFO - 第一次下载该漫画，记录数据库中
2026-08-30 01:14:16 - mkk_pika - main.py:83 - INFO - 找到 60 张图片在:第1集
2026-08-30 01:14:19 - mkk_pika - main.py:112 - INFO - [episode:第1集       ] downloaded:    60, total:  60, progress:100%
2026-08-30 01:14:19 - mkk_pika - database.py:238 - INFO - 数据库更新已下载章节
2026-08-30 01:14:19 - mkk_pika - database.py:244 - INFO - 该漫画已下载章节如下
2026-08-30 01:14:19 - mkk_pika - database.py:245 - INFO - ['第1集']
2026-08-30 01:14:20 - mkk_pika - main.py:348 - INFO - ==================== 漫画信息 ====================
                                   漫画ID：5c7b6b145e8c2321bafa0472
                                   标题：東方青帖・拂曉之櫻
                                   作者：ヨハネ
                                   是否完结：是
                                   总页数：60
                                   分类：短篇,純愛,百合花園,同人,東方
                                   章节数：1
                                   最后更新时间：2019-03-03T05:50:12.795Z
                                   =================================================
2026-08-30 01:14:20 - mkk_pika - database.py:101 - INFO - 保存成功：東方青帖・拂曉之櫻
2026-08-30 01:14:20 - mkk_pika - main.py:35 - INFO - 开始检查Usamania01是否存在未下载章节
2026-08-30 01:14:20 - mkk_pika - main.py:45 - INFO - 正在下载:[Usamania01]-[Usacastle (うさ城まに)]-[['短篇', '全彩', '同人']]-[total_pages:20]
2026-08-30 01:14:20 - mkk_pika - main.py:49 - INFO - [{'_id': '5c7b6b25675be610e09917a2', 'title': '第1集', 'order': 1, 'updated_at': '2019-03-03T03:54:22.902Z', 'id': '5c7b6b25675be610e09917a2'}]
2026-08-30 01:14:20 - mkk_pika - database.py:215 - INFO - 第一次下载该漫画，记录数据库中
2026-08-30 01:14:21 - mkk_pika - main.py:83 - INFO - 找到 20 张图片在:第1集
2026-08-30 01:14:21 - mkk_pika - main.py:112 - INFO - [episode:第1集       ] downloaded:    20, total:  20, progress:100%
2026-08-30 01:14:21 - mkk_pika - database.py:238 - INFO - 数据库更新已下载章节
2026-08-30 01:14:21 - mkk_pika - database.py:244 - INFO - 该漫画已下载章节如下
2026-08-30 01:14:21 - mkk_pika - database.py:245 - INFO - ['第1集']
2026-08-30 01:14:23 - mkk_pika - main.py:348 - INFO - ==================== 漫画信息 ====================
                                   漫画ID：5c7b6b25675be610e09917a1
                                   标题：Usamania01
                                   作者：Usacastle (うさ城まに)
                                   是否完结：是
                                   总页数：20
                                   分类：短篇,全彩,同人
                                   章节数：1
                                   最后更新时间：2019-03-03T05:50:29.577Z
                                   =================================================
2026-08-30 01:14:23 - mkk_pika - database.py:101 - INFO - 保存成功：Usamania01
2026-08-30 01:14:23 - mkk_pika - main.py:35 - INFO - 开始检查(COMIC1☆13) ふぇちこれ VOL.07 後編 (艦隊これくしょん -艦これ-) 是否存在未下载章节
2026-08-30 01:14:23 - mkk_pika - main.py:45 - INFO - 正在下载:[(COMIC1☆13) ふぇちこれ VOL.07 後編 (艦隊これくしょん -艦これ-) ]-[自宅vacation (うるりひ)]-[['同人', '短篇', '艦隊收藏']]-[total_pages:29]
2026-08-30 01:14:23 - mkk_pika - main.py:49 - INFO - [{'_id': '5c7b6b56675be610e09917b9', 'title': '第1集', 'order': 1, 'updated_at': '2019-03-03T04:00:31.106Z', 'id': '5c7b6b56675be610e09917b9'}]
2026-08-30 01:14:23 - mkk_pika - database.py:215 - INFO - 第一次下载该漫画，记录数据库中
2026-08-30 01:14:23 - mkk_pika - main.py:83 - INFO - 找到 29 张图片在:第1集
2026-08-30 01:14:24 - mkk_pika - main.py:112 - INFO - [episode:第1集       ] downloaded:    29, total:  29, progress:100%
2026-08-30 01:14:24 - mkk_pika - database.py:238 - INFO - 数据库更新已下载章节
2026-08-30 01:14:24 - mkk_pika - database.py:244 - INFO - 该漫画已下载章节如下
2026-08-30 01:14:24 - mkk_pika - database.py:245 - INFO - ['第1集']
2026-08-30 01:14:26 - mkk_pika - main.py:348 - INFO - ==================== 漫画信息 ====================
                                   漫画ID：5c7b6b56675be610e09917b8
                                   标题：(COMIC1☆13) ふぇちこれ VOL.07 後編 (艦隊これくしょん -艦これ-) 
                                   作者：自宅vacation (うるりひ)
                                   是否完结：是
                                   总页数：29
                                   分类：同人,短篇,艦隊收藏
                                   章节数：1
                                   最后更新时间：2019-03-03T05:51:18.488Z
                                   =================================================
2026-08-30 01:14:26 - mkk_pika - database.py:101 - INFO - 保存成功：(COMIC1☆13) ふぇちこれ VOL.07 後編 (艦隊これくしょん -艦これ-) 
2026-08-30 01:14:26 - mkk_pika - main.py:35 - INFO - 开始检查やさしいまほお姉ちゃん + おまけコピ本 (ガールズ&パンツァー)是否存在未下载章节
2026-08-30 01:14:26 - mkk_pika - main.py:45 - INFO - 正在下载:[やさしいまほお姉ちゃん + おまけコピ本 (ガールズ&パンツァー)]-[白銀木犀 (ぽし)]-[['短篇', '同人', '純愛']]-[total_pages:31]
2026-08-30 01:14:26 - mkk_pika - main.py:49 - INFO - [{'_id': '5c7b6b686383f321e974bde1', 'title': '第1集', 'order': 1, 'updated_at': '2019-03-03T04:02:03.125Z', 'id': '5c7b6b686383f321e974bde1'}]
2026-08-30 01:14:26 - mkk_pika - database.py:215 - INFO - 第一次下载该漫画，记录数据库中
2026-08-30 01:14:26 - mkk_pika - main.py:83 - INFO - 找到 31 张图片在:第1集
2026-08-30 01:14:28 - mkk_pika - main.py:112 - INFO - [episode:第1集       ] downloaded:    31, total:  31, progress:100%
2026-08-30 01:14:28 - mkk_pika - database.py:238 - INFO - 数据库更新已下载章节
2026-08-30 01:14:28 - mkk_pika - database.py:244 - INFO - 该漫画已下载章节如下
2026-08-30 01:14:28 - mkk_pika - database.py:245 - INFO - ['第1集']
2026-08-30 01:14:29 - mkk_pika - main.py:348 - INFO - ==================== 漫画信息 ====================
                                   漫画ID：5c7b6b686383f321e974bde0
                                   标题：やさしいまほお姉ちゃん + おまけコピ本 (ガールズ&パンツァー)
                                   作者：白銀木犀 (ぽし)
                                   是否完结：是
                                   总页数：31
                                   分类：短篇,同人,純愛
                                   章节数：1
                                   最后更新时间：2019-03-03T05:51:36.684Z
                                   =================================================
2026-08-30 01:14:29 - mkk_pika - database.py:101 - INFO - 保存成功：やさしいまほお姉ちゃん + おまけコピ本 (ガールズ&パンツァー)
2026-08-30 01:14:29 - mkk_pika - main.py:35 - INFO - 开始检查スローリザレクション是否存在未下载章节
2026-08-30 01:14:29 - mkk_pika - main.py:45 - INFO - 正在下载:[スローリザレクション]-[こな]-[['同人', '短篇', '純愛', '百合花園', '東方']]-[total_pages:27]
2026-08-30 01:14:29 - mkk_pika - main.py:49 - INFO - [{'_id': '5c7b6b8742457b11e313d6a0', 'title': '第1集', 'order': 1, 'updated_at': '2019-03-03T04:07:23.228Z', 'id': '5c7b6b8742457b11e313d6a0'}]
2026-08-30 01:14:29 - mkk_pika - database.py:215 - INFO - 第一次下载该漫画，记录数据库中
2026-08-30 01:14:30 - mkk_pika - main.py:83 - INFO - 找到 27 张图片在:第1集
2026-08-30 01:14:31 - mkk_pika - main.py:112 - INFO - [episode:第1集       ] downloaded:    27, total:  27, progress:100%
2026-08-30 01:14:31 - mkk_pika - database.py:238 - INFO - 数据库更新已下载章节
2026-08-30 01:14:31 - mkk_pika - database.py:244 - INFO - 该漫画已下载章节如下
2026-08-30 01:14:31 - mkk_pika - database.py:245 - INFO - ['第1集']
2026-08-30 01:14:32 - mkk_pika - main.py:348 - INFO - ==================== 漫画信息 ====================
                                   漫画ID：5c7b6b8742457b11e313d69f
                                   标题：スローリザレクション
                                   作者：こな
                                   是否完结：是
                                   总页数：27
                                   分类：同人,短篇,純愛,百合花園,東方
                                   章节数：1
                                   最后更新时间：2019-03-03T05:52:07.697Z
                                   =================================================
2026-08-30 01:14:32 - mkk_pika - database.py:101 - INFO - 保存成功：スローリザレクション
2026-08-30 01:14:32 - mkk_pika - main.py:35 - INFO - 开始检查母に渡した修学旅行土産が日本では販売禁止の強力精力剤入りチョコだった件是否存在未下载章节
2026-08-30 01:14:32 - mkk_pika - main.py:45 - INFO - 正在下载:[母に渡した修学旅行土産が日本では販売禁止の強力精力剤入りチョコだった件]-[崖っぷち工房]-[['短篇', '全彩', '人妻']]-[total_pages:49]
2026-08-30 01:14:32 - mkk_pika - main.py:49 - INFO - [{'_id': '5c7b6b93e88f0a10da983f17', 'title': '第1集', 'order': 1, 'updated_at': '2019-03-03T04:13:28.790Z', 'id': '5c7b6b93e88f0a10da983f17'}]
2026-08-30 01:14:32 - mkk_pika - database.py:215 - INFO - 第一次下载该漫画，记录数据库中
2026-08-30 01:14:33 - mkk_pika - main.py:83 - INFO - 找到 49 张图片在:第1集
2026-08-30 01:14:35 - mkk_pika - main.py:112 - INFO - [episode:第1集       ] downloaded:    49, total:  49, progress:100%
2026-08-30 01:14:35 - mkk_pika - database.py:238 - INFO - 数据库更新已下载章节
2026-08-30 01:14:35 - mkk_pika - database.py:244 - INFO - 该漫画已下载章节如下
2026-08-30 01:14:35 - mkk_pika - database.py:245 - INFO - ['第1集']
2026-08-30 01:14:36 - mkk_pika - main.py:348 - INFO - ==================== 漫画信息 ====================
                                   漫画ID：5c7b6b93e88f0a10da983f16
                                   标题：母に渡した修学旅行土産が日本では販売禁止の強力精力剤入りチョコだった件
                                   作者：崖っぷち工房
                                   是否完结：是
                                   总页数：49
                                   分类：短篇,全彩,人妻
                                   章节数：1
                                   最后更新时间：2019-03-03T05:52:19.237Z
                                   =================================================
2026-08-30 01:14:36 - mkk_pika - database.py:101 - INFO - 保存成功：母に渡した修学旅行土産が日本では販売禁止の強力精力剤入りチョコだった件
2026-08-30 01:14:36 - mkk_pika - main.py:35 - INFO - 开始检查悪戯は妖精の本能です (東方Project)是否存在未下载章节
2026-08-30 01:14:37 - mkk_pika - main.py:45 - INFO - 正在下载:[悪戯は妖精の本能です (東方Project)]-[IncluDe (ふぅりすと)]-[['短篇', '同人', '東方']]-[total_pages:23]
2026-08-30 01:14:37 - mkk_pika - main.py:49 - INFO - [{'_id': '5c7b6bb99b0f6b1108886293', 'title': '第1集', 'order': 1, 'updated_at': '2019-03-03T04:25:05.806Z', 'id': '5c7b6bb99b0f6b1108886293'}]
2026-08-30 01:14:37 - mkk_pika - database.py:215 - INFO - 第一次下载该漫画，记录数据库中
2026-08-30 01:14:37 - mkk_pika - main.py:83 - INFO - 找到 23 张图片在:第1集
2026-08-30 01:14:38 - mkk_pika - main.py:112 - INFO - [episode:第1集       ] downloaded:    23, total:  23, progress:100%
2026-08-30 01:14:38 - mkk_pika - database.py:238 - INFO - 数据库更新已下载章节
2026-08-30 01:14:38 - mkk_pika - database.py:244 - INFO - 该漫画已下载章节如下
2026-08-30 01:14:38 - mkk_pika - database.py:245 - INFO - ['第1集']
2026-08-30 01:14:39 - mkk_pika - main.py:348 - INFO - ==================== 漫画信息 ====================
                                   漫画ID：5c7b6bb99b0f6b1108886292
                                   标题：悪戯は妖精の本能です (東方Project)
                                   作者：IncluDe (ふぅりすと)
                                   是否完结：是
                                   总页数：23
                                   分类：短篇,同人,東方
                                   章节数：1
                                   最后更新时间：2019-03-03T05:52:57.030Z
                                   =================================================
2026-08-30 01:14:39 - mkk_pika - database.py:101 - INFO - 保存成功：悪戯は妖精の本能です (東方Project)
2026-08-30 01:14:39 - mkk_pika - main.py:35 - INFO - 开始检查(C83) せわやきモリサマーはダメなちんぽをほっとけない (中二病でも恋がしたい!)是否存在未下载章节
2026-08-30 01:14:40 - mkk_pika - main.py:45 - INFO - 正在下载:[(C83) せわやきモリサマーはダメなちんぽをほっとけない (中二病でも恋がしたい!)]-[あしたから頑張る (止田卓史)]-[['同人', '短篇']]-[total_pages:25]
2026-08-30 01:14:40 - mkk_pika - main.py:49 - INFO - [{'_id': '5c7b6bcb9b0f6b11088862ac', 'title': '第1集', 'order': 1, 'updated_at': '2019-03-03T05:10:30.030Z', 'id': '5c7b6bcb9b0f6b11088862ac'}]
2026-08-30 01:14:40 - mkk_pika - database.py:215 - INFO - 第一次下载该漫画，记录数据库中
2026-08-30 01:14:40 - mkk_pika - main.py:83 - INFO - 找到 25 张图片在:第1集
2026-08-30 01:14:41 - mkk_pika - main.py:112 - INFO - [episode:第1集       ] downloaded:    25, total:  25, progress:100%
2026-08-30 01:14:41 - mkk_pika - database.py:238 - INFO - 数据库更新已下载章节
2026-08-30 01:14:41 - mkk_pika - database.py:244 - INFO - 该漫画已下载章节如下
2026-08-30 01:14:41 - mkk_pika - database.py:245 - INFO - ['第1集']
2026-08-30 01:14:42 - mkk_pika - main.py:348 - INFO - ==================== 漫画信息 ====================
                                   漫画ID：5c7b6bcb9b0f6b11088862ab
                                   标题：(C83) せわやきモリサマーはダメなちんぽをほっとけない (中二病でも恋がしたい!)
                                   作者：あしたから頑張る (止田卓史)
                                   是否完结：是
                                   总页数：25
                                   分类：同人,短篇
                                   章节数：1
                                   最后更新时间：2019-03-03T05:53:15.117Z
                                   =================================================
2026-08-30 01:14:42 - mkk_pika - database.py:101 - INFO - 保存成功：(C83) せわやきモリサマーはダメなちんぽをほっとけない (中二病でも恋がしたい!)
2026-08-30 01:14:42 - mkk_pika - main.py:35 - INFO - 开始检查ぷにかの [無修正]是否存在未下载章节
2026-08-30 01:14:43 - mkk_pika - main.py:45 - INFO - 正在下载:[ぷにかの [無修正]]-[ぴょん吉]-[['長篇', '後宮閃光', '姐姐系', '妹妹系', '單行本', '強暴']]-[total_pages:226]
2026-08-30 01:14:43 - mkk_pika - main.py:49 - INFO - [{'_id': '5c7b6bd4d8619921c2af1e5b', 'title': '第1集', 'order': 1, 'updated_at': '2019-03-03T05:26:28.313Z', 'id': '5c7b6bd4d8619921c2af1e5b'}]
2026-08-30 01:14:43 - mkk_pika - database.py:215 - INFO - 第一次下载该漫画，记录数据库中
2026-08-30 01:14:45 - mkk_pika - main.py:83 - INFO - 找到 226 张图片在:第1集
2026-08-30 01:14:53 - mkk_pika - main.py:112 - INFO - [episode:第1集       ] downloaded:   226, total: 226, progress:100%
2026-08-30 01:14:53 - mkk_pika - database.py:238 - INFO - 数据库更新已下载章节
2026-08-30 01:14:53 - mkk_pika - database.py:244 - INFO - 该漫画已下载章节如下
2026-08-30 01:14:53 - mkk_pika - database.py:245 - INFO - ['第1集']
2026-08-30 01:14:54 - mkk_pika - main.py:348 - INFO - ==================== 漫画信息 ====================
                                   漫画ID：5821925c5f6b9a4f93e56d57
                                   标题：ぷにかの [無修正]
                                   作者：ぴょん吉
                                   是否完结：是
                                   总页数：226
                                   分类：長篇,後宮閃光,姐姐系,妹妹系,單行本,強暴
                                   章节数：1
                                   最后更新时间：2019-03-03T05:53:24.166Z
                                   =================================================
2026-08-30 01:14:54 - mkk_pika - database.py:101 - INFO - 保存成功：ぷにかの [無修正]
2026-08-30 01:14:54 - mkk_pika - main.py:35 - INFO - 开始检查コヨリポ (COMIC快楽天 2016年5月号)是否存在未下载章节
2026-08-30 01:14:55 - mkk_pika - main.py:45 - INFO - 正在下载:[コヨリポ (COMIC快楽天 2016年5月号)]-[40010試作型]-[['短篇', '純愛']]-[total_pages:25]
2026-08-30 01:14:55 - mkk_pika - main.py:49 - INFO - [{'_id': '5c7b6bde674e61789b517b12', 'title': '第1集', 'order': 1, 'updated_at': '2019-03-03T05:39:02.188Z', 'id': '5c7b6bde674e61789b517b12'}]
2026-08-30 01:14:55 - mkk_pika - database.py:215 - INFO - 第一次下载该漫画，记录数据库中
2026-08-30 01:14:55 - mkk_pika - main.py:83 - INFO - 找到 25 张图片在:第1集
2026-08-30 01:14:57 - mkk_pika - main.py:112 - INFO - [episode:第1集       ] downloaded:    25, total:  25, progress:100%
2026-08-30 01:14:57 - mkk_pika - database.py:238 - INFO - 数据库更新已下载章节
2026-08-30 01:14:57 - mkk_pika - database.py:244 - INFO - 该漫画已下载章节如下
2026-08-30 01:14:57 - mkk_pika - database.py:245 - INFO - ['第1集']
2026-08-30 01:14:58 - mkk_pika - main.py:348 - INFO - ==================== 漫画信息 ====================
                                   漫画ID：5c7b6bde674e61789b517b11
                                   标题：コヨリポ (COMIC快楽天 2016年5月号)
                                   作者：40010試作型
                                   是否完结：是
                                   总页数：25
                                   分类：短篇,純愛
                                   章节数：1
                                   最后更新时间：2019-03-03T05:53:34.619Z
                                   =================================================
2026-08-30 01:14:58 - mkk_pika - database.py:101 - INFO - 保存成功：コヨリポ (COMIC快楽天 2016年5月号)
2026-08-30 01:14:58 - mkk_pika - main.py:35 - INFO - 开始检查乙女堕ち 乙女墮落是否存在未下载章节
2026-08-30 01:14:58 - mkk_pika - main.py:45 - INFO - 正在下载:[乙女堕ち 乙女墮落]-[不二河聡]-[['單行本', '長篇', '姐姐系', '妹妹系', 'SM', '人妻', 'NTR', '強暴']]-[total_pages:197]
2026-08-30 01:14:58 - mkk_pika - main.py:49 - INFO - [{'_id': '5c7be939e5861f1211908f21', 'title': '乙女墮落的單行本', 'order': 1, 'updated_at': '2019-02-28T12:03:56.604Z', 'id': '5c7be939e5861f1211908f21'}]
2026-08-30 01:14:58 - mkk_pika - database.py:215 - INFO - 第一次下载该漫画，记录数据库中
2026-08-30 01:15:00 - mkk_pika - main.py:83 - INFO - 找到 197 张图片在:乙女墮落的單行本
2026-08-30 01:15:06 - mkk_pika - main.py:112 - INFO - [episode:乙女墮落的單行本  ] downloaded:   197, total: 197, progress:100%
2026-08-30 01:15:06 - mkk_pika - database.py:238 - INFO - 数据库更新已下载章节
2026-08-30 01:15:06 - mkk_pika - database.py:244 - INFO - 该漫画已下载章节如下
2026-08-30 01:15:06 - mkk_pika - database.py:245 - INFO - ['乙女墮落的單行本']
2026-08-30 01:15:07 - mkk_pika - main.py:348 - INFO - ==================== 漫画信息 ====================
                                   漫画ID：5c7be939e5861f1211908f20
                                   标题：乙女堕ち 乙女墮落
                                   作者：不二河聡
                                   是否完结：是
                                   总页数：197
                                   分类：單行本,長篇,姐姐系,妹妹系,SM,人妻,NTR,強暴
                                   章节数：1
                                   最后更新时间：2019-03-03T14:48:25.312Z
                                   =================================================
2026-08-30 01:15:07 - mkk_pika - database.py:101 - INFO - 保存成功：乙女堕ち 乙女墮落
2026-08-30 01:15:07 - mkk_pika - main.py:35 - INFO - 开始检查サクラサク (COMIC快楽天 2019年4月号) [MJK-19-Z1546]是否存在未下载章节
2026-08-30 01:15:07 - mkk_pika - main.py:45 - INFO - 正在下载:[サクラサク (COMIC快楽天 2019年4月号) [MJK-19-Z1546]]-[ホムンクルス]-[['短篇', '純愛']]-[total_pages:19]
2026-08-30 01:15:07 - mkk_pika - main.py:49 - INFO - [{'_id': '5c7c77fa93941078705a635d', 'title': '第1集', 'order': 1, 'updated_at': '2019-03-03T05:49:31.107Z', 'id': '5c7c77fa93941078705a635d'}]
2026-08-30 01:15:07 - mkk_pika - database.py:215 - INFO - 第一次下载该漫画，记录数据库中
2026-08-30 01:15:08 - mkk_pika - main.py:83 - INFO - 找到 19 张图片在:第1集
2026-08-30 01:15:09 - mkk_pika - main.py:112 - INFO - [episode:第1集       ] downloaded:    19, total:  19, progress:100%
2026-08-30 01:15:09 - mkk_pika - database.py:238 - INFO - 数据库更新已下载章节
2026-08-30 01:15:09 - mkk_pika - database.py:244 - INFO - 该漫画已下载章节如下
2026-08-30 01:15:09 - mkk_pika - database.py:245 - INFO - ['第1集']
2026-08-30 01:15:10 - mkk_pika - main.py:348 - INFO - ==================== 漫画信息 ====================
                                   漫画ID：5c7c77fa93941078705a635c
                                   标题：サクラサク (COMIC快楽天 2019年4月号) [MJK-19-Z1546]
                                   作者：ホムンクルス
                                   是否完结：是
                                   总页数：19
                                   分类：短篇,純愛
                                   章节数：1
                                   最后更新时间：2019-03-04T00:57:30.947Z
                                   =================================================
2026-08-30 01:15:10 - mkk_pika - database.py:101 - INFO - 保存成功：サクラサク (COMIC快楽天 2019年4月号) [MJK-19-Z1546]
2026-08-30 01:15:10 - mkk_pika - main.py:35 - INFO - 开始检查赤裸特工是否存在未下载章节
2026-08-30 01:15:11 - mkk_pika - main.py:45 - INFO - 正在下载:[赤裸特工]-[feather]-[['全彩', '長篇', '強暴']]-[total_pages:137]
2026-08-30 01:15:11 - mkk_pika - main.py:49 - INFO - [{'_id': '5c7c78131dfd9778954a149f', 'title': '1.战胜', 'order': 1, 'updated_at': '2019-03-03T05:35:43.035Z', 'id': '5c7c78131dfd9778954a149f'}, {'_id': '5c7c78131dfd9778954a14a0', 'title': '2.营救', 'order': 2, 'updated_at': '2019-03-03T05:45:09.459Z', 'id': '5c7c78131dfd9778954a14a0'}, {'_id': '5c7c78131dfd9778954a14a1', 'title': '3.疯狂', 'order': 3, 'updated_at': '2019-03-03T05:51:42.826Z', 'id': '5c7c78131dfd9778954a14a1'}]
2026-08-30 01:15:11 - mkk_pika - database.py:215 - INFO - 第一次下载该漫画，记录数据库中
2026-08-30 01:15:11 - mkk_pika - main.py:83 - INFO - 找到 46 张图片在:1.战胜
2026-08-30 01:15:13 - mkk_pika - main.py:112 - INFO - [episode:1.战胜      ] downloaded:    46, total:  46, progress:100%
2026-08-30 01:15:13 - mkk_pika - database.py:238 - INFO - 数据库更新已下载章节
2026-08-30 01:15:13 - mkk_pika - database.py:244 - INFO - 该漫画已下载章节如下
2026-08-30 01:15:13 - mkk_pika - database.py:245 - INFO - ['1.战胜']
2026-08-30 01:15:15 - mkk_pika - main.py:83 - INFO - 找到 41 张图片在:2.营救
2026-08-30 01:15:16 - mkk_pika - main.py:112 - INFO - [episode:2.营救      ] downloaded:    41, total:  41, progress:100%
2026-08-30 01:15:16 - mkk_pika - database.py:238 - INFO - 数据库更新已下载章节
2026-08-30 01:15:16 - mkk_pika - database.py:244 - INFO - 该漫画已下载章节如下
2026-08-30 01:15:16 - mkk_pika - database.py:245 - INFO - ['1.战胜', '2.营救']
2026-08-30 01:15:18 - mkk_pika - main.py:83 - INFO - 找到 50 张图片在:3.疯狂
2026-08-30 01:15:20 - mkk_pika - main.py:112 - INFO - [episode:3.疯狂      ] downloaded:    50, total:  50, progress:100%
2026-08-30 01:15:20 - mkk_pika - database.py:238 - INFO - 数据库更新已下载章节
2026-08-30 01:15:20 - mkk_pika - database.py:244 - INFO - 该漫画已下载章节如下
2026-08-30 01:15:20 - mkk_pika - database.py:245 - INFO - ['1.战胜', '2.营救', '3.疯狂']
2026-08-30 01:15:21 - mkk_pika - main.py:348 - INFO - ==================== 漫画信息 ====================
                                   漫画ID：5c7c78131dfd9778954a149e
                                   标题：赤裸特工
                                   作者：feather
                                   是否完结：是
                                   总页数：137
                                   分类：全彩,長篇,強暴
                                   章节数：3
                                   最后更新时间：2019-03-04T00:57:55.209Z
                                   =================================================
2026-08-30 01:15:21 - mkk_pika - database.py:101 - INFO - 保存成功：赤裸特工
2026-08-30 01:15:21 - mkk_pika - main.py:35 - INFO - 开始检查VANILLA2 (艦隊これくしょん -艦これ-)是否存在未下载章节
2026-08-30 01:15:21 - mkk_pika - main.py:45 - INFO - 正在下载:[VANILLA2 (艦隊これくしょん -艦これ-)]-[N.S Craft (さいもん)]-[['短篇', '同人', '艦隊收藏', '後宮閃光']]-[total_pages:31]
2026-08-30 01:15:21 - mkk_pika - main.py:49 - INFO - [{'_id': '5c7c78ae93941078705a6375', 'title': '第1集', 'order': 1, 'updated_at': '2019-03-03T06:18:24.442Z', 'id': '5c7c78ae93941078705a6375'}]
2026-08-30 01:15:21 - mkk_pika - database.py:215 - INFO - 第一次下载该漫画，记录数据库中
2026-08-30 01:15:22 - mkk_pika - main.py:83 - INFO - 找到 31 张图片在:第1集
2026-08-30 01:15:23 - mkk_pika - main.py:112 - INFO - [episode:第1集       ] downloaded:    31, total:  31, progress:100%
2026-08-30 01:15:23 - mkk_pika - database.py:238 - INFO - 数据库更新已下载章节
2026-08-30 01:15:23 - mkk_pika - database.py:244 - INFO - 该漫画已下载章节如下
2026-08-30 01:15:23 - mkk_pika - database.py:245 - INFO - ['第1集']
2026-08-30 01:15:25 - mkk_pika - main.py:348 - INFO - ==================== 漫画信息 ====================
                                   漫画ID：5c7c78ae93941078705a6374
                                   标题：VANILLA2 (艦隊これくしょん -艦これ-)
                                   作者：N.S Craft (さいもん)
                                   是否完结：是
                                   总页数：31
                                   分类：短篇,同人,艦隊收藏,後宮閃光
                                   章节数：1
                                   最后更新时间：2019-03-04T01:00:30.610Z
                                   =================================================
2026-08-30 01:15:25 - mkk_pika - database.py:101 - INFO - 保存成功：VANILLA2 (艦隊これくしょん -艦これ-)
2026-08-30 01:15:25 - mkk_pika - main.py:35 - INFO - 开始检查新星选拔赛是否存在未下载章节
2026-08-30 01:15:25 - mkk_pika - main.py:45 - INFO - 正在下载:[新星选拔赛]-[feather]-[['全彩', '短篇', '強暴', 'SM']]-[total_pages:52]
2026-08-30 01:15:25 - mkk_pika - main.py:49 - INFO - [{'_id': '5c7c78cac49b251117a3bfc4', 'title': '第1集', 'order': 1, 'updated_at': '2019-03-03T06:21:35.288Z', 'id': '5c7c78cac49b251117a3bfc4'}]
2026-08-30 01:15:25 - mkk_pika - database.py:215 - INFO - 第一次下载该漫画，记录数据库中
2026-08-30 01:15:26 - mkk_pika - main.py:83 - INFO - 找到 52 张图片在:第1集
2026-08-30 01:15:27 - mkk_pika - main.py:112 - INFO - [episode:第1集       ] downloaded:    52, total:  52, progress:100%
2026-08-30 01:15:27 - mkk_pika - database.py:238 - INFO - 数据库更新已下载章节
2026-08-30 01:15:27 - mkk_pika - database.py:244 - INFO - 该漫画已下载章节如下
2026-08-30 01:15:27 - mkk_pika - database.py:245 - INFO - ['第1集']
2026-08-30 01:15:29 - mkk_pika - main.py:348 - INFO - ==================== 漫画信息 ====================
                                   漫画ID：5c7c78cac49b251117a3bfc3
                                   标题：新星选拔赛
                                   作者：feather
                                   是否完结：是
                                   总页数：52
                                   分类：全彩,短篇,強暴,SM
                                   章节数：1
                                   最后更新时间：2019-03-04T01:00:58.095Z
                                   =================================================
2026-08-30 01:15:29 - mkk_pika - database.py:101 - INFO - 保存成功：新星选拔赛
2026-08-30 01:15:29 - mkk_pika - main.py:35 - INFO - 开始检查催眠異変 伍 -Blind Justice- (東方Project)是否存在未下载章节
2026-08-30 01:15:29 - mkk_pika - main.py:45 - INFO - 正在下载:[催眠異変 伍 -Blind Justice- (東方Project)]-[IncluDe (ふぅりすと)]-[['短篇', '同人', '東方', '扶他樂園']]-[total_pages:36]
2026-08-30 01:15:29 - mkk_pika - main.py:49 - INFO - [{'_id': '5c7c78e4674e61789b51853d', 'title': '第1集', 'order': 1, 'updated_at': '2019-03-03T06:24:47.388Z', 'id': '5c7c78e4674e61789b51853d'}]
2026-08-30 01:15:29 - mkk_pika - database.py:215 - INFO - 第一次下载该漫画，记录数据库中
2026-08-30 01:15:30 - mkk_pika - main.py:83 - INFO - 找到 36 张图片在:第1集
2026-08-30 01:15:31 - mkk_pika - main.py:112 - INFO - [episode:第1集       ] downloaded:    36, total:  36, progress:100%
2026-08-30 01:15:31 - mkk_pika - database.py:238 - INFO - 数据库更新已下载章节
2026-08-30 01:15:31 - mkk_pika - database.py:244 - INFO - 该漫画已下载章节如下
2026-08-30 01:15:31 - mkk_pika - database.py:245 - INFO - ['第1集']
2026-08-30 01:15:32 - mkk_pika - main.py:348 - INFO - ==================== 漫画信息 ====================
                                   漫画ID：5c7c78e4674e61789b51853c
                                   标题：催眠異変 伍 -Blind Justice- (東方Project)
                                   作者：IncluDe (ふぅりすと)
                                   是否完结：是
                                   总页数：36
                                   分类：短篇,同人,東方,扶他樂園
                                   章节数：1
                                   最后更新时间：2019-03-04T01:01:24.338Z
                                   =================================================
2026-08-30 01:15:32 - mkk_pika - database.py:101 - INFO - 保存成功：催眠異変 伍 -Blind Justice- (東方Project)
2026-08-30 01:15:32 - mkk_pika - main.py:35 - INFO - 开始检查 毒のあまいつかいみち (Fate/Grand Order)是否存在未下载章节
2026-08-30 01:15:33 - mkk_pika - main.py:45 - INFO - 正在下载:[ 毒のあまいつかいみち (Fate/Grand Order)]-[サークルフィオレ (えかきびと)]-[['短篇', '同人', 'Fate']]-[total_pages:33]
2026-08-30 01:15:33 - mkk_pika - main.py:49 - INFO - [{'_id': '5c7c7927674e61789b518563', 'title': '第1集', 'order': 1, 'updated_at': '2019-03-03T06:31:50.369Z', 'id': '5c7c7927674e61789b518563'}]
2026-08-30 01:15:33 - mkk_pika - database.py:215 - INFO - 第一次下载该漫画，记录数据库中
2026-08-30 01:15:33 - mkk_pika - main.py:83 - INFO - 找到 33 张图片在:第1集
2026-08-30 01:15:35 - mkk_pika - main.py:112 - INFO - [episode:第1集       ] downloaded:    33, total:  33, progress:100%
2026-08-30 01:15:35 - mkk_pika - database.py:238 - INFO - 数据库更新已下载章节
2026-08-30 01:15:35 - mkk_pika - database.py:244 - INFO - 该漫画已下载章节如下
2026-08-30 01:15:35 - mkk_pika - database.py:245 - INFO - ['第1集']
2026-08-30 01:15:36 - mkk_pika - main.py:348 - INFO - ==================== 漫画信息 ====================
                                   漫画ID：5c7c7927674e61789b518562
                                   标题： 毒のあまいつかいみち (Fate/Grand Order)
                                   作者：サークルフィオレ (えかきびと)
                                   是否完结：是
                                   总页数：33
                                   分类：短篇,同人,Fate
                                   章节数：1
                                   最后更新时间：2019-03-04T01:02:31.140Z
                                   =================================================
2026-08-30 01:15:36 - mkk_pika - database.py:101 - INFO - 保存成功： 毒のあまいつかいみち (Fate/Grand Order)
2026-08-30 01:15:36 - mkk_pika - main.py:35 - INFO - 开始检查動かざること山風ちゃんif (艦隊これくしょん -艦これ-)是否存在未下载章节
2026-08-30 01:15:36 - mkk_pika - main.py:45 - INFO - 正在下载:[動かざること山風ちゃんif (艦隊これくしょん -艦これ-)]-[ヤッてみよう! (ヤッペン)]-[['短篇', '同人', '艦隊收藏', '純愛']]-[total_pages:24]
2026-08-30 01:15:36 - mkk_pika - main.py:49 - INFO - [{'_id': '5c7c7a9dc49b251117a3bffb', 'title': '第1集', 'order': 1, 'updated_at': '2019-03-03T06:38:37.032Z', 'id': '5c7c7a9dc49b251117a3bffb'}]
2026-08-30 01:15:36 - mkk_pika - database.py:215 - INFO - 第一次下载该漫画，记录数据库中
2026-08-30 01:15:37 - mkk_pika - main.py:83 - INFO - 找到 24 张图片在:第1集
2026-08-30 01:15:38 - mkk_pika - main.py:112 - INFO - [episode:第1集       ] downloaded:    24, total:  24, progress:100%
2026-08-30 01:15:38 - mkk_pika - database.py:238 - INFO - 数据库更新已下载章节
2026-08-30 01:15:38 - mkk_pika - database.py:244 - INFO - 该漫画已下载章节如下
2026-08-30 01:15:38 - mkk_pika - database.py:245 - INFO - ['第1集']
2026-08-30 01:15:39 - mkk_pika - main.py:348 - INFO - ==================== 漫画信息 ====================
                                   漫画ID：5c7c7a9dc49b251117a3bffa
                                   标题：動かざること山風ちゃんif (艦隊これくしょん -艦これ-)
                                   作者：ヤッてみよう! (ヤッペン)
                                   是否完结：是
                                   总页数：24
                                   分类：短篇,同人,艦隊收藏,純愛
                                   章节数：1
                                   最后更新时间：2019-03-04T01:08:45.900Z
                                   =================================================
2026-08-30 01:15:39 - mkk_pika - database.py:101 - INFO - 保存成功：動かざること山風ちゃんif (艦隊これくしょん -艦これ-)
2026-08-30 01:15:39 - mkk_pika - main.py:35 - INFO - 开始检查(C95)艦娘商事 衣笠編 (艦隊これくしょん -艦これ-)是否存在未下载章节
2026-08-30 01:15:39 - mkk_pika - main.py:45 - INFO - 正在下载:[(C95)艦娘商事 衣笠編 (艦隊これくしょん -艦これ-)]-[8cm (8000)]-[['短篇', '同人', '艦隊收藏']]-[total_pages:23]
2026-08-30 01:15:39 - mkk_pika - main.py:49 - INFO - [{'_id': '5c7c7c3593941078705a63bb', 'title': '第1集', 'order': 1, 'updated_at': '2019-03-03T09:58:21.022Z', 'id': '5c7c7c3593941078705a63bb'}]
2026-08-30 01:15:39 - mkk_pika - database.py:215 - INFO - 第一次下载该漫画，记录数据库中
2026-08-30 01:15:40 - mkk_pika - main.py:83 - INFO - 找到 23 张图片在:第1集
2026-08-30 01:15:41 - mkk_pika - main.py:112 - INFO - [episode:第1集       ] downloaded:    23, total:  23, progress:100%
2026-08-30 01:15:41 - mkk_pika - database.py:238 - INFO - 数据库更新已下载章节
2026-08-30 01:15:41 - mkk_pika - database.py:244 - INFO - 该漫画已下载章节如下
2026-08-30 01:15:41 - mkk_pika - database.py:245 - INFO - ['第1集']
2026-08-30 01:15:42 - mkk_pika - main.py:348 - INFO - ==================== 漫画信息 ====================
                                   漫画ID：5c7c7c3593941078705a63ba
                                   标题：(C95)艦娘商事 衣笠編 (艦隊これくしょん -艦これ-)
                                   作者：8cm (8000)
                                   是否完结：是
                                   总页数：23
                                   分类：短篇,同人,艦隊收藏
                                   章节数：1
                                   最后更新时间：2019-03-04T01:15:33.988Z
                                   =================================================
2026-08-30 01:15:42 - mkk_pika - database.py:101 - INFO - 保存成功：(C95)艦娘商事 衣笠編 (艦隊これくしょん -艦これ-)
2026-08-30 01:15:42 - mkk_pika - main.py:35 - INFO - 开始检查舊作(ロマンシング サ・ガ3) 是否存在未下载章节
2026-08-30 01:15:42 - mkk_pika - main.py:45 - INFO - 正在下载:[舊作(ロマンシング サ・ガ3) ]-[噗大郎]-[['短篇', '同人', '非人類']]-[total_pages:26]
2026-08-30 01:15:42 - mkk_pika - main.py:49 - INFO - [{'_id': '5c7c7c6a93941078705a63d5', 'title': '第1集', 'order': 1, 'updated_at': '2019-03-03T10:02:49.933Z', 'id': '5c7c7c6a93941078705a63d5'}]
2026-08-30 01:15:42 - mkk_pika - database.py:215 - INFO - 第一次下载该漫画，记录数据库中
2026-08-30 01:15:43 - mkk_pika - main.py:83 - INFO - 找到 26 张图片在:第1集
2026-08-30 01:15:44 - mkk_pika - main.py:112 - INFO - [episode:第1集       ] downloaded:    26, total:  26, progress:100%
2026-08-30 01:15:44 - mkk_pika - database.py:238 - INFO - 数据库更新已下载章节
2026-08-30 01:15:44 - mkk_pika - database.py:244 - INFO - 该漫画已下载章节如下
2026-08-30 01:15:44 - mkk_pika - database.py:245 - INFO - ['第1集']
2026-08-30 01:15:45 - mkk_pika - main.py:348 - INFO - ==================== 漫画信息 ====================
                                   漫画ID：5c7c7c6a93941078705a63d4
                                   标题：舊作(ロマンシング サ・ガ3) 
                                   作者：噗大郎
                                   是否完结：是
                                   总页数：26
                                   分类：短篇,同人,非人類
                                   章节数：1
                                   最后更新时间：2019-03-04T01:16:26.318Z
                                   =================================================
2026-08-30 01:15:45 - mkk_pika - database.py:101 - INFO - 保存成功：舊作(ロマンシング サ・ガ3) 
2026-08-30 01:15:45 - mkk_pika - main.py:35 - INFO - 开始检查家に帰ればイリヤが居るや (Fate/Grand Order) （汉化）是否存在未下载章节
2026-08-30 01:15:46 - mkk_pika - main.py:45 - INFO - 正在下载:[家に帰ればイリヤが居るや (Fate/Grand Order) （汉化）]-[ゐるみねゐしょん。 (オガデンモン)]-[['短篇', '同人', 'Fate', '純愛']]-[total_pages:29]
2026-08-30 01:15:46 - mkk_pika - main.py:49 - INFO - [{'_id': '5c7c7c93674e61789b5185de', 'title': '第1集', 'order': 1, 'updated_at': '2019-03-03T10:11:38.051Z', 'id': '5c7c7c93674e61789b5185de'}]
2026-08-30 01:15:46 - mkk_pika - database.py:215 - INFO - 第一次下载该漫画，记录数据库中
2026-08-30 01:15:46 - mkk_pika - main.py:83 - INFO - 找到 29 张图片在:第1集
2026-08-30 01:15:48 - mkk_pika - main.py:112 - INFO - [episode:第1集       ] downloaded:    29, total:  29, progress:100%
2026-08-30 01:15:48 - mkk_pika - database.py:238 - INFO - 数据库更新已下载章节
2026-08-30 01:15:48 - mkk_pika - database.py:244 - INFO - 该漫画已下载章节如下
2026-08-30 01:15:48 - mkk_pika - database.py:245 - INFO - ['第1集']
2026-08-30 01:15:49 - mkk_pika - main.py:348 - INFO - ==================== 漫画信息 ====================
                                   漫画ID：5c7c7c93674e61789b5185dd
                                   标题：家に帰ればイリヤが居るや (Fate/Grand Order) （汉化）
                                   作者：ゐるみねゐしょん。 (オガデンモン)
                                   是否完结：是
                                   总页数：29
                                   分类：短篇,同人,Fate,純愛
                                   章节数：1
                                   最后更新时间：2019-03-04T01:17:07.937Z
                                   =================================================
2026-08-30 01:15:49 - mkk_pika - database.py:101 - INFO - 保存成功：家に帰ればイリヤが居るや (Fate/Grand Order) （汉化）
2026-08-30 01:15:49 - mkk_pika - main.py:35 - INFO - 开始检查それイけ! ぼくらのブラッドたいちょう (ゴッドイーター2)是否存在未下载章节
2026-08-30 01:15:49 - mkk_pika - main.py:45 - INFO - 正在下载:[それイけ! ぼくらのブラッドたいちょう (ゴッドイーター2)]-[Cloud Palette (紅薙ようと、黒夢奈音)]-[['短篇', '同人']]-[total_pages:35]
2026-08-30 01:15:49 - mkk_pika - main.py:49 - INFO - [{'_id': '5c7c7cd2674e61789b5185fe', 'title': '第1集', 'order': 1, 'updated_at': '2019-03-03T10:53:21.790Z', 'id': '5c7c7cd2674e61789b5185fe'}]
2026-08-30 01:15:49 - mkk_pika - database.py:215 - INFO - 第一次下载该漫画，记录数据库中
2026-08-30 01:15:50 - mkk_pika - main.py:83 - INFO - 找到 35 张图片在:第1集
2026-08-30 01:15:51 - mkk_pika - main.py:112 - INFO - [episode:第1集       ] downloaded:    35, total:  35, progress:100%
2026-08-30 01:15:51 - mkk_pika - database.py:238 - INFO - 数据库更新已下载章节
2026-08-30 01:15:51 - mkk_pika - database.py:244 - INFO - 该漫画已下载章节如下
2026-08-30 01:15:51 - mkk_pika - database.py:245 - INFO - ['第1集']
2026-08-30 01:15:53 - mkk_pika - main.py:348 - INFO - ==================== 漫画信息 ====================
                                   漫画ID：5c7c7cd2674e61789b5185fd
                                   标题：それイけ! ぼくらのブラッドたいちょう (ゴッドイーター2)
                                   作者：Cloud Palette (紅薙ようと、黒夢奈音)
                                   是否完结：是
                                   总页数：35
                                   分类：短篇,同人
                                   章节数：1
                                   最后更新时间：2019-03-04T01:18:10.242Z
                                   =================================================
2026-08-30 01:15:53 - mkk_pika - database.py:101 - INFO - 保存成功：それイけ! ぼくらのブラッドたいちょう (ゴッドイーター2)
2026-08-30 01:15:53 - mkk_pika - main.py:35 - INFO - 开始检查(C95)FGOカーニバル21 聖女が水着で積極的に攻めるのは好きですか (Fate/Grand Order)是否存在未下载章节
2026-08-30 01:15:53 - mkk_pika - main.py:45 - INFO - 正在下载:[(C95)FGOカーニバル21 聖女が水着で積極的に攻めるのは好きですか (Fate/Grand Order)]-[萌姫連合 (xin、obiwan)]-[['同人', 'Fate', '短篇', '全彩']]-[total_pages:26]
2026-08-30 01:15:53 - mkk_pika - main.py:49 - INFO - [{'_id': '5c7c7f1ff654337868717e3d', 'title': '第1集', 'order': 1, 'updated_at': '2019-03-03T13:32:58.655Z', 'id': '5c7c7f1ff654337868717e3d'}]
2026-08-30 01:15:53 - mkk_pika - database.py:215 - INFO - 第一次下载该漫画，记录数据库中
2026-08-30 01:15:53 - mkk_pika - main.py:83 - INFO - 找到 26 张图片在:第1集
2026-08-30 01:15:55 - mkk_pika - main.py:112 - INFO - [episode:第1集       ] downloaded:    26, total:  26, progress:100%
2026-08-30 01:15:55 - mkk_pika - database.py:238 - INFO - 数据库更新已下载章节
2026-08-30 01:15:55 - mkk_pika - database.py:244 - INFO - 该漫画已下载章节如下
2026-08-30 01:15:55 - mkk_pika - database.py:245 - INFO - ['第1集']
2026-08-30 01:15:56 - mkk_pika - main.py:348 - INFO - ==================== 漫画信息 ====================
                                   漫画ID：5c7c7f1ff654337868717e3c
                                   标题：(C95)FGOカーニバル21 聖女が水着で積極的に攻めるのは好きですか (Fate/Grand Order)
                                   作者：萌姫連合 (xin、obiwan)
                                   是否完结：是
                                   总页数：26
                                   分类：同人,Fate,短篇,全彩
                                   章节数：1
                                   最后更新时间：2019-03-04T01:27:59.897Z
                                   =================================================
2026-08-30 01:15:56 - mkk_pika - database.py:101 - INFO - 保存成功：(C95)FGOカーニバル21 聖女が水着で積極的に攻めるのは好きですか (Fate/Grand Order)
2026-08-30 01:15:56 - mkk_pika - main.py:35 - INFO - 开始检查BEAUTIFUL SHINE是否存在未下载章节
2026-08-30 01:15:56 - mkk_pika - main.py:45 - INFO - 正在下载:[BEAUTIFUL SHINE]-[Aspergillus (おから)]-[['同人', '短篇']]-[total_pages:51]
2026-08-30 01:15:56 - mkk_pika - main.py:49 - INFO - [{'_id': '5b38a7d27cb3263a1d098423', 'title': '生肉', 'order': 1, 'updated_at': '2019-03-04T01:28:15.480Z', 'id': '5b38a7d27cb3263a1d098423'}, {'_id': '5c7c7f2f2b8fc811eb4a5809', 'title': '熟肉', 'order': 2, 'updated_at': '2019-03-03T13:39:03.469Z', 'id': '5c7c7f2f2b8fc811eb4a5809'}]
2026-08-30 01:15:56 - mkk_pika - database.py:215 - INFO - 第一次下载该漫画，记录数据库中
2026-08-30 01:15:57 - mkk_pika - main.py:83 - INFO - 找到 25 张图片在:生肉
2026-08-30 01:15:58 - mkk_pika - main.py:112 - INFO - [episode:生肉        ] downloaded:    25, total:  25, progress:100%
2026-08-30 01:15:58 - mkk_pika - database.py:238 - INFO - 数据库更新已下载章节
2026-08-30 01:15:58 - mkk_pika - database.py:244 - INFO - 该漫画已下载章节如下
2026-08-30 01:15:58 - mkk_pika - database.py:245 - INFO - ['生肉']
2026-08-30 01:15:59 - mkk_pika - main.py:83 - INFO - 找到 26 张图片在:熟肉
2026-08-30 01:16:00 - mkk_pika - main.py:112 - INFO - [episode:熟肉        ] downloaded:    26, total:  26, progress:100%
2026-08-30 01:16:00 - mkk_pika - database.py:238 - INFO - 数据库更新已下载章节
2026-08-30 01:16:00 - mkk_pika - database.py:244 - INFO - 该漫画已下载章节如下
2026-08-30 01:16:00 - mkk_pika - database.py:245 - INFO - ['生肉', '熟肉']
2026-08-30 01:16:02 - mkk_pika - main.py:348 - INFO - ==================== 漫画信息 ====================
                                   漫画ID：5b38a7d27cb3263a1d098422
                                   标题：BEAUTIFUL SHINE
                                   作者：Aspergillus (おから)
                                   是否完结：否
                                   总页数：51
                                   分类：同人,短篇
                                   章节数：2
                                   最后更新时间：2019-03-04T01:28:15.465Z
                                   =================================================
2026-08-30 01:16:02 - mkk_pika - database.py:101 - INFO - 保存成功：BEAUTIFUL SHINE
2026-08-30 01:16:02 - mkk_pika - main.py:35 - INFO - 开始检查優想薬・触是否存在未下载章节
2026-08-30 01:16:02 - mkk_pika - main.py:45 - INFO - 正在下载:[優想薬・触]-[砂亭 (s73d)]-[['同人', '短篇', '非人類', '東方']]-[total_pages:61]
2026-08-30 01:16:02 - mkk_pika - main.py:49 - INFO - [{'_id': '5b3cc226cd8165372fceb438', 'title': '生肉', 'order': 1, 'updated_at': '2019-03-04T01:28:38.604Z', 'id': '5b3cc226cd8165372fceb438'}, {'_id': '5c7c7f4693941078705a63fa', 'title': '熟肉', 'order': 2, 'updated_at': '2019-03-03T13:48:30.670Z', 'id': '5c7c7f4693941078705a63fa'}]
2026-08-30 01:16:02 - mkk_pika - database.py:215 - INFO - 第一次下载该漫画，记录数据库中
2026-08-30 01:16:03 - mkk_pika - main.py:83 - INFO - 找到 30 张图片在:生肉
2026-08-30 01:16:04 - mkk_pika - main.py:112 - INFO - [episode:生肉        ] downloaded:    30, total:  30, progress:100%
2026-08-30 01:16:04 - mkk_pika - database.py:238 - INFO - 数据库更新已下载章节
2026-08-30 01:16:04 - mkk_pika - database.py:244 - INFO - 该漫画已下载章节如下
2026-08-30 01:16:04 - mkk_pika - database.py:245 - INFO - ['生肉']
2026-08-30 01:16:05 - mkk_pika - main.py:83 - INFO - 找到 31 张图片在:熟肉
2026-08-30 01:16:07 - mkk_pika - main.py:112 - INFO - [episode:熟肉        ] downloaded:    31, total:  31, progress:100%
2026-08-30 01:16:07 - mkk_pika - database.py:238 - INFO - 数据库更新已下载章节
2026-08-30 01:16:07 - mkk_pika - database.py:244 - INFO - 该漫画已下载章节如下
2026-08-30 01:16:07 - mkk_pika - database.py:245 - INFO - ['生肉', '熟肉']
2026-08-30 01:16:08 - mkk_pika - main.py:348 - INFO - ==================== 漫画信息 ====================
                                   漫画ID：5b3cc226cd8165372fceb437
                                   标题：優想薬・触
                                   作者：砂亭 (s73d)
                                   是否完结：否
                                   总页数：61
                                   分类：同人,短篇,非人類,東方
                                   章节数：2
                                   最后更新时间：2019-03-04T01:28:38.591Z
                                   =================================================
2026-08-30 01:16:08 - mkk_pika - database.py:101 - INFO - 保存成功：優想薬・触
2026-08-30 01:16:08 - mkk_pika - main.py:35 - INFO - 开始检查第三位始祖様とおなぺこ吸❤衝動是否存在未下载章节
2026-08-30 01:16:08 - mkk_pika - main.py:45 - INFO - 正在下载:[第三位始祖様とおなぺこ吸❤衝動]-[千歳烏山第2出張所 (真未たつや、霞彩ゆきは)]-[['同人', '短篇']]-[total_pages:45]
2026-08-30 01:16:08 - mkk_pika - main.py:49 - INFO - [{'_id': '5b3cc300c778dd1f312f1841', 'title': '生肉', 'order': 1, 'updated_at': '2019-03-04T01:29:07.672Z', 'id': '5b3cc300c778dd1f312f1841'}, {'_id': '5c7c7f6393941078705a641a', 'title': '熟肉', 'order': 2, 'updated_at': '2019-03-03T13:54:50.123Z', 'id': '5c7c7f6393941078705a641a'}]
2026-08-30 01:16:08 - mkk_pika - database.py:215 - INFO - 第一次下载该漫画，记录数据库中
2026-08-30 01:16:09 - mkk_pika - main.py:83 - INFO - 找到 22 张图片在:生肉
2026-08-30 01:16:10 - mkk_pika - main.py:112 - INFO - [episode:生肉        ] downloaded:    22, total:  22, progress:100%
2026-08-30 01:16:10 - mkk_pika - database.py:238 - INFO - 数据库更新已下载章节
2026-08-30 01:16:10 - mkk_pika - database.py:244 - INFO - 该漫画已下载章节如下
2026-08-30 01:16:10 - mkk_pika - database.py:245 - INFO - ['生肉']
2026-08-30 01:16:11 - mkk_pika - main.py:83 - INFO - 找到 23 张图片在:熟肉
2026-08-30 01:16:12 - mkk_pika - main.py:112 - INFO - [episode:熟肉        ] downloaded:    23, total:  23, progress:100%
2026-08-30 01:16:12 - mkk_pika - database.py:238 - INFO - 数据库更新已下载章节
2026-08-30 01:16:12 - mkk_pika - database.py:244 - INFO - 该漫画已下载章节如下
2026-08-30 01:16:12 - mkk_pika - database.py:245 - INFO - ['生肉', '熟肉']
2026-08-30 01:16:13 - mkk_pika - main.py:348 - INFO - ==================== 漫画信息 ====================
                                   漫画ID：5b3cc300c778dd1f312f1840
                                   标题：第三位始祖様とおなぺこ吸❤衝動
                                   作者：千歳烏山第2出張所 (真未たつや、霞彩ゆきは)
                                   是否完结：否
                                   总页数：45
                                   分类：同人,短篇
                                   章节数：2
                                   最后更新时间：2019-03-04T01:29:07.658Z
                                   =================================================
2026-08-30 01:16:13 - mkk_pika - database.py:101 - INFO - 保存成功：第三位始祖様とおなぺこ吸❤衝動
2026-08-30 01:16:13 - mkk_pika - main.py:35 - INFO - 开始检查Legend of Queen Opala - In the Shadow of AnubisII- Tales of Osira（奥帕拉艳后传奇 奥斯拉传说 溺于阿努比斯之影2）是否存在未下载章节
2026-08-30 01:16:14 - mkk_pika - main.py:45 - INFO - 正在下载:[Legend of Queen Opala - In the Shadow of AnubisII- Tales of Osira（奥帕拉艳后传奇 奥斯拉传说 溺于阿努比斯之影2）]-[DevilHS]-[['全彩', '短篇', '強暴', '非人類']]-[total_pages:33]
2026-08-30 01:16:14 - mkk_pika - main.py:49 - INFO - [{'_id': '5c7c80159b0f6b110888694b', 'title': '第1集', 'order': 1, 'updated_at': '2019-03-03T16:05:44.412Z', 'id': '5c7c80159b0f6b110888694b'}]
2026-08-30 01:16:14 - mkk_pika - database.py:215 - INFO - 第一次下载该漫画，记录数据库中
2026-08-30 01:16:14 - mkk_pika - main.py:83 - INFO - 找到 33 张图片在:第1集
2026-08-30 01:16:16 - mkk_pika - main.py:112 - INFO - [episode:第1集       ] downloaded:    33, total:  33, progress:100%
2026-08-30 01:16:16 - mkk_pika - database.py:238 - INFO - 数据库更新已下载章节
2026-08-30 01:16:16 - mkk_pika - database.py:244 - INFO - 该漫画已下载章节如下
2026-08-30 01:16:16 - mkk_pika - database.py:245 - INFO - ['第1集']
2026-08-30 01:16:17 - mkk_pika - main.py:348 - INFO - ==================== 漫画信息 ====================
                                   漫画ID：5c7c80159b0f6b110888694a
                                   标题：Legend of Queen Opala - In the Shadow of AnubisII- Tales of Osira（奥帕拉艳后传奇 奥斯拉传说 溺于阿努比斯之影2）
                                   作者：DevilHS
                                   是否完结：否
                                   总页数：33
                                   分类：全彩,短篇,強暴,非人類
                                   章节数：1
                                   最后更新时间：2019-03-04T01:32:05.644Z
                                   =================================================
2026-08-30 01:16:17 - mkk_pika - database.py:101 - INFO - 保存成功：Legend of Queen Opala - In the Shadow of AnubisII- Tales of Osira（奥帕拉艳后传奇 奥斯拉传说 溺于阿努比斯之影2）
2026-08-30 01:16:17 - mkk_pika - main.py:35 - INFO - 开始检查昔は可愛かった2 是否存在未下载章节
2026-08-30 01:16:17 - mkk_pika - main.py:45 - INFO - 正在下载:[昔は可愛かった2 ]-[すぺ (なかに)]-[['短篇', '妹妹系', '純愛']]-[total_pages:47]
2026-08-30 01:16:17 - mkk_pika - main.py:49 - INFO - [{'_id': '5c7c8065f654337868717e5b', 'title': '第1集', 'order': 1, 'updated_at': '2019-03-03T21:05:49.278Z', 'id': '5c7c8065f654337868717e5b'}]
2026-08-30 01:16:17 - mkk_pika - database.py:215 - INFO - 第一次下载该漫画，记录数据库中
2026-08-30 01:16:18 - mkk_pika - main.py:83 - INFO - 找到 47 张图片在:第1集
2026-08-30 01:16:19 - mkk_pika - main.py:112 - INFO - [episode:第1集       ] downloaded:    47, total:  47, progress:100%
2026-08-30 01:16:19 - mkk_pika - database.py:238 - INFO - 数据库更新已下载章节
2026-08-30 01:16:19 - mkk_pika - database.py:244 - INFO - 该漫画已下载章节如下
2026-08-30 01:16:19 - mkk_pika - database.py:245 - INFO - ['第1集']
2026-08-30 01:16:21 - mkk_pika - main.py:348 - INFO - ==================== 漫画信息 ====================
                                   漫画ID：5c7c8065f654337868717e5a
                                   标题：昔は可愛かった2 
                                   作者：すぺ (なかに)
                                   是否完结：是
                                   总页数：47
                                   分类：短篇,妹妹系,純愛
                                   章节数：1
                                   最后更新时间：2019-03-04T01:33:25.375Z
                                   =================================================
2026-08-30 01:16:21 - mkk_pika - database.py:101 - INFO - 保存成功：昔は可愛かった2 
2026-08-30 01:16:21 - mkk_pika - main.py:35 - INFO - 开始检查 僕とBBちゃんの同人取材是否存在未下载章节
2026-08-30 01:16:21 - mkk_pika - main.py:45 - INFO - 正在下载:[ 僕とBBちゃんの同人取材]-[席拉瑪尼 (小銀)]-[['短篇', '同人', '純愛', 'Fate']]-[total_pages:63]
2026-08-30 01:16:21 - mkk_pika - main.py:49 - INFO - [{'_id': '5bf6c5c663d71e33c6f6e1b3', 'title': '第1集', 'order': 1, 'updated_at': '2018-11-22T10:24:11.930Z', 'id': '5bf6c5c663d71e33c6f6e1b3'}, {'_id': '5c7ce77c095fc80ffa003431', 'title': '汉化（增）', 'order': 2, 'updated_at': '2019-03-04T04:33:28.153Z', 'id': '5c7ce77c095fc80ffa003431'}]
2026-08-30 01:16:21 - mkk_pika - database.py:215 - INFO - 第一次下载该漫画，记录数据库中
2026-08-30 01:16:21 - mkk_pika - main.py:83 - INFO - 找到 20 张图片在:第1集
2026-08-30 01:16:22 - mkk_pika - main.py:112 - INFO - [episode:第1集       ] downloaded:    20, total:  20, progress:100%
2026-08-30 01:16:22 - mkk_pika - database.py:238 - INFO - 数据库更新已下载章节
2026-08-30 01:16:22 - mkk_pika - database.py:244 - INFO - 该漫画已下载章节如下
2026-08-30 01:16:22 - mkk_pika - database.py:245 - INFO - ['第1集']
2026-08-30 01:16:24 - mkk_pika - main.py:83 - INFO - 找到 43 张图片在:汉化（增）
2026-08-30 01:16:26 - mkk_pika - main.py:112 - INFO - [episode:汉化（增）     ] downloaded:    43, total:  43, progress:100%
2026-08-30 01:16:26 - mkk_pika - database.py:238 - INFO - 数据库更新已下载章节
2026-08-30 01:16:26 - mkk_pika - database.py:244 - INFO - 该漫画已下载章节如下
2026-08-30 01:16:26 - mkk_pika - database.py:245 - INFO - ['第1集', '汉化（增）']
2026-08-30 01:16:27 - mkk_pika - main.py:348 - INFO - ==================== 漫画信息 ====================
                                   漫画ID：5bf6c5c663d71e33c6f6e1b2
                                   标题： 僕とBBちゃんの同人取材
                                   作者：席拉瑪尼 (小銀)
                                   是否完结：是
                                   总页数：63
                                   分类：短篇,同人,純愛,Fate
                                   章节数：2
                                   最后更新时间：2019-03-04T08:53:16.778Z
                                   =================================================
2026-08-30 01:16:27 - mkk_pika - database.py:101 - INFO - 保存成功： 僕とBBちゃんの同人取材
2026-08-30 01:16:27 - mkk_pika - main.py:35 - INFO - 开始检查学生会書記に特訓したい 四十八手バトルの会正常位教えて~コーチ (かぐや様は告らせたい)是否存在未下载章节
2026-08-30 01:16:27 - mkk_pika - main.py:45 - INFO - 正在下载:[学生会書記に特訓したい 四十八手バトルの会正常位教えて~コーチ (かぐや様は告らせたい)]-[ぎんハハ]-[['同人', '短篇']]-[total_pages:23]
2026-08-30 01:16:27 - mkk_pika - main.py:49 - INFO - [{'_id': '5c7cfd4a7d71530ff49e29ab', 'title': '第1集', 'order': 1, 'updated_at': '2019-03-04T01:50:17.919Z', 'id': '5c7cfd4a7d71530ff49e29ab'}]
2026-08-30 01:16:27 - mkk_pika - database.py:215 - INFO - 第一次下载该漫画，记录数据库中
2026-08-30 01:16:28 - mkk_pika - main.py:83 - INFO - 找到 23 张图片在:第1集
2026-08-30 01:16:29 - mkk_pika - main.py:112 - INFO - [episode:第1集       ] downloaded:    23, total:  23, progress:100%
2026-08-30 01:16:29 - mkk_pika - database.py:238 - INFO - 数据库更新已下载章节
2026-08-30 01:16:29 - mkk_pika - database.py:244 - INFO - 该漫画已下载章节如下
2026-08-30 01:16:29 - mkk_pika - database.py:245 - INFO - ['第1集']
2026-08-30 01:16:30 - mkk_pika - main.py:348 - INFO - ==================== 漫画信息 ====================
                                   漫画ID：5c7cfd4a7d71530ff49e29aa
                                   标题：学生会書記に特訓したい 四十八手バトルの会正常位教えて~コーチ (かぐや様は告らせたい)
                                   作者：ぎんハハ
                                   是否完结：是
                                   总页数：23
                                   分类：同人,短篇
                                   章节数：1
                                   最后更新时间：2019-03-04T10:26:18.469Z
                                   =================================================
2026-08-30 01:16:30 - mkk_pika - database.py:101 - INFO - 保存成功：学生会書記に特訓したい 四十八手バトルの会正常位教えて~コーチ (かぐや様は告らせたい)
2026-08-30 01:16:30 - mkk_pika - main.py:35 - INFO - 开始检查Aura so Sexy 2  (ファイナルファンタジーXIV)是否存在未下载章节
2026-08-30 01:16:30 - mkk_pika - main.py:45 - INFO - 正在下载:[Aura so Sexy 2  (ファイナルファンタジーXIV)]-[竹坊主 (タケペン)]-[['短篇', '同人', '全彩', '非人類', '強暴']]-[total_pages:17]
2026-08-30 01:16:30 - mkk_pika - main.py:49 - INFO - [{'_id': '5c7cfd5daa0afc19b7d8df9e', 'title': '第1集', 'order': 1, 'updated_at': '2019-03-04T03:08:36.452Z', 'id': '5c7cfd5daa0afc19b7d8df9e'}]
2026-08-30 01:16:30 - mkk_pika - database.py:215 - INFO - 第一次下载该漫画，记录数据库中
2026-08-30 01:16:31 - mkk_pika - main.py:83 - INFO - 找到 17 张图片在:第1集
2026-08-30 01:16:32 - mkk_pika - main.py:112 - INFO - [episode:第1集       ] downloaded:    17, total:  17, progress:100%
2026-08-30 01:16:32 - mkk_pika - database.py:238 - INFO - 数据库更新已下载章节
2026-08-30 01:16:32 - mkk_pika - database.py:244 - INFO - 该漫画已下载章节如下
2026-08-30 01:16:32 - mkk_pika - database.py:245 - INFO - ['第1集']
2026-08-30 01:16:33 - mkk_pika - main.py:348 - INFO - ==================== 漫画信息 ====================
                                   漫画ID：5c7cfd5daa0afc19b7d8df9d
                                   标题：Aura so Sexy 2  (ファイナルファンタジーXIV)
                                   作者：竹坊主 (タケペン)
                                   是否完结：是
                                   总页数：17
                                   分类：短篇,同人,全彩,非人類,強暴
                                   章节数：1
                                   最后更新时间：2019-03-04T10:26:37.128Z
                                   =================================================
2026-08-30 01:16:33 - mkk_pika - database.py:101 - INFO - 保存成功：Aura so Sexy 2  (ファイナルファンタジーXIV)
2026-08-30 01:16:33 - mkk_pika - main.py:35 - INFO - 开始检查BUZAMA東方(壊) (東方Project)是否存在未下载章节
2026-08-30 01:16:33 - mkk_pika - main.py:45 - INFO - 正在下载:[BUZAMA東方(壊) (東方Project)]-[にゅう工房 (にゅう)]-[['短篇', '同人', '全彩', '東方', '非人類', '強暴', 'SM']]-[total_pages:26]
2026-08-30 01:16:33 - mkk_pika - main.py:49 - INFO - [{'_id': '5c7cfd6c50429d19e3de3d4b', 'title': '第1集', 'order': 1, 'updated_at': '2019-03-04T03:21:21.035Z', 'id': '5c7cfd6c50429d19e3de3d4b'}]
2026-08-30 01:16:33 - mkk_pika - database.py:215 - INFO - 第一次下载该漫画，记录数据库中
2026-08-30 01:16:34 - mkk_pika - main.py:83 - INFO - 找到 26 张图片在:第1集
2026-08-30 01:16:35 - mkk_pika - main.py:112 - INFO - [episode:第1集       ] downloaded:    26, total:  26, progress:100%
2026-08-30 01:16:35 - mkk_pika - database.py:238 - INFO - 数据库更新已下载章节
2026-08-30 01:16:35 - mkk_pika - database.py:244 - INFO - 该漫画已下载章节如下
2026-08-30 01:16:35 - mkk_pika - database.py:245 - INFO - ['第1集']
2026-08-30 01:16:36 - mkk_pika - main.py:348 - INFO - ==================== 漫画信息 ====================
                                   漫画ID：5c7cfd6c50429d19e3de3d4a
                                   标题：BUZAMA東方(壊) (東方Project)
                                   作者：にゅう工房 (にゅう)
                                   是否完结：是
                                   总页数：26
                                   分类：短篇,同人,全彩,東方,非人類,強暴,SM
                                   章节数：1
                                   最后更新时间：2019-03-04T10:26:52.863Z
                                   =================================================
2026-08-30 01:16:36 - mkk_pika - database.py:101 - INFO - 保存成功：BUZAMA東方(壊) (東方Project)
2026-08-30 01:16:36 - mkk_pika - main.py:35 - INFO - 开始检查チビマスタと良玉ママの願い是否存在未下载章节
2026-08-30 01:16:37 - mkk_pika - main.py:45 - INFO - 正在下载:[チビマスタと良玉ママの願い]-[ぎんハハ（Ginhaha）]-[['短篇', '同人', 'Fate']]-[total_pages:17]
2026-08-30 01:16:37 - mkk_pika - main.py:49 - INFO - [{'_id': '5c7cfdcc09a6c30fcc63394d', 'title': '第1集', 'order': 1, 'updated_at': '2019-03-04T04:16:24.348Z', 'id': '5c7cfdcc09a6c30fcc63394d'}]
2026-08-30 01:16:37 - mkk_pika - database.py:215 - INFO - 第一次下载该漫画，记录数据库中
2026-08-30 01:16:37 - mkk_pika - main.py:83 - INFO - 找到 17 张图片在:第1集
2026-08-30 01:16:38 - mkk_pika - main.py:112 - INFO - [episode:第1集       ] downloaded:    17, total:  17, progress:100%
2026-08-30 01:16:38 - mkk_pika - database.py:238 - INFO - 数据库更新已下载章节
2026-08-30 01:16:38 - mkk_pika - database.py:244 - INFO - 该漫画已下载章节如下
2026-08-30 01:16:38 - mkk_pika - database.py:245 - INFO - ['第1集']
2026-08-30 01:16:39 - mkk_pika - main.py:348 - INFO - ==================== 漫画信息 ====================
                                   漫画ID：5c7cfdcc09a6c30fcc63394c
                                   标题：チビマスタと良玉ママの願い
                                   作者：ぎんハハ（Ginhaha）
                                   是否完结：是
                                   总页数：17
                                   分类：短篇,同人,Fate
                                   章节数：1
                                   最后更新时间：2019-03-04T10:28:28.910Z
                                   =================================================
2026-08-30 01:16:39 - mkk_pika - database.py:101 - INFO - 保存成功：チビマスタと良玉ママの願い
2026-08-30 01:16:39 - mkk_pika - main.py:380 - INFO - 本次任务下载完毕
2026-08-30 01:16:39 - mkk_pika - database.py:173 - INFO - 数据库连接已关闭
