2026-09-19 01:07:16 - mkk_pika - main.py:193 - INFO - =======================================================================
2026-09-19 01:07:16 - mkk_pika - database.py:61 - INFO - 表和索引初始化成功
2026-09-19 01:07:16 - mkk_pika - main.py:197 - INFO - 已经累计下载21237本漫画
2026-09-19 01:07:16 - mkk_pika - api.py:87 - INFO - 登录成功
2026-09-19 01:07:17 - mkk_pika - main.py:203 - INFO - 收藏夹共计0本漫画
2026-09-19 01:07:17 - mkk_pika - main.py:206 - INFO - 开始下载收藏夹内未下载内容
2026-09-19 01:07:17 - mkk_pika - main.py:266 - INFO - 收藏夹内容下载完毕
2026-09-19 01:07:17 - mkk_pika - main.py:268 - INFO - 开始下载订阅内容
2026-09-19 01:07:17 - mkk_pika - database.py:258 - INFO - 根据ID查询到标题：萝莉 -> 海ちゃんと夏休み 気づいたら俺の家が無防備汗だく○リっ子の休憩スポットになっていた話 | 海妹妹和暑假关于一不小心我家里多了一个汗津津的无防备小萝莉在休息这件事
2026-09-19 01:07:17 - mkk_pika - database.py:101 - INFO - 保存成功：海ちゃんと夏休み 気づいたら俺の家が無防備汗だく○リっ子の休憩スポットになっていた話 | 海妹妹和暑假关于一不小心我家里多了一个汗津津的无防备小萝莉在休息这件事
2026-09-19 01:07:17 - mkk_pika - main.py:273 - INFO - 关键词萝莉找到1本漫画
2026-09-19 01:07:17 - mkk_pika - database.py:258 - INFO - 根据ID查询到标题：蘿莉 -> [Patreon] Clowenqq（AI）
2026-09-19 01:07:18 - mkk_pika - database.py:101 - INFO - 保存成功：[Patreon] Clowenqq（AI）
2026-09-19 01:07:18 - mkk_pika - main.py:273 - INFO - 关键词蘿莉找到1本漫画
2026-09-19 01:07:18 - mkk_pika - main.py:275 - INFO - 订阅内容共计2本漫画
2026-09-19 01:07:18 - mkk_pika - main.py:35 - INFO - 开始检查陽菜ちゃん調教日記|阳菜酱的调教日记 [中国翻译][進行中]是否存在未下载章节
2026-09-19 01:07:18 - mkk_pika - database.py:203 - INFO - 查询数据库中是否已存在第1話熟肉100p
2026-09-19 01:07:18 - mkk_pika - main.py:51 - INFO - 陽菜ちゃん調教日記|阳菜酱的调教日记 [中国翻译][進行中]中没有可下载章节
2026-09-19 01:07:18 - mkk_pika - main.py:292 - INFO - ==================== 漫画信息 ====================
                                漫画ID：68dd17e83c6fe63b068bea88
                                标题：陽菜ちゃん調教日記|阳菜酱的调教日记 [中国翻译][進行中]
                                作者：OKINA
                                是否完结：否
                                总页数：101
                                分类：全彩,長篇,SM
                                章节数：1
                                最后更新时间：2026-09-12T15:23:27.295Z
                                =================================================
2026-09-19 01:07:18 - mkk_pika - database.py:101 - INFO - 保存成功：陽菜ちゃん調教日記|阳菜酱的调教日记 [中国翻译][進行中]
2026-09-19 01:07:18 - mkk_pika - main.py:35 - INFO - 开始检查大好きだったお従兄ちゃん是否存在未下载章节
2026-09-19 01:07:19 - mkk_pika - main.py:45 - INFO - 正在下载:[大好きだったお従兄ちゃん]-[ミナカミ理久]-[['短篇', '妹妹系', 'NTR']]-[total_pages:-1]
2026-09-19 01:07:19 - mkk_pika - main.py:49 - INFO - [{'_id': '6aad732b51702d7804ef0c83', 'title': '第1話', 'order': 1, 'updated_at': '2026-09-18T13:14:23.530Z', 'id': '6aad732b51702d7804ef0c83'}]
2026-09-19 01:07:19 - mkk_pika - database.py:215 - INFO - 第一次下载该漫画，记录数据库中
2026-09-19 01:07:19 - mkk_pika - main.py:83 - INFO - 找到 34 张图片在:第1話
2026-09-19 01:07:20 - mkk_pika - main.py:112 - INFO - [episode:第1話       ] downloaded:    34, total:  34, progress:100%
2026-09-19 01:07:20 - mkk_pika - database.py:238 - INFO - 数据库更新已下载章节
2026-09-19 01:07:20 - mkk_pika - database.py:244 - INFO - 该漫画已下载章节如下
2026-09-19 01:07:20 - mkk_pika - database.py:245 - INFO - ['第1話']
2026-09-19 01:07:22 - mkk_pika - main.py:292 - INFO - ==================== 漫画信息 ====================
                                漫画ID：6aad732b51702d7804ef0c82
                                标题：大好きだったお従兄ちゃん
                                作者：ミナカミ理久
                                是否完结：否
                                总页数：34
                                分类：短篇,妹妹系,NTR
                                章节数：1
                                最后更新时间：2026-09-18T17:21:47.475Z
                                =================================================
2026-09-19 01:07:22 - mkk_pika - database.py:101 - INFO - 保存成功：大好きだったお従兄ちゃん
2026-09-19 01:07:22 - mkk_pika - main.py:323 - INFO - 订阅内容内容下载完毕
2026-09-19 01:07:22 - mkk_pika - main.py:324 - INFO - 开始分批下载全部章节
2026-09-19 01:07:22 - mkk_pika - database.py:280 - INFO - 表和索引初始化成功
2026-09-19 01:07:22 - mkk_pika - main.py:177 - INFO - 已经下载了1646页，一共7154页，现在开始添加第1647页
2026-09-19 01:07:23 - mkk_pika - database.py:318 - INFO - 保存成功
2026-09-19 01:07:23 - mkk_pika - main.py:177 - INFO - 已经下载了1647页，一共7154页，现在开始添加第1648页
2026-09-19 01:07:24 - mkk_pika - database.py:318 - INFO - 保存成功
2026-09-19 01:07:24 - mkk_pika - main.py:177 - INFO - 已经下载了1648页，一共7154页，现在开始添加第1649页
2026-09-19 01:07:24 - mkk_pika - database.py:318 - INFO - 保存成功
2026-09-19 01:07:25 - mkk_pika - main.py:177 - INFO - 已经下载了1649页，一共7154页，现在开始添加第1650页
2026-09-19 01:07:25 - mkk_pika - database.py:318 - INFO - 保存成功
2026-09-19 01:07:26 - mkk_pika - main.py:177 - INFO - 已经下载了1650页，一共7154页，现在开始添加第1651页
2026-09-19 01:07:26 - mkk_pika - database.py:318 - INFO - 保存成功
2026-09-19 01:07:26 - mkk_pika - main.py:177 - INFO - 已经下载了1651页，一共7154页，现在开始添加第1652页
2026-09-19 01:07:27 - mkk_pika - database.py:318 - INFO - 保存成功
2026-09-19 01:07:27 - mkk_pika - main.py:177 - INFO - 已经下载了1652页，一共7154页，现在开始添加第1653页
2026-09-19 01:07:28 - mkk_pika - database.py:318 - INFO - 保存成功
2026-09-19 01:07:28 - mkk_pika - main.py:331 - INFO - 分批下载共计54本漫画
2026-09-19 01:07:28 - mkk_pika - main.py:35 - INFO - 开始检查いっぱいイってね♪ 勇者さま 第1-11話 是否存在未下载章节
2026-09-19 01:07:28 - mkk_pika - main.py:45 - INFO - 正在下载:[いっぱいイってね♪ 勇者さま 第1-11話 ]-[飛燕]-[['短篇', '後宮閃光']]-[total_pages:180]
2026-09-19 01:07:28 - mkk_pika - main.py:49 - INFO - [{'_id': '5cdc5bd8f1ae6147d2cec347', 'title': '第1~11集', 'order': 1, 'updated_at': '2019-05-13T14:30:45.222Z', 'id': '5cdc5bd8f1ae6147d2cec347'}]
2026-09-19 01:07:28 - mkk_pika - database.py:215 - INFO - 第一次下载该漫画，记录数据库中
2026-09-19 01:07:30 - mkk_pika - main.py:83 - INFO - 找到 180 张图片在:第1~11集
2026-09-19 01:07:34 - mkk_pika - main.py:112 - INFO - [episode:第1~11集    ] downloaded:   180, total: 180, progress:100%
2026-09-19 01:07:34 - mkk_pika - database.py:238 - INFO - 数据库更新已下载章节
2026-09-19 01:07:34 - mkk_pika - database.py:244 - INFO - 该漫画已下载章节如下
2026-09-19 01:07:34 - mkk_pika - database.py:245 - INFO - ['第1~11集']
2026-09-19 01:07:35 - mkk_pika - main.py:348 - INFO - ==================== 漫画信息 ====================
                                   漫画ID：5cdc5bd8f1ae6147d2cec346
                                   标题：いっぱいイってね♪ 勇者さま 第1-11話 
                                   作者：飛燕
                                   是否完结：是
                                   总页数：180
                                   分类：短篇,後宮閃光
                                   章节数：1
                                   最后更新时间：2019-05-15T18:35:04.686Z
                                   =================================================
2026-09-19 01:07:35 - mkk_pika - database.py:101 - INFO - 保存成功：いっぱいイってね♪ 勇者さま 第1-11話 
2026-09-19 01:07:35 - mkk_pika - main.py:35 - INFO - 开始检查(COMIC1☆15) ウェディングいろはす! (やはり俺の青春ラブコメはまちがっている。) [中国翻訳]是否存在未下载章节
2026-09-19 01:07:35 - mkk_pika - main.py:45 - INFO - 正在下载:[(COMIC1☆15) ウェディングいろはす! (やはり俺の青春ラブコメはまちがっている。) [中国翻訳]]-[studio A (稲鳴四季)]-[['同人', '短篇', '純愛']]-[total_pages:24]
2026-09-19 01:07:35 - mkk_pika - main.py:49 - INFO - [{'_id': '5cdc5ebd5802a765fcf4bce3', 'title': '第1集', 'order': 1, 'updated_at': '2019-05-14T22:53:56.437Z', 'id': '5cdc5ebd5802a765fcf4bce3'}]
2026-09-19 01:07:35 - mkk_pika - database.py:215 - INFO - 第一次下载该漫画，记录数据库中
2026-09-19 01:07:36 - mkk_pika - main.py:83 - INFO - 找到 24 张图片在:第1集
2026-09-19 01:07:37 - mkk_pika - main.py:112 - INFO - [episode:第1集       ] downloaded:    24, total:  24, progress:100%
2026-09-19 01:07:37 - mkk_pika - database.py:238 - INFO - 数据库更新已下载章节
2026-09-19 01:07:37 - mkk_pika - database.py:244 - INFO - 该漫画已下载章节如下
2026-09-19 01:07:37 - mkk_pika - database.py:245 - INFO - ['第1集']
2026-09-19 01:07:38 - mkk_pika - main.py:348 - INFO - ==================== 漫画信息 ====================
                                   漫画ID：5cdc5ebd5802a765fcf4bce2
                                   标题：(COMIC1☆15) ウェディングいろはす! (やはり俺の青春ラブコメはまちがっている。) [中国翻訳]
                                   作者：studio A (稲鳴四季)
                                   是否完结：是
                                   总页数：24
                                   分类：同人,短篇,純愛
                                   章节数：1
                                   最后更新时间：2019-05-15T18:47:25.160Z
                                   =================================================
2026-09-19 01:07:38 - mkk_pika - database.py:101 - INFO - 保存成功：(COMIC1☆15) ウェディングいろはす! (やはり俺の青春ラブコメはまちがっている。) [中国翻訳]
2026-09-19 01:07:38 - mkk_pika - main.py:35 - INFO - 开始检查ファンイベント (小悪魔☆アラモード) [中国翻訳]是否存在未下载章节
2026-09-19 01:07:38 - mkk_pika - main.py:45 - INFO - 正在下载:[ファンイベント (小悪魔☆アラモード) [中国翻訳]]-[逆又練物]-[['短篇']]-[total_pages:22]
2026-09-19 01:07:38 - mkk_pika - main.py:49 - INFO - [{'_id': '5cdc604c09b1340c973be159', 'title': '第1集', 'order': 1, 'updated_at': '2019-05-15T02:57:07.874Z', 'id': '5cdc604c09b1340c973be159'}]
2026-09-19 01:07:38 - mkk_pika - database.py:215 - INFO - 第一次下载该漫画，记录数据库中
2026-09-19 01:07:39 - mkk_pika - main.py:83 - INFO - 找到 22 张图片在:第1集
2026-09-19 01:07:39 - mkk_pika - main.py:112 - INFO - [episode:第1集       ] downloaded:    22, total:  22, progress:100%
2026-09-19 01:07:39 - mkk_pika - database.py:238 - INFO - 数据库更新已下载章节
2026-09-19 01:07:39 - mkk_pika - database.py:244 - INFO - 该漫画已下载章节如下
2026-09-19 01:07:39 - mkk_pika - database.py:245 - INFO - ['第1集']
2026-09-19 01:07:41 - mkk_pika - main.py:348 - INFO - ==================== 漫画信息 ====================
                                   漫画ID：5cdc604c09b1340c973be158
                                   标题：ファンイベント (小悪魔☆アラモード) [中国翻訳]
                                   作者：逆又練物
                                   是否完结：是
                                   总页数：22
                                   分类：短篇
                                   章节数：1
                                   最后更新时间：2019-05-15T18:54:04.672Z
                                   =================================================
2026-09-19 01:07:41 - mkk_pika - database.py:101 - INFO - 保存成功：ファンイベント (小悪魔☆アラモード) [中国翻訳]
2026-09-19 01:07:41 - mkk_pika - main.py:35 - INFO - 开始检查(C92)  PrettyGirl とびきり可愛いお茶目な妖夢はえっちな目つきで息を吐くので吸っちゃう。 (東方Project) [中国翻訳]是否存在未下载章节
2026-09-19 01:07:41 - mkk_pika - main.py:45 - INFO - 正在下载:[(C92)  PrettyGirl とびきり可愛いお茶目な妖夢はえっちな目つきで息を吐くので吸っちゃう。 (東方Project) [中国翻訳]]-[はっぴぃどらいぶっ! (夜ふかし)]-[['短篇', '同人', '東方']]-[total_pages:26]
2026-09-19 01:07:41 - mkk_pika - main.py:49 - INFO - [{'_id': '5cdc60670042aa663c100842', 'title': '第1集', 'order': 1, 'updated_at': '2019-05-15T04:06:02.081Z', 'id': '5cdc60670042aa663c100842'}]
2026-09-19 01:07:41 - mkk_pika - database.py:215 - INFO - 第一次下载该漫画，记录数据库中
2026-09-19 01:07:41 - mkk_pika - main.py:83 - INFO - 找到 26 张图片在:第1集
2026-09-19 01:07:42 - mkk_pika - main.py:112 - INFO - [episode:第1集       ] downloaded:    26, total:  26, progress:100%
2026-09-19 01:07:42 - mkk_pika - database.py:238 - INFO - 数据库更新已下载章节
2026-09-19 01:07:42 - mkk_pika - database.py:244 - INFO - 该漫画已下载章节如下
2026-09-19 01:07:42 - mkk_pika - database.py:245 - INFO - ['第1集']
2026-09-19 01:07:43 - mkk_pika - main.py:348 - INFO - ==================== 漫画信息 ====================
                                   漫画ID：5cdc60670042aa663c100841
                                   标题：(C92)  PrettyGirl とびきり可愛いお茶目な妖夢はえっちな目つきで息を吐くので吸っちゃう。 (東方Project) [中国翻訳]
                                   作者：はっぴぃどらいぶっ! (夜ふかし)
                                   是否完结：是
                                   总页数：26
                                   分类：短篇,同人,東方
                                   章节数：1
                                   最后更新时间：2019-05-15T18:54:31.227Z
                                   =================================================
2026-09-19 01:07:43 - mkk_pika - database.py:101 - INFO - 保存成功：(C92)  PrettyGirl とびきり可愛いお茶目な妖夢はえっちな目つきで息を吐くので吸っちゃう。 (東方Project) [中国翻訳]
2026-09-19 01:07:43 - mkk_pika - main.py:35 - INFO - 开始检查 催眠の王様～誰もが俺にひざまずく神の力を手に入れた[中国翻訳]是否存在未下载章节
2026-09-19 01:07:44 - mkk_pika - main.py:45 - INFO - 正在下载:[ 催眠の王様～誰もが俺にひざまずく神の力を手に入れた[中国翻訳]]-[エクセシオ]-[['全彩', '短篇']]-[total_pages:21]
2026-09-19 01:07:44 - mkk_pika - main.py:49 - INFO - [{'_id': '5cdc609c85f84c0cd5ca15f2', 'title': '第1集', 'order': 1, 'updated_at': '2019-05-15T08:22:51.989Z', 'id': '5cdc609c85f84c0cd5ca15f2'}]
2026-09-19 01:07:44 - mkk_pika - database.py:215 - INFO - 第一次下载该漫画，记录数据库中
2026-09-19 01:07:44 - mkk_pika - main.py:83 - INFO - 找到 21 张图片在:第1集
2026-09-19 01:07:45 - mkk_pika - main.py:112 - INFO - [episode:第1集       ] downloaded:    21, total:  21, progress:100%
2026-09-19 01:07:45 - mkk_pika - database.py:238 - INFO - 数据库更新已下载章节
2026-09-19 01:07:45 - mkk_pika - database.py:244 - INFO - 该漫画已下载章节如下
2026-09-19 01:07:45 - mkk_pika - database.py:245 - INFO - ['第1集']
2026-09-19 01:07:46 - mkk_pika - main.py:348 - INFO - ==================== 漫画信息 ====================
                                   漫画ID：5cdc609c85f84c0cd5ca15f1
                                   标题： 催眠の王様～誰もが俺にひざまずく神の力を手に入れた[中国翻訳]
                                   作者：エクセシオ
                                   是否完结：是
                                   总页数：21
                                   分类：全彩,短篇
                                   章节数：1
                                   最后更新时间：2019-05-15T18:55:24.458Z
                                   =================================================
2026-09-19 01:07:46 - mkk_pika - database.py:101 - INFO - 保存成功： 催眠の王様～誰もが俺にひざまずく神の力を手に入れた[中国翻訳]
2026-09-19 01:07:46 - mkk_pika - main.py:35 - INFO - 开始检查(COMIC1☆15)  近所のエロいお姉さん陸奥ちゃん ～Black & White～ (艦隊これくしょん-艦これ-) [中国翻訳]是否存在未下载章节
2026-09-19 01:07:47 - mkk_pika - main.py:45 - INFO - 正在下载:[(COMIC1☆15)  近所のエロいお姉さん陸奥ちゃん ～Black & White～ (艦隊これくしょん-艦これ-) [中国翻訳]]-[さなづら同人誌発行所 (さなづらひろゆき)]-[['短篇', '純愛', '同人', '艦隊收藏']]-[total_pages:14]
2026-09-19 01:07:47 - mkk_pika - main.py:49 - INFO - [{'_id': '5cdc614f85f84c0cd5ca160a', 'title': '第1集', 'order': 1, 'updated_at': '2019-05-15T12:16:55.493Z', 'id': '5cdc614f85f84c0cd5ca160a'}]
2026-09-19 01:07:47 - mkk_pika - database.py:215 - INFO - 第一次下载该漫画，记录数据库中
2026-09-19 01:07:47 - mkk_pika - main.py:83 - INFO - 找到 14 张图片在:第1集
2026-09-19 01:07:48 - mkk_pika - main.py:112 - INFO - [episode:第1集       ] downloaded:    14, total:  14, progress:100%
2026-09-19 01:07:48 - mkk_pika - database.py:238 - INFO - 数据库更新已下载章节
2026-09-19 01:07:48 - mkk_pika - database.py:244 - INFO - 该漫画已下载章节如下
2026-09-19 01:07:48 - mkk_pika - database.py:245 - INFO - ['第1集']
2026-09-19 01:07:49 - mkk_pika - main.py:348 - INFO - ==================== 漫画信息 ====================
                                   漫画ID：5cdc614f85f84c0cd5ca1609
                                   标题：(COMIC1☆15)  近所のエロいお姉さん陸奥ちゃん ～Black & White～ (艦隊これくしょん-艦これ-) [中国翻訳]
                                   作者：さなづら同人誌発行所 (さなづらひろゆき)
                                   是否完结：是
                                   总页数：14
                                   分类：短篇,純愛,同人,艦隊收藏
                                   章节数：1
                                   最后更新时间：2019-05-15T18:58:23.233Z
                                   =================================================
2026-09-19 01:07:49 - mkk_pika - database.py:101 - INFO - 保存成功：(COMIC1☆15)  近所のエロいお姉さん陸奥ちゃん ～Black & White～ (艦隊これくしょん-艦これ-) [中国翻訳]
2026-09-19 01:07:49 - mkk_pika - main.py:35 - INFO - 开始检查魔法少女ネトラスティア [中国翻訳]是否存在未下载章节
2026-09-19 01:07:49 - mkk_pika - main.py:45 - INFO - 正在下载:[魔法少女ネトラスティア [中国翻訳]]-[丁髷帝国 (まげきち)]-[['短篇']]-[total_pages:64]
2026-09-19 01:07:49 - mkk_pika - main.py:49 - INFO - [{'_id': '5cdc61605814205c77d2e1b0', 'title': '第1集', 'order': 1, 'updated_at': '2019-05-15T12:43:08.706Z', 'id': '5cdc61605814205c77d2e1b0'}]
2026-09-19 01:07:49 - mkk_pika - database.py:215 - INFO - 第一次下载该漫画，记录数据库中
2026-09-19 01:07:50 - mkk_pika - main.py:83 - INFO - 找到 64 张图片在:第1集
2026-09-19 01:07:51 - mkk_pika - main.py:112 - INFO - [episode:第1集       ] downloaded:    64, total:  64, progress:100%
2026-09-19 01:07:51 - mkk_pika - database.py:238 - INFO - 数据库更新已下载章节
2026-09-19 01:07:51 - mkk_pika - database.py:244 - INFO - 该漫画已下载章节如下
2026-09-19 01:07:51 - mkk_pika - database.py:245 - INFO - ['第1集']
2026-09-19 01:07:53 - mkk_pika - main.py:348 - INFO - ==================== 漫画信息 ====================
                                   漫画ID：5cdc61605814205c77d2e1af
                                   标题：魔法少女ネトラスティア [中国翻訳]
                                   作者：丁髷帝国 (まげきち)
                                   是否完结：是
                                   总页数：64
                                   分类：短篇
                                   章节数：1
                                   最后更新时间：2019-05-15T18:58:40.188Z
                                   =================================================
2026-09-19 01:07:53 - mkk_pika - database.py:101 - INFO - 保存成功：魔法少女ネトラスティア [中国翻訳]
2026-09-19 01:07:53 - mkk_pika - main.py:35 - INFO - 开始检查(C95)  momom (東方Project) [中国翻訳]是否存在未下载章节
2026-09-19 01:07:53 - mkk_pika - main.py:45 - INFO - 正在下载:[(C95)  momom (東方Project) [中国翻訳]]-[東条らーめん (東條)]-[['短篇', '同人', '純愛', '非人類', '東方']]-[total_pages:27]
2026-09-19 01:07:53 - mkk_pika - main.py:49 - INFO - [{'_id': '5cdc61c0f1ae6147d2cec449', 'title': '第1集', 'order': 1, 'updated_at': '2019-05-15T14:26:28.552Z', 'id': '5cdc61c0f1ae6147d2cec449'}]
2026-09-19 01:07:53 - mkk_pika - database.py:215 - INFO - 第一次下载该漫画，记录数据库中
2026-09-19 01:07:54 - mkk_pika - main.py:83 - INFO - 找到 27 张图片在:第1集
2026-09-19 01:07:54 - mkk_pika - main.py:112 - INFO - [episode:第1集       ] downloaded:    27, total:  27, progress:100%
2026-09-19 01:07:54 - mkk_pika - database.py:238 - INFO - 数据库更新已下载章节
2026-09-19 01:07:54 - mkk_pika - database.py:244 - INFO - 该漫画已下载章节如下
2026-09-19 01:07:54 - mkk_pika - database.py:245 - INFO - ['第1集']
2026-09-19 01:07:56 - mkk_pika - main.py:348 - INFO - ==================== 漫画信息 ====================
                                   漫画ID：5cdc61c0f1ae6147d2cec448
                                   标题：(C95)  momom (東方Project) [中国翻訳]
                                   作者：東条らーめん (東條)
                                   是否完结：是
                                   总页数：27
                                   分类：短篇,同人,純愛,非人類,東方
                                   章节数：1
                                   最后更新时间：2019-05-15T19:00:16.871Z
                                   =================================================
2026-09-19 01:07:56 - mkk_pika - database.py:101 - INFO - 保存成功：(C95)  momom (東方Project) [中国翻訳]
2026-09-19 01:07:56 - mkk_pika - main.py:35 - INFO - 开始检查(C91) 戦場の歌姫 (マクロスΔ) [中国翻訳]是否存在未下载章节
2026-09-19 01:07:56 - mkk_pika - main.py:45 - INFO - 正在下载:[(C91) 戦場の歌姫 (マクロスΔ) [中国翻訳]]-[サービスヘブン (あずきこ)]-[['短篇', '同人']]-[total_pages:28]
2026-09-19 01:07:56 - mkk_pika - main.py:49 - INFO - [{'_id': '5cdc61df09b1340c973be175', 'title': '第1集', 'order': 1, 'updated_at': '2019-05-15T14:45:23.582Z', 'id': '5cdc61df09b1340c973be175'}]
2026-09-19 01:07:56 - mkk_pika - database.py:215 - INFO - 第一次下载该漫画，记录数据库中
2026-09-19 01:07:57 - mkk_pika - main.py:83 - INFO - 找到 28 张图片在:第1集
2026-09-19 01:07:57 - mkk_pika - main.py:112 - INFO - [episode:第1集       ] downloaded:    28, total:  28, progress:100%
2026-09-19 01:07:57 - mkk_pika - database.py:238 - INFO - 数据库更新已下载章节
2026-09-19 01:07:57 - mkk_pika - database.py:244 - INFO - 该漫画已下载章节如下
2026-09-19 01:07:57 - mkk_pika - database.py:245 - INFO - ['第1集']
2026-09-19 01:07:58 - mkk_pika - main.py:348 - INFO - ==================== 漫画信息 ====================
                                   漫画ID：5cdc61df09b1340c973be174
                                   标题：(C91) 戦場の歌姫 (マクロスΔ) [中国翻訳]
                                   作者：サービスヘブン (あずきこ)
                                   是否完结：是
                                   总页数：28
                                   分类：短篇,同人
                                   章节数：1
                                   最后更新时间：2019-05-15T19:00:47.839Z
                                   =================================================
2026-09-19 01:07:58 - mkk_pika - database.py:101 - INFO - 保存成功：(C91) 戦場の歌姫 (マクロスΔ) [中国翻訳]
2026-09-19 01:07:58 - mkk_pika - main.py:35 - INFO - 开始检查 (C89)  三連休は朝まで生ガハマ! (やはり俺の青春ラブコメはまちがっている。)是否存在未下载章节
2026-09-19 01:07:59 - mkk_pika - main.py:45 - INFO - 正在下载:[ (C89)  三連休は朝まで生ガハマ! (やはり俺の青春ラブコメはまちがっている。)]-[studio A (稲鳴四季)]-[['短篇', '同人']]-[total_pages:31]
2026-09-19 01:07:59 - mkk_pika - main.py:49 - INFO - [{'_id': '5cdc620a913ab73f5a0dce92', 'title': '第1集', 'order': 1, 'updated_at': '2019-05-15T14:18:01.400Z', 'id': '5cdc620a913ab73f5a0dce92'}]
2026-09-19 01:07:59 - mkk_pika - database.py:215 - INFO - 第一次下载该漫画，记录数据库中
2026-09-19 01:07:59 - mkk_pika - main.py:83 - INFO - 找到 31 张图片在:第1集
2026-09-19 01:08:00 - mkk_pika - main.py:112 - INFO - [episode:第1集       ] downloaded:    31, total:  31, progress:100%
2026-09-19 01:08:00 - mkk_pika - database.py:238 - INFO - 数据库更新已下载章节
2026-09-19 01:08:00 - mkk_pika - database.py:244 - INFO - 该漫画已下载章节如下
2026-09-19 01:08:00 - mkk_pika - database.py:245 - INFO - ['第1集']
2026-09-19 01:08:01 - mkk_pika - main.py:348 - INFO - ==================== 漫画信息 ====================
                                   漫画ID：5cdc620a913ab73f5a0dce91
                                   标题： (C89)  三連休は朝まで生ガハマ! (やはり俺の青春ラブコメはまちがっている。)
                                   作者：studio A (稲鳴四季)
                                   是否完结：否
                                   总页数：31
                                   分类：短篇,同人
                                   章节数：1
                                   最后更新时间：2019-05-15T19:01:30.385Z
                                   =================================================
2026-09-19 01:08:01 - mkk_pika - database.py:101 - INFO - 保存成功： (C89)  三連休は朝まで生ガハマ! (やはり俺の青春ラブコメはまちがっている。)
2026-09-19 01:08:01 - mkk_pika - main.py:35 - INFO - 开始检查 まどほむガス抜き漫画 (魔法少女まどか☆マギカ)是否存在未下载章节
2026-09-19 01:08:02 - mkk_pika - main.py:45 - INFO - 正在下载:[ まどほむガス抜き漫画 (魔法少女まどか☆マギカ)]-[怪物を超えた怪物]-[['短篇', '同人', '全彩']]-[total_pages:9]
2026-09-19 01:08:02 - mkk_pika - main.py:49 - INFO - [{'_id': '5cdc621f06604746ce919d11', 'title': '第1集', 'order': 1, 'updated_at': '2019-05-15T15:02:18.153Z', 'id': '5cdc621f06604746ce919d11'}]
2026-09-19 01:08:02 - mkk_pika - database.py:215 - INFO - 第一次下载该漫画，记录数据库中
2026-09-19 01:08:02 - mkk_pika - main.py:83 - INFO - 找到 9 张图片在:第1集
2026-09-19 01:08:02 - mkk_pika - main.py:112 - INFO - [episode:第1集       ] downloaded:     9, total:   9, progress:100%
2026-09-19 01:08:02 - mkk_pika - database.py:238 - INFO - 数据库更新已下载章节
2026-09-19 01:08:02 - mkk_pika - database.py:244 - INFO - 该漫画已下载章节如下
2026-09-19 01:08:02 - mkk_pika - database.py:245 - INFO - ['第1集']
2026-09-19 01:08:04 - mkk_pika - main.py:348 - INFO - ==================== 漫画信息 ====================
                                   漫画ID：5cdc621f06604746ce919d10
                                   标题： まどほむガス抜き漫画 (魔法少女まどか☆マギカ)
                                   作者：怪物を超えた怪物
                                   是否完结：是
                                   总页数：9
                                   分类：短篇,同人,全彩
                                   章节数：1
                                   最后更新时间：2019-05-15T19:01:51.841Z
                                   =================================================
2026-09-19 01:08:04 - mkk_pika - database.py:101 - INFO - 保存成功： まどほむガス抜き漫画 (魔法少女まどか☆マギカ)
2026-09-19 01:08:04 - mkk_pika - main.py:35 - INFO - 开始检查ガス漏れをおこす大鳳さん (艦隊これくしょん -艦これ-) 是否存在未下载章节
2026-09-19 01:08:04 - mkk_pika - main.py:45 - INFO - 正在下载:[ガス漏れをおこす大鳳さん (艦隊これくしょん -艦これ-) ]-[怪物を超えた怪物]-[['短篇', '全彩', '同人', '艦隊收藏']]-[total_pages:21]
2026-09-19 01:08:04 - mkk_pika - main.py:49 - INFO - [{'_id': '5cdc622a09b1340c973be194', 'title': '第1集', 'order': 1, 'updated_at': '2019-05-15T15:07:30.065Z', 'id': '5cdc622a09b1340c973be194'}]
2026-09-19 01:08:04 - mkk_pika - database.py:215 - INFO - 第一次下载该漫画，记录数据库中
2026-09-19 01:08:05 - mkk_pika - main.py:83 - INFO - 找到 21 张图片在:第1集
2026-09-19 01:08:05 - mkk_pika - main.py:112 - INFO - [episode:第1集       ] downloaded:    21, total:  21, progress:100%
2026-09-19 01:08:05 - mkk_pika - database.py:238 - INFO - 数据库更新已下载章节
2026-09-19 01:08:05 - mkk_pika - database.py:244 - INFO - 该漫画已下载章节如下
2026-09-19 01:08:05 - mkk_pika - database.py:245 - INFO - ['第1集']
2026-09-19 01:08:06 - mkk_pika - main.py:348 - INFO - ==================== 漫画信息 ====================
                                   漫画ID：5cdc622a09b1340c973be193
                                   标题：ガス漏れをおこす大鳳さん (艦隊これくしょん -艦これ-) 
                                   作者：怪物を超えた怪物
                                   是否完结：是
                                   总页数：21
                                   分类：短篇,全彩,同人,艦隊收藏
                                   章节数：1
                                   最后更新时间：2019-05-15T19:02:02.854Z
                                   =================================================
2026-09-19 01:08:06 - mkk_pika - database.py:101 - INFO - 保存成功：ガス漏れをおこす大鳳さん (艦隊これくしょん -艦これ-) 
2026-09-19 01:08:06 - mkk_pika - main.py:35 - INFO - 开始检查(COMIC1☆2) Red Degeneration -DAY/3- (Fate/stay night) [中国翻訳]是否存在未下载章节
2026-09-19 01:08:07 - mkk_pika - main.py:45 - INFO - 正在下载:[(COMIC1☆2) Red Degeneration -DAY/3- (Fate/stay night) [中国翻訳]]-[H・B (B-RIVER)]-[['短篇', '同人', '非人類', 'Fate']]-[total_pages:26]
2026-09-19 01:08:07 - mkk_pika - main.py:49 - INFO - [{'_id': '5cdc623f8563583f9c09cdfb', 'title': '第1集', 'order': 1, 'updated_at': '2019-05-15T15:14:07.795Z', 'id': '5cdc623f8563583f9c09cdfb'}]
2026-09-19 01:08:07 - mkk_pika - database.py:215 - INFO - 第一次下载该漫画，记录数据库中
2026-09-19 01:08:07 - mkk_pika - main.py:83 - INFO - 找到 26 张图片在:第1集
2026-09-19 01:08:08 - mkk_pika - main.py:112 - INFO - [episode:第1集       ] downloaded:    26, total:  26, progress:100%
2026-09-19 01:08:08 - mkk_pika - database.py:238 - INFO - 数据库更新已下载章节
2026-09-19 01:08:08 - mkk_pika - database.py:244 - INFO - 该漫画已下载章节如下
2026-09-19 01:08:08 - mkk_pika - database.py:245 - INFO - ['第1集']
2026-09-19 01:08:09 - mkk_pika - main.py:348 - INFO - ==================== 漫画信息 ====================
                                   漫画ID：5cdc623f8563583f9c09cdfa
                                   标题：(COMIC1☆2) Red Degeneration -DAY/3- (Fate/stay night) [中国翻訳]
                                   作者：H・B (B-RIVER)
                                   是否完结：是
                                   总页数：26
                                   分类：短篇,同人,非人類,Fate
                                   章节数：1
                                   最后更新时间：2019-05-15T19:02:23.210Z
                                   =================================================
2026-09-19 01:08:09 - mkk_pika - database.py:101 - INFO - 保存成功：(COMIC1☆2) Red Degeneration -DAY/3- (Fate/stay night) [中国翻訳]
2026-09-19 01:08:09 - mkk_pika - main.py:35 - INFO - 开始检查ボーイミーツメイド  (COMIC アンスリウム 2018年12月号) [中国翻訳] [DL版]是否存在未下载章节
2026-09-19 01:08:09 - mkk_pika - main.py:45 - INFO - 正在下载:[ボーイミーツメイド  (COMIC アンスリウム 2018年12月号) [中国翻訳] [DL版]]-[ばつ]-[['純愛', '短篇']]-[total_pages:52]
2026-09-19 01:08:09 - mkk_pika - main.py:49 - INFO - [{'_id': '5cd6dfb7777e847f7199da3d', 'title': '第1集', 'order': 1, 'updated_at': '2019-05-10T13:17:04.891Z', 'id': '5cd6dfb7777e847f7199da3d'}, {'_id': '5cdc62910042aa663c10086c', 'title': '第2集', 'order': 2, 'updated_at': '2019-05-15T17:01:48.715Z', 'id': '5cdc62910042aa663c10086c'}]
2026-09-19 01:08:09 - mkk_pika - database.py:215 - INFO - 第一次下载该漫画，记录数据库中
2026-09-19 01:08:10 - mkk_pika - main.py:83 - INFO - 找到 25 张图片在:第1集
2026-09-19 01:08:10 - mkk_pika - main.py:112 - INFO - [episode:第1集       ] downloaded:    25, total:  25, progress:100%
2026-09-19 01:08:10 - mkk_pika - database.py:238 - INFO - 数据库更新已下载章节
2026-09-19 01:08:10 - mkk_pika - database.py:244 - INFO - 该漫画已下载章节如下
2026-09-19 01:08:10 - mkk_pika - database.py:245 - INFO - ['第1集']
2026-09-19 01:08:12 - mkk_pika - main.py:83 - INFO - 找到 27 张图片在:第2集
2026-09-19 01:08:13 - mkk_pika - main.py:112 - INFO - [episode:第2集       ] downloaded:    27, total:  27, progress:100%
2026-09-19 01:08:13 - mkk_pika - database.py:238 - INFO - 数据库更新已下载章节
2026-09-19 01:08:13 - mkk_pika - database.py:244 - INFO - 该漫画已下载章节如下
2026-09-19 01:08:13 - mkk_pika - database.py:245 - INFO - ['第1集', '第2集']
2026-09-19 01:08:14 - mkk_pika - main.py:348 - INFO - ==================== 漫画信息 ====================
                                   漫画ID：5cd6dfb7777e847f7199da3c
                                   标题：ボーイミーツメイド  (COMIC アンスリウム 2018年12月号) [中国翻訳] [DL版]
                                   作者：ばつ
                                   是否完结：是
                                   总页数：52
                                   分类：純愛,短篇
                                   章节数：2
                                   最后更新时间：2019-05-15T19:03:45.224Z
                                   =================================================
2026-09-19 01:08:14 - mkk_pika - database.py:101 - INFO - 保存成功：ボーイミーツメイド  (COMIC アンスリウム 2018年12月号) [中国翻訳] [DL版]
2026-09-19 01:08:14 - mkk_pika - main.py:35 - INFO - 开始检查EVE‘S MEDICINE是否存在未下载章节
2026-09-19 01:08:14 - mkk_pika - main.py:45 - INFO - 正在下载:[EVE‘S MEDICINE]-[FLOWERCHILD]-[['長篇', '百合花園']]-[total_pages:26]
2026-09-19 01:08:14 - mkk_pika - main.py:49 - INFO - [{'_id': '5cdd6a9ee6108e7e8e4571e3', 'title': '第1话', 'order': 1, 'updated_at': '2019-05-14T14:21:16.058Z', 'id': '5cdd6a9ee6108e7e8e4571e3'}]
2026-09-19 01:08:14 - mkk_pika - database.py:215 - INFO - 第一次下载该漫画，记录数据库中
2026-09-19 01:08:15 - mkk_pika - main.py:83 - INFO - 找到 26 张图片在:第1话
2026-09-19 01:08:16 - mkk_pika - main.py:112 - INFO - [episode:第1话       ] downloaded:    26, total:  26, progress:100%
2026-09-19 01:08:16 - mkk_pika - database.py:238 - INFO - 数据库更新已下载章节
2026-09-19 01:08:16 - mkk_pika - database.py:244 - INFO - 该漫画已下载章节如下
2026-09-19 01:08:16 - mkk_pika - database.py:245 - INFO - ['第1话']
2026-09-19 01:08:17 - mkk_pika - main.py:348 - INFO - ==================== 漫画信息 ====================
                                   漫画ID：5cdd6a9ee6108e7e8e4571e2
                                   标题：EVE‘S MEDICINE
                                   作者：FLOWERCHILD
                                   是否完结：否
                                   总页数：26
                                   分类：長篇,百合花園
                                   章节数：1
                                   最后更新时间：2019-05-16T13:50:22.620Z
                                   =================================================
2026-09-19 01:08:17 - mkk_pika - database.py:101 - INFO - 保存成功：EVE‘S MEDICINE
2026-09-19 01:08:17 - mkk_pika - main.py:35 - INFO - 开始检查(C90)  BAD END HEAVEN 4 (ラブライブ!) [中国翻訳]是否存在未下载章节
2026-09-19 01:08:17 - mkk_pika - main.py:45 - INFO - 正在下载:[(C90)  BAD END HEAVEN 4 (ラブライブ!) [中国翻訳]]-[chested (とくぴょん)]-[['短篇', '同人', 'Love Live']]-[total_pages:23]
2026-09-19 01:08:17 - mkk_pika - main.py:49 - INFO - [{'_id': '5cdd7a54e1cd1a62994bffa4', 'title': '第1集', 'order': 1, 'updated_at': '2019-05-16T02:30:38.781Z', 'id': '5cdd7a54e1cd1a62994bffa4'}]
2026-09-19 01:08:17 - mkk_pika - database.py:215 - INFO - 第一次下载该漫画，记录数据库中
2026-09-19 01:08:18 - mkk_pika - main.py:83 - INFO - 找到 23 张图片在:第1集
2026-09-19 01:08:18 - mkk_pika - main.py:112 - INFO - [episode:第1集       ] downloaded:    23, total:  23, progress:100%
2026-09-19 01:08:18 - mkk_pika - database.py:238 - INFO - 数据库更新已下载章节
2026-09-19 01:08:18 - mkk_pika - database.py:244 - INFO - 该漫画已下载章节如下
2026-09-19 01:08:18 - mkk_pika - database.py:245 - INFO - ['第1集']
2026-09-19 01:08:20 - mkk_pika - main.py:348 - INFO - ==================== 漫画信息 ====================
                                   漫画ID：5cdd7a54e1cd1a62994bffa3
                                   标题：(C90)  BAD END HEAVEN 4 (ラブライブ!) [中国翻訳]
                                   作者：chested (とくぴょん)
                                   是否完结：是
                                   总页数：23
                                   分类：短篇,同人,Love Live
                                   章节数：1
                                   最后更新时间：2019-05-16T14:57:24.840Z
                                   =================================================
2026-09-19 01:08:20 - mkk_pika - database.py:101 - INFO - 保存成功：(C90)  BAD END HEAVEN 4 (ラブライブ!) [中国翻訳]
2026-09-19 01:08:20 - mkk_pika - main.py:35 - INFO - 开始检查(COMIC1☆15)  天ノ性杯 (ゼノブレイド) 是否存在未下载章节
2026-09-19 01:08:20 - mkk_pika - main.py:45 - INFO - 正在下载:[(COMIC1☆15)  天ノ性杯 (ゼノブレイド) ]-[とらてぽっと (てとら)]-[['同人', '短篇', '純愛']]-[total_pages:20]
2026-09-19 01:08:20 - mkk_pika - main.py:49 - INFO - [{'_id': '5cdd7b06db8ff3096a027f2a', 'title': '第1集', 'order': 1, 'updated_at': '2019-05-16T05:50:32.243Z', 'id': '5cdd7b06db8ff3096a027f2a'}]
2026-09-19 01:08:20 - mkk_pika - database.py:215 - INFO - 第一次下载该漫画，记录数据库中
2026-09-19 01:08:21 - mkk_pika - main.py:83 - INFO - 找到 20 张图片在:第1集
2026-09-19 01:08:21 - mkk_pika - main.py:112 - INFO - [episode:第1集       ] downloaded:    20, total:  20, progress:100%
2026-09-19 01:08:21 - mkk_pika - database.py:238 - INFO - 数据库更新已下载章节
2026-09-19 01:08:21 - mkk_pika - database.py:244 - INFO - 该漫画已下载章节如下
2026-09-19 01:08:21 - mkk_pika - database.py:245 - INFO - ['第1集']
2026-09-19 01:08:22 - mkk_pika - main.py:348 - INFO - ==================== 漫画信息 ====================
                                   漫画ID：5cdd7b06db8ff3096a027f29
                                   标题：(COMIC1☆15)  天ノ性杯 (ゼノブレイド) 
                                   作者：とらてぽっと (てとら)
                                   是否完结：是
                                   总页数：20
                                   分类：同人,短篇,純愛
                                   章节数：1
                                   最后更新时间：2019-05-16T15:00:22.360Z
                                   =================================================
2026-09-19 01:08:22 - mkk_pika - database.py:101 - INFO - 保存成功：(COMIC1☆15)  天ノ性杯 (ゼノブレイド) 
2026-09-19 01:08:22 - mkk_pika - main.py:35 - INFO - 开始检查先輩ここでしませんか?是否存在未下载章节
2026-09-19 01:08:23 - mkk_pika - main.py:45 - INFO - 正在下载:[先輩ここでしませんか?]-[Peach Candy (ゆき恵)]-[['短篇', '全彩']]-[total_pages:13]
2026-09-19 01:08:23 - mkk_pika - main.py:49 - INFO - [{'_id': '5cdd7b9fa2c72a37213d785e', 'title': '第1集', 'order': 1, 'updated_at': '2019-05-16T06:33:45.541Z', 'id': '5cdd7b9fa2c72a37213d785e'}]
2026-09-19 01:08:23 - mkk_pika - database.py:215 - INFO - 第一次下载该漫画，记录数据库中
2026-09-19 01:08:23 - mkk_pika - main.py:83 - INFO - 找到 13 张图片在:第1集
2026-09-19 01:08:24 - mkk_pika - main.py:112 - INFO - [episode:第1集       ] downloaded:    13, total:  13, progress:100%
2026-09-19 01:08:24 - mkk_pika - database.py:238 - INFO - 数据库更新已下载章节
2026-09-19 01:08:24 - mkk_pika - database.py:244 - INFO - 该漫画已下载章节如下
2026-09-19 01:08:24 - mkk_pika - database.py:245 - INFO - ['第1集']
2026-09-19 01:08:25 - mkk_pika - main.py:348 - INFO - ==================== 漫画信息 ====================
                                   漫画ID：5cdd7b9fa2c72a37213d785d
                                   标题：先輩ここでしませんか?
                                   作者：Peach Candy (ゆき恵)
                                   是否完结：是
                                   总页数：13
                                   分类：短篇,全彩
                                   章节数：1
                                   最后更新时间：2019-05-16T15:02:55.546Z
                                   =================================================
2026-09-19 01:08:25 - mkk_pika - database.py:101 - INFO - 保存成功：先輩ここでしませんか?
2026-09-19 01:08:25 - mkk_pika - main.py:35 - INFO - 开始检查Vチューバー達が実際にPUBGの世界に入ってみた是否存在未下载章节
2026-09-19 01:08:25 - mkk_pika - main.py:45 - INFO - 正在下载:[Vチューバー達が実際にPUBGの世界に入ってみた]-[ピロコボ（Piro）]-[['同人', '短篇']]-[total_pages:31]
2026-09-19 01:08:25 - mkk_pika - main.py:49 - INFO - [{'_id': '5cdd7c2978c720629ff5ffad', 'title': '第1集', 'order': 1, 'updated_at': '2019-05-16T07:42:57.350Z', 'id': '5cdd7c2978c720629ff5ffad'}]
2026-09-19 01:08:25 - mkk_pika - database.py:215 - INFO - 第一次下载该漫画，记录数据库中
2026-09-19 01:08:26 - mkk_pika - main.py:83 - INFO - 找到 31 张图片在:第1集
2026-09-19 01:08:26 - mkk_pika - main.py:112 - INFO - [episode:第1集       ] downloaded:    31, total:  31, progress:100%
2026-09-19 01:08:26 - mkk_pika - database.py:238 - INFO - 数据库更新已下载章节
2026-09-19 01:08:26 - mkk_pika - database.py:244 - INFO - 该漫画已下载章节如下
2026-09-19 01:08:26 - mkk_pika - database.py:245 - INFO - ['第1集']
2026-09-19 01:08:28 - mkk_pika - main.py:348 - INFO - ==================== 漫画信息 ====================
                                   漫画ID：5cdd7c2978c720629ff5ffac
                                   标题：Vチューバー達が実際にPUBGの世界に入ってみた
                                   作者：ピロコボ（Piro）
                                   是否完结：否
                                   总页数：31
                                   分类：同人,短篇
                                   章节数：1
                                   最后更新时间：2019-05-16T15:05:13.407Z
                                   =================================================
2026-09-19 01:08:28 - mkk_pika - database.py:101 - INFO - 保存成功：Vチューバー達が実際にPUBGの世界に入ってみた
2026-09-19 01:08:28 - mkk_pika - main.py:35 - INFO - 开始检查(C94) 川上先生と双葉のひみつ個人授業 (ペルソナ5) [中国翻訳]是否存在未下载章节
2026-09-19 01:08:28 - mkk_pika - main.py:45 - INFO - 正在下载:[(C94) 川上先生と双葉のひみつ個人授業 (ペルソナ5) [中国翻訳]]-[サービスヘブン (あずきこ)]-[['短篇', '同人']]-[total_pages:33]
2026-09-19 01:08:28 - mkk_pika - main.py:49 - INFO - [{'_id': '5cdd7c422106637939836fa7', 'title': '第1集', 'order': 1, 'updated_at': '2019-05-16T09:49:51.837Z', 'id': '5cdd7c422106637939836fa7'}]
2026-09-19 01:08:28 - mkk_pika - database.py:215 - INFO - 第一次下载该漫画，记录数据库中
2026-09-19 01:08:29 - mkk_pika - main.py:83 - INFO - 找到 33 张图片在:第1集
2026-09-19 01:08:29 - mkk_pika - main.py:112 - INFO - [episode:第1集       ] downloaded:    33, total:  33, progress:100%
2026-09-19 01:08:29 - mkk_pika - database.py:238 - INFO - 数据库更新已下载章节
2026-09-19 01:08:29 - mkk_pika - database.py:244 - INFO - 该漫画已下载章节如下
2026-09-19 01:08:29 - mkk_pika - database.py:245 - INFO - ['第1集']
2026-09-19 01:08:31 - mkk_pika - main.py:348 - INFO - ==================== 漫画信息 ====================
                                   漫画ID：5cdd7c422106637939836fa6
                                   标题：(C94) 川上先生と双葉のひみつ個人授業 (ペルソナ5) [中国翻訳]
                                   作者：サービスヘブン (あずきこ)
                                   是否完结：是
                                   总页数：33
                                   分类：短篇,同人
                                   章节数：1
                                   最后更新时间：2019-05-16T15:05:38.646Z
                                   =================================================
2026-09-19 01:08:31 - mkk_pika - database.py:101 - INFO - 保存成功：(C94) 川上先生と双葉のひみつ個人授業 (ペルソナ5) [中国翻訳]
2026-09-19 01:08:31 - mkk_pika - main.py:35 - INFO - 开始检查 霊夢さんのえっちな本 (東方Project) [中国翻訳]是否存在未下载章节
2026-09-19 01:08:31 - mkk_pika - main.py:45 - INFO - 正在下载:[ 霊夢さんのえっちな本 (東方Project) [中国翻訳]]-[はくせん (おぱんちゅ)]-[['短篇', '同人', '東方']]-[total_pages:16]
2026-09-19 01:08:31 - mkk_pika - main.py:49 - INFO - [{'_id': '5cdd7c8128800d374b1059f1', 'title': '第1集', 'order': 1, 'updated_at': '2019-05-16T12:22:22.924Z', 'id': '5cdd7c8128800d374b1059f1'}]
2026-09-19 01:08:31 - mkk_pika - database.py:215 - INFO - 第一次下载该漫画，记录数据库中
2026-09-19 01:08:31 - mkk_pika - main.py:83 - INFO - 找到 16 张图片在:第1集
2026-09-19 01:08:32 - mkk_pika - main.py:112 - INFO - [episode:第1集       ] downloaded:    16, total:  16, progress:100%
2026-09-19 01:08:32 - mkk_pika - database.py:238 - INFO - 数据库更新已下载章节
2026-09-19 01:08:32 - mkk_pika - database.py:244 - INFO - 该漫画已下载章节如下
2026-09-19 01:08:32 - mkk_pika - database.py:245 - INFO - ['第1集']
2026-09-19 01:08:33 - mkk_pika - main.py:348 - INFO - ==================== 漫画信息 ====================
                                   漫画ID：5cdd7c8128800d374b1059f0
                                   标题： 霊夢さんのえっちな本 (東方Project) [中国翻訳]
                                   作者：はくせん (おぱんちゅ)
                                   是否完结：是
                                   总页数：16
                                   分类：短篇,同人,東方
                                   章节数：1
                                   最后更新时间：2019-05-16T15:06:41.744Z
                                   =================================================
2026-09-19 01:08:33 - mkk_pika - database.py:101 - INFO - 保存成功： 霊夢さんのえっちな本 (東方Project) [中国翻訳]
2026-09-19 01:08:33 - mkk_pika - main.py:35 - INFO - 开始检查(COMIC1☆15) ブラダマンテがお尻でオナサポする本 (Fate/Grand Order) [中国翻訳]是否存在未下载章节
2026-09-19 01:08:34 - mkk_pika - main.py:45 - INFO - 正在下载:[(COMIC1☆15) ブラダマンテがお尻でオナサポする本 (Fate/Grand Order) [中国翻訳]]-[量産型ポニテ (たかのつめ)]-[['短篇', '同人', 'Fate']]-[total_pages:24]
2026-09-19 01:08:34 - mkk_pika - main.py:49 - INFO - [{'_id': '5cdd7ca2b05d63371bb2aeef', 'title': '第1集', 'order': 1, 'updated_at': '2019-05-16T13:16:02.849Z', 'id': '5cdd7ca2b05d63371bb2aeef'}]
2026-09-19 01:08:34 - mkk_pika - database.py:215 - INFO - 第一次下载该漫画，记录数据库中
2026-09-19 01:08:34 - mkk_pika - main.py:83 - INFO - 找到 24 张图片在:第1集
2026-09-19 01:08:35 - mkk_pika - main.py:112 - INFO - [episode:第1集       ] downloaded:    24, total:  24, progress:100%
2026-09-19 01:08:35 - mkk_pika - database.py:238 - INFO - 数据库更新已下载章节
2026-09-19 01:08:35 - mkk_pika - database.py:244 - INFO - 该漫画已下载章节如下
2026-09-19 01:08:35 - mkk_pika - database.py:245 - INFO - ['第1集']
2026-09-19 01:08:36 - mkk_pika - main.py:348 - INFO - ==================== 漫画信息 ====================
                                   漫画ID：5cdd7ca2b05d63371bb2aeee
                                   标题：(COMIC1☆15) ブラダマンテがお尻でオナサポする本 (Fate/Grand Order) [中国翻訳]
                                   作者：量産型ポニテ (たかのつめ)
                                   是否完结：是
                                   总页数：24
                                   分类：短篇,同人,Fate
                                   章节数：1
                                   最后更新时间：2019-05-16T15:07:14.479Z
                                   =================================================
2026-09-19 01:08:36 - mkk_pika - database.py:101 - INFO - 保存成功：(COMIC1☆15) ブラダマンテがお尻でオナサポする本 (Fate/Grand Order) [中国翻訳]
2026-09-19 01:08:36 - mkk_pika - main.py:35 - INFO - 开始检查先輩…ほしいよぉ (COMIC BAVEL 2019年1月号) [中国翻訳] [DL版]是否存在未下载章节
2026-09-19 01:08:36 - mkk_pika - main.py:45 - INFO - 正在下载:[先輩…ほしいよぉ (COMIC BAVEL 2019年1月号) [中国翻訳] [DL版]]-[朝峰テル]-[['短篇', '純愛']]-[total_pages:24]
2026-09-19 01:08:36 - mkk_pika - main.py:49 - INFO - [{'_id': '5cdd7cbbb05d63371bb2af09', 'title': '第1集', 'order': 1, 'updated_at': '2019-05-16T13:31:48.921Z', 'id': '5cdd7cbbb05d63371bb2af09'}]
2026-09-19 01:08:36 - mkk_pika - database.py:215 - INFO - 第一次下载该漫画，记录数据库中
2026-09-19 01:08:37 - mkk_pika - main.py:83 - INFO - 找到 24 张图片在:第1集
2026-09-19 01:08:38 - mkk_pika - main.py:112 - INFO - [episode:第1集       ] downloaded:    24, total:  24, progress:100%
2026-09-19 01:08:38 - mkk_pika - database.py:238 - INFO - 数据库更新已下载章节
2026-09-19 01:08:38 - mkk_pika - database.py:244 - INFO - 该漫画已下载章节如下
2026-09-19 01:08:38 - mkk_pika - database.py:245 - INFO - ['第1集']
2026-09-19 01:08:39 - mkk_pika - main.py:348 - INFO - ==================== 漫画信息 ====================
                                   漫画ID：5cdd7cbbb05d63371bb2af08
                                   标题：先輩…ほしいよぉ (COMIC BAVEL 2019年1月号) [中国翻訳] [DL版]
                                   作者：朝峰テル
                                   是否完结：是
                                   总页数：24
                                   分类：短篇,純愛
                                   章节数：1
                                   最后更新时间：2019-05-16T15:07:39.262Z
                                   =================================================
2026-09-19 01:08:39 - mkk_pika - database.py:101 - INFO - 保存成功：先輩…ほしいよぉ (COMIC BAVEL 2019年1月号) [中国翻訳] [DL版]
2026-09-19 01:08:39 - mkk_pika - main.py:35 - INFO - 开始检查ネトラレノトリコ是否存在未下载章节
2026-09-19 01:08:40 - mkk_pika - main.py:45 - INFO - 正在下载:[ネトラレノトリコ]-[彩～IRODORI～ (SOYOSOYO)]-[['短篇', 'NTR']]-[total_pages:53]
2026-09-19 01:08:40 - mkk_pika - main.py:49 - INFO - [{'_id': '5cdd7cdbdb8ff3096a027f4a', 'title': '第1集', 'order': 1, 'updated_at': '2019-05-14T02:28:56.776Z', 'id': '5cdd7cdbdb8ff3096a027f4a'}]
2026-09-19 01:08:40 - mkk_pika - database.py:215 - INFO - 第一次下载该漫画，记录数据库中
2026-09-19 01:08:40 - mkk_pika - main.py:83 - INFO - 找到 53 张图片在:第1集
2026-09-19 01:08:42 - mkk_pika - main.py:112 - INFO - [episode:第1集       ] downloaded:    53, total:  53, progress:100%
2026-09-19 01:08:42 - mkk_pika - database.py:238 - INFO - 数据库更新已下载章节
2026-09-19 01:08:42 - mkk_pika - database.py:244 - INFO - 该漫画已下载章节如下
2026-09-19 01:08:42 - mkk_pika - database.py:245 - INFO - ['第1集']
2026-09-19 01:08:43 - mkk_pika - main.py:348 - INFO - ==================== 漫画信息 ====================
                                   漫画ID：5cdd7cdbdb8ff3096a027f49
                                   标题：ネトラレノトリコ
                                   作者：彩～IRODORI～ (SOYOSOYO)
                                   是否完结：否
                                   总页数：53
                                   分类：短篇,NTR
                                   章节数：1
                                   最后更新时间：2019-05-16T15:08:11.635Z
                                   =================================================
2026-09-19 01:08:43 - mkk_pika - database.py:101 - INFO - 保存成功：ネトラレノトリコ
2026-09-19 01:08:43 - mkk_pika - main.py:35 - INFO - 开始检查 (C93) しゅがはと蒸れ蒸れになる本 (アイドルマスター シンデレラガールズ)是否存在未下载章节
2026-09-19 01:08:43 - mkk_pika - main.py:45 - INFO - 正在下载:[ (C93) しゅがはと蒸れ蒸れになる本 (アイドルマスター シンデレラガールズ)]-[森宮缶 (森宮正幸)]-[['短篇', '同人']]-[total_pages:28]
2026-09-19 01:08:43 - mkk_pika - main.py:49 - INFO - [{'_id': '5cdd7d78b04ef879d2bb9db1', 'title': '第1集', 'order': 1, 'updated_at': '2019-05-16T14:09:59.346Z', 'id': '5cdd7d78b04ef879d2bb9db1'}]
2026-09-19 01:08:43 - mkk_pika - database.py:215 - INFO - 第一次下载该漫画，记录数据库中
2026-09-19 01:08:44 - mkk_pika - main.py:83 - INFO - 找到 28 张图片在:第1集
2026-09-19 01:08:44 - mkk_pika - main.py:112 - INFO - [episode:第1集       ] downloaded:    28, total:  28, progress:100%
2026-09-19 01:08:44 - mkk_pika - database.py:238 - INFO - 数据库更新已下载章节
2026-09-19 01:08:44 - mkk_pika - database.py:244 - INFO - 该漫画已下载章节如下
2026-09-19 01:08:44 - mkk_pika - database.py:245 - INFO - ['第1集']
2026-09-19 01:08:46 - mkk_pika - main.py:348 - INFO - ==================== 漫画信息 ====================
                                   漫画ID：5cdd7d78b04ef879d2bb9db0
                                   标题： (C93) しゅがはと蒸れ蒸れになる本 (アイドルマスター シンデレラガールズ)
                                   作者：森宮缶 (森宮正幸)
                                   是否完结：否
                                   总页数：28
                                   分类：短篇,同人
                                   章节数：1
                                   最后更新时间：2019-05-16T15:10:48.758Z
                                   =================================================
2026-09-19 01:08:46 - mkk_pika - database.py:101 - INFO - 保存成功： (C93) しゅがはと蒸れ蒸れになる本 (アイドルマスター シンデレラガールズ)
2026-09-19 01:08:46 - mkk_pika - main.py:35 - INFO - 开始检查 (C94)  犯され系少女メイナ -見習いサキュバス篇-是否存在未下载章节
2026-09-19 01:08:46 - mkk_pika - main.py:45 - INFO - 正在下载:[ (C94)  犯され系少女メイナ -見習いサキュバス篇-]-[プリン海ヨーグルト (ちり)]-[['短篇', '同人', '全彩']]-[total_pages:21]
2026-09-19 01:08:46 - mkk_pika - main.py:49 - INFO - [{'_id': '5cdd7d8ba2c72a37213d7888', 'title': '第1集', 'order': 1, 'updated_at': '2019-05-16T14:20:57.280Z', 'id': '5cdd7d8ba2c72a37213d7888'}]
2026-09-19 01:08:46 - mkk_pika - database.py:215 - INFO - 第一次下载该漫画，记录数据库中
2026-09-19 01:08:47 - mkk_pika - main.py:83 - INFO - 找到 21 张图片在:第1集
2026-09-19 01:08:47 - mkk_pika - main.py:112 - INFO - [episode:第1集       ] downloaded:    21, total:  21, progress:100%
2026-09-19 01:08:47 - mkk_pika - database.py:238 - INFO - 数据库更新已下载章节
2026-09-19 01:08:47 - mkk_pika - database.py:244 - INFO - 该漫画已下载章节如下
2026-09-19 01:08:47 - mkk_pika - database.py:245 - INFO - ['第1集']
2026-09-19 01:08:48 - mkk_pika - main.py:348 - INFO - ==================== 漫画信息 ====================
                                   漫画ID：5cdd7d8ba2c72a37213d7887
                                   标题： (C94)  犯され系少女メイナ -見習いサキュバス篇-
                                   作者：プリン海ヨーグルト (ちり)
                                   是否完结：否
                                   总页数：21
                                   分类：短篇,同人,全彩
                                   章节数：1
                                   最后更新时间：2019-05-16T15:11:07.892Z
                                   =================================================
2026-09-19 01:08:48 - mkk_pika - database.py:101 - INFO - 保存成功： (C94)  犯され系少女メイナ -見習いサキュバス篇-
2026-09-19 01:08:48 - mkk_pika - main.py:35 - INFO - 开始检查 うしおのだきごこち (艦隊これくしょん -艦これ-) [DL版]是否存在未下载章节
2026-09-19 01:08:49 - mkk_pika - main.py:45 - INFO - 正在下载:[ うしおのだきごこち (艦隊これくしょん -艦これ-) [DL版]]-[黒錦 (タカハル)]-[['同人', '短篇', '艦隊收藏']]-[total_pages:35]
2026-09-19 01:08:49 - mkk_pika - main.py:49 - INFO - [{'_id': '5cdd7d9fa2c72a37213d789f', 'title': '第1集', 'order': 1, 'updated_at': '2019-05-16T14:26:25.193Z', 'id': '5cdd7d9fa2c72a37213d789f'}]
2026-09-19 01:08:49 - mkk_pika - database.py:215 - INFO - 第一次下载该漫画，记录数据库中
2026-09-19 01:08:49 - mkk_pika - main.py:83 - INFO - 找到 35 张图片在:第1集
2026-09-19 01:08:50 - mkk_pika - main.py:112 - INFO - [episode:第1集       ] downloaded:    35, total:  35, progress:100%
2026-09-19 01:08:50 - mkk_pika - database.py:238 - INFO - 数据库更新已下载章节
2026-09-19 01:08:50 - mkk_pika - database.py:244 - INFO - 该漫画已下载章节如下
2026-09-19 01:08:50 - mkk_pika - database.py:245 - INFO - ['第1集']
2026-09-19 01:08:51 - mkk_pika - main.py:348 - INFO - ==================== 漫画信息 ====================
                                   漫画ID：5cdd7d9fa2c72a37213d789e
                                   标题： うしおのだきごこち (艦隊これくしょん -艦これ-) [DL版]
                                   作者：黒錦 (タカハル)
                                   是否完结：否
                                   总页数：35
                                   分类：同人,短篇,艦隊收藏
                                   章节数：1
                                   最后更新时间：2019-05-16T15:11:27.049Z
                                   =================================================
2026-09-19 01:08:51 - mkk_pika - database.py:101 - INFO - 保存成功： うしおのだきごこち (艦隊これくしょん -艦これ-) [DL版]
2026-09-19 01:08:51 - mkk_pika - main.py:35 - INFO - 开始检查マグロリビッチのキヅナさん 是否存在未下载章节
2026-09-19 01:08:52 - mkk_pika - main.py:45 - INFO - 正在下载:[マグロリビッチのキヅナさん ]-[とく村長]-[['短篇']]-[total_pages:79]
2026-09-19 01:08:52 - mkk_pika - main.py:49 - INFO - [{'_id': '5abdbc190369972f5b7e1f1c', 'title': '第1集', 'order': 1, 'updated_at': '2018-03-30T02:10:27.779Z', 'id': '5abdbc190369972f5b7e1f1c'}, {'_id': '5ac0e8a2eb87ba0e1fd50dfc', 'title': '第2集', 'order': 2, 'updated_at': '2018-04-01T04:35:55.989Z', 'id': '5ac0e8a2eb87ba0e1fd50dfc'}, {'_id': '5b248e148bdb6d72995d4fcf', 'title': '第3集', 'order': 3, 'updated_at': '2018-06-16T01:41:07.562Z', 'id': '5b248e148bdb6d72995d4fcf'}, {'_id': '5c8725ab5ce22c305f0fc9e2', 'title': '第4集', 'order': 4, 'updated_at': '2019-03-12T03:14:38.350Z', 'id': '5c8725ab5ce22c305f0fc9e2'}, {'_id': '5cde78b48702262081b15330', 'title': '第5集', 'order': 5, 'updated_at': '2019-05-17T08:04:58.334Z', 'id': '5cde78b48702262081b15330'}]
2026-09-19 01:08:52 - mkk_pika - database.py:215 - INFO - 第一次下载该漫画，记录数据库中
2026-09-19 01:08:52 - mkk_pika - main.py:83 - INFO - 找到 30 张图片在:第1集
2026-09-19 01:08:53 - mkk_pika - main.py:112 - INFO - [episode:第1集       ] downloaded:    30, total:  30, progress:100%
2026-09-19 01:08:53 - mkk_pika - database.py:238 - INFO - 数据库更新已下载章节
2026-09-19 01:08:53 - mkk_pika - database.py:244 - INFO - 该漫画已下载章节如下
2026-09-19 01:08:53 - mkk_pika - database.py:245 - INFO - ['第1集']
2026-09-19 01:08:54 - mkk_pika - main.py:83 - INFO - 找到 8 张图片在:第2集
2026-09-19 01:08:55 - mkk_pika - main.py:112 - INFO - [episode:第2集       ] downloaded:     8, total:   8, progress:100%
2026-09-19 01:08:55 - mkk_pika - database.py:238 - INFO - 数据库更新已下载章节
2026-09-19 01:08:55 - mkk_pika - database.py:244 - INFO - 该漫画已下载章节如下
2026-09-19 01:08:55 - mkk_pika - database.py:245 - INFO - ['第1集', '第2集']
2026-09-19 01:08:56 - mkk_pika - main.py:83 - INFO - 找到 16 张图片在:第3集
2026-09-19 01:08:57 - mkk_pika - main.py:112 - INFO - [episode:第3集       ] downloaded:    16, total:  16, progress:100%
2026-09-19 01:08:57 - mkk_pika - database.py:238 - INFO - 数据库更新已下载章节
2026-09-19 01:08:57 - mkk_pika - database.py:244 - INFO - 该漫画已下载章节如下
2026-09-19 01:08:57 - mkk_pika - database.py:245 - INFO - ['第1集', '第2集', '第3集']
2026-09-19 01:08:58 - mkk_pika - main.py:83 - INFO - 找到 5 张图片在:第4集
2026-09-19 01:08:58 - mkk_pika - main.py:112 - INFO - [episode:第4集       ] downloaded:     5, total:   5, progress:100%
2026-09-19 01:08:58 - mkk_pika - database.py:238 - INFO - 数据库更新已下载章节
2026-09-19 01:08:58 - mkk_pika - database.py:244 - INFO - 该漫画已下载章节如下
2026-09-19 01:08:58 - mkk_pika - database.py:245 - INFO - ['第1集', '第2集', '第3集', '第4集']
2026-09-19 01:09:00 - mkk_pika - main.py:83 - INFO - 找到 20 张图片在:第5集
2026-09-19 01:09:01 - mkk_pika - main.py:112 - INFO - [episode:第5集       ] downloaded:    20, total:  20, progress:100%
2026-09-19 01:09:01 - mkk_pika - database.py:238 - INFO - 数据库更新已下载章节
2026-09-19 01:09:01 - mkk_pika - database.py:244 - INFO - 该漫画已下载章节如下
2026-09-19 01:09:01 - mkk_pika - database.py:245 - INFO - ['第1集', '第2集', '第3集', '第4集', '第5集']
2026-09-19 01:09:02 - mkk_pika - main.py:348 - INFO - ==================== 漫画信息 ====================
                                   漫画ID：5abdbc190369972f5b7e1f1b
                                   标题：マグロリビッチのキヅナさん 
                                   作者：とく村長
                                   是否完结：否
                                   总页数：79
                                   分类：短篇
                                   章节数：5
                                   最后更新时间：2019-05-17T09:02:43.983Z
                                   =================================================
2026-09-19 01:09:02 - mkk_pika - database.py:101 - INFO - 保存成功：マグロリビッチのキヅナさん 
2026-09-19 01:09:02 - mkk_pika - main.py:35 - INFO - 开始检查Tenshi in Tentacles是否存在未下载章节
2026-09-19 01:09:02 - mkk_pika - main.py:45 - INFO - 正在下载:[Tenshi in Tentacles]-[はくせん (おぱんちゅ)]-[['同人', '短篇', '東方']]-[total_pages:28]
2026-09-19 01:09:02 - mkk_pika - main.py:49 - INFO - [{'_id': '5ca2353cba6cea286ae249b1', 'title': '生肉', 'order': 1, 'updated_at': '2019-05-18T02:59:24.430Z', 'id': '5ca2353cba6cea286ae249b1'}, {'_id': '5cdf750c60b63275c1721607', 'title': '熟肉', 'order': 2, 'updated_at': '2019-05-17T13:09:47.577Z', 'id': '5cdf750c60b63275c1721607'}]
2026-09-19 01:09:02 - mkk_pika - database.py:215 - INFO - 第一次下载该漫画，记录数据库中
2026-09-19 01:09:03 - mkk_pika - main.py:83 - INFO - 找到 14 张图片在:生肉
2026-09-19 01:09:03 - mkk_pika - main.py:112 - INFO - [episode:生肉        ] downloaded:    14, total:  14, progress:100%
2026-09-19 01:09:03 - mkk_pika - database.py:238 - INFO - 数据库更新已下载章节
2026-09-19 01:09:03 - mkk_pika - database.py:244 - INFO - 该漫画已下载章节如下
2026-09-19 01:09:03 - mkk_pika - database.py:245 - INFO - ['生肉']
2026-09-19 01:09:05 - mkk_pika - main.py:83 - INFO - 找到 14 张图片在:熟肉
2026-09-19 01:09:05 - mkk_pika - main.py:112 - INFO - [episode:熟肉        ] downloaded:    14, total:  14, progress:100%
2026-09-19 01:09:05 - mkk_pika - database.py:238 - INFO - 数据库更新已下载章节
2026-09-19 01:09:05 - mkk_pika - database.py:244 - INFO - 该漫画已下载章节如下
2026-09-19 01:09:05 - mkk_pika - database.py:245 - INFO - ['生肉', '熟肉']
2026-09-19 01:09:06 - mkk_pika - main.py:348 - INFO - ==================== 漫画信息 ====================
                                   漫画ID：5ca2353cba6cea286ae249b0
                                   标题：Tenshi in Tentacles
                                   作者：はくせん (おぱんちゅ)
                                   是否完结：否
                                   总页数：28
                                   分类：同人,短篇,東方
                                   章节数：2
                                   最后更新时间：2019-05-18T02:59:24.410Z
                                   =================================================
2026-09-19 01:09:06 - mkk_pika - database.py:101 - INFO - 保存成功：Tenshi in Tentacles
2026-09-19 01:09:06 - mkk_pika - main.py:35 - INFO - 开始检查花騎士艶戯3是否存在未下载章节
2026-09-19 01:09:07 - mkk_pika - main.py:45 - INFO - 正在下载:[花騎士艶戯3]-[G-Power! (SASAYUKi)]-[['同人', '短篇']]-[total_pages:43]
2026-09-19 01:09:07 - mkk_pika - main.py:49 - INFO - [{'_id': '5c4fe8dc5fbd7c78f47ee292', 'title': '生肉', 'order': 1, 'updated_at': '2019-05-18T02:59:35.056Z', 'id': '5c4fe8dc5fbd7c78f47ee292'}, {'_id': '5cdf75175e94bd75ef5ec350', 'title': '熟肉', 'order': 2, 'updated_at': '2019-05-17T13:23:10.918Z', 'id': '5cdf75175e94bd75ef5ec350'}]
2026-09-19 01:09:07 - mkk_pika - database.py:215 - INFO - 第一次下载该漫画，记录数据库中
2026-09-19 01:09:07 - mkk_pika - main.py:83 - INFO - 找到 22 张图片在:生肉
2026-09-19 01:09:08 - mkk_pika - main.py:112 - INFO - [episode:生肉        ] downloaded:    22, total:  22, progress:100%
2026-09-19 01:09:08 - mkk_pika - database.py:238 - INFO - 数据库更新已下载章节
2026-09-19 01:09:08 - mkk_pika - database.py:244 - INFO - 该漫画已下载章节如下
2026-09-19 01:09:08 - mkk_pika - database.py:245 - INFO - ['生肉']
2026-09-19 01:09:09 - mkk_pika - main.py:83 - INFO - 找到 21 张图片在:熟肉
2026-09-19 01:09:10 - mkk_pika - main.py:112 - INFO - [episode:熟肉        ] downloaded:    21, total:  21, progress:100%
2026-09-19 01:09:10 - mkk_pika - database.py:238 - INFO - 数据库更新已下载章节
2026-09-19 01:09:10 - mkk_pika - database.py:244 - INFO - 该漫画已下载章节如下
2026-09-19 01:09:10 - mkk_pika - database.py:245 - INFO - ['生肉', '熟肉']
2026-09-19 01:09:11 - mkk_pika - main.py:348 - INFO - ==================== 漫画信息 ====================
                                   漫画ID：5c4fe8dc5fbd7c78f47ee291
                                   标题：花騎士艶戯3
                                   作者：G-Power! (SASAYUKi)
                                   是否完结：否
                                   总页数：43
                                   分类：同人,短篇
                                   章节数：2
                                   最后更新时间：2019-05-18T02:59:35.042Z
                                   =================================================
2026-09-19 01:09:11 - mkk_pika - database.py:101 - INFO - 保存成功：花騎士艶戯3
2026-09-19 01:09:11 - mkk_pika - main.py:35 - INFO - 开始检查(C95) 上野さんはふしだら (上野さんは不器用) [中国翻訳]是否存在未下载章节
2026-09-19 01:09:12 - mkk_pika - main.py:45 - INFO - 正在下载:[(C95) 上野さんはふしだら (上野さんは不器用) [中国翻訳]]-[SAZ (己即是空)]-[['同人', '短篇']]-[total_pages:8]
2026-09-19 01:09:12 - mkk_pika - main.py:49 - INFO - [{'_id': '5cdf75ef1307055b7961c448', 'title': '第1集', 'order': 1, 'updated_at': '2019-05-16T16:00:36.742Z', 'id': '5cdf75ef1307055b7961c448'}]
2026-09-19 01:09:12 - mkk_pika - database.py:215 - INFO - 第一次下载该漫画，记录数据库中
2026-09-19 01:09:12 - mkk_pika - main.py:83 - INFO - 找到 8 张图片在:第1集
2026-09-19 01:09:13 - mkk_pika - main.py:112 - INFO - [episode:第1集       ] downloaded:     8, total:   8, progress:100%
2026-09-19 01:09:13 - mkk_pika - database.py:238 - INFO - 数据库更新已下载章节
2026-09-19 01:09:13 - mkk_pika - database.py:244 - INFO - 该漫画已下载章节如下
2026-09-19 01:09:13 - mkk_pika - database.py:245 - INFO - ['第1集']
2026-09-19 01:09:14 - mkk_pika - main.py:348 - INFO - ==================== 漫画信息 ====================
                                   漫画ID：5cdf75ef1307055b7961c447
                                   标题：(C95) 上野さんはふしだら (上野さんは不器用) [中国翻訳]
                                   作者：SAZ (己即是空)
                                   是否完结：是
                                   总页数：8
                                   分类：同人,短篇
                                   章节数：1
                                   最后更新时间：2019-05-18T03:03:11.762Z
                                   =================================================
2026-09-19 01:09:14 - mkk_pika - database.py:101 - INFO - 保存成功：(C95) 上野さんはふしだら (上野さんは不器用) [中国翻訳]
2026-09-19 01:09:14 - mkk_pika - main.py:35 - INFO - 开始检查カリゴゴ ～肉欲少女～ #4 [中国翻訳] [DL版]是否存在未下载章节
2026-09-19 01:09:14 - mkk_pika - main.py:45 - INFO - 正在下载:[カリゴゴ ～肉欲少女～ #4 [中国翻訳] [DL版]]-[けんじ]-[['短篇']]-[total_pages:28]
2026-09-19 01:09:14 - mkk_pika - main.py:49 - INFO - [{'_id': '5cdf7632e489e1273e609e0e', 'title': '第1集', 'order': 1, 'updated_at': '2019-05-16T17:02:57.966Z', 'id': '5cdf7632e489e1273e609e0e'}]
2026-09-19 01:09:14 - mkk_pika - database.py:215 - INFO - 第一次下载该漫画，记录数据库中
2026-09-19 01:09:15 - mkk_pika - main.py:83 - INFO - 找到 28 张图片在:第1集
2026-09-19 01:09:16 - mkk_pika - main.py:112 - INFO - [episode:第1集       ] downloaded:    28, total:  28, progress:100%
2026-09-19 01:09:16 - mkk_pika - database.py:238 - INFO - 数据库更新已下载章节
2026-09-19 01:09:16 - mkk_pika - database.py:244 - INFO - 该漫画已下载章节如下
2026-09-19 01:09:16 - mkk_pika - database.py:245 - INFO - ['第1集']
2026-09-19 01:09:17 - mkk_pika - main.py:348 - INFO - ==================== 漫画信息 ====================
                                   漫画ID：5cdf7632e489e1273e609e0d
                                   标题：カリゴゴ ～肉欲少女～ #4 [中国翻訳] [DL版]
                                   作者：けんじ
                                   是否完结：是
                                   总页数：28
                                   分类：短篇
                                   章节数：1
                                   最后更新时间：2019-05-18T03:04:18.087Z
                                   =================================================
2026-09-19 01:09:17 - mkk_pika - database.py:101 - INFO - 保存成功：カリゴゴ ～肉欲少女～ #4 [中国翻訳] [DL版]
2026-09-19 01:09:17 - mkk_pika - main.py:35 - INFO - 开始检查 ちぶさ先生セレブレーション [中国翻訳] [DL版]是否存在未下载章节
2026-09-19 01:09:17 - mkk_pika - main.py:45 - INFO - 正在下载:[ ちぶさ先生セレブレーション [中国翻訳] [DL版]]-[旅烏]-[['短篇', '純愛']]-[total_pages:20]
2026-09-19 01:09:17 - mkk_pika - main.py:49 - INFO - [{'_id': '5cdf76fe56d9742bd9664a30', 'title': '第1集', 'order': 1, 'updated_at': '2019-05-16T17:11:17.667Z', 'id': '5cdf76fe56d9742bd9664a30'}]
2026-09-19 01:09:17 - mkk_pika - database.py:215 - INFO - 第一次下载该漫画，记录数据库中
2026-09-19 01:09:18 - mkk_pika - main.py:83 - INFO - 找到 20 张图片在:第1集
2026-09-19 01:09:18 - mkk_pika - main.py:112 - INFO - [episode:第1集       ] downloaded:    20, total:  20, progress:100%
2026-09-19 01:09:18 - mkk_pika - database.py:238 - INFO - 数据库更新已下载章节
2026-09-19 01:09:18 - mkk_pika - database.py:244 - INFO - 该漫画已下载章节如下
2026-09-19 01:09:18 - mkk_pika - database.py:245 - INFO - ['第1集']
2026-09-19 01:09:20 - mkk_pika - main.py:348 - INFO - ==================== 漫画信息 ====================
                                   漫画ID：5cdf76fe56d9742bd9664a2f
                                   标题： ちぶさ先生セレブレーション [中国翻訳] [DL版]
                                   作者：旅烏
                                   是否完结：是
                                   总页数：20
                                   分类：短篇,純愛
                                   章节数：1
                                   最后更新时间：2019-05-18T03:07:42.200Z
                                   =================================================
2026-09-19 01:09:20 - mkk_pika - database.py:101 - INFO - 保存成功： ちぶさ先生セレブレーション [中国翻訳] [DL版]
2026-09-19 01:09:20 - mkk_pika - main.py:35 - INFO - 开始检查ちいさなてのひら[MJK-19-Z1641][無修正]是否存在未下载章节
2026-09-19 01:09:20 - mkk_pika - main.py:45 - INFO - 正在下载:[ちいさなてのひら[MJK-19-Z1641][無修正]]-[平間ひろかず]-[['短篇', '純愛']]-[total_pages:25]
2026-09-19 01:09:20 - mkk_pika - main.py:49 - INFO - [{'_id': '5cdf789ba982915b5f9c5272', 'title': '第1集', 'order': 1, 'updated_at': '2019-05-16T22:10:23.963Z', 'id': '5cdf789ba982915b5f9c5272'}]
2026-09-19 01:09:20 - mkk_pika - database.py:215 - INFO - 第一次下载该漫画，记录数据库中
2026-09-19 01:09:21 - mkk_pika - main.py:83 - INFO - 找到 25 张图片在:第1集
2026-09-19 01:09:21 - mkk_pika - main.py:112 - INFO - [episode:第1集       ] downloaded:    25, total:  25, progress:100%
2026-09-19 01:09:21 - mkk_pika - database.py:238 - INFO - 数据库更新已下载章节
2026-09-19 01:09:21 - mkk_pika - database.py:244 - INFO - 该漫画已下载章节如下
2026-09-19 01:09:21 - mkk_pika - database.py:245 - INFO - ['第1集']
2026-09-19 01:09:22 - mkk_pika - main.py:348 - INFO - ==================== 漫画信息 ====================
                                   漫画ID：5cdf789ba982915b5f9c5271
                                   标题：ちいさなてのひら[MJK-19-Z1641][無修正]
                                   作者：平間ひろかず
                                   是否完结：否
                                   总页数：25
                                   分类：短篇,純愛
                                   章节数：1
                                   最后更新时间：2019-05-18T03:14:35.402Z
                                   =================================================
2026-09-19 01:09:22 - mkk_pika - database.py:101 - INFO - 保存成功：ちいさなてのひら[MJK-19-Z1641][無修正]
2026-09-19 01:09:22 - mkk_pika - main.py:35 - INFO - 开始检查(COMIC1☆15)ドッキリでヒメヒナ☆はおー (田中ヒメ、鈴木ヒナ)是否存在未下载章节
2026-09-19 01:09:23 - mkk_pika - main.py:45 - INFO - 正在下载:[(COMIC1☆15)ドッキリでヒメヒナ☆はおー (田中ヒメ、鈴木ヒナ)]-[椎名悠輝]-[['短篇']]-[total_pages:19]
2026-09-19 01:09:23 - mkk_pika - main.py:49 - INFO - [{'_id': '5cdf78fc60b63275c1721622', 'title': '第1集', 'order': 1, 'updated_at': '2019-05-17T01:06:50.343Z', 'id': '5cdf78fc60b63275c1721622'}]
2026-09-19 01:09:23 - mkk_pika - database.py:215 - INFO - 第一次下载该漫画，记录数据库中
2026-09-19 01:09:23 - mkk_pika - main.py:83 - INFO - 找到 19 张图片在:第1集
2026-09-19 01:09:24 - mkk_pika - main.py:112 - INFO - [episode:第1集       ] downloaded:    19, total:  19, progress:100%
2026-09-19 01:09:24 - mkk_pika - database.py:238 - INFO - 数据库更新已下载章节
2026-09-19 01:09:24 - mkk_pika - database.py:244 - INFO - 该漫画已下载章节如下
2026-09-19 01:09:24 - mkk_pika - database.py:245 - INFO - ['第1集']
2026-09-19 01:09:25 - mkk_pika - main.py:348 - INFO - ==================== 漫画信息 ====================
                                   漫画ID：5cdf78fc60b63275c1721621
                                   标题：(COMIC1☆15)ドッキリでヒメヒナ☆はおー (田中ヒメ、鈴木ヒナ)
                                   作者：椎名悠輝
                                   是否完结：否
                                   总页数：19
                                   分类：短篇
                                   章节数：1
                                   最后更新时间：2019-05-18T03:16:12.229Z
                                   =================================================
2026-09-19 01:09:25 - mkk_pika - database.py:101 - INFO - 保存成功：(COMIC1☆15)ドッキリでヒメヒナ☆はおー (田中ヒメ、鈴木ヒナ)
2026-09-19 01:09:25 - mkk_pika - main.py:35 - INFO - 开始检查ちいさなてのひら[無修正]是否存在未下载章节
2026-09-19 01:09:25 - mkk_pika - main.py:45 - INFO - 正在下载:[ちいさなてのひら[無修正]]-[平間ひろかず]-[['短篇', '純愛', '非人類']]-[total_pages:26]
2026-09-19 01:09:25 - mkk_pika - main.py:49 - INFO - [{'_id': '5cdf791c60b63275c1721638', 'title': '第1集', 'order': 1, 'updated_at': '2019-05-17T03:44:02.059Z', 'id': '5cdf791c60b63275c1721638'}]
2026-09-19 01:09:25 - mkk_pika - database.py:215 - INFO - 第一次下载该漫画，记录数据库中
2026-09-19 01:09:26 - mkk_pika - main.py:83 - INFO - 找到 26 张图片在:第1集
2026-09-19 01:09:27 - mkk_pika - main.py:112 - INFO - [episode:第1集       ] downloaded:    26, total:  26, progress:100%
2026-09-19 01:09:27 - mkk_pika - database.py:238 - INFO - 数据库更新已下载章节
2026-09-19 01:09:27 - mkk_pika - database.py:244 - INFO - 该漫画已下载章节如下
2026-09-19 01:09:27 - mkk_pika - database.py:245 - INFO - ['第1集']
2026-09-19 01:09:28 - mkk_pika - main.py:348 - INFO - ==================== 漫画信息 ====================
                                   漫画ID：5cdf791b60b63275c1721637
                                   标题：ちいさなてのひら[無修正]
                                   作者：平間ひろかず
                                   是否完结：否
                                   总页数：26
                                   分类：短篇,純愛,非人類
                                   章节数：1
                                   最后更新时间：2019-05-18T03:16:43.998Z
                                   =================================================
2026-09-19 01:09:28 - mkk_pika - database.py:101 - INFO - 保存成功：ちいさなてのひら[無修正]
2026-09-19 01:09:28 - mkk_pika - main.py:35 - INFO - 开始检查酔猫 (COMIC X-EROS #73) [無修正]是否存在未下载章节
2026-09-19 01:09:28 - mkk_pika - main.py:45 - INFO - 正在下载:[酔猫 (COMIC X-EROS #73) [無修正]]-[いづれ]-[['全彩', '短篇', '純愛']]-[total_pages:5]
2026-09-19 01:09:28 - mkk_pika - main.py:49 - INFO - [{'_id': '5cdf793a1684072bf1efddd9', 'title': '第1集', 'order': 1, 'updated_at': '2019-05-17T04:52:14.849Z', 'id': '5cdf793a1684072bf1efddd9'}]
2026-09-19 01:09:28 - mkk_pika - database.py:215 - INFO - 第一次下载该漫画，记录数据库中
2026-09-19 01:09:29 - mkk_pika - main.py:83 - INFO - 找到 5 张图片在:第1集
2026-09-19 01:09:29 - mkk_pika - main.py:112 - INFO - [episode:第1集       ] downloaded:     5, total:   5, progress:100%
2026-09-19 01:09:29 - mkk_pika - database.py:238 - INFO - 数据库更新已下载章节
2026-09-19 01:09:29 - mkk_pika - database.py:244 - INFO - 该漫画已下载章节如下
2026-09-19 01:09:29 - mkk_pika - database.py:245 - INFO - ['第1集']
2026-09-19 01:09:30 - mkk_pika - main.py:348 - INFO - ==================== 漫画信息 ====================
                                   漫画ID：5cdf793a1684072bf1efddd8
                                   标题：酔猫 (COMIC X-EROS #73) [無修正]
                                   作者：いづれ
                                   是否完结：否
                                   总页数：5
                                   分类：全彩,短篇,純愛
                                   章节数：1
                                   最后更新时间：2019-05-18T03:17:14.676Z
                                   =================================================
2026-09-19 01:09:30 - mkk_pika - database.py:101 - INFO - 保存成功：酔猫 (COMIC X-EROS #73) [無修正]
2026-09-19 01:09:30 - mkk_pika - main.py:35 - INFO - 开始检查カラメルハメアート 焦糖般的香甜性愛 限定版是否存在未下载章节
2026-09-19 01:09:31 - mkk_pika - main.py:45 - INFO - 正在下载:[カラメルハメアート 焦糖般的香甜性愛 限定版]-[たまごろー]-[['長篇', '純愛', '單行本', '姐姐系', '妹妹系', '人妻', 'NTR']]-[total_pages:206]
2026-09-19 01:09:31 - mkk_pika - main.py:49 - INFO - [{'_id': '5cdf798506cd48366a035b5c', 'title': '焦糖般的香甜射飽單行本', 'order': 1, 'updated_at': '2019-05-17T04:35:23.315Z', 'id': '5cdf798506cd48366a035b5c'}]
2026-09-19 01:09:31 - mkk_pika - database.py:215 - INFO - 第一次下载该漫画，记录数据库中
2026-09-19 01:09:33 - mkk_pika - main.py:83 - INFO - 找到 206 张图片在:焦糖般的香甜射飽單行本
2026-09-19 01:09:37 - mkk_pika - main.py:112 - INFO - [episode:焦糖般的香甜射飽單行本] downloaded:   206, total: 206, progress:100%
2026-09-19 01:09:37 - mkk_pika - database.py:238 - INFO - 数据库更新已下载章节
2026-09-19 01:09:37 - mkk_pika - database.py:244 - INFO - 该漫画已下载章节如下
2026-09-19 01:09:37 - mkk_pika - database.py:245 - INFO - ['焦糖般的香甜射飽單行本']
2026-09-19 01:09:38 - mkk_pika - main.py:348 - INFO - ==================== 漫画信息 ====================
                                   漫画ID：5cdf798506cd48366a035b5b
                                   标题：カラメルハメアート 焦糖般的香甜性愛 限定版
                                   作者：たまごろー
                                   是否完结：否
                                   总页数：206
                                   分类：長篇,純愛,單行本,姐姐系,妹妹系,人妻,NTR
                                   章节数：1
                                   最后更新时间：2019-05-18T03:18:29.754Z
                                   =================================================
2026-09-19 01:09:38 - mkk_pika - database.py:101 - INFO - 保存成功：カラメルハメアート 焦糖般的香甜性愛 限定版
2026-09-19 01:09:38 - mkk_pika - main.py:35 - INFO - 开始检查肉体支配で堕ちる魔法女子～触手フタナリ責めで悶絶絶頂、犯されて悪堕ちていく [中国翻訳]是否存在未下载章节
2026-09-19 01:09:39 - mkk_pika - main.py:45 - INFO - 正在下载:[肉体支配で堕ちる魔法女子～触手フタナリ責めで悶絶絶頂、犯されて悪堕ちていく [中国翻訳]]-[FAT]-[['短篇', '全彩', '非人類']]-[total_pages:51]
2026-09-19 01:09:39 - mkk_pika - main.py:49 - INFO - [{'_id': '5cdf79921307055b7961c461', 'title': '第1集', 'order': 1, 'updated_at': '2019-05-17T05:59:11.670Z', 'id': '5cdf79921307055b7961c461'}]
2026-09-19 01:09:39 - mkk_pika - database.py:215 - INFO - 第一次下载该漫画，记录数据库中
2026-09-19 01:09:39 - mkk_pika - main.py:83 - INFO - 找到 51 张图片在:第1集
2026-09-19 01:09:41 - mkk_pika - main.py:112 - INFO - [episode:第1集       ] downloaded:    51, total:  51, progress:100%
2026-09-19 01:09:41 - mkk_pika - database.py:238 - INFO - 数据库更新已下载章节
2026-09-19 01:09:41 - mkk_pika - database.py:244 - INFO - 该漫画已下载章节如下
2026-09-19 01:09:41 - mkk_pika - database.py:245 - INFO - ['第1集']
2026-09-19 01:09:42 - mkk_pika - main.py:348 - INFO - ==================== 漫画信息 ====================
                                   漫画ID：5cdf79921307055b7961c460
                                   标题：肉体支配で堕ちる魔法女子～触手フタナリ責めで悶絶絶頂、犯されて悪堕ちていく [中国翻訳]
                                   作者：FAT
                                   是否完结：是
                                   总页数：51
                                   分类：短篇,全彩,非人類
                                   章节数：1
                                   最后更新时间：2019-05-18T03:18:42.700Z
                                   =================================================
2026-09-19 01:09:42 - mkk_pika - database.py:101 - INFO - 保存成功：肉体支配で堕ちる魔法女子～触手フタナリ責めで悶絶絶頂、犯されて悪堕ちていく [中国翻訳]
2026-09-19 01:09:42 - mkk_pika - main.py:35 - INFO - 开始检查恐怖の深海バキューム (艦隊これくしょん -艦これ-) [中国翻訳]是否存在未下载章节
2026-09-19 01:09:42 - mkk_pika - main.py:45 - INFO - 正在下载:[恐怖の深海バキューム (艦隊これくしょん -艦これ-) [中国翻訳]]-[桃吹リオ]-[['短篇', '同人', '艦隊收藏']]-[total_pages:8]
2026-09-19 01:09:42 - mkk_pika - main.py:49 - INFO - [{'_id': '5cdf79ac56d9742bd9664a61', 'title': '第1集', 'order': 1, 'updated_at': '2019-05-17T06:50:22.402Z', 'id': '5cdf79ac56d9742bd9664a61'}]
2026-09-19 01:09:42 - mkk_pika - database.py:215 - INFO - 第一次下载该漫画，记录数据库中
2026-09-19 01:09:43 - mkk_pika - main.py:83 - INFO - 找到 8 张图片在:第1集
2026-09-19 01:09:43 - mkk_pika - main.py:112 - INFO - [episode:第1集       ] downloaded:     8, total:   8, progress:100%
2026-09-19 01:09:43 - mkk_pika - database.py:238 - INFO - 数据库更新已下载章节
2026-09-19 01:09:43 - mkk_pika - database.py:244 - INFO - 该漫画已下载章节如下
2026-09-19 01:09:43 - mkk_pika - database.py:245 - INFO - ['第1集']
2026-09-19 01:09:44 - mkk_pika - main.py:348 - INFO - ==================== 漫画信息 ====================
                                   漫画ID：5cdf79ac56d9742bd9664a60
                                   标题：恐怖の深海バキューム (艦隊これくしょん -艦これ-) [中国翻訳]
                                   作者：桃吹リオ
                                   是否完结：是
                                   总页数：8
                                   分类：短篇,同人,艦隊收藏
                                   章节数：1
                                   最后更新时间：2019-05-18T03:19:08.939Z
                                   =================================================
2026-09-19 01:09:44 - mkk_pika - database.py:101 - INFO - 保存成功：恐怖の深海バキューム (艦隊これくしょん -艦これ-) [中国翻訳]
2026-09-19 01:09:44 - mkk_pika - main.py:35 - INFO - 开始检查チノちゃんのお兄さんになりたいですか? (ご注文はうさぎですか？)是否存在未下载章节
2026-09-19 01:09:45 - mkk_pika - main.py:45 - INFO - 正在下载:[チノちゃんのお兄さんになりたいですか? (ご注文はうさぎですか？)]-[生クリームびより (ななせめるち)]-[['短篇', '純愛', '同人', '妹妹系']]-[total_pages:26]
2026-09-19 01:09:45 - mkk_pika - main.py:49 - INFO - [{'_id': '5cdf79c360b63275c17216a0', 'title': '第1集', 'order': 1, 'updated_at': '2019-05-17T06:58:54.572Z', 'id': '5cdf79c360b63275c17216a0'}]
2026-09-19 01:09:45 - mkk_pika - database.py:215 - INFO - 第一次下载该漫画，记录数据库中
2026-09-19 01:09:45 - mkk_pika - main.py:83 - INFO - 找到 26 张图片在:第1集
2026-09-19 01:09:46 - mkk_pika - main.py:112 - INFO - [episode:第1集       ] downloaded:    26, total:  26, progress:100%
2026-09-19 01:09:46 - mkk_pika - database.py:238 - INFO - 数据库更新已下载章节
2026-09-19 01:09:46 - mkk_pika - database.py:244 - INFO - 该漫画已下载章节如下
2026-09-19 01:09:46 - mkk_pika - database.py:245 - INFO - ['第1集']
2026-09-19 01:09:47 - mkk_pika - main.py:348 - INFO - ==================== 漫画信息 ====================
                                   漫画ID：5cdf79c360b63275c172169f
                                   标题：チノちゃんのお兄さんになりたいですか? (ご注文はうさぎですか？)
                                   作者：生クリームびより (ななせめるち)
                                   是否完结：是
                                   总页数：26
                                   分类：短篇,純愛,同人,妹妹系
                                   章节数：1
                                   最后更新时间：2019-05-18T03:19:31.963Z
                                   =================================================
2026-09-19 01:09:47 - mkk_pika - database.py:101 - INFO - 保存成功：チノちゃんのお兄さんになりたいですか? (ご注文はうさぎですか？)
2026-09-19 01:09:47 - mkk_pika - main.py:35 - INFO - 开始检查最赤愛愛(ニューダンガンロンパV3)是否存在未下载章节
2026-09-19 01:09:47 - mkk_pika - main.py:45 - INFO - 正在下载:[最赤愛愛(ニューダンガンロンパV3)]-[ミモ]-[['短篇', '同人']]-[total_pages:32]
2026-09-19 01:09:47 - mkk_pika - main.py:49 - INFO - [{'_id': '5cdf7a151307055b7961c497', 'title': '第1集', 'order': 1, 'updated_at': '2019-05-17T08:49:16.002Z', 'id': '5cdf7a151307055b7961c497'}]
2026-09-19 01:09:47 - mkk_pika - database.py:215 - INFO - 第一次下载该漫画，记录数据库中
2026-09-19 01:09:48 - mkk_pika - main.py:83 - INFO - 找到 32 张图片在:第1集
2026-09-19 01:09:49 - mkk_pika - main.py:112 - INFO - [episode:第1集       ] downloaded:    32, total:  32, progress:100%
2026-09-19 01:09:49 - mkk_pika - database.py:238 - INFO - 数据库更新已下载章节
2026-09-19 01:09:49 - mkk_pika - database.py:244 - INFO - 该漫画已下载章节如下
2026-09-19 01:09:49 - mkk_pika - database.py:245 - INFO - ['第1集']
2026-09-19 01:09:50 - mkk_pika - main.py:348 - INFO - ==================== 漫画信息 ====================
                                   漫画ID：5cdf7a151307055b7961c496
                                   标题：最赤愛愛(ニューダンガンロンパV3)
                                   作者：ミモ
                                   是否完结：是
                                   总页数：32
                                   分类：短篇,同人
                                   章节数：1
                                   最后更新时间：2019-05-18T03:20:53.426Z
                                   =================================================
2026-09-19 01:09:50 - mkk_pika - database.py:101 - INFO - 保存成功：最赤愛愛(ニューダンガンロンパV3)
2026-09-19 01:09:50 - mkk_pika - main.py:35 - INFO - 开始检查夏期補習10是否存在未下载章节
2026-09-19 01:09:50 - mkk_pika - main.py:45 - INFO - 正在下载:[夏期補習10]-[ひとのふんどし (ゆきよし真水)]-[['強暴', '同人', '短篇']]-[total_pages:28]
2026-09-19 01:09:50 - mkk_pika - main.py:49 - INFO - [{'_id': '5cdf7a48df12b236489d304a', 'title': '1集', 'order': 1, 'updated_at': '2019-05-17T11:01:00.200Z', 'id': '5cdf7a48df12b236489d304a'}]
2026-09-19 01:09:50 - mkk_pika - database.py:215 - INFO - 第一次下载该漫画，记录数据库中
2026-09-19 01:09:51 - mkk_pika - main.py:83 - INFO - 找到 28 张图片在:1集
2026-09-19 01:09:51 - mkk_pika - main.py:112 - INFO - [episode:1集        ] downloaded:    28, total:  28, progress:100%
2026-09-19 01:09:51 - mkk_pika - database.py:238 - INFO - 数据库更新已下载章节
2026-09-19 01:09:51 - mkk_pika - database.py:244 - INFO - 该漫画已下载章节如下
2026-09-19 01:09:51 - mkk_pika - database.py:245 - INFO - ['1集']
2026-09-19 01:09:53 - mkk_pika - main.py:348 - INFO - ==================== 漫画信息 ====================
                                   漫画ID：5cdf7a48df12b236489d3049
                                   标题：夏期補習10
                                   作者：ひとのふんどし (ゆきよし真水)
                                   是否完结：否
                                   总页数：28
                                   分类：強暴,同人,短篇
                                   章节数：1
                                   最后更新时间：2019-05-18T03:21:44.747Z
                                   =================================================
2026-09-19 01:09:53 - mkk_pika - database.py:101 - INFO - 保存成功：夏期補習10
2026-09-19 01:09:53 - mkk_pika - main.py:35 - INFO - 开始检查裏山ひみつ基地是否存在未下载章节
2026-09-19 01:09:53 - mkk_pika - main.py:45 - INFO - 正在下载:[裏山ひみつ基地]-[嶺本八美]-[['長篇']]-[total_pages:215]
2026-09-19 01:09:53 - mkk_pika - main.py:49 - INFO - [{'_id': '5cdf7bb5f9eefb75c788aa6a', 'title': '全本', 'order': 1, 'updated_at': '2019-05-17T11:23:54.256Z', 'id': '5cdf7bb5f9eefb75c788aa6a'}]
2026-09-19 01:09:53 - mkk_pika - database.py:215 - INFO - 第一次下载该漫画，记录数据库中
2026-09-19 01:09:55 - mkk_pika - main.py:83 - INFO - 找到 215 张图片在:全本
2026-09-19 01:10:00 - mkk_pika - main.py:112 - INFO - [episode:全本        ] downloaded:   215, total: 215, progress:100%
2026-09-19 01:10:00 - mkk_pika - database.py:238 - INFO - 数据库更新已下载章节
2026-09-19 01:10:00 - mkk_pika - database.py:244 - INFO - 该漫画已下载章节如下
2026-09-19 01:10:00 - mkk_pika - database.py:245 - INFO - ['全本']
2026-09-19 01:10:01 - mkk_pika - main.py:348 - INFO - ==================== 漫画信息 ====================
                                   漫画ID：5cdf7bb5f9eefb75c788aa69
                                   标题：裏山ひみつ基地
                                   作者：嶺本八美
                                   是否完结：否
                                   总页数：215
                                   分类：長篇
                                   章节数：1
                                   最后更新时间：2019-05-18T03:27:49.679Z
                                   =================================================
2026-09-19 01:10:01 - mkk_pika - database.py:101 - INFO - 保存成功：裏山ひみつ基地
2026-09-19 01:10:01 - mkk_pika - main.py:35 - INFO - 开始检查袋男～人妻たちの秘密のバイブ～ 袋男 人妻們的秘密按摩棒是否存在未下载章节
2026-09-19 01:10:02 - mkk_pika - main.py:45 - INFO - 正在下载:[袋男～人妻たちの秘密のバイブ～ 袋男 人妻們的秘密按摩棒]-[サブスカ]-[['長篇', '後宮閃光', '單行本', 'SM', '人妻', 'NTR']]-[total_pages:185]
2026-09-19 01:10:02 - mkk_pika - main.py:49 - INFO - [{'_id': '5cdf7bbe4a69e22bfb12c1dc', 'title': '人妻們的秘密單行本', 'order': 1, 'updated_at': '2019-05-17T11:33:39.856Z', 'id': '5cdf7bbe4a69e22bfb12c1dc'}]
2026-09-19 01:10:02 - mkk_pika - database.py:215 - INFO - 第一次下载该漫画，记录数据库中
2026-09-19 01:10:04 - mkk_pika - main.py:83 - INFO - 找到 185 张图片在:人妻們的秘密單行本
2026-09-19 01:10:07 - mkk_pika - main.py:112 - INFO - [episode:人妻們的秘密單行本 ] downloaded:   185, total: 185, progress:100%
2026-09-19 01:10:07 - mkk_pika - database.py:238 - INFO - 数据库更新已下载章节
2026-09-19 01:10:07 - mkk_pika - database.py:244 - INFO - 该漫画已下载章节如下
2026-09-19 01:10:07 - mkk_pika - database.py:245 - INFO - ['人妻們的秘密單行本']
2026-09-19 01:10:09 - mkk_pika - main.py:348 - INFO - ==================== 漫画信息 ====================
                                   漫画ID：5cdf7bbe4a69e22bfb12c1db
                                   标题：袋男～人妻たちの秘密のバイブ～ 袋男 人妻們的秘密按摩棒
                                   作者：サブスカ
                                   是否完结：否
                                   总页数：185
                                   分类：長篇,後宮閃光,單行本,SM,人妻,NTR
                                   章节数：1
                                   最后更新时间：2019-05-18T03:27:58.436Z
                                   =================================================
2026-09-19 01:10:09 - mkk_pika - database.py:101 - INFO - 保存成功：袋男～人妻たちの秘密のバイブ～ 袋男 人妻們的秘密按摩棒
2026-09-19 01:10:09 - mkk_pika - main.py:35 - INFO - 开始检查ラストギアス 02卷是否存在未下载章节
2026-09-19 01:10:09 - mkk_pika - main.py:45 - INFO - 正在下载:[ラストギアス 02卷]-[高橋脩]-[['同人', '長篇']]-[total_pages:208]
2026-09-19 01:10:09 - mkk_pika - main.py:49 - INFO - [{'_id': '5cdf7c19f9eefb75c788ab44', 'title': '第1集', 'order': 1, 'updated_at': '2019-05-17T12:59:44.116Z', 'id': '5cdf7c19f9eefb75c788ab44'}]
2026-09-19 01:10:09 - mkk_pika - database.py:215 - INFO - 第一次下载该漫画，记录数据库中
2026-09-19 01:10:11 - mkk_pika - main.py:83 - INFO - 找到 208 张图片在:第1集
2026-09-19 01:10:16 - mkk_pika - main.py:112 - INFO - [episode:第1集       ] downloaded:   208, total: 208, progress:100%
2026-09-19 01:10:16 - mkk_pika - database.py:238 - INFO - 数据库更新已下载章节
2026-09-19 01:10:16 - mkk_pika - database.py:244 - INFO - 该漫画已下载章节如下
2026-09-19 01:10:16 - mkk_pika - database.py:245 - INFO - ['第1集']
2026-09-19 01:10:18 - mkk_pika - main.py:348 - INFO - ==================== 漫画信息 ====================
                                   漫画ID：5cdf7c19f9eefb75c788ab43
                                   标题：ラストギアス 02卷
                                   作者：高橋脩
                                   是否完结：否
                                   总页数：208
                                   分类：同人,長篇
                                   章节数：1
                                   最后更新时间：2019-05-18T03:29:29.911Z
                                   =================================================
2026-09-19 01:10:18 - mkk_pika - database.py:101 - INFO - 保存成功：ラストギアス 02卷
2026-09-19 01:10:18 - mkk_pika - main.py:35 - INFO - 开始检查 (COMIC1☆13)  性奴隷サーヴァント (Fate Grand Order)是否存在未下载章节
2026-09-19 01:10:18 - mkk_pika - main.py:45 - INFO - 正在下载:[ (COMIC1☆13)  性奴隷サーヴァント (Fate Grand Order)]-[おほしさま堂 (GEKO)]-[['短篇', '同人', 'Fate']]-[total_pages:28]
2026-09-19 01:10:18 - mkk_pika - main.py:49 - INFO - [{'_id': '5cdf7c31695a7c273815c158', 'title': '第1集', 'order': 1, 'updated_at': '2019-05-16T14:37:15.364Z', 'id': '5cdf7c31695a7c273815c158'}]
2026-09-19 01:10:18 - mkk_pika - database.py:215 - INFO - 第一次下载该漫画，记录数据库中
2026-09-19 01:10:19 - mkk_pika - main.py:83 - INFO - 找到 28 张图片在:第1集
2026-09-19 01:10:19 - mkk_pika - main.py:112 - INFO - [episode:第1集       ] downloaded:    28, total:  28, progress:100%
2026-09-19 01:10:19 - mkk_pika - database.py:238 - INFO - 数据库更新已下载章节
2026-09-19 01:10:19 - mkk_pika - database.py:244 - INFO - 该漫画已下载章节如下
2026-09-19 01:10:19 - mkk_pika - database.py:245 - INFO - ['第1集']
2026-09-19 01:10:20 - mkk_pika - main.py:348 - INFO - ==================== 漫画信息 ====================
                                   漫画ID：5cdf7c31695a7c273815c157
                                   标题： (COMIC1☆13)  性奴隷サーヴァント (Fate Grand Order)
                                   作者：おほしさま堂 (GEKO)
                                   是否完结：否
                                   总页数：28
                                   分类：短篇,同人,Fate
                                   章节数：1
                                   最后更新时间：2019-05-18T03:29:53.056Z
                                   =================================================
2026-09-19 01:10:21 - mkk_pika - database.py:101 - INFO - 保存成功： (COMIC1☆13)  性奴隷サーヴァント (Fate Grand Order)
2026-09-19 01:10:21 - mkk_pika - main.py:35 - INFO - 开始检查 (COMIC失楽天 2018年8月号)ひらけ！六ツ乳アイランド[無修正]是否存在未下载章节
2026-09-19 01:10:21 - mkk_pika - main.py:45 - INFO - 正在下载:[ (COMIC失楽天 2018年8月号)ひらけ！六ツ乳アイランド[無修正]]-[南乃さざん]-[['短篇', '後宮閃光']]-[total_pages:21]
2026-09-19 01:10:21 - mkk_pika - main.py:49 - INFO - [{'_id': '5cdf7d38cce7a736405ecdbe', 'title': '第1集', 'order': 1, 'updated_at': '2019-05-17T16:46:20.689Z', 'id': '5cdf7d38cce7a736405ecdbe'}]
2026-09-19 01:10:21 - mkk_pika - database.py:215 - INFO - 第一次下载该漫画，记录数据库中
2026-09-19 01:10:21 - mkk_pika - main.py:83 - INFO - 找到 21 张图片在:第1集
2026-09-19 01:10:22 - mkk_pika - main.py:112 - INFO - [episode:第1集       ] downloaded:    21, total:  21, progress:100%
2026-09-19 01:10:22 - mkk_pika - database.py:238 - INFO - 数据库更新已下载章节
2026-09-19 01:10:22 - mkk_pika - database.py:244 - INFO - 该漫画已下载章节如下
2026-09-19 01:10:22 - mkk_pika - database.py:245 - INFO - ['第1集']
2026-09-19 01:10:23 - mkk_pika - main.py:348 - INFO - ==================== 漫画信息 ====================
                                   漫画ID：5cdf7d38cce7a736405ecdbd
                                   标题： (COMIC失楽天 2018年8月号)ひらけ！六ツ乳アイランド[無修正]
                                   作者：南乃さざん
                                   是否完结：否
                                   总页数：21
                                   分类：短篇,後宮閃光
                                   章节数：1
                                   最后更新时间：2019-05-18T03:34:16.436Z
                                   =================================================
2026-09-19 01:10:23 - mkk_pika - database.py:101 - INFO - 保存成功： (COMIC失楽天 2018年8月号)ひらけ！六ツ乳アイランド[無修正]
2026-09-19 01:10:23 - mkk_pika - main.py:35 - INFO - 开始检查愛的等價交換 (ソードアート・オンライン) [中国語]是否存在未下载章节
2026-09-19 01:10:23 - mkk_pika - main.py:45 - INFO - 正在下载:[愛的等價交換 (ソードアート・オンライン) [中国語]]-[壞菇社 (凡爾賽菇雞三世、4why)]-[['同人', '短篇', 'SAO 刀劍神域']]-[total_pages:14]
2026-09-19 01:10:23 - mkk_pika - main.py:49 - INFO - [{'_id': '5cdf7d45df12b236489d308a', 'title': '第1集', 'order': 1, 'updated_at': '2019-05-17T17:49:08.205Z', 'id': '5cdf7d45df12b236489d308a'}]
2026-09-19 01:10:23 - mkk_pika - database.py:215 - INFO - 第一次下载该漫画，记录数据库中
2026-09-19 01:10:24 - mkk_pika - main.py:83 - INFO - 找到 14 张图片在:第1集
2026-09-19 01:10:24 - mkk_pika - main.py:112 - INFO - [episode:第1集       ] downloaded:    14, total:  14, progress:100%
2026-09-19 01:10:24 - mkk_pika - database.py:238 - INFO - 数据库更新已下载章节
2026-09-19 01:10:24 - mkk_pika - database.py:244 - INFO - 该漫画已下载章节如下
2026-09-19 01:10:24 - mkk_pika - database.py:245 - INFO - ['第1集']
2026-09-19 01:10:26 - mkk_pika - main.py:348 - INFO - ==================== 漫画信息 ====================
                                   漫画ID：5cdf7d45df12b236489d3089
                                   标题：愛的等價交換 (ソードアート・オンライン) [中国語]
                                   作者：壞菇社 (凡爾賽菇雞三世、4why)
                                   是否完结：是
                                   总页数：14
                                   分类：同人,短篇,SAO 刀劍神域
                                   章节数：1
                                   最后更新时间：2019-05-18T03:34:29.490Z
                                   =================================================
2026-09-19 01:10:26 - mkk_pika - database.py:101 - INFO - 保存成功：愛的等價交換 (ソードアート・オンライン) [中国語]
2026-09-19 01:10:26 - mkk_pika - main.py:35 - INFO - 开始检查 彼女の行為室是否存在未下载章节
2026-09-19 01:10:26 - mkk_pika - main.py:45 - INFO - 正在下载:[ 彼女の行為室]-[むねしろ]-[['短篇', '強暴']]-[total_pages:21]
2026-09-19 01:10:26 - mkk_pika - main.py:49 - INFO - [{'_id': '5cdf7d98422a1a75e30d4d07', 'title': '第1集', 'order': 1, 'updated_at': '2019-05-18T02:19:19.739Z', 'id': '5cdf7d98422a1a75e30d4d07'}]
2026-09-19 01:10:26 - mkk_pika - database.py:215 - INFO - 第一次下载该漫画，记录数据库中
2026-09-19 01:10:27 - mkk_pika - main.py:83 - INFO - 找到 21 张图片在:第1集
2026-09-19 01:10:27 - mkk_pika - main.py:112 - INFO - [episode:第1集       ] downloaded:    21, total:  21, progress:100%
2026-09-19 01:10:27 - mkk_pika - database.py:238 - INFO - 数据库更新已下载章节
2026-09-19 01:10:27 - mkk_pika - database.py:244 - INFO - 该漫画已下载章节如下
2026-09-19 01:10:27 - mkk_pika - database.py:245 - INFO - ['第1集']
2026-09-19 01:10:28 - mkk_pika - main.py:348 - INFO - ==================== 漫画信息 ====================
                                   漫画ID：5cdf7d98422a1a75e30d4d06
                                   标题： 彼女の行為室
                                   作者：むねしろ
                                   是否完结：是
                                   总页数：21
                                   分类：短篇,強暴
                                   章节数：1
                                   最后更新时间：2019-05-18T03:35:52.294Z
                                   =================================================
2026-09-19 01:10:28 - mkk_pika - database.py:101 - INFO - 保存成功： 彼女の行為室
2026-09-19 01:10:28 - mkk_pika - main.py:35 - INFO - 开始检查(C95)  Tenshi in Tentacles (東方Project) [中国翻訳]是否存在未下载章节
2026-09-19 01:10:29 - mkk_pika - main.py:45 - INFO - 正在下载:[(C95)  Tenshi in Tentacles (東方Project) [中国翻訳]]-[はくせん (おぱんちゅ)]-[['短篇', '同人', '東方', '非人類']]-[total_pages:15]
2026-09-19 01:10:29 - mkk_pika - main.py:49 - INFO - [{'_id': '5ce02c08526c21181d744846', 'title': '第1集', 'order': 1, 'updated_at': '2019-05-17T12:07:10.038Z', 'id': '5ce02c08526c21181d744846'}]
2026-09-19 01:10:29 - mkk_pika - database.py:215 - INFO - 第一次下载该漫画，记录数据库中
2026-09-19 01:10:29 - mkk_pika - main.py:83 - INFO - 找到 15 张图片在:第1集
2026-09-19 01:10:30 - mkk_pika - main.py:112 - INFO - [episode:第1集       ] downloaded:    15, total:  15, progress:100%
2026-09-19 01:10:30 - mkk_pika - database.py:238 - INFO - 数据库更新已下载章节
2026-09-19 01:10:30 - mkk_pika - database.py:244 - INFO - 该漫画已下载章节如下
2026-09-19 01:10:30 - mkk_pika - database.py:245 - INFO - ['第1集']
2026-09-19 01:10:31 - mkk_pika - main.py:348 - INFO - ==================== 漫画信息 ====================
                                   漫画ID：5ce02c08526c21181d744845
                                   标题：(C95)  Tenshi in Tentacles (東方Project) [中国翻訳]
                                   作者：はくせん (おぱんちゅ)
                                   是否完结：是
                                   总页数：15
                                   分类：短篇,同人,東方,非人類
                                   章节数：1
                                   最后更新时间：2019-05-18T16:00:08.506Z
                                   =================================================
2026-09-19 01:10:31 - mkk_pika - database.py:101 - INFO - 保存成功：(C95)  Tenshi in Tentacles (東方Project) [中国翻訳]
2026-09-19 01:10:31 - mkk_pika - main.py:35 - INFO - 开始检查(C93) Secret Stairs (BanG Dream!)是否存在未下载章节
2026-09-19 01:10:31 - mkk_pika - main.py:45 - INFO - 正在下载:[(C93) Secret Stairs (BanG Dream!)]-[しょぼコン (きたむらとおる)]-[['同人', '短篇', '純愛', '百合花園']]-[total_pages:30]
2026-09-19 01:10:31 - mkk_pika - main.py:49 - INFO - [{'_id': '5ce02c45d420cb0c112d287a', 'title': '第1集', 'order': 1, 'updated_at': '2019-05-18T04:50:01.026Z', 'id': '5ce02c45d420cb0c112d287a'}]
2026-09-19 01:10:31 - mkk_pika - database.py:215 - INFO - 第一次下载该漫画，记录数据库中
2026-09-19 01:10:32 - mkk_pika - main.py:83 - INFO - 找到 30 张图片在:第1集
2026-09-19 01:10:33 - mkk_pika - main.py:112 - INFO - [episode:第1集       ] downloaded:    30, total:  30, progress:100%
2026-09-19 01:10:33 - mkk_pika - database.py:238 - INFO - 数据库更新已下载章节
2026-09-19 01:10:33 - mkk_pika - database.py:244 - INFO - 该漫画已下载章节如下
2026-09-19 01:10:33 - mkk_pika - database.py:245 - INFO - ['第1集']
2026-09-19 01:10:34 - mkk_pika - main.py:348 - INFO - ==================== 漫画信息 ====================
                                   漫画ID：5ce02c45d420cb0c112d2879
                                   标题：(C93) Secret Stairs (BanG Dream!)
                                   作者：しょぼコン (きたむらとおる)
                                   是否完结：否
                                   总页数：30
                                   分类：同人,短篇,純愛,百合花園
                                   章节数：1
                                   最后更新时间：2019-05-18T16:01:09.573Z
                                   =================================================
2026-09-19 01:10:34 - mkk_pika - database.py:101 - INFO - 保存成功：(C93) Secret Stairs (BanG Dream!)
2026-09-19 01:10:34 - mkk_pika - main.py:35 - INFO - 开始检查放課後の教室で乱交する淫乱JSなんているはずがない! (COMIC LO 2019年1月号)是否存在未下载章节
2026-09-19 01:10:34 - mkk_pika - main.py:45 - INFO - 正在下载:[放課後の教室で乱交する淫乱JSなんているはずがない! (COMIC LO 2019年1月号)]-[水無月十三]-[['短篇']]-[total_pages:25]
2026-09-19 01:10:34 - mkk_pika - main.py:49 - INFO - [{'_id': '5ce02c876e587e17e8a6f8cb', 'title': '第1集', 'order': 1, 'updated_at': '2019-05-18T05:07:52.652Z', 'id': '5ce02c876e587e17e8a6f8cb'}]
2026-09-19 01:10:34 - mkk_pika - database.py:215 - INFO - 第一次下载该漫画，记录数据库中
2026-09-19 01:10:35 - mkk_pika - main.py:83 - INFO - 找到 25 张图片在:第1集
2026-09-19 01:10:35 - mkk_pika - main.py:112 - INFO - [episode:第1集       ] downloaded:    25, total:  25, progress:100%
2026-09-19 01:10:35 - mkk_pika - database.py:238 - INFO - 数据库更新已下载章节
2026-09-19 01:10:35 - mkk_pika - database.py:244 - INFO - 该漫画已下载章节如下
2026-09-19 01:10:35 - mkk_pika - database.py:245 - INFO - ['第1集']
2026-09-19 01:10:37 - mkk_pika - main.py:348 - INFO - ==================== 漫画信息 ====================
                                   漫画ID：5ce02c876e587e17e8a6f8ca
                                   标题：放課後の教室で乱交する淫乱JSなんているはずがない! (COMIC LO 2019年1月号)
                                   作者：水無月十三
                                   是否完结：是
                                   总页数：25
                                   分类：短篇
                                   章节数：1
                                   最后更新时间：2019-05-18T16:02:15.317Z
                                   =================================================
2026-09-19 01:10:37 - mkk_pika - database.py:101 - INFO - 保存成功：放課後の教室で乱交する淫乱JSなんているはずがない! (COMIC LO 2019年1月号)
2026-09-19 01:10:37 - mkk_pika - main.py:35 - INFO - 开始检查(COMIC1☆15) ベルファストのだきごこち (アズールレーン) 是否存在未下载章节
2026-09-19 01:10:37 - mkk_pika - main.py:45 - INFO - 正在下载:[(COMIC1☆15) ベルファストのだきごこち (アズールレーン) ]-[黒錦 (タカハル)]-[['同人', '短篇', '純愛']]-[total_pages:20]
2026-09-19 01:10:37 - mkk_pika - main.py:49 - INFO - [{'_id': '5ce02c9f6e587e17e8a6f8e7', 'title': '第1集', 'order': 1, 'updated_at': '2019-05-18T05:13:07.138Z', 'id': '5ce02c9f6e587e17e8a6f8e7'}]
2026-09-19 01:10:37 - mkk_pika - database.py:215 - INFO - 第一次下载该漫画，记录数据库中
2026-09-19 01:10:38 - mkk_pika - main.py:83 - INFO - 找到 20 张图片在:第1集
2026-09-19 01:10:38 - mkk_pika - main.py:112 - INFO - [episode:第1集       ] downloaded:    20, total:  20, progress:100%
2026-09-19 01:10:38 - mkk_pika - database.py:238 - INFO - 数据库更新已下载章节
2026-09-19 01:10:38 - mkk_pika - database.py:244 - INFO - 该漫画已下载章节如下
2026-09-19 01:10:38 - mkk_pika - database.py:245 - INFO - ['第1集']
2026-09-19 01:10:39 - mkk_pika - main.py:348 - INFO - ==================== 漫画信息 ====================
                                   漫画ID：5ce02c9f6e587e17e8a6f8e6
                                   标题：(COMIC1☆15) ベルファストのだきごこち (アズールレーン) 
                                   作者：黒錦 (タカハル)
                                   是否完结：是
                                   总页数：20
                                   分类：同人,短篇,純愛
                                   章节数：1
                                   最后更新时间：2019-05-18T16:02:39.191Z
                                   =================================================
2026-09-19 01:10:39 - mkk_pika - database.py:101 - INFO - 保存成功：(COMIC1☆15) ベルファストのだきごこち (アズールレーン) 
2026-09-19 01:10:39 - mkk_pika - main.py:380 - INFO - 本次任务下载完毕
2026-09-19 01:10:39 - mkk_pika - database.py:173 - INFO - 数据库连接已关闭
