2026-09-02 00:59:00 - mkk_pika - main.py:193 - INFO - =======================================================================
2026-09-02 00:59:00 - mkk_pika - database.py:61 - INFO - 表和索引初始化成功
2026-09-02 00:59:00 - mkk_pika - main.py:197 - INFO - 已经累计下载19794本漫画
2026-09-02 00:59:00 - mkk_pika - api.py:87 - INFO - 登录成功
2026-09-02 00:59:01 - mkk_pika - main.py:203 - INFO - 收藏夹共计0本漫画
2026-09-02 00:59:01 - mkk_pika - main.py:206 - INFO - 开始下载收藏夹内未下载内容
2026-09-02 00:59:01 - mkk_pika - main.py:266 - INFO - 收藏夹内容下载完毕
2026-09-02 00:59:01 - mkk_pika - main.py:268 - INFO - 开始下载订阅内容
2026-09-02 00:59:01 - mkk_pika - database.py:258 - INFO - 根据ID查询到标题：萝莉 -> C102おまけ本 アリスとの後日談 | 爱丽丝酱的後日談
2026-09-02 00:59:01 - mkk_pika - database.py:101 - INFO - 保存成功：C102おまけ本 アリスとの後日談 | 爱丽丝酱的後日談
2026-09-02 00:59:01 - mkk_pika - main.py:273 - INFO - 关键词萝莉找到1本漫画
2026-09-02 00:59:01 - mkk_pika - database.py:258 - INFO - 根据ID查询到标题：蘿莉 -> LIT TROPICAL VACAY
2026-09-02 00:59:02 - mkk_pika - database.py:101 - INFO - 保存成功：父娘(元父娘の関係)
2026-09-02 00:59:02 - mkk_pika - main.py:273 - INFO - 关键词蘿莉找到5本漫画
2026-09-02 00:59:02 - mkk_pika - main.py:275 - INFO - 订阅内容共计6本漫画
2026-09-02 00:59:02 - mkk_pika - main.py:35 - INFO - 开始检查私のさーちゃん（ゆるゆり）[中国翻訳]是否存在未下载章节
2026-09-02 00:59:02 - mkk_pika - database.py:203 - INFO - 查询数据库中是否已存在熟肉
2026-09-02 00:59:02 - mkk_pika - main.py:51 - INFO - 私のさーちゃん（ゆるゆり）[中国翻訳]中没有可下载章节
2026-09-02 00:59:02 - mkk_pika - main.py:292 - INFO - ==================== 漫画信息 ====================
                                漫画ID：6a95c96a27dc2b3498058300
                                标题：私のさーちゃん（ゆるゆり）[中国翻訳]
                                作者：az
                                是否完结：是
                                总页数：20
                                分类：短篇,同人,百合花園
                                章节数：1
                                最后更新时间：2026-08-31T18:35:22.366Z
                                =================================================
2026-09-02 00:59:02 - mkk_pika - database.py:101 - INFO - 保存成功：私のさーちゃん（ゆるゆり）[中国翻訳]
2026-09-02 00:59:02 - mkk_pika - main.py:35 - INFO - 开始检查保健体育の帰り道是否存在未下载章节
2026-09-02 00:59:03 - mkk_pika - main.py:45 - INFO - 正在下载:[保健体育の帰り道]-[梅雨の鳥籠 (湿月タンキ)]-[['短篇']]-[total_pages:-1]
2026-09-02 00:59:03 - mkk_pika - main.py:49 - INFO - [{'_id': '6a971c9b27dc2b3498059016', 'title': '第1話', 'order': 1, 'updated_at': '2026-09-01T12:38:53.519Z', 'id': '6a971c9b27dc2b3498059016'}]
2026-09-02 00:59:03 - mkk_pika - database.py:215 - INFO - 第一次下载该漫画，记录数据库中
2026-09-02 00:59:04 - mkk_pika - main.py:83 - INFO - 找到 49 张图片在:第1話
2026-09-02 00:59:05 - mkk_pika - main.py:112 - INFO - [episode:第1話       ] downloaded:    49, total:  49, progress:100%
2026-09-02 00:59:05 - mkk_pika - database.py:238 - INFO - 数据库更新已下载章节
2026-09-02 00:59:05 - mkk_pika - database.py:244 - INFO - 该漫画已下载章节如下
2026-09-02 00:59:05 - mkk_pika - database.py:245 - INFO - ['第1話']
2026-09-02 00:59:07 - mkk_pika - main.py:292 - INFO - ==================== 漫画信息 ====================
                                漫画ID：6a971c9b27dc2b3498059015
                                标题：保健体育の帰り道
                                作者：梅雨の鳥籠 (湿月タンキ)
                                是否完结：否
                                总页数：49
                                分类：短篇
                                章节数：1
                                最后更新时间：2026-09-01T18:42:35.134Z
                                =================================================
2026-09-02 00:59:07 - mkk_pika - database.py:101 - INFO - 保存成功：保健体育の帰り道
2026-09-02 00:59:07 - mkk_pika - main.py:35 - INFO - 开始检查父娘(元父娘の関係)是否存在未下载章节
2026-09-02 00:59:07 - mkk_pika - main.py:45 - INFO - 正在下载:[父娘(元父娘の関係)]-[ポンスケ]-[['短篇']]-[total_pages:-1]
2026-09-02 00:59:07 - mkk_pika - main.py:49 - INFO - [{'_id': '6a971c804a710f45b5824400', 'title': '第1話', 'order': 1, 'updated_at': '2026-09-01T12:33:06.759Z', 'id': '6a971c804a710f45b5824400'}]
2026-09-02 00:59:07 - mkk_pika - database.py:215 - INFO - 第一次下载该漫画，记录数据库中
2026-09-02 00:59:08 - mkk_pika - main.py:83 - INFO - 找到 32 张图片在:第1話
2026-09-02 00:59:09 - mkk_pika - main.py:112 - INFO - [episode:第1話       ] downloaded:    32, total:  32, progress:100%
2026-09-02 00:59:09 - mkk_pika - database.py:238 - INFO - 数据库更新已下载章节
2026-09-02 00:59:09 - mkk_pika - database.py:244 - INFO - 该漫画已下载章节如下
2026-09-02 00:59:09 - mkk_pika - database.py:245 - INFO - ['第1話']
2026-09-02 00:59:10 - mkk_pika - main.py:292 - INFO - ==================== 漫画信息 ====================
                                漫画ID：6a971c804a710f45b58243ff
                                标题：父娘(元父娘の関係)
                                作者：ポンスケ
                                是否完结：否
                                总页数：32
                                分类：短篇
                                章节数：1
                                最后更新时间：2026-09-01T18:42:08.377Z
                                =================================================
2026-09-02 00:59:10 - mkk_pika - database.py:101 - INFO - 保存成功：父娘(元父娘の関係)
2026-09-02 00:59:10 - mkk_pika - main.py:35 - INFO - 开始检查「ケイ」って呼んでください!是否存在未下载章节
2026-09-02 00:59:10 - mkk_pika - main.py:45 - INFO - 正在下载:[「ケイ」って呼んでください!]-[糖分過多 (やみめ□)]-[['短篇', '同人']]-[total_pages:-1]
2026-09-02 00:59:10 - mkk_pika - main.py:49 - INFO - [{'_id': '6a971c37a7abdc3485351d6b', 'title': '第1話', 'order': 1, 'updated_at': '2026-09-01T11:52:42.451Z', 'id': '6a971c37a7abdc3485351d6b'}]
2026-09-02 00:59:10 - mkk_pika - database.py:215 - INFO - 第一次下载该漫画，记录数据库中
2026-09-02 00:59:11 - mkk_pika - main.py:83 - INFO - 找到 23 张图片在:第1話
2026-09-02 00:59:11 - mkk_pika - main.py:112 - INFO - [episode:第1話       ] downloaded:    23, total:  23, progress:100%
2026-09-02 00:59:11 - mkk_pika - database.py:238 - INFO - 数据库更新已下载章节
2026-09-02 00:59:11 - mkk_pika - database.py:244 - INFO - 该漫画已下载章节如下
2026-09-02 00:59:11 - mkk_pika - database.py:245 - INFO - ['第1話']
2026-09-02 00:59:13 - mkk_pika - main.py:292 - INFO - ==================== 漫画信息 ====================
                                漫画ID：6a971c37a7abdc3485351d6a
                                标题：「ケイ」って呼んでください!
                                作者：糖分過多 (やみめ□)
                                是否完结：否
                                总页数：23
                                分类：短篇,同人
                                章节数：1
                                最后更新时间：2026-09-01T18:40:55.448Z
                                =================================================
2026-09-02 00:59:13 - mkk_pika - database.py:101 - INFO - 保存成功：「ケイ」って呼んでください!
2026-09-02 00:59:13 - mkk_pika - main.py:35 - INFO - 开始检查ただの悪戯だよ (ブルーアーカイブ)是否存在未下载章节
2026-09-02 00:59:13 - mkk_pika - main.py:45 - INFO - 正在下载:[ただの悪戯だよ (ブルーアーカイブ)]-[海老玉 (AHedtra)]-[['短篇', '同人', 'NTR']]-[total_pages:-1]
2026-09-02 00:59:13 - mkk_pika - main.py:49 - INFO - [{'_id': '6a971ba027dc2b3498058b61', 'title': '第1話', 'order': 1, 'updated_at': '2026-08-31T15:37:53.205Z', 'id': '6a971ba027dc2b3498058b61'}]
2026-09-02 00:59:13 - mkk_pika - database.py:215 - INFO - 第一次下载该漫画，记录数据库中
2026-09-02 00:59:13 - mkk_pika - main.py:83 - INFO - 找到 20 张图片在:第1話
2026-09-02 00:59:14 - mkk_pika - main.py:112 - INFO - [episode:第1話       ] downloaded:    20, total:  20, progress:100%
2026-09-02 00:59:14 - mkk_pika - database.py:238 - INFO - 数据库更新已下载章节
2026-09-02 00:59:14 - mkk_pika - database.py:244 - INFO - 该漫画已下载章节如下
2026-09-02 00:59:14 - mkk_pika - database.py:245 - INFO - ['第1話']
2026-09-02 00:59:15 - mkk_pika - main.py:292 - INFO - ==================== 漫画信息 ====================
                                漫画ID：6a971ba027dc2b3498058b60
                                标题：ただの悪戯だよ (ブルーアーカイブ)
                                作者：海老玉 (AHedtra)
                                是否完结：是
                                总页数：20
                                分类：短篇,同人,NTR
                                章节数：1
                                最后更新时间：2026-09-01T18:38:24.196Z
                                =================================================
2026-09-02 00:59:15 - mkk_pika - database.py:101 - INFO - 保存成功：ただの悪戯だよ (ブルーアーカイブ)
2026-09-02 00:59:15 - mkk_pika - main.py:35 - INFO - 开始检查強がりの後には我慢がいっぱい | 强颜故作无情态 满腹相思尽自持是否存在未下载章节
2026-09-02 00:59:15 - mkk_pika - main.py:45 - INFO - 正在下载:[強がりの後には我慢がいっぱい | 强颜故作无情态 满腹相思尽自持]-[apartで待ってる (おだねるapart)]-[['短篇', '同人', '純愛']]-[total_pages:-1]
2026-09-02 00:59:15 - mkk_pika - main.py:49 - INFO - [{'_id': '6a971b85a7abdc348535174c', 'title': '熟肉', 'order': 1, 'updated_at': '2026-08-29T16:58:39.273Z', 'id': '6a971b85a7abdc348535174c'}]
2026-09-02 00:59:15 - mkk_pika - database.py:215 - INFO - 第一次下载该漫画，记录数据库中
2026-09-02 00:59:16 - mkk_pika - main.py:83 - INFO - 找到 29 张图片在:熟肉
2026-09-02 00:59:17 - mkk_pika - main.py:112 - INFO - [episode:熟肉        ] downloaded:    29, total:  29, progress:100%
2026-09-02 00:59:17 - mkk_pika - database.py:238 - INFO - 数据库更新已下载章节
2026-09-02 00:59:17 - mkk_pika - database.py:244 - INFO - 该漫画已下载章节如下
2026-09-02 00:59:17 - mkk_pika - database.py:245 - INFO - ['熟肉']
2026-09-02 00:59:18 - mkk_pika - main.py:292 - INFO - ==================== 漫画信息 ====================
                                漫画ID：6a971b85a7abdc348535174b
                                标题：強がりの後には我慢がいっぱい | 强颜故作无情态 满腹相思尽自持
                                作者：apartで待ってる (おだねるapart)
                                是否完结：是
                                总页数：29
                                分类：短篇,同人,純愛
                                章节数：1
                                最后更新时间：2026-09-01T18:37:57.370Z
                                =================================================
2026-09-02 00:59:18 - mkk_pika - database.py:101 - INFO - 保存成功：強がりの後には我慢がいっぱい | 强颜故作无情态 满腹相思尽自持
2026-09-02 00:59:18 - mkk_pika - main.py:323 - INFO - 订阅内容内容下载完毕
2026-09-02 00:59:18 - mkk_pika - main.py:324 - INFO - 开始分批下载全部章节
2026-09-02 00:59:18 - mkk_pika - database.py:280 - INFO - 表和索引初始化成功
2026-09-02 00:59:18 - mkk_pika - main.py:177 - INFO - 已经下载了1513页，一共7116页，现在开始添加第1514页
2026-09-02 00:59:19 - mkk_pika - database.py:318 - INFO - 保存成功
2026-09-02 00:59:19 - mkk_pika - main.py:177 - INFO - 已经下载了1514页，一共7116页，现在开始添加第1515页
2026-09-02 00:59:20 - mkk_pika - database.py:318 - INFO - 保存成功
2026-09-02 00:59:20 - mkk_pika - main.py:177 - INFO - 已经下载了1515页，一共7116页，现在开始添加第1516页
2026-09-02 00:59:20 - mkk_pika - database.py:318 - INFO - 保存成功
2026-09-02 00:59:21 - mkk_pika - main.py:177 - INFO - 已经下载了1516页，一共7116页，现在开始添加第1517页
2026-09-02 00:59:21 - mkk_pika - database.py:318 - INFO - 保存成功
2026-09-02 00:59:21 - mkk_pika - main.py:177 - INFO - 已经下载了1517页，一共7116页，现在开始添加第1518页
2026-09-02 00:59:22 - mkk_pika - database.py:318 - INFO - 保存成功
2026-09-02 00:59:22 - mkk_pika - main.py:331 - INFO - 分批下载共计50本漫画
2026-09-02 00:59:22 - mkk_pika - main.py:35 - INFO - 开始检查蜂蜜女学院体験入学！ 第1话是否存在未下载章节
2026-09-02 00:59:22 - mkk_pika - main.py:45 - INFO - 正在下载:[蜂蜜女学院体験入学！ 第1话]-[ハチゴ]-[['短篇', '後宮閃光']]-[total_pages:25]
2026-09-02 00:59:22 - mkk_pika - main.py:49 - INFO - [{'_id': '5c86041ed73e616ce9561c4d', 'title': '第1集', 'order': 1, 'updated_at': '2019-03-11T01:23:53.725Z', 'id': '5c86041ed73e616ce9561c4d'}]
2026-09-02 00:59:22 - mkk_pika - database.py:215 - INFO - 第一次下载该漫画，记录数据库中
2026-09-02 00:59:23 - mkk_pika - main.py:83 - INFO - 找到 25 张图片在:第1集
2026-09-02 00:59:24 - mkk_pika - main.py:112 - INFO - [episode:第1集       ] downloaded:    25, total:  25, progress:100%
2026-09-02 00:59:24 - mkk_pika - database.py:238 - INFO - 数据库更新已下载章节
2026-09-02 00:59:24 - mkk_pika - database.py:244 - INFO - 该漫画已下载章节如下
2026-09-02 00:59:24 - mkk_pika - database.py:245 - INFO - ['第1集']
2026-09-02 00:59:25 - mkk_pika - main.py:348 - INFO - ==================== 漫画信息 ====================
                                   漫画ID：5c86041ed73e616ce9561c4c
                                   标题：蜂蜜女学院体験入学！ 第1话
                                   作者：ハチゴ
                                   是否完结：是
                                   总页数：25
                                   分类：短篇,後宮閃光
                                   章节数：1
                                   最后更新时间：2019-03-11T06:45:50.083Z
                                   =================================================
2026-09-02 00:59:25 - mkk_pika - database.py:101 - INFO - 保存成功：蜂蜜女学院体験入学！ 第1话
2026-09-02 00:59:25 - mkk_pika - main.py:35 - INFO - 开始检查備え付けの少女ちゃん[無修正]是否存在未下载章节
2026-09-02 00:59:25 - mkk_pika - main.py:45 - INFO - 正在下载:[備え付けの少女ちゃん[無修正]]-[高坂曇天]-[['短篇']]-[total_pages:24]
2026-09-02 00:59:25 - mkk_pika - main.py:49 - INFO - [{'_id': '5c8604311bb96f70997fe358', 'title': '第1集', 'order': 1, 'updated_at': '2019-03-11T01:31:17.017Z', 'id': '5c8604311bb96f70997fe358'}]
2026-09-02 00:59:25 - mkk_pika - database.py:215 - INFO - 第一次下载该漫画，记录数据库中
2026-09-02 00:59:26 - mkk_pika - main.py:83 - INFO - 找到 24 张图片在:第1集
2026-09-02 00:59:26 - mkk_pika - main.py:112 - INFO - [episode:第1集       ] downloaded:    24, total:  24, progress:100%
2026-09-02 00:59:26 - mkk_pika - database.py:238 - INFO - 数据库更新已下载章节
2026-09-02 00:59:26 - mkk_pika - database.py:244 - INFO - 该漫画已下载章节如下
2026-09-02 00:59:26 - mkk_pika - database.py:245 - INFO - ['第1集']
2026-09-02 00:59:28 - mkk_pika - main.py:348 - INFO - ==================== 漫画信息 ====================
                                   漫画ID：5c8604311bb96f70997fe357
                                   标题：備え付けの少女ちゃん[無修正]
                                   作者：高坂曇天
                                   是否完结：是
                                   总页数：24
                                   分类：短篇
                                   章节数：1
                                   最后更新时间：2019-03-11T06:46:09.899Z
                                   =================================================
2026-09-02 00:59:28 - mkk_pika - database.py:101 - INFO - 保存成功：備え付けの少女ちゃん[無修正]
2026-09-02 00:59:28 - mkk_pika - main.py:35 - INFO - 开始检查(C95)仲間と一線越えちゃう本 ～グラブル編2～ (グランブルーファンタジー)是否存在未下载章节
2026-09-02 00:59:28 - mkk_pika - main.py:45 - INFO - 正在下载:[(C95)仲間と一線越えちゃう本 ～グラブル編2～ (グランブルーファンタジー)]-[ミモネランド (ミモネル)]-[['短篇', '同人', '碧藍幻想', '後宮閃光', '全彩']]-[total_pages:28]
2026-09-02 00:59:28 - mkk_pika - main.py:49 - INFO - [{'_id': '5c86044e1bb96f70997fe373', 'title': '第1集', 'order': 1, 'updated_at': '2019-03-11T01:39:51.855Z', 'id': '5c86044e1bb96f70997fe373'}]
2026-09-02 00:59:28 - mkk_pika - database.py:215 - INFO - 第一次下载该漫画，记录数据库中
2026-09-02 00:59:28 - mkk_pika - main.py:83 - INFO - 找到 28 张图片在:第1集
2026-09-02 00:59:29 - mkk_pika - main.py:112 - INFO - [episode:第1集       ] downloaded:    28, total:  28, progress:100%
2026-09-02 00:59:29 - mkk_pika - database.py:238 - INFO - 数据库更新已下载章节
2026-09-02 00:59:29 - mkk_pika - database.py:244 - INFO - 该漫画已下载章节如下
2026-09-02 00:59:29 - mkk_pika - database.py:245 - INFO - ['第1集']
2026-09-02 00:59:30 - mkk_pika - main.py:348 - INFO - ==================== 漫画信息 ====================
                                   漫画ID：5c86044e1bb96f70997fe372
                                   标题：(C95)仲間と一線越えちゃう本 ～グラブル編2～ (グランブルーファンタジー)
                                   作者：ミモネランド (ミモネル)
                                   是否完结：是
                                   总页数：28
                                   分类：短篇,同人,碧藍幻想,後宮閃光,全彩
                                   章节数：1
                                   最后更新时间：2019-03-11T06:46:38.143Z
                                   =================================================
2026-09-02 00:59:30 - mkk_pika - database.py:101 - INFO - 保存成功：(C95)仲間と一線越えちゃう本 ～グラブル編2～ (グランブルーファンタジー)
2026-09-02 00:59:30 - mkk_pika - main.py:35 - INFO - 开始检查ほろよい3Pセックスレッスン ～友人カップル恋の手ほどき～是否存在未下载章节
2026-09-02 00:59:31 - mkk_pika - main.py:45 - INFO - 正在下载:[ほろよい3Pセックスレッスン ～友人カップル恋の手ほどき～]-[yasu]-[['短篇', 'NTR']]-[total_pages:24]
2026-09-02 00:59:31 - mkk_pika - main.py:49 - INFO - [{'_id': '5c86045f0c639d3070fcf73d', 'title': '第1集', 'order': 1, 'updated_at': '2019-03-11T02:47:27.683Z', 'id': '5c86045f0c639d3070fcf73d'}]
2026-09-02 00:59:31 - mkk_pika - database.py:215 - INFO - 第一次下载该漫画，记录数据库中
2026-09-02 00:59:31 - mkk_pika - main.py:83 - INFO - 找到 24 张图片在:第1集
2026-09-02 00:59:32 - mkk_pika - main.py:112 - INFO - [episode:第1集       ] downloaded:    24, total:  24, progress:100%
2026-09-02 00:59:32 - mkk_pika - database.py:238 - INFO - 数据库更新已下载章节
2026-09-02 00:59:32 - mkk_pika - database.py:244 - INFO - 该漫画已下载章节如下
2026-09-02 00:59:32 - mkk_pika - database.py:245 - INFO - ['第1集']
2026-09-02 00:59:33 - mkk_pika - main.py:348 - INFO - ==================== 漫画信息 ====================
                                   漫画ID：5c86045f0c639d3070fcf73c
                                   标题：ほろよい3Pセックスレッスン ～友人カップル恋の手ほどき～
                                   作者：yasu
                                   是否完结：否
                                   总页数：24
                                   分类：短篇,NTR
                                   章节数：1
                                   最后更新时间：2019-03-11T06:46:55.408Z
                                   =================================================
2026-09-02 00:59:33 - mkk_pika - database.py:101 - INFO - 保存成功：ほろよい3Pセックスレッスン ～友人カップル恋の手ほどき～
2026-09-02 00:59:33 - mkk_pika - main.py:35 - INFO - 开始检查シュガー・リフレイン (ラブライブ!)是否存在未下载章节
2026-09-02 00:59:33 - mkk_pika - main.py:45 - INFO - 正在下载:[シュガー・リフレイン (ラブライブ!)]-[ディアマイハニー (碧ちるこ)]-[['短篇', '同人', '純愛', '百合花園', 'Love Live']]-[total_pages:32]
2026-09-02 00:59:33 - mkk_pika - main.py:49 - INFO - [{'_id': '5c86046b3fda36563c110ed3', 'title': '第1集', 'order': 1, 'updated_at': '2019-03-11T03:44:14.307Z', 'id': '5c86046b3fda36563c110ed3'}]
2026-09-02 00:59:33 - mkk_pika - database.py:215 - INFO - 第一次下载该漫画，记录数据库中
2026-09-02 00:59:34 - mkk_pika - main.py:83 - INFO - 找到 32 张图片在:第1集
2026-09-02 00:59:35 - mkk_pika - main.py:112 - INFO - [episode:第1集       ] downloaded:    32, total:  32, progress:100%
2026-09-02 00:59:35 - mkk_pika - database.py:238 - INFO - 数据库更新已下载章节
2026-09-02 00:59:35 - mkk_pika - database.py:244 - INFO - 该漫画已下载章节如下
2026-09-02 00:59:35 - mkk_pika - database.py:245 - INFO - ['第1集']
2026-09-02 00:59:36 - mkk_pika - main.py:348 - INFO - ==================== 漫画信息 ====================
                                   漫画ID：5c86046b3fda36563c110ed2
                                   标题：シュガー・リフレイン (ラブライブ!)
                                   作者：ディアマイハニー (碧ちるこ)
                                   是否完结：是
                                   总页数：32
                                   分类：短篇,同人,純愛,百合花園,Love Live
                                   章节数：1
                                   最后更新时间：2019-03-11T06:47:07.372Z
                                   =================================================
2026-09-02 00:59:36 - mkk_pika - database.py:101 - INFO - 保存成功：シュガー・リフレイン (ラブライブ!)
2026-09-02 00:59:36 - mkk_pika - main.py:35 - INFO - 开始检查トロラヴァ♡ [中国翻訳] [無修正]是否存在未下载章节
2026-09-02 00:59:36 - mkk_pika - main.py:45 - INFO - 正在下载:[トロラヴァ♡ [中国翻訳] [無修正]]-[SAVAN]-[['短篇', '純愛', '全彩']]-[total_pages:8]
2026-09-02 00:59:36 - mkk_pika - main.py:49 - INFO - [{'_id': '5c865961a1430c5634c8537e', 'title': '第1集', 'order': 1, 'updated_at': '2019-03-11T08:16:59.541Z', 'id': '5c865961a1430c5634c8537e'}]
2026-09-02 00:59:36 - mkk_pika - database.py:215 - INFO - 第一次下载该漫画，记录数据库中
2026-09-02 00:59:37 - mkk_pika - main.py:83 - INFO - 找到 8 张图片在:第1集
2026-09-02 00:59:37 - mkk_pika - main.py:112 - INFO - [episode:第1集       ] downloaded:     8, total:   8, progress:100%
2026-09-02 00:59:37 - mkk_pika - database.py:238 - INFO - 数据库更新已下载章节
2026-09-02 00:59:37 - mkk_pika - database.py:244 - INFO - 该漫画已下载章节如下
2026-09-02 00:59:37 - mkk_pika - database.py:245 - INFO - ['第1集']
2026-09-02 00:59:38 - mkk_pika - main.py:348 - INFO - ==================== 漫画信息 ====================
                                   漫画ID：5c865961a1430c5634c8537d
                                   标题：トロラヴァ♡ [中国翻訳] [無修正]
                                   作者：SAVAN
                                   是否完结：是
                                   总页数：8
                                   分类：短篇,純愛,全彩
                                   章节数：1
                                   最后更新时间：2019-03-11T12:49:37.259Z
                                   =================================================
2026-09-02 00:59:38 - mkk_pika - database.py:101 - INFO - 保存成功：トロラヴァ♡ [中国翻訳] [無修正]
2026-09-02 00:59:38 - mkk_pika - main.py:35 - INFO - 开始检查僕の彼女を紹介します2 (ひなビタ♪)是否存在未下载章节
2026-09-02 00:59:39 - mkk_pika - main.py:45 - INFO - 正在下载:[僕の彼女を紹介します2 (ひなビタ♪)]-[Chocolate Synapse (椎架ゆの)]-[['短篇', '同人']]-[total_pages:27]
2026-09-02 00:59:39 - mkk_pika - main.py:49 - INFO - [{'_id': '5c86597c0c639d3070fcf81b', 'title': '第1集', 'order': 1, 'updated_at': '2019-03-11T10:42:43.663Z', 'id': '5c86597c0c639d3070fcf81b'}]
2026-09-02 00:59:39 - mkk_pika - database.py:215 - INFO - 第一次下载该漫画，记录数据库中
2026-09-02 00:59:39 - mkk_pika - main.py:83 - INFO - 找到 27 张图片在:第1集
2026-09-02 00:59:40 - mkk_pika - main.py:112 - INFO - [episode:第1集       ] downloaded:    27, total:  27, progress:100%
2026-09-02 00:59:40 - mkk_pika - database.py:238 - INFO - 数据库更新已下载章节
2026-09-02 00:59:40 - mkk_pika - database.py:244 - INFO - 该漫画已下载章节如下
2026-09-02 00:59:40 - mkk_pika - database.py:245 - INFO - ['第1集']
2026-09-02 00:59:41 - mkk_pika - main.py:348 - INFO - ==================== 漫画信息 ====================
                                   漫画ID：5c86597c0c639d3070fcf81a
                                   标题：僕の彼女を紹介します2 (ひなビタ♪)
                                   作者：Chocolate Synapse (椎架ゆの)
                                   是否完结：否
                                   总页数：27
                                   分类：短篇,同人
                                   章节数：1
                                   最后更新时间：2019-03-11T12:50:04.073Z
                                   =================================================
2026-09-02 00:59:41 - mkk_pika - database.py:101 - INFO - 保存成功：僕の彼女を紹介します2 (ひなビタ♪)
2026-09-02 00:59:41 - mkk_pika - main.py:35 - INFO - 开始检查なつやすみもがっこうにいくの是否存在未下载章节
2026-09-02 00:59:41 - mkk_pika - main.py:45 - INFO - 正在下载:[なつやすみもがっこうにいくの]-[とくだ (上田裕)]-[['同人', '短篇']]-[total_pages:31]
2026-09-02 00:59:41 - mkk_pika - main.py:49 - INFO - [{'_id': '5c86598d26e04a6cafdc1610', 'title': '第1集', 'order': 1, 'updated_at': '2019-03-11T11:58:29.723Z', 'id': '5c86598d26e04a6cafdc1610'}]
2026-09-02 00:59:41 - mkk_pika - database.py:215 - INFO - 第一次下载该漫画，记录数据库中
2026-09-02 00:59:42 - mkk_pika - main.py:83 - INFO - 找到 31 张图片在:第1集
2026-09-02 00:59:43 - mkk_pika - main.py:112 - INFO - [episode:第1集       ] downloaded:    31, total:  31, progress:100%
2026-09-02 00:59:43 - mkk_pika - database.py:238 - INFO - 数据库更新已下载章节
2026-09-02 00:59:43 - mkk_pika - database.py:244 - INFO - 该漫画已下载章节如下
2026-09-02 00:59:43 - mkk_pika - database.py:245 - INFO - ['第1集']
2026-09-02 00:59:44 - mkk_pika - main.py:348 - INFO - ==================== 漫画信息 ====================
                                   漫画ID：5c86598d26e04a6cafdc160f
                                   标题：なつやすみもがっこうにいくの
                                   作者：とくだ (上田裕)
                                   是否完结：否
                                   总页数：31
                                   分类：同人,短篇
                                   章节数：1
                                   最后更新时间：2019-03-11T12:50:21.836Z
                                   =================================================
2026-09-02 00:59:44 - mkk_pika - database.py:101 - INFO - 保存成功：なつやすみもがっこうにいくの
2026-09-02 00:59:44 - mkk_pika - main.py:35 - INFO - 开始检查処女ホリック 處女的成癮症是否存在未下载章节
2026-09-02 00:59:44 - mkk_pika - main.py:45 - INFO - 正在下载:[処女ホリック 處女的成癮症]-[鉄山かや]-[['長篇', '純愛', '單行本', '妹妹系', '姐姐系']]-[total_pages:194]
2026-09-02 00:59:44 - mkk_pika - main.py:49 - INFO - [{'_id': '5c8659940c639d3070fcf838', 'title': '處女成癮的單行本', 'order': 1, 'updated_at': '2019-03-08T15:10:19.953Z', 'id': '5c8659940c639d3070fcf838'}]
2026-09-02 00:59:44 - mkk_pika - database.py:215 - INFO - 第一次下载该漫画，记录数据库中
2026-09-02 00:59:46 - mkk_pika - main.py:83 - INFO - 找到 194 张图片在:處女成癮的單行本
2026-09-02 00:59:50 - mkk_pika - main.py:112 - INFO - [episode:處女成癮的單行本  ] downloaded:   194, total: 194, progress:100%
2026-09-02 00:59:50 - mkk_pika - database.py:238 - INFO - 数据库更新已下载章节
2026-09-02 00:59:50 - mkk_pika - database.py:244 - INFO - 该漫画已下载章节如下
2026-09-02 00:59:50 - mkk_pika - database.py:245 - INFO - ['處女成癮的單行本']
2026-09-02 00:59:51 - mkk_pika - main.py:348 - INFO - ==================== 漫画信息 ====================
                                   漫画ID：5c8659940c639d3070fcf837
                                   标题：処女ホリック 處女的成癮症
                                   作者：鉄山かや
                                   是否完结：是
                                   总页数：194
                                   分类：長篇,純愛,單行本,妹妹系,姐姐系
                                   章节数：1
                                   最后更新时间：2019-03-11T12:50:28.159Z
                                   =================================================
2026-09-02 00:59:51 - mkk_pika - database.py:101 - INFO - 保存成功：処女ホリック 處女的成癮症
2026-09-02 00:59:51 - mkk_pika - main.py:35 - INFO - 开始检查パコざかり! [中国翻訳]是否存在未下载章节
2026-09-02 00:59:51 - mkk_pika - main.py:45 - INFO - 正在下载:[パコざかり! [中国翻訳]]-[チキン]-[['長篇']]-[total_pages:211]
2026-09-02 00:59:51 - mkk_pika - main.py:49 - INFO - [{'_id': '5c87244d14c7035660bacac2', 'title': '第1集', 'order': 1, 'updated_at': '2019-03-11T14:28:43.447Z', 'id': '5c87244d14c7035660bacac2'}]
2026-09-02 00:59:51 - mkk_pika - database.py:215 - INFO - 第一次下载该漫画，记录数据库中
2026-09-02 00:59:53 - mkk_pika - main.py:83 - INFO - 找到 211 张图片在:第1集
2026-09-02 00:59:58 - mkk_pika - main.py:112 - INFO - [episode:第1集       ] downloaded:   211, total: 211, progress:100%
2026-09-02 00:59:58 - mkk_pika - database.py:238 - INFO - 数据库更新已下载章节
2026-09-02 00:59:58 - mkk_pika - database.py:244 - INFO - 该漫画已下载章节如下
2026-09-02 00:59:58 - mkk_pika - database.py:245 - INFO - ['第1集']
2026-09-02 00:59:59 - mkk_pika - main.py:348 - INFO - ==================== 漫画信息 ====================
                                   漫画ID：5c87244d14c7035660bacac1
                                   标题：パコざかり! [中国翻訳]
                                   作者：チキン
                                   是否完结：是
                                   总页数：211
                                   分类：長篇
                                   章节数：1
                                   最后更新时间：2019-03-12T03:15:25.734Z
                                   =================================================
2026-09-02 00:59:59 - mkk_pika - database.py:101 - INFO - 保存成功：パコざかり! [中国翻訳]
2026-09-02 00:59:59 - mkk_pika - main.py:35 - INFO - 开始检查新妻七歌の露出入門 [全彩]是否存在未下载章节
2026-09-02 00:59:59 - mkk_pika - main.py:45 - INFO - 正在下载:[新妻七歌の露出入門 [全彩]]-[フクロウなる鳥]-[['短篇', '同人', '全彩']]-[total_pages:32]
2026-09-02 00:59:59 - mkk_pika - main.py:49 - INFO - [{'_id': '5c8724633fda36563c11159b', 'title': '第1集', 'order': 1, 'updated_at': '2019-03-11T14:54:56.952Z', 'id': '5c8724633fda36563c11159b'}]
2026-09-02 00:59:59 - mkk_pika - database.py:215 - INFO - 第一次下载该漫画，记录数据库中
2026-09-02 01:00:00 - mkk_pika - main.py:83 - INFO - 找到 32 张图片在:第1集
2026-09-02 01:00:01 - mkk_pika - main.py:112 - INFO - [episode:第1集       ] downloaded:    32, total:  32, progress:100%
2026-09-02 01:00:01 - mkk_pika - database.py:238 - INFO - 数据库更新已下载章节
2026-09-02 01:00:01 - mkk_pika - database.py:244 - INFO - 该漫画已下载章节如下
2026-09-02 01:00:01 - mkk_pika - database.py:245 - INFO - ['第1集']
2026-09-02 01:00:02 - mkk_pika - main.py:348 - INFO - ==================== 漫画信息 ====================
                                   漫画ID：5c8724633fda36563c11159a
                                   标题：新妻七歌の露出入門 [全彩]
                                   作者：フクロウなる鳥
                                   是否完结：否
                                   总页数：32
                                   分类：短篇,同人,全彩
                                   章节数：1
                                   最后更新时间：2019-03-12T03:15:47.384Z
                                   =================================================
2026-09-02 01:00:02 - mkk_pika - database.py:101 - INFO - 保存成功：新妻七歌の露出入門 [全彩]
2026-09-02 01:00:02 - mkk_pika - main.py:35 - INFO - 开始检查(C95)JS研究会 (りゅうおうのおしごと!)是否存在未下载章节
2026-09-02 01:00:02 - mkk_pika - main.py:45 - INFO - 正在下载:[(C95)JS研究会 (りゅうおうのおしごと!)]-[ ろ～たり～Engine (神無月元史)]-[['短篇', '同人']]-[total_pages:30]
2026-09-02 01:00:02 - mkk_pika - main.py:49 - INFO - [{'_id': '5c87248a2f2937708d283e2c', 'title': '第1集', 'order': 1, 'updated_at': '2019-03-11T15:06:16.193Z', 'id': '5c87248a2f2937708d283e2c'}]
2026-09-02 01:00:02 - mkk_pika - database.py:215 - INFO - 第一次下载该漫画，记录数据库中
2026-09-02 01:00:03 - mkk_pika - main.py:83 - INFO - 找到 30 张图片在:第1集
2026-09-02 01:00:03 - mkk_pika - main.py:112 - INFO - [episode:第1集       ] downloaded:    30, total:  30, progress:100%
2026-09-02 01:00:03 - mkk_pika - database.py:238 - INFO - 数据库更新已下载章节
2026-09-02 01:00:03 - mkk_pika - database.py:244 - INFO - 该漫画已下载章节如下
2026-09-02 01:00:03 - mkk_pika - database.py:245 - INFO - ['第1集']
2026-09-02 01:00:05 - mkk_pika - main.py:348 - INFO - ==================== 漫画信息 ====================
                                   漫画ID：5c87248a2f2937708d283e2b
                                   标题：(C95)JS研究会 (りゅうおうのおしごと!)
                                   作者： ろ～たり～Engine (神無月元史)
                                   是否完结：否
                                   总页数：30
                                   分类：短篇,同人
                                   章节数：1
                                   最后更新时间：2019-03-12T03:16:26.596Z
                                   =================================================
2026-09-02 01:00:05 - mkk_pika - database.py:101 - INFO - 保存成功：(C95)JS研究会 (りゅうおうのおしごと!)
2026-09-02 01:00:05 - mkk_pika - main.py:35 - INFO - 开始检查プロジェクト「ギリギリ撮影会」クローネで凛ちゃんなう! (アイドルマスター シンデレラガールズ) [DL版]是否存在未下载章节
2026-09-02 01:00:05 - mkk_pika - main.py:45 - INFO - 正在下载:[プロジェクト「ギリギリ撮影会」クローネで凛ちゃんなう! (アイドルマスター シンデレラガールズ) [DL版]]-[Grace (よこやまなおき)]-[['短篇', '同人']]-[total_pages:29]
2026-09-02 01:00:05 - mkk_pika - main.py:49 - INFO - [{'_id': '5c8724d1b78b7e305923332d', 'title': '第1集', 'order': 1, 'updated_at': '2019-03-11T15:27:32.583Z', 'id': '5c8724d1b78b7e305923332d'}]
2026-09-02 01:00:05 - mkk_pika - database.py:215 - INFO - 第一次下载该漫画，记录数据库中
2026-09-02 01:00:06 - mkk_pika - main.py:83 - INFO - 找到 29 张图片在:第1集
2026-09-02 01:00:07 - mkk_pika - main.py:112 - INFO - [episode:第1集       ] downloaded:    29, total:  29, progress:100%
2026-09-02 01:00:07 - mkk_pika - database.py:238 - INFO - 数据库更新已下载章节
2026-09-02 01:00:07 - mkk_pika - database.py:244 - INFO - 该漫画已下载章节如下
2026-09-02 01:00:07 - mkk_pika - database.py:245 - INFO - ['第1集']
2026-09-02 01:00:08 - mkk_pika - main.py:348 - INFO - ==================== 漫画信息 ====================
                                   漫画ID：5c8724d1b78b7e305923332c
                                   标题：プロジェクト「ギリギリ撮影会」クローネで凛ちゃんなう! (アイドルマスター シンデレラガールズ) [DL版]
                                   作者：Grace (よこやまなおき)
                                   是否完结：否
                                   总页数：29
                                   分类：短篇,同人
                                   章节数：1
                                   最后更新时间：2019-03-12T03:17:37.619Z
                                   =================================================
2026-09-02 01:00:08 - mkk_pika - database.py:101 - INFO - 保存成功：プロジェクト「ギリギリ撮影会」クローネで凛ちゃんなう! (アイドルマスター シンデレラガールズ) [DL版]
2026-09-02 01:00:08 - mkk_pika - main.py:35 - INFO - 开始检查榨精JK (コミック・マショウ 2017年6月号) [中国翻訳]是否存在未下载章节
2026-09-02 01:00:08 - mkk_pika - main.py:45 - INFO - 正在下载:[榨精JK (コミック・マショウ 2017年6月号) [中国翻訳]]-[ぽし]-[['短篇']]-[total_pages:22]
2026-09-02 01:00:08 - mkk_pika - main.py:49 - INFO - [{'_id': '5c886b8c036aa556613c5d24', 'title': '第1集', 'order': 1, 'updated_at': '2019-03-12T04:59:04.736Z', 'id': '5c886b8c036aa556613c5d24'}]
2026-09-02 01:00:08 - mkk_pika - database.py:215 - INFO - 第一次下载该漫画，记录数据库中
2026-09-02 01:00:09 - mkk_pika - main.py:83 - INFO - 找到 22 张图片在:第1集
2026-09-02 01:00:09 - mkk_pika - main.py:112 - INFO - [episode:第1集       ] downloaded:    22, total:  22, progress:100%
2026-09-02 01:00:09 - mkk_pika - database.py:238 - INFO - 数据库更新已下载章节
2026-09-02 01:00:09 - mkk_pika - database.py:244 - INFO - 该漫画已下载章节如下
2026-09-02 01:00:09 - mkk_pika - database.py:245 - INFO - ['第1集']
2026-09-02 01:00:11 - mkk_pika - main.py:348 - INFO - ==================== 漫画信息 ====================
                                   漫画ID：5c886b8c036aa556613c5d23
                                   标题：榨精JK (コミック・マショウ 2017年6月号) [中国翻訳]
                                   作者：ぽし
                                   是否完结：是
                                   总页数：22
                                   分类：短篇
                                   章节数：1
                                   最后更新时间：2019-03-13T02:31:40.695Z
                                   =================================================
2026-09-02 01:00:11 - mkk_pika - database.py:101 - INFO - 保存成功：榨精JK (コミック・マショウ 2017年6月号) [中国翻訳]
2026-09-02 01:00:11 - mkk_pika - main.py:35 - INFO - 开始检查ミルキータイム + 4Pリーフレット [中国翻訳]是否存在未下载章节
2026-09-02 01:00:11 - mkk_pika - main.py:45 - INFO - 正在下载:[ミルキータイム + 4Pリーフレット [中国翻訳]]-[牡丹もちと]-[['長篇']]-[total_pages:204]
2026-09-02 01:00:11 - mkk_pika - main.py:49 - INFO - [{'_id': '5c886bbc35b667306b18705b', 'title': '第1集', 'order': 1, 'updated_at': '2019-03-12T07:41:17.012Z', 'id': '5c886bbc35b667306b18705b'}]
2026-09-02 01:00:11 - mkk_pika - database.py:215 - INFO - 第一次下载该漫画，记录数据库中
2026-09-02 01:00:13 - mkk_pika - main.py:83 - INFO - 找到 204 张图片在:第1集
2026-09-02 01:00:18 - mkk_pika - main.py:112 - INFO - [episode:第1集       ] downloaded:   204, total: 204, progress:100%
2026-09-02 01:00:18 - mkk_pika - database.py:238 - INFO - 数据库更新已下载章节
2026-09-02 01:00:18 - mkk_pika - database.py:244 - INFO - 该漫画已下载章节如下
2026-09-02 01:00:18 - mkk_pika - database.py:245 - INFO - ['第1集']
2026-09-02 01:00:19 - mkk_pika - main.py:348 - INFO - ==================== 漫画信息 ====================
                                   漫画ID：5c886bbc35b667306b18705a
                                   标题：ミルキータイム + 4Pリーフレット [中国翻訳]
                                   作者：牡丹もちと
                                   是否完结：是
                                   总页数：204
                                   分类：長篇
                                   章节数：1
                                   最后更新时间：2019-03-13T02:32:28.881Z
                                   =================================================
2026-09-02 01:00:19 - mkk_pika - database.py:101 - INFO - 保存成功：ミルキータイム + 4Pリーフレット [中国翻訳]
2026-09-02 01:00:19 - mkk_pika - main.py:35 - INFO - 开始检查ミルキータイム 奶香時間+虎之穴限定特典 [漢化單行本版本]是否存在未下载章节
2026-09-02 01:00:19 - mkk_pika - main.py:45 - INFO - 正在下载:[ミルキータイム 奶香時間+虎之穴限定特典 [漢化單行本版本]]-[牡丹もちと]-[['長篇', '純愛', '單行本', '姐姐系', '妹妹系', '足の恋', '後宮閃光']]-[total_pages:205]
2026-09-02 01:00:19 - mkk_pika - main.py:49 - INFO - [{'_id': '5c886bd40c639d3070fcff06', 'title': '奶香時間的射爆單行本', 'order': 1, 'updated_at': '2019-03-12T08:02:48.443Z', 'id': '5c886bd40c639d3070fcff06'}]
2026-09-02 01:00:19 - mkk_pika - database.py:215 - INFO - 第一次下载该漫画，记录数据库中
2026-09-02 01:00:21 - mkk_pika - main.py:83 - INFO - 找到 205 张图片在:奶香時間的射爆單行本
2026-09-02 01:00:25 - mkk_pika - main.py:112 - INFO - [episode:奶香時間的射爆單行本] downloaded:   205, total: 205, progress:100%
2026-09-02 01:00:25 - mkk_pika - database.py:238 - INFO - 数据库更新已下载章节
2026-09-02 01:00:25 - mkk_pika - database.py:244 - INFO - 该漫画已下载章节如下
2026-09-02 01:00:25 - mkk_pika - database.py:245 - INFO - ['奶香時間的射爆單行本']
2026-09-02 01:00:27 - mkk_pika - main.py:348 - INFO - ==================== 漫画信息 ====================
                                   漫画ID：5c886bd40c639d3070fcff05
                                   标题：ミルキータイム 奶香時間+虎之穴限定特典 [漢化單行本版本]
                                   作者：牡丹もちと
                                   是否完结：是
                                   总页数：205
                                   分类：長篇,純愛,單行本,姐姐系,妹妹系,足の恋,後宮閃光
                                   章节数：1
                                   最后更新时间：2019-03-13T02:32:52.514Z
                                   =================================================
2026-09-02 01:00:27 - mkk_pika - database.py:101 - INFO - 保存成功：ミルキータイム 奶香時間+虎之穴限定特典 [漢化單行本版本]
2026-09-02 01:00:27 - mkk_pika - main.py:35 - INFO - 开始检查Boy meets Girl (COMIC快楽天 2018年9月号)[無修正]是否存在未下载章节
2026-09-02 01:00:27 - mkk_pika - main.py:45 - INFO - 正在下载:[Boy meets Girl (COMIC快楽天 2018年9月号)[無修正]]-[ホムンクルス]-[['短篇', '純愛']]-[total_pages:19]
2026-09-02 01:00:27 - mkk_pika - main.py:49 - INFO - [{'_id': '5c886bf4b78b7e305923365f', 'title': '第1集', 'order': 1, 'updated_at': '2019-03-12T09:27:32.231Z', 'id': '5c886bf4b78b7e305923365f'}]
2026-09-02 01:00:27 - mkk_pika - database.py:215 - INFO - 第一次下载该漫画，记录数据库中
2026-09-02 01:00:28 - mkk_pika - main.py:83 - INFO - 找到 19 张图片在:第1集
2026-09-02 01:00:39 - mkk_pika - main.py:112 - INFO - [episode:第1集       ] downloaded:    19, total:  19, progress:100%
2026-09-02 01:00:39 - mkk_pika - database.py:238 - INFO - 数据库更新已下载章节
2026-09-02 01:00:39 - mkk_pika - database.py:244 - INFO - 该漫画已下载章节如下
2026-09-02 01:00:39 - mkk_pika - database.py:245 - INFO - ['第1集']
2026-09-02 01:00:41 - mkk_pika - main.py:348 - INFO - ==================== 漫画信息 ====================
                                   漫画ID：5c886bf4b78b7e305923365e
                                   标题：Boy meets Girl (COMIC快楽天 2018年9月号)[無修正]
                                   作者：ホムンクルス
                                   是否完结：否
                                   总页数：19
                                   分类：短篇,純愛
                                   章节数：1
                                   最后更新时间：2019-03-13T02:33:24.784Z
                                   =================================================
2026-09-02 01:00:41 - mkk_pika - database.py:101 - INFO - 保存成功：Boy meets Girl (COMIC快楽天 2018年9月号)[無修正]
2026-09-02 01:00:41 - mkk_pika - main.py:35 - INFO - 开始检查(C95)NOLIVE NOLIFE (アイドルマスター シンデレラガールズ)是否存在未下载章节
2026-09-02 01:00:41 - mkk_pika - main.py:45 - INFO - 正在下载:[(C95)NOLIVE NOLIFE (アイドルマスター シンデレラガールズ)]-[木鈴亭 (木鈴カケル、コウリ)]-[['短篇', '同人', '純愛']]-[total_pages:27]
2026-09-02 01:00:41 - mkk_pika - main.py:49 - INFO - [{'_id': '5c886c21b949727067079633', 'title': '第1集', 'order': 1, 'updated_at': '2019-03-12T10:57:59.118Z', 'id': '5c886c21b949727067079633'}]
2026-09-02 01:00:41 - mkk_pika - database.py:215 - INFO - 第一次下载该漫画，记录数据库中
2026-09-02 01:00:41 - mkk_pika - main.py:83 - INFO - 找到 27 张图片在:第1集
2026-09-02 01:00:44 - mkk_pika - main.py:112 - INFO - [episode:第1集       ] downloaded:    27, total:  27, progress:100%
2026-09-02 01:00:44 - mkk_pika - database.py:238 - INFO - 数据库更新已下载章节
2026-09-02 01:00:44 - mkk_pika - database.py:244 - INFO - 该漫画已下载章节如下
2026-09-02 01:00:44 - mkk_pika - database.py:245 - INFO - ['第1集']
2026-09-02 01:00:45 - mkk_pika - main.py:348 - INFO - ==================== 漫画信息 ====================
                                   漫画ID：5c886c21b949727067079632
                                   标题：(C95)NOLIVE NOLIFE (アイドルマスター シンデレラガールズ)
                                   作者：木鈴亭 (木鈴カケル、コウリ)
                                   是否完结：是
                                   总页数：27
                                   分类：短篇,同人,純愛
                                   章节数：1
                                   最后更新时间：2019-03-13T02:34:09.383Z
                                   =================================================
2026-09-02 01:00:45 - mkk_pika - database.py:101 - INFO - 保存成功：(C95)NOLIVE NOLIFE (アイドルマスター シンデレラガールズ)
2026-09-02 01:00:45 - mkk_pika - main.py:35 - INFO - 开始检查1回だけ (COMIC快楽天 2018年8月号)[無修正]是否存在未下载章节
2026-09-02 01:00:45 - mkk_pika - main.py:45 - INFO - 正在下载:[1回だけ (COMIC快楽天 2018年8月号)[無修正]]-[もじゃりん]-[['短篇', '純愛']]-[total_pages:18]
2026-09-02 01:00:45 - mkk_pika - main.py:49 - INFO - [{'_id': '5c886c321bb96f70997fea7e', 'title': '第1集', 'order': 1, 'updated_at': '2019-03-12T11:05:26.625Z', 'id': '5c886c321bb96f70997fea7e'}]
2026-09-02 01:00:45 - mkk_pika - database.py:215 - INFO - 第一次下载该漫画，记录数据库中
2026-09-02 01:00:46 - mkk_pika - main.py:83 - INFO - 找到 18 张图片在:第1集
2026-09-02 01:00:46 - mkk_pika - main.py:112 - INFO - [episode:第1集       ] downloaded:    18, total:  18, progress:100%
2026-09-02 01:00:46 - mkk_pika - database.py:238 - INFO - 数据库更新已下载章节
2026-09-02 01:00:46 - mkk_pika - database.py:244 - INFO - 该漫画已下载章节如下
2026-09-02 01:00:46 - mkk_pika - database.py:245 - INFO - ['第1集']
2026-09-02 01:00:48 - mkk_pika - main.py:348 - INFO - ==================== 漫画信息 ====================
                                   漫画ID：5c886c321bb96f70997fea7d
                                   标题：1回だけ (COMIC快楽天 2018年8月号)[無修正]
                                   作者：もじゃりん
                                   是否完结：否
                                   总页数：18
                                   分类：短篇,純愛
                                   章节数：1
                                   最后更新时间：2019-03-13T02:34:26.832Z
                                   =================================================
2026-09-02 01:00:48 - mkk_pika - database.py:101 - INFO - 保存成功：1回だけ (COMIC快楽天 2018年8月号)[無修正]
2026-09-02 01:00:48 - mkk_pika - main.py:35 - INFO - 开始检查嘘つき六花の優しい嘘 (SSSS.GRIDMAN)是否存在未下载章节
2026-09-02 01:00:48 - mkk_pika - main.py:45 - INFO - 正在下载:[嘘つき六花の優しい嘘 (SSSS.GRIDMAN)]-[あんこまん]-[['短篇', '同人']]-[total_pages:11]
2026-09-02 01:00:48 - mkk_pika - main.py:49 - INFO - [{'_id': '5c886c422f2937708d2842a8', 'title': '第1集', 'order': 1, 'updated_at': '2019-03-12T11:05:50.606Z', 'id': '5c886c422f2937708d2842a8'}]
2026-09-02 01:00:48 - mkk_pika - database.py:215 - INFO - 第一次下载该漫画，记录数据库中
2026-09-02 01:00:49 - mkk_pika - main.py:83 - INFO - 找到 11 张图片在:第1集
2026-09-02 01:00:49 - mkk_pika - main.py:112 - INFO - [episode:第1集       ] downloaded:    11, total:  11, progress:100%
2026-09-02 01:00:49 - mkk_pika - database.py:238 - INFO - 数据库更新已下载章节
2026-09-02 01:00:49 - mkk_pika - database.py:244 - INFO - 该漫画已下载章节如下
2026-09-02 01:00:49 - mkk_pika - database.py:245 - INFO - ['第1集']
2026-09-02 01:00:50 - mkk_pika - main.py:348 - INFO - ==================== 漫画信息 ====================
                                   漫画ID：5c886c422f2937708d2842a7
                                   标题：嘘つき六花の優しい嘘 (SSSS.GRIDMAN)
                                   作者：あんこまん
                                   是否完结：是
                                   总页数：11
                                   分类：短篇,同人
                                   章节数：1
                                   最后更新时间：2019-03-13T02:34:42.787Z
                                   =================================================
2026-09-02 01:00:50 - mkk_pika - database.py:101 - INFO - 保存成功：嘘つき六花の優しい嘘 (SSSS.GRIDMAN)
2026-09-02 01:00:50 - mkk_pika - main.py:35 - INFO - 开始检查ま、魔族はトイレとか行かな是否存在未下载章节
2026-09-02 01:00:51 - mkk_pika - main.py:45 - INFO - 正在下载:[ま、魔族はトイレとか行かな]-[サークル青くらげ (青くらげ)]-[['短篇']]-[total_pages:43]
2026-09-02 01:00:51 - mkk_pika - main.py:49 - INFO - [{'_id': '5c886c4e3fda36563c111e16', 'title': '第1集', 'order': 1, 'updated_at': '2019-03-12T11:14:04.424Z', 'id': '5c886c4e3fda36563c111e16'}]
2026-09-02 01:00:51 - mkk_pika - database.py:215 - INFO - 第一次下载该漫画，记录数据库中
2026-09-02 01:00:51 - mkk_pika - main.py:83 - INFO - 找到 43 张图片在:第1集
2026-09-02 01:00:52 - mkk_pika - main.py:112 - INFO - [episode:第1集       ] downloaded:    43, total:  43, progress:100%
2026-09-02 01:00:52 - mkk_pika - database.py:238 - INFO - 数据库更新已下载章节
2026-09-02 01:00:52 - mkk_pika - database.py:244 - INFO - 该漫画已下载章节如下
2026-09-02 01:00:52 - mkk_pika - database.py:245 - INFO - ['第1集']
2026-09-02 01:00:54 - mkk_pika - main.py:348 - INFO - ==================== 漫画信息 ====================
                                   漫画ID：5c886c4e3fda36563c111e15
                                   标题：ま、魔族はトイレとか行かな
                                   作者：サークル青くらげ (青くらげ)
                                   是否完结：是
                                   总页数：43
                                   分类：短篇
                                   章节数：1
                                   最后更新时间：2019-03-13T02:34:54.226Z
                                   =================================================
2026-09-02 01:00:54 - mkk_pika - database.py:101 - INFO - 保存成功：ま、魔族はトイレとか行かな
2026-09-02 01:00:54 - mkk_pika - main.py:35 - INFO - 开始检查(C95)Overlay Magic 4 (遊☆戯☆王)是否存在未下载章节
2026-09-02 01:00:54 - mkk_pika - main.py:45 - INFO - 正在下载:[(C95)Overlay Magic 4 (遊☆戯☆王)]-[星夢亭 (星遥ゆめ)]-[['短篇', '嗶咔漢化', '同人']]-[total_pages:23]
2026-09-02 01:00:54 - mkk_pika - main.py:49 - INFO - [{'_id': '5c886c68a1430c5634c85f58', 'title': '第1集', 'order': 1, 'updated_at': '2019-03-12T11:37:43.560Z', 'id': '5c886c68a1430c5634c85f58'}]
2026-09-02 01:00:54 - mkk_pika - database.py:215 - INFO - 第一次下载该漫画，记录数据库中
2026-09-02 01:00:54 - mkk_pika - main.py:83 - INFO - 找到 23 张图片在:第1集
2026-09-02 01:00:55 - mkk_pika - main.py:112 - INFO - [episode:第1集       ] downloaded:    23, total:  23, progress:100%
2026-09-02 01:00:55 - mkk_pika - database.py:238 - INFO - 数据库更新已下载章节
2026-09-02 01:00:55 - mkk_pika - database.py:244 - INFO - 该漫画已下载章节如下
2026-09-02 01:00:55 - mkk_pika - database.py:245 - INFO - ['第1集']
2026-09-02 01:00:56 - mkk_pika - main.py:348 - INFO - ==================== 漫画信息 ====================
                                   漫画ID：5c886c68a1430c5634c85f57
                                   标题：(C95)Overlay Magic 4 (遊☆戯☆王)
                                   作者：星夢亭 (星遥ゆめ)
                                   是否完结：否
                                   总页数：23
                                   分类：短篇,嗶咔漢化,同人
                                   章节数：1
                                   最后更新时间：2019-03-13T02:35:20.372Z
                                   =================================================
2026-09-02 01:00:56 - mkk_pika - database.py:101 - INFO - 保存成功：(C95)Overlay Magic 4 (遊☆戯☆王)
2026-09-02 01:00:56 - mkk_pika - main.py:35 - INFO - 开始检查まどかの新しい魔法是否存在未下载章节
2026-09-02 01:00:57 - mkk_pika - main.py:45 - INFO - 正在下载:[まどかの新しい魔法]-[ネダオレ (あやね)]-[['同人', '短篇', '圓神領域', '百合花園']]-[total_pages:27]
2026-09-02 01:00:57 - mkk_pika - main.py:49 - INFO - [{'_id': '5c886c7e14c7035660bad461', 'title': '第1集', 'order': 1, 'updated_at': '2019-03-12T12:21:42.488Z', 'id': '5c886c7e14c7035660bad461'}]
2026-09-02 01:00:57 - mkk_pika - database.py:215 - INFO - 第一次下载该漫画，记录数据库中
2026-09-02 01:00:57 - mkk_pika - main.py:83 - INFO - 找到 27 张图片在:第1集
2026-09-02 01:00:58 - mkk_pika - main.py:112 - INFO - [episode:第1集       ] downloaded:    27, total:  27, progress:100%
2026-09-02 01:00:58 - mkk_pika - database.py:238 - INFO - 数据库更新已下载章节
2026-09-02 01:00:58 - mkk_pika - database.py:244 - INFO - 该漫画已下载章节如下
2026-09-02 01:00:58 - mkk_pika - database.py:245 - INFO - ['第1集']
2026-09-02 01:00:59 - mkk_pika - main.py:348 - INFO - ==================== 漫画信息 ====================
                                   漫画ID：5c886c7e14c7035660bad460
                                   标题：まどかの新しい魔法
                                   作者：ネダオレ (あやね)
                                   是否完结：否
                                   总页数：27
                                   分类：同人,短篇,圓神領域,百合花園
                                   章节数：1
                                   最后更新时间：2019-03-13T02:35:42.263Z
                                   =================================================
2026-09-02 01:00:59 - mkk_pika - database.py:101 - INFO - 保存成功：まどかの新しい魔法
2026-09-02 01:00:59 - mkk_pika - main.py:35 - INFO - 开始检查牝堕ち姫君 牝墮的姬君是否存在未下载章节
2026-09-02 01:00:59 - mkk_pika - main.py:45 - INFO - 正在下载:[牝堕ち姫君 牝墮的姬君]-[ワス]-[['長篇', 'NTR', '強暴', '單行本', '非人類', '人妻', 'SM']]-[total_pages:225]
2026-09-02 01:00:59 - mkk_pika - main.py:49 - INFO - [{'_id': '5c886d931bb96f70997fea93', 'title': '牝墮的姬君單行本', 'order': 1, 'updated_at': '2019-03-12T13:22:58.907Z', 'id': '5c886d931bb96f70997fea93'}]
2026-09-02 01:00:59 - mkk_pika - database.py:215 - INFO - 第一次下载该漫画，记录数据库中
2026-09-02 01:01:01 - mkk_pika - main.py:83 - INFO - 找到 225 张图片在:牝墮的姬君單行本
2026-09-02 01:01:06 - mkk_pika - main.py:112 - INFO - [episode:牝墮的姬君單行本  ] downloaded:   225, total: 225, progress:100%
2026-09-02 01:01:06 - mkk_pika - database.py:238 - INFO - 数据库更新已下载章节
2026-09-02 01:01:06 - mkk_pika - database.py:244 - INFO - 该漫画已下载章节如下
2026-09-02 01:01:06 - mkk_pika - database.py:245 - INFO - ['牝墮的姬君單行本']
2026-09-02 01:01:07 - mkk_pika - main.py:348 - INFO - ==================== 漫画信息 ====================
                                   漫画ID：5c886d931bb96f70997fea92
                                   标题：牝堕ち姫君 牝墮的姬君
                                   作者：ワス
                                   是否完结：是
                                   总页数：225
                                   分类：長篇,NTR,強暴,單行本,非人類,人妻,SM
                                   章节数：1
                                   最后更新时间：2019-03-13T02:40:19.912Z
                                   =================================================
2026-09-02 01:01:07 - mkk_pika - database.py:101 - INFO - 保存成功：牝堕ち姫君 牝墮的姬君
2026-09-02 01:01:07 - mkk_pika - main.py:35 - INFO - 开始检查鬼の姉妹はヒトのオスと子づくりがしたい 〜妹編〜（无修正）是否存在未下载章节
2026-09-02 01:01:07 - mkk_pika - main.py:45 - INFO - 正在下载:[鬼の姉妹はヒトのオスと子づくりがしたい 〜妹編〜（无修正）]-[百々ふぐり (しんどう)]-[['短篇', '後宮閃光', '非人類']]-[total_pages:23]
2026-09-02 01:01:07 - mkk_pika - main.py:49 - INFO - [{'_id': '5c893d5b5ce22c305f0fcf5c', 'title': '第1集', 'order': 1, 'updated_at': '2019-03-12T11:36:56.963Z', 'id': '5c893d5b5ce22c305f0fcf5c'}]
2026-09-02 01:01:07 - mkk_pika - database.py:215 - INFO - 第一次下载该漫画，记录数据库中
2026-09-02 01:01:08 - mkk_pika - main.py:83 - INFO - 找到 23 张图片在:第1集
2026-09-02 01:01:08 - mkk_pika - main.py:112 - INFO - [episode:第1集       ] downloaded:    23, total:  23, progress:100%
2026-09-02 01:01:08 - mkk_pika - database.py:238 - INFO - 数据库更新已下载章节
2026-09-02 01:01:08 - mkk_pika - database.py:244 - INFO - 该漫画已下载章节如下
2026-09-02 01:01:08 - mkk_pika - database.py:245 - INFO - ['第1集']
2026-09-02 01:01:10 - mkk_pika - main.py:348 - INFO - ==================== 漫画信息 ====================
                                   漫画ID：5c893d5b5ce22c305f0fcf5b
                                   标题：鬼の姉妹はヒトのオスと子づくりがしたい 〜妹編〜（无修正）
                                   作者：百々ふぐり (しんどう)
                                   是否完结：是
                                   总页数：23
                                   分类：短篇,後宮閃光,非人類
                                   章节数：1
                                   最后更新时间：2019-03-13T17:26:51.967Z
                                   =================================================
2026-09-02 01:01:10 - mkk_pika - database.py:101 - INFO - 保存成功：鬼の姉妹はヒトのオスと子づくりがしたい 〜妹編〜（无修正）
2026-09-02 01:01:10 - mkk_pika - main.py:35 - INFO - 开始检查べいびーもんすたー是否存在未下载章节
2026-09-02 01:01:10 - mkk_pika - main.py:45 - INFO - 正在下载:[べいびーもんすたー]-[お久しぶり]-[['短篇', '全彩', '純愛']]-[total_pages:10]
2026-09-02 01:01:10 - mkk_pika - main.py:49 - INFO - [{'_id': '5c893d6b3fda36563c112282', 'title': '第1集', 'order': 1, 'updated_at': '2019-03-12T12:53:44.605Z', 'id': '5c893d6b3fda36563c112282'}]
2026-09-02 01:01:10 - mkk_pika - database.py:215 - INFO - 第一次下载该漫画，记录数据库中
2026-09-02 01:01:11 - mkk_pika - main.py:83 - INFO - 找到 10 张图片在:第1集
2026-09-02 01:01:11 - mkk_pika - main.py:112 - INFO - [episode:第1集       ] downloaded:    10, total:  10, progress:100%
2026-09-02 01:01:11 - mkk_pika - database.py:238 - INFO - 数据库更新已下载章节
2026-09-02 01:01:11 - mkk_pika - database.py:244 - INFO - 该漫画已下载章节如下
2026-09-02 01:01:11 - mkk_pika - database.py:245 - INFO - ['第1集']
2026-09-02 01:01:12 - mkk_pika - main.py:348 - INFO - ==================== 漫画信息 ====================
                                   漫画ID：5c893d6b3fda36563c112281
                                   标题：べいびーもんすたー
                                   作者：お久しぶり
                                   是否完结：是
                                   总页数：10
                                   分类：短篇,全彩,純愛
                                   章节数：1
                                   最后更新时间：2019-03-13T17:27:07.545Z
                                   =================================================
2026-09-02 01:01:12 - mkk_pika - database.py:101 - INFO - 保存成功：べいびーもんすたー
2026-09-02 01:01:12 - mkk_pika - main.py:35 - INFO - 开始检查カルデあ。連結秘録 その2是否存在未下载章节
2026-09-02 01:01:12 - mkk_pika - main.py:45 - INFO - 正在下载:[カルデあ。連結秘録 その2]-[世界のTOMIZAWA (荒木ジェッチー)]-[['同人', '短篇', '後宮閃光', 'Fate']]-[total_pages:18]
2026-09-02 01:01:12 - mkk_pika - main.py:49 - INFO - [{'_id': '5c893d81036aa556613c6318', 'title': '第1集', 'order': 1, 'updated_at': '2019-03-12T13:03:57.192Z', 'id': '5c893d81036aa556613c6318'}]
2026-09-02 01:01:12 - mkk_pika - database.py:215 - INFO - 第一次下载该漫画，记录数据库中
2026-09-02 01:01:13 - mkk_pika - main.py:83 - INFO - 找到 18 张图片在:第1集
2026-09-02 01:01:13 - mkk_pika - main.py:112 - INFO - [episode:第1集       ] downloaded:    18, total:  18, progress:100%
2026-09-02 01:01:13 - mkk_pika - database.py:238 - INFO - 数据库更新已下载章节
2026-09-02 01:01:13 - mkk_pika - database.py:244 - INFO - 该漫画已下载章节如下
2026-09-02 01:01:13 - mkk_pika - database.py:245 - INFO - ['第1集']
2026-09-02 01:01:15 - mkk_pika - main.py:348 - INFO - ==================== 漫画信息 ====================
                                   漫画ID：5c893d81036aa556613c6317
                                   标题：カルデあ。連結秘録 その2
                                   作者：世界のTOMIZAWA (荒木ジェッチー)
                                   是否完结：否
                                   总页数：18
                                   分类：同人,短篇,後宮閃光,Fate
                                   章节数：1
                                   最后更新时间：2019-03-13T17:27:29.541Z
                                   =================================================
2026-09-02 01:01:15 - mkk_pika - database.py:101 - INFO - 保存成功：カルデあ。連結秘録 その2
2026-09-02 01:01:15 - mkk_pika - main.py:35 - INFO - 开始检查乳首が弱いゆかりさん是否存在未下载章节
2026-09-02 01:01:15 - mkk_pika - main.py:45 - INFO - 正在下载:[乳首が弱いゆかりさん]-[蒟蒻鍋 (magifuro蒟蒻)]-[['同人', '短篇']]-[total_pages:43]
2026-09-02 01:01:15 - mkk_pika - main.py:49 - INFO - [{'_id': '5b6fd8e89a2f1b2dc9fe6e75', 'title': '生肉', 'order': 1, 'updated_at': '2019-03-13T17:27:48.174Z', 'id': '5b6fd8e89a2f1b2dc9fe6e75'}, {'_id': '5c893d942f2937708d28450a', 'title': '熟肉', 'order': 2, 'updated_at': '2019-03-12T13:16:15.046Z', 'id': '5c893d942f2937708d28450a'}]
2026-09-02 01:01:15 - mkk_pika - database.py:215 - INFO - 第一次下载该漫画，记录数据库中
2026-09-02 01:01:16 - mkk_pika - main.py:83 - INFO - 找到 21 张图片在:生肉
2026-09-02 01:01:17 - mkk_pika - main.py:112 - INFO - [episode:生肉        ] downloaded:    21, total:  21, progress:100%
2026-09-02 01:01:17 - mkk_pika - database.py:238 - INFO - 数据库更新已下载章节
2026-09-02 01:01:17 - mkk_pika - database.py:244 - INFO - 该漫画已下载章节如下
2026-09-02 01:01:17 - mkk_pika - database.py:245 - INFO - ['生肉']
2026-09-02 01:01:18 - mkk_pika - main.py:83 - INFO - 找到 22 张图片在:熟肉
2026-09-02 01:01:19 - mkk_pika - main.py:112 - INFO - [episode:熟肉        ] downloaded:    22, total:  22, progress:100%
2026-09-02 01:01:19 - mkk_pika - database.py:238 - INFO - 数据库更新已下载章节
2026-09-02 01:01:19 - mkk_pika - database.py:244 - INFO - 该漫画已下载章节如下
2026-09-02 01:01:19 - mkk_pika - database.py:245 - INFO - ['生肉', '熟肉']
2026-09-02 01:01:20 - mkk_pika - main.py:348 - INFO - ==================== 漫画信息 ====================
                                   漫画ID：5b6fd8e89a2f1b2dc9fe6e74
                                   标题：乳首が弱いゆかりさん
                                   作者：蒟蒻鍋 (magifuro蒟蒻)
                                   是否完结：否
                                   总页数：43
                                   分类：同人,短篇
                                   章节数：2
                                   最后更新时间：2019-03-13T17:27:48.144Z
                                   =================================================
2026-09-02 01:01:20 - mkk_pika - database.py:101 - INFO - 保存成功：乳首が弱いゆかりさん
2026-09-02 01:01:20 - mkk_pika - main.py:35 - INFO - 开始检查罵られながら足で踏まれたい本5是否存在未下载章节
2026-09-02 01:01:20 - mkk_pika - main.py:45 - INFO - 正在下载:[罵られながら足で踏まれたい本5]-[村上水軍の館 (村上水軍)]-[['短篇', '足の恋', '全彩']]-[total_pages:54]
2026-09-02 01:01:20 - mkk_pika - main.py:49 - INFO - [{'_id': '5c893de25ce22c305f0fcf79', 'title': '第1集', 'order': 1, 'updated_at': '2019-03-12T13:57:58.457Z', 'id': '5c893de25ce22c305f0fcf79'}]
2026-09-02 01:01:20 - mkk_pika - database.py:215 - INFO - 第一次下载该漫画，记录数据库中
2026-09-02 01:01:21 - mkk_pika - main.py:83 - INFO - 找到 54 张图片在:第1集
2026-09-02 01:01:22 - mkk_pika - main.py:112 - INFO - [episode:第1集       ] downloaded:    54, total:  54, progress:100%
2026-09-02 01:01:22 - mkk_pika - database.py:238 - INFO - 数据库更新已下载章节
2026-09-02 01:01:22 - mkk_pika - database.py:244 - INFO - 该漫画已下载章节如下
2026-09-02 01:01:22 - mkk_pika - database.py:245 - INFO - ['第1集']
2026-09-02 01:01:24 - mkk_pika - main.py:348 - INFO - ==================== 漫画信息 ====================
                                   漫画ID：5c893de25ce22c305f0fcf78
                                   标题：罵られながら足で踏まれたい本5
                                   作者：村上水軍の館 (村上水軍)
                                   是否完结：是
                                   总页数：54
                                   分类：短篇,足の恋,全彩
                                   章节数：1
                                   最后更新时间：2019-03-13T17:29:06.488Z
                                   =================================================
2026-09-02 01:01:24 - mkk_pika - database.py:101 - INFO - 保存成功：罵られながら足で踏まれたい本5
2026-09-02 01:01:24 - mkk_pika - main.py:35 - INFO - 开始检查白昼に街中で全裸露出オナニーしちゃうのってき もちいい3是否存在未下载章节
2026-09-02 01:01:24 - mkk_pika - main.py:45 - INFO - 正在下载:[白昼に街中で全裸露出オナニーしちゃうのってき もちいい3]-[集団暴力(むらさき朱)]-[['短篇', 'SM', '強暴']]-[total_pages:30]
2026-09-02 01:01:24 - mkk_pika - main.py:49 - INFO - [{'_id': '5c893e2c0c639d3070fd025d', 'title': '第1集', 'order': 1, 'updated_at': '2019-03-12T14:15:32.613Z', 'id': '5c893e2c0c639d3070fd025d'}]
2026-09-02 01:01:24 - mkk_pika - database.py:215 - INFO - 第一次下载该漫画，记录数据库中
2026-09-02 01:01:25 - mkk_pika - main.py:83 - INFO - 找到 30 张图片在:第1集
2026-09-02 01:01:25 - mkk_pika - main.py:112 - INFO - [episode:第1集       ] downloaded:    30, total:  30, progress:100%
2026-09-02 01:01:25 - mkk_pika - database.py:238 - INFO - 数据库更新已下载章节
2026-09-02 01:01:25 - mkk_pika - database.py:244 - INFO - 该漫画已下载章节如下
2026-09-02 01:01:25 - mkk_pika - database.py:245 - INFO - ['第1集']
2026-09-02 01:01:26 - mkk_pika - main.py:348 - INFO - ==================== 漫画信息 ====================
                                   漫画ID：5c893e2c0c639d3070fd025c
                                   标题：白昼に街中で全裸露出オナニーしちゃうのってき もちいい3
                                   作者：集団暴力(むらさき朱)
                                   是否完结：是
                                   总页数：30
                                   分类：短篇,SM,強暴
                                   章节数：1
                                   最后更新时间：2019-03-13T17:30:20.263Z
                                   =================================================
2026-09-02 01:01:26 - mkk_pika - database.py:101 - INFO - 保存成功：白昼に街中で全裸露出オナニーしちゃうのってき もちいい3
2026-09-02 01:01:26 - mkk_pika - main.py:35 - INFO - 开始检查 白昼に街中で全裸露出オナニーしちゃうのってきもちいい5——大白天在大街上全裸露出自慰真的好舒服是否存在未下载章节
2026-09-02 01:01:27 - mkk_pika - main.py:45 - INFO - 正在下载:[ 白昼に街中で全裸露出オナニーしちゃうのってきもちいい5——大白天在大街上全裸露出自慰真的好舒服]-[集団暴力 (むらさき朱)]-[['短篇', '強暴']]-[total_pages:36]
2026-09-02 01:01:27 - mkk_pika - main.py:49 - INFO - [{'_id': '5c893e4735b667306b187343', 'title': '第1集', 'order': 1, 'updated_at': '2019-03-12T14:26:56.335Z', 'id': '5c893e4735b667306b187343'}]
2026-09-02 01:01:27 - mkk_pika - database.py:215 - INFO - 第一次下载该漫画，记录数据库中
2026-09-02 01:01:27 - mkk_pika - main.py:83 - INFO - 找到 36 张图片在:第1集
2026-09-02 01:01:28 - mkk_pika - main.py:112 - INFO - [episode:第1集       ] downloaded:    36, total:  36, progress:100%
2026-09-02 01:01:28 - mkk_pika - database.py:238 - INFO - 数据库更新已下载章节
2026-09-02 01:01:28 - mkk_pika - database.py:244 - INFO - 该漫画已下载章节如下
2026-09-02 01:01:28 - mkk_pika - database.py:245 - INFO - ['第1集']
2026-09-02 01:01:29 - mkk_pika - main.py:348 - INFO - ==================== 漫画信息 ====================
                                   漫画ID：5c893e4735b667306b187342
                                   标题： 白昼に街中で全裸露出オナニーしちゃうのってきもちいい5——大白天在大街上全裸露出自慰真的好舒服
                                   作者：集団暴力 (むらさき朱)
                                   是否完结：是
                                   总页数：36
                                   分类：短篇,強暴
                                   章节数：1
                                   最后更新时间：2019-03-13T17:30:47.656Z
                                   =================================================
2026-09-02 01:01:29 - mkk_pika - database.py:101 - INFO - 保存成功： 白昼に街中で全裸露出オナニーしちゃうのってきもちいい5——大白天在大街上全裸露出自慰真的好舒服
2026-09-02 01:01:29 - mkk_pika - main.py:35 - INFO - 开始检查(C95) チバセレクション保存版 (クオリディア・コード) 是否存在未下载章节
2026-09-02 01:01:30 - mkk_pika - main.py:45 - INFO - 正在下载:[(C95) チバセレクション保存版 (クオリディア・コード) ]-[不可不可 (関谷 あさみ)]-[['同人', '短篇', '妹妹系']]-[total_pages:46]
2026-09-02 01:01:30 - mkk_pika - main.py:49 - INFO - [{'_id': '5c893e93d73e616ce956264c', 'title': '第1集', 'order': 1, 'updated_at': '2019-03-13T02:00:32.561Z', 'id': '5c893e93d73e616ce956264c'}]
2026-09-02 01:01:30 - mkk_pika - database.py:215 - INFO - 第一次下载该漫画，记录数据库中
2026-09-02 01:01:31 - mkk_pika - main.py:83 - INFO - 找到 46 张图片在:第1集
2026-09-02 01:01:31 - mkk_pika - main.py:112 - INFO - [episode:第1集       ] downloaded:    46, total:  46, progress:100%
2026-09-02 01:01:31 - mkk_pika - database.py:238 - INFO - 数据库更新已下载章节
2026-09-02 01:01:31 - mkk_pika - database.py:244 - INFO - 该漫画已下载章节如下
2026-09-02 01:01:31 - mkk_pika - database.py:245 - INFO - ['第1集']
2026-09-02 01:01:33 - mkk_pika - main.py:348 - INFO - ==================== 漫画信息 ====================
                                   漫画ID：5c893e93d73e616ce956264b
                                   标题：(C95) チバセレクション保存版 (クオリディア・コード) 
                                   作者：不可不可 (関谷 あさみ)
                                   是否完结：是
                                   总页数：46
                                   分类：同人,短篇,妹妹系
                                   章节数：1
                                   最后更新时间：2019-03-13T17:32:03.160Z
                                   =================================================
2026-09-02 01:01:33 - mkk_pika - database.py:101 - INFO - 保存成功：(C95) チバセレクション保存版 (クオリディア・コード) 
2026-09-02 01:01:33 - mkk_pika - main.py:35 - INFO - 开始检查(みみけっと40) きさらぎちゃんはかわいそうじゃない! (アズールレーン)是否存在未下载章节
2026-09-02 01:01:33 - mkk_pika - main.py:45 - INFO - 正在下载:[(みみけっと40) きさらぎちゃんはかわいそうじゃない! (アズールレーン)]-[PiyoPit (ぴよ寺むちゃ)]-[['同人', '短篇', '全彩']]-[total_pages:19]
2026-09-02 01:01:33 - mkk_pika - main.py:49 - INFO - [{'_id': '5c893ef714c7035660bad93a', 'title': '第1集', 'order': 1, 'updated_at': '2019-03-13T02:03:14.229Z', 'id': '5c893ef714c7035660bad93a'}]
2026-09-02 01:01:33 - mkk_pika - database.py:215 - INFO - 第一次下载该漫画，记录数据库中
2026-09-02 01:01:34 - mkk_pika - main.py:83 - INFO - 找到 19 张图片在:第1集
2026-09-02 01:01:34 - mkk_pika - main.py:112 - INFO - [episode:第1集       ] downloaded:    19, total:  19, progress:100%
2026-09-02 01:01:34 - mkk_pika - database.py:238 - INFO - 数据库更新已下载章节
2026-09-02 01:01:34 - mkk_pika - database.py:244 - INFO - 该漫画已下载章节如下
2026-09-02 01:01:34 - mkk_pika - database.py:245 - INFO - ['第1集']
2026-09-02 01:01:35 - mkk_pika - main.py:348 - INFO - ==================== 漫画信息 ====================
                                   漫画ID：5c893ef714c7035660bad939
                                   标题：(みみけっと40) きさらぎちゃんはかわいそうじゃない! (アズールレーン)
                                   作者：PiyoPit (ぴよ寺むちゃ)
                                   是否完结：是
                                   总页数：19
                                   分类：同人,短篇,全彩
                                   章节数：1
                                   最后更新时间：2019-03-13T17:33:43.738Z
                                   =================================================
2026-09-02 01:01:35 - mkk_pika - database.py:101 - INFO - 保存成功：(みみけっと40) きさらぎちゃんはかわいそうじゃない! (アズールレーン)
2026-09-02 01:01:35 - mkk_pika - main.py:35 - INFO - 开始检查悪魔娘監禁日誌4是否存在未下载章节
2026-09-02 01:01:36 - mkk_pika - main.py:45 - INFO - 正在下载:[悪魔娘監禁日誌4]-[はせ☆裕]-[['短篇']]-[total_pages:30]
2026-09-02 01:01:36 - mkk_pika - main.py:49 - INFO - [{'_id': '5c893f14b78b7e30592339e4', 'title': '第1集', 'order': 1, 'updated_at': '2019-03-13T02:08:19.874Z', 'id': '5c893f14b78b7e30592339e4'}]
2026-09-02 01:01:36 - mkk_pika - database.py:215 - INFO - 第一次下载该漫画，记录数据库中
2026-09-02 01:01:36 - mkk_pika - main.py:83 - INFO - 找到 30 张图片在:第1集
2026-09-02 01:01:37 - mkk_pika - main.py:112 - INFO - [episode:第1集       ] downloaded:    30, total:  30, progress:100%
2026-09-02 01:01:37 - mkk_pika - database.py:238 - INFO - 数据库更新已下载章节
2026-09-02 01:01:37 - mkk_pika - database.py:244 - INFO - 该漫画已下载章节如下
2026-09-02 01:01:37 - mkk_pika - database.py:245 - INFO - ['第1集']
2026-09-02 01:01:38 - mkk_pika - main.py:348 - INFO - ==================== 漫画信息 ====================
                                   漫画ID：5c893f14b78b7e30592339e3
                                   标题：悪魔娘監禁日誌4
                                   作者：はせ☆裕
                                   是否完结：是
                                   总页数：30
                                   分类：短篇
                                   章节数：1
                                   最后更新时间：2019-03-13T17:34:12.454Z
                                   =================================================
2026-09-02 01:01:38 - mkk_pika - database.py:101 - INFO - 保存成功：悪魔娘監禁日誌4
2026-09-02 01:01:38 - mkk_pika - main.py:35 - INFO - 开始检查妖狐奇譚 (二次元ドリームマガジン 2019年2月号 Vol.104)是否存在未下载章节
2026-09-02 01:01:38 - mkk_pika - main.py:45 - INFO - 正在下载:[妖狐奇譚 (二次元ドリームマガジン 2019年2月号 Vol.104)]-[ふみひろ]-[['短篇', '非人類']]-[total_pages:20]
2026-09-02 01:01:38 - mkk_pika - main.py:49 - INFO - [{'_id': '5c893f4bb9497270670798c8', 'title': '第1集', 'order': 1, 'updated_at': '2019-03-13T03:06:54.275Z', 'id': '5c893f4bb9497270670798c8'}]
2026-09-02 01:01:38 - mkk_pika - database.py:215 - INFO - 第一次下载该漫画，记录数据库中
2026-09-02 01:01:39 - mkk_pika - main.py:83 - INFO - 找到 20 张图片在:第1集
2026-09-02 01:01:39 - mkk_pika - main.py:112 - INFO - [episode:第1集       ] downloaded:    20, total:  20, progress:100%
2026-09-02 01:01:39 - mkk_pika - database.py:238 - INFO - 数据库更新已下载章节
2026-09-02 01:01:39 - mkk_pika - database.py:244 - INFO - 该漫画已下载章节如下
2026-09-02 01:01:39 - mkk_pika - database.py:245 - INFO - ['第1集']
2026-09-02 01:01:41 - mkk_pika - main.py:348 - INFO - ==================== 漫画信息 ====================
                                   漫画ID：5c893f4bb9497270670798c7
                                   标题：妖狐奇譚 (二次元ドリームマガジン 2019年2月号 Vol.104)
                                   作者：ふみひろ
                                   是否完结：否
                                   总页数：20
                                   分类：短篇,非人類
                                   章节数：1
                                   最后更新时间：2019-03-13T17:35:07.662Z
                                   =================================================
2026-09-02 01:01:41 - mkk_pika - database.py:101 - INFO - 保存成功：妖狐奇譚 (二次元ドリームマガジン 2019年2月号 Vol.104)
2026-09-02 01:01:41 - mkk_pika - main.py:35 - INFO - 开始检查ラブ・マネ (COMIC快楽天 2017年12月号)[無修正]是否存在未下载章节
2026-09-02 01:01:41 - mkk_pika - main.py:45 - INFO - 正在下载:[ラブ・マネ (COMIC快楽天 2017年12月号)[無修正]]-[やんよ]-[['短篇', '純愛', '全彩']]-[total_pages:10]
2026-09-02 01:01:41 - mkk_pika - main.py:49 - INFO - [{'_id': '5c893f8f14c7035660bad956', 'title': '第1集', 'order': 1, 'updated_at': '2019-03-13T10:41:55.857Z', 'id': '5c893f8f14c7035660bad956'}]
2026-09-02 01:01:41 - mkk_pika - database.py:215 - INFO - 第一次下载该漫画，记录数据库中
2026-09-02 01:01:42 - mkk_pika - main.py:83 - INFO - 找到 10 张图片在:第1集
2026-09-02 01:01:42 - mkk_pika - main.py:112 - INFO - [episode:第1集       ] downloaded:    10, total:  10, progress:100%
2026-09-02 01:01:42 - mkk_pika - database.py:238 - INFO - 数据库更新已下载章节
2026-09-02 01:01:42 - mkk_pika - database.py:244 - INFO - 该漫画已下载章节如下
2026-09-02 01:01:42 - mkk_pika - database.py:245 - INFO - ['第1集']
2026-09-02 01:01:43 - mkk_pika - main.py:348 - INFO - ==================== 漫画信息 ====================
                                   漫画ID：5c893f8f14c7035660bad955
                                   标题：ラブ・マネ (COMIC快楽天 2017年12月号)[無修正]
                                   作者：やんよ
                                   是否完结：否
                                   总页数：10
                                   分类：短篇,純愛,全彩
                                   章节数：1
                                   最后更新时间：2019-03-13T17:36:15.366Z
                                   =================================================
2026-09-02 01:01:43 - mkk_pika - database.py:101 - INFO - 保存成功：ラブ・マネ (COMIC快楽天 2017年12月号)[無修正]
2026-09-02 01:01:43 - mkk_pika - main.py:35 - INFO - 开始检查(C95)ルミノシティ22 ご注文はココアさんです。 (ご注文はうさぎですか)是否存在未下载章节
2026-09-02 01:01:43 - mkk_pika - main.py:45 - INFO - 正在下载:[(C95)ルミノシティ22 ご注文はココアさんです。 (ご注文はうさぎですか)]-[ルミノシティ (かにビーム)]-[['同人', '短篇', '百合花園']]-[total_pages:32]
2026-09-02 01:01:43 - mkk_pika - main.py:49 - INFO - [{'_id': '5c89405f14c7035660bad965', 'title': '第1集', 'order': 1, 'updated_at': '2019-03-13T13:57:51.818Z', 'id': '5c89405f14c7035660bad965'}]
2026-09-02 01:01:43 - mkk_pika - database.py:215 - INFO - 第一次下载该漫画，记录数据库中
2026-09-02 01:01:44 - mkk_pika - main.py:83 - INFO - 找到 32 张图片在:第1集
2026-09-02 01:01:45 - mkk_pika - main.py:112 - INFO - [episode:第1集       ] downloaded:    32, total:  32, progress:100%
2026-09-02 01:01:45 - mkk_pika - database.py:238 - INFO - 数据库更新已下载章节
2026-09-02 01:01:45 - mkk_pika - database.py:244 - INFO - 该漫画已下载章节如下
2026-09-02 01:01:45 - mkk_pika - database.py:245 - INFO - ['第1集']
2026-09-02 01:01:46 - mkk_pika - main.py:348 - INFO - ==================== 漫画信息 ====================
                                   漫画ID：5c89405f14c7035660bad964
                                   标题：(C95)ルミノシティ22 ご注文はココアさんです。 (ご注文はうさぎですか)
                                   作者：ルミノシティ (かにビーム)
                                   是否完结：否
                                   总页数：32
                                   分类：同人,短篇,百合花園
                                   章节数：1
                                   最后更新时间：2019-03-13T17:39:43.848Z
                                   =================================================
2026-09-02 01:01:46 - mkk_pika - database.py:101 - INFO - 保存成功：(C95)ルミノシティ22 ご注文はココアさんです。 (ご注文はうさぎですか)
2026-09-02 01:01:46 - mkk_pika - main.py:35 - INFO - 开始检查橘さんは優しくて… (コミックゼロス #61)是否存在未下载章节
2026-09-02 01:01:46 - mkk_pika - main.py:45 - INFO - 正在下载:[橘さんは優しくて… (コミックゼロス #61)]-[ぴよぴよ]-[['短篇']]-[total_pages:16]
2026-09-02 01:01:46 - mkk_pika - main.py:49 - INFO - [{'_id': '5c89412114c7035660bad98d', 'title': '第1集', 'order': 1, 'updated_at': '2019-03-13T14:11:23.665Z', 'id': '5c89412114c7035660bad98d'}]
2026-09-02 01:01:46 - mkk_pika - database.py:215 - INFO - 第一次下载该漫画，记录数据库中
2026-09-02 01:01:47 - mkk_pika - main.py:83 - INFO - 找到 16 张图片在:第1集
2026-09-02 01:01:47 - mkk_pika - main.py:112 - INFO - [episode:第1集       ] downloaded:    16, total:  16, progress:100%
2026-09-02 01:01:47 - mkk_pika - database.py:238 - INFO - 数据库更新已下载章节
2026-09-02 01:01:47 - mkk_pika - database.py:244 - INFO - 该漫画已下载章节如下
2026-09-02 01:01:47 - mkk_pika - database.py:245 - INFO - ['第1集']
2026-09-02 01:01:49 - mkk_pika - main.py:348 - INFO - ==================== 漫画信息 ====================
                                   漫画ID：5c89412114c7035660bad98c
                                   标题：橘さんは優しくて… (コミックゼロス #61)
                                   作者：ぴよぴよ
                                   是否完结：否
                                   总页数：16
                                   分类：短篇
                                   章节数：1
                                   最后更新时间：2019-03-13T17:42:57.164Z
                                   =================================================
2026-09-02 01:01:49 - mkk_pika - database.py:101 - INFO - 保存成功：橘さんは優しくて… (コミックゼロス #61)
2026-09-02 01:01:49 - mkk_pika - main.py:35 - INFO - 开始检查ケアのお時間です (COMIC 快楽天ビースト 2019年3月号) [中国翻訳] [DL版]是否存在未下载章节
2026-09-02 01:01:49 - mkk_pika - main.py:45 - INFO - 正在下载:[ケアのお時間です (COMIC 快楽天ビースト 2019年3月号) [中国翻訳] [DL版]]-[ぺい]-[['短篇']]-[total_pages:18]
2026-09-02 01:01:49 - mkk_pika - main.py:49 - INFO - [{'_id': '5c8941359a046b706fb42239', 'title': '第1集', 'order': 1, 'updated_at': '2019-03-13T16:50:03.247Z', 'id': '5c8941359a046b706fb42239'}]
2026-09-02 01:01:49 - mkk_pika - database.py:215 - INFO - 第一次下载该漫画，记录数据库中
2026-09-02 01:01:50 - mkk_pika - main.py:83 - INFO - 找到 18 张图片在:第1集
2026-09-02 01:01:50 - mkk_pika - main.py:112 - INFO - [episode:第1集       ] downloaded:    18, total:  18, progress:100%
2026-09-02 01:01:50 - mkk_pika - database.py:238 - INFO - 数据库更新已下载章节
2026-09-02 01:01:50 - mkk_pika - database.py:244 - INFO - 该漫画已下载章节如下
2026-09-02 01:01:50 - mkk_pika - database.py:245 - INFO - ['第1集']
2026-09-02 01:01:51 - mkk_pika - main.py:348 - INFO - ==================== 漫画信息 ====================
                                   漫画ID：5c8941359a046b706fb42238
                                   标题：ケアのお時間です (COMIC 快楽天ビースト 2019年3月号) [中国翻訳] [DL版]
                                   作者：ぺい
                                   是否完结：是
                                   总页数：18
                                   分类：短篇
                                   章节数：1
                                   最后更新时间：2019-03-13T17:43:17.237Z
                                   =================================================
2026-09-02 01:01:51 - mkk_pika - database.py:101 - INFO - 保存成功：ケアのお時間です (COMIC 快楽天ビースト 2019年3月号) [中国翻訳] [DL版]
2026-09-02 01:01:51 - mkk_pika - main.py:35 - INFO - 开始检查(C95)  びしょうじょサイキッカー大脱出! (アイドルマスター シンデレラガールズ) [中国翻訳]是否存在未下载章节
2026-09-02 01:01:52 - mkk_pika - main.py:45 - INFO - 正在下载:[(C95)  びしょうじょサイキッカー大脱出! (アイドルマスター シンデレラガールズ) [中国翻訳]]-[蒼海☆フッ素 (ふみぅ)]-[['短篇', '同人', 'SM', '純愛']]-[total_pages:27]
2026-09-02 01:01:52 - mkk_pika - main.py:49 - INFO - [{'_id': '5c89414914c7035660bad99f', 'title': '第1集', 'order': 1, 'updated_at': '2019-03-13T16:45:33.645Z', 'id': '5c89414914c7035660bad99f'}]
2026-09-02 01:01:52 - mkk_pika - database.py:215 - INFO - 第一次下载该漫画，记录数据库中
2026-09-02 01:01:52 - mkk_pika - main.py:83 - INFO - 找到 27 张图片在:第1集
2026-09-02 01:01:53 - mkk_pika - main.py:112 - INFO - [episode:第1集       ] downloaded:    27, total:  27, progress:100%
2026-09-02 01:01:53 - mkk_pika - database.py:238 - INFO - 数据库更新已下载章节
2026-09-02 01:01:53 - mkk_pika - database.py:244 - INFO - 该漫画已下载章节如下
2026-09-02 01:01:53 - mkk_pika - database.py:245 - INFO - ['第1集']
2026-09-02 01:01:54 - mkk_pika - main.py:348 - INFO - ==================== 漫画信息 ====================
                                   漫画ID：5c89414914c7035660bad99e
                                   标题：(C95)  びしょうじょサイキッカー大脱出! (アイドルマスター シンデレラガールズ) [中国翻訳]
                                   作者：蒼海☆フッ素 (ふみぅ)
                                   是否完结：是
                                   总页数：27
                                   分类：短篇,同人,SM,純愛
                                   章节数：1
                                   最后更新时间：2019-03-13T17:43:37.212Z
                                   =================================================
2026-09-02 01:01:54 - mkk_pika - database.py:101 - INFO - 保存成功：(C95)  びしょうじょサイキッカー大脱出! (アイドルマスター シンデレラガールズ) [中国翻訳]
2026-09-02 01:01:54 - mkk_pika - main.py:35 - INFO - 开始检查ダブルサキュバスの搾精風俗へようこそ!是否存在未下载章节
2026-09-02 01:01:54 - mkk_pika - main.py:45 - INFO - 正在下载:[ダブルサキュバスの搾精風俗へようこそ!]-[俺だけが得する音声工房 (高月柊也)]-[['短篇', '後宮閃光', '非人類']]-[total_pages:27]
2026-09-02 01:01:54 - mkk_pika - main.py:49 - INFO - [{'_id': '5c89416126e04a6cafdc260d', 'title': '第1集', 'order': 1, 'updated_at': '2019-03-13T16:58:22.000Z', 'id': '5c89416126e04a6cafdc260d'}]
2026-09-02 01:01:54 - mkk_pika - database.py:215 - INFO - 第一次下载该漫画，记录数据库中
2026-09-02 01:01:55 - mkk_pika - main.py:83 - INFO - 找到 27 张图片在:第1集
2026-09-02 01:01:55 - mkk_pika - main.py:112 - INFO - [episode:第1集       ] downloaded:    27, total:  27, progress:100%
2026-09-02 01:01:55 - mkk_pika - database.py:238 - INFO - 数据库更新已下载章节
2026-09-02 01:01:55 - mkk_pika - database.py:244 - INFO - 该漫画已下载章节如下
2026-09-02 01:01:55 - mkk_pika - database.py:245 - INFO - ['第1集']
2026-09-02 01:01:57 - mkk_pika - main.py:348 - INFO - ==================== 漫画信息 ====================
                                   漫画ID：5c89416126e04a6cafdc260c
                                   标题：ダブルサキュバスの搾精風俗へようこそ!
                                   作者：俺だけが得する音声工房 (高月柊也)
                                   是否完结：是
                                   总页数：27
                                   分类：短篇,後宮閃光,非人類
                                   章节数：1
                                   最后更新时间：2019-03-13T17:44:01.162Z
                                   =================================================
2026-09-02 01:01:57 - mkk_pika - database.py:101 - INFO - 保存成功：ダブルサキュバスの搾精風俗へようこそ!
2026-09-02 01:01:57 - mkk_pika - main.py:35 - INFO - 开始检查チノちゃんに叱られる (ご注文はうさぎですか)是否存在未下载章节
2026-09-02 01:01:57 - mkk_pika - main.py:45 - INFO - 正在下载:[チノちゃんに叱られる (ご注文はうさぎですか)]-[まっさら (佐倉まさち)]-[['短篇', '同人', '純愛', '百合花園']]-[total_pages:26]
2026-09-02 01:01:57 - mkk_pika - main.py:49 - INFO - [{'_id': '5c89416fa1430c5634c86507', 'title': '第1集', 'order': 1, 'updated_at': '2019-03-13T17:05:33.185Z', 'id': '5c89416fa1430c5634c86507'}]
2026-09-02 01:01:57 - mkk_pika - database.py:215 - INFO - 第一次下载该漫画，记录数据库中
2026-09-02 01:01:58 - mkk_pika - main.py:83 - INFO - 找到 26 张图片在:第1集
2026-09-02 01:01:58 - mkk_pika - main.py:112 - INFO - [episode:第1集       ] downloaded:    26, total:  26, progress:100%
2026-09-02 01:01:58 - mkk_pika - database.py:238 - INFO - 数据库更新已下载章节
2026-09-02 01:01:58 - mkk_pika - database.py:244 - INFO - 该漫画已下载章节如下
2026-09-02 01:01:58 - mkk_pika - database.py:245 - INFO - ['第1集']
2026-09-02 01:02:00 - mkk_pika - main.py:348 - INFO - ==================== 漫画信息 ====================
                                   漫画ID：5c89416fa1430c5634c86506
                                   标题：チノちゃんに叱られる (ご注文はうさぎですか)
                                   作者：まっさら (佐倉まさち)
                                   是否完结：是
                                   总页数：26
                                   分类：短篇,同人,純愛,百合花園
                                   章节数：1
                                   最后更新时间：2019-03-13T17:44:15.161Z
                                   =================================================
2026-09-02 01:02:00 - mkk_pika - database.py:101 - INFO - 保存成功：チノちゃんに叱られる (ご注文はうさぎですか)
2026-09-02 01:02:00 - mkk_pika - main.py:35 - INFO - 开始检查アブノーマル乙女倶楽部 不正常的變態乙女俱樂部是否存在未下载章节
2026-09-02 01:02:00 - mkk_pika - main.py:45 - INFO - 正在下载:[アブノーマル乙女倶楽部 不正常的變態乙女俱樂部]-[コネズ]-[['長篇', '純愛', '單行本', '後宮閃光', '姐姐系', '妹妹系', 'SM', '人妻', 'NTR', '強暴']]-[total_pages:212]
2026-09-02 01:02:00 - mkk_pika - main.py:49 - INFO - [{'_id': '5c89417ea1430c5634c86523', 'title': '反差萌社保的單行本', 'order': 1, 'updated_at': '2019-03-08T14:58:38.271Z', 'id': '5c89417ea1430c5634c86523'}]
2026-09-02 01:02:00 - mkk_pika - database.py:215 - INFO - 第一次下载该漫画，记录数据库中
2026-09-02 01:02:02 - mkk_pika - main.py:83 - INFO - 找到 212 张图片在:反差萌社保的單行本
2026-09-02 01:02:06 - mkk_pika - main.py:112 - INFO - [episode:反差萌社保的單行本 ] downloaded:   212, total: 212, progress:100%
2026-09-02 01:02:06 - mkk_pika - database.py:238 - INFO - 数据库更新已下载章节
2026-09-02 01:02:06 - mkk_pika - database.py:244 - INFO - 该漫画已下载章节如下
2026-09-02 01:02:06 - mkk_pika - database.py:245 - INFO - ['反差萌社保的單行本']
2026-09-02 01:02:07 - mkk_pika - main.py:348 - INFO - ==================== 漫画信息 ====================
                                   漫画ID：5c89417ea1430c5634c86522
                                   标题：アブノーマル乙女倶楽部 不正常的變態乙女俱樂部
                                   作者：コネズ
                                   是否完结：是
                                   总页数：212
                                   分类：長篇,純愛,單行本,後宮閃光,姐姐系,妹妹系,SM,人妻,NTR,強暴
                                   章节数：1
                                   最后更新时间：2019-03-13T17:44:30.466Z
                                   =================================================
2026-09-02 01:02:07 - mkk_pika - database.py:101 - INFO - 保存成功：アブノーマル乙女倶楽部 不正常的變態乙女俱樂部
2026-09-02 01:02:07 - mkk_pika - main.py:35 - INFO - 开始检查オレの同期が♀だったらしい (ハンター×ハンター)是否存在未下载章节
2026-09-02 01:02:08 - mkk_pika - main.py:45 - INFO - 正在下载:[オレの同期が♀だったらしい (ハンター×ハンター)]-[猛茸大収穫祭 (越後屋タケル)]-[['同人', '短篇', '性轉換']]-[total_pages:29]
2026-09-02 01:02:08 - mkk_pika - main.py:49 - INFO - [{'_id': '5c8941b22f2937708d284532', 'title': '第1集', 'order': 1, 'updated_at': '2019-03-13T17:10:17.689Z', 'id': '5c8941b22f2937708d284532'}]
2026-09-02 01:02:08 - mkk_pika - database.py:215 - INFO - 第一次下载该漫画，记录数据库中
2026-09-02 01:02:08 - mkk_pika - main.py:83 - INFO - 找到 29 张图片在:第1集
2026-09-02 01:02:09 - mkk_pika - main.py:112 - INFO - [episode:第1集       ] downloaded:    29, total:  29, progress:100%
2026-09-02 01:02:09 - mkk_pika - database.py:238 - INFO - 数据库更新已下载章节
2026-09-02 01:02:09 - mkk_pika - database.py:244 - INFO - 该漫画已下载章节如下
2026-09-02 01:02:09 - mkk_pika - database.py:245 - INFO - ['第1集']
2026-09-02 01:02:10 - mkk_pika - main.py:348 - INFO - ==================== 漫画信息 ====================
                                   漫画ID：5c8941b22f2937708d284531
                                   标题：オレの同期が♀だったらしい (ハンター×ハンター)
                                   作者：猛茸大収穫祭 (越後屋タケル)
                                   是否完结：是
                                   总页数：29
                                   分类：同人,短篇,性轉換
                                   章节数：1
                                   最后更新时间：2019-03-13T17:45:22.140Z
                                   =================================================
2026-09-02 01:02:10 - mkk_pika - database.py:101 - INFO - 保存成功：オレの同期が♀だったらしい (ハンター×ハンター)
2026-09-02 01:02:10 - mkk_pika - main.py:35 - INFO - 开始检查おしえて!みかんせんぱいっ (To LOVEる -とらぶる-)是否存在未下载章节
2026-09-02 01:02:10 - mkk_pika - main.py:45 - INFO - 正在下载:[おしえて!みかんせんぱいっ (To LOVEる -とらぶる-)]-[40010壱号 (40010試作型）]-[['嗶咔漢化', '同人', '短篇']]-[total_pages:26]
2026-09-02 01:02:10 - mkk_pika - main.py:49 - INFO - [{'_id': '5c8941bbb9497270670798e2', 'title': '第1集', 'order': 1, 'updated_at': '2019-03-13T13:24:00.373Z', 'id': '5c8941bbb9497270670798e2'}]
2026-09-02 01:02:10 - mkk_pika - database.py:215 - INFO - 第一次下载该漫画，记录数据库中
2026-09-02 01:02:11 - mkk_pika - main.py:83 - INFO - 找到 26 张图片在:第1集
2026-09-02 01:02:11 - mkk_pika - main.py:112 - INFO - [episode:第1集       ] downloaded:    26, total:  26, progress:100%
2026-09-02 01:02:11 - mkk_pika - database.py:238 - INFO - 数据库更新已下载章节
2026-09-02 01:02:11 - mkk_pika - database.py:244 - INFO - 该漫画已下载章节如下
2026-09-02 01:02:11 - mkk_pika - database.py:245 - INFO - ['第1集']
2026-09-02 01:02:13 - mkk_pika - main.py:348 - INFO - ==================== 漫画信息 ====================
                                   漫画ID：5c8941bbb9497270670798e1
                                   标题：おしえて!みかんせんぱいっ (To LOVEる -とらぶる-)
                                   作者：40010壱号 (40010試作型）
                                   是否完结：否
                                   总页数：26
                                   分类：嗶咔漢化,同人,短篇
                                   章节数：1
                                   最后更新时间：2019-03-13T17:45:31.826Z
                                   =================================================
2026-09-02 01:02:13 - mkk_pika - database.py:101 - INFO - 保存成功：おしえて!みかんせんぱいっ (To LOVEる -とらぶる-)
2026-09-02 01:02:13 - mkk_pika - main.py:35 - INFO - 开始检查(C95) 天賦のえっちEX (Fate/Grand Order) 是否存在未下载章节
2026-09-02 01:02:13 - mkk_pika - main.py:45 - INFO - 正在下载:[(C95) 天賦のえっちEX (Fate/Grand Order) ]-[あのんの大洪水伝説 (あのん2億年)]-[['同人', '短篇', 'Fate']]-[total_pages:22]
2026-09-02 01:02:13 - mkk_pika - main.py:49 - INFO - [{'_id': '5c8a1a96633a456cdee70429', 'title': '第1集', 'order': 1, 'updated_at': '2019-03-14T02:02:44.960Z', 'id': '5c8a1a96633a456cdee70429'}]
2026-09-02 01:02:13 - mkk_pika - database.py:215 - INFO - 第一次下载该漫画，记录数据库中
2026-09-02 01:02:14 - mkk_pika - main.py:83 - INFO - 找到 22 张图片在:第1集
2026-09-02 01:02:14 - mkk_pika - main.py:112 - INFO - [episode:第1集       ] downloaded:    22, total:  22, progress:100%
2026-09-02 01:02:14 - mkk_pika - database.py:238 - INFO - 数据库更新已下载章节
2026-09-02 01:02:14 - mkk_pika - database.py:244 - INFO - 该漫画已下载章节如下
2026-09-02 01:02:14 - mkk_pika - database.py:245 - INFO - ['第1集']
2026-09-02 01:02:15 - mkk_pika - main.py:348 - INFO - ==================== 漫画信息 ====================
                                   漫画ID：5c8a1a95633a456cdee70428
                                   标题：(C95) 天賦のえっちEX (Fate/Grand Order) 
                                   作者：あのんの大洪水伝説 (あのん2億年)
                                   是否完结：是
                                   总页数：22
                                   分类：同人,短篇,Fate
                                   章节数：1
                                   最后更新时间：2019-03-14T09:10:45.985Z
                                   =================================================
2026-09-02 01:02:15 - mkk_pika - database.py:101 - INFO - 保存成功：(C95) 天賦のえっちEX (Fate/Grand Order) 
2026-09-02 01:02:15 - mkk_pika - main.py:35 - INFO - 开始检查(C95) 酒乱のギャルにヤらせてもらう本 (アイドルマスター シンデレラガールズ)是否存在未下载章节
2026-09-02 01:02:16 - mkk_pika - main.py:45 - INFO - 正在下载:[(C95) 酒乱のギャルにヤらせてもらう本 (アイドルマスター シンデレラガールズ)]-[grand-slum (キュアスラム)]-[['同人', '短篇']]-[total_pages:32]
2026-09-02 01:02:16 - mkk_pika - main.py:49 - INFO - [{'_id': '5c8a1af226e04a6cafdc27da', 'title': '第1集', 'order': 1, 'updated_at': '2019-03-14T02:11:18.845Z', 'id': '5c8a1af226e04a6cafdc27da'}]
2026-09-02 01:02:16 - mkk_pika - database.py:215 - INFO - 第一次下载该漫画，记录数据库中
2026-09-02 01:02:16 - mkk_pika - main.py:83 - INFO - 找到 32 张图片在:第1集
2026-09-02 01:02:17 - mkk_pika - main.py:112 - INFO - [episode:第1集       ] downloaded:    32, total:  32, progress:100%
2026-09-02 01:02:17 - mkk_pika - database.py:238 - INFO - 数据库更新已下载章节
2026-09-02 01:02:17 - mkk_pika - database.py:244 - INFO - 该漫画已下载章节如下
2026-09-02 01:02:17 - mkk_pika - database.py:245 - INFO - ['第1集']
2026-09-02 01:02:18 - mkk_pika - main.py:348 - INFO - ==================== 漫画信息 ====================
                                   漫画ID：5c8a1af226e04a6cafdc27d9
                                   标题：(C95) 酒乱のギャルにヤらせてもらう本 (アイドルマスター シンデレラガールズ)
                                   作者：grand-slum (キュアスラム)
                                   是否完结：是
                                   总页数：32
                                   分类：同人,短篇
                                   章节数：1
                                   最后更新时间：2019-03-14T09:12:18.184Z
                                   =================================================
2026-09-02 01:02:18 - mkk_pika - database.py:101 - INFO - 保存成功：(C95) 酒乱のギャルにヤらせてもらう本 (アイドルマスター シンデレラガールズ)
2026-09-02 01:02:18 - mkk_pika - main.py:35 - INFO - 开始检查向日葵カノジョ 向日葵少女是否存在未下载章节
2026-09-02 01:02:19 - mkk_pika - main.py:45 - INFO - 正在下载:[向日葵カノジョ 向日葵少女]-[中乃空]-[['長篇', 'SM', '妹妹系', '姐姐系', '單行本', '足の恋']]-[total_pages:200]
2026-09-02 01:02:19 - mkk_pika - main.py:49 - INFO - [{'_id': '5c8a57f30c639d3070fd04bb', 'title': '向日葵少女的單行本', 'order': 1, 'updated_at': '2019-03-14T11:46:10.591Z', 'id': '5c8a57f30c639d3070fd04bb'}]
2026-09-02 01:02:19 - mkk_pika - database.py:215 - INFO - 第一次下载该漫画，记录数据库中
2026-09-02 01:02:20 - mkk_pika - main.py:83 - INFO - 找到 200 张图片在:向日葵少女的單行本
2026-09-02 01:02:24 - mkk_pika - main.py:112 - INFO - [episode:向日葵少女的單行本 ] downloaded:   200, total: 200, progress:100%
2026-09-02 01:02:24 - mkk_pika - database.py:238 - INFO - 数据库更新已下载章节
2026-09-02 01:02:24 - mkk_pika - database.py:244 - INFO - 该漫画已下载章节如下
2026-09-02 01:02:24 - mkk_pika - database.py:245 - INFO - ['向日葵少女的單行本']
2026-09-02 01:02:25 - mkk_pika - main.py:348 - INFO - ==================== 漫画信息 ====================
                                   漫画ID：5c8a57f30c639d3070fd04ba
                                   标题：向日葵カノジョ 向日葵少女
                                   作者：中乃空
                                   是否完结：是
                                   总页数：200
                                   分类：長篇,SM,妹妹系,姐姐系,單行本,足の恋
                                   章节数：1
                                   最后更新时间：2019-03-14T13:32:35.221Z
                                   =================================================
2026-09-02 01:02:25 - mkk_pika - database.py:101 - INFO - 保存成功：向日葵カノジョ 向日葵少女
2026-09-02 01:02:25 - mkk_pika - main.py:35 - INFO - 开始检查狂愛ネクロマンサー是否存在未下载章节
2026-09-02 01:02:26 - mkk_pika - main.py:45 - INFO - 正在下载:[狂愛ネクロマンサー]-[蒼津ウミヒト]-[['短篇', '純愛']]-[total_pages:20]
2026-09-02 01:02:26 - mkk_pika - main.py:49 - INFO - [{'_id': '5c8b0eab9a046b706fb4263c', 'title': '第1集', 'order': 1, 'updated_at': '2019-03-14T10:51:31.105Z', 'id': '5c8b0eab9a046b706fb4263c'}]
2026-09-02 01:02:26 - mkk_pika - database.py:215 - INFO - 第一次下载该漫画，记录数据库中
2026-09-02 01:02:26 - mkk_pika - main.py:83 - INFO - 找到 20 张图片在:第1集
2026-09-02 01:02:27 - mkk_pika - main.py:112 - INFO - [episode:第1集       ] downloaded:    20, total:  20, progress:100%
2026-09-02 01:02:27 - mkk_pika - database.py:238 - INFO - 数据库更新已下载章节
2026-09-02 01:02:27 - mkk_pika - database.py:244 - INFO - 该漫画已下载章节如下
2026-09-02 01:02:27 - mkk_pika - database.py:245 - INFO - ['第1集']
2026-09-02 01:02:28 - mkk_pika - main.py:348 - INFO - ==================== 漫画信息 ====================
                                   漫画ID：5c8b0eab9a046b706fb4263b
                                   标题：狂愛ネクロマンサー
                                   作者：蒼津ウミヒト
                                   是否完结：是
                                   总页数：20
                                   分类：短篇,純愛
                                   章节数：1
                                   最后更新时间：2019-03-15T02:32:11.421Z
                                   =================================================
2026-09-02 01:02:28 - mkk_pika - database.py:101 - INFO - 保存成功：狂愛ネクロマンサー
2026-09-02 01:02:28 - mkk_pika - main.py:35 - INFO - 开始检查会員制性汗開発フィットネス是否存在未下载章节
2026-09-02 01:02:28 - mkk_pika - main.py:45 - INFO - 正在下载:[会員制性汗開発フィットネス]-[Rip@Lip (水原優)]-[['短篇', '全彩']]-[total_pages:21]
2026-09-02 01:02:28 - mkk_pika - main.py:49 - INFO - [{'_id': '5c8b0ecd35b667306b187798', 'title': '第1集', 'order': 1, 'updated_at': '2019-03-14T11:06:38.952Z', 'id': '5c8b0ecd35b667306b187798'}]
2026-09-02 01:02:28 - mkk_pika - database.py:215 - INFO - 第一次下载该漫画，记录数据库中
2026-09-02 01:02:29 - mkk_pika - main.py:83 - INFO - 找到 21 张图片在:第1集
2026-09-02 01:02:29 - mkk_pika - main.py:112 - INFO - [episode:第1集       ] downloaded:    21, total:  21, progress:100%
2026-09-02 01:02:29 - mkk_pika - database.py:238 - INFO - 数据库更新已下载章节
2026-09-02 01:02:29 - mkk_pika - database.py:244 - INFO - 该漫画已下载章节如下
2026-09-02 01:02:29 - mkk_pika - database.py:245 - INFO - ['第1集']
2026-09-02 01:02:31 - mkk_pika - main.py:348 - INFO - ==================== 漫画信息 ====================
                                   漫画ID：5c8b0ecd35b667306b187797
                                   标题：会員制性汗開発フィットネス
                                   作者：Rip@Lip (水原優)
                                   是否完结：否
                                   总页数：21
                                   分类：短篇,全彩
                                   章节数：1
                                   最后更新时间：2019-03-15T02:32:45.369Z
                                   =================================================
2026-09-02 01:02:31 - mkk_pika - database.py:101 - INFO - 保存成功：会員制性汗開発フィットネス
2026-09-02 01:02:31 - mkk_pika - main.py:380 - INFO - 本次任务下载完毕
2026-09-02 01:02:31 - mkk_pika - database.py:173 - INFO - 数据库连接已关闭
