2026-08-24 23:30:23 - mkk_pika - main.py:193 - INFO - =======================================================================
2026-08-24 23:30:23 - mkk_pika - database.py:61 - INFO - 表和索引初始化成功
2026-08-24 23:30:23 - mkk_pika - main.py:197 - INFO - 已经累计下载19337本漫画
2026-08-24 23:30:23 - mkk_pika - api.py:87 - INFO - 登录成功
2026-08-24 23:30:24 - mkk_pika - main.py:203 - INFO - 收藏夹共计0本漫画
2026-08-24 23:30:24 - mkk_pika - main.py:206 - INFO - 开始下载收藏夹内未下载内容
2026-08-24 23:30:24 - mkk_pika - main.py:266 - INFO - 收藏夹内容下载完毕
2026-08-24 23:30:24 - mkk_pika - main.py:268 - INFO - 开始下载订阅内容
2026-08-24 23:30:24 - mkk_pika - database.py:258 - INFO - 根据ID查询到标题：萝莉 -> Little Giant! ─〇リ巨乳・低身長巨乳合同 | Little Giant! ─萝莉巨乳・低身高巨乳合同
2026-08-24 23:30:24 - mkk_pika - database.py:101 - INFO - 保存成功：Little Giant! ─〇リ巨乳・低身長巨乳合同 | Little Giant! ─萝莉巨乳・低身高巨乳合同
2026-08-24 23:30:24 - mkk_pika - main.py:273 - INFO - 关键词萝莉找到1本漫画
2026-08-24 23:30:24 - mkk_pika - database.py:258 - INFO - 根据ID查询到标题：蘿莉 -> [Pixiv] Nyako (87118066) part.8（AI）
2026-08-24 23:30:25 - mkk_pika - database.py:101 - INFO - 保存成功：
2026-08-24 23:30:25 - mkk_pika - main.py:273 - INFO - 关键词蘿莉找到0本漫画
2026-08-24 23:30:25 - mkk_pika - main.py:275 - INFO - 订阅内容共计1本漫画
2026-08-24 23:30:25 - mkk_pika - main.py:35 - INFO - 开始检查椿ちゃんとコスプレHする本 | 和椿酱的换装色色本是否存在未下载章节
2026-08-24 23:30:25 - mkk_pika - database.py:203 - INFO - 查询数据库中是否已存在第1話
2026-08-24 23:30:25 - mkk_pika - main.py:51 - INFO - 椿ちゃんとコスプレHする本 | 和椿酱的换装色色本中没有可下载章节
2026-08-24 23:30:25 - mkk_pika - main.py:292 - INFO - ==================== 漫画信息 ====================
                                漫画ID：6a89bc992729844985b1b04c
                                标题：椿ちゃんとコスプレHする本 | 和椿酱的换装色色本
                                作者：吉沢生活 (狐ノ沢)
                                是否完结：是
                                总页数：21
                                分类：短篇,全彩
                                章节数：1
                                最后更新时间：2026-08-22T15:13:29.615Z
                                =================================================
2026-08-24 23:30:25 - mkk_pika - database.py:101 - INFO - 保存成功：椿ちゃんとコスプレHする本 | 和椿酱的换装色色本
2026-08-24 23:30:25 - mkk_pika - main.py:323 - INFO - 订阅内容内容下载完毕
2026-08-24 23:30:25 - mkk_pika - main.py:324 - INFO - 开始分批下载全部章节
2026-08-24 23:30:25 - mkk_pika - database.py:280 - INFO - 表和索引初始化成功
2026-08-24 23:30:26 - mkk_pika - main.py:177 - INFO - 已经下载了1468页，一共7098页，现在开始添加第1469页
2026-08-24 23:30:26 - mkk_pika - database.py:318 - INFO - 保存成功
2026-08-24 23:30:26 - mkk_pika - main.py:177 - INFO - 已经下载了1469页，一共7098页，现在开始添加第1470页
2026-08-24 23:30:27 - mkk_pika - database.py:318 - INFO - 保存成功
2026-08-24 23:30:27 - mkk_pika - main.py:177 - INFO - 已经下载了1470页，一共7098页，现在开始添加第1471页
2026-08-24 23:30:28 - mkk_pika - database.py:318 - INFO - 保存成功
2026-08-24 23:30:28 - mkk_pika - main.py:177 - INFO - 已经下载了1471页，一共7098页，现在开始添加第1472页
2026-08-24 23:30:29 - mkk_pika - database.py:318 - INFO - 保存成功
2026-08-24 23:30:29 - mkk_pika - main.py:177 - INFO - 已经下载了1472页，一共7098页，现在开始添加第1473页
2026-08-24 23:30:29 - mkk_pika - database.py:318 - INFO - 保存成功
2026-08-24 23:30:29 - mkk_pika - main.py:331 - INFO - 分批下载共计34本漫画
2026-08-24 23:30:29 - mkk_pika - main.py:35 - INFO - 开始检查えらんで茜ちゃん (VOICEROID)是否存在未下载章节
2026-08-24 23:30:30 - mkk_pika - main.py:45 - INFO - 正在下载:[えらんで茜ちゃん (VOICEROID)]-[みるくプリン (ジャムしぃ)]-[['短篇', '純愛', '姐姐系', '百合花園']]-[total_pages:21]
2026-08-24 23:30:30 - mkk_pika - main.py:49 - INFO - [{'_id': '5c711332c49b251117a37c28', 'title': '第1集', 'order': 1, 'updated_at': '2019-02-23T02:29:02.824Z', 'id': '5c711332c49b251117a37c28'}]
2026-08-24 23:30:30 - mkk_pika - database.py:215 - INFO - 第一次下载该漫画，记录数据库中
2026-08-24 23:30:31 - mkk_pika - main.py:83 - INFO - 找到 21 张图片在:第1集
2026-08-24 23:30:31 - mkk_pika - main.py:112 - INFO - [episode:第1集       ] downloaded:    21, total:  21, progress:100%
2026-08-24 23:30:31 - mkk_pika - database.py:238 - INFO - 数据库更新已下载章节
2026-08-24 23:30:31 - mkk_pika - database.py:244 - INFO - 该漫画已下载章节如下
2026-08-24 23:30:31 - mkk_pika - database.py:245 - INFO - ['第1集']
2026-08-24 23:30:32 - mkk_pika - main.py:348 - INFO - ==================== 漫画信息 ====================
                                   漫画ID：5c711332c49b251117a37c27
                                   标题：えらんで茜ちゃん (VOICEROID)
                                   作者：みるくプリン (ジャムしぃ)
                                   是否完结：是
                                   总页数：21
                                   分类：短篇,純愛,姐姐系,百合花園
                                   章节数：1
                                   最后更新时间：2019-02-23T09:32:34.111Z
                                   =================================================
2026-08-24 23:30:32 - mkk_pika - database.py:101 - INFO - 保存成功：えらんで茜ちゃん (VOICEROID)
2026-08-24 23:30:32 - mkk_pika - main.py:35 - INFO - 开始检查Triple Docking! ch.1是否存在未下载章节
2026-08-24 23:30:33 - mkk_pika - main.py:45 - INFO - 正在下载:[Triple Docking! ch.1]-[ブッチャーU]-[['短篇', '純愛']]-[total_pages:23]
2026-08-24 23:30:33 - mkk_pika - main.py:49 - INFO - [{'_id': '5c7113cc1dfd977895499784', 'title': '第1集', 'order': 1, 'updated_at': '2019-02-23T02:37:16.590Z', 'id': '5c7113cc1dfd977895499784'}]
2026-08-24 23:30:33 - mkk_pika - database.py:215 - INFO - 第一次下载该漫画，记录数据库中
2026-08-24 23:30:34 - mkk_pika - main.py:83 - INFO - 找到 23 张图片在:第1集
2026-08-24 23:30:34 - mkk_pika - main.py:112 - INFO - [episode:第1集       ] downloaded:    23, total:  23, progress:100%
2026-08-24 23:30:34 - mkk_pika - database.py:238 - INFO - 数据库更新已下载章节
2026-08-24 23:30:34 - mkk_pika - database.py:244 - INFO - 该漫画已下载章节如下
2026-08-24 23:30:34 - mkk_pika - database.py:245 - INFO - ['第1集']
2026-08-24 23:30:35 - mkk_pika - main.py:348 - INFO - ==================== 漫画信息 ====================
                                   漫画ID：5c7113cc1dfd977895499783
                                   标题：Triple Docking! ch.1
                                   作者：ブッチャーU
                                   是否完结：是
                                   总页数：23
                                   分类：短篇,純愛
                                   章节数：1
                                   最后更新时间：2019-02-23T09:35:08.762Z
                                   =================================================
2026-08-24 23:30:35 - mkk_pika - database.py:101 - INFO - 保存成功：Triple Docking! ch.1
2026-08-24 23:30:35 - mkk_pika - main.py:35 - INFO - 开始检查自販機横の忠犬是否存在未下载章节
2026-08-24 23:30:36 - mkk_pika - main.py:45 - INFO - 正在下载:[自販機横の忠犬]-[文雅]-[['短篇', '純愛']]-[total_pages:18]
2026-08-24 23:30:36 - mkk_pika - main.py:49 - INFO - [{'_id': '5c71140f939410787059d74a', 'title': '第1集', 'order': 1, 'updated_at': '2019-02-23T02:54:21.438Z', 'id': '5c71140f939410787059d74a'}]
2026-08-24 23:30:36 - mkk_pika - database.py:215 - INFO - 第一次下载该漫画，记录数据库中
2026-08-24 23:30:36 - mkk_pika - main.py:83 - INFO - 找到 18 张图片在:第1集
2026-08-24 23:30:37 - mkk_pika - main.py:112 - INFO - [episode:第1集       ] downloaded:    18, total:  18, progress:100%
2026-08-24 23:30:37 - mkk_pika - database.py:238 - INFO - 数据库更新已下载章节
2026-08-24 23:30:37 - mkk_pika - database.py:244 - INFO - 该漫画已下载章节如下
2026-08-24 23:30:37 - mkk_pika - database.py:245 - INFO - ['第1集']
2026-08-24 23:30:38 - mkk_pika - main.py:348 - INFO - ==================== 漫画信息 ====================
                                   漫画ID：5c71140f939410787059d749
                                   标题：自販機横の忠犬
                                   作者：文雅
                                   是否完结：是
                                   总页数：18
                                   分类：短篇,純愛
                                   章节数：1
                                   最后更新时间：2019-02-23T09:36:15.949Z
                                   =================================================
2026-08-24 23:30:38 - mkk_pika - database.py:101 - INFO - 保存成功：自販機横の忠犬
2026-08-24 23:30:38 - mkk_pika - main.py:35 - INFO - 开始检查悪魔娘監禁日誌3是否存在未下载章节
2026-08-24 23:30:39 - mkk_pika - main.py:45 - INFO - 正在下载:[悪魔娘監禁日誌3]-[はせ☆裕]-[['短篇']]-[total_pages:18]
2026-08-24 23:30:39 - mkk_pika - main.py:49 - INFO - [{'_id': '5c7114351dfd9778954997a0', 'title': '第1集', 'order': 1, 'updated_at': '2019-02-23T02:42:34.288Z', 'id': '5c7114351dfd9778954997a0'}]
2026-08-24 23:30:39 - mkk_pika - database.py:215 - INFO - 第一次下载该漫画，记录数据库中
2026-08-24 23:30:40 - mkk_pika - main.py:83 - INFO - 找到 18 张图片在:第1集
2026-08-24 23:30:40 - mkk_pika - main.py:112 - INFO - [episode:第1集       ] downloaded:    18, total:  18, progress:100%
2026-08-24 23:30:40 - mkk_pika - database.py:238 - INFO - 数据库更新已下载章节
2026-08-24 23:30:40 - mkk_pika - database.py:244 - INFO - 该漫画已下载章节如下
2026-08-24 23:30:40 - mkk_pika - database.py:245 - INFO - ['第1集']
2026-08-24 23:30:41 - mkk_pika - main.py:348 - INFO - ==================== 漫画信息 ====================
                                   漫画ID：5c7114351dfd97789549979f
                                   标题：悪魔娘監禁日誌3
                                   作者：はせ☆裕
                                   是否完结：是
                                   总页数：18
                                   分类：短篇
                                   章节数：1
                                   最后更新时间：2019-02-23T09:36:53.002Z
                                   =================================================
2026-08-24 23:30:41 - mkk_pika - database.py:101 - INFO - 保存成功：悪魔娘監禁日誌3
2026-08-24 23:30:41 - mkk_pika - main.py:35 - INFO - 开始检查母さんじゃなきゃダメなんだっ CG是否存在未下载章节
2026-08-24 23:30:42 - mkk_pika - main.py:45 - INFO - 正在下载:[母さんじゃなきゃダメなんだっ CG]-[ほーすている]-[['全彩', '短篇', 'NTR', '人妻']]-[total_pages:52]
2026-08-24 23:30:42 - mkk_pika - main.py:49 - INFO - [{'_id': '5c7114c52b8fc811eb4a1e3c', 'title': '第1集', 'order': 1, 'updated_at': '2019-02-23T06:01:18.465Z', 'id': '5c7114c52b8fc811eb4a1e3c'}]
2026-08-24 23:30:42 - mkk_pika - database.py:215 - INFO - 第一次下载该漫画，记录数据库中
2026-08-24 23:30:43 - mkk_pika - main.py:83 - INFO - 找到 52 张图片在:第1集
2026-08-24 23:30:44 - mkk_pika - main.py:112 - INFO - [episode:第1集       ] downloaded:    52, total:  52, progress:100%
2026-08-24 23:30:44 - mkk_pika - database.py:238 - INFO - 数据库更新已下载章节
2026-08-24 23:30:44 - mkk_pika - database.py:244 - INFO - 该漫画已下载章节如下
2026-08-24 23:30:44 - mkk_pika - database.py:245 - INFO - ['第1集']
2026-08-24 23:30:46 - mkk_pika - main.py:348 - INFO - ==================== 漫画信息 ====================
                                   漫画ID：5c7114c52b8fc811eb4a1e3b
                                   标题：母さんじゃなきゃダメなんだっ CG
                                   作者：ほーすている
                                   是否完结：是
                                   总页数：52
                                   分类：全彩,短篇,NTR,人妻
                                   章节数：1
                                   最后更新时间：2019-02-23T09:39:17.665Z
                                   =================================================
2026-08-24 23:30:46 - mkk_pika - database.py:101 - INFO - 保存成功：母さんじゃなきゃダメなんだっ CG
2026-08-24 23:30:46 - mkk_pika - main.py:35 - INFO - 开始检查回到家中有伊莉雅在——家に帰ればイリヤが居るや是否存在未下载章节
2026-08-24 23:30:46 - mkk_pika - main.py:45 - INFO - 正在下载:[回到家中有伊莉雅在——家に帰ればイリヤが居るや]-[ゐるみねゐしょん。 (オガデンモン)]-[['同人', '短篇', 'Fate']]-[total_pages:28]
2026-08-24 23:30:46 - mkk_pika - main.py:49 - INFO - [{'_id': '5c7115632b8fc811eb4a1e74', 'title': '第1集', 'order': 1, 'updated_at': '2019-02-24T09:03:09.194Z', 'id': '5c7115632b8fc811eb4a1e74'}]
2026-08-24 23:30:46 - mkk_pika - database.py:215 - INFO - 第一次下载该漫画，记录数据库中
2026-08-24 23:30:47 - mkk_pika - main.py:83 - INFO - 找到 28 张图片在:第1集
2026-08-24 23:30:47 - mkk_pika - main.py:112 - INFO - [episode:第1集       ] downloaded:    28, total:  28, progress:100%
2026-08-24 23:30:47 - mkk_pika - database.py:238 - INFO - 数据库更新已下载章节
2026-08-24 23:30:47 - mkk_pika - database.py:244 - INFO - 该漫画已下载章节如下
2026-08-24 23:30:47 - mkk_pika - database.py:245 - INFO - ['第1集']
2026-08-24 23:30:49 - mkk_pika - main.py:348 - INFO - ==================== 漫画信息 ====================
                                   漫画ID：5c7115632b8fc811eb4a1e73
                                   标题：回到家中有伊莉雅在——家に帰ればイリヤが居るや
                                   作者：ゐるみねゐしょん。 (オガデンモン)
                                   是否完结：是
                                   总页数：28
                                   分类：同人,短篇,Fate
                                   章节数：1
                                   最后更新时间：2019-02-23T09:41:55.380Z
                                   =================================================
2026-08-24 23:30:49 - mkk_pika - database.py:101 - INFO - 保存成功：回到家中有伊莉雅在——家に帰ればイリヤが居るや
2026-08-24 23:30:49 - mkk_pika - main.py:35 - INFO - 开始检查(C75) ヨシュア弄り2 (英雄伝説 空の軌跡)是否存在未下载章节
2026-08-24 23:30:49 - mkk_pika - main.py:45 - INFO - 正在下载:[(C75) ヨシュア弄り2 (英雄伝説 空の軌跡)]-[行脚堂 (しけー)]-[['同人', '短篇']]-[total_pages:26]
2026-08-24 23:30:49 - mkk_pika - main.py:49 - INFO - [{'_id': '5c720a401bea8712202586ed', 'title': '第1集', 'order': 1, 'updated_at': '2019-02-24T03:06:15.023Z', 'id': '5c720a401bea8712202586ed'}]
2026-08-24 23:30:49 - mkk_pika - database.py:215 - INFO - 第一次下载该漫画，记录数据库中
2026-08-24 23:30:50 - mkk_pika - main.py:83 - INFO - 找到 26 张图片在:第1集
2026-08-24 23:30:50 - mkk_pika - main.py:112 - INFO - [episode:第1集       ] downloaded:    26, total:  26, progress:100%
2026-08-24 23:30:50 - mkk_pika - database.py:238 - INFO - 数据库更新已下载章节
2026-08-24 23:30:50 - mkk_pika - database.py:244 - INFO - 该漫画已下载章节如下
2026-08-24 23:30:50 - mkk_pika - database.py:245 - INFO - ['第1集']
2026-08-24 23:30:52 - mkk_pika - main.py:348 - INFO - ==================== 漫画信息 ====================
                                   漫画ID：5c715261939410787059daa7
                                   标题：(C75) ヨシュア弄り2 (英雄伝説 空の軌跡)
                                   作者：行脚堂 (しけー)
                                   是否完结：是
                                   总页数：26
                                   分类：同人,短篇
                                   章节数：1
                                   最后更新时间：2019-02-23T14:02:09.949Z
                                   =================================================
2026-08-24 23:30:52 - mkk_pika - database.py:101 - INFO - 保存成功：(C75) ヨシュア弄り2 (英雄伝説 空の軌跡)
2026-08-24 23:30:52 - mkk_pika - main.py:35 - INFO - 开始检查堕性イズム 墮落性主義是否存在未下载章节
2026-08-24 23:30:52 - mkk_pika - main.py:45 - INFO - 正在下载:[堕性イズム 墮落性主義]-[可哀想]-[['長篇', '單行本', '純愛', '姐姐系', 'SM', '人妻', 'NTR', '強暴', '非人類']]-[total_pages:203]
2026-08-24 23:30:52 - mkk_pika - main.py:49 - INFO - [{'_id': '5c71592cc49b251117a37ebe', 'title': '墮落的單行本', 'order': 1, 'updated_at': '2019-02-22T10:38:30.463Z', 'id': '5c71592cc49b251117a37ebe'}]
2026-08-24 23:30:52 - mkk_pika - database.py:215 - INFO - 第一次下载该漫画，记录数据库中
2026-08-24 23:30:55 - mkk_pika - main.py:83 - INFO - 找到 203 张图片在:墮落的單行本
2026-08-24 23:30:59 - mkk_pika - main.py:112 - INFO - [episode:墮落的單行本    ] downloaded:   203, total: 203, progress:100%
2026-08-24 23:30:59 - mkk_pika - database.py:238 - INFO - 数据库更新已下载章节
2026-08-24 23:30:59 - mkk_pika - database.py:244 - INFO - 该漫画已下载章节如下
2026-08-24 23:30:59 - mkk_pika - database.py:245 - INFO - ['墮落的單行本']
2026-08-24 23:31:01 - mkk_pika - main.py:348 - INFO - ==================== 漫画信息 ====================
                                   漫画ID：5c71592cc49b251117a37ebd
                                   标题：堕性イズム 墮落性主義
                                   作者：可哀想
                                   是否完结：是
                                   总页数：203
                                   分类：長篇,單行本,純愛,姐姐系,SM,人妻,NTR,強暴,非人類
                                   章节数：1
                                   最后更新时间：2019-02-23T14:31:08.075Z
                                   =================================================
2026-08-24 23:31:01 - mkk_pika - database.py:101 - INFO - 保存成功：堕性イズム 墮落性主義
2026-08-24 23:31:01 - mkk_pika - main.py:35 - INFO - 开始检查(サンクリ42) Extra02 (英雄伝説 空の軌跡)是否存在未下载章节
2026-08-24 23:31:01 - mkk_pika - main.py:45 - INFO - 正在下载:[(サンクリ42) Extra02 (英雄伝説 空の軌跡)]-[ 行脚堂 (しけー)]-[['同人', '短篇']]-[total_pages:11]
2026-08-24 23:31:01 - mkk_pika - main.py:49 - INFO - [{'_id': '5c720031d8619921c2aed8e4', 'title': '第1集', 'order': 1, 'updated_at': '2019-02-23T02:44:42.862Z', 'id': '5c720031d8619921c2aed8e4'}]
2026-08-24 23:31:01 - mkk_pika - database.py:215 - INFO - 第一次下载该漫画，记录数据库中
2026-08-24 23:31:02 - mkk_pika - main.py:83 - INFO - 找到 11 张图片在:第1集
2026-08-24 23:31:02 - mkk_pika - main.py:112 - INFO - [episode:第1集       ] downloaded:    11, total:  11, progress:100%
2026-08-24 23:31:02 - mkk_pika - database.py:238 - INFO - 数据库更新已下载章节
2026-08-24 23:31:02 - mkk_pika - database.py:244 - INFO - 该漫画已下载章节如下
2026-08-24 23:31:02 - mkk_pika - database.py:245 - INFO - ['第1集']
2026-08-24 23:31:03 - mkk_pika - main.py:348 - INFO - ==================== 漫画信息 ====================
                                   漫画ID：5c720031d8619921c2aed8e3
                                   标题：(サンクリ42) Extra02 (英雄伝説 空の軌跡)
                                   作者： 行脚堂 (しけー)
                                   是否完结：否
                                   总页数：11
                                   分类：同人,短篇
                                   章节数：1
                                   最后更新时间：2019-02-24T02:23:45.358Z
                                   =================================================
2026-08-24 23:31:03 - mkk_pika - database.py:101 - INFO - 保存成功：(サンクリ42) Extra02 (英雄伝説 空の軌跡)
2026-08-24 23:31:03 - mkk_pika - main.py:35 - INFO - 开始检查妖怪小料理屋にようこそ ～静岡旅行編～（永遠娘4）是否存在未下载章节
2026-08-24 23:31:04 - mkk_pika - main.py:45 - INFO - 正在下载:[妖怪小料理屋にようこそ ～静岡旅行編～（永遠娘4）]-[あまがえる]-[['短篇', '純愛', '非人類']]-[total_pages:31]
2026-08-24 23:31:04 - mkk_pika - main.py:49 - INFO - [{'_id': '5c720042e5861f1211904f66', 'title': '第1集', 'order': 1, 'updated_at': '2019-02-23T09:32:38.502Z', 'id': '5c720042e5861f1211904f66'}]
2026-08-24 23:31:04 - mkk_pika - database.py:215 - INFO - 第一次下载该漫画，记录数据库中
2026-08-24 23:31:05 - mkk_pika - main.py:83 - INFO - 找到 31 张图片在:第1集
2026-08-24 23:31:05 - mkk_pika - main.py:112 - INFO - [episode:第1集       ] downloaded:    31, total:  31, progress:100%
2026-08-24 23:31:05 - mkk_pika - database.py:238 - INFO - 数据库更新已下载章节
2026-08-24 23:31:05 - mkk_pika - database.py:244 - INFO - 该漫画已下载章节如下
2026-08-24 23:31:05 - mkk_pika - database.py:245 - INFO - ['第1集']
2026-08-24 23:31:07 - mkk_pika - main.py:348 - INFO - ==================== 漫画信息 ====================
                                   漫画ID：5c720042e5861f1211904f65
                                   标题：妖怪小料理屋にようこそ ～静岡旅行編～（永遠娘4）
                                   作者：あまがえる
                                   是否完结：是
                                   总页数：31
                                   分类：短篇,純愛,非人類
                                   章节数：1
                                   最后更新时间：2019-02-24T02:24:02.743Z
                                   =================================================
2026-08-24 23:31:07 - mkk_pika - database.py:101 - INFO - 保存成功：妖怪小料理屋にようこそ ～静岡旅行編～（永遠娘4）
2026-08-24 23:31:07 - mkk_pika - main.py:35 - INFO - 开始检查(COMIC1☆13)だいすき おじょうさま 是否存在未下载章节
2026-08-24 23:31:07 - mkk_pika - main.py:45 - INFO - 正在下载:[(COMIC1☆13)だいすき おじょうさま ]-[ Stella Candy (いずみななせ)]-[['短篇', '全彩', '純愛']]-[total_pages:13]
2026-08-24 23:31:07 - mkk_pika - main.py:49 - INFO - [{'_id': '5c720061f65433786870fad8', 'title': '第1集', 'order': 1, 'updated_at': '2019-02-23T10:12:54.349Z', 'id': '5c720061f65433786870fad8'}]
2026-08-24 23:31:07 - mkk_pika - database.py:215 - INFO - 第一次下载该漫画，记录数据库中
2026-08-24 23:31:08 - mkk_pika - main.py:83 - INFO - 找到 13 张图片在:第1集
2026-08-24 23:31:08 - mkk_pika - main.py:112 - INFO - [episode:第1集       ] downloaded:    13, total:  13, progress:100%
2026-08-24 23:31:08 - mkk_pika - database.py:238 - INFO - 数据库更新已下载章节
2026-08-24 23:31:08 - mkk_pika - database.py:244 - INFO - 该漫画已下载章节如下
2026-08-24 23:31:08 - mkk_pika - database.py:245 - INFO - ['第1集']
2026-08-24 23:31:10 - mkk_pika - main.py:348 - INFO - ==================== 漫画信息 ====================
                                   漫画ID：5c720061f65433786870fad7
                                   标题：(COMIC1☆13)だいすき おじょうさま 
                                   作者： Stella Candy (いずみななせ)
                                   是否完结：是
                                   总页数：13
                                   分类：短篇,全彩,純愛
                                   章节数：1
                                   最后更新时间：2019-02-24T02:24:33.828Z
                                   =================================================
2026-08-24 23:31:10 - mkk_pika - database.py:101 - INFO - 保存成功：(COMIC1☆13)だいすき おじょうさま 
2026-08-24 23:31:10 - mkk_pika - main.py:35 - INFO - 开始检查(C95)君が寝ている間に (東方Project)是否存在未下载章节
2026-08-24 23:31:10 - mkk_pika - main.py:45 - INFO - 正在下载:[(C95)君が寝ている間に (東方Project)]-[山手線 (みれい)]-[['短篇', '同人', '東方', '全彩']]-[total_pages:16]
2026-08-24 23:31:10 - mkk_pika - main.py:49 - INFO - [{'_id': '5c72008c42457b11e31397ba', 'title': '第1集', 'order': 1, 'updated_at': '2019-02-23T11:28:49.646Z', 'id': '5c72008c42457b11e31397ba'}]
2026-08-24 23:31:10 - mkk_pika - database.py:215 - INFO - 第一次下载该漫画，记录数据库中
2026-08-24 23:31:11 - mkk_pika - main.py:83 - INFO - 找到 16 张图片在:第1集
2026-08-24 23:31:11 - mkk_pika - main.py:112 - INFO - [episode:第1集       ] downloaded:    16, total:  16, progress:100%
2026-08-24 23:31:11 - mkk_pika - database.py:238 - INFO - 数据库更新已下载章节
2026-08-24 23:31:11 - mkk_pika - database.py:244 - INFO - 该漫画已下载章节如下
2026-08-24 23:31:11 - mkk_pika - database.py:245 - INFO - ['第1集']
2026-08-24 23:31:12 - mkk_pika - main.py:348 - INFO - ==================== 漫画信息 ====================
                                   漫画ID：5c72008c42457b11e31397b9
                                   标题：(C95)君が寝ている間に (東方Project)
                                   作者：山手線 (みれい)
                                   是否完结：是
                                   总页数：16
                                   分类：短篇,同人,東方,全彩
                                   章节数：1
                                   最后更新时间：2019-02-24T02:25:16.744Z
                                   =================================================
2026-08-24 23:31:12 - mkk_pika - database.py:101 - INFO - 保存成功：(C95)君が寝ている間に (東方Project)
2026-08-24 23:31:12 - mkk_pika - main.py:35 - INFO - 开始检查勝手に混浴温泉![無修正]是否存在未下载章节
2026-08-24 23:31:13 - mkk_pika - main.py:45 - INFO - 正在下载:[勝手に混浴温泉![無修正]]-[コンマミオン (沼)]-[['短篇', '後宮閃光']]-[total_pages:24]
2026-08-24 23:31:13 - mkk_pika - main.py:49 - INFO - [{'_id': '5c72009fe5861f1211904f87', 'title': '第1集', 'order': 1, 'updated_at': '2019-02-23T11:35:11.936Z', 'id': '5c72009fe5861f1211904f87'}]
2026-08-24 23:31:13 - mkk_pika - database.py:215 - INFO - 第一次下载该漫画，记录数据库中
2026-08-24 23:31:14 - mkk_pika - main.py:83 - INFO - 找到 24 张图片在:第1集
2026-08-24 23:31:14 - mkk_pika - main.py:112 - INFO - [episode:第1集       ] downloaded:    24, total:  24, progress:100%
2026-08-24 23:31:14 - mkk_pika - database.py:238 - INFO - 数据库更新已下载章节
2026-08-24 23:31:14 - mkk_pika - database.py:244 - INFO - 该漫画已下载章节如下
2026-08-24 23:31:14 - mkk_pika - database.py:245 - INFO - ['第1集']
2026-08-24 23:31:16 - mkk_pika - main.py:348 - INFO - ==================== 漫画信息 ====================
                                   漫画ID：5c72009fe5861f1211904f86
                                   标题：勝手に混浴温泉![無修正]
                                   作者：コンマミオン (沼)
                                   是否完结：是
                                   总页数：24
                                   分类：短篇,後宮閃光
                                   章节数：1
                                   最后更新时间：2019-02-24T02:25:35.803Z
                                   =================================================
2026-08-24 23:31:16 - mkk_pika - database.py:101 - INFO - 保存成功：勝手に混浴温泉![無修正]
2026-08-24 23:31:16 - mkk_pika - main.py:35 - INFO - 开始检查(C95)小窓の開く懺悔室 (シスター・クレア)是否存在未下载章节
2026-08-24 23:31:16 - mkk_pika - main.py:45 - INFO - 正在下载:[(C95)小窓の開く懺悔室 (シスター・クレア)]-[くもがくれ。 (すくも)]-[['短篇', '同人']]-[total_pages:23]
2026-08-24 23:31:16 - mkk_pika - main.py:49 - INFO - [{'_id': '5c72206142457b11e31398c5', 'title': '第1集', 'order': 1, 'updated_at': '2019-02-23T14:36:41.253Z', 'id': '5c72206142457b11e31398c5'}]
2026-08-24 23:31:16 - mkk_pika - database.py:215 - INFO - 第一次下载该漫画，记录数据库中
2026-08-24 23:31:17 - mkk_pika - main.py:83 - INFO - 找到 23 张图片在:第1集
2026-08-24 23:31:17 - mkk_pika - main.py:112 - INFO - [episode:第1集       ] downloaded:    23, total:  23, progress:100%
2026-08-24 23:31:17 - mkk_pika - database.py:238 - INFO - 数据库更新已下载章节
2026-08-24 23:31:17 - mkk_pika - database.py:244 - INFO - 该漫画已下载章节如下
2026-08-24 23:31:17 - mkk_pika - database.py:245 - INFO - ['第1集']
2026-08-24 23:31:19 - mkk_pika - main.py:348 - INFO - ==================== 漫画信息 ====================
                                   漫画ID：5c72206142457b11e31398c4
                                   标题：(C95)小窓の開く懺悔室 (シスター・クレア)
                                   作者：くもがくれ。 (すくも)
                                   是否完结：是
                                   总页数：23
                                   分类：短篇,同人
                                   章节数：1
                                   最后更新时间：2019-02-24T04:41:05.240Z
                                   =================================================
2026-08-24 23:31:19 - mkk_pika - database.py:101 - INFO - 保存成功：(C95)小窓の開く懺悔室 (シスター・クレア)
2026-08-24 23:31:19 - mkk_pika - main.py:35 - INFO - 开始检查巨乳潜水艦祭 (艦隊これくしょん -艦これ-)是否存在未下载章节
2026-08-24 23:31:19 - mkk_pika - main.py:45 - INFO - 正在下载:[巨乳潜水艦祭 (艦隊これくしょん -艦これ-)]-[むじたん (つむじぃ)]-[['短篇', '同人', '艦隊收藏', '後宮閃光']]-[total_pages:21]
2026-08-24 23:31:19 - mkk_pika - main.py:49 - INFO - [{'_id': '5c7220ae1bea87122025892b', 'title': '第1集', 'order': 1, 'updated_at': '2019-02-23T13:59:27.559Z', 'id': '5c7220ae1bea87122025892b'}]
2026-08-24 23:31:19 - mkk_pika - database.py:215 - INFO - 第一次下载该漫画，记录数据库中
2026-08-24 23:31:20 - mkk_pika - main.py:83 - INFO - 找到 21 张图片在:第1集
2026-08-24 23:31:20 - mkk_pika - main.py:112 - INFO - [episode:第1集       ] downloaded:    21, total:  21, progress:100%
2026-08-24 23:31:20 - mkk_pika - database.py:238 - INFO - 数据库更新已下载章节
2026-08-24 23:31:20 - mkk_pika - database.py:244 - INFO - 该漫画已下载章节如下
2026-08-24 23:31:20 - mkk_pika - database.py:245 - INFO - ['第1集']
2026-08-24 23:31:21 - mkk_pika - main.py:348 - INFO - ==================== 漫画信息 ====================
                                   漫画ID：5c7220ae1bea87122025892a
                                   标题：巨乳潜水艦祭 (艦隊これくしょん -艦これ-)
                                   作者：むじたん (つむじぃ)
                                   是否完结：是
                                   总页数：21
                                   分类：短篇,同人,艦隊收藏,後宮閃光
                                   章节数：1
                                   最后更新时间：2019-02-24T04:42:22.538Z
                                   =================================================
2026-08-24 23:31:21 - mkk_pika - database.py:101 - INFO - 保存成功：巨乳潜水艦祭 (艦隊これくしょん -艦これ-)
2026-08-24 23:31:21 - mkk_pika - main.py:35 - INFO - 开始检查ヒナとスミレの変態おっぱい冒険日記(オリジナル)是否存在未下载章节
2026-08-24 23:31:22 - mkk_pika - main.py:45 - INFO - 正在下载:[ヒナとスミレの変態おっぱい冒険日記(オリジナル)]-[774ハウス (774)]-[['短篇', '同人', 'SM']]-[total_pages:31]
2026-08-24 23:31:22 - mkk_pika - main.py:49 - INFO - [{'_id': '5c725d6e1bea871220258cc5', 'title': '第1集', 'order': 1, 'updated_at': '2019-02-23T14:52:48.901Z', 'id': '5c725d6e1bea871220258cc5'}]
2026-08-24 23:31:22 - mkk_pika - database.py:215 - INFO - 第一次下载该漫画，记录数据库中
2026-08-24 23:31:23 - mkk_pika - main.py:83 - INFO - 找到 31 张图片在:第1集
2026-08-24 23:31:23 - mkk_pika - main.py:112 - INFO - [episode:第1集       ] downloaded:    31, total:  31, progress:100%
2026-08-24 23:31:23 - mkk_pika - database.py:238 - INFO - 数据库更新已下载章节
2026-08-24 23:31:23 - mkk_pika - database.py:244 - INFO - 该漫画已下载章节如下
2026-08-24 23:31:23 - mkk_pika - database.py:245 - INFO - ['第1集']
2026-08-24 23:31:25 - mkk_pika - main.py:348 - INFO - ==================== 漫画信息 ====================
                                   漫画ID：5c725d6e1bea871220258cc4
                                   标题：ヒナとスミレの変態おっぱい冒険日記(オリジナル)
                                   作者：774ハウス (774)
                                   是否完结：是
                                   总页数：31
                                   分类：短篇,同人,SM
                                   章节数：1
                                   最后更新时间：2019-02-24T09:01:34.062Z
                                   =================================================
2026-08-24 23:31:25 - mkk_pika - database.py:101 - INFO - 保存成功：ヒナとスミレの変態おっぱい冒険日記(オリジナル)
2026-08-24 23:31:25 - mkk_pika - main.py:35 - INFO - 开始检查ユピエル様の下僕 (永遠娘 壱)是否存在未下载章节
2026-08-24 23:31:25 - mkk_pika - main.py:45 - INFO - 正在下载:[ユピエル様の下僕 (永遠娘 壱)]-[774]-[['短篇', '純愛', '非人類']]-[total_pages:45]
2026-08-24 23:31:25 - mkk_pika - main.py:49 - INFO - [{'_id': '5c725db91dfd97789549a906', 'title': '第1集', 'order': 1, 'updated_at': '2019-02-23T15:36:42.182Z', 'id': '5c725db91dfd97789549a906'}]
2026-08-24 23:31:25 - mkk_pika - database.py:215 - INFO - 第一次下载该漫画，记录数据库中
2026-08-24 23:31:26 - mkk_pika - main.py:83 - INFO - 找到 45 张图片在:第1集
2026-08-24 23:31:27 - mkk_pika - main.py:112 - INFO - [episode:第1集       ] downloaded:    45, total:  45, progress:100%
2026-08-24 23:31:27 - mkk_pika - database.py:238 - INFO - 数据库更新已下载章节
2026-08-24 23:31:27 - mkk_pika - database.py:244 - INFO - 该漫画已下载章节如下
2026-08-24 23:31:27 - mkk_pika - database.py:245 - INFO - ['第1集']
2026-08-24 23:31:29 - mkk_pika - main.py:348 - INFO - ==================== 漫画信息 ====================
                                   漫画ID：5c725db91dfd97789549a905
                                   标题：ユピエル様の下僕 (永遠娘 壱)
                                   作者：774
                                   是否完结：是
                                   总页数：45
                                   分类：短篇,純愛,非人類
                                   章节数：1
                                   最后更新时间：2019-02-24T09:02:49.360Z
                                   =================================================
2026-08-24 23:31:29 - mkk_pika - database.py:101 - INFO - 保存成功：ユピエル様の下僕 (永遠娘 壱)
2026-08-24 23:31:29 - mkk_pika - main.py:35 - INFO - 开始检查(C95)  ラクガキ (Fate Grand Order)是否存在未下载章节
2026-08-24 23:31:29 - mkk_pika - main.py:45 - INFO - 正在下载:[(C95)  ラクガキ (Fate Grand Order)]-[黄金忍者 (ゴールデン)]-[['短篇', '同人', '非人類', 'Fate']]-[total_pages:6]
2026-08-24 23:31:29 - mkk_pika - main.py:49 - INFO - [{'_id': '5c725e5942457b11e3139a98', 'title': '第1集', 'order': 1, 'updated_at': '2019-02-23T17:42:19.035Z', 'id': '5c725e5942457b11e3139a98'}]
2026-08-24 23:31:29 - mkk_pika - database.py:215 - INFO - 第一次下载该漫画，记录数据库中
2026-08-24 23:31:30 - mkk_pika - main.py:83 - INFO - 找到 6 张图片在:第1集
2026-08-24 23:31:30 - mkk_pika - main.py:112 - INFO - [episode:第1集       ] downloaded:     6, total:   6, progress:100%
2026-08-24 23:31:30 - mkk_pika - database.py:238 - INFO - 数据库更新已下载章节
2026-08-24 23:31:30 - mkk_pika - database.py:244 - INFO - 该漫画已下载章节如下
2026-08-24 23:31:30 - mkk_pika - database.py:245 - INFO - ['第1集']
2026-08-24 23:31:31 - mkk_pika - main.py:348 - INFO - ==================== 漫画信息 ====================
                                   漫画ID：5c725e5942457b11e3139a97
                                   标题：(C95)  ラクガキ (Fate Grand Order)
                                   作者：黄金忍者 (ゴールデン)
                                   是否完结：是
                                   总页数：6
                                   分类：短篇,同人,非人類,Fate
                                   章节数：1
                                   最后更新时间：2019-02-24T09:05:29.443Z
                                   =================================================
2026-08-24 23:31:31 - mkk_pika - database.py:101 - INFO - 保存成功：(C95)  ラクガキ (Fate Grand Order)
2026-08-24 23:31:31 - mkk_pika - main.py:35 - INFO - 开始检查(C95)  かがやくみらいなんてなかった2 (HUGっと!プリキュア) [中国翻訳]是否存在未下载章节
2026-08-24 23:31:32 - mkk_pika - main.py:45 - INFO - 正在下载:[(C95)  かがやくみらいなんてなかった2 (HUGっと!プリキュア) [中国翻訳]]-[熟成角砂糖 (sugarBt)]-[['短篇', '同人']]-[total_pages:25]
2026-08-24 23:31:32 - mkk_pika - main.py:49 - INFO - [{'_id': '5c725e815e8c2321baf9d10e', 'title': '第1集', 'order': 1, 'updated_at': '2019-02-23T20:53:20.886Z', 'id': '5c725e815e8c2321baf9d10e'}]
2026-08-24 23:31:32 - mkk_pika - database.py:215 - INFO - 第一次下载该漫画，记录数据库中
2026-08-24 23:31:33 - mkk_pika - main.py:83 - INFO - 找到 25 张图片在:第1集
2026-08-24 23:31:33 - mkk_pika - main.py:112 - INFO - [episode:第1集       ] downloaded:    25, total:  25, progress:100%
2026-08-24 23:31:33 - mkk_pika - database.py:238 - INFO - 数据库更新已下载章节
2026-08-24 23:31:33 - mkk_pika - database.py:244 - INFO - 该漫画已下载章节如下
2026-08-24 23:31:33 - mkk_pika - database.py:245 - INFO - ['第1集']
2026-08-24 23:31:35 - mkk_pika - main.py:348 - INFO - ==================== 漫画信息 ====================
                                   漫画ID：5c725e815e8c2321baf9d10d
                                   标题：(C95)  かがやくみらいなんてなかった2 (HUGっと!プリキュア) [中国翻訳]
                                   作者：熟成角砂糖 (sugarBt)
                                   是否完结：是
                                   总页数：25
                                   分类：短篇,同人
                                   章节数：1
                                   最后更新时间：2019-02-24T09:06:09.514Z
                                   =================================================
2026-08-24 23:31:35 - mkk_pika - database.py:101 - INFO - 保存成功：(C95)  かがやくみらいなんてなかった2 (HUGっと!プリキュア) [中国翻訳]
2026-08-24 23:31:35 - mkk_pika - main.py:35 - INFO - 开始检查(C95) やさしいサキュバスちゃんと3是否存在未下载章节
2026-08-24 23:31:35 - mkk_pika - main.py:45 - INFO - 正在下载:[(C95) やさしいサキュバスちゃんと3]-[graygreed (薄稀)]-[['同人', '短篇']]-[total_pages:27]
2026-08-24 23:31:35 - mkk_pika - main.py:49 - INFO - [{'_id': '5c725ebac49b251117a38c22', 'title': '第1集', 'order': 1, 'updated_at': '2019-02-24T02:48:26.417Z', 'id': '5c725ebac49b251117a38c22'}]
2026-08-24 23:31:35 - mkk_pika - database.py:215 - INFO - 第一次下载该漫画，记录数据库中
2026-08-24 23:31:36 - mkk_pika - main.py:83 - INFO - 找到 27 张图片在:第1集
2026-08-24 23:31:36 - mkk_pika - main.py:112 - INFO - [episode:第1集       ] downloaded:    27, total:  27, progress:100%
2026-08-24 23:31:36 - mkk_pika - database.py:238 - INFO - 数据库更新已下载章节
2026-08-24 23:31:36 - mkk_pika - database.py:244 - INFO - 该漫画已下载章节如下
2026-08-24 23:31:36 - mkk_pika - database.py:245 - INFO - ['第1集']
2026-08-24 23:31:37 - mkk_pika - main.py:348 - INFO - ==================== 漫画信息 ====================
                                   漫画ID：5c725ebac49b251117a38c21
                                   标题：(C95) やさしいサキュバスちゃんと3
                                   作者：graygreed (薄稀)
                                   是否完结：否
                                   总页数：27
                                   分类：同人,短篇
                                   章节数：1
                                   最后更新时间：2019-02-24T09:07:06.955Z
                                   =================================================
2026-08-24 23:31:37 - mkk_pika - database.py:101 - INFO - 保存成功：(C95) やさしいサキュバスちゃんと3
2026-08-24 23:31:37 - mkk_pika - main.py:35 - INFO - 开始检查(コミティア124) あねそらもよう是否存在未下载章节
2026-08-24 23:31:38 - mkk_pika - main.py:45 - INFO - 正在下载:[(コミティア124) あねそらもよう]-[木鈴亭 (木鈴カケル、コウリ)]-[['同人', '短篇', '姐姐系']]-[total_pages:32]
2026-08-24 23:31:38 - mkk_pika - main.py:49 - INFO - [{'_id': '5c725ecce88f0a10da980fab', 'title': '第1集', 'order': 1, 'updated_at': '2019-02-24T02:57:13.950Z', 'id': '5c725ecce88f0a10da980fab'}]
2026-08-24 23:31:38 - mkk_pika - database.py:215 - INFO - 第一次下载该漫画，记录数据库中
2026-08-24 23:31:39 - mkk_pika - main.py:83 - INFO - 找到 32 张图片在:第1集
2026-08-24 23:31:39 - mkk_pika - main.py:112 - INFO - [episode:第1集       ] downloaded:    32, total:  32, progress:100%
2026-08-24 23:31:39 - mkk_pika - database.py:238 - INFO - 数据库更新已下载章节
2026-08-24 23:31:39 - mkk_pika - database.py:244 - INFO - 该漫画已下载章节如下
2026-08-24 23:31:39 - mkk_pika - database.py:245 - INFO - ['第1集']
2026-08-24 23:31:41 - mkk_pika - main.py:348 - INFO - ==================== 漫画信息 ====================
                                   漫画ID：5c725ecce88f0a10da980faa
                                   标题：(コミティア124) あねそらもよう
                                   作者：木鈴亭 (木鈴カケル、コウリ)
                                   是否完结：是
                                   总页数：32
                                   分类：同人,短篇,姐姐系
                                   章节数：1
                                   最后更新时间：2019-02-24T09:07:24.885Z
                                   =================================================
2026-08-24 23:31:41 - mkk_pika - database.py:101 - INFO - 保存成功：(コミティア124) あねそらもよう
2026-08-24 23:31:41 - mkk_pika - main.py:35 - INFO - 开始检查(C94) CITY no.109 アリス編・序是否存在未下载章节
2026-08-24 23:31:41 - mkk_pika - main.py:45 - INFO - 正在下载:[(C94) CITY no.109 アリス編・序]-[正経同人 (As109)]-[['全彩', '短篇']]-[total_pages:42]
2026-08-24 23:31:41 - mkk_pika - main.py:49 - INFO - [{'_id': '5c725edd5e8c2321baf9d12c', 'title': '第1集', 'order': 1, 'updated_at': '2019-02-24T03:11:26.941Z', 'id': '5c725edd5e8c2321baf9d12c'}]
2026-08-24 23:31:41 - mkk_pika - database.py:215 - INFO - 第一次下载该漫画，记录数据库中
2026-08-24 23:31:43 - mkk_pika - main.py:83 - INFO - 找到 42 张图片在:第1集
2026-08-24 23:31:43 - mkk_pika - main.py:112 - INFO - [episode:第1集       ] downloaded:    42, total:  42, progress:100%
2026-08-24 23:31:43 - mkk_pika - database.py:238 - INFO - 数据库更新已下载章节
2026-08-24 23:31:43 - mkk_pika - database.py:244 - INFO - 该漫画已下载章节如下
2026-08-24 23:31:43 - mkk_pika - database.py:245 - INFO - ['第1集']
2026-08-24 23:31:45 - mkk_pika - main.py:348 - INFO - ==================== 漫画信息 ====================
                                   漫画ID：5c725edd5e8c2321baf9d12b
                                   标题：(C94) CITY no.109 アリス編・序
                                   作者：正経同人 (As109)
                                   是否完结：是
                                   总页数：42
                                   分类：全彩,短篇
                                   章节数：1
                                   最后更新时间：2019-02-24T09:07:41.138Z
                                   =================================================
2026-08-24 23:31:45 - mkk_pika - database.py:101 - INFO - 保存成功：(C94) CITY no.109 アリス編・序
2026-08-24 23:31:45 - mkk_pika - main.py:35 - INFO - 开始检查 お姉さんふぇち是否存在未下载章节
2026-08-24 23:31:45 - mkk_pika - main.py:45 - INFO - 正在下载:[ お姉さんふぇち]-[春輝]-[['長篇', '單行本']]-[total_pages:176]
2026-08-24 23:31:45 - mkk_pika - main.py:49 - INFO - [{'_id': '5c725fc9674e61789b510f1d', 'title': '第1集', 'order': 1, 'updated_at': '2019-02-24T04:32:52.762Z', 'id': '5c725fc9674e61789b510f1d'}]
2026-08-24 23:31:45 - mkk_pika - database.py:215 - INFO - 第一次下载该漫画，记录数据库中
2026-08-24 23:31:48 - mkk_pika - main.py:83 - INFO - 找到 237 张图片在:第1集
2026-08-24 23:31:52 - mkk_pika - main.py:112 - INFO - [episode:第1集       ] downloaded:   237, total: 237, progress:100%
2026-08-24 23:31:52 - mkk_pika - database.py:238 - INFO - 数据库更新已下载章节
2026-08-24 23:31:52 - mkk_pika - database.py:244 - INFO - 该漫画已下载章节如下
2026-08-24 23:31:52 - mkk_pika - database.py:245 - INFO - ['第1集']
2026-08-24 23:31:54 - mkk_pika - main.py:348 - INFO - ==================== 漫画信息 ====================
                                   漫画ID：5c725fc9674e61789b510f1c
                                   标题： お姉さんふぇち
                                   作者：春輝
                                   是否完结：是
                                   总页数：176
                                   分类：長篇,單行本
                                   章节数：1
                                   最后更新时间：2019-02-24T09:11:37.496Z
                                   =================================================
2026-08-24 23:31:54 - mkk_pika - database.py:101 - INFO - 保存成功： お姉さんふぇち
2026-08-24 23:31:54 - mkk_pika - main.py:35 - INFO - 开始检查○妹！？ マルいも！是否存在未下载章节
2026-08-24 23:31:54 - mkk_pika - main.py:45 - INFO - 正在下载:[○妹！？ マルいも！]-[瀬奈陽太郎]-[['長篇', '純愛', '後宮閃光', '妹妹系']]-[total_pages:62]
2026-08-24 23:31:54 - mkk_pika - main.py:49 - INFO - [{'_id': '5c72600d14208621f10ffae6', 'title': '第1集', 'order': 1, 'updated_at': '2019-02-24T05:53:00.386Z', 'id': '5c72600d14208621f10ffae6'}]
2026-08-24 23:31:54 - mkk_pika - database.py:215 - INFO - 第一次下载该漫画，记录数据库中
2026-08-24 23:31:56 - mkk_pika - main.py:83 - INFO - 找到 150 张图片在:第1集
2026-08-24 23:31:59 - mkk_pika - main.py:112 - INFO - [episode:第1集       ] downloaded:   150, total: 150, progress:100%
2026-08-24 23:31:59 - mkk_pika - database.py:238 - INFO - 数据库更新已下载章节
2026-08-24 23:31:59 - mkk_pika - database.py:244 - INFO - 该漫画已下载章节如下
2026-08-24 23:31:59 - mkk_pika - database.py:245 - INFO - ['第1集']
2026-08-24 23:32:00 - mkk_pika - main.py:348 - INFO - ==================== 漫画信息 ====================
                                   漫画ID：5c72600d14208621f10ffae5
                                   标题：○妹！？ マルいも！
                                   作者：瀬奈陽太郎
                                   是否完结：是
                                   总页数：62
                                   分类：長篇,純愛,後宮閃光,妹妹系
                                   章节数：1
                                   最后更新时间：2019-02-24T09:12:45.670Z
                                   =================================================
2026-08-24 23:32:00 - mkk_pika - database.py:101 - INFO - 保存成功：○妹！？ マルいも！
2026-08-24 23:32:00 - mkk_pika - main.py:35 - INFO - 开始检查うまとねこ (ゲゲゲの鬼太郎）是否存在未下载章节
2026-08-24 23:32:01 - mkk_pika - main.py:45 - INFO - 正在下载:[うまとねこ (ゲゲゲの鬼太郎）]-[わくわく動物園 (天王寺キツネ)]-[['短篇', '同人', '非人類', '純愛']]-[total_pages:35]
2026-08-24 23:32:01 - mkk_pika - main.py:49 - INFO - [{'_id': '5c72601ad8619921c2aee800', 'title': '第1集', 'order': 1, 'updated_at': '2019-02-24T06:16:02.242Z', 'id': '5c72601ad8619921c2aee800'}]
2026-08-24 23:32:01 - mkk_pika - database.py:215 - INFO - 第一次下载该漫画，记录数据库中
2026-08-24 23:32:01 - mkk_pika - main.py:83 - INFO - 找到 35 张图片在:第1集
2026-08-24 23:32:02 - mkk_pika - main.py:112 - INFO - [episode:第1集       ] downloaded:    35, total:  35, progress:100%
2026-08-24 23:32:02 - mkk_pika - database.py:238 - INFO - 数据库更新已下载章节
2026-08-24 23:32:02 - mkk_pika - database.py:244 - INFO - 该漫画已下载章节如下
2026-08-24 23:32:02 - mkk_pika - database.py:245 - INFO - ['第1集']
2026-08-24 23:32:04 - mkk_pika - main.py:348 - INFO - ==================== 漫画信息 ====================
                                   漫画ID：5c72601ad8619921c2aee7ff
                                   标题：うまとねこ (ゲゲゲの鬼太郎）
                                   作者：わくわく動物園 (天王寺キツネ)
                                   是否完结：是
                                   总页数：35
                                   分类：短篇,同人,非人類,純愛
                                   章节数：1
                                   最后更新时间：2019-02-24T09:12:58.204Z
                                   =================================================
2026-08-24 23:32:04 - mkk_pika - database.py:101 - INFO - 保存成功：うまとねこ (ゲゲゲの鬼太郎）
2026-08-24 23:32:04 - mkk_pika - main.py:35 - INFO - 开始检查アリパイ!母乳大好き!強制催眠! (東方Project)是否存在未下载章节
2026-08-24 23:32:04 - mkk_pika - main.py:45 - INFO - 正在下载:[アリパイ!母乳大好き!強制催眠! (東方Project)]-[せとらん (タンノらん、イトウせと)]-[['全彩', '同人', '短篇', '東方']]-[total_pages:19]
2026-08-24 23:32:04 - mkk_pika - main.py:49 - INFO - [{'_id': '5c72604c674e61789b511012', 'title': '第1集', 'order': 1, 'updated_at': '2019-02-24T07:56:22.396Z', 'id': '5c72604c674e61789b511012'}]
2026-08-24 23:32:04 - mkk_pika - database.py:215 - INFO - 第一次下载该漫画，记录数据库中
2026-08-24 23:32:05 - mkk_pika - main.py:83 - INFO - 找到 19 张图片在:第1集
2026-08-24 23:32:05 - mkk_pika - main.py:112 - INFO - [episode:第1集       ] downloaded:    19, total:  19, progress:100%
2026-08-24 23:32:05 - mkk_pika - database.py:238 - INFO - 数据库更新已下载章节
2026-08-24 23:32:05 - mkk_pika - database.py:244 - INFO - 该漫画已下载章节如下
2026-08-24 23:32:05 - mkk_pika - database.py:245 - INFO - ['第1集']
2026-08-24 23:32:06 - mkk_pika - main.py:348 - INFO - ==================== 漫画信息 ====================
                                   漫画ID：5c72604c674e61789b511011
                                   标题：アリパイ!母乳大好き!強制催眠! (東方Project)
                                   作者：せとらん (タンノらん、イトウせと)
                                   是否完结：是
                                   总页数：19
                                   分类：全彩,同人,短篇,東方
                                   章节数：1
                                   最后更新时间：2019-02-24T09:13:48.332Z
                                   =================================================
2026-08-24 23:32:06 - mkk_pika - database.py:101 - INFO - 保存成功：アリパイ!母乳大好き!強制催眠! (東方Project)
2026-08-24 23:32:06 - mkk_pika - main.py:35 - INFO - 开始检查活花～いけばな～ (COMIC 失楽天 2019年3月号)是否存在未下载章节
2026-08-24 23:32:07 - mkk_pika - main.py:45 - INFO - 正在下载:[活花～いけばな～ (COMIC 失楽天 2019年3月号)]-[回転筆]-[['短篇', '人妻']]-[total_pages:20]
2026-08-24 23:32:07 - mkk_pika - main.py:49 - INFO - [{'_id': '5c726051674e61789b511027', 'title': '第1集', 'order': 1, 'updated_at': '2019-02-24T08:08:21.587Z', 'id': '5c726051674e61789b511027'}]
2026-08-24 23:32:07 - mkk_pika - database.py:215 - INFO - 第一次下载该漫画，记录数据库中
2026-08-24 23:32:08 - mkk_pika - main.py:83 - INFO - 找到 20 张图片在:第1集
2026-08-24 23:32:08 - mkk_pika - main.py:112 - INFO - [episode:第1集       ] downloaded:    20, total:  20, progress:100%
2026-08-24 23:32:08 - mkk_pika - database.py:238 - INFO - 数据库更新已下载章节
2026-08-24 23:32:08 - mkk_pika - database.py:244 - INFO - 该漫画已下载章节如下
2026-08-24 23:32:08 - mkk_pika - database.py:245 - INFO - ['第1集']
2026-08-24 23:32:09 - mkk_pika - main.py:348 - INFO - ==================== 漫画信息 ====================
                                   漫画ID：5c726051674e61789b511026
                                   标题：活花～いけばな～ (COMIC 失楽天 2019年3月号)
                                   作者：回転筆
                                   是否完结：是
                                   总页数：20
                                   分类：短篇,人妻
                                   章节数：1
                                   最后更新时间：2019-02-24T09:13:53.883Z
                                   =================================================
2026-08-24 23:32:09 - mkk_pika - database.py:101 - INFO - 保存成功：活花～いけばな～ (COMIC 失楽天 2019年3月号)
2026-08-24 23:32:09 - mkk_pika - main.py:35 - INFO - 开始检查約束の日 (ガールズフォーム Vol.18)是否存在未下载章节
2026-08-24 23:32:10 - mkk_pika - main.py:45 - INFO - 正在下载:[約束の日 (ガールズフォーム Vol.18)]-[ディビ]-[['短篇']]-[total_pages:25]
2026-08-24 23:32:10 - mkk_pika - main.py:49 - INFO - [{'_id': '5c726058f6543378687108e5', 'title': '第1集', 'order': 1, 'updated_at': '2019-02-24T08:20:23.763Z', 'id': '5c726058f6543378687108e5'}]
2026-08-24 23:32:10 - mkk_pika - database.py:215 - INFO - 第一次下载该漫画，记录数据库中
2026-08-24 23:32:10 - mkk_pika - main.py:83 - INFO - 找到 25 张图片在:第1集
2026-08-24 23:32:11 - mkk_pika - main.py:112 - INFO - [episode:第1集       ] downloaded:    25, total:  25, progress:100%
2026-08-24 23:32:11 - mkk_pika - database.py:238 - INFO - 数据库更新已下载章节
2026-08-24 23:32:11 - mkk_pika - database.py:244 - INFO - 该漫画已下载章节如下
2026-08-24 23:32:11 - mkk_pika - database.py:245 - INFO - ['第1集']
2026-08-24 23:32:12 - mkk_pika - main.py:348 - INFO - ==================== 漫画信息 ====================
                                   漫画ID：5c726058f6543378687108e4
                                   标题：約束の日 (ガールズフォーム Vol.18)
                                   作者：ディビ
                                   是否完结：是
                                   总页数：25
                                   分类：短篇
                                   章节数：1
                                   最后更新时间：2019-02-24T09:14:00.492Z
                                   =================================================
2026-08-24 23:32:12 - mkk_pika - database.py:101 - INFO - 保存成功：約束の日 (ガールズフォーム Vol.18)
2026-08-24 23:32:12 - mkk_pika - main.py:35 - INFO - 开始检查彼女がニホンオオカミの場合。 (けものフレンズ)是否存在未下载章节
2026-08-24 23:32:13 - mkk_pika - main.py:45 - INFO - 正在下载:[彼女がニホンオオカミの場合。 (けものフレンズ)]-[ASSAM (朝野)]-[['短篇', '同人', '純愛']]-[total_pages:28]
2026-08-24 23:32:13 - mkk_pika - main.py:49 - INFO - [{'_id': '5c726069939410787059f125', 'title': '第1集', 'order': 1, 'updated_at': '2019-02-24T08:43:28.092Z', 'id': '5c726069939410787059f125'}]
2026-08-24 23:32:13 - mkk_pika - database.py:215 - INFO - 第一次下载该漫画，记录数据库中
2026-08-24 23:32:14 - mkk_pika - main.py:83 - INFO - 找到 28 张图片在:第1集
2026-08-24 23:32:14 - mkk_pika - main.py:112 - INFO - [episode:第1集       ] downloaded:    28, total:  28, progress:100%
2026-08-24 23:32:14 - mkk_pika - database.py:238 - INFO - 数据库更新已下载章节
2026-08-24 23:32:14 - mkk_pika - database.py:244 - INFO - 该漫画已下载章节如下
2026-08-24 23:32:14 - mkk_pika - database.py:245 - INFO - ['第1集']
2026-08-24 23:32:15 - mkk_pika - main.py:348 - INFO - ==================== 漫画信息 ====================
                                   漫画ID：5c726069939410787059f124
                                   标题：彼女がニホンオオカミの場合。 (けものフレンズ)
                                   作者：ASSAM (朝野)
                                   是否完结：是
                                   总页数：28
                                   分类：短篇,同人,純愛
                                   章节数：1
                                   最后更新时间：2019-02-24T09:14:17.461Z
                                   =================================================
2026-08-24 23:32:15 - mkk_pika - database.py:101 - INFO - 保存成功：彼女がニホンオオカミの場合。 (けものフレンズ)
2026-08-24 23:32:15 - mkk_pika - main.py:35 - INFO - 开始检查浦島子伝 (COMIC快楽天ビースト 2019年2月号)是否存在未下载章节
2026-08-24 23:32:16 - mkk_pika - main.py:45 - INFO - 正在下载:[浦島子伝 (COMIC快楽天ビースト 2019年2月号)]-[奇仙]-[['短篇', '純愛']]-[total_pages:21]
2026-08-24 23:32:16 - mkk_pika - main.py:49 - INFO - [{'_id': '5c72606f675be610e098e6db', 'title': '第1集', 'order': 1, 'updated_at': '2019-02-24T08:55:09.504Z', 'id': '5c72606f675be610e098e6db'}]
2026-08-24 23:32:16 - mkk_pika - database.py:215 - INFO - 第一次下载该漫画，记录数据库中
2026-08-24 23:32:17 - mkk_pika - main.py:83 - INFO - 找到 21 张图片在:第1集
2026-08-24 23:32:17 - mkk_pika - main.py:112 - INFO - [episode:第1集       ] downloaded:    21, total:  21, progress:100%
2026-08-24 23:32:17 - mkk_pika - database.py:238 - INFO - 数据库更新已下载章节
2026-08-24 23:32:17 - mkk_pika - database.py:244 - INFO - 该漫画已下载章节如下
2026-08-24 23:32:17 - mkk_pika - database.py:245 - INFO - ['第1集']
2026-08-24 23:32:18 - mkk_pika - main.py:348 - INFO - ==================== 漫画信息 ====================
                                   漫画ID：5c72606f675be610e098e6da
                                   标题：浦島子伝 (COMIC快楽天ビースト 2019年2月号)
                                   作者：奇仙
                                   是否完结：是
                                   总页数：21
                                   分类：短篇,純愛
                                   章节数：1
                                   最后更新时间：2019-02-24T09:14:23.642Z
                                   =================================================
2026-08-24 23:32:18 - mkk_pika - database.py:101 - INFO - 保存成功：浦島子伝 (COMIC快楽天ビースト 2019年2月号)
2026-08-24 23:32:18 - mkk_pika - main.py:35 - INFO - 开始检查異文化交流是否存在未下载章节
2026-08-24 23:32:19 - mkk_pika - main.py:45 - INFO - 正在下载:[異文化交流]-[南北屋 (南北)]-[['同人', '短篇', '百合花園', '非人類']]-[total_pages:53]
2026-08-24 23:32:19 - mkk_pika - main.py:49 - INFO - [{'_id': '5c69442c6b938f65c05d75ec', 'title': '生肉', 'order': 1, 'updated_at': '2019-02-24T15:23:39.026Z', 'id': '5c69442c6b938f65c05d75ec'}, {'_id': '5c72b6fbe88f0a10da98133c', 'title': '熟肉', 'order': 2, 'updated_at': '2019-02-24T13:04:23.593Z', 'id': '5c72b6fbe88f0a10da98133c'}]
2026-08-24 23:32:19 - mkk_pika - database.py:215 - INFO - 第一次下载该漫画，记录数据库中
2026-08-24 23:32:19 - mkk_pika - main.py:83 - INFO - 找到 26 张图片在:生肉
2026-08-24 23:32:20 - mkk_pika - main.py:112 - INFO - [episode:生肉        ] downloaded:    26, total:  26, progress:100%
2026-08-24 23:32:20 - mkk_pika - database.py:238 - INFO - 数据库更新已下载章节
2026-08-24 23:32:20 - mkk_pika - database.py:244 - INFO - 该漫画已下载章节如下
2026-08-24 23:32:20 - mkk_pika - database.py:245 - INFO - ['生肉']
2026-08-24 23:32:22 - mkk_pika - main.py:83 - INFO - 找到 27 张图片在:熟肉
2026-08-24 23:32:22 - mkk_pika - main.py:112 - INFO - [episode:熟肉        ] downloaded:    27, total:  27, progress:100%
2026-08-24 23:32:22 - mkk_pika - database.py:238 - INFO - 数据库更新已下载章节
2026-08-24 23:32:22 - mkk_pika - database.py:244 - INFO - 该漫画已下载章节如下
2026-08-24 23:32:22 - mkk_pika - database.py:245 - INFO - ['生肉', '熟肉']
2026-08-24 23:32:24 - mkk_pika - main.py:348 - INFO - ==================== 漫画信息 ====================
                                   漫画ID：5c69442c6b938f65c05d75eb
                                   标题：異文化交流
                                   作者：南北屋 (南北)
                                   是否完结：否
                                   总页数：53
                                   分类：同人,短篇,百合花園,非人類
                                   章节数：2
                                   最后更新时间：2019-02-24T15:23:38.989Z
                                   =================================================
2026-08-24 23:32:24 - mkk_pika - database.py:101 - INFO - 保存成功：異文化交流
2026-08-24 23:32:24 - mkk_pika - main.py:35 - INFO - 开始检查 憧れの上司に滅茶苦茶甘えたい本2~同僚の結婚式帰り自宅編~ (魔法少女リリカルなのは)是否存在未下载章节
2026-08-24 23:32:24 - mkk_pika - main.py:45 - INFO - 正在下载:[ 憧れの上司に滅茶苦茶甘えたい本2~同僚の結婚式帰り自宅編~ (魔法少女リリカルなのは)]-[スタジオ☆ひまわり (日向恭介)]-[['短篇', '全彩', '純愛', '同人']]-[total_pages:20]
2026-08-24 23:32:24 - mkk_pika - main.py:49 - INFO - [{'_id': '5c72b768c49b251117a38f13', 'title': '第1集', 'order': 1, 'updated_at': '2019-02-24T13:56:39.674Z', 'id': '5c72b768c49b251117a38f13'}]
2026-08-24 23:32:24 - mkk_pika - database.py:215 - INFO - 第一次下载该漫画，记录数据库中
2026-08-24 23:32:25 - mkk_pika - main.py:83 - INFO - 找到 20 张图片在:第1集
2026-08-24 23:32:25 - mkk_pika - main.py:112 - INFO - [episode:第1集       ] downloaded:    20, total:  20, progress:100%
2026-08-24 23:32:25 - mkk_pika - database.py:238 - INFO - 数据库更新已下载章节
2026-08-24 23:32:25 - mkk_pika - database.py:244 - INFO - 该漫画已下载章节如下
2026-08-24 23:32:25 - mkk_pika - database.py:245 - INFO - ['第1集']
2026-08-24 23:32:27 - mkk_pika - main.py:348 - INFO - ==================== 漫画信息 ====================
                                   漫画ID：5c72b768c49b251117a38f12
                                   标题： 憧れの上司に滅茶苦茶甘えたい本2~同僚の結婚式帰り自宅編~ (魔法少女リリカルなのは)
                                   作者：スタジオ☆ひまわり (日向恭介)
                                   是否完结：是
                                   总页数：20
                                   分类：短篇,全彩,純愛,同人
                                   章节数：1
                                   最后更新时间：2019-02-24T15:25:28.786Z
                                   =================================================
2026-08-24 23:32:27 - mkk_pika - database.py:101 - INFO - 保存成功： 憧れの上司に滅茶苦茶甘えたい本2~同僚の結婚式帰り自宅編~ (魔法少女リリカルなのは)
2026-08-24 23:32:27 - mkk_pika - main.py:35 - INFO - 开始检查憧れの上司と結婚する事になりまして (魔法少女リリカルなのは)是否存在未下载章节
2026-08-24 23:32:27 - mkk_pika - main.py:45 - INFO - 正在下载:[憧れの上司と結婚する事になりまして (魔法少女リリカルなのは)]-[スタジオ☆ひまわり (日向恭介)]-[['短篇', '全彩', '同人', '純愛']]-[total_pages:12]
2026-08-24 23:32:27 - mkk_pika - main.py:49 - INFO - [{'_id': '5c72b774675be610e098e94b', 'title': '第1集', 'order': 1, 'updated_at': '2019-02-24T13:58:29.884Z', 'id': '5c72b774675be610e098e94b'}]
2026-08-24 23:32:27 - mkk_pika - database.py:215 - INFO - 第一次下载该漫画，记录数据库中
2026-08-24 23:32:28 - mkk_pika - main.py:83 - INFO - 找到 12 张图片在:第1集
2026-08-24 23:32:28 - mkk_pika - main.py:112 - INFO - [episode:第1集       ] downloaded:    12, total:  12, progress:100%
2026-08-24 23:32:28 - mkk_pika - database.py:238 - INFO - 数据库更新已下载章节
2026-08-24 23:32:28 - mkk_pika - database.py:244 - INFO - 该漫画已下载章节如下
2026-08-24 23:32:28 - mkk_pika - database.py:245 - INFO - ['第1集']
2026-08-24 23:32:29 - mkk_pika - main.py:348 - INFO - ==================== 漫画信息 ====================
                                   漫画ID：5c72b774675be610e098e94a
                                   标题：憧れの上司と結婚する事になりまして (魔法少女リリカルなのは)
                                   作者：スタジオ☆ひまわり (日向恭介)
                                   是否完结：是
                                   总页数：12
                                   分类：短篇,全彩,同人,純愛
                                   章节数：1
                                   最后更新时间：2019-02-24T15:25:40.731Z
                                   =================================================
2026-08-24 23:32:29 - mkk_pika - database.py:101 - INFO - 保存成功：憧れの上司と結婚する事になりまして (魔法少女リリカルなのは)
2026-08-24 23:32:29 - mkk_pika - main.py:35 - INFO - 开始检查姦動ポルノ 姦動情色事是否存在未下载章节
2026-08-24 23:32:30 - mkk_pika - main.py:45 - INFO - 正在下载:[姦動ポルノ 姦動情色事]-[ボボボ]-[['長篇', '單行本', '純愛', '後宮閃光', 'SM', 'NTR', '強暴', '人妻']]-[total_pages:198]
2026-08-24 23:32:30 - mkk_pika - main.py:49 - INFO - [{'_id': '5c72d5a91dfd97789549b0e9', 'title': '姦動的單行本', 'order': 1, 'updated_at': '2019-02-22T10:03:35.918Z', 'id': '5c72d5a91dfd97789549b0e9'}]
2026-08-24 23:32:30 - mkk_pika - database.py:215 - INFO - 第一次下载该漫画，记录数据库中
2026-08-24 23:32:32 - mkk_pika - main.py:83 - INFO - 找到 198 张图片在:姦動的單行本
2026-08-24 23:32:36 - mkk_pika - main.py:112 - INFO - [episode:姦動的單行本    ] downloaded:   198, total: 198, progress:100%
2026-08-24 23:32:36 - mkk_pika - database.py:238 - INFO - 数据库更新已下载章节
2026-08-24 23:32:36 - mkk_pika - database.py:244 - INFO - 该漫画已下载章节如下
2026-08-24 23:32:36 - mkk_pika - database.py:245 - INFO - ['姦動的單行本']
2026-08-24 23:32:37 - mkk_pika - main.py:348 - INFO - ==================== 漫画信息 ====================
                                   漫画ID：5c72d5a91dfd97789549b0e8
                                   标题：姦動ポルノ 姦動情色事
                                   作者：ボボボ
                                   是否完结：是
                                   总页数：198
                                   分类：長篇,單行本,純愛,後宮閃光,SM,NTR,強暴,人妻
                                   章节数：1
                                   最后更新时间：2019-02-24T17:34:33.418Z
                                   =================================================
2026-08-24 23:32:37 - mkk_pika - database.py:101 - INFO - 保存成功：姦動ポルノ 姦動情色事
2026-08-24 23:32:37 - mkk_pika - main.py:380 - INFO - 本次任务下载完毕
2026-08-24 23:32:37 - mkk_pika - database.py:173 - INFO - 数据库连接已关闭
