2026-08-07 01:42:48 - mkk_pika - main.py:193 - INFO - =======================================================================
2026-08-07 01:42:48 - mkk_pika - database.py:61 - INFO - 表和索引初始化成功
2026-08-07 01:42:48 - mkk_pika - main.py:197 - INFO - 已经累计下载18374本漫画
2026-08-07 01:42:48 - mkk_pika - api.py:87 - INFO - 登录成功
2026-08-07 01:42:49 - mkk_pika - main.py:203 - INFO - 收藏夹共计0本漫画
2026-08-07 01:42:49 - mkk_pika - main.py:206 - INFO - 开始下载收藏夹内未下载内容
2026-08-07 01:42:49 - mkk_pika - main.py:266 - INFO - 收藏夹内容下载完毕
2026-08-07 01:42:49 - mkk_pika - main.py:268 - INFO - 开始下载订阅内容
2026-08-07 01:42:49 - mkk_pika - database.py:258 - INFO - 根据ID查询到标题：萝莉 -> ぬきたし-抜きゲーみたいな島に住んでるわたしはどうすりゃいいですか R [中国翻译]
2026-08-07 01:42:49 - mkk_pika - database.py:101 - INFO - 保存成功：陽菜ちゃん調教日記|阳菜酱的调教日记 [中国翻译][進行中]
2026-08-07 01:42:49 - mkk_pika - main.py:273 - INFO - 关键词萝莉找到2本漫画
2026-08-07 01:42:49 - mkk_pika - database.py:258 - INFO - 根据ID查询到标题：蘿莉 -> [Artist] QUACKIES（AI）
2026-08-07 01:42:50 - mkk_pika - database.py:101 - INFO - 保存成功：今は小さなお姫様
2026-08-07 01:42:50 - mkk_pika - main.py:273 - INFO - 关键词蘿莉找到1本漫画
2026-08-07 01:42:50 - mkk_pika - main.py:275 - INFO - 订阅内容共计3本漫画
2026-08-07 01:42:50 - mkk_pika - main.py:35 - INFO - 开始检查あめのちろり～メスガキに犯されまくるお話～是否存在未下载章节
2026-08-07 01:42:50 - mkk_pika - database.py:203 - INFO - 查询数据库中是否已存在第1話
2026-08-07 01:42:50 - mkk_pika - database.py:203 - INFO - 查询数据库中是否已存在次元控去码
2026-08-07 01:42:50 - mkk_pika - database.py:203 - INFO - 查询数据库中是否已存在黑丝版
2026-08-07 01:42:50 - mkk_pika - main.py:45 - INFO - 正在下载:[あめのちろり～メスガキに犯されまくるお話～]-[ろすとている (雨楽)]-[['短篇']]-[total_pages:-1]
2026-08-07 01:42:50 - mkk_pika - main.py:49 - INFO - [{'_id': '6a74d9fcc977ae46ea7ed6fd', 'title': '黑丝版', 'order': 3, 'updated_at': '2026-08-06T10:47:52.456Z', 'id': '6a74d9fcc977ae46ea7ed6fd'}]
2026-08-07 01:42:51 - mkk_pika - main.py:83 - INFO - 找到 32 张图片在:黑丝版
2026-08-07 01:42:52 - mkk_pika - main.py:112 - INFO - [episode:黑丝版       ] downloaded:    32, total:  32, progress:100%
2026-08-07 01:42:52 - mkk_pika - database.py:238 - INFO - 数据库更新已下载章节
2026-08-07 01:42:52 - mkk_pika - database.py:244 - INFO - 该漫画已下载章节如下
2026-08-07 01:42:52 - mkk_pika - database.py:245 - INFO - ['第1話', '次元控去码', '黑丝版']
2026-08-07 01:42:53 - mkk_pika - main.py:292 - INFO - ==================== 漫画信息 ====================
                                漫画ID：66cf408ca9a2f6388f517f27
                                标题：あめのちろり～メスガキに犯されまくるお話～
                                作者：ろすとている (雨楽)
                                是否完结：是
                                总页数：34
                                分类：短篇
                                章节数：1
                                最后更新时间：2024-08-28T15:21:48.945Z
                                =================================================
2026-08-07 01:42:53 - mkk_pika - database.py:101 - INFO - 保存成功：あめのちろり～メスガキに犯されまくるお話～
2026-08-07 01:42:53 - mkk_pika - main.py:35 - INFO - 开始检查陽菜ちゃん調教日記|阳菜酱的调教日记 [中国翻译][進行中]是否存在未下载章节
2026-08-07 01:42:53 - mkk_pika - database.py:203 - INFO - 查询数据库中是否已存在第1話全彩生肉
2026-08-07 01:42:53 - mkk_pika - database.py:203 - INFO - 查询数据库中是否已存在第1話熟肉95p
2026-08-07 01:42:53 - mkk_pika - database.py:203 - INFO - 查询数据库中是否已存在第1話熟肉98p
2026-08-07 01:42:53 - mkk_pika - main.py:51 - INFO - 陽菜ちゃん調教日記|阳菜酱的调教日记 [中国翻译][進行中]中没有可下载章节
2026-08-07 01:42:53 - mkk_pika - main.py:292 - INFO - ==================== 漫画信息 ====================
                                漫画ID：68dd17e83c6fe63b068bea88
                                标题：陽菜ちゃん調教日記|阳菜酱的调教日记 [中国翻译][進行中]
                                作者：OKINA
                                是否完结：否
                                总页数：272
                                分类：全彩,長篇,SM
                                章节数：3
                                最后更新时间：2026-05-08T16:48:41.948Z
                                =================================================
2026-08-07 01:42:53 - mkk_pika - database.py:101 - INFO - 保存成功：陽菜ちゃん調教日記|阳菜酱的调教日记 [中国翻译][進行中]
2026-08-07 01:42:53 - mkk_pika - main.py:35 - INFO - 开始检查ろーちゃんヒミツは守りますって | 吕酱有好好守住秘密哦是否存在未下载章节
2026-08-07 01:42:54 - mkk_pika - main.py:45 - INFO - 正在下载:[ろーちゃんヒミツは守りますって | 吕酱有好好守住秘密哦]-[そらみるソフト (そらみる)]-[['短篇', '同人', '強暴', '艦隊收藏']]-[total_pages:-1]
2026-08-07 01:42:54 - mkk_pika - main.py:49 - INFO - [{'_id': '5e1549017deb19777b349035', 'title': '生肉', 'order': 1, 'updated_at': '2026-08-06T19:05:38.214Z', 'id': '5e1549017deb19777b349035'}, {'_id': '6a74db02572c0d47223fbb15', 'title': '熟肉', 'order': 2, 'updated_at': '2026-08-06T12:57:00.035Z', 'id': '6a74db02572c0d47223fbb15'}]
2026-08-07 01:42:54 - mkk_pika - database.py:215 - INFO - 第一次下载该漫画，记录数据库中
2026-08-07 01:42:54 - mkk_pika - main.py:83 - INFO - 找到 22 张图片在:生肉
2026-08-07 01:42:55 - mkk_pika - main.py:112 - INFO - [episode:生肉        ] downloaded:    22, total:  22, progress:100%
2026-08-07 01:42:55 - mkk_pika - database.py:238 - INFO - 数据库更新已下载章节
2026-08-07 01:42:55 - mkk_pika - database.py:244 - INFO - 该漫画已下载章节如下
2026-08-07 01:42:55 - mkk_pika - database.py:245 - INFO - ['生肉']
2026-08-07 01:42:56 - mkk_pika - main.py:83 - INFO - 找到 23 张图片在:熟肉
2026-08-07 01:42:57 - mkk_pika - main.py:112 - INFO - [episode:熟肉        ] downloaded:    23, total:  23, progress:100%
2026-08-07 01:42:57 - mkk_pika - database.py:238 - INFO - 数据库更新已下载章节
2026-08-07 01:42:57 - mkk_pika - database.py:244 - INFO - 该漫画已下载章节如下
2026-08-07 01:42:57 - mkk_pika - database.py:245 - INFO - ['生肉', '熟肉']
2026-08-07 01:42:58 - mkk_pika - main.py:292 - INFO - ==================== 漫画信息 ====================
                                漫画ID：5e1549017deb19777b349034
                                标题：ろーちゃんヒミツは守りますって | 吕酱有好好守住秘密哦
                                作者：そらみるソフト (そらみる)
                                是否完结：否
                                总页数：45
                                分类：短篇,同人,強暴,艦隊收藏
                                章节数：2
                                最后更新时间：2026-08-06T19:05:38.206Z
                                =================================================
2026-08-07 01:42:58 - mkk_pika - database.py:101 - INFO - 保存成功：ろーちゃんヒミツは守りますって | 吕酱有好好守住秘密哦
2026-08-07 01:42:58 - mkk_pika - main.py:323 - INFO - 订阅内容内容下载完毕
2026-08-07 01:42:58 - mkk_pika - main.py:324 - INFO - 开始分批下载全部章节
2026-08-07 01:42:58 - mkk_pika - database.py:280 - INFO - 表和索引初始化成功
2026-08-07 01:42:59 - mkk_pika - main.py:177 - INFO - 已经下载了1378页，一共7059页，现在开始添加第1379页
2026-08-07 01:42:59 - mkk_pika - database.py:318 - INFO - 保存成功
2026-08-07 01:42:59 - mkk_pika - main.py:177 - INFO - 已经下载了1379页，一共7059页，现在开始添加第1380页
2026-08-07 01:43:00 - mkk_pika - database.py:318 - INFO - 保存成功
2026-08-07 01:43:00 - mkk_pika - main.py:177 - INFO - 已经下载了1380页，一共7059页，现在开始添加第1381页
2026-08-07 01:43:01 - mkk_pika - database.py:318 - INFO - 保存成功
2026-08-07 01:43:01 - mkk_pika - main.py:177 - INFO - 已经下载了1381页，一共7059页，现在开始添加第1382页
2026-08-07 01:43:01 - mkk_pika - database.py:318 - INFO - 保存成功
2026-08-07 01:43:02 - mkk_pika - main.py:177 - INFO - 已经下载了1382页，一共7059页，现在开始添加第1383页
2026-08-07 01:43:02 - mkk_pika - database.py:318 - INFO - 保存成功
2026-08-07 01:43:02 - mkk_pika - main.py:331 - INFO - 分批下载共计55本漫画
2026-08-07 01:43:02 - mkk_pika - main.py:35 - INFO - 开始检查黑人VS Ø学生是否存在未下载章节
2026-08-07 01:43:02 - mkk_pika - main.py:45 - INFO - 正在下载:[黑人VS Ø学生]-[児岛小春]-[['全彩', '短篇']]-[total_pages:24]
2026-08-07 01:43:02 - mkk_pika - main.py:49 - INFO - [{'_id': '5c4d2436e372274f62c8620c', 'title': '第1集', 'order': 1, 'updated_at': '2019-01-26T17:49:23.697Z', 'id': '5c4d2436e372274f62c8620c'}]
2026-08-07 01:43:02 - mkk_pika - database.py:215 - INFO - 第一次下载该漫画，记录数据库中
2026-08-07 01:43:03 - mkk_pika - main.py:83 - INFO - 找到 24 张图片在:第1集
2026-08-07 01:43:04 - mkk_pika - main.py:112 - INFO - [episode:第1集       ] downloaded:    24, total:  24, progress:100%
2026-08-07 01:43:04 - mkk_pika - database.py:238 - INFO - 数据库更新已下载章节
2026-08-07 01:43:04 - mkk_pika - database.py:244 - INFO - 该漫画已下载章节如下
2026-08-07 01:43:04 - mkk_pika - database.py:245 - INFO - ['第1集']
2026-08-07 01:43:05 - mkk_pika - main.py:348 - INFO - ==================== 漫画信息 ====================
                                   漫画ID：5c4d2436e372274f62c8620b
                                   标题：黑人VS Ø学生
                                   作者：児岛小春
                                   是否完结：是
                                   总页数：24
                                   分类：全彩,短篇
                                   章节数：1
                                   最后更新时间：2019-01-27T03:23:34.486Z
                                   =================================================
2026-08-07 01:43:05 - mkk_pika - database.py:101 - INFO - 保存成功：黑人VS Ø学生
2026-08-07 01:43:05 - mkk_pika - main.py:35 - INFO - 开始检查(C95)  続・虚構ノ海辺ニテ マスター肌がもとに戻らないんですけど是否存在未下载章节
2026-08-07 01:43:05 - mkk_pika - main.py:45 - INFO - 正在下载:[(C95)  続・虚構ノ海辺ニテ マスター肌がもとに戻らないんですけど]-[緊急発進 (コアヤアコ)]-[['同人', '短篇', 'Fate']]-[total_pages:17]
2026-08-07 01:43:05 - mkk_pika - main.py:49 - INFO - [{'_id': '5c45d659bb6e3767c3669ddc', 'title': '第1集', 'order': 1, 'updated_at': '2019-01-19T20:45:26.967Z', 'id': '5c45d659bb6e3767c3669ddc'}, {'_id': '5c4d2473a9dcbe4f213baa6f', 'title': '汉化', 'order': 2, 'updated_at': '2019-01-26T23:09:51.198Z', 'id': '5c4d2473a9dcbe4f213baa6f'}]
2026-08-07 01:43:05 - mkk_pika - database.py:215 - INFO - 第一次下载该漫画，记录数据库中
2026-08-07 01:43:06 - mkk_pika - main.py:83 - INFO - 找到 8 张图片在:第1集
2026-08-07 01:43:06 - mkk_pika - main.py:112 - INFO - [episode:第1集       ] downloaded:     8, total:   8, progress:100%
2026-08-07 01:43:06 - mkk_pika - database.py:238 - INFO - 数据库更新已下载章节
2026-08-07 01:43:06 - mkk_pika - database.py:244 - INFO - 该漫画已下载章节如下
2026-08-07 01:43:06 - mkk_pika - database.py:245 - INFO - ['第1集']
2026-08-07 01:43:07 - mkk_pika - main.py:83 - INFO - 找到 9 张图片在:汉化
2026-08-07 01:43:08 - mkk_pika - main.py:112 - INFO - [episode:汉化        ] downloaded:     9, total:   9, progress:100%
2026-08-07 01:43:08 - mkk_pika - database.py:238 - INFO - 数据库更新已下载章节
2026-08-07 01:43:08 - mkk_pika - database.py:244 - INFO - 该漫画已下载章节如下
2026-08-07 01:43:08 - mkk_pika - database.py:245 - INFO - ['第1集', '汉化']
2026-08-07 01:43:09 - mkk_pika - main.py:348 - INFO - ==================== 漫画信息 ====================
                                   漫画ID：5c45d659bb6e3767c3669ddb
                                   标题：(C95)  続・虚構ノ海辺ニテ マスター肌がもとに戻らないんですけど
                                   作者：緊急発進 (コアヤアコ)
                                   是否完结：是
                                   总页数：17
                                   分类：同人,短篇,Fate
                                   章节数：2
                                   最后更新时间：2019-01-27T03:24:35.149Z
                                   =================================================
2026-08-07 01:43:09 - mkk_pika - database.py:101 - INFO - 保存成功：(C95)  続・虚構ノ海辺ニテ マスター肌がもとに戻らないんですけど
2026-08-07 01:43:09 - mkk_pika - main.py:35 - INFO - 开始检查(C95)  幼女のダ・ヴィンチちゃんは発情中是否存在未下载章节
2026-08-07 01:43:09 - mkk_pika - main.py:45 - INFO - 正在下载:[(C95)  幼女のダ・ヴィンチちゃんは発情中]-[Part K (羊羽忍)]-[['短篇', '同人', 'Fate']]-[total_pages:26]
2026-08-07 01:43:09 - mkk_pika - main.py:49 - INFO - [{'_id': '5c4d24ae3591bb4f6aec2724', 'title': '第1集', 'order': 1, 'updated_at': '2019-01-26T23:23:03.747Z', 'id': '5c4d24ae3591bb4f6aec2724'}]
2026-08-07 01:43:09 - mkk_pika - database.py:215 - INFO - 第一次下载该漫画，记录数据库中
2026-08-07 01:43:10 - mkk_pika - main.py:83 - INFO - 找到 26 张图片在:第1集
2026-08-07 01:43:10 - mkk_pika - main.py:112 - INFO - [episode:第1集       ] downloaded:    26, total:  26, progress:100%
2026-08-07 01:43:10 - mkk_pika - database.py:238 - INFO - 数据库更新已下载章节
2026-08-07 01:43:10 - mkk_pika - database.py:244 - INFO - 该漫画已下载章节如下
2026-08-07 01:43:10 - mkk_pika - database.py:245 - INFO - ['第1集']
2026-08-07 01:43:12 - mkk_pika - main.py:348 - INFO - ==================== 漫画信息 ====================
                                   漫画ID：5c4d24ae3591bb4f6aec2723
                                   标题：(C95)  幼女のダ・ヴィンチちゃんは発情中
                                   作者：Part K (羊羽忍)
                                   是否完结：是
                                   总页数：26
                                   分类：短篇,同人,Fate
                                   章节数：1
                                   最后更新时间：2019-01-27T03:25:34.585Z
                                   =================================================
2026-08-07 01:43:12 - mkk_pika - database.py:101 - INFO - 保存成功：(C95)  幼女のダ・ヴィンチちゃんは発情中
2026-08-07 01:43:12 - mkk_pika - main.py:35 - INFO - 开始检查(C95)催眠TMP外伝カリーナ (少女前線)是否存在未下载章节
2026-08-07 01:43:12 - mkk_pika - main.py:45 - INFO - 正在下载:[(C95)催眠TMP外伝カリーナ (少女前線)]-[SHIOHAMA (kylin)]-[['短篇', '同人']]-[total_pages:12]
2026-08-07 01:43:12 - mkk_pika - main.py:49 - INFO - [{'_id': '5c4d24c35d03624f27471bf2', 'title': '第1集', 'order': 1, 'updated_at': '2019-01-27T01:10:22.342Z', 'id': '5c4d24c35d03624f27471bf2'}]
2026-08-07 01:43:12 - mkk_pika - database.py:215 - INFO - 第一次下载该漫画，记录数据库中
2026-08-07 01:43:12 - mkk_pika - main.py:83 - INFO - 找到 12 张图片在:第1集
2026-08-07 01:43:13 - mkk_pika - main.py:112 - INFO - [episode:第1集       ] downloaded:    12, total:  12, progress:100%
2026-08-07 01:43:13 - mkk_pika - database.py:238 - INFO - 数据库更新已下载章节
2026-08-07 01:43:13 - mkk_pika - database.py:244 - INFO - 该漫画已下载章节如下
2026-08-07 01:43:13 - mkk_pika - database.py:245 - INFO - ['第1集']
2026-08-07 01:43:14 - mkk_pika - main.py:348 - INFO - ==================== 漫画信息 ====================
                                   漫画ID：5c4d24c35d03624f27471bf1
                                   标题：(C95)催眠TMP外伝カリーナ (少女前線)
                                   作者：SHIOHAMA (kylin)
                                   是否完结：是
                                   总页数：12
                                   分类：短篇,同人
                                   章节数：1
                                   最后更新时间：2019-01-27T03:25:55.874Z
                                   =================================================
2026-08-07 01:43:14 - mkk_pika - database.py:101 - INFO - 保存成功：(C95)催眠TMP外伝カリーナ (少女前線)
2026-08-07 01:43:14 - mkk_pika - main.py:35 - INFO - 开始检查(C95)ショタ皇帝兄弟に捕われた爆乳女騎士3是否存在未下载章节
2026-08-07 01:43:14 - mkk_pika - main.py:45 - INFO - 正在下载:[(C95)ショタ皇帝兄弟に捕われた爆乳女騎士3]-[Gate of XIII (黒悪13)]-[['短篇', '人妻', '後宮閃光']]-[total_pages:32]
2026-08-07 01:43:14 - mkk_pika - main.py:49 - INFO - [{'_id': '5c4d24d55d03624f27471c01', 'title': '第1集', 'order': 1, 'updated_at': '2019-01-27T01:34:47.923Z', 'id': '5c4d24d55d03624f27471c01'}]
2026-08-07 01:43:14 - mkk_pika - database.py:215 - INFO - 第一次下载该漫画，记录数据库中
2026-08-07 01:43:15 - mkk_pika - main.py:83 - INFO - 找到 32 张图片在:第1集
2026-08-07 01:43:16 - mkk_pika - main.py:112 - INFO - [episode:第1集       ] downloaded:    32, total:  32, progress:100%
2026-08-07 01:43:16 - mkk_pika - database.py:238 - INFO - 数据库更新已下载章节
2026-08-07 01:43:16 - mkk_pika - database.py:244 - INFO - 该漫画已下载章节如下
2026-08-07 01:43:16 - mkk_pika - database.py:245 - INFO - ['第1集']
2026-08-07 01:43:17 - mkk_pika - main.py:348 - INFO - ==================== 漫画信息 ====================
                                   漫画ID：5c4d24d55d03624f27471c00
                                   标题：(C95)ショタ皇帝兄弟に捕われた爆乳女騎士3
                                   作者：Gate of XIII (黒悪13)
                                   是否完结：是
                                   总页数：32
                                   分类：短篇,人妻,後宮閃光
                                   章节数：1
                                   最后更新时间：2019-01-27T03:26:13.365Z
                                   =================================================
2026-08-07 01:43:17 - mkk_pika - database.py:101 - INFO - 保存成功：(C95)ショタ皇帝兄弟に捕われた爆乳女騎士3
2026-08-07 01:43:17 - mkk_pika - main.py:35 - INFO - 开始检查DLO-02 カレとの約束2 [中国翻訳] [DL版]是否存在未下载章节
2026-08-07 01:43:17 - mkk_pika - main.py:45 - INFO - 正在下载:[DLO-02 カレとの約束2 [中国翻訳] [DL版]]-[Digital Lover (なかじまゆか)]-[['短篇', '全彩', 'NTR']]-[total_pages:33]
2026-08-07 01:43:17 - mkk_pika - main.py:49 - INFO - [{'_id': '5c4d2521a9dcbe4f213baa9a', 'title': '第1集', 'order': 1, 'updated_at': '2019-01-27T01:58:40.323Z', 'id': '5c4d2521a9dcbe4f213baa9a'}]
2026-08-07 01:43:17 - mkk_pika - database.py:215 - INFO - 第一次下载该漫画，记录数据库中
2026-08-07 01:43:18 - mkk_pika - main.py:83 - INFO - 找到 33 张图片在:第1集
2026-08-07 01:43:19 - mkk_pika - main.py:112 - INFO - [episode:第1集       ] downloaded:    33, total:  33, progress:100%
2026-08-07 01:43:19 - mkk_pika - database.py:238 - INFO - 数据库更新已下载章节
2026-08-07 01:43:19 - mkk_pika - database.py:244 - INFO - 该漫画已下载章节如下
2026-08-07 01:43:19 - mkk_pika - database.py:245 - INFO - ['第1集']
2026-08-07 01:43:20 - mkk_pika - main.py:348 - INFO - ==================== 漫画信息 ====================
                                   漫画ID：5c4d2520a9dcbe4f213baa99
                                   标题：DLO-02 カレとの約束2 [中国翻訳] [DL版]
                                   作者：Digital Lover (なかじまゆか)
                                   是否完结：否
                                   总页数：33
                                   分类：短篇,全彩,NTR
                                   章节数：1
                                   最后更新时间：2019-01-27T03:27:28.999Z
                                   =================================================
2026-08-07 01:43:20 - mkk_pika - database.py:101 - INFO - 保存成功：DLO-02 カレとの約束2 [中国翻訳] [DL版]
2026-08-07 01:43:20 - mkk_pika - main.py:35 - INFO - 开始检查DLO-03 カレとの約束3 [中国翻訳] [DL版]是否存在未下载章节
2026-08-07 01:43:20 - mkk_pika - main.py:45 - INFO - 正在下载:[DLO-03 カレとの約束3 [中国翻訳] [DL版]]-[Digital Lover (なかじまゆか)]-[['短篇', '全彩', 'NTR']]-[total_pages:58]
2026-08-07 01:43:20 - mkk_pika - main.py:49 - INFO - [{'_id': '5c4d2532a9dcbe4f213baabf', 'title': '第1集', 'order': 1, 'updated_at': '2019-01-27T02:02:51.609Z', 'id': '5c4d2532a9dcbe4f213baabf'}]
2026-08-07 01:43:20 - mkk_pika - database.py:215 - INFO - 第一次下载该漫画，记录数据库中
2026-08-07 01:43:21 - mkk_pika - main.py:83 - INFO - 找到 58 张图片在:第1集
2026-08-07 01:43:22 - mkk_pika - main.py:112 - INFO - [episode:第1集       ] downloaded:    58, total:  58, progress:100%
2026-08-07 01:43:22 - mkk_pika - database.py:238 - INFO - 数据库更新已下载章节
2026-08-07 01:43:22 - mkk_pika - database.py:244 - INFO - 该漫画已下载章节如下
2026-08-07 01:43:22 - mkk_pika - database.py:245 - INFO - ['第1集']
2026-08-07 01:43:23 - mkk_pika - main.py:348 - INFO - ==================== 漫画信息 ====================
                                   漫画ID：5c4d2532a9dcbe4f213baabe
                                   标题：DLO-03 カレとの約束3 [中国翻訳] [DL版]
                                   作者：Digital Lover (なかじまゆか)
                                   是否完结：否
                                   总页数：58
                                   分类：短篇,全彩,NTR
                                   章节数：1
                                   最后更新时间：2019-01-27T03:27:46.991Z
                                   =================================================
2026-08-07 01:43:23 - mkk_pika - database.py:101 - INFO - 保存成功：DLO-03 カレとの約束3 [中国翻訳] [DL版]
2026-08-07 01:43:23 - mkk_pika - main.py:35 - INFO - 开始检查DLO-04 カレと私の壊れたキズナ [中国翻訳] [DL版]是否存在未下载章节
2026-08-07 01:43:24 - mkk_pika - main.py:45 - INFO - 正在下载:[DLO-04 カレと私の壊れたキズナ [中国翻訳] [DL版]]-[Digital Lover (なかじまゆか)]-[['短篇', '全彩', 'NTR']]-[total_pages:48]
2026-08-07 01:43:24 - mkk_pika - main.py:49 - INFO - [{'_id': '5c4d2550a9dcbe4f213baafc', 'title': '第1集', 'order': 1, 'updated_at': '2019-01-27T02:09:27.550Z', 'id': '5c4d2550a9dcbe4f213baafc'}]
2026-08-07 01:43:24 - mkk_pika - database.py:215 - INFO - 第一次下载该漫画，记录数据库中
2026-08-07 01:43:25 - mkk_pika - main.py:83 - INFO - 找到 48 张图片在:第1集
2026-08-07 01:43:25 - mkk_pika - main.py:112 - INFO - [episode:第1集       ] downloaded:    48, total:  48, progress:100%
2026-08-07 01:43:25 - mkk_pika - database.py:238 - INFO - 数据库更新已下载章节
2026-08-07 01:43:25 - mkk_pika - database.py:244 - INFO - 该漫画已下载章节如下
2026-08-07 01:43:25 - mkk_pika - database.py:245 - INFO - ['第1集']
2026-08-07 01:43:27 - mkk_pika - main.py:348 - INFO - ==================== 漫画信息 ====================
                                   漫画ID：5c4d2550a9dcbe4f213baafb
                                   标题：DLO-04 カレと私の壊れたキズナ [中国翻訳] [DL版]
                                   作者：Digital Lover (なかじまゆか)
                                   是否完结：否
                                   总页数：48
                                   分类：短篇,全彩,NTR
                                   章节数：1
                                   最后更新时间：2019-01-27T03:28:16.800Z
                                   =================================================
2026-08-07 01:43:27 - mkk_pika - database.py:101 - INFO - 保存成功：DLO-04 カレと私の壊れたキズナ [中国翻訳] [DL版]
2026-08-07 01:43:27 - mkk_pika - main.py:35 - INFO - 开始检查ローラとクロの幸せの呪文是否存在未下载章节
2026-08-07 01:43:27 - mkk_pika - main.py:45 - INFO - 正在下载:[ローラとクロの幸せの呪文]-[魂神]-[['短篇', '純愛', '非人類']]-[total_pages:20]
2026-08-07 01:43:27 - mkk_pika - main.py:49 - INFO - [{'_id': '5c4d140fc7f75b666d6b62dc', 'title': '第3集', 'order': 1, 'updated_at': '2019-01-27T03:28:47.603Z', 'id': '5c4d140fc7f75b666d6b62dc'}, {'_id': '5c4d256f3591bb4f6aec2746', 'title': '第2集', 'order': 2, 'updated_at': '2019-01-27T02:30:28.673Z', 'id': '5c4d256f3591bb4f6aec2746'}]
2026-08-07 01:43:27 - mkk_pika - database.py:215 - INFO - 第一次下载该漫画，记录数据库中
2026-08-07 01:43:28 - mkk_pika - main.py:83 - INFO - 找到 11 张图片在:第3集
2026-08-07 01:43:28 - mkk_pika - main.py:112 - INFO - [episode:第3集       ] downloaded:    11, total:  11, progress:100%
2026-08-07 01:43:28 - mkk_pika - database.py:238 - INFO - 数据库更新已下载章节
2026-08-07 01:43:28 - mkk_pika - database.py:244 - INFO - 该漫画已下载章节如下
2026-08-07 01:43:28 - mkk_pika - database.py:245 - INFO - ['第3集']
2026-08-07 01:43:29 - mkk_pika - main.py:83 - INFO - 找到 9 张图片在:第2集
2026-08-07 01:43:30 - mkk_pika - main.py:112 - INFO - [episode:第2集       ] downloaded:     9, total:   9, progress:100%
2026-08-07 01:43:30 - mkk_pika - database.py:238 - INFO - 数据库更新已下载章节
2026-08-07 01:43:30 - mkk_pika - database.py:244 - INFO - 该漫画已下载章节如下
2026-08-07 01:43:30 - mkk_pika - database.py:245 - INFO - ['第3集', '第2集']
2026-08-07 01:43:31 - mkk_pika - main.py:348 - INFO - ==================== 漫画信息 ====================
                                   漫画ID：5c4d140fc7f75b666d6b62db
                                   标题：ローラとクロの幸せの呪文
                                   作者：魂神
                                   是否完结：是
                                   总页数：20
                                   分类：短篇,純愛,非人類
                                   章节数：2
                                   最后更新时间：2019-01-27T03:28:47.573Z
                                   =================================================
2026-08-07 01:43:31 - mkk_pika - database.py:101 - INFO - 保存成功：ローラとクロの幸せの呪文
2026-08-07 01:43:31 - mkk_pika - main.py:35 - INFO - 开始检查意外にあざとい球磨ちゃん(艦隊これくしょん -艦これ-)是否存在未下载章节
2026-08-07 01:43:31 - mkk_pika - main.py:45 - INFO - 正在下载:[意外にあざとい球磨ちゃん(艦隊これくしょん -艦これ-)]-[銀のあめ (まさよ)]-[['短篇', '同人', '艦隊收藏', '純愛']]-[total_pages:24]
2026-08-07 01:43:31 - mkk_pika - main.py:49 - INFO - [{'_id': '5c4d258c16ec0f7a87132782', 'title': '第1集', 'order': 1, 'updated_at': '2019-01-27T02:35:47.345Z', 'id': '5c4d258c16ec0f7a87132782'}]
2026-08-07 01:43:31 - mkk_pika - database.py:215 - INFO - 第一次下载该漫画，记录数据库中
2026-08-07 01:43:32 - mkk_pika - main.py:83 - INFO - 找到 24 张图片在:第1集
2026-08-07 01:43:32 - mkk_pika - main.py:112 - INFO - [episode:第1集       ] downloaded:    24, total:  24, progress:100%
2026-08-07 01:43:32 - mkk_pika - database.py:238 - INFO - 数据库更新已下载章节
2026-08-07 01:43:32 - mkk_pika - database.py:244 - INFO - 该漫画已下载章节如下
2026-08-07 01:43:32 - mkk_pika - database.py:245 - INFO - ['第1集']
2026-08-07 01:43:34 - mkk_pika - main.py:348 - INFO - ==================== 漫画信息 ====================
                                   漫画ID：5c4d258c16ec0f7a87132781
                                   标题：意外にあざとい球磨ちゃん(艦隊これくしょん -艦これ-)
                                   作者：銀のあめ (まさよ)
                                   是否完结：是
                                   总页数：24
                                   分类：短篇,同人,艦隊收藏,純愛
                                   章节数：1
                                   最后更新时间：2019-01-27T03:29:16.214Z
                                   =================================================
2026-08-07 01:43:34 - mkk_pika - database.py:101 - INFO - 保存成功：意外にあざとい球磨ちゃん(艦隊これくしょん -艦これ-)
2026-08-07 01:43:34 - mkk_pika - main.py:35 - INFO - 开始检查(C95)ナンキョク迷子 (Fate/Grand Order)是否存在未下载章节
2026-08-07 01:43:34 - mkk_pika - main.py:45 - INFO - 正在下载:[(C95)ナンキョク迷子 (Fate/Grand Order)]-[AYUEST (あゆや)]-[['短篇', '同人', 'Fate', '純愛']]-[total_pages:28]
2026-08-07 01:43:34 - mkk_pika - main.py:49 - INFO - [{'_id': '5c4d25a2e372274f62c8624e', 'title': '第1集', 'order': 1, 'updated_at': '2019-01-27T02:45:48.660Z', 'id': '5c4d25a2e372274f62c8624e'}]
2026-08-07 01:43:34 - mkk_pika - database.py:215 - INFO - 第一次下载该漫画，记录数据库中
2026-08-07 01:43:34 - mkk_pika - main.py:83 - INFO - 找到 28 张图片在:第1集
2026-08-07 01:43:35 - mkk_pika - main.py:112 - INFO - [episode:第1集       ] downloaded:    28, total:  28, progress:100%
2026-08-07 01:43:35 - mkk_pika - database.py:238 - INFO - 数据库更新已下载章节
2026-08-07 01:43:35 - mkk_pika - database.py:244 - INFO - 该漫画已下载章节如下
2026-08-07 01:43:35 - mkk_pika - database.py:245 - INFO - ['第1集']
2026-08-07 01:43:36 - mkk_pika - main.py:348 - INFO - ==================== 漫画信息 ====================
                                   漫画ID：5c4d25a2e372274f62c8624d
                                   标题：(C95)ナンキョク迷子 (Fate/Grand Order)
                                   作者：AYUEST (あゆや)
                                   是否完结：是
                                   总页数：28
                                   分类：短篇,同人,Fate,純愛
                                   章节数：1
                                   最后更新时间：2019-01-27T03:29:38.471Z
                                   =================================================
2026-08-07 01:43:36 - mkk_pika - database.py:101 - INFO - 保存成功：(C95)ナンキョク迷子 (Fate/Grand Order)
2026-08-07 01:43:36 - mkk_pika - main.py:35 - INFO - 开始检查瑞鳳食べりゅ? (艦隊これくしょん -艦これ-) 是否存在未下载章节
2026-08-07 01:43:37 - mkk_pika - main.py:45 - INFO - 正在下载:[瑞鳳食べりゅ? (艦隊これくしょん -艦これ-) ]-[あらくの☆まにあ (雲衛門)]-[['同人', '短篇', '艦隊收藏']]-[total_pages:24]
2026-08-07 01:43:37 - mkk_pika - main.py:49 - INFO - [{'_id': '5c4d260cf8cde166a878f0a2', 'title': '第1集', 'order': 1, 'updated_at': '2019-01-27T02:52:24.860Z', 'id': '5c4d260cf8cde166a878f0a2'}]
2026-08-07 01:43:37 - mkk_pika - database.py:215 - INFO - 第一次下载该漫画，记录数据库中
2026-08-07 01:43:37 - mkk_pika - main.py:83 - INFO - 找到 24 张图片在:第1集
2026-08-07 01:43:38 - mkk_pika - main.py:112 - INFO - [episode:第1集       ] downloaded:    24, total:  24, progress:100%
2026-08-07 01:43:38 - mkk_pika - database.py:238 - INFO - 数据库更新已下载章节
2026-08-07 01:43:38 - mkk_pika - database.py:244 - INFO - 该漫画已下载章节如下
2026-08-07 01:43:38 - mkk_pika - database.py:245 - INFO - ['第1集']
2026-08-07 01:43:39 - mkk_pika - main.py:348 - INFO - ==================== 漫画信息 ====================
                                   漫画ID：5c4d260cf8cde166a878f0a1
                                   标题：瑞鳳食べりゅ? (艦隊これくしょん -艦これ-) 
                                   作者：あらくの☆まにあ (雲衛門)
                                   是否完结：是
                                   总页数：24
                                   分类：同人,短篇,艦隊收藏
                                   章节数：1
                                   最后更新时间：2019-01-27T03:31:24.220Z
                                   =================================================
2026-08-07 01:43:39 - mkk_pika - database.py:101 - INFO - 保存成功：瑞鳳食べりゅ? (艦隊これくしょん -艦これ-) 
2026-08-07 01:43:39 - mkk_pika - main.py:35 - INFO - 开始检查偶然再会した同級生（人妻）を堕とす話是否存在未下载章节
2026-08-07 01:43:39 - mkk_pika - main.py:45 - INFO - 正在下载:[偶然再会した同級生（人妻）を堕とす話]-[妄想エンジン (コロツケ)]-[['短篇', '人妻', 'NTR', '全彩']]-[total_pages:49]
2026-08-07 01:43:39 - mkk_pika - main.py:49 - INFO - [{'_id': '5c4d261b16ec0f7a871327a0', 'title': '第1集', 'order': 1, 'updated_at': '2019-01-27T02:51:54.700Z', 'id': '5c4d261b16ec0f7a871327a0'}]
2026-08-07 01:43:39 - mkk_pika - database.py:215 - INFO - 第一次下载该漫画，记录数据库中
2026-08-07 01:43:40 - mkk_pika - main.py:83 - INFO - 找到 49 张图片在:第1集
2026-08-07 01:43:41 - mkk_pika - main.py:112 - INFO - [episode:第1集       ] downloaded:    49, total:  49, progress:100%
2026-08-07 01:43:41 - mkk_pika - database.py:238 - INFO - 数据库更新已下载章节
2026-08-07 01:43:41 - mkk_pika - database.py:244 - INFO - 该漫画已下载章节如下
2026-08-07 01:43:41 - mkk_pika - database.py:245 - INFO - ['第1集']
2026-08-07 01:43:42 - mkk_pika - main.py:348 - INFO - ==================== 漫画信息 ====================
                                   漫画ID：5c4d261b16ec0f7a8713279f
                                   标题：偶然再会した同級生（人妻）を堕とす話
                                   作者：妄想エンジン (コロツケ)
                                   是否完结：是
                                   总页数：49
                                   分类：短篇,人妻,NTR,全彩
                                   章节数：1
                                   最后更新时间：2019-01-27T03:31:39.585Z
                                   =================================================
2026-08-07 01:43:42 - mkk_pika - database.py:101 - INFO - 保存成功：偶然再会した同級生（人妻）を堕とす話
2026-08-07 01:43:42 - mkk_pika - main.py:35 - INFO - 开始检查(C94) イ心デン心 (ゼノブレイド2)是否存在未下载章节
2026-08-07 01:43:43 - mkk_pika - main.py:45 - INFO - 正在下载:[(C94) イ心デン心 (ゼノブレイド2)]-[ゆーき乳業 (悠木しん)]-[['同人', '短篇']]-[total_pages:24]
2026-08-07 01:43:43 - mkk_pika - main.py:49 - INFO - [{'_id': '5c4d263184f0fa6665454e73', 'title': '第1集', 'order': 1, 'updated_at': '2019-01-27T02:55:24.997Z', 'id': '5c4d263184f0fa6665454e73'}]
2026-08-07 01:43:43 - mkk_pika - database.py:215 - INFO - 第一次下载该漫画，记录数据库中
2026-08-07 01:43:43 - mkk_pika - main.py:83 - INFO - 找到 24 张图片在:第1集
2026-08-07 01:43:44 - mkk_pika - main.py:112 - INFO - [episode:第1集       ] downloaded:    24, total:  24, progress:100%
2026-08-07 01:43:44 - mkk_pika - database.py:238 - INFO - 数据库更新已下载章节
2026-08-07 01:43:44 - mkk_pika - database.py:244 - INFO - 该漫画已下载章节如下
2026-08-07 01:43:44 - mkk_pika - database.py:245 - INFO - ['第1集']
2026-08-07 01:43:45 - mkk_pika - main.py:348 - INFO - ==================== 漫画信息 ====================
                                   漫画ID：5c4d263184f0fa6665454e72
                                   标题：(C94) イ心デン心 (ゼノブレイド2)
                                   作者：ゆーき乳業 (悠木しん)
                                   是否完结：是
                                   总页数：24
                                   分类：同人,短篇
                                   章节数：1
                                   最后更新时间：2019-01-27T03:32:01.400Z
                                   =================================================
2026-08-07 01:43:45 - mkk_pika - database.py:101 - INFO - 保存成功：(C94) イ心デン心 (ゼノブレイド2)
2026-08-07 01:43:45 - mkk_pika - main.py:35 - INFO - 开始检查時津風と一緒に。 參 (艦隊これくしょん -艦これ-)是否存在未下载章节
2026-08-07 01:43:45 - mkk_pika - main.py:45 - INFO - 正在下载:[時津風と一緒に。 參 (艦隊これくしょん -艦これ-)]-[STEELACT (二条かため)]-[['短篇', '同人', '純愛', '艦隊收藏']]-[total_pages:22]
2026-08-07 01:43:45 - mkk_pika - main.py:49 - INFO - [{'_id': '5c4d267916ec0f7a871327d3', 'title': '第1集', 'order': 1, 'updated_at': '2019-01-27T03:28:26.077Z', 'id': '5c4d267916ec0f7a871327d3'}]
2026-08-07 01:43:45 - mkk_pika - database.py:215 - INFO - 第一次下载该漫画，记录数据库中
2026-08-07 01:43:46 - mkk_pika - main.py:83 - INFO - 找到 22 张图片在:第1集
2026-08-07 01:43:46 - mkk_pika - main.py:112 - INFO - [episode:第1集       ] downloaded:    22, total:  22, progress:100%
2026-08-07 01:43:46 - mkk_pika - database.py:238 - INFO - 数据库更新已下载章节
2026-08-07 01:43:46 - mkk_pika - database.py:244 - INFO - 该漫画已下载章节如下
2026-08-07 01:43:46 - mkk_pika - database.py:245 - INFO - ['第1集']
2026-08-07 01:43:47 - mkk_pika - main.py:348 - INFO - ==================== 漫画信息 ====================
                                   漫画ID：5c4d267916ec0f7a871327d2
                                   标题：時津風と一緒に。 參 (艦隊これくしょん -艦これ-)
                                   作者：STEELACT (二条かため)
                                   是否完结：是
                                   总页数：22
                                   分类：短篇,同人,純愛,艦隊收藏
                                   章节数：1
                                   最后更新时间：2019-01-27T03:33:13.250Z
                                   =================================================
2026-08-07 01:43:47 - mkk_pika - database.py:101 - INFO - 保存成功：時津風と一緒に。 參 (艦隊これくしょん -艦これ-)
2026-08-07 01:43:47 - mkk_pika - main.py:35 - INFO - 开始检查色欲アジテーション是否存在未下载章节
2026-08-07 01:43:48 - mkk_pika - main.py:45 - INFO - 正在下载:[色欲アジテーション]-[右脳]-[['長篇', '單行本']]-[total_pages:192]
2026-08-07 01:43:48 - mkk_pika - main.py:49 - INFO - [{'_id': '5c4db46a1ed27e54e2be8857', 'title': '第1集', 'order': 1, 'updated_at': '2019-01-27T03:46:40.449Z', 'id': '5c4db46a1ed27e54e2be8857'}]
2026-08-07 01:43:48 - mkk_pika - database.py:215 - INFO - 第一次下载该漫画，记录数据库中
2026-08-07 01:43:49 - mkk_pika - main.py:83 - INFO - 找到 192 张图片在:第1集
2026-08-07 01:43:54 - mkk_pika - main.py:112 - INFO - [episode:第1集       ] downloaded:   192, total: 192, progress:100%
2026-08-07 01:43:54 - mkk_pika - database.py:238 - INFO - 数据库更新已下载章节
2026-08-07 01:43:54 - mkk_pika - database.py:244 - INFO - 该漫画已下载章节如下
2026-08-07 01:43:54 - mkk_pika - database.py:245 - INFO - ['第1集']
2026-08-07 01:43:55 - mkk_pika - main.py:348 - INFO - ==================== 漫画信息 ====================
                                   漫画ID：5c4db46a1ed27e54e2be8856
                                   标题：色欲アジテーション
                                   作者：右脳
                                   是否完结：是
                                   总页数：192
                                   分类：長篇,單行本
                                   章节数：1
                                   最后更新时间：2019-01-27T13:38:50.272Z
                                   =================================================
2026-08-07 01:43:55 - mkk_pika - database.py:101 - INFO - 保存成功：色欲アジテーション
2026-08-07 01:43:55 - mkk_pika - main.py:35 - INFO - 开始检查寝取られ少女ユニコーン (アズールレーン) 是否存在未下载章节
2026-08-07 01:43:55 - mkk_pika - main.py:45 - INFO - 正在下载:[寝取られ少女ユニコーン (アズールレーン) ]-[French letter (藤崎ひかり)]-[['同人', '短篇', '妹妹系']]-[total_pages:22]
2026-08-07 01:43:55 - mkk_pika - main.py:49 - INFO - [{'_id': '5c4db710beb6bf7c9312d116', 'title': '第1集', 'order': 1, 'updated_at': '2019-01-27T03:58:52.891Z', 'id': '5c4db710beb6bf7c9312d116'}]
2026-08-07 01:43:55 - mkk_pika - database.py:215 - INFO - 第一次下载该漫画，记录数据库中
2026-08-07 01:43:56 - mkk_pika - main.py:83 - INFO - 找到 22 张图片在:第1集
2026-08-07 01:43:56 - mkk_pika - main.py:112 - INFO - [episode:第1集       ] downloaded:    22, total:  22, progress:100%
2026-08-07 01:43:56 - mkk_pika - database.py:238 - INFO - 数据库更新已下载章节
2026-08-07 01:43:56 - mkk_pika - database.py:244 - INFO - 该漫画已下载章节如下
2026-08-07 01:43:56 - mkk_pika - database.py:245 - INFO - ['第1集']
2026-08-07 01:43:57 - mkk_pika - main.py:348 - INFO - ==================== 漫画信息 ====================
                                   漫画ID：5c4db710beb6bf7c9312d115
                                   标题：寝取られ少女ユニコーン (アズールレーン) 
                                   作者：French letter (藤崎ひかり)
                                   是否完结：否
                                   总页数：22
                                   分类：同人,短篇,妹妹系
                                   章节数：1
                                   最后更新时间：2019-01-27T13:50:08.566Z
                                   =================================================
2026-08-07 01:43:57 - mkk_pika - database.py:101 - INFO - 保存成功：寝取られ少女ユニコーン (アズールレーン) 
2026-08-07 01:43:57 - mkk_pika - main.py:35 - INFO - 开始检查淫行リキッド | 淫行的液體是否存在未下载章节
2026-08-07 01:43:58 - mkk_pika - main.py:45 - INFO - 正在下载:[淫行リキッド | 淫行的液體]-[えすお]-[['長篇', '單行本']]-[total_pages:209]
2026-08-07 01:43:58 - mkk_pika - main.py:49 - INFO - [{'_id': '5c4db72bbeb6bf7c9312d12e', 'title': '第1集', 'order': 1, 'updated_at': '2019-01-27T04:06:17.302Z', 'id': '5c4db72bbeb6bf7c9312d12e'}]
2026-08-07 01:43:58 - mkk_pika - database.py:215 - INFO - 第一次下载该漫画，记录数据库中
2026-08-07 01:44:00 - mkk_pika - main.py:83 - INFO - 找到 209 张图片在:第1集
2026-08-07 01:44:04 - mkk_pika - main.py:112 - INFO - [episode:第1集       ] downloaded:   209, total: 209, progress:100%
2026-08-07 01:44:04 - mkk_pika - database.py:238 - INFO - 数据库更新已下载章节
2026-08-07 01:44:04 - mkk_pika - database.py:244 - INFO - 该漫画已下载章节如下
2026-08-07 01:44:04 - mkk_pika - database.py:245 - INFO - ['第1集']
2026-08-07 01:44:05 - mkk_pika - main.py:348 - INFO - ==================== 漫画信息 ====================
                                   漫画ID：5c4db72bbeb6bf7c9312d12d
                                   标题：淫行リキッド | 淫行的液體
                                   作者：えすお
                                   是否完结：是
                                   总页数：209
                                   分类：長篇,單行本
                                   章节数：1
                                   最后更新时间：2019-01-27T13:50:35.856Z
                                   =================================================
2026-08-07 01:44:05 - mkk_pika - database.py:101 - INFO - 保存成功：淫行リキッド | 淫行的液體
2026-08-07 01:44:05 - mkk_pika - main.py:35 - INFO - 开始检查アズこれ (アズールレーン) 是否存在未下载章节
2026-08-07 01:44:05 - mkk_pika - main.py:45 - INFO - 正在下载:[アズこれ (アズールレーン) ]-[D-heaven (あまのがみだい)]-[['同人', '短篇']]-[total_pages:24]
2026-08-07 01:44:05 - mkk_pika - main.py:49 - INFO - [{'_id': '5c4db7460643c04d0d3144f1', 'title': '第1集', 'order': 1, 'updated_at': '2019-01-27T04:16:26.340Z', 'id': '5c4db7460643c04d0d3144f1'}]
2026-08-07 01:44:05 - mkk_pika - database.py:215 - INFO - 第一次下载该漫画，记录数据库中
2026-08-07 01:44:07 - mkk_pika - main.py:83 - INFO - 找到 24 张图片在:第1集
2026-08-07 01:44:07 - mkk_pika - main.py:112 - INFO - [episode:第1集       ] downloaded:    24, total:  24, progress:100%
2026-08-07 01:44:07 - mkk_pika - database.py:238 - INFO - 数据库更新已下载章节
2026-08-07 01:44:07 - mkk_pika - database.py:244 - INFO - 该漫画已下载章节如下
2026-08-07 01:44:07 - mkk_pika - database.py:245 - INFO - ['第1集']
2026-08-07 01:44:09 - mkk_pika - main.py:348 - INFO - ==================== 漫画信息 ====================
                                   漫画ID：5c4db7460643c04d0d3144f0
                                   标题：アズこれ (アズールレーン) 
                                   作者：D-heaven (あまのがみだい)
                                   是否完结：否
                                   总页数：24
                                   分类：同人,短篇
                                   章节数：1
                                   最后更新时间：2019-01-27T13:51:02.405Z
                                   =================================================
2026-08-07 01:44:09 - mkk_pika - database.py:101 - INFO - 保存成功：アズこれ (アズールレーン) 
2026-08-07 01:44:09 - mkk_pika - main.py:35 - INFO - 开始检查Star Saint, Star Louis是否存在未下载章节
2026-08-07 01:44:09 - mkk_pika - main.py:45 - INFO - 正在下载:[Star Saint, Star Louis]-[C.R's NEST (しーあーる)]-[['同人', '短篇']]-[total_pages:20]
2026-08-07 01:44:09 - mkk_pika - main.py:49 - INFO - [{'_id': '5c4db7a9323dc17c648365ae', 'title': '第1集', 'order': 1, 'updated_at': '2019-01-27T04:30:11.108Z', 'id': '5c4db7a9323dc17c648365ae'}]
2026-08-07 01:44:09 - mkk_pika - database.py:215 - INFO - 第一次下载该漫画，记录数据库中
2026-08-07 01:44:09 - mkk_pika - main.py:83 - INFO - 找到 20 张图片在:第1集
2026-08-07 01:44:10 - mkk_pika - main.py:112 - INFO - [episode:第1集       ] downloaded:    20, total:  20, progress:100%
2026-08-07 01:44:10 - mkk_pika - database.py:238 - INFO - 数据库更新已下载章节
2026-08-07 01:44:10 - mkk_pika - database.py:244 - INFO - 该漫画已下载章节如下
2026-08-07 01:44:10 - mkk_pika - database.py:245 - INFO - ['第1集']
2026-08-07 01:44:11 - mkk_pika - main.py:348 - INFO - ==================== 漫画信息 ====================
                                   漫画ID：5c4db7a9323dc17c648365ad
                                   标题：Star Saint, Star Louis
                                   作者：C.R's NEST (しーあーる)
                                   是否完结：否
                                   总页数：20
                                   分类：同人,短篇
                                   章节数：1
                                   最后更新时间：2019-01-27T13:52:41.611Z
                                   =================================================
2026-08-07 01:44:11 - mkk_pika - database.py:101 - INFO - 保存成功：Star Saint, Star Louis
2026-08-07 01:44:11 - mkk_pika - main.py:35 - INFO - 开始检查発情狐に遊ばれて... (アズールレーン)是否存在未下载章节
2026-08-07 01:44:11 - mkk_pika - main.py:45 - INFO - 正在下载:[発情狐に遊ばれて... (アズールレーン)]-[アゲ揚げ (からあげチャン)]-[['同人', '短篇']]-[total_pages:20]
2026-08-07 01:44:11 - mkk_pika - main.py:49 - INFO - [{'_id': '5c4db7c4beb6bf7c9312d213', 'title': '第1集', 'order': 1, 'updated_at': '2019-01-27T04:39:21.886Z', 'id': '5c4db7c4beb6bf7c9312d213'}]
2026-08-07 01:44:11 - mkk_pika - database.py:215 - INFO - 第一次下载该漫画，记录数据库中
2026-08-07 01:44:12 - mkk_pika - main.py:83 - INFO - 找到 20 张图片在:第1集
2026-08-07 01:44:12 - mkk_pika - main.py:112 - INFO - [episode:第1集       ] downloaded:    20, total:  20, progress:100%
2026-08-07 01:44:12 - mkk_pika - database.py:238 - INFO - 数据库更新已下载章节
2026-08-07 01:44:12 - mkk_pika - database.py:244 - INFO - 该漫画已下载章节如下
2026-08-07 01:44:12 - mkk_pika - database.py:245 - INFO - ['第1集']
2026-08-07 01:44:14 - mkk_pika - main.py:348 - INFO - ==================== 漫画信息 ====================
                                   漫画ID：5c4db7c4beb6bf7c9312d212
                                   标题：発情狐に遊ばれて... (アズールレーン)
                                   作者：アゲ揚げ (からあげチャン)
                                   是否完结：否
                                   总页数：20
                                   分类：同人,短篇
                                   章节数：1
                                   最后更新时间：2019-01-27T13:53:08.106Z
                                   =================================================
2026-08-07 01:44:14 - mkk_pika - database.py:101 - INFO - 保存成功：発情狐に遊ばれて... (アズールレーン)
2026-08-07 01:44:14 - mkk_pika - main.py:35 - INFO - 开始检查とってもわるい子ゆにこーん (アズールレーン)是否存在未下载章节
2026-08-07 01:44:14 - mkk_pika - main.py:45 - INFO - 正在下载:[とってもわるい子ゆにこーん (アズールレーン)]-[ココアホリック (ユイザキカズヤ)]-[['同人', '短篇', '妹妹系']]-[total_pages:32]
2026-08-07 01:44:14 - mkk_pika - main.py:49 - INFO - [{'_id': '5c4db7dabeb6bf7c9312d229', 'title': '第1集', 'order': 1, 'updated_at': '2019-01-27T04:51:57.030Z', 'id': '5c4db7dabeb6bf7c9312d229'}]
2026-08-07 01:44:14 - mkk_pika - database.py:215 - INFO - 第一次下载该漫画，记录数据库中
2026-08-07 01:44:15 - mkk_pika - main.py:83 - INFO - 找到 32 张图片在:第1集
2026-08-07 01:44:15 - mkk_pika - main.py:112 - INFO - [episode:第1集       ] downloaded:    32, total:  32, progress:100%
2026-08-07 01:44:15 - mkk_pika - database.py:238 - INFO - 数据库更新已下载章节
2026-08-07 01:44:15 - mkk_pika - database.py:244 - INFO - 该漫画已下载章节如下
2026-08-07 01:44:15 - mkk_pika - database.py:245 - INFO - ['第1集']
2026-08-07 01:44:16 - mkk_pika - main.py:348 - INFO - ==================== 漫画信息 ====================
                                   漫画ID：5c4db7dabeb6bf7c9312d228
                                   标题：とってもわるい子ゆにこーん (アズールレーン)
                                   作者：ココアホリック (ユイザキカズヤ)
                                   是否完结：否
                                   总页数：32
                                   分类：同人,短篇,妹妹系
                                   章节数：1
                                   最后更新时间：2019-01-27T13:53:30.852Z
                                   =================================================
2026-08-07 01:44:16 - mkk_pika - database.py:101 - INFO - 保存成功：とってもわるい子ゆにこーん (アズールレーン)
2026-08-07 01:44:16 - mkk_pika - main.py:35 - INFO - 开始检查サラトガちゃんとあそぼ! (アズールレーン) 是否存在未下载章节
2026-08-07 01:44:17 - mkk_pika - main.py:45 - INFO - 正在下载:[サラトガちゃんとあそぼ! (アズールレーン) ]-[スライム企画 (栗柚クリュー)]-[['同人', '短篇']]-[total_pages:27]
2026-08-07 01:44:17 - mkk_pika - main.py:49 - INFO - [{'_id': '5c4db8031cf37d29d5883acb', 'title': '第1集', 'order': 1, 'updated_at': '2019-01-27T05:01:25.036Z', 'id': '5c4db8031cf37d29d5883acb'}]
2026-08-07 01:44:17 - mkk_pika - database.py:215 - INFO - 第一次下载该漫画，记录数据库中
2026-08-07 01:44:17 - mkk_pika - main.py:83 - INFO - 找到 27 张图片在:第1集
2026-08-07 01:44:18 - mkk_pika - main.py:112 - INFO - [episode:第1集       ] downloaded:    27, total:  27, progress:100%
2026-08-07 01:44:18 - mkk_pika - database.py:238 - INFO - 数据库更新已下载章节
2026-08-07 01:44:18 - mkk_pika - database.py:244 - INFO - 该漫画已下载章节如下
2026-08-07 01:44:18 - mkk_pika - database.py:245 - INFO - ['第1集']
2026-08-07 01:44:19 - mkk_pika - main.py:348 - INFO - ==================== 漫画信息 ====================
                                   漫画ID：5c4db8031cf37d29d5883aca
                                   标题：サラトガちゃんとあそぼ! (アズールレーン) 
                                   作者：スライム企画 (栗柚クリュー)
                                   是否完结：否
                                   总页数：27
                                   分类：同人,短篇
                                   章节数：1
                                   最后更新时间：2019-01-27T13:54:11.738Z
                                   =================================================
2026-08-07 01:44:19 - mkk_pika - database.py:101 - INFO - 保存成功：サラトガちゃんとあそぼ! (アズールレーン) 
2026-08-07 01:44:19 - mkk_pika - main.py:35 - INFO - 开始检查SAKURA FLEET(アズールレーン)是否存在未下载章节
2026-08-07 01:44:19 - mkk_pika - main.py:45 - INFO - 正在下载:[SAKURA FLEET(アズールレーン)]-[鶯屋 (鶯神楽)]-[['短篇', '同人', '後宮閃光']]-[total_pages:24]
2026-08-07 01:44:19 - mkk_pika - main.py:49 - INFO - [{'_id': '5c4db8550643c04d0d31453e', 'title': '第1集', 'order': 1, 'updated_at': '2019-01-27T06:49:29.663Z', 'id': '5c4db8550643c04d0d31453e'}]
2026-08-07 01:44:19 - mkk_pika - database.py:215 - INFO - 第一次下载该漫画，记录数据库中
2026-08-07 01:44:20 - mkk_pika - main.py:83 - INFO - 找到 24 张图片在:第1集
2026-08-07 01:44:21 - mkk_pika - main.py:112 - INFO - [episode:第1集       ] downloaded:    24, total:  24, progress:100%
2026-08-07 01:44:21 - mkk_pika - database.py:238 - INFO - 数据库更新已下载章节
2026-08-07 01:44:21 - mkk_pika - database.py:244 - INFO - 该漫画已下载章节如下
2026-08-07 01:44:21 - mkk_pika - database.py:245 - INFO - ['第1集']
2026-08-07 01:44:22 - mkk_pika - main.py:348 - INFO - ==================== 漫画信息 ====================
                                   漫画ID：5c4db8550643c04d0d31453d
                                   标题：SAKURA FLEET(アズールレーン)
                                   作者：鶯屋 (鶯神楽)
                                   是否完结：是
                                   总页数：24
                                   分类：短篇,同人,後宮閃光
                                   章节数：1
                                   最后更新时间：2019-01-27T13:55:33.137Z
                                   =================================================
2026-08-07 01:44:22 - mkk_pika - database.py:101 - INFO - 保存成功：SAKURA FLEET(アズールレーン)
2026-08-07 01:44:22 - mkk_pika - main.py:35 - INFO - 开始检查真夜中のお客さん (COMIC メガストアH 2013年07月号 Vol.112)是否存在未下载章节
2026-08-07 01:44:22 - mkk_pika - main.py:45 - INFO - 正在下载:[真夜中のお客さん (COMIC メガストアH 2013年07月号 Vol.112)]-[赤兎 (復八磨直兎)]-[['短篇']]-[total_pages:20]
2026-08-07 01:44:22 - mkk_pika - main.py:49 - INFO - [{'_id': '5c4db8d73dc66629a9d36f6a', 'title': '第1集', 'order': 1, 'updated_at': '2019-01-26T11:10:09.924Z', 'id': '5c4db8d73dc66629a9d36f6a'}]
2026-08-07 01:44:22 - mkk_pika - database.py:215 - INFO - 第一次下载该漫画，记录数据库中
2026-08-07 01:44:23 - mkk_pika - main.py:83 - INFO - 找到 20 张图片在:第1集
2026-08-07 01:44:23 - mkk_pika - main.py:112 - INFO - [episode:第1集       ] downloaded:    20, total:  20, progress:100%
2026-08-07 01:44:23 - mkk_pika - database.py:238 - INFO - 数据库更新已下载章节
2026-08-07 01:44:23 - mkk_pika - database.py:244 - INFO - 该漫画已下载章节如下
2026-08-07 01:44:23 - mkk_pika - database.py:245 - INFO - ['第1集']
2026-08-07 01:44:24 - mkk_pika - main.py:348 - INFO - ==================== 漫画信息 ====================
                                   漫画ID：5c4db8d73dc66629a9d36f69
                                   标题：真夜中のお客さん (COMIC メガストアH 2013年07月号 Vol.112)
                                   作者：赤兎 (復八磨直兎)
                                   是否完结：是
                                   总页数：20
                                   分类：短篇
                                   章节数：1
                                   最后更新时间：2019-01-27T13:57:43.346Z
                                   =================================================
2026-08-07 01:44:24 - mkk_pika - database.py:101 - INFO - 保存成功：真夜中のお客さん (COMIC メガストアH 2013年07月号 Vol.112)
2026-08-07 01:44:24 - mkk_pika - main.py:35 - INFO - 开始检查 星奈は着物が着れない (僕は友達が少ない) 是否存在未下载章节
2026-08-07 01:44:25 - mkk_pika - main.py:45 - INFO - 正在下载:[ 星奈は着物が着れない (僕は友達が少ない) ]-[赤兎 (復八磨直兎)]-[['短篇']]-[total_pages:22]
2026-08-07 01:44:25 - mkk_pika - main.py:49 - INFO - [{'_id': '5c4db9011cf37d29d5883b36', 'title': '第1集', 'order': 1, 'updated_at': '2019-01-26T11:04:53.042Z', 'id': '5c4db9011cf37d29d5883b36'}]
2026-08-07 01:44:25 - mkk_pika - database.py:215 - INFO - 第一次下载该漫画，记录数据库中
2026-08-07 01:44:25 - mkk_pika - main.py:83 - INFO - 找到 22 张图片在:第1集
2026-08-07 01:44:26 - mkk_pika - main.py:112 - INFO - [episode:第1集       ] downloaded:    22, total:  22, progress:100%
2026-08-07 01:44:26 - mkk_pika - database.py:238 - INFO - 数据库更新已下载章节
2026-08-07 01:44:26 - mkk_pika - database.py:244 - INFO - 该漫画已下载章节如下
2026-08-07 01:44:26 - mkk_pika - database.py:245 - INFO - ['第1集']
2026-08-07 01:44:27 - mkk_pika - main.py:348 - INFO - ==================== 漫画信息 ====================
                                   漫画ID：5c4db9011cf37d29d5883b35
                                   标题： 星奈は着物が着れない (僕は友達が少ない) 
                                   作者：赤兎 (復八磨直兎)
                                   是否完结：是
                                   总页数：22
                                   分类：短篇
                                   章节数：1
                                   最后更新时间：2019-01-27T13:58:25.765Z
                                   =================================================
2026-08-07 01:44:27 - mkk_pika - database.py:101 - INFO - 保存成功： 星奈は着物が着れない (僕は友達が少ない) 
2026-08-07 01:44:27 - mkk_pika - main.py:35 - INFO - 开始检查夕暮れのおさそい (コミック マショウ 2013年4月号)是否存在未下载章节
2026-08-07 01:44:27 - mkk_pika - main.py:45 - INFO - 正在下载:[夕暮れのおさそい (コミック マショウ 2013年4月号)]-[赤兎 (復八磨直兎)]-[['短篇']]-[total_pages:16]
2026-08-07 01:44:27 - mkk_pika - main.py:49 - INFO - [{'_id': '5c4db94648e8795527347835', 'title': '第1集', 'order': 1, 'updated_at': '2019-01-26T10:59:19.122Z', 'id': '5c4db94648e8795527347835'}]
2026-08-07 01:44:27 - mkk_pika - database.py:215 - INFO - 第一次下载该漫画，记录数据库中
2026-08-07 01:44:28 - mkk_pika - main.py:83 - INFO - 找到 16 张图片在:第1集
2026-08-07 01:44:28 - mkk_pika - main.py:112 - INFO - [episode:第1集       ] downloaded:    16, total:  16, progress:100%
2026-08-07 01:44:28 - mkk_pika - database.py:238 - INFO - 数据库更新已下载章节
2026-08-07 01:44:28 - mkk_pika - database.py:244 - INFO - 该漫画已下载章节如下
2026-08-07 01:44:28 - mkk_pika - database.py:245 - INFO - ['第1集']
2026-08-07 01:44:29 - mkk_pika - main.py:348 - INFO - ==================== 漫画信息 ====================
                                   漫画ID：5c4db94648e8795527347834
                                   标题：夕暮れのおさそい (コミック マショウ 2013年4月号)
                                   作者：赤兎 (復八磨直兎)
                                   是否完结：是
                                   总页数：16
                                   分类：短篇
                                   章节数：1
                                   最后更新时间：2019-01-27T13:59:34.337Z
                                   =================================================
2026-08-07 01:44:29 - mkk_pika - database.py:101 - INFO - 保存成功：夕暮れのおさそい (コミック マショウ 2013年4月号)
2026-08-07 01:44:29 - mkk_pika - main.py:35 - INFO - 开始检查麗華お嬢様の料理人 (COMICペンギンセレブ2013年6月号)是否存在未下载章节
2026-08-07 01:44:30 - mkk_pika - main.py:45 - INFO - 正在下载:[麗華お嬢様の料理人 (COMICペンギンセレブ2013年6月号)]-[赤兎 (復八磨直兎)]-[['短篇']]-[total_pages:20]
2026-08-07 01:44:30 - mkk_pika - main.py:49 - INFO - [{'_id': '5c4dba6b2536b429dbc804e2', 'title': '第1集', 'order': 1, 'updated_at': '2019-01-26T09:24:05.695Z', 'id': '5c4dba6b2536b429dbc804e2'}]
2026-08-07 01:44:30 - mkk_pika - database.py:215 - INFO - 第一次下载该漫画，记录数据库中
2026-08-07 01:44:30 - mkk_pika - main.py:83 - INFO - 找到 20 张图片在:第1集
2026-08-07 01:44:31 - mkk_pika - main.py:112 - INFO - [episode:第1集       ] downloaded:    20, total:  20, progress:100%
2026-08-07 01:44:31 - mkk_pika - database.py:238 - INFO - 数据库更新已下载章节
2026-08-07 01:44:31 - mkk_pika - database.py:244 - INFO - 该漫画已下载章节如下
2026-08-07 01:44:31 - mkk_pika - database.py:245 - INFO - ['第1集']
2026-08-07 01:44:32 - mkk_pika - main.py:348 - INFO - ==================== 漫画信息 ====================
                                   漫画ID：5c4dba6b2536b429dbc804e1
                                   标题：麗華お嬢様の料理人 (COMICペンギンセレブ2013年6月号)
                                   作者：赤兎 (復八磨直兎)
                                   是否完结：是
                                   总页数：20
                                   分类：短篇
                                   章节数：1
                                   最后更新时间：2019-01-27T14:04:27.687Z
                                   =================================================
2026-08-07 01:44:32 - mkk_pika - database.py:101 - INFO - 保存成功：麗華お嬢様の料理人 (COMICペンギンセレブ2013年6月号)
2026-08-07 01:44:32 - mkk_pika - main.py:35 - INFO - 开始检查かわいい子ほどいじめたい (コミックメガストアα 2014年1月号)是否存在未下载章节
2026-08-07 01:44:32 - mkk_pika - main.py:45 - INFO - 正在下载:[かわいい子ほどいじめたい (コミックメガストアα 2014年1月号)]-[赤兎 (復八磨直兎)]-[['短篇']]-[total_pages:20]
2026-08-07 01:44:32 - mkk_pika - main.py:49 - INFO - [{'_id': '5c4dba81772e5e4d159428de', 'title': '第1集', 'order': 1, 'updated_at': '2019-01-26T09:17:11.096Z', 'id': '5c4dba81772e5e4d159428de'}]
2026-08-07 01:44:32 - mkk_pika - database.py:215 - INFO - 第一次下载该漫画，记录数据库中
2026-08-07 01:44:33 - mkk_pika - main.py:83 - INFO - 找到 20 张图片在:第1集
2026-08-07 01:44:33 - mkk_pika - main.py:112 - INFO - [episode:第1集       ] downloaded:    20, total:  20, progress:100%
2026-08-07 01:44:33 - mkk_pika - database.py:238 - INFO - 数据库更新已下载章节
2026-08-07 01:44:33 - mkk_pika - database.py:244 - INFO - 该漫画已下载章节如下
2026-08-07 01:44:33 - mkk_pika - database.py:245 - INFO - ['第1集']
2026-08-07 01:44:35 - mkk_pika - main.py:348 - INFO - ==================== 漫画信息 ====================
                                   漫画ID：5c4dba81772e5e4d159428dd
                                   标题：かわいい子ほどいじめたい (コミックメガストアα 2014年1月号)
                                   作者：赤兎 (復八磨直兎)
                                   是否完结：是
                                   总页数：20
                                   分类：短篇
                                   章节数：1
                                   最后更新时间：2019-01-27T14:04:49.315Z
                                   =================================================
2026-08-07 01:44:35 - mkk_pika - database.py:101 - INFO - 保存成功：かわいい子ほどいじめたい (コミックメガストアα 2014年1月号)
2026-08-07 01:44:35 - mkk_pika - main.py:35 - INFO - 开始检查アヘ顔専属モデ【流浪貓·裏】是否存在未下载章节
2026-08-07 01:44:35 - mkk_pika - main.py:45 - INFO - 正在下载:[アヘ顔専属モデ【流浪貓·裏】]-[赤兎 (復八磨直兎)]-[['短篇']]-[total_pages:20]
2026-08-07 01:44:35 - mkk_pika - main.py:49 - INFO - [{'_id': '5c4dbaa10643c04d0d314738', 'title': '第1集', 'order': 1, 'updated_at': '2019-01-26T09:12:44.835Z', 'id': '5c4dbaa10643c04d0d314738'}]
2026-08-07 01:44:35 - mkk_pika - database.py:215 - INFO - 第一次下载该漫画，记录数据库中
2026-08-07 01:44:35 - mkk_pika - main.py:83 - INFO - 找到 20 张图片在:第1集
2026-08-07 01:44:36 - mkk_pika - main.py:112 - INFO - [episode:第1集       ] downloaded:    20, total:  20, progress:100%
2026-08-07 01:44:36 - mkk_pika - database.py:238 - INFO - 数据库更新已下载章节
2026-08-07 01:44:36 - mkk_pika - database.py:244 - INFO - 该漫画已下载章节如下
2026-08-07 01:44:36 - mkk_pika - database.py:245 - INFO - ['第1集']
2026-08-07 01:44:37 - mkk_pika - main.py:348 - INFO - ==================== 漫画信息 ====================
                                   漫画ID：5c4dbaa10643c04d0d314737
                                   标题：アヘ顔専属モデ【流浪貓·裏】
                                   作者：赤兎 (復八磨直兎)
                                   是否完结：是
                                   总页数：20
                                   分类：短篇
                                   章节数：1
                                   最后更新时间：2019-01-27T14:05:21.287Z
                                   =================================================
2026-08-07 01:44:37 - mkk_pika - database.py:101 - INFO - 保存成功：アヘ顔専属モデ【流浪貓·裏】
2026-08-07 01:44:37 - mkk_pika - main.py:35 - INFO - 开始检查ビリビリみさきち (とある魔術の禁書目録)是否存在未下载章节
2026-08-07 01:44:38 - mkk_pika - main.py:45 - INFO - 正在下载:[ビリビリみさきち (とある魔術の禁書目録)]-[赤兎 (復八磨直兎)]-[['短篇']]-[total_pages:30]
2026-08-07 01:44:38 - mkk_pika - main.py:49 - INFO - [{'_id': '5c4dbaea3dc66629a9d36fba', 'title': '第1集', 'order': 1, 'updated_at': '2019-01-26T09:07:21.003Z', 'id': '5c4dbaea3dc66629a9d36fba'}]
2026-08-07 01:44:38 - mkk_pika - database.py:215 - INFO - 第一次下载该漫画，记录数据库中
2026-08-07 01:44:38 - mkk_pika - main.py:83 - INFO - 找到 30 张图片在:第1集
2026-08-07 01:44:39 - mkk_pika - main.py:112 - INFO - [episode:第1集       ] downloaded:    30, total:  30, progress:100%
2026-08-07 01:44:39 - mkk_pika - database.py:238 - INFO - 数据库更新已下载章节
2026-08-07 01:44:39 - mkk_pika - database.py:244 - INFO - 该漫画已下载章节如下
2026-08-07 01:44:39 - mkk_pika - database.py:245 - INFO - ['第1集']
2026-08-07 01:44:40 - mkk_pika - main.py:348 - INFO - ==================== 漫画信息 ====================
                                   漫画ID：5c4dbaea3dc66629a9d36fb9
                                   标题：ビリビリみさきち (とある魔術の禁書目録)
                                   作者：赤兎 (復八磨直兎)
                                   是否完结：是
                                   总页数：30
                                   分类：短篇
                                   章节数：1
                                   最后更新时间：2019-01-27T14:06:34.318Z
                                   =================================================
2026-08-07 01:44:40 - mkk_pika - database.py:101 - INFO - 保存成功：ビリビリみさきち (とある魔術の禁書目録)
2026-08-07 01:44:40 - mkk_pika - main.py:35 - INFO - 开始检查ゼシカとおふろはいるだけの本 (アクエリオンEVOL)是否存在未下载章节
2026-08-07 01:44:40 - mkk_pika - main.py:45 - INFO - 正在下载:[ゼシカとおふろはいるだけの本 (アクエリオンEVOL)]-[赤兎 (復八磨直兎)]-[['短篇']]-[total_pages:30]
2026-08-07 01:44:40 - mkk_pika - main.py:49 - INFO - [{'_id': '5c4dbc43fbcc8254ea32d066', 'title': '第1集', 'order': 1, 'updated_at': '2019-01-26T09:02:10.314Z', 'id': '5c4dbc43fbcc8254ea32d066'}]
2026-08-07 01:44:40 - mkk_pika - database.py:215 - INFO - 第一次下载该漫画，记录数据库中
2026-08-07 01:44:41 - mkk_pika - main.py:83 - INFO - 找到 30 张图片在:第1集
2026-08-07 01:44:42 - mkk_pika - main.py:112 - INFO - [episode:第1集       ] downloaded:    30, total:  30, progress:100%
2026-08-07 01:44:42 - mkk_pika - database.py:238 - INFO - 数据库更新已下载章节
2026-08-07 01:44:42 - mkk_pika - database.py:244 - INFO - 该漫画已下载章节如下
2026-08-07 01:44:42 - mkk_pika - database.py:245 - INFO - ['第1集']
2026-08-07 01:44:43 - mkk_pika - main.py:348 - INFO - ==================== 漫画信息 ====================
                                   漫画ID：5c4dbc43fbcc8254ea32d065
                                   标题：ゼシカとおふろはいるだけの本 (アクエリオンEVOL)
                                   作者：赤兎 (復八磨直兎)
                                   是否完结：是
                                   总页数：30
                                   分类：短篇
                                   章节数：1
                                   最后更新时间：2019-01-27T14:12:19.489Z
                                   =================================================
2026-08-07 01:44:43 - mkk_pika - database.py:101 - INFO - 保存成功：ゼシカとおふろはいるだけの本 (アクエリオンEVOL)
2026-08-07 01:44:43 - mkk_pika - main.py:35 - INFO - 开始检查爱衣酱大胜利！（我女友与青梅竹马的惨烈修罗场）——大勝訴 (俺の彼女と幼なじみが修羅場すぎる)是否存在未下载章节
2026-08-07 01:44:43 - mkk_pika - main.py:45 - INFO - 正在下载:[爱衣酱大胜利！（我女友与青梅竹马的惨烈修罗场）——大勝訴 (俺の彼女と幼なじみが修羅場すぎる)]-[SSB (まりりん)]-[['同人', '短篇', '純愛']]-[total_pages:6]
2026-08-07 01:44:43 - mkk_pika - main.py:49 - INFO - [{'_id': '5c4dbc7e1ed27e54e2be896d', 'title': '第1集', 'order': 1, 'updated_at': '2019-01-27T12:15:46.970Z', 'id': '5c4dbc7e1ed27e54e2be896d'}]
2026-08-07 01:44:43 - mkk_pika - database.py:215 - INFO - 第一次下载该漫画，记录数据库中
2026-08-07 01:44:44 - mkk_pika - main.py:83 - INFO - 找到 8 张图片在:第1集
2026-08-07 01:44:44 - mkk_pika - main.py:112 - INFO - [episode:第1集       ] downloaded:     8, total:   8, progress:100%
2026-08-07 01:44:44 - mkk_pika - database.py:238 - INFO - 数据库更新已下载章节
2026-08-07 01:44:44 - mkk_pika - database.py:244 - INFO - 该漫画已下载章节如下
2026-08-07 01:44:44 - mkk_pika - database.py:245 - INFO - ['第1集']
2026-08-07 01:44:45 - mkk_pika - main.py:348 - INFO - ==================== 漫画信息 ====================
                                   漫画ID：5c4dbc7e1ed27e54e2be896c
                                   标题：爱衣酱大胜利！（我女友与青梅竹马的惨烈修罗场）——大勝訴 (俺の彼女と幼なじみが修羅場すぎる)
                                   作者：SSB (まりりん)
                                   是否完结：否
                                   总页数：6
                                   分类：同人,短篇,純愛
                                   章节数：1
                                   最后更新时间：2019-01-27T14:13:18.938Z
                                   =================================================
2026-08-07 01:44:45 - mkk_pika - database.py:101 - INFO - 保存成功：爱衣酱大胜利！（我女友与青梅竹马的惨烈修罗场）——大勝訴 (俺の彼女と幼なじみが修羅場すぎる)
2026-08-07 01:44:45 - mkk_pika - main.py:35 - INFO - 开始检查(C95)  ヒカリあれ (ゼノブレイド2)是否存在未下载章节
2026-08-07 01:44:45 - mkk_pika - main.py:45 - INFO - 正在下载:[(C95)  ヒカリあれ (ゼノブレイド2)]-[ゆーき乳業 (悠木しん)]-[['短篇', '同人']]-[total_pages:31]
2026-08-07 01:44:45 - mkk_pika - main.py:49 - INFO - [{'_id': '5c4dbc99c412195513868f53', 'title': '第1集', 'order': 1, 'updated_at': '2019-01-27T07:47:41.496Z', 'id': '5c4dbc99c412195513868f53'}]
2026-08-07 01:44:45 - mkk_pika - database.py:215 - INFO - 第一次下载该漫画，记录数据库中
2026-08-07 01:44:46 - mkk_pika - main.py:83 - INFO - 找到 31 张图片在:第1集
2026-08-07 01:44:47 - mkk_pika - main.py:112 - INFO - [episode:第1集       ] downloaded:    31, total:  31, progress:100%
2026-08-07 01:44:47 - mkk_pika - database.py:238 - INFO - 数据库更新已下载章节
2026-08-07 01:44:47 - mkk_pika - database.py:244 - INFO - 该漫画已下载章节如下
2026-08-07 01:44:47 - mkk_pika - database.py:245 - INFO - ['第1集']
2026-08-07 01:44:48 - mkk_pika - main.py:348 - INFO - ==================== 漫画信息 ====================
                                   漫画ID：5c4dbc99c412195513868f52
                                   标题：(C95)  ヒカリあれ (ゼノブレイド2)
                                   作者：ゆーき乳業 (悠木しん)
                                   是否完结：否
                                   总页数：31
                                   分类：短篇,同人
                                   章节数：1
                                   最后更新时间：2019-01-27T14:13:45.849Z
                                   =================================================
2026-08-07 01:44:48 - mkk_pika - database.py:101 - INFO - 保存成功：(C95)  ヒカリあれ (ゼノブレイド2)
2026-08-07 01:44:48 - mkk_pika - main.py:35 - INFO - 开始检查 (C95) 寝てるふりフェネック娘にイタズラする本。(DL版)是否存在未下载章节
2026-08-07 01:44:48 - mkk_pika - main.py:45 - INFO - 正在下载:[ (C95) 寝てるふりフェネック娘にイタズラする本。(DL版)]-[ てふてふ。 (てふん)]-[['短篇', '同人', '非人類']]-[total_pages:25]
2026-08-07 01:44:48 - mkk_pika - main.py:49 - INFO - [{'_id': '5c4dbcff3dc66629a9d3711a', 'title': '第1集', 'order': 1, 'updated_at': '2019-01-27T08:01:25.411Z', 'id': '5c4dbcff3dc66629a9d3711a'}]
2026-08-07 01:44:48 - mkk_pika - database.py:215 - INFO - 第一次下载该漫画，记录数据库中
2026-08-07 01:44:49 - mkk_pika - main.py:83 - INFO - 找到 25 张图片在:第1集
2026-08-07 01:44:49 - mkk_pika - main.py:112 - INFO - [episode:第1集       ] downloaded:    25, total:  25, progress:100%
2026-08-07 01:44:49 - mkk_pika - database.py:238 - INFO - 数据库更新已下载章节
2026-08-07 01:44:49 - mkk_pika - database.py:244 - INFO - 该漫画已下载章节如下
2026-08-07 01:44:49 - mkk_pika - database.py:245 - INFO - ['第1集']
2026-08-07 01:44:51 - mkk_pika - main.py:348 - INFO - ==================== 漫画信息 ====================
                                   漫画ID：5c4dbcff3dc66629a9d37119
                                   标题： (C95) 寝てるふりフェネック娘にイタズラする本。(DL版)
                                   作者： てふてふ。 (てふん)
                                   是否完结：否
                                   总页数：25
                                   分类：短篇,同人,非人類
                                   章节数：1
                                   最后更新时间：2019-01-27T14:15:27.039Z
                                   =================================================
2026-08-07 01:44:51 - mkk_pika - database.py:101 - INFO - 保存成功： (C95) 寝てるふりフェネック娘にイタズラする本。(DL版)
2026-08-07 01:44:51 - mkk_pika - main.py:35 - INFO - 开始检查せっくすじゅーす~ 性愛的蜜淫汁是否存在未下载章节
2026-08-07 01:44:51 - mkk_pika - main.py:45 - INFO - 正在下载:[せっくすじゅーす~ 性愛的蜜淫汁]-[桜去ほとり]-[['長篇']]-[total_pages:217]
2026-08-07 01:44:51 - mkk_pika - main.py:49 - INFO - [{'_id': '5c4dbdc4fbcc8254ea32d08d', 'title': '第1集', 'order': 1, 'updated_at': '2019-01-27T13:16:35.303Z', 'id': '5c4dbdc4fbcc8254ea32d08d'}]
2026-08-07 01:44:51 - mkk_pika - database.py:215 - INFO - 第一次下载该漫画，记录数据库中
2026-08-07 01:44:53 - mkk_pika - main.py:83 - INFO - 找到 217 张图片在:第1集
2026-08-07 01:44:57 - mkk_pika - main.py:112 - INFO - [episode:第1集       ] downloaded:   217, total: 217, progress:100%
2026-08-07 01:44:57 - mkk_pika - database.py:238 - INFO - 数据库更新已下载章节
2026-08-07 01:44:57 - mkk_pika - database.py:244 - INFO - 该漫画已下载章节如下
2026-08-07 01:44:57 - mkk_pika - database.py:245 - INFO - ['第1集']
2026-08-07 01:44:59 - mkk_pika - main.py:348 - INFO - ==================== 漫画信息 ====================
                                   漫画ID：5c4dbdc4fbcc8254ea32d08c
                                   标题：せっくすじゅーす~ 性愛的蜜淫汁
                                   作者：桜去ほとり
                                   是否完结：否
                                   总页数：217
                                   分类：長篇
                                   章节数：1
                                   最后更新时间：2019-01-27T14:18:44.926Z
                                   =================================================
2026-08-07 01:44:59 - mkk_pika - database.py:101 - INFO - 保存成功：せっくすじゅーす~ 性愛的蜜淫汁
2026-08-07 01:44:59 - mkk_pika - main.py:35 - INFO - 开始检查 アンビバレント (COMIC アンスリウム 2018年11月号) [中国翻訳] [DL版]是否存在未下载章节
2026-08-07 01:44:59 - mkk_pika - main.py:45 - INFO - 正在下载:[ アンビバレント (COMIC アンスリウム 2018年11月号) [中国翻訳] [DL版]]-[野際かえで]-[['短篇', '姐姐系']]-[total_pages:21]
2026-08-07 01:44:59 - mkk_pika - main.py:49 - INFO - [{'_id': '5c4dbec72536b429dbc8057a', 'title': '第1集', 'order': 1, 'updated_at': '2019-01-27T10:09:14.372Z', 'id': '5c4dbec72536b429dbc8057a'}]
2026-08-07 01:44:59 - mkk_pika - database.py:215 - INFO - 第一次下载该漫画，记录数据库中
2026-08-07 01:44:59 - mkk_pika - main.py:83 - INFO - 找到 21 张图片在:第1集
2026-08-07 01:45:00 - mkk_pika - main.py:112 - INFO - [episode:第1集       ] downloaded:    21, total:  21, progress:100%
2026-08-07 01:45:00 - mkk_pika - database.py:238 - INFO - 数据库更新已下载章节
2026-08-07 01:45:00 - mkk_pika - database.py:244 - INFO - 该漫画已下载章节如下
2026-08-07 01:45:00 - mkk_pika - database.py:245 - INFO - ['第1集']
2026-08-07 01:45:01 - mkk_pika - main.py:348 - INFO - ==================== 漫画信息 ====================
                                   漫画ID：5c4dbec72536b429dbc80579
                                   标题： アンビバレント (COMIC アンスリウム 2018年11月号) [中国翻訳] [DL版]
                                   作者：野際かえで
                                   是否完结：否
                                   总页数：21
                                   分类：短篇,姐姐系
                                   章节数：1
                                   最后更新时间：2019-01-27T14:23:03.540Z
                                   =================================================
2026-08-07 01:45:01 - mkk_pika - database.py:101 - INFO - 保存成功： アンビバレント (COMIC アンスリウム 2018年11月号) [中国翻訳] [DL版]
2026-08-07 01:45:01 - mkk_pika - main.py:35 - INFO - 开始检查シスターコンプレックス (COMIC アンスリウム 2018年1月号) [中国翻訳] [DL版]是否存在未下载章节
2026-08-07 01:45:01 - mkk_pika - main.py:45 - INFO - 正在下载:[シスターコンプレックス (COMIC アンスリウム 2018年1月号) [中国翻訳] [DL版]]-[野際かえで]-[['短篇', '姐姐系']]-[total_pages:21]
2026-08-07 01:45:01 - mkk_pika - main.py:49 - INFO - [{'_id': '5c4dbee4e62e5b29b1779f14', 'title': '第1集', 'order': 1, 'updated_at': '2019-01-27T10:16:29.882Z', 'id': '5c4dbee4e62e5b29b1779f14'}]
2026-08-07 01:45:01 - mkk_pika - database.py:215 - INFO - 第一次下载该漫画，记录数据库中
2026-08-07 01:45:02 - mkk_pika - main.py:83 - INFO - 找到 21 张图片在:第1集
2026-08-07 01:45:02 - mkk_pika - main.py:112 - INFO - [episode:第1集       ] downloaded:    21, total:  21, progress:100%
2026-08-07 01:45:02 - mkk_pika - database.py:238 - INFO - 数据库更新已下载章节
2026-08-07 01:45:02 - mkk_pika - database.py:244 - INFO - 该漫画已下载章节如下
2026-08-07 01:45:02 - mkk_pika - database.py:245 - INFO - ['第1集']
2026-08-07 01:45:04 - mkk_pika - main.py:348 - INFO - ==================== 漫画信息 ====================
                                   漫画ID：5c4dbee4e62e5b29b1779f13
                                   标题：シスターコンプレックス (COMIC アンスリウム 2018年1月号) [中国翻訳] [DL版]
                                   作者：野際かえで
                                   是否完结：否
                                   总页数：21
                                   分类：短篇,姐姐系
                                   章节数：1
                                   最后更新时间：2019-01-27T14:23:32.690Z
                                   =================================================
2026-08-07 01:45:04 - mkk_pika - database.py:101 - INFO - 保存成功：シスターコンプレックス (COMIC アンスリウム 2018年1月号) [中国翻訳] [DL版]
2026-08-07 01:45:04 - mkk_pika - main.py:35 - INFO - 开始检查twin Milf アディショナルエピソード+1是否存在未下载章节
2026-08-07 01:45:05 - mkk_pika - main.py:45 - INFO - 正在下载:[twin Milf アディショナルエピソード+1]-[リファイア (辰波要徳)]-[['短篇', '人妻']]-[total_pages:23]
2026-08-07 01:45:05 - mkk_pika - main.py:49 - INFO - [{'_id': '5c4dbf31e62e5b29b1779f2d', 'title': '第1集', 'order': 1, 'updated_at': '2019-01-27T10:48:13.841Z', 'id': '5c4dbf31e62e5b29b1779f2d'}]
2026-08-07 01:45:05 - mkk_pika - database.py:215 - INFO - 第一次下载该漫画，记录数据库中
2026-08-07 01:45:05 - mkk_pika - main.py:83 - INFO - 找到 23 张图片在:第1集
2026-08-07 01:45:06 - mkk_pika - main.py:112 - INFO - [episode:第1集       ] downloaded:    23, total:  23, progress:100%
2026-08-07 01:45:06 - mkk_pika - database.py:238 - INFO - 数据库更新已下载章节
2026-08-07 01:45:06 - mkk_pika - database.py:244 - INFO - 该漫画已下载章节如下
2026-08-07 01:45:06 - mkk_pika - database.py:245 - INFO - ['第1集']
2026-08-07 01:45:07 - mkk_pika - main.py:348 - INFO - ==================== 漫画信息 ====================
                                   漫画ID：5c4dbf31e62e5b29b1779f2c
                                   标题：twin Milf アディショナルエピソード+1
                                   作者：リファイア (辰波要徳)
                                   是否完结：是
                                   总页数：23
                                   分类：短篇,人妻
                                   章节数：1
                                   最后更新时间：2019-01-27T14:24:49.196Z
                                   =================================================
2026-08-07 01:45:07 - mkk_pika - database.py:101 - INFO - 保存成功：twin Milf アディショナルエピソード+1
2026-08-07 01:45:07 - mkk_pika - main.py:35 - INFO - 开始检查HK416 Project是否存在未下载章节
2026-08-07 01:45:07 - mkk_pika - main.py:45 - INFO - 正在下载:[HK416 Project]-[史本]-[['同人', '短篇']]-[total_pages:26]
2026-08-07 01:45:07 - mkk_pika - main.py:49 - INFO - [{'_id': '5c4dbfdce62e5b29b1779f5f', 'title': '第1集', 'order': 1, 'updated_at': '2019-01-27T13:24:22.955Z', 'id': '5c4dbfdce62e5b29b1779f5f'}, {'_id': '5c4dbfdce62e5b29b1779f60', 'title': '第2集', 'order': 2, 'updated_at': '2019-01-27T13:30:03.333Z', 'id': '5c4dbfdce62e5b29b1779f60'}]
2026-08-07 01:45:07 - mkk_pika - database.py:215 - INFO - 第一次下载该漫画，记录数据库中
2026-08-07 01:45:08 - mkk_pika - main.py:83 - INFO - 找到 12 张图片在:第1集
2026-08-07 01:45:08 - mkk_pika - main.py:112 - INFO - [episode:第1集       ] downloaded:    12, total:  12, progress:100%
2026-08-07 01:45:08 - mkk_pika - database.py:238 - INFO - 数据库更新已下载章节
2026-08-07 01:45:08 - mkk_pika - database.py:244 - INFO - 该漫画已下载章节如下
2026-08-07 01:45:08 - mkk_pika - database.py:245 - INFO - ['第1集']
2026-08-07 01:45:10 - mkk_pika - main.py:83 - INFO - 找到 14 张图片在:第2集
2026-08-07 01:45:10 - mkk_pika - main.py:112 - INFO - [episode:第2集       ] downloaded:    14, total:  14, progress:100%
2026-08-07 01:45:10 - mkk_pika - database.py:238 - INFO - 数据库更新已下载章节
2026-08-07 01:45:10 - mkk_pika - database.py:244 - INFO - 该漫画已下载章节如下
2026-08-07 01:45:10 - mkk_pika - database.py:245 - INFO - ['第1集', '第2集']
2026-08-07 01:45:12 - mkk_pika - main.py:348 - INFO - ==================== 漫画信息 ====================
                                   漫画ID：5c4dbfdce62e5b29b1779f5e
                                   标题：HK416 Project
                                   作者：史本
                                   是否完结：否
                                   总页数：26
                                   分类：同人,短篇
                                   章节数：2
                                   最后更新时间：2019-01-27T14:27:40.367Z
                                   =================================================
2026-08-07 01:45:12 - mkk_pika - database.py:101 - INFO - 保存成功：HK416 Project
2026-08-07 01:45:12 - mkk_pika - main.py:35 - INFO - 开始检查 (C95)性春ブタ野郎! (青春ブタ野郎はバニーガール先輩の夢を見ない)是否存在未下载章节
2026-08-07 01:45:12 - mkk_pika - main.py:45 - INFO - 正在下载:[ (C95)性春ブタ野郎! (青春ブタ野郎はバニーガール先輩の夢を見ない)]-[倫鈴 (RINRIN)]-[['短篇', '同人', '後宮閃光']]-[total_pages:24]
2026-08-07 01:45:12 - mkk_pika - main.py:49 - INFO - [{'_id': '5c4dbff4772e5e4d159429f9', 'title': '第1集', 'order': 1, 'updated_at': '2019-01-27T13:48:26.310Z', 'id': '5c4dbff4772e5e4d159429f9'}]
2026-08-07 01:45:12 - mkk_pika - database.py:215 - INFO - 第一次下载该漫画，记录数据库中
2026-08-07 01:45:12 - mkk_pika - main.py:83 - INFO - 找到 24 张图片在:第1集
2026-08-07 01:45:13 - mkk_pika - main.py:112 - INFO - [episode:第1集       ] downloaded:    24, total:  24, progress:100%
2026-08-07 01:45:13 - mkk_pika - database.py:238 - INFO - 数据库更新已下载章节
2026-08-07 01:45:13 - mkk_pika - database.py:244 - INFO - 该漫画已下载章节如下
2026-08-07 01:45:13 - mkk_pika - database.py:245 - INFO - ['第1集']
2026-08-07 01:45:14 - mkk_pika - main.py:348 - INFO - ==================== 漫画信息 ====================
                                   漫画ID：5c4dbff4772e5e4d159429f8
                                   标题： (C95)性春ブタ野郎! (青春ブタ野郎はバニーガール先輩の夢を見ない)
                                   作者：倫鈴 (RINRIN)
                                   是否完结：是
                                   总页数：24
                                   分类：短篇,同人,後宮閃光
                                   章节数：1
                                   最后更新时间：2019-01-27T14:28:04.545Z
                                   =================================================
2026-08-07 01:45:14 - mkk_pika - database.py:101 - INFO - 保存成功： (C95)性春ブタ野郎! (青春ブタ野郎はバニーガール先輩の夢を見ない)
2026-08-07 01:45:14 - mkk_pika - main.py:35 - INFO - 开始检查憧れのエルフ先輩に、えっちな催眠術かけてみた（汉化）是否存在未下载章节
2026-08-07 01:45:14 - mkk_pika - main.py:45 - INFO - 正在下载:[憧れのエルフ先輩に、えっちな催眠術かけてみた（汉化）]-[moriQ (森あいり)]-[['短篇', '純愛']]-[total_pages:30]
2026-08-07 01:45:14 - mkk_pika - main.py:49 - INFO - [{'_id': '5c4dc5b4f6951a7c5cc010c2', 'title': '第1集', 'order': 1, 'updated_at': '2019-01-27T13:43:05.674Z', 'id': '5c4dc5b4f6951a7c5cc010c2'}]
2026-08-07 01:45:14 - mkk_pika - database.py:215 - INFO - 第一次下载该漫画，记录数据库中
2026-08-07 01:45:15 - mkk_pika - main.py:83 - INFO - 找到 30 张图片在:第1集
2026-08-07 01:45:16 - mkk_pika - main.py:112 - INFO - [episode:第1集       ] downloaded:    30, total:  30, progress:100%
2026-08-07 01:45:16 - mkk_pika - database.py:238 - INFO - 数据库更新已下载章节
2026-08-07 01:45:16 - mkk_pika - database.py:244 - INFO - 该漫画已下载章节如下
2026-08-07 01:45:16 - mkk_pika - database.py:245 - INFO - ['第1集']
2026-08-07 01:45:17 - mkk_pika - main.py:348 - INFO - ==================== 漫画信息 ====================
                                   漫画ID：5c4dc5b3f6951a7c5cc010c1
                                   标题：憧れのエルフ先輩に、えっちな催眠術かけてみた（汉化）
                                   作者：moriQ (森あいり)
                                   是否完结：是
                                   总页数：30
                                   分类：短篇,純愛
                                   章节数：1
                                   最后更新时间：2019-01-27T14:52:35.986Z
                                   =================================================
2026-08-07 01:45:17 - mkk_pika - database.py:101 - INFO - 保存成功：憧れのエルフ先輩に、えっちな催眠術かけてみた（汉化）
2026-08-07 01:45:17 - mkk_pika - main.py:35 - INFO - 开始检查つぐちゃんかわいそう日記是否存在未下载章节
2026-08-07 01:45:17 - mkk_pika - main.py:45 - INFO - 正在下载:[つぐちゃんかわいそう日記]-[Okayushop (Okayu)]-[['同人', '短篇']]-[total_pages:22]
2026-08-07 01:45:17 - mkk_pika - main.py:49 - INFO - [{'_id': '5c4dc604bd133e4d40c4f310', 'title': '第1集', 'order': 1, 'updated_at': '2019-01-27T14:10:27.746Z', 'id': '5c4dc604bd133e4d40c4f310'}]
2026-08-07 01:45:17 - mkk_pika - database.py:215 - INFO - 第一次下载该漫画，记录数据库中
2026-08-07 01:45:18 - mkk_pika - main.py:83 - INFO - 找到 22 张图片在:第1集
2026-08-07 01:45:18 - mkk_pika - main.py:112 - INFO - [episode:第1集       ] downloaded:    22, total:  22, progress:100%
2026-08-07 01:45:18 - mkk_pika - database.py:238 - INFO - 数据库更新已下载章节
2026-08-07 01:45:18 - mkk_pika - database.py:244 - INFO - 该漫画已下载章节如下
2026-08-07 01:45:18 - mkk_pika - database.py:245 - INFO - ['第1集']
2026-08-07 01:45:20 - mkk_pika - main.py:348 - INFO - ==================== 漫画信息 ====================
                                   漫画ID：5c4dc604bd133e4d40c4f30f
                                   标题：つぐちゃんかわいそう日記
                                   作者：Okayushop (Okayu)
                                   是否完结：否
                                   总页数：22
                                   分类：同人,短篇
                                   章节数：1
                                   最后更新时间：2019-01-27T14:53:56.308Z
                                   =================================================
2026-08-07 01:45:20 - mkk_pika - database.py:101 - INFO - 保存成功：つぐちゃんかわいそう日記
2026-08-07 01:45:20 - mkk_pika - main.py:35 - INFO - 开始检查DARK SLAVES HARDCORE (プリキュアシリーズ)是否存在未下载章节
2026-08-07 01:45:20 - mkk_pika - main.py:45 - INFO - 正在下载:[DARK SLAVES HARDCORE (プリキュアシリーズ)]-[スタジオみずよーかん (東戸塚らいすた)]-[['短篇', '同人', '全彩', '強暴', 'SM']]-[total_pages:47]
2026-08-07 01:45:20 - mkk_pika - main.py:49 - INFO - [{'_id': '5c4dc63e3dc66629a9d37236', 'title': '第1集', 'order': 1, 'updated_at': '2019-01-27T14:08:47.832Z', 'id': '5c4dc63e3dc66629a9d37236'}]
2026-08-07 01:45:20 - mkk_pika - database.py:215 - INFO - 第一次下载该漫画，记录数据库中
2026-08-07 01:45:21 - mkk_pika - main.py:83 - INFO - 找到 47 张图片在:第1集
2026-08-07 01:45:22 - mkk_pika - main.py:112 - INFO - [episode:第1集       ] downloaded:    47, total:  47, progress:100%
2026-08-07 01:45:22 - mkk_pika - database.py:238 - INFO - 数据库更新已下载章节
2026-08-07 01:45:22 - mkk_pika - database.py:244 - INFO - 该漫画已下载章节如下
2026-08-07 01:45:22 - mkk_pika - database.py:245 - INFO - ['第1集']
2026-08-07 01:45:24 - mkk_pika - main.py:348 - INFO - ==================== 漫画信息 ====================
                                   漫画ID：5c4dc63e3dc66629a9d37235
                                   标题：DARK SLAVES HARDCORE (プリキュアシリーズ)
                                   作者：スタジオみずよーかん (東戸塚らいすた)
                                   是否完结：是
                                   总页数：47
                                   分类：短篇,同人,全彩,強暴,SM
                                   章节数：1
                                   最后更新时间：2019-01-27T14:54:54.912Z
                                   =================================================
2026-08-07 01:45:24 - mkk_pika - database.py:101 - INFO - 保存成功：DARK SLAVES HARDCORE (プリキュアシリーズ)
2026-08-07 01:45:24 - mkk_pika - main.py:35 - INFO - 开始检查黑暗童话-白雪公主和小矮人是否存在未下载章节
2026-08-07 01:45:24 - mkk_pika - main.py:45 - INFO - 正在下载:[黑暗童话-白雪公主和小矮人]-[未知]-[['全彩', '長篇', '扶他樂園', '非人類', '強暴', 'SM']]-[total_pages:218]
2026-08-07 01:45:24 - mkk_pika - main.py:49 - INFO - [{'_id': '5c4dc6721cf37d29d5883e3e', 'title': '第1集', 'order': 1, 'updated_at': '2019-01-27T14:19:36.767Z', 'id': '5c4dc6721cf37d29d5883e3e'}]
2026-08-07 01:45:24 - mkk_pika - database.py:215 - INFO - 第一次下载该漫画，记录数据库中
2026-08-07 01:45:26 - mkk_pika - main.py:83 - INFO - 找到 218 张图片在:第1集
2026-08-07 01:45:30 - mkk_pika - main.py:112 - INFO - [episode:第1集       ] downloaded:   218, total: 218, progress:100%
2026-08-07 01:45:30 - mkk_pika - database.py:238 - INFO - 数据库更新已下载章节
2026-08-07 01:45:30 - mkk_pika - database.py:244 - INFO - 该漫画已下载章节如下
2026-08-07 01:45:30 - mkk_pika - database.py:245 - INFO - ['第1集']
2026-08-07 01:45:31 - mkk_pika - main.py:348 - INFO - ==================== 漫画信息 ====================
                                   漫画ID：5c4dc6721cf37d29d5883e3d
                                   标题：黑暗童话-白雪公主和小矮人
                                   作者：未知
                                   是否完结：是
                                   总页数：218
                                   分类：全彩,長篇,扶他樂園,非人類,強暴,SM
                                   章节数：1
                                   最后更新时间：2019-01-27T14:55:46.756Z
                                   =================================================
2026-08-07 01:45:31 - mkk_pika - database.py:101 - INFO - 保存成功：黑暗童话-白雪公主和小矮人
2026-08-07 01:45:31 - mkk_pika - main.py:35 - INFO - 开始检查STAND UP！！ (COMIC快楽天ビースト 2019年2月号)無修正是否存在未下载章节
2026-08-07 01:45:32 - mkk_pika - main.py:45 - INFO - 正在下载:[STAND UP！！ (COMIC快楽天ビースト 2019年2月号)無修正]-[つかこ]-[['短篇', '純愛']]-[total_pages:22]
2026-08-07 01:45:32 - mkk_pika - main.py:49 - INFO - [{'_id': '5c4dc686beb6bf7c9312d410', 'title': '第1集', 'order': 1, 'updated_at': '2019-01-27T14:28:08.031Z', 'id': '5c4dc686beb6bf7c9312d410'}]
2026-08-07 01:45:32 - mkk_pika - database.py:215 - INFO - 第一次下载该漫画，记录数据库中
2026-08-07 01:45:32 - mkk_pika - main.py:83 - INFO - 找到 22 张图片在:第1集
2026-08-07 01:45:33 - mkk_pika - main.py:112 - INFO - [episode:第1集       ] downloaded:    22, total:  22, progress:100%
2026-08-07 01:45:33 - mkk_pika - database.py:238 - INFO - 数据库更新已下载章节
2026-08-07 01:45:33 - mkk_pika - database.py:244 - INFO - 该漫画已下载章节如下
2026-08-07 01:45:33 - mkk_pika - database.py:245 - INFO - ['第1集']
2026-08-07 01:45:34 - mkk_pika - main.py:348 - INFO - ==================== 漫画信息 ====================
                                   漫画ID：5c4dc686beb6bf7c9312d40f
                                   标题：STAND UP！！ (COMIC快楽天ビースト 2019年2月号)無修正
                                   作者：つかこ
                                   是否完结：是
                                   总页数：22
                                   分类：短篇,純愛
                                   章节数：1
                                   最后更新时间：2019-01-27T14:56:06.041Z
                                   =================================================
2026-08-07 01:45:34 - mkk_pika - database.py:101 - INFO - 保存成功：STAND UP！！ (COMIC快楽天ビースト 2019年2月号)無修正
2026-08-07 01:45:34 - mkk_pika - main.py:35 - INFO - 开始检查堕ちた出会い牝 墮落後見到的牝雌獸是否存在未下载章节
2026-08-07 01:45:34 - mkk_pika - main.py:45 - INFO - 正在下载:[堕ちた出会い牝 墮落後見到的牝雌獸]-[久水あるた]-[['長篇', '純愛', '單行本', '人妻', 'NTR', '強暴', 'SM', '妹妹系']]-[total_pages:194]
2026-08-07 01:45:34 - mkk_pika - main.py:49 - INFO - [{'_id': '5c4dc68b1124467c9bc5c42b', 'title': '最愛的母親成了肉便器的單行本', 'order': 1, 'updated_at': '2019-01-28T12:33:18.852Z', 'id': '5c4dc68b1124467c9bc5c42b'}]
2026-08-07 01:45:34 - mkk_pika - database.py:215 - INFO - 第一次下载该漫画，记录数据库中
2026-08-07 01:45:36 - mkk_pika - main.py:83 - INFO - 找到 194 张图片在:最愛的母親成了肉便器的單行本
2026-08-07 01:45:40 - mkk_pika - main.py:112 - INFO - [episode:最愛的母親成了肉便器的單行本] downloaded:   194, total: 194, progress:100%
2026-08-07 01:45:40 - mkk_pika - database.py:238 - INFO - 数据库更新已下载章节
2026-08-07 01:45:40 - mkk_pika - database.py:244 - INFO - 该漫画已下载章节如下
2026-08-07 01:45:40 - mkk_pika - database.py:245 - INFO - ['最愛的母親成了肉便器的單行本']
2026-08-07 01:45:41 - mkk_pika - main.py:348 - INFO - ==================== 漫画信息 ====================
                                   漫画ID：5c4dc68b1124467c9bc5c42a
                                   标题：堕ちた出会い牝 墮落後見到的牝雌獸
                                   作者：久水あるた
                                   是否完结：是
                                   总页数：194
                                   分类：長篇,純愛,單行本,人妻,NTR,強暴,SM,妹妹系
                                   章节数：1
                                   最后更新时间：2019-01-27T14:56:11.687Z
                                   =================================================
2026-08-07 01:45:41 - mkk_pika - database.py:101 - INFO - 保存成功：堕ちた出会い牝 墮落後見到的牝雌獸
2026-08-07 01:45:41 - mkk_pika - main.py:35 - INFO - 开始检查セックススマートフォン～ハーレム学園編1～是否存在未下载章节
2026-08-07 01:45:41 - mkk_pika - main.py:45 - INFO - 正在下载:[セックススマートフォン～ハーレム学園編1～]-[かみか堂 (銀曜ハル)]-[['短篇']]-[total_pages:31]
2026-08-07 01:45:41 - mkk_pika - main.py:49 - INFO - [{'_id': '5c4ed22e5fbd7c78f47edd76', 'title': '第1集', 'order': 1, 'updated_at': '2019-01-27T21:15:01.060Z', 'id': '5c4ed22e5fbd7c78f47edd76'}]
2026-08-07 01:45:41 - mkk_pika - database.py:215 - INFO - 第一次下载该漫画，记录数据库中
2026-08-07 01:45:42 - mkk_pika - main.py:83 - INFO - 找到 31 张图片在:第1集
2026-08-07 01:45:42 - mkk_pika - main.py:112 - INFO - [episode:第1集       ] downloaded:    31, total:  31, progress:100%
2026-08-07 01:45:42 - mkk_pika - database.py:238 - INFO - 数据库更新已下载章节
2026-08-07 01:45:42 - mkk_pika - database.py:244 - INFO - 该漫画已下载章节如下
2026-08-07 01:45:42 - mkk_pika - database.py:245 - INFO - ['第1集']
2026-08-07 01:45:44 - mkk_pika - main.py:348 - INFO - ==================== 漫画信息 ====================
                                   漫画ID：5c4ed22e5fbd7c78f47edd75
                                   标题：セックススマートフォン～ハーレム学園編1～
                                   作者：かみか堂 (銀曜ハル)
                                   是否完结：是
                                   总页数：31
                                   分类：短篇
                                   章节数：1
                                   最后更新时间：2019-01-28T09:58:06.178Z
                                   =================================================
2026-08-07 01:45:44 - mkk_pika - database.py:101 - INFO - 保存成功：セックススマートフォン～ハーレム学園編1～
2026-08-07 01:45:44 - mkk_pika - main.py:35 - INFO - 开始检查放課後陵辱グラフィティ（汉化）是否存在未下载章节
2026-08-07 01:45:44 - mkk_pika - main.py:45 - INFO - 正在下载:[放課後陵辱グラフィティ（汉化）]-[海通信 (なまもななせ)]-[['短篇', '強暴']]-[total_pages:31]
2026-08-07 01:45:44 - mkk_pika - main.py:49 - INFO - [{'_id': '5c4ed27dac36a8066e369fd1', 'title': '第1集', 'order': 1, 'updated_at': '2019-01-28T01:30:52.782Z', 'id': '5c4ed27dac36a8066e369fd1'}]
2026-08-07 01:45:44 - mkk_pika - database.py:215 - INFO - 第一次下载该漫画，记录数据库中
2026-08-07 01:45:45 - mkk_pika - main.py:83 - INFO - 找到 31 张图片在:第1集
2026-08-07 01:45:45 - mkk_pika - main.py:112 - INFO - [episode:第1集       ] downloaded:    31, total:  31, progress:100%
2026-08-07 01:45:45 - mkk_pika - database.py:238 - INFO - 数据库更新已下载章节
2026-08-07 01:45:45 - mkk_pika - database.py:244 - INFO - 该漫画已下载章节如下
2026-08-07 01:45:45 - mkk_pika - database.py:245 - INFO - ['第1集']
2026-08-07 01:45:46 - mkk_pika - main.py:348 - INFO - ==================== 漫画信息 ====================
                                   漫画ID：5c4ed27dac36a8066e369fd0
                                   标题：放課後陵辱グラフィティ（汉化）
                                   作者：海通信 (なまもななせ)
                                   是否完结：是
                                   总页数：31
                                   分类：短篇,強暴
                                   章节数：1
                                   最后更新时间：2019-01-28T09:59:25.980Z
                                   =================================================
2026-08-07 01:45:46 - mkk_pika - database.py:101 - INFO - 保存成功：放課後陵辱グラフィティ（汉化）
2026-08-07 01:45:46 - mkk_pika - main.py:35 - INFO - 开始检查LoveNicoLive! らぶにこ総集編 (ラブライブ!)是否存在未下载章节
2026-08-07 01:45:47 - mkk_pika - main.py:45 - INFO - 正在下载:[LoveNicoLive! らぶにこ総集編 (ラブライブ!)]-[ヤモセブン (あゆま紗由)]-[['同人', 'Love Live', '長篇', '純愛']]-[total_pages:88]
2026-08-07 01:45:47 - mkk_pika - main.py:49 - INFO - [{'_id': '5c4ed336dd176e068022b90e', 'title': '第1集', 'order': 1, 'updated_at': '2019-01-28T01:53:44.679Z', 'id': '5c4ed336dd176e068022b90e'}]
2026-08-07 01:45:47 - mkk_pika - database.py:215 - INFO - 第一次下载该漫画，记录数据库中
2026-08-07 01:45:48 - mkk_pika - main.py:83 - INFO - 找到 88 张图片在:第1集
2026-08-07 01:45:50 - mkk_pika - main.py:112 - INFO - [episode:第1集       ] downloaded:    88, total:  88, progress:100%
2026-08-07 01:45:50 - mkk_pika - database.py:238 - INFO - 数据库更新已下载章节
2026-08-07 01:45:50 - mkk_pika - database.py:244 - INFO - 该漫画已下载章节如下
2026-08-07 01:45:50 - mkk_pika - database.py:245 - INFO - ['第1集']
2026-08-07 01:45:51 - mkk_pika - main.py:348 - INFO - ==================== 漫画信息 ====================
                                   漫画ID：5c4ed336dd176e068022b90d
                                   标题：LoveNicoLive! らぶにこ総集編 (ラブライブ!)
                                   作者：ヤモセブン (あゆま紗由)
                                   是否完结：是
                                   总页数：88
                                   分类：同人,Love Live,長篇,純愛
                                   章节数：1
                                   最后更新时间：2019-01-28T10:02:30.603Z
                                   =================================================
2026-08-07 01:45:51 - mkk_pika - database.py:101 - INFO - 保存成功：LoveNicoLive! らぶにこ総集編 (ラブライブ!)
2026-08-07 01:45:51 - mkk_pika - main.py:35 - INFO - 开始检查はじめての (BanG Dream!)是否存在未下载章节
2026-08-07 01:45:52 - mkk_pika - main.py:45 - INFO - 正在下载:[はじめての (BanG Dream!)]-[戦いの軌跡 (戦友)]-[['短篇', '同人', '百合花園', '純愛']]-[total_pages:35]
2026-08-07 01:45:52 - mkk_pika - main.py:49 - INFO - [{'_id': '5c4ed4b3726cd116c285b5d1', 'title': '第1集', 'order': 1, 'updated_at': '2019-01-28T02:05:35.857Z', 'id': '5c4ed4b3726cd116c285b5d1'}]
2026-08-07 01:45:52 - mkk_pika - database.py:215 - INFO - 第一次下载该漫画，记录数据库中
2026-08-07 01:45:52 - mkk_pika - main.py:83 - INFO - 找到 35 张图片在:第1集
2026-08-07 01:45:53 - mkk_pika - main.py:112 - INFO - [episode:第1集       ] downloaded:    35, total:  35, progress:100%
2026-08-07 01:45:53 - mkk_pika - database.py:238 - INFO - 数据库更新已下载章节
2026-08-07 01:45:53 - mkk_pika - database.py:244 - INFO - 该漫画已下载章节如下
2026-08-07 01:45:53 - mkk_pika - database.py:245 - INFO - ['第1集']
2026-08-07 01:45:54 - mkk_pika - main.py:348 - INFO - ==================== 漫画信息 ====================
                                   漫画ID：5c4ed4b3726cd116c285b5d0
                                   标题：はじめての (BanG Dream!)
                                   作者：戦いの軌跡 (戦友)
                                   是否完结：是
                                   总页数：35
                                   分类：短篇,同人,百合花園,純愛
                                   章节数：1
                                   最后更新时间：2019-01-28T10:08:51.305Z
                                   =================================================
2026-08-07 01:45:54 - mkk_pika - database.py:101 - INFO - 保存成功：はじめての (BanG Dream!)
2026-08-07 01:45:54 - mkk_pika - main.py:35 - INFO - 开始检查FGO去衣图是否存在未下载章节
2026-08-07 01:45:54 - mkk_pika - main.py:375 - ERROR - Download failed for FGO去衣图, with Exception:'author'
2026-08-07 01:45:54 - mkk_pika - main.py:35 - INFO - 开始检查憧れのエルフ先輩に、えっちな催眠術かけてみた。是否存在未下载章节
2026-08-07 01:45:54 - mkk_pika - main.py:45 - INFO - 正在下载:[憧れのエルフ先輩に、えっちな催眠術かけてみた。]-[moriQ (森あいり)]-[['短篇', '純愛']]-[total_pages:57]
2026-08-07 01:45:54 - mkk_pika - main.py:49 - INFO - [{'_id': '5c473b940bb41704ace50720', 'title': '生肉', 'order': 1, 'updated_at': '2019-01-28T10:13:21.131Z', 'id': '5c473b940bb41704ace50720'}, {'_id': '5c4ed5c1dd176e068022b9a5', 'title': '熟肉', 'order': 2, 'updated_at': '2019-01-28T04:24:07.160Z', 'id': '5c4ed5c1dd176e068022b9a5'}]
2026-08-07 01:45:54 - mkk_pika - database.py:215 - INFO - 第一次下载该漫画，记录数据库中
2026-08-07 01:45:55 - mkk_pika - main.py:83 - INFO - 找到 28 张图片在:生肉
2026-08-07 01:45:56 - mkk_pika - main.py:112 - INFO - [episode:生肉        ] downloaded:    28, total:  28, progress:100%
2026-08-07 01:45:56 - mkk_pika - database.py:238 - INFO - 数据库更新已下载章节
2026-08-07 01:45:56 - mkk_pika - database.py:244 - INFO - 该漫画已下载章节如下
2026-08-07 01:45:56 - mkk_pika - database.py:245 - INFO - ['生肉']
2026-08-07 01:45:57 - mkk_pika - main.py:83 - INFO - 找到 29 张图片在:熟肉
2026-08-07 01:45:58 - mkk_pika - main.py:112 - INFO - [episode:熟肉        ] downloaded:    29, total:  29, progress:100%
2026-08-07 01:45:58 - mkk_pika - database.py:238 - INFO - 数据库更新已下载章节
2026-08-07 01:45:58 - mkk_pika - database.py:244 - INFO - 该漫画已下载章节如下
2026-08-07 01:45:58 - mkk_pika - database.py:245 - INFO - ['生肉', '熟肉']
2026-08-07 01:45:59 - mkk_pika - main.py:348 - INFO - ==================== 漫画信息 ====================
                                   漫画ID：5c473b940bb41704ace5071f
                                   标题：憧れのエルフ先輩に、えっちな催眠術かけてみた。
                                   作者：moriQ (森あいり)
                                   是否完结：否
                                   总页数：57
                                   分类：短篇,純愛
                                   章节数：2
                                   最后更新时间：2019-01-28T10:13:21.116Z
                                   =================================================
2026-08-07 01:45:59 - mkk_pika - database.py:101 - INFO - 保存成功：憧れのエルフ先輩に、えっちな催眠術かけてみた。
2026-08-07 01:45:59 - mkk_pika - main.py:35 - INFO - 开始检查(C95) 若妻のたわわ♥ (月曜日のたわわ)是否存在未下载章节
2026-08-07 01:45:59 - mkk_pika - main.py:45 - INFO - 正在下载:[(C95) 若妻のたわわ♥ (月曜日のたわわ)]-[雷神会 (はるきゲにあ)]-[['同人', '短篇']]-[total_pages:32]
2026-08-07 01:45:59 - mkk_pika - main.py:49 - INFO - [{'_id': '5c4ed5d00c4d8f063740ee39', 'title': '第1集', 'order': 1, 'updated_at': '2019-01-28T04:29:52.207Z', 'id': '5c4ed5d00c4d8f063740ee39'}]
2026-08-07 01:45:59 - mkk_pika - database.py:215 - INFO - 第一次下载该漫画，记录数据库中
2026-08-07 01:46:00 - mkk_pika - main.py:83 - INFO - 找到 32 张图片在:第1集
2026-08-07 01:46:01 - mkk_pika - main.py:112 - INFO - [episode:第1集       ] downloaded:    32, total:  32, progress:100%
2026-08-07 01:46:01 - mkk_pika - database.py:238 - INFO - 数据库更新已下载章节
2026-08-07 01:46:01 - mkk_pika - database.py:244 - INFO - 该漫画已下载章节如下
2026-08-07 01:46:01 - mkk_pika - database.py:245 - INFO - ['第1集']
2026-08-07 01:46:02 - mkk_pika - main.py:348 - INFO - ==================== 漫画信息 ====================
                                   漫画ID：5c4ed5d00c4d8f063740ee38
                                   标题：(C95) 若妻のたわわ♥ (月曜日のたわわ)
                                   作者：雷神会 (はるきゲにあ)
                                   是否完结：是
                                   总页数：32
                                   分类：同人,短篇
                                   章节数：1
                                   最后更新时间：2019-01-28T10:13:36.789Z
                                   =================================================
2026-08-07 01:46:02 - mkk_pika - database.py:101 - INFO - 保存成功：(C95) 若妻のたわわ♥ (月曜日のたわわ)
2026-08-07 01:46:02 - mkk_pika - main.py:35 - INFO - 开始检查(C95)GOMEN NASAI。 (魔法少女リリカルなのは、Fate/Grand Order)是否存在未下载章节
2026-08-07 01:46:02 - mkk_pika - main.py:45 - INFO - 正在下载:[(C95)GOMEN NASAI。 (魔法少女リリカルなのは、Fate/Grand Order)]-[サイクロン (冷泉、和泉)]-[['短篇', '同人', 'Fate', '非人類']]-[total_pages:36]
2026-08-07 01:46:02 - mkk_pika - main.py:49 - INFO - [{'_id': '5c4ed5ef0c4d8f063740ee5c', 'title': '魔法少女奈叶', 'order': 1, 'updated_at': '2019-01-28T04:42:52.011Z', 'id': '5c4ed5ef0c4d8f063740ee5c'}, {'_id': '5c4ed5ef0c4d8f063740ee5d', 'title': 'FGO', 'order': 2, 'updated_at': '2019-01-28T04:43:37.352Z', 'id': '5c4ed5ef0c4d8f063740ee5d'}]
2026-08-07 01:46:02 - mkk_pika - database.py:215 - INFO - 第一次下载该漫画，记录数据库中
2026-08-07 01:46:03 - mkk_pika - main.py:83 - INFO - 找到 24 张图片在:魔法少女奈叶
2026-08-07 01:46:03 - mkk_pika - main.py:112 - INFO - [episode:魔法少女奈叶    ] downloaded:    24, total:  24, progress:100%
2026-08-07 01:46:03 - mkk_pika - database.py:238 - INFO - 数据库更新已下载章节
2026-08-07 01:46:03 - mkk_pika - database.py:244 - INFO - 该漫画已下载章节如下
2026-08-07 01:46:03 - mkk_pika - database.py:245 - INFO - ['魔法少女奈叶']
2026-08-07 01:46:05 - mkk_pika - main.py:83 - INFO - 找到 12 张图片在:FGO
2026-08-07 01:46:05 - mkk_pika - main.py:112 - INFO - [episode:FGO       ] downloaded:    12, total:  12, progress:100%
2026-08-07 01:46:05 - mkk_pika - database.py:238 - INFO - 数据库更新已下载章节
2026-08-07 01:46:05 - mkk_pika - database.py:244 - INFO - 该漫画已下载章节如下
2026-08-07 01:46:05 - mkk_pika - database.py:245 - INFO - ['魔法少女奈叶', 'FGO']
2026-08-07 01:46:07 - mkk_pika - main.py:348 - INFO - ==================== 漫画信息 ====================
                                   漫画ID：5c4ed5ef0c4d8f063740ee5b
                                   标题：(C95)GOMEN NASAI。 (魔法少女リリカルなのは、Fate/Grand Order)
                                   作者：サイクロン (冷泉、和泉)
                                   是否完结：是
                                   总页数：36
                                   分类：短篇,同人,Fate,非人類
                                   章节数：2
                                   最后更新时间：2019-01-28T10:14:07.405Z
                                   =================================================
2026-08-07 01:46:07 - mkk_pika - database.py:101 - INFO - 保存成功：(C95)GOMEN NASAI。 (魔法少女リリカルなのは、Fate/Grand Order)
2026-08-07 01:46:07 - mkk_pika - main.py:380 - INFO - 本次任务下载完毕
2026-08-07 01:46:07 - mkk_pika - database.py:173 - INFO - 数据库连接已关闭
