2026-08-18 23:31:36 - mkk_pika - main.py:193 - INFO - =======================================================================
2026-08-18 23:31:36 - mkk_pika - database.py:61 - INFO - 表和索引初始化成功
2026-08-18 23:31:36 - mkk_pika - main.py:197 - INFO - 已经累计下载18986本漫画
2026-08-18 23:31:37 - mkk_pika - api.py:87 - INFO - 登录成功
2026-08-18 23:31:37 - mkk_pika - main.py:203 - INFO - 收藏夹共计0本漫画
2026-08-18 23:31:37 - mkk_pika - main.py:206 - INFO - 开始下载收藏夹内未下载内容
2026-08-18 23:31:37 - mkk_pika - main.py:266 - INFO - 收藏夹内容下载完毕
2026-08-18 23:31:37 - mkk_pika - main.py:268 - INFO - 开始下载订阅内容
2026-08-18 23:31:37 - mkk_pika - database.py:258 - INFO - 根据ID查询到标题：萝莉 -> I am not you！〜尤藍が入れ替わる話〜 | 蓝，I am not 尤！~尤蓝身体交换的故事~
2026-08-18 23:31:38 - mkk_pika - database.py:101 - INFO - 保存成功：エロ本大好きなガキが女の子な訳ねえだろ!! | 喜欢看小黄漫的小鬼怎么可会是女生呢‼
2026-08-18 23:31:38 - mkk_pika - main.py:273 - INFO - 关键词萝莉找到2本漫画
2026-08-18 23:31:38 - mkk_pika - database.py:258 - INFO - 根据ID查询到标题：蘿莉 -> [PIXIV] AIうえお (118437861)（AI）
2026-08-18 23:31:38 - mkk_pika - database.py:101 - INFO - 保存成功：[Patreon] Clowenqq（AI）
2026-08-18 23:31:38 - mkk_pika - main.py:273 - INFO - 关键词蘿莉找到8本漫画
2026-08-18 23:31:38 - mkk_pika - main.py:275 - INFO - 订阅内容共计10本漫画
2026-08-18 23:31:38 - mkk_pika - main.py:35 - INFO - 开始检查Little Giant! ─〇リ巨乳・低身長巨乳合同 | Little Giant! ─萝莉巨乳・低身高巨乳合同是否存在未下载章节
2026-08-18 23:31:39 - mkk_pika - main.py:45 - INFO - 正在下载:[Little Giant! ─〇リ巨乳・低身長巨乳合同 | Little Giant! ─萝莉巨乳・低身高巨乳合同]-[色即絶句]-[['長篇', '同人']]-[total_pages:-1]
2026-08-18 23:31:39 - mkk_pika - main.py:49 - INFO - [{'_id': '6a847ed40decb03d594aa1df', 'title': '第1話', 'order': 1, 'updated_at': '2026-08-17T23:51:34.057Z', 'id': '6a847ed40decb03d594aa1df'}]
2026-08-18 23:31:39 - mkk_pika - database.py:215 - INFO - 第一次下载该漫画，记录数据库中
2026-08-18 23:31:40 - mkk_pika - main.py:83 - INFO - 找到 110 张图片在:第1話
2026-08-18 23:31:44 - mkk_pika - main.py:112 - INFO - [episode:第1話       ] downloaded:   110, total: 110, progress:100%
2026-08-18 23:31:44 - mkk_pika - database.py:238 - INFO - 数据库更新已下载章节
2026-08-18 23:31:44 - mkk_pika - database.py:244 - INFO - 该漫画已下载章节如下
2026-08-18 23:31:44 - mkk_pika - database.py:245 - INFO - ['第1話']
2026-08-18 23:31:46 - mkk_pika - main.py:292 - INFO - ==================== 漫画信息 ====================
                                漫画ID：6a847ed40decb03d594aa1de
                                标题：Little Giant! ─〇リ巨乳・低身長巨乳合同 | Little Giant! ─萝莉巨乳・低身高巨乳合同
                                作者：色即絶句
                                是否完结：是
                                总页数：110
                                分类：長篇,同人
                                章节数：1
                                最后更新时间：2026-08-18T15:48:36.118Z
                                =================================================
2026-08-18 23:31:46 - mkk_pika - database.py:101 - INFO - 保存成功：Little Giant! ─〇リ巨乳・低身長巨乳合同 | Little Giant! ─萝莉巨乳・低身高巨乳合同
2026-08-18 23:31:46 - mkk_pika - main.py:35 - INFO - 开始检查エロ本大好きなガキが女の子な訳ねえだろ!! | 喜欢看小黄漫的小鬼怎么可会是女生呢‼是否存在未下载章节
2026-08-18 23:31:46 - mkk_pika - database.py:203 - INFO - 查询数据库中是否已存在第1話
2026-08-18 23:31:46 - mkk_pika - main.py:51 - INFO - エロ本大好きなガキが女の子な訳ねえだろ!! | 喜欢看小黄漫的小鬼怎么可会是女生呢‼中没有可下载章节
2026-08-18 23:31:46 - mkk_pika - main.py:292 - INFO - ==================== 漫画信息 ====================
                                漫画ID：6a8081af071b81393d2308a6
                                标题：エロ本大好きなガキが女の子な訳ねえだろ!! | 喜欢看小黄漫的小鬼怎么可会是女生呢‼
                                作者：Rev3 (もんちゃんrev3)
                                是否完结：是
                                总页数：38
                                分类：短篇
                                章节数：1
                                最后更新时间：2026-08-15T15:11:43.862Z
                                =================================================
2026-08-18 23:31:46 - mkk_pika - database.py:101 - INFO - 保存成功：エロ本大好きなガキが女の子な訳ねえだろ!! | 喜欢看小黄漫的小鬼怎么可会是女生呢‼
2026-08-18 23:31:46 - mkk_pika - main.py:35 - INFO - 开始检查イロハといちゃらぶえっちする本 (ブルーアーカイブ)是否存在未下载章节
2026-08-18 23:31:46 - mkk_pika - main.py:45 - INFO - 正在下载:[イロハといちゃらぶえっちする本 (ブルーアーカイブ)]-[和泉都 (和水ややど)]-[['同人', '短篇']]-[total_pages:-1]
2026-08-18 23:31:46 - mkk_pika - main.py:49 - INFO - [{'_id': '6a847f86049af33d716cc2f6', 'title': '第1話', 'order': 1, 'updated_at': '2026-08-18T06:11:40.097Z', 'id': '6a847f86049af33d716cc2f6'}]
2026-08-18 23:31:46 - mkk_pika - database.py:215 - INFO - 第一次下载该漫画，记录数据库中
2026-08-18 23:31:47 - mkk_pika - main.py:83 - INFO - 找到 32 张图片在:第1話
2026-08-18 23:31:49 - mkk_pika - main.py:112 - INFO - [episode:第1話       ] downloaded:    32, total:  32, progress:100%
2026-08-18 23:31:49 - mkk_pika - database.py:238 - INFO - 数据库更新已下载章节
2026-08-18 23:31:49 - mkk_pika - database.py:244 - INFO - 该漫画已下载章节如下
2026-08-18 23:31:49 - mkk_pika - database.py:245 - INFO - ['第1話']
2026-08-18 23:31:50 - mkk_pika - main.py:292 - INFO - ==================== 漫画信息 ====================
                                漫画ID：6a847f86049af33d716cc2f5
                                标题：イロハといちゃらぶえっちする本 (ブルーアーカイブ)
                                作者：和泉都 (和水ややど)
                                是否完结：是
                                总页数：32
                                分类：同人,短篇
                                章节数：1
                                最后更新时间：2026-08-18T15:51:34.607Z
                                =================================================
2026-08-18 23:31:50 - mkk_pika - database.py:101 - INFO - 保存成功：イロハといちゃらぶえっちする本 (ブルーアーカイブ)
2026-08-18 23:31:50 - mkk_pika - main.py:35 - INFO - 开始检查めぐみんコスプレイヤーとオフパコごっこ2 (この素晴らしい世界に祝福を!) | 与惠惠的COSPLAYER进行线下约炮模拟 2 是否存在未下载章节
2026-08-18 23:31:50 - mkk_pika - main.py:45 - INFO - 正在下载:[めぐみんコスプレイヤーとオフパコごっこ2 (この素晴らしい世界に祝福を!) | 与惠惠的COSPLAYER进行线下约炮模拟 2 ]-[あるたな (薙派)]-[['短篇']]-[total_pages:-1]
2026-08-18 23:31:50 - mkk_pika - main.py:49 - INFO - [{'_id': '6a847f77049af33d716cc2cc', 'title': '第1話', 'order': 1, 'updated_at': '2026-08-18T04:29:14.986Z', 'id': '6a847f77049af33d716cc2cc'}]
2026-08-18 23:31:50 - mkk_pika - database.py:215 - INFO - 第一次下载该漫画，记录数据库中
2026-08-18 23:31:51 - mkk_pika - main.py:83 - INFO - 找到 37 张图片在:第1話
2026-08-18 23:31:52 - mkk_pika - main.py:112 - INFO - [episode:第1話       ] downloaded:    37, total:  37, progress:100%
2026-08-18 23:31:52 - mkk_pika - database.py:238 - INFO - 数据库更新已下载章节
2026-08-18 23:31:52 - mkk_pika - database.py:244 - INFO - 该漫画已下载章节如下
2026-08-18 23:31:52 - mkk_pika - database.py:245 - INFO - ['第1話']
2026-08-18 23:31:54 - mkk_pika - main.py:292 - INFO - ==================== 漫画信息 ====================
                                漫画ID：6a847f77049af33d716cc2cb
                                标题：めぐみんコスプレイヤーとオフパコごっこ2 (この素晴らしい世界に祝福を!) | 与惠惠的COSPLAYER进行线下约炮模拟 2 
                                作者：あるたな (薙派)
                                是否完结：是
                                总页数：37
                                分类：短篇
                                章节数：1
                                最后更新时间：2026-08-18T15:51:19.753Z
                                =================================================
2026-08-18 23:31:54 - mkk_pika - database.py:101 - INFO - 保存成功：めぐみんコスプレイヤーとオフパコごっこ2 (この素晴らしい世界に祝福を!) | 与惠惠的COSPLAYER进行线下约炮模拟 2 
2026-08-18 23:31:54 - mkk_pika - main.py:35 - INFO - 开始检查キサ危機 | 妃机重重是否存在未下载章节
2026-08-18 23:31:54 - mkk_pika - main.py:45 - INFO - 正在下载:[キサ危機 | 妃机重重]-[Horizontal World (またのんき▼)]-[['短篇']]-[total_pages:-1]
2026-08-18 23:31:54 - mkk_pika - main.py:49 - INFO - [{'_id': '6a847f130decb03d594aa252', 'title': '第1話', 'order': 1, 'updated_at': '2026-08-18T05:05:49.551Z', 'id': '6a847f130decb03d594aa252'}]
2026-08-18 23:31:54 - mkk_pika - database.py:215 - INFO - 第一次下载该漫画，记录数据库中
2026-08-18 23:31:55 - mkk_pika - main.py:83 - INFO - 找到 28 张图片在:第1話
2026-08-18 23:31:56 - mkk_pika - main.py:112 - INFO - [episode:第1話       ] downloaded:    28, total:  28, progress:100%
2026-08-18 23:31:56 - mkk_pika - database.py:238 - INFO - 数据库更新已下载章节
2026-08-18 23:31:56 - mkk_pika - database.py:244 - INFO - 该漫画已下载章节如下
2026-08-18 23:31:56 - mkk_pika - database.py:245 - INFO - ['第1話']
2026-08-18 23:31:57 - mkk_pika - main.py:292 - INFO - ==================== 漫画信息 ====================
                                漫画ID：6a847f130decb03d594aa251
                                标题：キサ危機 | 妃机重重
                                作者：Horizontal World (またのんき▼)
                                是否完结：是
                                总页数：28
                                分类：短篇
                                章节数：1
                                最后更新时间：2026-08-18T15:49:39.238Z
                                =================================================
2026-08-18 23:31:57 - mkk_pika - database.py:101 - INFO - 保存成功：キサ危機 | 妃机重重
2026-08-18 23:31:57 - mkk_pika - main.py:35 - INFO - 开始检查Little Giant! ─〇リ巨乳・低身長巨乳合同 | Little Giant! ─萝莉巨乳・低身高巨乳合同是否存在未下载章节
2026-08-18 23:31:57 - mkk_pika - database.py:203 - INFO - 查询数据库中是否已存在第1話
2026-08-18 23:31:57 - mkk_pika - main.py:51 - INFO - Little Giant! ─〇リ巨乳・低身長巨乳合同 | Little Giant! ─萝莉巨乳・低身高巨乳合同中没有可下载章节
2026-08-18 23:31:58 - mkk_pika - main.py:292 - INFO - ==================== 漫画信息 ====================
                                漫画ID：6a847ed40decb03d594aa1de
                                标题：Little Giant! ─〇リ巨乳・低身長巨乳合同 | Little Giant! ─萝莉巨乳・低身高巨乳合同
                                作者：色即絶句
                                是否完结：是
                                总页数：110
                                分类：長篇,同人
                                章节数：1
                                最后更新时间：2026-08-18T15:48:36.118Z
                                =================================================
2026-08-18 23:31:58 - mkk_pika - database.py:101 - INFO - 保存成功：Little Giant! ─〇リ巨乳・低身長巨乳合同 | Little Giant! ─萝莉巨乳・低身高巨乳合同
2026-08-18 23:31:58 - mkk_pika - main.py:35 - INFO - 开始检查可愛いって言うのやめてください！ | 请您不要再说我可爱了！是否存在未下载章节
2026-08-18 23:31:58 - mkk_pika - main.py:45 - INFO - 正在下载:[可愛いって言うのやめてください！ | 请您不要再说我可爱了！]-[SeaweeD (天気海苔)]-[['短篇', '同人', '純愛']]-[total_pages:-1]
2026-08-18 23:31:58 - mkk_pika - main.py:49 - INFO - [{'_id': '6a847e087514703d46a1b68f', 'title': '熟肉', 'order': 1, 'updated_at': '2026-08-17T17:40:36.791Z', 'id': '6a847e087514703d46a1b68f'}, {'_id': '6a847e087514703d46a1b690', 'title': '生肉', 'order': 2, 'updated_at': '2026-08-17T17:48:07.700Z', 'id': '6a847e087514703d46a1b690'}]
2026-08-18 23:31:58 - mkk_pika - database.py:215 - INFO - 第一次下载该漫画，记录数据库中
2026-08-18 23:31:58 - mkk_pika - main.py:83 - INFO - 找到 27 张图片在:熟肉
2026-08-18 23:31:59 - mkk_pika - main.py:112 - INFO - [episode:熟肉        ] downloaded:    27, total:  27, progress:100%
2026-08-18 23:31:59 - mkk_pika - database.py:238 - INFO - 数据库更新已下载章节
2026-08-18 23:31:59 - mkk_pika - database.py:244 - INFO - 该漫画已下载章节如下
2026-08-18 23:31:59 - mkk_pika - database.py:245 - INFO - ['熟肉']
2026-08-18 23:32:01 - mkk_pika - main.py:83 - INFO - 找到 26 张图片在:生肉
2026-08-18 23:32:02 - mkk_pika - main.py:112 - INFO - [episode:生肉        ] downloaded:    26, total:  26, progress:100%
2026-08-18 23:32:02 - mkk_pika - database.py:238 - INFO - 数据库更新已下载章节
2026-08-18 23:32:02 - mkk_pika - database.py:244 - INFO - 该漫画已下载章节如下
2026-08-18 23:32:02 - mkk_pika - database.py:245 - INFO - ['熟肉', '生肉']
2026-08-18 23:32:03 - mkk_pika - main.py:292 - INFO - ==================== 漫画信息 ====================
                                漫画ID：6a847e087514703d46a1b68e
                                标题：可愛いって言うのやめてください！ | 请您不要再说我可爱了！
                                作者：SeaweeD (天気海苔)
                                是否完结：是
                                总页数：53
                                分类：短篇,同人,純愛
                                章节数：2
                                最后更新时间：2026-08-18T15:45:12.701Z
                                =================================================
2026-08-18 23:32:03 - mkk_pika - database.py:101 - INFO - 保存成功：可愛いって言うのやめてください！ | 请您不要再说我可爱了！
2026-08-18 23:32:03 - mkk_pika - main.py:35 - INFO - 开始检查ケイちゃんママッ!!今日もあまあまだっこしてッ♥ | 傲娇的凯伊妈咪!!今天也要温柔甜腻地亲亲抱抱哦♥是否存在未下载章节
2026-08-18 23:32:04 - mkk_pika - main.py:45 - INFO - 正在下载:[ケイちゃんママッ!!今日もあまあまだっこしてッ♥ | 傲娇的凯伊妈咪!!今天也要温柔甜腻地亲亲抱抱哦♥]-[きつね屋 (リーフィ)]-[['短篇', '同人', '純愛']]-[total_pages:-1]
2026-08-18 23:32:04 - mkk_pika - main.py:49 - INFO - [{'_id': '6a847dfa0decb03d594aa192', 'title': '熟肉', 'order': 1, 'updated_at': '2026-08-17T17:31:52.704Z', 'id': '6a847dfa0decb03d594aa192'}, {'_id': '6a847dfa0decb03d594aa193', 'title': '生肉', 'order': 2, 'updated_at': '2026-08-17T17:34:38.153Z', 'id': '6a847dfa0decb03d594aa193'}]
2026-08-18 23:32:04 - mkk_pika - database.py:215 - INFO - 第一次下载该漫画，记录数据库中
2026-08-18 23:32:04 - mkk_pika - main.py:83 - INFO - 找到 33 张图片在:熟肉
2026-08-18 23:32:05 - mkk_pika - main.py:112 - INFO - [episode:熟肉        ] downloaded:    33, total:  33, progress:100%
2026-08-18 23:32:05 - mkk_pika - database.py:238 - INFO - 数据库更新已下载章节
2026-08-18 23:32:05 - mkk_pika - database.py:244 - INFO - 该漫画已下载章节如下
2026-08-18 23:32:05 - mkk_pika - database.py:245 - INFO - ['熟肉']
2026-08-18 23:32:07 - mkk_pika - main.py:83 - INFO - 找到 33 张图片在:生肉
2026-08-18 23:32:08 - mkk_pika - main.py:112 - INFO - [episode:生肉        ] downloaded:    33, total:  33, progress:100%
2026-08-18 23:32:08 - mkk_pika - database.py:238 - INFO - 数据库更新已下载章节
2026-08-18 23:32:08 - mkk_pika - database.py:244 - INFO - 该漫画已下载章节如下
2026-08-18 23:32:08 - mkk_pika - database.py:245 - INFO - ['熟肉', '生肉']
2026-08-18 23:32:09 - mkk_pika - main.py:292 - INFO - ==================== 漫画信息 ====================
                                漫画ID：6a847dfa0decb03d594aa191
                                标题：ケイちゃんママッ!!今日もあまあまだっこしてッ♥ | 傲娇的凯伊妈咪!!今天也要温柔甜腻地亲亲抱抱哦♥
                                作者：きつね屋 (リーフィ)
                                是否完结：是
                                总页数：66
                                分类：短篇,同人,純愛
                                章节数：2
                                最后更新时间：2026-08-18T15:44:58.140Z
                                =================================================
2026-08-18 23:32:09 - mkk_pika - database.py:101 - INFO - 保存成功：ケイちゃんママッ!!今日もあまあまだっこしてッ♥ | 傲娇的凯伊妈咪!!今天也要温柔甜腻地亲亲抱抱哦♥
2026-08-18 23:32:09 - mkk_pika - main.py:35 - INFO - 开始检查先生を使って性教育する本 | 用老师的身体上性教育课的本子是否存在未下载章节
2026-08-18 23:32:10 - mkk_pika - main.py:45 - INFO - 正在下载:[先生を使って性教育する本 | 用老师的身体上性教育课的本子]-[うねうねするぞ (ぢう]-[['短篇', '同人']]-[total_pages:-1]
2026-08-18 23:32:10 - mkk_pika - main.py:49 - INFO - [{'_id': '6a847de4049af33d716cc236', 'title': '熟肉', 'order': 1, 'updated_at': '2026-08-17T16:31:42.977Z', 'id': '6a847de4049af33d716cc236'}, {'_id': '6a847de4049af33d716cc237', 'title': '生肉', 'order': 2, 'updated_at': '2026-08-17T17:10:31.722Z', 'id': '6a847de4049af33d716cc237'}]
2026-08-18 23:32:10 - mkk_pika - database.py:215 - INFO - 第一次下载该漫画，记录数据库中
2026-08-18 23:32:10 - mkk_pika - main.py:83 - INFO - 找到 31 张图片在:熟肉
2026-08-18 23:32:11 - mkk_pika - main.py:112 - INFO - [episode:熟肉        ] downloaded:    31, total:  31, progress:100%
2026-08-18 23:32:11 - mkk_pika - database.py:238 - INFO - 数据库更新已下载章节
2026-08-18 23:32:11 - mkk_pika - database.py:244 - INFO - 该漫画已下载章节如下
2026-08-18 23:32:11 - mkk_pika - database.py:245 - INFO - ['熟肉']
2026-08-18 23:32:13 - mkk_pika - main.py:83 - INFO - 找到 30 张图片在:生肉
2026-08-18 23:32:14 - mkk_pika - main.py:112 - INFO - [episode:生肉        ] downloaded:    30, total:  30, progress:100%
2026-08-18 23:32:14 - mkk_pika - database.py:238 - INFO - 数据库更新已下载章节
2026-08-18 23:32:14 - mkk_pika - database.py:244 - INFO - 该漫画已下载章节如下
2026-08-18 23:32:14 - mkk_pika - database.py:245 - INFO - ['熟肉', '生肉']
2026-08-18 23:32:16 - mkk_pika - main.py:292 - INFO - ==================== 漫画信息 ====================
                                漫画ID：6a847de4049af33d716cc235
                                标题：先生を使って性教育する本 | 用老师的身体上性教育课的本子
                                作者：うねうねするぞ (ぢう
                                是否完结：是
                                总页数：61
                                分类：短篇,同人
                                章节数：2
                                最后更新时间：2026-08-18T15:44:36.859Z
                                =================================================
2026-08-18 23:32:16 - mkk_pika - database.py:101 - INFO - 保存成功：先生を使って性教育する本 | 用老师的身体上性教育课的本子
2026-08-18 23:32:16 - mkk_pika - main.py:35 - INFO - 开始检查雨に濡れても…是否存在未下载章节
2026-08-18 23:32:16 - mkk_pika - main.py:45 - INFO - 正在下载:[雨に濡れても…]-[極太眉毛]-[['短篇']]-[total_pages:-1]
2026-08-18 23:32:16 - mkk_pika - main.py:49 - INFO - [{'_id': '6a847d1b0decb03d594aa0f5', 'title': '第1話', 'order': 1, 'updated_at': '2026-08-17T13:29:41.600Z', 'id': '6a847d1b0decb03d594aa0f5'}]
2026-08-18 23:32:16 - mkk_pika - database.py:215 - INFO - 第一次下载该漫画，记录数据库中
2026-08-18 23:32:17 - mkk_pika - main.py:83 - INFO - 找到 18 张图片在:第1話
2026-08-18 23:32:17 - mkk_pika - main.py:112 - INFO - [episode:第1話       ] downloaded:    18, total:  18, progress:100%
2026-08-18 23:32:17 - mkk_pika - database.py:238 - INFO - 数据库更新已下载章节
2026-08-18 23:32:17 - mkk_pika - database.py:244 - INFO - 该漫画已下载章节如下
2026-08-18 23:32:17 - mkk_pika - database.py:245 - INFO - ['第1話']
2026-08-18 23:32:18 - mkk_pika - main.py:292 - INFO - ==================== 漫画信息 ====================
                                漫画ID：6a847d1b0decb03d594aa0f4
                                标题：雨に濡れても…
                                作者：極太眉毛
                                是否完结：否
                                总页数：18
                                分类：短篇
                                章节数：1
                                最后更新时间：2026-08-18T15:41:15.590Z
                                =================================================
2026-08-18 23:32:18 - mkk_pika - database.py:101 - INFO - 保存成功：雨に濡れても…
2026-08-18 23:32:18 - mkk_pika - main.py:323 - INFO - 订阅内容内容下载完毕
2026-08-18 23:32:18 - mkk_pika - main.py:324 - INFO - 开始分批下载全部章节
2026-08-18 23:32:18 - mkk_pika - database.py:280 - INFO - 表和索引初始化成功
2026-08-18 23:32:19 - mkk_pika - main.py:177 - INFO - 已经下载了1433页，一共7086页，现在开始添加第1434页
2026-08-18 23:32:19 - mkk_pika - database.py:318 - INFO - 保存成功
2026-08-18 23:32:20 - mkk_pika - main.py:177 - INFO - 已经下载了1434页，一共7086页，现在开始添加第1435页
2026-08-18 23:32:20 - mkk_pika - database.py:318 - INFO - 保存成功
2026-08-18 23:32:20 - mkk_pika - main.py:177 - INFO - 已经下载了1435页，一共7086页，现在开始添加第1436页
2026-08-18 23:32:21 - mkk_pika - database.py:318 - INFO - 保存成功
2026-08-18 23:32:21 - mkk_pika - main.py:177 - INFO - 已经下载了1436页，一共7086页，现在开始添加第1437页
2026-08-18 23:32:22 - mkk_pika - database.py:318 - INFO - 保存成功
2026-08-18 23:32:22 - mkk_pika - main.py:177 - INFO - 已经下载了1437页，一共7086页，现在开始添加第1438页
2026-08-18 23:32:22 - mkk_pika - database.py:318 - INFO - 保存成功
2026-08-18 23:32:22 - mkk_pika - main.py:331 - INFO - 分批下载共计42本漫画
2026-08-18 23:32:22 - mkk_pika - main.py:35 - INFO - 开始检查 最悪なじじぃ (ハレバレハレンチ)是否存在未下载章节
2026-08-18 23:32:23 - mkk_pika - main.py:45 - INFO - 正在下载:[ 最悪なじじぃ (ハレバレハレンチ)]-[じゃんぬだっく]-[['短篇', '人妻', 'NTR', '強暴']]-[total_pages:16]
2026-08-18 23:32:23 - mkk_pika - main.py:49 - INFO - [{'_id': '5c6565754571b50bc28b27da', 'title': '第1集', 'order': 1, 'updated_at': '2019-02-13T17:34:33.728Z', 'id': '5c6565754571b50bc28b27da'}]
2026-08-18 23:32:23 - mkk_pika - database.py:215 - INFO - 第一次下载该漫画，记录数据库中
2026-08-18 23:32:24 - mkk_pika - main.py:83 - INFO - 找到 16 张图片在:第1集
2026-08-18 23:32:25 - mkk_pika - main.py:112 - INFO - [episode:第1集       ] downloaded:    16, total:  16, progress:100%
2026-08-18 23:32:25 - mkk_pika - database.py:238 - INFO - 数据库更新已下载章节
2026-08-18 23:32:25 - mkk_pika - database.py:244 - INFO - 该漫画已下载章节如下
2026-08-18 23:32:25 - mkk_pika - database.py:245 - INFO - ['第1集']
2026-08-18 23:32:26 - mkk_pika - main.py:348 - INFO - ==================== 漫画信息 ====================
                                   漫画ID：5c6565754571b50bc28b27d9
                                   标题： 最悪なじじぃ (ハレバレハレンチ)
                                   作者：じゃんぬだっく
                                   是否完结：是
                                   总页数：16
                                   分类：短篇,人妻,NTR,強暴
                                   章节数：1
                                   最后更新时间：2019-02-14T12:56:21.269Z
                                   =================================================
2026-08-18 23:32:26 - mkk_pika - database.py:101 - INFO - 保存成功： 最悪なじじぃ (ハレバレハレンチ)
2026-08-18 23:32:26 - mkk_pika - main.py:35 - INFO - 开始检查(SC2015 Summer) Shaving  是否存在未下载章节
2026-08-18 23:32:26 - mkk_pika - main.py:45 - INFO - 正在下载:[(SC2015 Summer) Shaving  ]-[Mushaburu (Musha Sabu)]-[['短篇', '純愛']]-[total_pages:28]
2026-08-18 23:32:26 - mkk_pika - main.py:49 - INFO - [{'_id': '5c65658dddedbe522e5d840b', 'title': '第1集', 'order': 1, 'updated_at': '2019-02-13T18:00:40.071Z', 'id': '5c65658dddedbe522e5d840b'}]
2026-08-18 23:32:26 - mkk_pika - database.py:215 - INFO - 第一次下载该漫画，记录数据库中
2026-08-18 23:32:27 - mkk_pika - main.py:83 - INFO - 找到 28 张图片在:第1集
2026-08-18 23:32:29 - mkk_pika - main.py:112 - INFO - [episode:第1集       ] downloaded:    28, total:  28, progress:100%
2026-08-18 23:32:29 - mkk_pika - database.py:238 - INFO - 数据库更新已下载章节
2026-08-18 23:32:29 - mkk_pika - database.py:244 - INFO - 该漫画已下载章节如下
2026-08-18 23:32:29 - mkk_pika - database.py:245 - INFO - ['第1集']
2026-08-18 23:32:30 - mkk_pika - main.py:348 - INFO - ==================== 漫画信息 ====================
                                   漫画ID：5c65658dddedbe522e5d840a
                                   标题：(SC2015 Summer) Shaving  
                                   作者：Mushaburu (Musha Sabu)
                                   是否完结：是
                                   总页数：28
                                   分类：短篇,純愛
                                   章节数：1
                                   最后更新时间：2019-02-14T12:56:45.689Z
                                   =================================================
2026-08-18 23:32:30 - mkk_pika - database.py:101 - INFO - 保存成功：(SC2015 Summer) Shaving  
2026-08-18 23:32:30 - mkk_pika - main.py:35 - INFO - 开始检查 (C95)トロけちゃうほどいっしょにいさせて (艦隊これくしょん -艦これ-)是否存在未下载章节
2026-08-18 23:32:30 - mkk_pika - main.py:45 - INFO - 正在下载:[ (C95)トロけちゃうほどいっしょにいさせて (艦隊これくしょん -艦これ-)]-[回遊企画 (鈴井ナルミ)]-[['短篇', '同人', '艦隊收藏', '純愛']]-[total_pages:28]
2026-08-18 23:32:30 - mkk_pika - main.py:49 - INFO - [{'_id': '5c6566993cf33b2735ae6f4e', 'title': '第1集', 'order': 1, 'updated_at': '2019-02-14T02:10:10.514Z', 'id': '5c6566993cf33b2735ae6f4e'}]
2026-08-18 23:32:30 - mkk_pika - database.py:215 - INFO - 第一次下载该漫画，记录数据库中
2026-08-18 23:32:31 - mkk_pika - main.py:83 - INFO - 找到 28 张图片在:第1集
2026-08-18 23:32:33 - mkk_pika - main.py:112 - INFO - [episode:第1集       ] downloaded:    28, total:  28, progress:100%
2026-08-18 23:32:33 - mkk_pika - database.py:238 - INFO - 数据库更新已下载章节
2026-08-18 23:32:33 - mkk_pika - database.py:244 - INFO - 该漫画已下载章节如下
2026-08-18 23:32:33 - mkk_pika - database.py:245 - INFO - ['第1集']
2026-08-18 23:32:34 - mkk_pika - main.py:348 - INFO - ==================== 漫画信息 ====================
                                   漫画ID：5c6566993cf33b2735ae6f4d
                                   标题： (C95)トロけちゃうほどいっしょにいさせて (艦隊これくしょん -艦これ-)
                                   作者：回遊企画 (鈴井ナルミ)
                                   是否完结：是
                                   总页数：28
                                   分类：短篇,同人,艦隊收藏,純愛
                                   章节数：1
                                   最后更新时间：2019-02-14T13:01:13.624Z
                                   =================================================
2026-08-18 23:32:34 - mkk_pika - database.py:101 - INFO - 保存成功： (C95)トロけちゃうほどいっしょにいさせて (艦隊これくしょん -艦これ-)
2026-08-18 23:32:34 - mkk_pika - main.py:35 - INFO - 开始检查インモラル・ドロップ 彼女が雌奴隷に戻った日 (正義のヒロイン姦獄ファイル Vol.16) 是否存在未下载章节
2026-08-18 23:32:34 - mkk_pika - main.py:45 - INFO - 正在下载:[インモラル・ドロップ 彼女が雌奴隷に戻った日 (正義のヒロイン姦獄ファイル Vol.16) ]-[あんこまん]-[['短篇', 'NTR', '強暴']]-[total_pages:24]
2026-08-18 23:32:34 - mkk_pika - main.py:49 - INFO - [{'_id': '5c6567433ef608781ce69160', 'title': '第1集', 'order': 1, 'updated_at': '2019-02-14T02:19:44.981Z', 'id': '5c6567433ef608781ce69160'}]
2026-08-18 23:32:34 - mkk_pika - database.py:215 - INFO - 第一次下载该漫画，记录数据库中
2026-08-18 23:32:35 - mkk_pika - main.py:83 - INFO - 找到 24 张图片在:第1集
2026-08-18 23:32:36 - mkk_pika - main.py:112 - INFO - [episode:第1集       ] downloaded:    24, total:  24, progress:100%
2026-08-18 23:32:36 - mkk_pika - database.py:238 - INFO - 数据库更新已下载章节
2026-08-18 23:32:36 - mkk_pika - database.py:244 - INFO - 该漫画已下载章节如下
2026-08-18 23:32:36 - mkk_pika - database.py:245 - INFO - ['第1集']
2026-08-18 23:32:37 - mkk_pika - main.py:348 - INFO - ==================== 漫画信息 ====================
                                   漫画ID：5c6567433ef608781ce6915f
                                   标题：インモラル・ドロップ 彼女が雌奴隷に戻った日 (正義のヒロイン姦獄ファイル Vol.16) 
                                   作者：あんこまん
                                   是否完结：是
                                   总页数：24
                                   分类：短篇,NTR,強暴
                                   章节数：1
                                   最后更新时间：2019-02-14T13:04:03.291Z
                                   =================================================
2026-08-18 23:32:37 - mkk_pika - database.py:101 - INFO - 保存成功：インモラル・ドロップ 彼女が雌奴隷に戻った日 (正義のヒロイン姦獄ファイル Vol.16) 
2026-08-18 23:32:37 - mkk_pika - main.py:35 - INFO - 开始检查(C95)あなたのアリス (アイドルマスターシンデレラガールズ.）是否存在未下载章节
2026-08-18 23:32:38 - mkk_pika - main.py:45 - INFO - 正在下载:[(C95)あなたのアリス (アイドルマスターシンデレラガールズ.）]-[ななつ組 (七宮つぐ実)]-[['短篇', '同人', '純愛']]-[total_pages:26]
2026-08-18 23:32:38 - mkk_pika - main.py:49 - INFO - [{'_id': '5c65675f3ef608781ce6917b', 'title': '第1集', 'order': 1, 'updated_at': '2019-02-14T02:32:27.210Z', 'id': '5c65675f3ef608781ce6917b'}]
2026-08-18 23:32:38 - mkk_pika - database.py:215 - INFO - 第一次下载该漫画，记录数据库中
2026-08-18 23:32:38 - mkk_pika - main.py:83 - INFO - 找到 26 张图片在:第1集
2026-08-18 23:32:40 - mkk_pika - main.py:112 - INFO - [episode:第1集       ] downloaded:    26, total:  26, progress:100%
2026-08-18 23:32:40 - mkk_pika - database.py:238 - INFO - 数据库更新已下载章节
2026-08-18 23:32:40 - mkk_pika - database.py:244 - INFO - 该漫画已下载章节如下
2026-08-18 23:32:40 - mkk_pika - database.py:245 - INFO - ['第1集']
2026-08-18 23:32:41 - mkk_pika - main.py:348 - INFO - ==================== 漫画信息 ====================
                                   漫画ID：5c65675f3ef608781ce6917a
                                   标题：(C95)あなたのアリス (アイドルマスターシンデレラガールズ.）
                                   作者：ななつ組 (七宮つぐ実)
                                   是否完结：是
                                   总页数：26
                                   分类：短篇,同人,純愛
                                   章节数：1
                                   最后更新时间：2019-02-14T13:04:31.448Z
                                   =================================================
2026-08-18 23:32:41 - mkk_pika - database.py:101 - INFO - 保存成功：(C95)あなたのアリス (アイドルマスターシンデレラガールズ.）
2026-08-18 23:32:41 - mkk_pika - main.py:35 - INFO - 开始检查 Sweet Sweet Love Magic (アイドルマスター シンデレラガールズ) 是否存在未下载章节
2026-08-18 23:32:41 - mkk_pika - main.py:45 - INFO - 正在下载:[ Sweet Sweet Love Magic (アイドルマスター シンデレラガールズ) ]-[ノア (大谷みこと)]-[['短篇', '同人', '純愛']]-[total_pages:22]
2026-08-18 23:32:41 - mkk_pika - main.py:49 - INFO - [{'_id': '5c656770d8b53f51f069309b', 'title': '第1集', 'order': 1, 'updated_at': '2019-02-14T02:41:26.368Z', 'id': '5c656770d8b53f51f069309b'}]
2026-08-18 23:32:41 - mkk_pika - database.py:215 - INFO - 第一次下载该漫画，记录数据库中
2026-08-18 23:32:42 - mkk_pika - main.py:83 - INFO - 找到 22 张图片在:第1集
2026-08-18 23:32:43 - mkk_pika - main.py:112 - INFO - [episode:第1集       ] downloaded:    22, total:  22, progress:100%
2026-08-18 23:32:43 - mkk_pika - database.py:238 - INFO - 数据库更新已下载章节
2026-08-18 23:32:43 - mkk_pika - database.py:244 - INFO - 该漫画已下载章节如下
2026-08-18 23:32:43 - mkk_pika - database.py:245 - INFO - ['第1集']
2026-08-18 23:32:44 - mkk_pika - main.py:348 - INFO - ==================== 漫画信息 ====================
                                   漫画ID：5c656770d8b53f51f069309a
                                   标题： Sweet Sweet Love Magic (アイドルマスター シンデレラガールズ) 
                                   作者：ノア (大谷みこと)
                                   是否完结：是
                                   总页数：22
                                   分类：短篇,同人,純愛
                                   章节数：1
                                   最后更新时间：2019-02-14T13:04:48.845Z
                                   =================================================
2026-08-18 23:32:44 - mkk_pika - database.py:101 - INFO - 保存成功： Sweet Sweet Love Magic (アイドルマスター シンデレラガールズ) 
2026-08-18 23:32:44 - mkk_pika - main.py:35 - INFO - 开始检查ふたなりにとりちゃんの尻子玉大作戦 (東方Project)是否存在未下载章节
2026-08-18 23:32:45 - mkk_pika - main.py:45 - INFO - 正在下载:[ふたなりにとりちゃんの尻子玉大作戦 (東方Project)]-[蒟蒻鍋 (magifuro蒟蒻)]-[['同人', '短篇', '扶他樂園']]-[total_pages:23]
2026-08-18 23:32:45 - mkk_pika - main.py:49 - INFO - [{'_id': '5c65678addedbe522e5d8430', 'title': '第1集', 'order': 1, 'updated_at': '2019-02-14T03:03:00.524Z', 'id': '5c65678addedbe522e5d8430'}]
2026-08-18 23:32:45 - mkk_pika - database.py:215 - INFO - 第一次下载该漫画，记录数据库中
2026-08-18 23:32:45 - mkk_pika - main.py:83 - INFO - 找到 23 张图片在:第1集
2026-08-18 23:32:47 - mkk_pika - main.py:112 - INFO - [episode:第1集       ] downloaded:    23, total:  23, progress:100%
2026-08-18 23:32:47 - mkk_pika - database.py:238 - INFO - 数据库更新已下载章节
2026-08-18 23:32:47 - mkk_pika - database.py:244 - INFO - 该漫画已下载章节如下
2026-08-18 23:32:47 - mkk_pika - database.py:245 - INFO - ['第1集']
2026-08-18 23:32:48 - mkk_pika - main.py:348 - INFO - ==================== 漫画信息 ====================
                                   漫画ID：5c65678addedbe522e5d842f
                                   标题：ふたなりにとりちゃんの尻子玉大作戦 (東方Project)
                                   作者：蒟蒻鍋 (magifuro蒟蒻)
                                   是否完结：是
                                   总页数：23
                                   分类：同人,短篇,扶他樂園
                                   章节数：1
                                   最后更新时间：2019-02-14T13:05:14.046Z
                                   =================================================
2026-08-18 23:32:48 - mkk_pika - database.py:101 - INFO - 保存成功：ふたなりにとりちゃんの尻子玉大作戦 (東方Project)
2026-08-18 23:32:48 - mkk_pika - main.py:35 - INFO - 开始检查(C91)ワガママガールナスガママ (ガーリッシュ ナンバー)是否存在未下载章节
2026-08-18 23:32:48 - mkk_pika - main.py:45 - INFO - 正在下载:[(C91)ワガママガールナスガママ (ガーリッシュ ナンバー)]-[サークルフィオレ (えかきびと)]-[['短篇', '同人', '嗶咔漢化', '妹妹系']]-[total_pages:32]
2026-08-18 23:32:48 - mkk_pika - main.py:49 - INFO - [{'_id': '5c6567ba8539b178125b186d', 'title': '第1集', 'order': 1, 'updated_at': '2019-02-14T03:34:45.182Z', 'id': '5c6567ba8539b178125b186d'}]
2026-08-18 23:32:48 - mkk_pika - database.py:215 - INFO - 第一次下载该漫画，记录数据库中
2026-08-18 23:32:49 - mkk_pika - main.py:83 - INFO - 找到 32 张图片在:第1集
2026-08-18 23:32:51 - mkk_pika - main.py:112 - INFO - [episode:第1集       ] downloaded:    32, total:  32, progress:100%
2026-08-18 23:32:51 - mkk_pika - database.py:238 - INFO - 数据库更新已下载章节
2026-08-18 23:32:51 - mkk_pika - database.py:244 - INFO - 该漫画已下载章节如下
2026-08-18 23:32:51 - mkk_pika - database.py:245 - INFO - ['第1集']
2026-08-18 23:32:52 - mkk_pika - main.py:348 - INFO - ==================== 漫画信息 ====================
                                   漫画ID：5c6567ba8539b178125b186c
                                   标题：(C91)ワガママガールナスガママ (ガーリッシュ ナンバー)
                                   作者：サークルフィオレ (えかきびと)
                                   是否完结：否
                                   总页数：32
                                   分类：短篇,同人,嗶咔漢化,妹妹系
                                   章节数：1
                                   最后更新时间：2019-02-14T13:06:02.959Z
                                   =================================================
2026-08-18 23:32:52 - mkk_pika - database.py:101 - INFO - 保存成功：(C91)ワガママガールナスガママ (ガーリッシュ ナンバー)
2026-08-18 23:32:52 - mkk_pika - main.py:35 - INFO - 开始检查(C94)甘やかしメイトぴあ[無修正]是否存在未下载章节
2026-08-18 23:32:52 - mkk_pika - main.py:45 - INFO - 正在下载:[(C94)甘やかしメイトぴあ[無修正]]-[出席番号26 (にろ)]-[['短篇', '全彩']]-[total_pages:20]
2026-08-18 23:32:52 - mkk_pika - main.py:49 - INFO - [{'_id': '5c697ed585d3b6227fdd078d', 'title': '第1集', 'order': 1, 'updated_at': '2019-02-16T00:30:29.544Z', 'id': '5c697ed585d3b6227fdd078d'}]
2026-08-18 23:32:52 - mkk_pika - database.py:215 - INFO - 第一次下载该漫画，记录数据库中
2026-08-18 23:32:53 - mkk_pika - main.py:83 - INFO - 找到 20 张图片在:第1集
2026-08-18 23:32:54 - mkk_pika - main.py:112 - INFO - [episode:第1集       ] downloaded:    20, total:  20, progress:100%
2026-08-18 23:32:54 - mkk_pika - database.py:238 - INFO - 数据库更新已下载章节
2026-08-18 23:32:54 - mkk_pika - database.py:244 - INFO - 该漫画已下载章节如下
2026-08-18 23:32:54 - mkk_pika - database.py:245 - INFO - ['第1集']
2026-08-18 23:32:55 - mkk_pika - main.py:348 - INFO - ==================== 漫画信息 ====================
                                   漫画ID：5c6569a18cce1677e93c8c55
                                   标题：(C94)甘やかしメイトぴあ[無修正]
                                   作者：出席番号26 (にろ)
                                   是否完结：否
                                   总页数：20
                                   分类：短篇,全彩
                                   章节数：1
                                   最后更新时间：2019-02-14T13:14:09.021Z
                                   =================================================
2026-08-18 23:32:55 - mkk_pika - database.py:101 - INFO - 保存成功：(C94)甘やかしメイトぴあ[無修正]
2026-08-18 23:32:55 - mkk_pika - main.py:35 - INFO - 开始检查モードレッド乳首チャレンジ (Fate/Grand Order)是否存在未下载章节
2026-08-18 23:32:55 - mkk_pika - main.py:45 - INFO - 正在下载:[モードレッド乳首チャレンジ (Fate/Grand Order)]-[青ばなな]-[['短篇', '同人', '全彩', 'Fate']]-[total_pages:5]
2026-08-18 23:32:55 - mkk_pika - main.py:49 - INFO - [{'_id': '5c6569c98539b178125b18ba', 'title': '第1集', 'order': 1, 'updated_at': '2019-02-14T04:21:46.073Z', 'id': '5c6569c98539b178125b18ba'}]
2026-08-18 23:32:55 - mkk_pika - database.py:215 - INFO - 第一次下载该漫画，记录数据库中
2026-08-18 23:32:56 - mkk_pika - main.py:83 - INFO - 找到 5 张图片在:第1集
2026-08-18 23:32:57 - mkk_pika - main.py:112 - INFO - [episode:第1集       ] downloaded:     5, total:   5, progress:100%
2026-08-18 23:32:57 - mkk_pika - database.py:238 - INFO - 数据库更新已下载章节
2026-08-18 23:32:57 - mkk_pika - database.py:244 - INFO - 该漫画已下载章节如下
2026-08-18 23:32:57 - mkk_pika - database.py:245 - INFO - ['第1集']
2026-08-18 23:32:58 - mkk_pika - main.py:348 - INFO - ==================== 漫画信息 ====================
                                   漫画ID：5c6569c98539b178125b18b9
                                   标题：モードレッド乳首チャレンジ (Fate/Grand Order)
                                   作者：青ばなな
                                   是否完结：是
                                   总页数：5
                                   分类：短篇,同人,全彩,Fate
                                   章节数：1
                                   最后更新时间：2019-02-14T13:14:49.703Z
                                   =================================================
2026-08-18 23:32:58 - mkk_pika - database.py:101 - INFO - 保存成功：モードレッド乳首チャレンジ (Fate/Grand Order)
2026-08-18 23:32:58 - mkk_pika - main.py:35 - INFO - 开始检查もののけH 吸血鬼編 (もののけH)是否存在未下载章节
2026-08-18 23:32:58 - mkk_pika - main.py:45 - INFO - 正在下载:[もののけH 吸血鬼編 (もののけH)]-[北方国明]-[['短篇', '同人', '非人類']]-[total_pages:16]
2026-08-18 23:32:58 - mkk_pika - main.py:49 - INFO - [{'_id': '5c6569ee8539b178125b18d5', 'title': '第1集', 'order': 1, 'updated_at': '2019-02-14T04:34:30.941Z', 'id': '5c6569ee8539b178125b18d5'}]
2026-08-18 23:32:58 - mkk_pika - database.py:215 - INFO - 第一次下载该漫画，记录数据库中
2026-08-18 23:32:59 - mkk_pika - main.py:83 - INFO - 找到 16 张图片在:第1集
2026-08-18 23:33:00 - mkk_pika - main.py:112 - INFO - [episode:第1集       ] downloaded:    16, total:  16, progress:100%
2026-08-18 23:33:00 - mkk_pika - database.py:238 - INFO - 数据库更新已下载章节
2026-08-18 23:33:00 - mkk_pika - database.py:244 - INFO - 该漫画已下载章节如下
2026-08-18 23:33:00 - mkk_pika - database.py:245 - INFO - ['第1集']
2026-08-18 23:33:01 - mkk_pika - main.py:348 - INFO - ==================== 漫画信息 ====================
                                   漫画ID：5c6569ee8539b178125b18d4
                                   标题：もののけH 吸血鬼編 (もののけH)
                                   作者：北方国明
                                   是否完结：是
                                   总页数：16
                                   分类：短篇,同人,非人類
                                   章节数：1
                                   最后更新时间：2019-02-14T13:15:26.949Z
                                   =================================================
2026-08-18 23:33:01 - mkk_pika - database.py:101 - INFO - 保存成功：もののけH 吸血鬼編 (もののけH)
2026-08-18 23:33:01 - mkk_pika - main.py:35 - INFO - 开始检查萝莉比茨的噩梦 (战舰少女R) 是否存在未下载章节
2026-08-18 23:33:01 - mkk_pika - main.py:45 - INFO - 正在下载:[萝莉比茨的噩梦 (战舰少女R) ]-[生化人主教]-[['短篇', '同人', '強暴', '後宮閃光']]-[total_pages:35]
2026-08-18 23:33:01 - mkk_pika - main.py:49 - INFO - [{'_id': '5c656aa33ef608781ce6921b', 'title': '第1集', 'order': 1, 'updated_at': '2019-02-14T04:39:22.717Z', 'id': '5c656aa33ef608781ce6921b'}]
2026-08-18 23:33:01 - mkk_pika - database.py:215 - INFO - 第一次下载该漫画，记录数据库中
2026-08-18 23:33:02 - mkk_pika - main.py:83 - INFO - 找到 35 张图片在:第1集
2026-08-18 23:33:04 - mkk_pika - main.py:112 - INFO - [episode:第1集       ] downloaded:    35, total:  35, progress:100%
2026-08-18 23:33:04 - mkk_pika - database.py:238 - INFO - 数据库更新已下载章节
2026-08-18 23:33:04 - mkk_pika - database.py:244 - INFO - 该漫画已下载章节如下
2026-08-18 23:33:04 - mkk_pika - database.py:245 - INFO - ['第1集']
2026-08-18 23:33:05 - mkk_pika - main.py:348 - INFO - ==================== 漫画信息 ====================
                                   漫画ID：5c656aa33ef608781ce6921a
                                   标题：萝莉比茨的噩梦 (战舰少女R) 
                                   作者：生化人主教
                                   是否完结：是
                                   总页数：35
                                   分类：短篇,同人,強暴,後宮閃光
                                   章节数：1
                                   最后更新时间：2019-02-14T13:18:27.812Z
                                   =================================================
2026-08-18 23:33:05 - mkk_pika - database.py:101 - INFO - 保存成功：萝莉比茨的噩梦 (战舰少女R) 
2026-08-18 23:33:05 - mkk_pika - main.py:35 - INFO - 开始检查UnisiS系列是否存在未下载章节
2026-08-18 23:33:05 - mkk_pika - main.py:45 - INFO - 正在下载:[UnisiS系列]-[壁の彩度 (saitom)]-[['短篇', '純愛', '姐姐系', '妹妹系']]-[total_pages:55]
2026-08-18 23:33:05 - mkk_pika - main.py:49 - INFO - [{'_id': '5c656ab18cce1677e93c8cfe', 'title': '第1集', 'order': 1, 'updated_at': '2019-02-14T05:07:13.986Z', 'id': '5c656ab18cce1677e93c8cfe'}, {'_id': '5c656ab18cce1677e93c8cff', 'title': '第2集', 'order': 2, 'updated_at': '2019-02-14T05:12:37.051Z', 'id': '5c656ab18cce1677e93c8cff'}, {'_id': '5c656ab18cce1677e93c8d00', 'title': '第3集', 'order': 3, 'updated_at': '2019-02-14T05:18:40.691Z', 'id': '5c656ab18cce1677e93c8d00'}]
2026-08-18 23:33:05 - mkk_pika - database.py:215 - INFO - 第一次下载该漫画，记录数据库中
2026-08-18 23:33:06 - mkk_pika - main.py:83 - INFO - 找到 18 张图片在:第1集
2026-08-18 23:33:07 - mkk_pika - main.py:112 - INFO - [episode:第1集       ] downloaded:    18, total:  18, progress:100%
2026-08-18 23:33:07 - mkk_pika - database.py:238 - INFO - 数据库更新已下载章节
2026-08-18 23:33:07 - mkk_pika - database.py:244 - INFO - 该漫画已下载章节如下
2026-08-18 23:33:07 - mkk_pika - database.py:245 - INFO - ['第1集']
2026-08-18 23:33:08 - mkk_pika - main.py:83 - INFO - 找到 18 张图片在:第2集
2026-08-18 23:33:09 - mkk_pika - main.py:112 - INFO - [episode:第2集       ] downloaded:    18, total:  18, progress:100%
2026-08-18 23:33:09 - mkk_pika - database.py:238 - INFO - 数据库更新已下载章节
2026-08-18 23:33:09 - mkk_pika - database.py:244 - INFO - 该漫画已下载章节如下
2026-08-18 23:33:09 - mkk_pika - database.py:245 - INFO - ['第1集', '第2集']
2026-08-18 23:33:11 - mkk_pika - main.py:83 - INFO - 找到 19 张图片在:第3集
2026-08-18 23:33:12 - mkk_pika - main.py:112 - INFO - [episode:第3集       ] downloaded:    19, total:  19, progress:100%
2026-08-18 23:33:12 - mkk_pika - database.py:238 - INFO - 数据库更新已下载章节
2026-08-18 23:33:12 - mkk_pika - database.py:244 - INFO - 该漫画已下载章节如下
2026-08-18 23:33:12 - mkk_pika - database.py:245 - INFO - ['第1集', '第2集', '第3集']
2026-08-18 23:33:13 - mkk_pika - main.py:348 - INFO - ==================== 漫画信息 ====================
                                   漫画ID：5c656ab18cce1677e93c8cfd
                                   标题：UnisiS系列
                                   作者：壁の彩度 (saitom)
                                   是否完结：否
                                   总页数：55
                                   分类：短篇,純愛,姐姐系,妹妹系
                                   章节数：3
                                   最后更新时间：2019-02-14T13:18:41.461Z
                                   =================================================
2026-08-18 23:33:13 - mkk_pika - database.py:101 - INFO - 保存成功：UnisiS系列
2026-08-18 23:33:13 - mkk_pika - main.py:35 - INFO - 开始检查 (C95) 阿子さんの一日メイド是否存在未下载章节
2026-08-18 23:33:14 - mkk_pika - main.py:45 - INFO - 正在下载:[ (C95) 阿子さんの一日メイド]-[MILK BAR (シロガネヒナ)]-[['短篇', '同人']]-[total_pages:24]
2026-08-18 23:33:14 - mkk_pika - main.py:49 - INFO - [{'_id': '5c656be6421dc00bc85488e7', 'title': '第1集', 'order': 1, 'updated_at': '2019-02-14T07:55:39.313Z', 'id': '5c656be6421dc00bc85488e7'}]
2026-08-18 23:33:14 - mkk_pika - database.py:215 - INFO - 第一次下载该漫画，记录数据库中
2026-08-18 23:33:14 - mkk_pika - main.py:83 - INFO - 找到 24 张图片在:第1集
2026-08-18 23:33:16 - mkk_pika - main.py:112 - INFO - [episode:第1集       ] downloaded:    24, total:  24, progress:100%
2026-08-18 23:33:16 - mkk_pika - database.py:238 - INFO - 数据库更新已下载章节
2026-08-18 23:33:16 - mkk_pika - database.py:244 - INFO - 该漫画已下载章节如下
2026-08-18 23:33:16 - mkk_pika - database.py:245 - INFO - ['第1集']
2026-08-18 23:33:17 - mkk_pika - main.py:348 - INFO - ==================== 漫画信息 ====================
                                   漫画ID：5c656be6421dc00bc85488e6
                                   标题： (C95) 阿子さんの一日メイド
                                   作者：MILK BAR (シロガネヒナ)
                                   是否完结：否
                                   总页数：24
                                   分类：短篇,同人
                                   章节数：1
                                   最后更新时间：2019-02-14T13:23:50.822Z
                                   =================================================
2026-08-18 23:33:17 - mkk_pika - database.py:101 - INFO - 保存成功： (C95) 阿子さんの一日メイド
2026-08-18 23:33:17 - mkk_pika - main.py:35 - INFO - 开始检查(C95)白狼調教劇 (東方Project)是否存在未下载章节
2026-08-18 23:33:17 - mkk_pika - main.py:45 - INFO - 正在下载:[(C95)白狼調教劇 (東方Project)]-[東グリム堂 (狗鷲ろぺら)]-[['短篇', '同人', '東方', '強暴', '非人類']]-[total_pages:27]
2026-08-18 23:33:17 - mkk_pika - main.py:49 - INFO - [{'_id': '5c656c56421dc00bc8548904', 'title': '第1集', 'order': 1, 'updated_at': '2019-02-14T08:10:10.197Z', 'id': '5c656c56421dc00bc8548904'}]
2026-08-18 23:33:17 - mkk_pika - database.py:215 - INFO - 第一次下载该漫画，记录数据库中
2026-08-18 23:33:18 - mkk_pika - main.py:83 - INFO - 找到 27 张图片在:第1集
2026-08-18 23:33:19 - mkk_pika - main.py:112 - INFO - [episode:第1集       ] downloaded:    27, total:  27, progress:100%
2026-08-18 23:33:19 - mkk_pika - database.py:238 - INFO - 数据库更新已下载章节
2026-08-18 23:33:19 - mkk_pika - database.py:244 - INFO - 该漫画已下载章节如下
2026-08-18 23:33:19 - mkk_pika - database.py:245 - INFO - ['第1集']
2026-08-18 23:33:21 - mkk_pika - main.py:348 - INFO - ==================== 漫画信息 ====================
                                   漫画ID：5c656c56421dc00bc8548903
                                   标题：(C95)白狼調教劇 (東方Project)
                                   作者：東グリム堂 (狗鷲ろぺら)
                                   是否完结：是
                                   总页数：27
                                   分类：短篇,同人,東方,強暴,非人類
                                   章节数：1
                                   最后更新时间：2019-02-14T13:25:42.734Z
                                   =================================================
2026-08-18 23:33:21 - mkk_pika - database.py:101 - INFO - 保存成功：(C95)白狼調教劇 (東方Project)
2026-08-18 23:33:21 - mkk_pika - main.py:35 - INFO - 开始检查(C95) ChillypoRoom WMvol.14 [全彩]是否存在未下载章节
2026-08-18 23:33:21 - mkk_pika - main.py:45 - INFO - 正在下载:[(C95) ChillypoRoom WMvol.14 [全彩]]-[ Chilly polka (すいみゃ)]-[['短篇', '同人', '全彩']]-[total_pages:19]
2026-08-18 23:33:21 - mkk_pika - main.py:49 - INFO - [{'_id': '5c656c6bddedbe522e5d8465', 'title': '第1集', 'order': 1, 'updated_at': '2019-02-14T08:37:22.627Z', 'id': '5c656c6bddedbe522e5d8465'}]
2026-08-18 23:33:21 - mkk_pika - database.py:215 - INFO - 第一次下载该漫画，记录数据库中
2026-08-18 23:33:22 - mkk_pika - main.py:83 - INFO - 找到 19 张图片在:第1集
2026-08-18 23:33:23 - mkk_pika - main.py:112 - INFO - [episode:第1集       ] downloaded:    19, total:  19, progress:100%
2026-08-18 23:33:23 - mkk_pika - database.py:238 - INFO - 数据库更新已下载章节
2026-08-18 23:33:23 - mkk_pika - database.py:244 - INFO - 该漫画已下载章节如下
2026-08-18 23:33:23 - mkk_pika - database.py:245 - INFO - ['第1集']
2026-08-18 23:33:24 - mkk_pika - main.py:348 - INFO - ==================== 漫画信息 ====================
                                   漫画ID：5c656c6bddedbe522e5d8464
                                   标题：(C95) ChillypoRoom WMvol.14 [全彩]
                                   作者： Chilly polka (すいみゃ)
                                   是否完结：否
                                   总页数：19
                                   分类：短篇,同人,全彩
                                   章节数：1
                                   最后更新时间：2019-02-14T13:26:03.351Z
                                   =================================================
2026-08-18 23:33:24 - mkk_pika - database.py:101 - INFO - 保存成功：(C95) ChillypoRoom WMvol.14 [全彩]
2026-08-18 23:33:24 - mkk_pika - main.py:35 - INFO - 开始检查 (C85)甘々いおりん (アイドルマスター)是否存在未下载章节
2026-08-18 23:33:24 - mkk_pika - main.py:45 - INFO - 正在下载:[ (C85)甘々いおりん (アイドルマスター)]-[ PLANT (鶴井)]-[['短篇', '同人']]-[total_pages:45]
2026-08-18 23:33:24 - mkk_pika - main.py:49 - INFO - [{'_id': '5c656ce248d6430bf28e1057', 'title': '第1集', 'order': 1, 'updated_at': '2019-02-14T09:19:06.278Z', 'id': '5c656ce248d6430bf28e1057'}]
2026-08-18 23:33:24 - mkk_pika - database.py:215 - INFO - 第一次下载该漫画，记录数据库中
2026-08-18 23:33:25 - mkk_pika - main.py:83 - INFO - 找到 45 张图片在:第1集
2026-08-18 23:33:28 - mkk_pika - main.py:112 - INFO - [episode:第1集       ] downloaded:    45, total:  45, progress:100%
2026-08-18 23:33:28 - mkk_pika - database.py:238 - INFO - 数据库更新已下载章节
2026-08-18 23:33:28 - mkk_pika - database.py:244 - INFO - 该漫画已下载章节如下
2026-08-18 23:33:28 - mkk_pika - database.py:245 - INFO - ['第1集']
2026-08-18 23:33:29 - mkk_pika - main.py:348 - INFO - ==================== 漫画信息 ====================
                                   漫画ID：5c656ce248d6430bf28e1056
                                   标题： (C85)甘々いおりん (アイドルマスター)
                                   作者： PLANT (鶴井)
                                   是否完结：否
                                   总页数：45
                                   分类：短篇,同人
                                   章节数：1
                                   最后更新时间：2019-02-14T13:28:02.817Z
                                   =================================================
2026-08-18 23:33:29 - mkk_pika - database.py:101 - INFO - 保存成功： (C85)甘々いおりん (アイドルマスター)
2026-08-18 23:33:29 - mkk_pika - main.py:35 - INFO - 开始检查(C95)雨上がりの花嫁 (艦隊これくしょん -艦これ-)是否存在未下载章节
2026-08-18 23:33:29 - mkk_pika - main.py:45 - INFO - 正在下载:[(C95)雨上がりの花嫁 (艦隊これくしょん -艦これ-)]-[Sleeper (猫村、match)]-[['短篇', '同人', '艦隊收藏', '純愛', '百合花園']]-[total_pages:55]
2026-08-18 23:33:29 - mkk_pika - main.py:49 - INFO - [{'_id': '5c656cf6421dc00bc8548924', 'title': '第1集', 'order': 1, 'updated_at': '2019-02-14T09:32:31.852Z', 'id': '5c656cf6421dc00bc8548924'}]
2026-08-18 23:33:29 - mkk_pika - database.py:215 - INFO - 第一次下载该漫画，记录数据库中
2026-08-18 23:33:31 - mkk_pika - main.py:83 - INFO - 找到 55 张图片在:第1集
2026-08-18 23:33:33 - mkk_pika - main.py:112 - INFO - [episode:第1集       ] downloaded:    55, total:  55, progress:100%
2026-08-18 23:33:33 - mkk_pika - database.py:238 - INFO - 数据库更新已下载章节
2026-08-18 23:33:33 - mkk_pika - database.py:244 - INFO - 该漫画已下载章节如下
2026-08-18 23:33:33 - mkk_pika - database.py:245 - INFO - ['第1集']
2026-08-18 23:33:34 - mkk_pika - main.py:348 - INFO - ==================== 漫画信息 ====================
                                   漫画ID：5c656cf6421dc00bc8548923
                                   标题：(C95)雨上がりの花嫁 (艦隊これくしょん -艦これ-)
                                   作者：Sleeper (猫村、match)
                                   是否完结：是
                                   总页数：55
                                   分类：短篇,同人,艦隊收藏,純愛,百合花園
                                   章节数：1
                                   最后更新时间：2019-02-14T13:28:22.032Z
                                   =================================================
2026-08-18 23:33:34 - mkk_pika - database.py:101 - INFO - 保存成功：(C95)雨上がりの花嫁 (艦隊これくしょん -艦これ-)
2026-08-18 23:33:34 - mkk_pika - main.py:35 - INFO - 开始检查ハートの女王とアリス淫行裁判ver1.1是否存在未下载章节
2026-08-18 23:33:35 - mkk_pika - main.py:45 - INFO - 正在下载:[ハートの女王とアリス淫行裁判ver1.1]-[世捨人な漫画描き (ともきとものり)]-[['短篇', '同人', '後宮閃光', '妹妹系']]-[total_pages:42]
2026-08-18 23:33:35 - mkk_pika - main.py:49 - INFO - [{'_id': '5c656d128cce1677e93c8f1e', 'title': '第1集', 'order': 1, 'updated_at': '2019-02-14T09:45:01.981Z', 'id': '5c656d128cce1677e93c8f1e'}]
2026-08-18 23:33:35 - mkk_pika - database.py:215 - INFO - 第一次下载该漫画，记录数据库中
2026-08-18 23:33:36 - mkk_pika - main.py:83 - INFO - 找到 42 张图片在:第1集
2026-08-18 23:33:38 - mkk_pika - main.py:112 - INFO - [episode:第1集       ] downloaded:    42, total:  42, progress:100%
2026-08-18 23:33:38 - mkk_pika - database.py:238 - INFO - 数据库更新已下载章节
2026-08-18 23:33:38 - mkk_pika - database.py:244 - INFO - 该漫画已下载章节如下
2026-08-18 23:33:38 - mkk_pika - database.py:245 - INFO - ['第1集']
2026-08-18 23:33:39 - mkk_pika - main.py:348 - INFO - ==================== 漫画信息 ====================
                                   漫画ID：5c656d128cce1677e93c8f1d
                                   标题：ハートの女王とアリス淫行裁判ver1.1
                                   作者：世捨人な漫画描き (ともきとものり)
                                   是否完结：是
                                   总页数：42
                                   分类：短篇,同人,後宮閃光,妹妹系
                                   章节数：1
                                   最后更新时间：2019-02-14T13:28:50.549Z
                                   =================================================
2026-08-18 23:33:39 - mkk_pika - database.py:101 - INFO - 保存成功：ハートの女王とアリス淫行裁判ver1.1
2026-08-18 23:33:39 - mkk_pika - main.py:35 - INFO - 开始检查モチ封面合集是否存在未下载章节
2026-08-18 23:33:40 - mkk_pika - main.py:45 - INFO - 正在下载:[モチ封面合集]-[モチ]-[['全彩', '妹妹系']]-[total_pages:10]
2026-08-18 23:33:40 - mkk_pika - main.py:49 - INFO - [{'_id': '5c656d3caa42e426f5f9b58b', 'title': '第1集', 'order': 1, 'updated_at': '2019-02-14T10:08:40.033Z', 'id': '5c656d3caa42e426f5f9b58b'}]
2026-08-18 23:33:40 - mkk_pika - database.py:215 - INFO - 第一次下载该漫画，记录数据库中
2026-08-18 23:33:41 - mkk_pika - main.py:83 - INFO - 找到 19 张图片在:第1集
2026-08-18 23:33:42 - mkk_pika - main.py:112 - INFO - [episode:第1集       ] downloaded:    19, total:  19, progress:100%
2026-08-18 23:33:42 - mkk_pika - database.py:238 - INFO - 数据库更新已下载章节
2026-08-18 23:33:42 - mkk_pika - database.py:244 - INFO - 该漫画已下载章节如下
2026-08-18 23:33:42 - mkk_pika - database.py:245 - INFO - ['第1集']
2026-08-18 23:33:43 - mkk_pika - main.py:348 - INFO - ==================== 漫画信息 ====================
                                   漫画ID：5c656d3caa42e426f5f9b58a
                                   标题：モチ封面合集
                                   作者：モチ
                                   是否完结：是
                                   总页数：10
                                   分类：全彩,妹妹系
                                   章节数：1
                                   最后更新时间：2019-02-14T13:29:32.738Z
                                   =================================================
2026-08-18 23:33:43 - mkk_pika - database.py:101 - INFO - 保存成功：モチ封面合集
2026-08-18 23:33:43 - mkk_pika - main.py:35 - INFO - 开始检查(C87)ずっといっしょがいいな (アイドルマスターミリオンライブ!)是否存在未下载章节
2026-08-18 23:33:43 - mkk_pika - main.py:45 - INFO - 正在下载:[(C87)ずっといっしょがいいな (アイドルマスターミリオンライブ!)]-[ UPA24 (うぱ西。)]-[['短篇', '同人']]-[total_pages:25]
2026-08-18 23:33:43 - mkk_pika - main.py:49 - INFO - [{'_id': '5c656db43cf33b2735ae6fec', 'title': '第1集', 'order': 1, 'updated_at': '2019-02-14T09:31:32.087Z', 'id': '5c656db43cf33b2735ae6fec'}]
2026-08-18 23:33:43 - mkk_pika - database.py:215 - INFO - 第一次下载该漫画，记录数据库中
2026-08-18 23:33:44 - mkk_pika - main.py:83 - INFO - 找到 25 张图片在:第1集
2026-08-18 23:33:45 - mkk_pika - main.py:112 - INFO - [episode:第1集       ] downloaded:    25, total:  25, progress:100%
2026-08-18 23:33:45 - mkk_pika - database.py:238 - INFO - 数据库更新已下载章节
2026-08-18 23:33:45 - mkk_pika - database.py:244 - INFO - 该漫画已下载章节如下
2026-08-18 23:33:45 - mkk_pika - database.py:245 - INFO - ['第1集']
2026-08-18 23:33:47 - mkk_pika - main.py:348 - INFO - ==================== 漫画信息 ====================
                                   漫画ID：5c656db43cf33b2735ae6feb
                                   标题：(C87)ずっといっしょがいいな (アイドルマスターミリオンライブ!)
                                   作者： UPA24 (うぱ西。)
                                   是否完结：否
                                   总页数：25
                                   分类：短篇,同人
                                   章节数：1
                                   最后更新时间：2019-02-14T13:31:32.346Z
                                   =================================================
2026-08-18 23:33:47 - mkk_pika - database.py:101 - INFO - 保存成功：(C87)ずっといっしょがいいな (アイドルマスターミリオンライブ!)
2026-08-18 23:33:47 - mkk_pika - main.py:35 - INFO - 开始检查(C89)お兄ちゃん専用マコトちゃん (Tokyo 7th シスターズ)是否存在未下载章节
2026-08-18 23:33:47 - mkk_pika - main.py:45 - INFO - 正在下载:[(C89)お兄ちゃん専用マコトちゃん (Tokyo 7th シスターズ)]-[P：P (おりょう)]-[['短篇', '純愛', '妹妹系', '同人']]-[total_pages:26]
2026-08-18 23:33:47 - mkk_pika - main.py:49 - INFO - [{'_id': '5c656e5a63877e51eac1e414', 'title': '第1集', 'order': 1, 'updated_at': '2019-02-14T12:10:34.319Z', 'id': '5c656e5a63877e51eac1e414'}]
2026-08-18 23:33:47 - mkk_pika - database.py:215 - INFO - 第一次下载该漫画，记录数据库中
2026-08-18 23:33:48 - mkk_pika - main.py:83 - INFO - 找到 26 张图片在:第1集
2026-08-18 23:33:49 - mkk_pika - main.py:112 - INFO - [episode:第1集       ] downloaded:    26, total:  26, progress:100%
2026-08-18 23:33:49 - mkk_pika - database.py:238 - INFO - 数据库更新已下载章节
2026-08-18 23:33:49 - mkk_pika - database.py:244 - INFO - 该漫画已下载章节如下
2026-08-18 23:33:49 - mkk_pika - database.py:245 - INFO - ['第1集']
2026-08-18 23:33:50 - mkk_pika - main.py:348 - INFO - ==================== 漫画信息 ====================
                                   漫画ID：5c656e5a63877e51eac1e413
                                   标题：(C89)お兄ちゃん専用マコトちゃん (Tokyo 7th シスターズ)
                                   作者：P：P (おりょう)
                                   是否完结：否
                                   总页数：26
                                   分类：短篇,純愛,妹妹系,同人
                                   章节数：1
                                   最后更新时间：2019-02-14T13:34:18.109Z
                                   =================================================
2026-08-18 23:33:50 - mkk_pika - database.py:101 - INFO - 保存成功：(C89)お兄ちゃん専用マコトちゃん (Tokyo 7th シスターズ)
2026-08-18 23:33:50 - mkk_pika - main.py:35 - INFO - 开始检查 少し不良っぽい女の子と休日に家でだらだらしたい本。是否存在未下载章节
2026-08-18 23:33:51 - mkk_pika - main.py:45 - INFO - 正在下载:[ 少し不良っぽい女の子と休日に家でだらだらしたい本。]-[140km/h (赤城あさひと)]-[['短篇', '同人', '純愛']]-[total_pages:23]
2026-08-18 23:33:51 - mkk_pika - main.py:49 - INFO - [{'_id': '5c656ed38cce1677e93c8f85', 'title': '第1集', 'order': 1, 'updated_at': '2019-02-14T12:14:11.608Z', 'id': '5c656ed38cce1677e93c8f85'}]
2026-08-18 23:33:51 - mkk_pika - database.py:215 - INFO - 第一次下载该漫画，记录数据库中
2026-08-18 23:33:51 - mkk_pika - main.py:83 - INFO - 找到 23 张图片在:第1集
2026-08-18 23:33:53 - mkk_pika - main.py:112 - INFO - [episode:第1集       ] downloaded:    23, total:  23, progress:100%
2026-08-18 23:33:53 - mkk_pika - database.py:238 - INFO - 数据库更新已下载章节
2026-08-18 23:33:53 - mkk_pika - database.py:244 - INFO - 该漫画已下载章节如下
2026-08-18 23:33:53 - mkk_pika - database.py:245 - INFO - ['第1集']
2026-08-18 23:33:54 - mkk_pika - main.py:348 - INFO - ==================== 漫画信息 ====================
                                   漫画ID：5c656ed38cce1677e93c8f84
                                   标题： 少し不良っぽい女の子と休日に家でだらだらしたい本。
                                   作者：140km/h (赤城あさひと)
                                   是否完结：否
                                   总页数：23
                                   分类：短篇,同人,純愛
                                   章节数：1
                                   最后更新时间：2019-02-14T13:36:19.585Z
                                   =================================================
2026-08-18 23:33:54 - mkk_pika - database.py:101 - INFO - 保存成功： 少し不良っぽい女の子と休日に家でだらだらしたい本。
2026-08-18 23:33:54 - mkk_pika - main.py:35 - INFO - 开始检查灰皿サンドバッグ_ 煙灰缸沙包是否存在未下载章节
2026-08-18 23:33:54 - mkk_pika - main.py:45 - INFO - 正在下载:[灰皿サンドバッグ_ 煙灰缸沙包]-[電脳ちょこれーと (AwA)]-[['短篇', 'SM']]-[total_pages:29]
2026-08-18 23:33:54 - mkk_pika - main.py:49 - INFO - [{'_id': '5c656f153ef608781ce6944d', 'title': '第1集', 'order': 1, 'updated_at': '2019-02-14T12:53:26.448Z', 'id': '5c656f153ef608781ce6944d'}]
2026-08-18 23:33:54 - mkk_pika - database.py:215 - INFO - 第一次下载该漫画，记录数据库中
2026-08-18 23:33:55 - mkk_pika - main.py:83 - INFO - 找到 29 张图片在:第1集
2026-08-18 23:33:57 - mkk_pika - main.py:112 - INFO - [episode:第1集       ] downloaded:    29, total:  29, progress:100%
2026-08-18 23:33:57 - mkk_pika - database.py:238 - INFO - 数据库更新已下载章节
2026-08-18 23:33:57 - mkk_pika - database.py:244 - INFO - 该漫画已下载章节如下
2026-08-18 23:33:57 - mkk_pika - database.py:245 - INFO - ['第1集']
2026-08-18 23:33:58 - mkk_pika - main.py:348 - INFO - ==================== 漫画信息 ====================
                                   漫画ID：5c656f153ef608781ce6944c
                                   标题：灰皿サンドバッグ_ 煙灰缸沙包
                                   作者：電脳ちょこれーと (AwA)
                                   是否完结：是
                                   总页数：29
                                   分类：短篇,SM
                                   章节数：1
                                   最后更新时间：2019-02-14T13:37:25.336Z
                                   =================================================
2026-08-18 23:33:58 - mkk_pika - database.py:101 - INFO - 保存成功：灰皿サンドバッグ_ 煙灰缸沙包
2026-08-18 23:33:58 - mkk_pika - main.py:35 - INFO - 开始检查(C95)  秋子さんといっしょ23 (カノン)是否存在未下载章节
2026-08-18 23:33:58 - mkk_pika - main.py:45 - INFO - 正在下载:[(C95)  秋子さんといっしょ23 (カノン)]-[みたらし倶楽部 (みたらし侯成)]-[['短篇', '同人']]-[total_pages:35]
2026-08-18 23:33:58 - mkk_pika - main.py:49 - INFO - [{'_id': '5c656f2f63877e51eac1e434', 'title': '第1集', 'order': 1, 'updated_at': '2019-02-14T12:37:47.828Z', 'id': '5c656f2f63877e51eac1e434'}]
2026-08-18 23:33:58 - mkk_pika - database.py:215 - INFO - 第一次下载该漫画，记录数据库中
2026-08-18 23:33:59 - mkk_pika - main.py:83 - INFO - 找到 35 张图片在:第1集
2026-08-18 23:34:01 - mkk_pika - main.py:112 - INFO - [episode:第1集       ] downloaded:    35, total:  35, progress:100%
2026-08-18 23:34:01 - mkk_pika - database.py:238 - INFO - 数据库更新已下载章节
2026-08-18 23:34:01 - mkk_pika - database.py:244 - INFO - 该漫画已下载章节如下
2026-08-18 23:34:01 - mkk_pika - database.py:245 - INFO - ['第1集']
2026-08-18 23:34:02 - mkk_pika - main.py:348 - INFO - ==================== 漫画信息 ====================
                                   漫画ID：5c656f2f63877e51eac1e433
                                   标题：(C95)  秋子さんといっしょ23 (カノン)
                                   作者：みたらし倶楽部 (みたらし侯成)
                                   是否完结：否
                                   总页数：35
                                   分类：短篇,同人
                                   章节数：1
                                   最后更新时间：2019-02-14T13:37:51.091Z
                                   =================================================
2026-08-18 23:34:02 - mkk_pika - database.py:101 - INFO - 保存成功：(C95)  秋子さんといっしょ23 (カノン)
2026-08-18 23:34:02 - mkk_pika - main.py:35 - INFO - 开始检查ぼくは今日も、お姉ちゃんに是否存在未下载章节
2026-08-18 23:34:02 - mkk_pika - main.py:45 - INFO - 正在下载:[ぼくは今日も、お姉ちゃんに]-[あるへゐと (むうつき)]-[['短篇', '純愛', '姐姐系']]-[total_pages:18]
2026-08-18 23:34:02 - mkk_pika - main.py:49 - INFO - [{'_id': '5c656f42d8b53f51f06933b9', 'title': '第1集', 'order': 1, 'updated_at': '2019-02-14T13:15:21.653Z', 'id': '5c656f42d8b53f51f06933b9'}]
2026-08-18 23:34:02 - mkk_pika - database.py:215 - INFO - 第一次下载该漫画，记录数据库中
2026-08-18 23:34:03 - mkk_pika - main.py:83 - INFO - 找到 18 张图片在:第1集
2026-08-18 23:34:04 - mkk_pika - main.py:112 - INFO - [episode:第1集       ] downloaded:    18, total:  18, progress:100%
2026-08-18 23:34:04 - mkk_pika - database.py:238 - INFO - 数据库更新已下载章节
2026-08-18 23:34:04 - mkk_pika - database.py:244 - INFO - 该漫画已下载章节如下
2026-08-18 23:34:04 - mkk_pika - database.py:245 - INFO - ['第1集']
2026-08-18 23:34:05 - mkk_pika - main.py:348 - INFO - ==================== 漫画信息 ====================
                                   漫画ID：5c656f42d8b53f51f06933b8
                                   标题：ぼくは今日も、お姉ちゃんに
                                   作者：あるへゐと (むうつき)
                                   是否完结：是
                                   总页数：18
                                   分类：短篇,純愛,姐姐系
                                   章节数：1
                                   最后更新时间：2019-02-14T13:38:10.781Z
                                   =================================================
2026-08-18 23:34:05 - mkk_pika - database.py:101 - INFO - 保存成功：ぼくは今日も、お姉ちゃんに
2026-08-18 23:34:05 - mkk_pika - main.py:35 - INFO - 开始检查(C95)2018年冬 おまけ本 (オリジナル)是否存在未下载章节
2026-08-18 23:34:06 - mkk_pika - main.py:45 - INFO - 正在下载:[(C95)2018年冬 おまけ本 (オリジナル)]-[Maniac Street (すがいし)]-[['短篇', '同人', 'SM', '強暴']]-[total_pages:8]
2026-08-18 23:34:06 - mkk_pika - main.py:49 - INFO - [{'_id': '5c656f5ad8b53f51f06933cd', 'title': '第1集', 'order': 1, 'updated_at': '2019-02-14T13:28:05.520Z', 'id': '5c656f5ad8b53f51f06933cd'}]
2026-08-18 23:34:06 - mkk_pika - database.py:215 - INFO - 第一次下载该漫画，记录数据库中
2026-08-18 23:34:06 - mkk_pika - main.py:83 - INFO - 找到 8 张图片在:第1集
2026-08-18 23:34:07 - mkk_pika - main.py:112 - INFO - [episode:第1集       ] downloaded:     8, total:   8, progress:100%
2026-08-18 23:34:07 - mkk_pika - database.py:238 - INFO - 数据库更新已下载章节
2026-08-18 23:34:07 - mkk_pika - database.py:244 - INFO - 该漫画已下载章节如下
2026-08-18 23:34:07 - mkk_pika - database.py:245 - INFO - ['第1集']
2026-08-18 23:34:08 - mkk_pika - main.py:348 - INFO - ==================== 漫画信息 ====================
                                   漫画ID：5c656f5ad8b53f51f06933cc
                                   标题：(C95)2018年冬 おまけ本 (オリジナル)
                                   作者：Maniac Street (すがいし)
                                   是否完结：是
                                   总页数：8
                                   分类：短篇,同人,SM,強暴
                                   章节数：1
                                   最后更新时间：2019-02-14T13:38:34.247Z
                                   =================================================
2026-08-18 23:34:08 - mkk_pika - database.py:101 - INFO - 保存成功：(C95)2018年冬 おまけ本 (オリジナル)
2026-08-18 23:34:08 - mkk_pika - main.py:35 - INFO - 开始检查(C91)PCS Teacher 『狙われたラブレター』 (アイドルマスター シンデレラガールズ)是否存在未下载章节
2026-08-18 23:34:08 - mkk_pika - main.py:45 - INFO - 正在下载:[(C91)PCS Teacher 『狙われたラブレター』 (アイドルマスター シンデレラガールズ)]-[ ねこバス停 (しゃあ)]-[['短篇', '同人']]-[total_pages:39]
2026-08-18 23:34:08 - mkk_pika - main.py:49 - INFO - [{'_id': '5c66e1691372a8521ea871e7', 'title': '第1集', 'order': 1, 'updated_at': '2019-02-14T13:26:45.824Z', 'id': '5c66e1691372a8521ea871e7'}]
2026-08-18 23:34:08 - mkk_pika - database.py:215 - INFO - 第一次下载该漫画，记录数据库中
2026-08-18 23:34:09 - mkk_pika - main.py:83 - INFO - 找到 39 张图片在:第1集
2026-08-18 23:34:11 - mkk_pika - main.py:112 - INFO - [episode:第1集       ] downloaded:    39, total:  39, progress:100%
2026-08-18 23:34:11 - mkk_pika - database.py:238 - INFO - 数据库更新已下载章节
2026-08-18 23:34:11 - mkk_pika - database.py:244 - INFO - 该漫画已下载章节如下
2026-08-18 23:34:11 - mkk_pika - database.py:245 - INFO - ['第1集']
2026-08-18 23:34:12 - mkk_pika - main.py:348 - INFO - ==================== 漫画信息 ====================
                                   漫画ID：5c66e1691372a8521ea871e6
                                   标题：(C91)PCS Teacher 『狙われたラブレター』 (アイドルマスター シンデレラガールズ)
                                   作者： ねこバス停 (しゃあ)
                                   是否完结：否
                                   总页数：39
                                   分类：短篇,同人
                                   章节数：1
                                   最后更新时间：2019-02-15T15:57:29.172Z
                                   =================================================
2026-08-18 23:34:12 - mkk_pika - database.py:101 - INFO - 保存成功：(C91)PCS Teacher 『狙われたラブレター』 (アイドルマスター シンデレラガールズ)
2026-08-18 23:34:12 - mkk_pika - main.py:35 - INFO - 开始检查ARIMOMO!!是否存在未下载章节
2026-08-18 23:34:12 - mkk_pika - main.py:45 - INFO - 正在下载:[ARIMOMO!!]-[ぐらさんぶーつ (もちのそら)]-[['同人', '短篇', '全彩', '後宮閃光']]-[total_pages:46]
2026-08-18 23:34:12 - mkk_pika - main.py:49 - INFO - [{'_id': '5c45700985d5962fb39541e8', 'title': '生肉', 'order': 1, 'updated_at': '2019-02-15T15:58:01.333Z', 'id': '5c45700985d5962fb39541e8'}, {'_id': '5c66e1893ef608781ce6a4b6', 'title': '熟肉', 'order': 2, 'updated_at': '2019-02-14T14:22:55.615Z', 'id': '5c66e1893ef608781ce6a4b6'}]
2026-08-18 23:34:12 - mkk_pika - database.py:215 - INFO - 第一次下载该漫画，记录数据库中
2026-08-18 23:34:13 - mkk_pika - main.py:83 - INFO - 找到 22 张图片在:生肉
2026-08-18 23:34:14 - mkk_pika - main.py:112 - INFO - [episode:生肉        ] downloaded:    22, total:  22, progress:100%
2026-08-18 23:34:14 - mkk_pika - database.py:238 - INFO - 数据库更新已下载章节
2026-08-18 23:34:14 - mkk_pika - database.py:244 - INFO - 该漫画已下载章节如下
2026-08-18 23:34:14 - mkk_pika - database.py:245 - INFO - ['生肉']
2026-08-18 23:34:16 - mkk_pika - main.py:83 - INFO - 找到 24 张图片在:熟肉
2026-08-18 23:34:17 - mkk_pika - main.py:112 - INFO - [episode:熟肉        ] downloaded:    24, total:  24, progress:100%
2026-08-18 23:34:17 - mkk_pika - database.py:238 - INFO - 数据库更新已下载章节
2026-08-18 23:34:17 - mkk_pika - database.py:244 - INFO - 该漫画已下载章节如下
2026-08-18 23:34:17 - mkk_pika - database.py:245 - INFO - ['生肉', '熟肉']
2026-08-18 23:34:18 - mkk_pika - main.py:348 - INFO - ==================== 漫画信息 ====================
                                   漫画ID：5c45700985d5962fb39541e7
                                   标题：ARIMOMO!!
                                   作者：ぐらさんぶーつ (もちのそら)
                                   是否完结：否
                                   总页数：46
                                   分类：同人,短篇,全彩,後宮閃光
                                   章节数：2
                                   最后更新时间：2019-02-15T15:58:01.309Z
                                   =================================================
2026-08-18 23:34:18 - mkk_pika - database.py:101 - INFO - 保存成功：ARIMOMO!!
2026-08-18 23:34:18 - mkk_pika - main.py:35 - INFO - 开始检查hepatica3.0-PXZだョ！全員集合- (ゼノサーガ)是否存在未下载章节
2026-08-18 23:34:19 - mkk_pika - main.py:45 - INFO - 正在下载:[hepatica3.0-PXZだョ！全員集合- (ゼノサーガ)]-[Hotel Negresco (Negresco)]-[['短篇', '同人', '非人類']]-[total_pages:41]
2026-08-18 23:34:19 - mkk_pika - main.py:49 - INFO - [{'_id': '5c66e205ddedbe522e5d8d44', 'title': '第1集', 'order': 1, 'updated_at': '2019-02-14T13:22:58.418Z', 'id': '5c66e205ddedbe522e5d8d44'}]
2026-08-18 23:34:19 - mkk_pika - database.py:215 - INFO - 第一次下载该漫画，记录数据库中
2026-08-18 23:34:20 - mkk_pika - main.py:83 - INFO - 找到 41 张图片在:第1集
2026-08-18 23:34:21 - mkk_pika - main.py:112 - INFO - [episode:第1集       ] downloaded:    41, total:  41, progress:100%
2026-08-18 23:34:21 - mkk_pika - database.py:238 - INFO - 数据库更新已下载章节
2026-08-18 23:34:21 - mkk_pika - database.py:244 - INFO - 该漫画已下载章节如下
2026-08-18 23:34:21 - mkk_pika - database.py:245 - INFO - ['第1集']
2026-08-18 23:34:22 - mkk_pika - main.py:348 - INFO - ==================== 漫画信息 ====================
                                   漫画ID：5c66e205ddedbe522e5d8d43
                                   标题：hepatica3.0-PXZだョ！全員集合- (ゼノサーガ)
                                   作者：Hotel Negresco (Negresco)
                                   是否完结：是
                                   总页数：41
                                   分类：短篇,同人,非人類
                                   章节数：1
                                   最后更新时间：2019-02-15T16:00:05.499Z
                                   =================================================
2026-08-18 23:34:22 - mkk_pika - database.py:101 - INFO - 保存成功：hepatica3.0-PXZだョ！全員集合- (ゼノサーガ)
2026-08-18 23:34:22 - mkk_pika - main.py:35 - INFO - 开始检查僕の異世界ハーレ 2 [Digital](chinese)是否存在未下载章节
2026-08-18 23:34:23 - mkk_pika - main.py:45 - INFO - 正在下载:[僕の異世界ハーレ 2 [Digital](chinese)]-[弥美津峠 (鳳まひろ)]-[['短篇', '純愛', '非人類']]-[total_pages:46]
2026-08-18 23:34:23 - mkk_pika - main.py:49 - INFO - [{'_id': '5c66e261ddedbe522e5d8d71', 'title': '第1集', 'order': 1, 'updated_at': '2019-02-14T18:40:07.781Z', 'id': '5c66e261ddedbe522e5d8d71'}]
2026-08-18 23:34:23 - mkk_pika - database.py:215 - INFO - 第一次下载该漫画，记录数据库中
2026-08-18 23:34:24 - mkk_pika - main.py:83 - INFO - 找到 46 张图片在:第1集
2026-08-18 23:34:26 - mkk_pika - main.py:112 - INFO - [episode:第1集       ] downloaded:    46, total:  46, progress:100%
2026-08-18 23:34:26 - mkk_pika - database.py:238 - INFO - 数据库更新已下载章节
2026-08-18 23:34:26 - mkk_pika - database.py:244 - INFO - 该漫画已下载章节如下
2026-08-18 23:34:26 - mkk_pika - database.py:245 - INFO - ['第1集']
2026-08-18 23:34:27 - mkk_pika - main.py:348 - INFO - ==================== 漫画信息 ====================
                                   漫画ID：5c66e261ddedbe522e5d8d70
                                   标题：僕の異世界ハーレ 2 [Digital](chinese)
                                   作者：弥美津峠 (鳳まひろ)
                                   是否完结：是
                                   总页数：46
                                   分类：短篇,純愛,非人類
                                   章节数：1
                                   最后更新时间：2019-02-15T16:01:37.819Z
                                   =================================================
2026-08-18 23:34:27 - mkk_pika - database.py:101 - INFO - 保存成功：僕の異世界ハーレ 2 [Digital](chinese)
2026-08-18 23:34:27 - mkk_pika - main.py:35 - INFO - 开始检查 エッチケット(西海の孤島タプタプ)是否存在未下载章节
2026-08-18 23:34:28 - mkk_pika - main.py:45 - INFO - 正在下载:[ エッチケット(西海の孤島タプタプ)]-[じゃんぬだっく]-[['短篇', '人妻']]-[total_pages:12]
2026-08-18 23:34:28 - mkk_pika - main.py:49 - INFO - [{'_id': '5c66e2744571b50bc28b30e2', 'title': '第1集', 'order': 1, 'updated_at': '2019-02-14T19:14:10.890Z', 'id': '5c66e2744571b50bc28b30e2'}]
2026-08-18 23:34:28 - mkk_pika - database.py:215 - INFO - 第一次下载该漫画，记录数据库中
2026-08-18 23:34:29 - mkk_pika - main.py:83 - INFO - 找到 12 张图片在:第1集
2026-08-18 23:34:29 - mkk_pika - main.py:112 - INFO - [episode:第1集       ] downloaded:    12, total:  12, progress:100%
2026-08-18 23:34:29 - mkk_pika - database.py:238 - INFO - 数据库更新已下载章节
2026-08-18 23:34:29 - mkk_pika - database.py:244 - INFO - 该漫画已下载章节如下
2026-08-18 23:34:29 - mkk_pika - database.py:245 - INFO - ['第1集']
2026-08-18 23:34:30 - mkk_pika - main.py:348 - INFO - ==================== 漫画信息 ====================
                                   漫画ID：5c66e2744571b50bc28b30e1
                                   标题： エッチケット(西海の孤島タプタプ)
                                   作者：じゃんぬだっく
                                   是否完结：是
                                   总页数：12
                                   分类：短篇,人妻
                                   章节数：1
                                   最后更新时间：2019-02-15T16:01:56.118Z
                                   =================================================
2026-08-18 23:34:30 - mkk_pika - database.py:101 - INFO - 保存成功： エッチケット(西海の孤島タプタプ)
2026-08-18 23:34:30 - mkk_pika - main.py:35 - INFO - 开始检查GAME!!(COMIC 快楽天 2018年3月号)[无修正]是否存在未下载章节
2026-08-18 23:34:31 - mkk_pika - main.py:45 - INFO - 正在下载:[GAME!!(COMIC 快楽天 2018年3月号)[无修正]]-[ぼーかん]-[['短篇', '純愛']]-[total_pages:18]
2026-08-18 23:34:31 - mkk_pika - main.py:49 - INFO - [{'_id': '5c66e5b98539b178125b2b4a', 'title': '第1集', 'order': 1, 'updated_at': '2019-02-15T02:51:28.509Z', 'id': '5c66e5b98539b178125b2b4a'}]
2026-08-18 23:34:31 - mkk_pika - database.py:215 - INFO - 第一次下载该漫画，记录数据库中
2026-08-18 23:34:31 - mkk_pika - main.py:83 - INFO - 找到 18 张图片在:第1集
2026-08-18 23:34:32 - mkk_pika - main.py:112 - INFO - [episode:第1集       ] downloaded:    18, total:  18, progress:100%
2026-08-18 23:34:32 - mkk_pika - database.py:238 - INFO - 数据库更新已下载章节
2026-08-18 23:34:32 - mkk_pika - database.py:244 - INFO - 该漫画已下载章节如下
2026-08-18 23:34:32 - mkk_pika - database.py:245 - INFO - ['第1集']
2026-08-18 23:34:34 - mkk_pika - main.py:348 - INFO - ==================== 漫画信息 ====================
                                   漫画ID：5c66e5b98539b178125b2b49
                                   标题：GAME!!(COMIC 快楽天 2018年3月号)[无修正]
                                   作者：ぼーかん
                                   是否完结：是
                                   总页数：18
                                   分类：短篇,純愛
                                   章节数：1
                                   最后更新时间：2019-02-15T16:15:53.533Z
                                   =================================================
2026-08-18 23:34:34 - mkk_pika - database.py:101 - INFO - 保存成功：GAME!!(COMIC 快楽天 2018年3月号)[无修正]
2026-08-18 23:34:34 - mkk_pika - main.py:35 - INFO - 开始检查となりのJKちゃん？ (コミックゼロス #49)是否存在未下载章节
2026-08-18 23:34:34 - mkk_pika - main.py:45 - INFO - 正在下载:[となりのJKちゃん？ (コミックゼロス #49)]-[鈴木和]-[['嗶咔漢化', '短篇', '純愛', 'SM']]-[total_pages:33]
2026-08-18 23:34:34 - mkk_pika - main.py:49 - INFO - [{'_id': '5c66e6360f7c1c77f102145c', 'title': '第1集', 'order': 1, 'updated_at': '2019-02-15T03:29:54.857Z', 'id': '5c66e6360f7c1c77f102145c'}]
2026-08-18 23:34:34 - mkk_pika - database.py:215 - INFO - 第一次下载该漫画，记录数据库中
2026-08-18 23:34:35 - mkk_pika - main.py:83 - INFO - 找到 33 张图片在:第1集
2026-08-18 23:34:36 - mkk_pika - main.py:112 - INFO - [episode:第1集       ] downloaded:    33, total:  33, progress:100%
2026-08-18 23:34:36 - mkk_pika - database.py:238 - INFO - 数据库更新已下载章节
2026-08-18 23:34:36 - mkk_pika - database.py:244 - INFO - 该漫画已下载章节如下
2026-08-18 23:34:36 - mkk_pika - database.py:245 - INFO - ['第1集']
2026-08-18 23:34:37 - mkk_pika - main.py:348 - INFO - ==================== 漫画信息 ====================
                                   漫画ID：5c66e6360f7c1c77f102145b
                                   标题：となりのJKちゃん？ (コミックゼロス #49)
                                   作者：鈴木和
                                   是否完结：否
                                   总页数：33
                                   分类：嗶咔漢化,短篇,純愛,SM
                                   章节数：1
                                   最后更新时间：2019-02-15T16:17:58.185Z
                                   =================================================
2026-08-18 23:34:37 - mkk_pika - database.py:101 - INFO - 保存成功：となりのJKちゃん？ (コミックゼロス #49)
2026-08-18 23:34:37 - mkk_pika - main.py:35 - INFO - 开始检查ヤリがい探し (COMIC saseco Vol. 2)是否存在未下载章节
2026-08-18 23:34:38 - mkk_pika - main.py:45 - INFO - 正在下载:[ヤリがい探し (COMIC saseco Vol. 2)]-[右脳]-[['短篇']]-[total_pages:22]
2026-08-18 23:34:38 - mkk_pika - main.py:49 - INFO - [{'_id': '5c66e6653ef608781ce6a5a5', 'title': '第1集', 'order': 1, 'updated_at': '2019-02-15T03:37:26.566Z', 'id': '5c66e6653ef608781ce6a5a5'}]
2026-08-18 23:34:38 - mkk_pika - database.py:215 - INFO - 第一次下载该漫画，记录数据库中
2026-08-18 23:34:38 - mkk_pika - main.py:83 - INFO - 找到 22 张图片在:第1集
2026-08-18 23:34:43 - mkk_pika - main.py:112 - INFO - [episode:第1集       ] downloaded:    22, total:  22, progress:100%
2026-08-18 23:34:43 - mkk_pika - database.py:238 - INFO - 数据库更新已下载章节
2026-08-18 23:34:43 - mkk_pika - database.py:244 - INFO - 该漫画已下载章节如下
2026-08-18 23:34:43 - mkk_pika - database.py:245 - INFO - ['第1集']
2026-08-18 23:34:44 - mkk_pika - main.py:348 - INFO - ==================== 漫画信息 ====================
                                   漫画ID：5c66e6653ef608781ce6a5a4
                                   标题：ヤリがい探し (COMIC saseco Vol. 2)
                                   作者：右脳
                                   是否完结：是
                                   总页数：22
                                   分类：短篇
                                   章节数：1
                                   最后更新时间：2019-02-15T16:18:45.437Z
                                   =================================================
2026-08-18 23:34:44 - mkk_pika - database.py:101 - INFO - 保存成功：ヤリがい探し (COMIC saseco Vol. 2)
2026-08-18 23:34:44 - mkk_pika - main.py:35 - INFO - 开始检查(C95) マスターが好きなのでHします。 (Fate/Grand Order)是否存在未下载章节
2026-08-18 23:34:44 - mkk_pika - main.py:45 - INFO - 正在下载:[(C95) マスターが好きなのでHします。 (Fate/Grand Order)]-[スズノネストライク (珠乃なえ)]-[['同人', '短篇', 'Fate']]-[total_pages:21]
2026-08-18 23:34:44 - mkk_pika - main.py:49 - INFO - [{'_id': '5c66e6ae421dc00bc8549389', 'title': '第1集', 'order': 1, 'updated_at': '2019-02-15T03:51:19.781Z', 'id': '5c66e6ae421dc00bc8549389'}]
2026-08-18 23:34:44 - mkk_pika - database.py:215 - INFO - 第一次下载该漫画，记录数据库中
2026-08-18 23:34:45 - mkk_pika - main.py:83 - INFO - 找到 21 张图片在:第1集
2026-08-18 23:34:46 - mkk_pika - main.py:112 - INFO - [episode:第1集       ] downloaded:    21, total:  21, progress:100%
2026-08-18 23:34:46 - mkk_pika - database.py:238 - INFO - 数据库更新已下载章节
2026-08-18 23:34:46 - mkk_pika - database.py:244 - INFO - 该漫画已下载章节如下
2026-08-18 23:34:46 - mkk_pika - database.py:245 - INFO - ['第1集']
2026-08-18 23:34:48 - mkk_pika - main.py:348 - INFO - ==================== 漫画信息 ====================
                                   漫画ID：5c66e6ae421dc00bc8549388
                                   标题：(C95) マスターが好きなのでHします。 (Fate/Grand Order)
                                   作者：スズノネストライク (珠乃なえ)
                                   是否完结：是
                                   总页数：21
                                   分类：同人,短篇,Fate
                                   章节数：1
                                   最后更新时间：2019-02-15T16:19:58.785Z
                                   =================================================
2026-08-18 23:34:48 - mkk_pika - database.py:101 - INFO - 保存成功：(C95) マスターが好きなのでHします。 (Fate/Grand Order)
2026-08-18 23:34:48 - mkk_pika - main.py:35 - INFO - 开始检查(C94)鹿島ちゃんはとまらない是否存在未下载章节
2026-08-18 23:34:48 - mkk_pika - main.py:45 - INFO - 正在下载:[(C94)鹿島ちゃんはとまらない]-[ciaociao (あらきかなお)]-[['短篇', '同人', '姐姐系', '艦隊收藏']]-[total_pages:24]
2026-08-18 23:34:48 - mkk_pika - main.py:49 - INFO - [{'_id': '5c66e6da8cce1677e93c9ec3', 'title': '第1集', 'order': 1, 'updated_at': '2019-02-15T04:03:51.056Z', 'id': '5c66e6da8cce1677e93c9ec3'}]
2026-08-18 23:34:48 - mkk_pika - database.py:215 - INFO - 第一次下载该漫画，记录数据库中
2026-08-18 23:34:49 - mkk_pika - main.py:83 - INFO - 找到 24 张图片在:第1集
2026-08-18 23:34:50 - mkk_pika - main.py:112 - INFO - [episode:第1集       ] downloaded:    24, total:  24, progress:100%
2026-08-18 23:34:50 - mkk_pika - database.py:238 - INFO - 数据库更新已下载章节
2026-08-18 23:34:50 - mkk_pika - database.py:244 - INFO - 该漫画已下载章节如下
2026-08-18 23:34:50 - mkk_pika - database.py:245 - INFO - ['第1集']
2026-08-18 23:34:51 - mkk_pika - main.py:348 - INFO - ==================== 漫画信息 ====================
                                   漫画ID：5c66e6da8cce1677e93c9ec2
                                   标题：(C94)鹿島ちゃんはとまらない
                                   作者：ciaociao (あらきかなお)
                                   是否完结：否
                                   总页数：24
                                   分类：短篇,同人,姐姐系,艦隊收藏
                                   章节数：1
                                   最后更新时间：2019-02-15T16:20:42.093Z
                                   =================================================
2026-08-18 23:34:51 - mkk_pika - database.py:101 - INFO - 保存成功：(C94)鹿島ちゃんはとまらない
2026-08-18 23:34:51 - mkk_pika - main.py:35 - INFO - 开始检查黒タイツ先生の憂鬱是否存在未下载章节
2026-08-18 23:34:52 - mkk_pika - main.py:45 - INFO - 正在下载:[黒タイツ先生の憂鬱]-[DISTANCE]-[['短篇', '純愛']]-[total_pages:26]
2026-08-18 23:34:52 - mkk_pika - main.py:49 - INFO - [{'_id': '5c66e7508539b178125b2b6e', 'title': '第1集', 'order': 1, 'updated_at': '2019-02-15T05:38:55.944Z', 'id': '5c66e7508539b178125b2b6e'}]
2026-08-18 23:34:52 - mkk_pika - database.py:215 - INFO - 第一次下载该漫画，记录数据库中
2026-08-18 23:34:52 - mkk_pika - main.py:83 - INFO - 找到 26 张图片在:第1集
2026-08-18 23:34:54 - mkk_pika - main.py:112 - INFO - [episode:第1集       ] downloaded:    26, total:  26, progress:100%
2026-08-18 23:34:54 - mkk_pika - database.py:238 - INFO - 数据库更新已下载章节
2026-08-18 23:34:54 - mkk_pika - database.py:244 - INFO - 该漫画已下载章节如下
2026-08-18 23:34:54 - mkk_pika - database.py:245 - INFO - ['第1集']
2026-08-18 23:34:55 - mkk_pika - main.py:348 - INFO - ==================== 漫画信息 ====================
                                   漫画ID：5c66e7508539b178125b2b6d
                                   标题：黒タイツ先生の憂鬱
                                   作者：DISTANCE
                                   是否完结：是
                                   总页数：26
                                   分类：短篇,純愛
                                   章节数：1
                                   最后更新时间：2019-02-15T16:22:40.338Z
                                   =================================================
2026-08-18 23:34:55 - mkk_pika - database.py:101 - INFO - 保存成功：黒タイツ先生の憂鬱
2026-08-18 23:34:55 - mkk_pika - main.py:35 - INFO - 开始检查(c95)十六夜咲夜催眠後姦 (東方project)是否存在未下载章节
2026-08-18 23:34:55 - mkk_pika - main.py:45 - INFO - 正在下载:[(c95)十六夜咲夜催眠後姦 (東方project)]-[らふれしあ (キャンベル議長)]-[['短篇', '同人', '東方', '強暴']]-[total_pages:25]
2026-08-18 23:34:55 - mkk_pika - main.py:49 - INFO - [{'_id': '5c66e7da0f7c1c77f10214d9', 'title': '第1集', 'order': 1, 'updated_at': '2019-02-15T05:48:23.816Z', 'id': '5c66e7da0f7c1c77f10214d9'}]
2026-08-18 23:34:55 - mkk_pika - database.py:215 - INFO - 第一次下载该漫画，记录数据库中
2026-08-18 23:34:56 - mkk_pika - main.py:83 - INFO - 找到 25 张图片在:第1集
2026-08-18 23:34:57 - mkk_pika - main.py:112 - INFO - [episode:第1集       ] downloaded:    25, total:  25, progress:100%
2026-08-18 23:34:57 - mkk_pika - database.py:238 - INFO - 数据库更新已下载章节
2026-08-18 23:34:57 - mkk_pika - database.py:244 - INFO - 该漫画已下载章节如下
2026-08-18 23:34:57 - mkk_pika - database.py:245 - INFO - ['第1集']
2026-08-18 23:34:59 - mkk_pika - main.py:348 - INFO - ==================== 漫画信息 ====================
                                   漫画ID：5c66e7da0f7c1c77f10214d8
                                   标题：(c95)十六夜咲夜催眠後姦 (東方project)
                                   作者：らふれしあ (キャンベル議長)
                                   是否完结：是
                                   总页数：25
                                   分类：短篇,同人,東方,強暴
                                   章节数：1
                                   最后更新时间：2019-02-15T16:24:58.774Z
                                   =================================================
2026-08-18 23:34:59 - mkk_pika - database.py:101 - INFO - 保存成功：(c95)十六夜咲夜催眠後姦 (東方project)
2026-08-18 23:34:59 - mkk_pika - main.py:35 - INFO - 开始检查 霊夢さん見てたらち○こ勃ってきた! (東方Project)是否存在未下载章节
2026-08-18 23:34:59 - mkk_pika - main.py:45 - INFO - 正在下载:[ 霊夢さん見てたらち○こ勃ってきた! (東方Project)]-[とりあえず(仮) (とろろ)]-[['短篇', '同人', '東方', '純愛']]-[total_pages:14]
2026-08-18 23:34:59 - mkk_pika - main.py:49 - INFO - [{'_id': '5c66e84c3ef608781ce6a706', 'title': '第1集', 'order': 1, 'updated_at': '2019-02-15T05:51:16.941Z', 'id': '5c66e84c3ef608781ce6a706'}]
2026-08-18 23:34:59 - mkk_pika - database.py:215 - INFO - 第一次下载该漫画，记录数据库中
2026-08-18 23:35:00 - mkk_pika - main.py:83 - INFO - 找到 14 张图片在:第1集
2026-08-18 23:35:00 - mkk_pika - main.py:112 - INFO - [episode:第1集       ] downloaded:    14, total:  14, progress:100%
2026-08-18 23:35:00 - mkk_pika - database.py:238 - INFO - 数据库更新已下载章节
2026-08-18 23:35:00 - mkk_pika - database.py:244 - INFO - 该漫画已下载章节如下
2026-08-18 23:35:00 - mkk_pika - database.py:245 - INFO - ['第1集']
2026-08-18 23:35:02 - mkk_pika - main.py:348 - INFO - ==================== 漫画信息 ====================
                                   漫画ID：5c66e84c3ef608781ce6a705
                                   标题： 霊夢さん見てたらち○こ勃ってきた! (東方Project)
                                   作者：とりあえず(仮) (とろろ)
                                   是否完结：是
                                   总页数：14
                                   分类：短篇,同人,東方,純愛
                                   章节数：1
                                   最后更新时间：2019-02-15T16:26:52.184Z
                                   =================================================
2026-08-18 23:35:02 - mkk_pika - database.py:101 - INFO - 保存成功： 霊夢さん見てたらち○こ勃ってきた! (東方Project)
2026-08-18 23:35:02 - mkk_pika - main.py:35 - INFO - 开始检查けっこんしましょーや(東方Project)是否存在未下载章节
2026-08-18 23:35:02 - mkk_pika - main.py:45 - INFO - 正在下载:[けっこんしましょーや(東方Project)]-[とりあえず(仮) (とろろ)]-[['短篇', '同人', '東方', '純愛']]-[total_pages:11]
2026-08-18 23:35:02 - mkk_pika - main.py:49 - INFO - [{'_id': '5c66e8798539b178125b2b94', 'title': '第1集', 'order': 1, 'updated_at': '2019-02-15T05:55:48.898Z', 'id': '5c66e8798539b178125b2b94'}]
2026-08-18 23:35:02 - mkk_pika - database.py:215 - INFO - 第一次下载该漫画，记录数据库中
2026-08-18 23:35:03 - mkk_pika - main.py:83 - INFO - 找到 11 张图片在:第1集
2026-08-18 23:35:03 - mkk_pika - main.py:112 - INFO - [episode:第1集       ] downloaded:    11, total:  11, progress:100%
2026-08-18 23:35:03 - mkk_pika - database.py:238 - INFO - 数据库更新已下载章节
2026-08-18 23:35:03 - mkk_pika - database.py:244 - INFO - 该漫画已下载章节如下
2026-08-18 23:35:03 - mkk_pika - database.py:245 - INFO - ['第1集']
2026-08-18 23:35:05 - mkk_pika - main.py:348 - INFO - ==================== 漫画信息 ====================
                                   漫画ID：5c66e8798539b178125b2b93
                                   标题：けっこんしましょーや(東方Project)
                                   作者：とりあえず(仮) (とろろ)
                                   是否完结：是
                                   总页数：11
                                   分类：短篇,同人,東方,純愛
                                   章节数：1
                                   最后更新时间：2019-02-15T16:27:37.637Z
                                   =================================================
2026-08-18 23:35:05 - mkk_pika - database.py:101 - INFO - 保存成功：けっこんしましょーや(東方Project)
2026-08-18 23:35:05 - mkk_pika - main.py:35 - INFO - 开始检查 FUDAGOSHI-NO (東方Project)是否存在未下载章节
2026-08-18 23:35:05 - mkk_pika - main.py:45 - INFO - 正在下载:[ FUDAGOSHI-NO (東方Project)]-[とりあえず(仮) (とろろ)]-[['短篇', '同人', '純愛', '東方']]-[total_pages:15]
2026-08-18 23:35:05 - mkk_pika - main.py:49 - INFO - [{'_id': '5c66e8973ef608781ce6a719', 'title': '第1集', 'order': 1, 'updated_at': '2019-02-15T05:59:40.858Z', 'id': '5c66e8973ef608781ce6a719'}]
2026-08-18 23:35:05 - mkk_pika - database.py:215 - INFO - 第一次下载该漫画，记录数据库中
2026-08-18 23:35:06 - mkk_pika - main.py:83 - INFO - 找到 15 张图片在:第1集
2026-08-18 23:35:06 - mkk_pika - main.py:112 - INFO - [episode:第1集       ] downloaded:    15, total:  15, progress:100%
2026-08-18 23:35:06 - mkk_pika - database.py:238 - INFO - 数据库更新已下载章节
2026-08-18 23:35:06 - mkk_pika - database.py:244 - INFO - 该漫画已下载章节如下
2026-08-18 23:35:06 - mkk_pika - database.py:245 - INFO - ['第1集']
2026-08-18 23:35:08 - mkk_pika - main.py:348 - INFO - ==================== 漫画信息 ====================
                                   漫画ID：5c66e8963ef608781ce6a718
                                   标题： FUDAGOSHI-NO (東方Project)
                                   作者：とりあえず(仮) (とろろ)
                                   是否完结：是
                                   总页数：15
                                   分类：短篇,同人,純愛,東方
                                   章节数：1
                                   最后更新时间：2019-02-15T16:28:06.936Z
                                   =================================================
2026-08-18 23:35:08 - mkk_pika - database.py:101 - INFO - 保存成功： FUDAGOSHI-NO (東方Project)
2026-08-18 23:35:08 - mkk_pika - main.py:380 - INFO - 本次任务下载完毕
2026-08-18 23:35:08 - mkk_pika - database.py:173 - INFO - 数据库连接已关闭
