2026-07-29 00:05:51 - mkk_pika - main.py:193 - INFO - =======================================================================
2026-07-29 00:05:51 - mkk_pika - database.py:61 - INFO - 表和索引初始化成功
2026-07-29 00:05:51 - mkk_pika - main.py:197 - INFO - 已经累计下载17886本漫画
2026-07-29 00:05:52 - mkk_pika - api.py:87 - INFO - 登录成功
2026-07-29 00:05:52 - mkk_pika - main.py:203 - INFO - 收藏夹共计0本漫画
2026-07-29 00:05:52 - mkk_pika - main.py:206 - INFO - 开始下载收藏夹内未下载内容
2026-07-29 00:05:52 - mkk_pika - main.py:266 - INFO - 收藏夹内容下载完毕
2026-07-29 00:05:52 - mkk_pika - main.py:268 - INFO - 开始下载订阅内容
2026-07-29 00:05:52 - mkk_pika - database.py:258 - INFO - 根据ID查询到标题：萝莉 -> TSロリおじさんの冒険 前戯編 | TS萝莉中年大叔的冒险 前戏篇
2026-07-29 00:05:53 - mkk_pika - database.py:101 - INFO - 保存成功：TSロリおじさんの冒険 前戯編 | TS萝莉中年大叔的冒险 前戏篇
2026-07-29 00:05:53 - mkk_pika - main.py:273 - INFO - 关键词萝莉找到1本漫画
2026-07-29 00:05:53 - mkk_pika - database.py:258 - INFO - 根据ID查询到标题：蘿莉 -> 高天原情事情
2026-07-29 00:05:54 - mkk_pika - database.py:101 - INFO - 保存成功：たまことるすばん
2026-07-29 00:05:54 - mkk_pika - main.py:273 - INFO - 关键词蘿莉找到6本漫画
2026-07-29 00:05:54 - mkk_pika - main.py:275 - INFO - 订阅内容共计7本漫画
2026-07-29 00:05:54 - mkk_pika - main.py:35 - INFO - 开始检查バイト中のゆ〜わく是否存在未下载章节
2026-07-29 00:05:54 - mkk_pika - database.py:203 - INFO - 查询数据库中是否已存在第1話
2026-07-29 00:05:54 - mkk_pika - main.py:51 - INFO - バイト中のゆ〜わく中没有可下载章节
2026-07-29 00:05:54 - mkk_pika - main.py:292 - INFO - ==================== 漫画信息 ====================
                                漫画ID：6a6397d265bf3e38d164dfa0
                                标题：バイト中のゆ〜わく
                                作者：スミヅミ
                                是否完结：是
                                总页数：26
                                分类：短篇,純愛
                                章节数：1
                                最后更新时间：2026-07-24T16:50:26.165Z
                                =================================================
2026-07-29 00:05:54 - mkk_pika - database.py:101 - INFO - 保存成功：バイト中のゆ〜わく
2026-07-29 00:05:54 - mkk_pika - main.py:35 - INFO - 开始检查ヒナちゃんと甘々子作りDays | 和日奈酱一起甜蜜造小孩的日子 是否存在未下载章节
2026-07-29 00:05:55 - mkk_pika - main.py:45 - INFO - 正在下载:[ヒナちゃんと甘々子作りDays | 和日奈酱一起甜蜜造小孩的日子 ]-[HARURU-URARA (うらーら)]-[['全彩', '短篇', '同人']]-[total_pages:-1]
2026-07-29 00:05:55 - mkk_pika - main.py:49 - INFO - [{'_id': '6a68e6109575c44edd36bd4d', 'title': '第1話', 'order': 1, 'updated_at': '2026-07-28T14:01:52.308Z', 'id': '6a68e6109575c44edd36bd4d'}]
2026-07-29 00:05:55 - mkk_pika - database.py:215 - INFO - 第一次下载该漫画，记录数据库中
2026-07-29 00:05:55 - mkk_pika - main.py:83 - INFO - 找到 18 张图片在:第1話
2026-07-29 00:05:57 - mkk_pika - main.py:112 - INFO - [episode:第1話       ] downloaded:    18, total:  18, progress:100%
2026-07-29 00:05:57 - mkk_pika - database.py:238 - INFO - 数据库更新已下载章节
2026-07-29 00:05:57 - mkk_pika - database.py:244 - INFO - 该漫画已下载章节如下
2026-07-29 00:05:57 - mkk_pika - database.py:245 - INFO - ['第1話']
2026-07-29 00:05:58 - mkk_pika - main.py:292 - INFO - ==================== 漫画信息 ====================
                                漫画ID：6a68e6109575c44edd36bd4c
                                标题：ヒナちゃんと甘々子作りDays | 和日奈酱一起甜蜜造小孩的日子 
                                作者：HARURU-URARA (うらーら)
                                是否完结：否
                                总页数：18
                                分类：全彩,短篇,同人
                                章节数：1
                                最后更新时间：2026-07-28T17:25:36.396Z
                                =================================================
2026-07-29 00:05:58 - mkk_pika - database.py:101 - INFO - 保存成功：ヒナちゃんと甘々子作りDays | 和日奈酱一起甜蜜造小孩的日子 
2026-07-29 00:05:58 - mkk_pika - main.py:35 - INFO - 开始检查妹はお兄ちゃんとえっちがしたい是否存在未下载章节
2026-07-29 00:05:58 - mkk_pika - database.py:203 - INFO - 查询数据库中是否已存在第1話
2026-07-29 00:05:58 - mkk_pika - database.py:203 - INFO - 查询数据库中是否已存在第1話（無修正）
2026-07-29 00:05:58 - mkk_pika - database.py:203 - INFO - 查询数据库中是否已存在第2話（Gemini3翻译）
2026-07-29 00:05:58 - mkk_pika - database.py:203 - INFO - 查询数据库中是否已存在第2話（绅士仓库汉化）
2026-07-29 00:05:58 - mkk_pika - database.py:203 - INFO - 查询数据库中是否已存在第3話
2026-07-29 00:05:58 - mkk_pika - database.py:203 - INFO - 查询数据库中是否已存在第4話
2026-07-29 00:05:58 - mkk_pika - main.py:45 - INFO - 正在下载:[妹はお兄ちゃんとえっちがしたい]-[Marked-two (スガヒデオ)]-[['妹妹系', '長篇']]-[total_pages:-1]
2026-07-29 00:05:58 - mkk_pika - main.py:49 - INFO - [{'_id': '6a68e3ca5f1f8f0fa6e42f15', 'title': '第4話', 'order': 6, 'updated_at': '2026-07-28T06:17:55.563Z', 'id': '6a68e3ca5f1f8f0fa6e42f15'}]
2026-07-29 00:05:59 - mkk_pika - main.py:83 - INFO - 找到 33 张图片在:第4話
2026-07-29 00:06:01 - mkk_pika - main.py:112 - INFO - [episode:第4話       ] downloaded:    33, total:  33, progress:100%
2026-07-29 00:06:01 - mkk_pika - database.py:238 - INFO - 数据库更新已下载章节
2026-07-29 00:06:01 - mkk_pika - database.py:244 - INFO - 该漫画已下载章节如下
2026-07-29 00:06:01 - mkk_pika - database.py:245 - INFO - ['第1話', '第3話', '第2話', '第1話（無修正）', '第2話（Gemini3翻译）', '第2話（绅士仓库汉化）', '第4話']
2026-07-29 00:06:02 - mkk_pika - main.py:292 - INFO - ==================== 漫画信息 ====================
                                漫画ID：6928b106935b7c0159e29ddb
                                标题：妹はお兄ちゃんとえっちがしたい
                                作者：Marked-two (スガヒデオ)
                                是否完结：是
                                总页数：220
                                分类：妹妹系,長篇
                                章节数：6
                                最后更新时间：2026-07-28T17:15:54.243Z
                                =================================================
2026-07-29 00:06:02 - mkk_pika - database.py:101 - INFO - 保存成功：妹はお兄ちゃんとえっちがしたい
2026-07-29 00:06:02 - mkk_pika - main.py:35 - INFO - 开始检查ご休憩はほどほどに ～デリヘル送迎バイトで乗せた嬢が少女でエッチだった件 l 做那种事也要适可而止在做风俗业司机时接到的应召女郎是个超色的少女这件事是否存在未下载章节
2026-07-29 00:06:03 - mkk_pika - database.py:203 - INFO - 查询数据库中是否已存在第1話
2026-07-29 00:06:03 - mkk_pika - main.py:51 - INFO - ご休憩はほどほどに ～デリヘル送迎バイトで乗せた嬢が少女でエッチだった件 l 做那种事也要适可而止在做风俗业司机时接到的应召女郎是个超色的少女这件事中没有可下载章节
2026-07-29 00:06:03 - mkk_pika - main.py:292 - INFO - ==================== 漫画信息 ====================
                                漫画ID：6a5e4f2fba10af78d092de23
                                标题：ご休憩はほどほどに ～デリヘル送迎バイトで乗せた嬢が少女でエッチだった件 l 做那种事也要适可而止在做风俗业司机时接到的应召女郎是个超色的少女这件事
                                作者：こむねのマシュ (こむねいぶき)
                                是否完结：是
                                总页数：76
                                分类：長篇
                                章节数：1
                                最后更新时间：2026-07-20T16:39:11.026Z
                                =================================================
2026-07-29 00:06:03 - mkk_pika - database.py:101 - INFO - 保存成功：ご休憩はほどほどに ～デリヘル送迎バイトで乗せた嬢が少女でエッチだった件 l 做那种事也要适可而止在做风俗业司机时接到的应召女郎是个超色的少女这件事
2026-07-29 00:06:03 - mkk_pika - main.py:35 - INFO - 开始检查地獄で見た甘い夢 | 愿能在地狱中做个好梦是否存在未下载章节
2026-07-29 00:06:03 - mkk_pika - main.py:45 - INFO - 正在下载:[地獄で見た甘い夢 | 愿能在地狱中做个好梦]-[モモヤマハト]-[['單行本', '長篇']]-[total_pages:-1]
2026-07-29 00:06:03 - mkk_pika - main.py:49 - INFO - [{'_id': '6a68e3495f1f8f0fa6e42999', 'title': '第1話', 'order': 1, 'updated_at': '2026-07-27T10:58:29.739Z', 'id': '6a68e3495f1f8f0fa6e42999'}]
2026-07-29 00:06:03 - mkk_pika - database.py:215 - INFO - 第一次下载该漫画，记录数据库中
2026-07-29 00:06:06 - mkk_pika - main.py:83 - INFO - 找到 217 张图片在:第1話
2026-07-29 00:06:29 - mkk_pika - main.py:112 - INFO - [episode:第1話       ] downloaded:   217, total: 217, progress:100%
2026-07-29 00:06:29 - mkk_pika - database.py:238 - INFO - 数据库更新已下载章节
2026-07-29 00:06:29 - mkk_pika - database.py:244 - INFO - 该漫画已下载章节如下
2026-07-29 00:06:29 - mkk_pika - database.py:245 - INFO - ['第1話']
2026-07-29 00:06:30 - mkk_pika - main.py:292 - INFO - ==================== 漫画信息 ====================
                                漫画ID：6a68e3495f1f8f0fa6e42998
                                标题：地獄で見た甘い夢 | 愿能在地狱中做个好梦
                                作者：モモヤマハト
                                是否完结：是
                                总页数：217
                                分类：單行本,長篇
                                章节数：1
                                最后更新时间：2026-07-28T17:13:45.939Z
                                =================================================
2026-07-29 00:06:30 - mkk_pika - database.py:101 - INFO - 保存成功：地獄で見た甘い夢 | 愿能在地狱中做个好梦
2026-07-29 00:06:30 - mkk_pika - main.py:35 - INFO - 开始检查毎晩怒鳴り声が聞こえてくる隣の家の女の子に優しくしたら懐かれた話 是否存在未下载章节
2026-07-29 00:06:31 - mkk_pika - main.py:45 - INFO - 正在下载:[毎晩怒鳴り声が聞こえてくる隣の家の女の子に優しくしたら懐かれた話 ]-[ふあふあたいむ (おとぎりふあ)]-[['短篇']]-[total_pages:-1]
2026-07-29 00:06:31 - mkk_pika - main.py:49 - INFO - [{'_id': '6a68e3356c8dea0ff248c037', 'title': '第1話', 'order': 1, 'updated_at': '2026-07-27T15:37:45.285Z', 'id': '6a68e3356c8dea0ff248c037'}]
2026-07-29 00:06:31 - mkk_pika - database.py:215 - INFO - 第一次下载该漫画，记录数据库中
2026-07-29 00:06:31 - mkk_pika - main.py:83 - INFO - 找到 31 张图片在:第1話
2026-07-29 00:06:34 - mkk_pika - main.py:112 - INFO - [episode:第1話       ] downloaded:    31, total:  31, progress:100%
2026-07-29 00:06:34 - mkk_pika - database.py:238 - INFO - 数据库更新已下载章节
2026-07-29 00:06:34 - mkk_pika - database.py:244 - INFO - 该漫画已下载章节如下
2026-07-29 00:06:34 - mkk_pika - database.py:245 - INFO - ['第1話']
2026-07-29 00:06:36 - mkk_pika - main.py:292 - INFO - ==================== 漫画信息 ====================
                                漫画ID：6a68e3356c8dea0ff248c036
                                标题：毎晩怒鳴り声が聞こえてくる隣の家の女の子に優しくしたら懐かれた話 
                                作者：ふあふあたいむ (おとぎりふあ)
                                是否完结：是
                                总页数：31
                                分类：短篇
                                章节数：1
                                最后更新时间：2026-07-28T17:13:25.080Z
                                =================================================
2026-07-29 00:06:36 - mkk_pika - database.py:101 - INFO - 保存成功：毎晩怒鳴り声が聞こえてくる隣の家の女の子に優しくしたら懐かれた話 
2026-07-29 00:06:36 - mkk_pika - main.py:35 - INFO - 开始检查痴漢電車で生意気JSが堕ちるまで | 痴汉电车上直至嚣张的JS堕落为止是否存在未下载章节
2026-07-29 00:06:36 - mkk_pika - main.py:45 - INFO - 正在下载:[痴漢電車で生意気JSが堕ちるまで | 痴汉电车上直至嚣张的JS堕落为止]-[海通信 (なまもななせ)]-[['短篇']]-[total_pages:-1]
2026-07-29 00:06:36 - mkk_pika - main.py:49 - INFO - [{'_id': '6a68e2b25f1f8f0fa6e42849', 'title': '第1話', 'order': 1, 'updated_at': '2026-07-27T14:28:44.943Z', 'id': '6a68e2b25f1f8f0fa6e42849'}]
2026-07-29 00:06:36 - mkk_pika - database.py:215 - INFO - 第一次下载该漫画，记录数据库中
2026-07-29 00:06:37 - mkk_pika - main.py:83 - INFO - 找到 40 张图片在:第1話
2026-07-29 00:06:41 - mkk_pika - main.py:112 - INFO - [episode:第1話       ] downloaded:    40, total:  40, progress:100%
2026-07-29 00:06:41 - mkk_pika - database.py:238 - INFO - 数据库更新已下载章节
2026-07-29 00:06:41 - mkk_pika - database.py:244 - INFO - 该漫画已下载章节如下
2026-07-29 00:06:41 - mkk_pika - database.py:245 - INFO - ['第1話']
2026-07-29 00:06:42 - mkk_pika - main.py:292 - INFO - ==================== 漫画信息 ====================
                                漫画ID：6a68e2b25f1f8f0fa6e42848
                                标题：痴漢電車で生意気JSが堕ちるまで | 痴汉电车上直至嚣张的JS堕落为止
                                作者：海通信 (なまもななせ)
                                是否完结：否
                                总页数：40
                                分类：短篇
                                章节数：1
                                最后更新时间：2026-07-28T17:11:14.035Z
                                =================================================
2026-07-29 00:06:42 - mkk_pika - database.py:101 - INFO - 保存成功：痴漢電車で生意気JSが堕ちるまで | 痴汉电车上直至嚣张的JS堕落为止
2026-07-29 00:06:42 - mkk_pika - main.py:323 - INFO - 订阅内容内容下载完毕
2026-07-29 00:06:42 - mkk_pika - main.py:324 - INFO - 开始分批下载全部章节
2026-07-29 00:06:42 - mkk_pika - database.py:280 - INFO - 表和索引初始化成功
2026-07-29 00:06:43 - mkk_pika - main.py:177 - INFO - 已经下载了1333页，一共7043页，现在开始添加第1334页
2026-07-29 00:06:43 - mkk_pika - database.py:318 - INFO - 保存成功
2026-07-29 00:06:43 - mkk_pika - main.py:177 - INFO - 已经下载了1334页，一共7043页，现在开始添加第1335页
2026-07-29 00:06:44 - mkk_pika - database.py:318 - INFO - 保存成功
2026-07-29 00:06:44 - mkk_pika - main.py:177 - INFO - 已经下载了1335页，一共7043页，现在开始添加第1336页
2026-07-29 00:06:45 - mkk_pika - database.py:318 - INFO - 保存成功
2026-07-29 00:06:45 - mkk_pika - main.py:177 - INFO - 已经下载了1336页，一共7043页，现在开始添加第1337页
2026-07-29 00:06:46 - mkk_pika - database.py:318 - INFO - 保存成功
2026-07-29 00:06:46 - mkk_pika - main.py:177 - INFO - 已经下载了1337页，一共7043页，现在开始添加第1338页
2026-07-29 00:06:47 - mkk_pika - database.py:318 - INFO - 保存成功
2026-07-29 00:06:47 - mkk_pika - main.py:331 - INFO - 分批下载共计42本漫画
2026-07-29 00:06:47 - mkk_pika - main.py:35 - INFO - 开始检查(C95) おねがいすればヤらせてくれるダ・ヴィンチちゃん是否存在未下载章节
2026-07-29 00:06:47 - mkk_pika - main.py:45 - INFO - 正在下载:[(C95) おねがいすればヤらせてくれるダ・ヴィンチちゃん]-[妄想時計 (いわさきたかし)]-[['短篇', '同人', 'Fate']]-[total_pages:14]
2026-07-29 00:06:47 - mkk_pika - main.py:49 - INFO - [{'_id': '5c3741b838c0f873bf87c698', 'title': '第1集', 'order': 1, 'updated_at': '2019-01-09T23:02:47.917Z', 'id': '5c3741b838c0f873bf87c698'}]
2026-07-29 00:06:47 - mkk_pika - database.py:215 - INFO - 第一次下载该漫画，记录数据库中
2026-07-29 00:06:48 - mkk_pika - main.py:83 - INFO - 找到 14 张图片在:第1集
2026-07-29 00:06:49 - mkk_pika - main.py:112 - INFO - [episode:第1集       ] downloaded:    14, total:  14, progress:100%
2026-07-29 00:06:49 - mkk_pika - database.py:238 - INFO - 数据库更新已下载章节
2026-07-29 00:06:49 - mkk_pika - database.py:244 - INFO - 该漫画已下载章节如下
2026-07-29 00:06:49 - mkk_pika - database.py:245 - INFO - ['第1集']
2026-07-29 00:06:50 - mkk_pika - main.py:348 - INFO - ==================== 漫画信息 ====================
                                   漫画ID：5c3741b838c0f873bf87c697
                                   标题：(C95) おねがいすればヤらせてくれるダ・ヴィンチちゃん
                                   作者：妄想時計 (いわさきたかし)
                                   是否完结：是
                                   总页数：14
                                   分类：短篇,同人,Fate
                                   章节数：1
                                   最后更新时间：2019-01-10T12:59:36.266Z
                                   =================================================
2026-07-29 00:06:50 - mkk_pika - database.py:101 - INFO - 保存成功：(C95) おねがいすればヤらせてくれるダ・ヴィンチちゃん
2026-07-29 00:06:50 - mkk_pika - main.py:35 - INFO - 开始检查(C94) SAOn&Off SUMMER! (ソードアート・オンライン)是否存在未下载章节
2026-07-29 00:06:50 - mkk_pika - main.py:45 - INFO - 正在下载:[(C94) SAOn&Off SUMMER! (ソードアート・オンライン)]-[Primal Gym (カワセセイキ)]-[['同人', '短篇', '妹妹系', 'SAO 刀劍神域']]-[total_pages:24]
2026-07-29 00:06:50 - mkk_pika - main.py:49 - INFO - [{'_id': '5c37422eaa113313a98bd2ba', 'title': '第1集', 'order': 1, 'updated_at': '2019-01-10T03:11:12.272Z', 'id': '5c37422eaa113313a98bd2ba'}]
2026-07-29 00:06:50 - mkk_pika - database.py:215 - INFO - 第一次下载该漫画，记录数据库中
2026-07-29 00:06:51 - mkk_pika - main.py:83 - INFO - 找到 24 张图片在:第1集
2026-07-29 00:06:52 - mkk_pika - main.py:112 - INFO - [episode:第1集       ] downloaded:    24, total:  24, progress:100%
2026-07-29 00:06:52 - mkk_pika - database.py:238 - INFO - 数据库更新已下载章节
2026-07-29 00:06:52 - mkk_pika - database.py:244 - INFO - 该漫画已下载章节如下
2026-07-29 00:06:52 - mkk_pika - database.py:245 - INFO - ['第1集']
2026-07-29 00:06:54 - mkk_pika - main.py:348 - INFO - ==================== 漫画信息 ====================
                                   漫画ID：5c37422eaa113313a98bd2b9
                                   标题：(C94) SAOn&Off SUMMER! (ソードアート・オンライン)
                                   作者：Primal Gym (カワセセイキ)
                                   是否完结：是
                                   总页数：24
                                   分类：同人,短篇,妹妹系,SAO 刀劍神域
                                   章节数：1
                                   最后更新时间：2019-01-10T13:01:34.130Z
                                   =================================================
2026-07-29 00:06:54 - mkk_pika - database.py:101 - INFO - 保存成功：(C94) SAOn&Off SUMMER! (ソードアート・オンライン)
2026-07-29 00:06:54 - mkk_pika - main.py:35 - INFO - 开始检查(C95) 学校で性春!16 是否存在未下载章节
2026-07-29 00:06:54 - mkk_pika - main.py:45 - INFO - 正在下载:[(C95) 学校で性春!16 ]-[乙女気分 (三色網戸。)]-[['短篇', '強暴']]-[total_pages:34]
2026-07-29 00:06:54 - mkk_pika - main.py:49 - INFO - [{'_id': '5c37424438c0f873bf87c6ab', 'title': '第1集', 'order': 1, 'updated_at': '2019-01-10T03:14:16.125Z', 'id': '5c37424438c0f873bf87c6ab'}]
2026-07-29 00:06:54 - mkk_pika - database.py:215 - INFO - 第一次下载该漫画，记录数据库中
2026-07-29 00:06:55 - mkk_pika - main.py:83 - INFO - 找到 34 张图片在:第1集
2026-07-29 00:06:56 - mkk_pika - main.py:112 - INFO - [episode:第1集       ] downloaded:    34, total:  34, progress:100%
2026-07-29 00:06:56 - mkk_pika - database.py:238 - INFO - 数据库更新已下载章节
2026-07-29 00:06:56 - mkk_pika - database.py:244 - INFO - 该漫画已下载章节如下
2026-07-29 00:06:56 - mkk_pika - database.py:245 - INFO - ['第1集']
2026-07-29 00:06:58 - mkk_pika - main.py:348 - INFO - ==================== 漫画信息 ====================
                                   漫画ID：5c37424438c0f873bf87c6aa
                                   标题：(C95) 学校で性春!16 
                                   作者：乙女気分 (三色網戸。)
                                   是否完结：是
                                   总页数：34
                                   分类：短篇,強暴
                                   章节数：1
                                   最后更新时间：2019-01-10T13:01:56.757Z
                                   =================================================
2026-07-29 00:06:58 - mkk_pika - database.py:101 - INFO - 保存成功：(C95) 学校で性春!16 
2026-07-29 00:06:58 - mkk_pika - main.py:35 - INFO - 开始检查 ボクの理想の異世界生活4是否存在未下载章节
2026-07-29 00:06:58 - mkk_pika - main.py:45 - INFO - 正在下载:[ ボクの理想の異世界生活4]-[23.4ド (イチリ)]-[['短篇', '純愛', '後宮閃光', '妹妹系', '非人類']]-[total_pages:40]
2026-07-29 00:06:58 - mkk_pika - main.py:49 - INFO - [{'_id': '5c3742641e8401739045507e', 'title': '第1集', 'order': 1, 'updated_at': '2019-01-10T04:00:17.482Z', 'id': '5c3742641e8401739045507e'}]
2026-07-29 00:06:58 - mkk_pika - database.py:215 - INFO - 第一次下载该漫画，记录数据库中
2026-07-29 00:06:59 - mkk_pika - main.py:83 - INFO - 找到 40 张图片在:第1集
2026-07-29 00:07:01 - mkk_pika - main.py:112 - INFO - [episode:第1集       ] downloaded:    40, total:  40, progress:100%
2026-07-29 00:07:01 - mkk_pika - database.py:238 - INFO - 数据库更新已下载章节
2026-07-29 00:07:01 - mkk_pika - database.py:244 - INFO - 该漫画已下载章节如下
2026-07-29 00:07:01 - mkk_pika - database.py:245 - INFO - ['第1集']
2026-07-29 00:07:02 - mkk_pika - main.py:348 - INFO - ==================== 漫画信息 ====================
                                   漫画ID：5c3742641e8401739045507d
                                   标题： ボクの理想の異世界生活4
                                   作者：23.4ド (イチリ)
                                   是否完结：是
                                   总页数：40
                                   分类：短篇,純愛,後宮閃光,妹妹系,非人類
                                   章节数：1
                                   最后更新时间：2019-01-10T13:02:28.434Z
                                   =================================================
2026-07-29 00:07:02 - mkk_pika - database.py:101 - INFO - 保存成功： ボクの理想の異世界生活4
2026-07-29 00:07:02 - mkk_pika - main.py:35 - INFO - 开始检查 (C95)神崎綾音の純愛ルート是否存在未下载章节
2026-07-29 00:07:03 - mkk_pika - main.py:45 - INFO - 正在下载:[ (C95)神崎綾音の純愛ルート]-[乙女気分 (三色網戸。)]-[['同人', '短篇', '純愛']]-[total_pages:9]
2026-07-29 00:07:03 - mkk_pika - main.py:49 - INFO - [{'_id': '5c37427837177d137e88967d', 'title': '第1集', 'order': 1, 'updated_at': '2019-01-10T04:06:32.883Z', 'id': '5c37427837177d137e88967d'}]
2026-07-29 00:07:03 - mkk_pika - database.py:215 - INFO - 第一次下载该漫画，记录数据库中
2026-07-29 00:07:03 - mkk_pika - main.py:83 - INFO - 找到 9 张图片在:第1集
2026-07-29 00:07:04 - mkk_pika - main.py:112 - INFO - [episode:第1集       ] downloaded:     9, total:   9, progress:100%
2026-07-29 00:07:04 - mkk_pika - database.py:238 - INFO - 数据库更新已下载章节
2026-07-29 00:07:04 - mkk_pika - database.py:244 - INFO - 该漫画已下载章节如下
2026-07-29 00:07:04 - mkk_pika - database.py:245 - INFO - ['第1集']
2026-07-29 00:07:05 - mkk_pika - main.py:348 - INFO - ==================== 漫画信息 ====================
                                   漫画ID：5c37427837177d137e88967c
                                   标题： (C95)神崎綾音の純愛ルート
                                   作者：乙女気分 (三色網戸。)
                                   是否完结：是
                                   总页数：9
                                   分类：同人,短篇,純愛
                                   章节数：1
                                   最后更新时间：2019-01-10T13:02:48.125Z
                                   =================================================
2026-07-29 00:07:05 - mkk_pika - database.py:101 - INFO - 保存成功： (C95)神崎綾音の純愛ルート
2026-07-29 00:07:05 - mkk_pika - main.py:35 - INFO - 开始检查東方あねらぶ2 ドレミースイートの夢精ナイトフィーバー (東方Project)是否存在未下载章节
2026-07-29 00:07:06 - mkk_pika - main.py:45 - INFO - 正在下载:[東方あねらぶ2 ドレミースイートの夢精ナイトフィーバー (東方Project)]-[背徳漢]-[['同人', '短篇', '後宮閃光', '東方']]-[total_pages:27]
2026-07-29 00:07:06 - mkk_pika - main.py:49 - INFO - [{'_id': '5c3742bd1e840173904550ab', 'title': '第1集', 'order': 1, 'updated_at': '2019-01-10T04:16:00.236Z', 'id': '5c3742bd1e840173904550ab'}]
2026-07-29 00:07:06 - mkk_pika - database.py:215 - INFO - 第一次下载该漫画，记录数据库中
2026-07-29 00:07:06 - mkk_pika - main.py:83 - INFO - 找到 27 张图片在:第1集
2026-07-29 00:07:08 - mkk_pika - main.py:112 - INFO - [episode:第1集       ] downloaded:    27, total:  27, progress:100%
2026-07-29 00:07:08 - mkk_pika - database.py:238 - INFO - 数据库更新已下载章节
2026-07-29 00:07:08 - mkk_pika - database.py:244 - INFO - 该漫画已下载章节如下
2026-07-29 00:07:08 - mkk_pika - database.py:245 - INFO - ['第1集']
2026-07-29 00:07:10 - mkk_pika - main.py:348 - INFO - ==================== 漫画信息 ====================
                                   漫画ID：5c3742bd1e840173904550aa
                                   标题：東方あねらぶ2 ドレミースイートの夢精ナイトフィーバー (東方Project)
                                   作者：背徳漢
                                   是否完结：是
                                   总页数：27
                                   分类：同人,短篇,後宮閃光,東方
                                   章节数：1
                                   最后更新时间：2019-01-10T13:03:57.649Z
                                   =================================================
2026-07-29 00:07:10 - mkk_pika - database.py:101 - INFO - 保存成功：東方あねらぶ2 ドレミースイートの夢精ナイトフィーバー (東方Project)
2026-07-29 00:07:10 - mkk_pika - main.py:35 - INFO - 开始检查～主婦と“愛犬”の密やかな午後～是否存在未下载章节
2026-07-29 00:07:10 - mkk_pika - main.py:45 - INFO - 正在下载:[～主婦と“愛犬”の密やかな午後～]-[わんダフルらいふ]-[['全彩', '短篇', '純愛', '人妻', '非人類']]-[total_pages:53]
2026-07-29 00:07:10 - mkk_pika - main.py:49 - INFO - [{'_id': '5c3742e062be1445a4a5e4d2', 'title': '第1集', 'order': 1, 'updated_at': '2019-01-10T04:27:38.974Z', 'id': '5c3742e062be1445a4a5e4d2'}]
2026-07-29 00:07:10 - mkk_pika - database.py:215 - INFO - 第一次下载该漫画，记录数据库中
2026-07-29 00:07:11 - mkk_pika - main.py:83 - INFO - 找到 53 张图片在:第1集
2026-07-29 00:07:14 - mkk_pika - main.py:112 - INFO - [episode:第1集       ] downloaded:    53, total:  53, progress:100%
2026-07-29 00:07:14 - mkk_pika - database.py:238 - INFO - 数据库更新已下载章节
2026-07-29 00:07:14 - mkk_pika - database.py:244 - INFO - 该漫画已下载章节如下
2026-07-29 00:07:14 - mkk_pika - database.py:245 - INFO - ['第1集']
2026-07-29 00:07:15 - mkk_pika - main.py:348 - INFO - ==================== 漫画信息 ====================
                                   漫画ID：5c3742e062be1445a4a5e4d1
                                   标题：～主婦と“愛犬”の密やかな午後～
                                   作者：わんダフルらいふ
                                   是否完结：是
                                   总页数：53
                                   分类：全彩,短篇,純愛,人妻,非人類
                                   章节数：1
                                   最后更新时间：2019-01-10T13:04:32.326Z
                                   =================================================
2026-07-29 00:07:15 - mkk_pika - database.py:101 - INFO - 保存成功：～主婦と“愛犬”の密やかな午後～
2026-07-29 00:07:15 - mkk_pika - main.py:35 - INFO - 开始检查白雪嬢のご奉仕レッスン是否存在未下载章节
2026-07-29 00:07:16 - mkk_pika - main.py:45 - INFO - 正在下载:[白雪嬢のご奉仕レッスン]-[中乃空]-[['短篇', '純愛']]-[total_pages:14]
2026-07-29 00:07:16 - mkk_pika - main.py:49 - INFO - [{'_id': '5c3742f737a6ca7398005fc8', 'title': '第1集', 'order': 1, 'updated_at': '2019-01-10T04:41:10.367Z', 'id': '5c3742f737a6ca7398005fc8'}]
2026-07-29 00:07:16 - mkk_pika - database.py:215 - INFO - 第一次下载该漫画，记录数据库中
2026-07-29 00:07:16 - mkk_pika - main.py:83 - INFO - 找到 14 张图片在:第1集
2026-07-29 00:07:18 - mkk_pika - main.py:112 - INFO - [episode:第1集       ] downloaded:    14, total:  14, progress:100%
2026-07-29 00:07:18 - mkk_pika - database.py:238 - INFO - 数据库更新已下载章节
2026-07-29 00:07:18 - mkk_pika - database.py:244 - INFO - 该漫画已下载章节如下
2026-07-29 00:07:18 - mkk_pika - database.py:245 - INFO - ['第1集']
2026-07-29 00:07:19 - mkk_pika - main.py:348 - INFO - ==================== 漫画信息 ====================
                                   漫画ID：5c3742f737a6ca7398005fc7
                                   标题：白雪嬢のご奉仕レッスン
                                   作者：中乃空
                                   是否完结：是
                                   总页数：14
                                   分类：短篇,純愛
                                   章节数：1
                                   最后更新时间：2019-01-10T13:04:55.745Z
                                   =================================================
2026-07-29 00:07:19 - mkk_pika - database.py:101 - INFO - 保存成功：白雪嬢のご奉仕レッスン
2026-07-29 00:07:19 - mkk_pika - main.py:35 - INFO - 开始检查攻め姫受け姫 (New スーパーマリオブラザーズ U デラックス)是否存在未下载章节
2026-07-29 00:07:19 - mkk_pika - main.py:45 - INFO - 正在下载:[攻め姫受け姫 (New スーパーマリオブラザーズ U デラックス)]-[SeaFox (霧咲白狐)]-[['同人', '短篇', '扶他樂園', '非人類']]-[total_pages:19]
2026-07-29 00:07:19 - mkk_pika - main.py:49 - INFO - [{'_id': '5c37431b529ed24568c6f9ce', 'title': '第1集', 'order': 1, 'updated_at': '2019-01-10T05:31:39.646Z', 'id': '5c37431b529ed24568c6f9ce'}]
2026-07-29 00:07:19 - mkk_pika - database.py:215 - INFO - 第一次下载该漫画，记录数据库中
2026-07-29 00:07:20 - mkk_pika - main.py:83 - INFO - 找到 19 张图片在:第1集
2026-07-29 00:07:21 - mkk_pika - main.py:112 - INFO - [episode:第1集       ] downloaded:    19, total:  19, progress:100%
2026-07-29 00:07:21 - mkk_pika - database.py:238 - INFO - 数据库更新已下载章节
2026-07-29 00:07:21 - mkk_pika - database.py:244 - INFO - 该漫画已下载章节如下
2026-07-29 00:07:21 - mkk_pika - database.py:245 - INFO - ['第1集']
2026-07-29 00:07:22 - mkk_pika - main.py:348 - INFO - ==================== 漫画信息 ====================
                                   漫画ID：5c37431b529ed24568c6f9cd
                                   标题：攻め姫受け姫 (New スーパーマリオブラザーズ U デラックス)
                                   作者：SeaFox (霧咲白狐)
                                   是否完结：是
                                   总页数：19
                                   分类：同人,短篇,扶他樂園,非人類
                                   章节数：1
                                   最后更新时间：2019-01-10T13:05:31.145Z
                                   =================================================
2026-07-29 00:07:22 - mkk_pika - database.py:101 - INFO - 保存成功：攻め姫受け姫 (New スーパーマリオブラザーズ U デラックス)
2026-07-29 00:07:22 - mkk_pika - main.py:35 - INFO - 开始检查おとめぼれ 少女的鍾情是否存在未下载章节
2026-07-29 00:07:23 - mkk_pika - main.py:45 - INFO - 正在下载:[おとめぼれ 少女的鍾情]-[ひょころー]-[['長篇', '純愛', '單行本', '妹妹系', '人妻', 'NTR']]-[total_pages:202]
2026-07-29 00:07:23 - mkk_pika - main.py:49 - INFO - [{'_id': '5c3744f9529ed24568c6f9ea', 'title': '純情少女的單行本', 'order': 1, 'updated_at': '2019-01-06T03:09:23.124Z', 'id': '5c3744f9529ed24568c6f9ea'}]
2026-07-29 00:07:23 - mkk_pika - database.py:215 - INFO - 第一次下载该漫画，记录数据库中
2026-07-29 00:07:25 - mkk_pika - main.py:83 - INFO - 找到 202 张图片在:純情少女的單行本
2026-07-29 00:07:34 - mkk_pika - main.py:112 - INFO - [episode:純情少女的單行本  ] downloaded:   202, total: 202, progress:100%
2026-07-29 00:07:34 - mkk_pika - database.py:238 - INFO - 数据库更新已下载章节
2026-07-29 00:07:34 - mkk_pika - database.py:244 - INFO - 该漫画已下载章节如下
2026-07-29 00:07:34 - mkk_pika - database.py:245 - INFO - ['純情少女的單行本']
2026-07-29 00:07:36 - mkk_pika - main.py:348 - INFO - ==================== 漫画信息 ====================
                                   漫画ID：5c3744f9529ed24568c6f9e9
                                   标题：おとめぼれ 少女的鍾情
                                   作者：ひょころー
                                   是否完结：是
                                   总页数：202
                                   分类：長篇,純愛,單行本,妹妹系,人妻,NTR
                                   章节数：1
                                   最后更新时间：2019-01-10T13:13:29.579Z
                                   =================================================
2026-07-29 00:07:36 - mkk_pika - database.py:101 - INFO - 保存成功：おとめぼれ 少女的鍾情
2026-07-29 00:07:36 - mkk_pika - main.py:35 - INFO - 开始检查姦しびより 姦淫好日子是否存在未下载章节
2026-07-29 00:07:36 - mkk_pika - main.py:45 - INFO - 正在下载:[姦しびより 姦淫好日子]-[あかゐろ]-[['長篇']]-[total_pages:204]
2026-07-29 00:07:36 - mkk_pika - main.py:49 - INFO - [{'_id': '5c3788be0f8255137646d08b', 'title': '第1集', 'order': 1, 'updated_at': '2019-01-10T13:29:16.797Z', 'id': '5c3788be0f8255137646d08b'}]
2026-07-29 00:07:36 - mkk_pika - database.py:215 - INFO - 第一次下载该漫画，记录数据库中
2026-07-29 00:07:38 - mkk_pika - main.py:83 - INFO - 找到 204 张图片在:第1集
2026-07-29 00:07:49 - mkk_pika - main.py:112 - INFO - [episode:第1集       ] downloaded:   204, total: 204, progress:100%
2026-07-29 00:07:49 - mkk_pika - database.py:238 - INFO - 数据库更新已下载章节
2026-07-29 00:07:49 - mkk_pika - database.py:244 - INFO - 该漫画已下载章节如下
2026-07-29 00:07:49 - mkk_pika - database.py:245 - INFO - ['第1集']
2026-07-29 00:07:50 - mkk_pika - main.py:348 - INFO - ==================== 漫画信息 ====================
                                   漫画ID：5c3788be0f8255137646d08a
                                   标题：姦しびより 姦淫好日子
                                   作者：あかゐろ
                                   是否完结：是
                                   总页数：204
                                   分类：長篇
                                   章节数：1
                                   最后更新时间：2019-01-10T18:02:38.609Z
                                   =================================================
2026-07-29 00:07:50 - mkk_pika - database.py:101 - INFO - 保存成功：姦しびより 姦淫好日子
2026-07-29 00:07:50 - mkk_pika - main.py:35 - INFO - 开始检查人妻不倫沼~是否存在未下载章节
2026-07-29 00:07:51 - mkk_pika - main.py:45 - INFO - 正在下载:[人妻不倫沼~]-[星野竜一]-[['長篇', 'NTR', '人妻']]-[total_pages:209]
2026-07-29 00:07:51 - mkk_pika - main.py:49 - INFO - [{'_id': '5c38847d37a6ca73980064da', 'title': '第1集', 'order': 1, 'updated_at': '2019-01-10T13:44:43.680Z', 'id': '5c38847d37a6ca73980064da'}]
2026-07-29 00:07:51 - mkk_pika - database.py:215 - INFO - 第一次下载该漫画，记录数据库中
2026-07-29 00:07:53 - mkk_pika - main.py:83 - INFO - 找到 209 张图片在:第1集
2026-07-29 00:08:03 - mkk_pika - main.py:112 - INFO - [episode:第1集       ] downloaded:   209, total: 209, progress:100%
2026-07-29 00:08:03 - mkk_pika - database.py:238 - INFO - 数据库更新已下载章节
2026-07-29 00:08:03 - mkk_pika - database.py:244 - INFO - 该漫画已下载章节如下
2026-07-29 00:08:03 - mkk_pika - database.py:245 - INFO - ['第1集']
2026-07-29 00:08:05 - mkk_pika - main.py:348 - INFO - ==================== 漫画信息 ====================
                                   漫画ID：5c38847d37a6ca73980064d9
                                   标题：人妻不倫沼~
                                   作者：星野竜一
                                   是否完结：是
                                   总页数：209
                                   分类：長篇,NTR,人妻
                                   章节数：1
                                   最后更新时间：2019-01-11T11:56:45.851Z
                                   =================================================
2026-07-29 00:08:05 - mkk_pika - database.py:101 - INFO - 保存成功：人妻不倫沼~
2026-07-29 00:08:05 - mkk_pika - main.py:35 - INFO - 开始检查フラれた彼女とよりを戻した理由是否存在未下载章节
2026-07-29 00:08:05 - mkk_pika - main.py:45 - INFO - 正在下载:[フラれた彼女とよりを戻した理由]-[板場広し]-[['長篇']]-[total_pages:222]
2026-07-29 00:08:05 - mkk_pika - main.py:49 - INFO - [{'_id': '5c388492529ed24568c6ffbe', 'title': '第1集', 'order': 1, 'updated_at': '2019-01-10T14:08:28.744Z', 'id': '5c388492529ed24568c6ffbe'}]
2026-07-29 00:08:05 - mkk_pika - database.py:215 - INFO - 第一次下载该漫画，记录数据库中
2026-07-29 00:08:07 - mkk_pika - main.py:83 - INFO - 找到 222 张图片在:第1集
2026-07-29 00:08:18 - mkk_pika - main.py:112 - INFO - [episode:第1集       ] downloaded:   222, total: 222, progress:100%
2026-07-29 00:08:18 - mkk_pika - database.py:238 - INFO - 数据库更新已下载章节
2026-07-29 00:08:18 - mkk_pika - database.py:244 - INFO - 该漫画已下载章节如下
2026-07-29 00:08:18 - mkk_pika - database.py:245 - INFO - ['第1集']
2026-07-29 00:08:20 - mkk_pika - main.py:348 - INFO - ==================== 漫画信息 ====================
                                   漫画ID：5c388492529ed24568c6ffbd
                                   标题：フラれた彼女とよりを戻した理由
                                   作者：板場広し
                                   是否完结：是
                                   总页数：222
                                   分类：長篇
                                   章节数：1
                                   最后更新时间：2019-01-11T11:57:06.446Z
                                   =================================================
2026-07-29 00:08:20 - mkk_pika - database.py:101 - INFO - 保存成功：フラれた彼女とよりを戻した理由
2026-07-29 00:08:20 - mkk_pika - main.py:35 - INFO - 开始检查寝取りエステで、今夜、妻が…。是否存在未下载章节
2026-07-29 00:08:20 - mkk_pika - main.py:45 - INFO - 正在下载:[寝取りエステで、今夜、妻が…。]-[FFC]-[['長篇', '人妻', 'NTR']]-[total_pages:162]
2026-07-29 00:08:20 - mkk_pika - main.py:49 - INFO - [{'_id': '5c3884a5529ed24568c7009e', 'title': '第1集', 'order': 1, 'updated_at': '2019-01-10T14:19:22.230Z', 'id': '5c3884a5529ed24568c7009e'}]
2026-07-29 00:08:20 - mkk_pika - database.py:215 - INFO - 第一次下载该漫画，记录数据库中
2026-07-29 00:08:22 - mkk_pika - main.py:83 - INFO - 找到 162 张图片在:第1集
2026-07-29 00:08:30 - mkk_pika - main.py:112 - INFO - [episode:第1集       ] downloaded:   162, total: 162, progress:100%
2026-07-29 00:08:30 - mkk_pika - database.py:238 - INFO - 数据库更新已下载章节
2026-07-29 00:08:30 - mkk_pika - database.py:244 - INFO - 该漫画已下载章节如下
2026-07-29 00:08:30 - mkk_pika - database.py:245 - INFO - ['第1集']
2026-07-29 00:08:31 - mkk_pika - main.py:348 - INFO - ==================== 漫画信息 ====================
                                   漫画ID：5c3884a5529ed24568c7009d
                                   标题：寝取りエステで、今夜、妻が…。
                                   作者：FFC
                                   是否完结：是
                                   总页数：162
                                   分类：長篇,人妻,NTR
                                   章节数：1
                                   最后更新时间：2019-01-11T11:57:25.388Z
                                   =================================================
2026-07-29 00:08:31 - mkk_pika - database.py:101 - INFO - 保存成功：寝取りエステで、今夜、妻が…。
2026-07-29 00:08:31 - mkk_pika - main.py:35 - INFO - 开始检查雨の三峰は湿度が高い是否存在未下载章节
2026-07-29 00:08:32 - mkk_pika - main.py:45 - INFO - 正在下载:[雨の三峰は湿度が高い]-[ハイスイノ陣 (平間ひろかず)]-[['同人', '短篇']]-[total_pages:28]
2026-07-29 00:08:32 - mkk_pika - main.py:49 - INFO - [{'_id': '5c3884d749be9f13b64c9588', 'title': '第1集', 'order': 1, 'updated_at': '2019-01-10T14:23:51.054Z', 'id': '5c3884d749be9f13b64c9588'}]
2026-07-29 00:08:32 - mkk_pika - database.py:215 - INFO - 第一次下载该漫画，记录数据库中
2026-07-29 00:08:32 - mkk_pika - main.py:83 - INFO - 找到 28 张图片在:第1集
2026-07-29 00:08:34 - mkk_pika - main.py:112 - INFO - [episode:第1集       ] downloaded:    28, total:  28, progress:100%
2026-07-29 00:08:34 - mkk_pika - database.py:238 - INFO - 数据库更新已下载章节
2026-07-29 00:08:34 - mkk_pika - database.py:244 - INFO - 该漫画已下载章节如下
2026-07-29 00:08:34 - mkk_pika - database.py:245 - INFO - ['第1集']
2026-07-29 00:08:35 - mkk_pika - main.py:348 - INFO - ==================== 漫画信息 ====================
                                   漫画ID：5c3884d749be9f13b64c9587
                                   标题：雨の三峰は湿度が高い
                                   作者：ハイスイノ陣 (平間ひろかず)
                                   是否完结：否
                                   总页数：28
                                   分类：同人,短篇
                                   章节数：1
                                   最后更新时间：2019-01-11T11:58:15.260Z
                                   =================================================
2026-07-29 00:08:35 - mkk_pika - database.py:101 - INFO - 保存成功：雨の三峰は湿度が高い
2026-07-29 00:08:35 - mkk_pika - main.py:35 - INFO - 开始检查人妻肉人形まゆら是否存在未下载章节
2026-07-29 00:08:36 - mkk_pika - main.py:45 - INFO - 正在下载:[人妻肉人形まゆら]-[ドリルムラタ]-[['長篇', '人妻', 'NTR']]-[total_pages:193]
2026-07-29 00:08:36 - mkk_pika - main.py:49 - INFO - [{'_id': '5c3884e338c0f873bf87cb76', 'title': '第1集', 'order': 1, 'updated_at': '2019-01-10T14:29:47.039Z', 'id': '5c3884e338c0f873bf87cb76'}]
2026-07-29 00:08:36 - mkk_pika - database.py:215 - INFO - 第一次下载该漫画，记录数据库中
2026-07-29 00:08:38 - mkk_pika - main.py:83 - INFO - 找到 193 张图片在:第1集
2026-07-29 00:08:47 - mkk_pika - main.py:112 - INFO - [episode:第1集       ] downloaded:   193, total: 193, progress:100%
2026-07-29 00:08:47 - mkk_pika - database.py:238 - INFO - 数据库更新已下载章节
2026-07-29 00:08:47 - mkk_pika - database.py:244 - INFO - 该漫画已下载章节如下
2026-07-29 00:08:47 - mkk_pika - database.py:245 - INFO - ['第1集']
2026-07-29 00:08:49 - mkk_pika - main.py:348 - INFO - ==================== 漫画信息 ====================
                                   漫画ID：5c3884e338c0f873bf87cb75
                                   标题：人妻肉人形まゆら
                                   作者：ドリルムラタ
                                   是否完结：否
                                   总页数：193
                                   分类：長篇,人妻,NTR
                                   章节数：1
                                   最后更新时间：2019-01-11T11:58:27.736Z
                                   =================================================
2026-07-29 00:08:49 - mkk_pika - database.py:101 - INFO - 保存成功：人妻肉人形まゆら
2026-07-29 00:08:49 - mkk_pika - main.py:35 - INFO - 开始检查卑猥のアリア (緋弾のアリア)是否存在未下载章节
2026-07-29 00:08:49 - mkk_pika - main.py:45 - INFO - 正在下载:[卑猥のアリア (緋弾のアリア)]-[OTO (ハットリ)]-[['同人', '短篇', '純愛']]-[total_pages:26]
2026-07-29 00:08:49 - mkk_pika - main.py:49 - INFO - [{'_id': '5c38853937177d137e88a18c', 'title': '第1集', 'order': 1, 'updated_at': '2019-01-10T15:04:15.927Z', 'id': '5c38853937177d137e88a18c'}]
2026-07-29 00:08:49 - mkk_pika - database.py:215 - INFO - 第一次下载该漫画，记录数据库中
2026-07-29 00:08:50 - mkk_pika - main.py:83 - INFO - 找到 26 张图片在:第1集
2026-07-29 00:08:51 - mkk_pika - main.py:112 - INFO - [episode:第1集       ] downloaded:    26, total:  26, progress:100%
2026-07-29 00:08:51 - mkk_pika - database.py:238 - INFO - 数据库更新已下载章节
2026-07-29 00:08:51 - mkk_pika - database.py:244 - INFO - 该漫画已下载章节如下
2026-07-29 00:08:51 - mkk_pika - database.py:245 - INFO - ['第1集']
2026-07-29 00:08:53 - mkk_pika - main.py:348 - INFO - ==================== 漫画信息 ====================
                                   漫画ID：5c38853937177d137e88a18b
                                   标题：卑猥のアリア (緋弾のアリア)
                                   作者：OTO (ハットリ)
                                   是否完结：是
                                   总页数：26
                                   分类：同人,短篇,純愛
                                   章节数：1
                                   最后更新时间：2019-01-11T11:59:53.927Z
                                   =================================================
2026-07-29 00:08:53 - mkk_pika - database.py:101 - INFO - 保存成功：卑猥のアリア (緋弾のアリア)
2026-07-29 00:08:53 - mkk_pika - main.py:35 - INFO - 开始检查いちゃラブぜかまし (艦隊これくしょん -艦これ-)是否存在未下载章节
2026-07-29 00:08:53 - mkk_pika - main.py:45 - INFO - 正在下载:[いちゃラブぜかまし (艦隊これくしょん -艦これ-)]-[黒ネコてぬぐい (ツカイ)]-[['同人', '短篇', '純愛', '艦隊收藏']]-[total_pages:17]
2026-07-29 00:08:53 - mkk_pika - main.py:49 - INFO - [{'_id': '5c38855637a6ca73980065b0', 'title': '第1集', 'order': 1, 'updated_at': '2019-01-10T15:53:42.158Z', 'id': '5c38855637a6ca73980065b0'}]
2026-07-29 00:08:53 - mkk_pika - database.py:215 - INFO - 第一次下载该漫画，记录数据库中
2026-07-29 00:08:54 - mkk_pika - main.py:83 - INFO - 找到 17 张图片在:第1集
2026-07-29 00:08:55 - mkk_pika - main.py:112 - INFO - [episode:第1集       ] downloaded:    17, total:  17, progress:100%
2026-07-29 00:08:55 - mkk_pika - database.py:238 - INFO - 数据库更新已下载章节
2026-07-29 00:08:55 - mkk_pika - database.py:244 - INFO - 该漫画已下载章节如下
2026-07-29 00:08:55 - mkk_pika - database.py:245 - INFO - ['第1集']
2026-07-29 00:08:56 - mkk_pika - main.py:348 - INFO - ==================== 漫画信息 ====================
                                   漫画ID：5c38855637a6ca73980065af
                                   标题：いちゃラブぜかまし (艦隊これくしょん -艦これ-)
                                   作者：黒ネコてぬぐい (ツカイ)
                                   是否完结：是
                                   总页数：17
                                   分类：同人,短篇,純愛,艦隊收藏
                                   章节数：1
                                   最后更新时间：2019-01-11T12:00:22.143Z
                                   =================================================
2026-07-29 00:08:56 - mkk_pika - database.py:101 - INFO - 保存成功：いちゃラブぜかまし (艦隊これくしょん -艦これ-)
2026-07-29 00:08:56 - mkk_pika - main.py:35 - INFO - 开始检查おとなのおんな是否存在未下载章节
2026-07-29 00:08:56 - mkk_pika - main.py:45 - INFO - 正在下载:[おとなのおんな]-[吉村竜巻]-[['短篇', '姐姐系', '純愛']]-[total_pages:21]
2026-07-29 00:08:56 - mkk_pika - main.py:49 - INFO - [{'_id': '5c3885c4418dff4560bbe18c', 'title': '第1集', 'order': 1, 'updated_at': '2019-01-10T16:52:18.600Z', 'id': '5c3885c4418dff4560bbe18c'}]
2026-07-29 00:08:56 - mkk_pika - database.py:215 - INFO - 第一次下载该漫画，记录数据库中
2026-07-29 00:08:57 - mkk_pika - main.py:83 - INFO - 找到 25 张图片在:第1集
2026-07-29 00:08:58 - mkk_pika - main.py:112 - INFO - [episode:第1集       ] downloaded:    25, total:  25, progress:100%
2026-07-29 00:08:58 - mkk_pika - database.py:238 - INFO - 数据库更新已下载章节
2026-07-29 00:08:58 - mkk_pika - database.py:244 - INFO - 该漫画已下载章节如下
2026-07-29 00:08:58 - mkk_pika - database.py:245 - INFO - ['第1集']
2026-07-29 00:09:00 - mkk_pika - main.py:348 - INFO - ==================== 漫画信息 ====================
                                   漫画ID：5c3885c4418dff4560bbe18b
                                   标题：おとなのおんな
                                   作者：吉村竜巻
                                   是否完结：是
                                   总页数：21
                                   分类：短篇,姐姐系,純愛
                                   章节数：1
                                   最后更新时间：2019-01-11T12:02:12.080Z
                                   =================================================
2026-07-29 00:09:00 - mkk_pika - database.py:101 - INFO - 保存成功：おとなのおんな
2026-07-29 00:09:00 - mkk_pika - main.py:35 - INFO - 开始检查(C95) 宮本武蔵は御奉仕上手是否存在未下载章节
2026-07-29 00:09:00 - mkk_pika - main.py:45 - INFO - 正在下载:[(C95) 宮本武蔵は御奉仕上手]-[ulucimael (漆島潤)]-[['短篇', '同人', 'Fate']]-[total_pages:17]
2026-07-29 00:09:00 - mkk_pika - main.py:49 - INFO - [{'_id': '5c38867937a6ca73980067d6', 'title': '第1集', 'order': 1, 'updated_at': '2019-01-11T01:42:38.145Z', 'id': '5c38867937a6ca73980067d6'}]
2026-07-29 00:09:00 - mkk_pika - database.py:215 - INFO - 第一次下载该漫画，记录数据库中
2026-07-29 00:09:01 - mkk_pika - main.py:83 - INFO - 找到 17 张图片在:第1集
2026-07-29 00:09:02 - mkk_pika - main.py:112 - INFO - [episode:第1集       ] downloaded:    17, total:  17, progress:100%
2026-07-29 00:09:02 - mkk_pika - database.py:238 - INFO - 数据库更新已下载章节
2026-07-29 00:09:02 - mkk_pika - database.py:244 - INFO - 该漫画已下载章节如下
2026-07-29 00:09:02 - mkk_pika - database.py:245 - INFO - ['第1集']
2026-07-29 00:09:03 - mkk_pika - main.py:348 - INFO - ==================== 漫画信息 ====================
                                   漫画ID：5c38867937a6ca73980067d5
                                   标题：(C95) 宮本武蔵は御奉仕上手
                                   作者：ulucimael (漆島潤)
                                   是否完结：是
                                   总页数：17
                                   分类：短篇,同人,Fate
                                   章节数：1
                                   最后更新时间：2019-01-11T12:05:13.054Z
                                   =================================================
2026-07-29 00:09:03 - mkk_pika - database.py:101 - INFO - 保存成功：(C95) 宮本武蔵は御奉仕上手
2026-07-29 00:09:03 - mkk_pika - main.py:35 - INFO - 开始检查マシュのひみつ特訓 (Fate/Grand Order)是否存在未下载章节
2026-07-29 00:09:03 - mkk_pika - main.py:45 - INFO - 正在下载:[マシュのひみつ特訓 (Fate/Grand Order)]-[COMEX (珍緑)]-[['同人', '短篇', 'Fate']]-[total_pages:23]
2026-07-29 00:09:03 - mkk_pika - main.py:49 - INFO - [{'_id': '5c3888268b2c8545963c629a', 'title': '第1集', 'order': 1, 'updated_at': '2019-01-11T02:30:50.505Z', 'id': '5c3888268b2c8545963c629a'}]
2026-07-29 00:09:03 - mkk_pika - database.py:215 - INFO - 第一次下载该漫画，记录数据库中
2026-07-29 00:09:04 - mkk_pika - main.py:83 - INFO - 找到 23 张图片在:第1集
2026-07-29 00:09:05 - mkk_pika - main.py:112 - INFO - [episode:第1集       ] downloaded:    23, total:  23, progress:100%
2026-07-29 00:09:05 - mkk_pika - database.py:238 - INFO - 数据库更新已下载章节
2026-07-29 00:09:05 - mkk_pika - database.py:244 - INFO - 该漫画已下载章节如下
2026-07-29 00:09:05 - mkk_pika - database.py:245 - INFO - ['第1集']
2026-07-29 00:09:07 - mkk_pika - main.py:348 - INFO - ==================== 漫画信息 ====================
                                   漫画ID：5c3888268b2c8545963c6299
                                   标题：マシュのひみつ特訓 (Fate/Grand Order)
                                   作者：COMEX (珍緑)
                                   是否完结：是
                                   总页数：23
                                   分类：同人,短篇,Fate
                                   章节数：1
                                   最后更新时间：2019-01-11T12:12:22.308Z
                                   =================================================
2026-07-29 00:09:07 - mkk_pika - database.py:101 - INFO - 保存成功：マシュのひみつ特訓 (Fate/Grand Order)
2026-07-29 00:09:07 - mkk_pika - main.py:35 - INFO - 开始检查(秋季例大祭5) お嬢さまの好感度がMAXな本 (東方Project)是否存在未下载章节
2026-07-29 00:09:07 - mkk_pika - main.py:45 - INFO - 正在下载:[(秋季例大祭5) お嬢さまの好感度がMAXな本 (東方Project)]-[みっかみさき (ナヅカ)]-[['同人', '短篇', '東方']]-[total_pages:28]
2026-07-29 00:09:07 - mkk_pika - main.py:49 - INFO - [{'_id': '5c38885e38c0f873bf87cd0a', 'title': '第1集', 'order': 1, 'updated_at': '2019-01-11T02:40:15.357Z', 'id': '5c38885e38c0f873bf87cd0a'}]
2026-07-29 00:09:07 - mkk_pika - database.py:215 - INFO - 第一次下载该漫画，记录数据库中
2026-07-29 00:09:08 - mkk_pika - main.py:83 - INFO - 找到 28 张图片在:第1集
2026-07-29 00:09:09 - mkk_pika - main.py:112 - INFO - [episode:第1集       ] downloaded:    28, total:  28, progress:100%
2026-07-29 00:09:09 - mkk_pika - database.py:238 - INFO - 数据库更新已下载章节
2026-07-29 00:09:09 - mkk_pika - database.py:244 - INFO - 该漫画已下载章节如下
2026-07-29 00:09:09 - mkk_pika - database.py:245 - INFO - ['第1集']
2026-07-29 00:09:11 - mkk_pika - main.py:348 - INFO - ==================== 漫画信息 ====================
                                   漫画ID：5c38885e38c0f873bf87cd09
                                   标题：(秋季例大祭5) お嬢さまの好感度がMAXな本 (東方Project)
                                   作者：みっかみさき (ナヅカ)
                                   是否完结：是
                                   总页数：28
                                   分类：同人,短篇,東方
                                   章节数：1
                                   最后更新时间：2019-01-11T12:13:18.236Z
                                   =================================================
2026-07-29 00:09:11 - mkk_pika - database.py:101 - INFO - 保存成功：(秋季例大祭5) お嬢さまの好感度がMAXな本 (東方Project)
2026-07-29 00:09:11 - mkk_pika - main.py:35 - INFO - 开始检查(C95) 女子大生南ことりのヤリサー事件簿Case.4 (ラブライブ!)是否存在未下载章节
2026-07-29 00:09:11 - mkk_pika - main.py:45 - INFO - 正在下载:[(C95) 女子大生南ことりのヤリサー事件簿Case.4 (ラブライブ!)]-[第6基地 (キチロク)]-[['同人', '短篇', 'Love Live']]-[total_pages:49]
2026-07-29 00:09:11 - mkk_pika - main.py:49 - INFO - [{'_id': '5c388882cebde71f6d8e422e', 'title': '第1集', 'order': 1, 'updated_at': '2019-01-11T02:52:44.131Z', 'id': '5c388882cebde71f6d8e422e'}]
2026-07-29 00:09:11 - mkk_pika - database.py:215 - INFO - 第一次下载该漫画，记录数据库中
2026-07-29 00:09:12 - mkk_pika - main.py:83 - INFO - 找到 49 张图片在:第1集
2026-07-29 00:09:15 - mkk_pika - main.py:112 - INFO - [episode:第1集       ] downloaded:    49, total:  49, progress:100%
2026-07-29 00:09:15 - mkk_pika - database.py:238 - INFO - 数据库更新已下载章节
2026-07-29 00:09:15 - mkk_pika - database.py:244 - INFO - 该漫画已下载章节如下
2026-07-29 00:09:15 - mkk_pika - database.py:245 - INFO - ['第1集']
2026-07-29 00:09:16 - mkk_pika - main.py:348 - INFO - ==================== 漫画信息 ====================
                                   漫画ID：5c388882cebde71f6d8e422d
                                   标题：(C95) 女子大生南ことりのヤリサー事件簿Case.4 (ラブライブ!)
                                   作者：第6基地 (キチロク)
                                   是否完结：是
                                   总页数：49
                                   分类：同人,短篇,Love Live
                                   章节数：1
                                   最后更新时间：2019-01-11T12:13:54.287Z
                                   =================================================
2026-07-29 00:09:16 - mkk_pika - database.py:101 - INFO - 保存成功：(C95) 女子大生南ことりのヤリサー事件簿Case.4 (ラブライブ!)
2026-07-29 00:09:16 - mkk_pika - main.py:35 - INFO - 开始检查(C80) 僕ハ夜空ヲ (僕は友達が少ない)是否存在未下载章节
2026-07-29 00:09:16 - mkk_pika - main.py:45 - INFO - 正在下载:[(C80) 僕ハ夜空ヲ (僕は友達が少ない)]-[NULLまゆ (ちもさく)]-[['同人', '短篇', 'NTR']]-[total_pages:33]
2026-07-29 00:09:16 - mkk_pika - main.py:49 - INFO - [{'_id': '5c3888b70f8255137646d8d3', 'title': '第1集', 'order': 1, 'updated_at': '2019-01-11T03:35:48.081Z', 'id': '5c3888b70f8255137646d8d3'}]
2026-07-29 00:09:16 - mkk_pika - database.py:215 - INFO - 第一次下载该漫画，记录数据库中
2026-07-29 00:09:17 - mkk_pika - main.py:83 - INFO - 找到 33 张图片在:第1集
2026-07-29 00:09:19 - mkk_pika - main.py:112 - INFO - [episode:第1集       ] downloaded:    33, total:  33, progress:100%
2026-07-29 00:09:19 - mkk_pika - database.py:238 - INFO - 数据库更新已下载章节
2026-07-29 00:09:19 - mkk_pika - database.py:244 - INFO - 该漫画已下载章节如下
2026-07-29 00:09:19 - mkk_pika - database.py:245 - INFO - ['第1集']
2026-07-29 00:09:20 - mkk_pika - main.py:348 - INFO - ==================== 漫画信息 ====================
                                   漫画ID：5c3888b70f8255137646d8d2
                                   标题：(C80) 僕ハ夜空ヲ (僕は友達が少ない)
                                   作者：NULLまゆ (ちもさく)
                                   是否完结：是
                                   总页数：33
                                   分类：同人,短篇,NTR
                                   章节数：1
                                   最后更新时间：2019-01-11T12:14:47.888Z
                                   =================================================
2026-07-29 00:09:20 - mkk_pika - database.py:101 - INFO - 保存成功：(C80) 僕ハ夜空ヲ (僕は友達が少ない)
2026-07-29 00:09:20 - mkk_pika - main.py:35 - INFO - 开始检查黄发幼女本是否存在未下载章节
2026-07-29 00:09:20 - mkk_pika - main.py:45 - INFO - 正在下载:[黄发幼女本]-[遠藤弘土]-[['全彩', '同人', '短篇']]-[total_pages:15]
2026-07-29 00:09:20 - mkk_pika - main.py:49 - INFO - [{'_id': '5c38899d529ed24568c7043e', 'title': '第1集', 'order': 1, 'updated_at': '2019-01-11T05:53:25.510Z', 'id': '5c38899d529ed24568c7043e'}]
2026-07-29 00:09:20 - mkk_pika - database.py:215 - INFO - 第一次下载该漫画，记录数据库中
2026-07-29 00:09:21 - mkk_pika - main.py:83 - INFO - 找到 15 张图片在:第1集
2026-07-29 00:09:22 - mkk_pika - main.py:112 - INFO - [episode:第1集       ] downloaded:    15, total:  15, progress:100%
2026-07-29 00:09:22 - mkk_pika - database.py:238 - INFO - 数据库更新已下载章节
2026-07-29 00:09:22 - mkk_pika - database.py:244 - INFO - 该漫画已下载章节如下
2026-07-29 00:09:22 - mkk_pika - database.py:245 - INFO - ['第1集']
2026-07-29 00:09:23 - mkk_pika - main.py:348 - INFO - ==================== 漫画信息 ====================
                                   漫画ID：5c38899d529ed24568c7043d
                                   标题：黄发幼女本
                                   作者：遠藤弘土
                                   是否完结：否
                                   总页数：15
                                   分类：全彩,同人,短篇
                                   章节数：1
                                   最后更新时间：2019-01-11T12:18:37.069Z
                                   =================================================
2026-07-29 00:09:23 - mkk_pika - database.py:101 - INFO - 保存成功：黄发幼女本
2026-07-29 00:09:23 - mkk_pika - main.py:35 - INFO - 开始检查NILLDILL(百鬼夜行LV.2)是否存在未下载章节
2026-07-29 00:09:23 - mkk_pika - main.py:45 - INFO - 正在下载:[NILLDILL(百鬼夜行LV.2)]-[百鬼夜行 (Zトン)]-[['短篇', '純愛', '非人類']]-[total_pages:12]
2026-07-29 00:09:23 - mkk_pika - main.py:49 - INFO - [{'_id': '5c3889db62be1445a4a5eb76', 'title': '第1集', 'order': 1, 'updated_at': '2019-01-11T07:38:21.154Z', 'id': '5c3889db62be1445a4a5eb76'}]
2026-07-29 00:09:23 - mkk_pika - database.py:215 - INFO - 第一次下载该漫画，记录数据库中
2026-07-29 00:09:24 - mkk_pika - main.py:83 - INFO - 找到 12 张图片在:第1集
2026-07-29 00:09:25 - mkk_pika - main.py:112 - INFO - [episode:第1集       ] downloaded:    12, total:  12, progress:100%
2026-07-29 00:09:25 - mkk_pika - database.py:238 - INFO - 数据库更新已下载章节
2026-07-29 00:09:25 - mkk_pika - database.py:244 - INFO - 该漫画已下载章节如下
2026-07-29 00:09:25 - mkk_pika - database.py:245 - INFO - ['第1集']
2026-07-29 00:09:26 - mkk_pika - main.py:348 - INFO - ==================== 漫画信息 ====================
                                   漫画ID：5c3889db62be1445a4a5eb75
                                   标题：NILLDILL(百鬼夜行LV.2)
                                   作者：百鬼夜行 (Zトン)
                                   是否完结：是
                                   总页数：12
                                   分类：短篇,純愛,非人類
                                   章节数：1
                                   最后更新时间：2019-01-11T12:19:39.894Z
                                   =================================================
2026-07-29 00:09:26 - mkk_pika - database.py:101 - INFO - 保存成功：NILLDILL(百鬼夜行LV.2)
2026-07-29 00:09:26 - mkk_pika - main.py:35 - INFO - 开始检查時雨と暮らす本 (艦隊これくしょん -艦これ-)是否存在未下载章节
2026-07-29 00:09:27 - mkk_pika - main.py:45 - INFO - 正在下载:[時雨と暮らす本 (艦隊これくしょん -艦これ-)]-[ばんじます (ゴウタ)]-[['短篇', '同人', '純愛', '艦隊收藏']]-[total_pages:38]
2026-07-29 00:09:27 - mkk_pika - main.py:49 - INFO - [{'_id': '5c388a5acebde71f6d8e4275', 'title': '第1集', 'order': 1, 'updated_at': '2019-01-11T06:31:01.077Z', 'id': '5c388a5acebde71f6d8e4275'}]
2026-07-29 00:09:27 - mkk_pika - database.py:215 - INFO - 第一次下载该漫画，记录数据库中
2026-07-29 00:09:27 - mkk_pika - main.py:83 - INFO - 找到 38 张图片在:第1集
2026-07-29 00:09:29 - mkk_pika - main.py:112 - INFO - [episode:第1集       ] downloaded:    38, total:  38, progress:100%
2026-07-29 00:09:29 - mkk_pika - database.py:238 - INFO - 数据库更新已下载章节
2026-07-29 00:09:29 - mkk_pika - database.py:244 - INFO - 该漫画已下载章节如下
2026-07-29 00:09:29 - mkk_pika - database.py:245 - INFO - ['第1集']
2026-07-29 00:09:31 - mkk_pika - main.py:348 - INFO - ==================== 漫画信息 ====================
                                   漫画ID：5c388a5acebde71f6d8e4274
                                   标题：時雨と暮らす本 (艦隊これくしょん -艦これ-)
                                   作者：ばんじます (ゴウタ)
                                   是否完结：是
                                   总页数：38
                                   分类：短篇,同人,純愛,艦隊收藏
                                   章节数：1
                                   最后更新时间：2019-01-11T12:21:46.240Z
                                   =================================================
2026-07-29 00:09:31 - mkk_pika - database.py:101 - INFO - 保存成功：時雨と暮らす本 (艦隊これくしょん -艦これ-)
2026-07-29 00:09:31 - mkk_pika - main.py:35 - INFO - 开始检查 Hypnosis ☆ girlfriend是否存在未下载章节
2026-07-29 00:09:31 - mkk_pika - main.py:45 - INFO - 正在下载:[ Hypnosis ☆ girlfriend]-[Fujitsuna]-[['短篇', '強暴']]-[total_pages:12]
2026-07-29 00:09:31 - mkk_pika - main.py:49 - INFO - [{'_id': '5c388a69529ed24568c7048b', 'title': '第1集', 'order': 1, 'updated_at': '2019-01-11T06:37:41.883Z', 'id': '5c388a69529ed24568c7048b'}]
2026-07-29 00:09:31 - mkk_pika - database.py:215 - INFO - 第一次下载该漫画，记录数据库中
2026-07-29 00:09:32 - mkk_pika - main.py:83 - INFO - 找到 12 张图片在:第1集
2026-07-29 00:09:33 - mkk_pika - main.py:112 - INFO - [episode:第1集       ] downloaded:    12, total:  12, progress:100%
2026-07-29 00:09:33 - mkk_pika - database.py:238 - INFO - 数据库更新已下载章节
2026-07-29 00:09:33 - mkk_pika - database.py:244 - INFO - 该漫画已下载章节如下
2026-07-29 00:09:33 - mkk_pika - database.py:245 - INFO - ['第1集']
2026-07-29 00:09:34 - mkk_pika - main.py:348 - INFO - ==================== 漫画信息 ====================
                                   漫画ID：5c388a69529ed24568c7048a
                                   标题： Hypnosis ☆ girlfriend
                                   作者：Fujitsuna
                                   是否完结：是
                                   总页数：12
                                   分类：短篇,強暴
                                   章节数：1
                                   最后更新时间：2019-01-11T12:22:01.708Z
                                   =================================================
2026-07-29 00:09:34 - mkk_pika - database.py:101 - INFO - 保存成功： Hypnosis ☆ girlfriend
2026-07-29 00:09:34 - mkk_pika - main.py:35 - INFO - 开始检查Picnic是否存在未下载章节
2026-07-29 00:09:34 - mkk_pika - main.py:45 - INFO - 正在下载:[Picnic]-[鳴子ハナハル]-[['短篇', '全彩', '百合花園']]-[total_pages:8]
2026-07-29 00:09:34 - mkk_pika - main.py:49 - INFO - [{'_id': '5c388a77ea8bf973be7b9058', 'title': '第1集', 'order': 1, 'updated_at': '2019-01-11T06:42:00.851Z', 'id': '5c388a77ea8bf973be7b9058'}]
2026-07-29 00:09:34 - mkk_pika - database.py:215 - INFO - 第一次下载该漫画，记录数据库中
2026-07-29 00:09:35 - mkk_pika - main.py:83 - INFO - 找到 8 张图片在:第1集
2026-07-29 00:09:36 - mkk_pika - main.py:112 - INFO - [episode:第1集       ] downloaded:     8, total:   8, progress:100%
2026-07-29 00:09:36 - mkk_pika - database.py:238 - INFO - 数据库更新已下载章节
2026-07-29 00:09:36 - mkk_pika - database.py:244 - INFO - 该漫画已下载章节如下
2026-07-29 00:09:36 - mkk_pika - database.py:245 - INFO - ['第1集']
2026-07-29 00:09:37 - mkk_pika - main.py:348 - INFO - ==================== 漫画信息 ====================
                                   漫画ID：5c388a77ea8bf973be7b9057
                                   标题：Picnic
                                   作者：鳴子ハナハル
                                   是否完结：是
                                   总页数：8
                                   分类：短篇,全彩,百合花園
                                   章节数：1
                                   最后更新时间：2019-01-11T12:22:15.125Z
                                   =================================================
2026-07-29 00:09:37 - mkk_pika - database.py:101 - INFO - 保存成功：Picnic
2026-07-29 00:09:37 - mkk_pika - main.py:35 - INFO - 开始检查美柑監禁陵辱 (To LOVEる -とらぶる-)是否存在未下载章节
2026-07-29 00:09:37 - mkk_pika - main.py:45 - INFO - 正在下载:[美柑監禁陵辱 (To LOVEる -とらぶる-)]-[ふみひろ]-[['全彩', '同人', '短篇', 'SM', '強暴']]-[total_pages:9]
2026-07-29 00:09:37 - mkk_pika - main.py:49 - INFO - [{'_id': '5c388a891edbd91f42577bc8', 'title': '第1集', 'order': 1, 'updated_at': '2019-01-11T06:49:26.374Z', 'id': '5c388a891edbd91f42577bc8'}]
2026-07-29 00:09:37 - mkk_pika - database.py:215 - INFO - 第一次下载该漫画，记录数据库中
2026-07-29 00:09:38 - mkk_pika - main.py:83 - INFO - 找到 9 张图片在:第1集
2026-07-29 00:09:39 - mkk_pika - main.py:112 - INFO - [episode:第1集       ] downloaded:     9, total:   9, progress:100%
2026-07-29 00:09:39 - mkk_pika - database.py:238 - INFO - 数据库更新已下载章节
2026-07-29 00:09:39 - mkk_pika - database.py:244 - INFO - 该漫画已下载章节如下
2026-07-29 00:09:39 - mkk_pika - database.py:245 - INFO - ['第1集']
2026-07-29 00:09:40 - mkk_pika - main.py:348 - INFO - ==================== 漫画信息 ====================
                                   漫画ID：5c388a891edbd91f42577bc7
                                   标题：美柑監禁陵辱 (To LOVEる -とらぶる-)
                                   作者：ふみひろ
                                   是否完结：是
                                   总页数：9
                                   分类：全彩,同人,短篇,SM,強暴
                                   章节数：1
                                   最后更新时间：2019-01-11T12:22:33.409Z
                                   =================================================
2026-07-29 00:09:40 - mkk_pika - database.py:101 - INFO - 保存成功：美柑監禁陵辱 (To LOVEる -とらぶる-)
2026-07-29 00:09:40 - mkk_pika - main.py:35 - INFO - 开始检查紅魔館のご主人様 (東方Project)是否存在未下载章节
2026-07-29 00:09:40 - mkk_pika - main.py:45 - INFO - 正在下载:[紅魔館のご主人様 (東方Project)]-[広十練習帖 (広弥)]-[['同人', '短篇', '純愛', '東方']]-[total_pages:26]
2026-07-29 00:09:40 - mkk_pika - main.py:49 - INFO - [{'_id': '5c388a9b62be1445a4a5eb84', 'title': '第1集', 'order': 1, 'updated_at': '2019-01-11T07:14:20.084Z', 'id': '5c388a9b62be1445a4a5eb84'}]
2026-07-29 00:09:40 - mkk_pika - database.py:215 - INFO - 第一次下载该漫画，记录数据库中
2026-07-29 00:09:41 - mkk_pika - main.py:83 - INFO - 找到 26 张图片在:第1集
2026-07-29 00:09:42 - mkk_pika - main.py:112 - INFO - [episode:第1集       ] downloaded:    26, total:  26, progress:100%
2026-07-29 00:09:42 - mkk_pika - database.py:238 - INFO - 数据库更新已下载章节
2026-07-29 00:09:42 - mkk_pika - database.py:244 - INFO - 该漫画已下载章节如下
2026-07-29 00:09:42 - mkk_pika - database.py:245 - INFO - ['第1集']
2026-07-29 00:09:44 - mkk_pika - main.py:348 - INFO - ==================== 漫画信息 ====================
                                   漫画ID：5c388a9b62be1445a4a5eb83
                                   标题：紅魔館のご主人様 (東方Project)
                                   作者：広十練習帖 (広弥)
                                   是否完结：是
                                   总页数：26
                                   分类：同人,短篇,純愛,東方
                                   章节数：1
                                   最后更新时间：2019-01-11T12:22:51.706Z
                                   =================================================
2026-07-29 00:09:44 - mkk_pika - database.py:101 - INFO - 保存成功：紅魔館のご主人様 (東方Project)
2026-07-29 00:09:44 - mkk_pika - main.py:35 - INFO - 开始检查Smells like zuri spirit(千年戦争アイギス)是否存在未下载章节
2026-07-29 00:09:44 - mkk_pika - main.py:45 - INFO - 正在下载:[Smells like zuri spirit(千年戦争アイギス)]-[LOLICEPT]-[['同人', '短篇', '純愛']]-[total_pages:15]
2026-07-29 00:09:44 - mkk_pika - main.py:49 - INFO - [{'_id': '5c388aba0f8255137646d90b', 'title': '第1集', 'order': 1, 'updated_at': '2019-01-11T07:21:38.521Z', 'id': '5c388aba0f8255137646d90b'}]
2026-07-29 00:09:44 - mkk_pika - database.py:215 - INFO - 第一次下载该漫画，记录数据库中
2026-07-29 00:09:45 - mkk_pika - main.py:83 - INFO - 找到 15 张图片在:第1集
2026-07-29 00:09:46 - mkk_pika - main.py:112 - INFO - [episode:第1集       ] downloaded:    15, total:  15, progress:100%
2026-07-29 00:09:46 - mkk_pika - database.py:238 - INFO - 数据库更新已下载章节
2026-07-29 00:09:46 - mkk_pika - database.py:244 - INFO - 该漫画已下载章节如下
2026-07-29 00:09:46 - mkk_pika - database.py:245 - INFO - ['第1集']
2026-07-29 00:09:47 - mkk_pika - main.py:348 - INFO - ==================== 漫画信息 ====================
                                   漫画ID：5c388aba0f8255137646d90a
                                   标题：Smells like zuri spirit(千年戦争アイギス)
                                   作者：LOLICEPT
                                   是否完结：是
                                   总页数：15
                                   分类：同人,短篇,純愛
                                   章节数：1
                                   最后更新时间：2019-01-11T12:23:22.111Z
                                   =================================================
2026-07-29 00:09:47 - mkk_pika - database.py:101 - INFO - 保存成功：Smells like zuri spirit(千年戦争アイギス)
2026-07-29 00:09:47 - mkk_pika - main.py:35 - INFO - 开始检查愚者の石 第1話是否存在未下载章节
2026-07-29 00:09:47 - mkk_pika - main.py:45 - INFO - 正在下载:[愚者の石 第1話]-[オイスター]-[['短篇', 'SM', '強暴', 'NTR']]-[total_pages:21]
2026-07-29 00:09:47 - mkk_pika - main.py:49 - INFO - [{'_id': '5c388aea37177d137e88a244', 'title': '第1集', 'order': 1, 'updated_at': '2019-01-11T07:31:52.482Z', 'id': '5c388aea37177d137e88a244'}]
2026-07-29 00:09:47 - mkk_pika - database.py:215 - INFO - 第一次下载该漫画，记录数据库中
2026-07-29 00:09:48 - mkk_pika - main.py:83 - INFO - 找到 21 张图片在:第1集
2026-07-29 00:09:49 - mkk_pika - main.py:112 - INFO - [episode:第1集       ] downloaded:    21, total:  21, progress:100%
2026-07-29 00:09:49 - mkk_pika - database.py:238 - INFO - 数据库更新已下载章节
2026-07-29 00:09:49 - mkk_pika - database.py:244 - INFO - 该漫画已下载章节如下
2026-07-29 00:09:49 - mkk_pika - database.py:245 - INFO - ['第1集']
2026-07-29 00:09:51 - mkk_pika - main.py:348 - INFO - ==================== 漫画信息 ====================
                                   漫画ID：5c388aea37177d137e88a243
                                   标题：愚者の石 第1話
                                   作者：オイスター
                                   是否完结：是
                                   总页数：21
                                   分类：短篇,SM,強暴,NTR
                                   章节数：1
                                   最后更新时间：2019-01-11T12:24:10.469Z
                                   =================================================
2026-07-29 00:09:51 - mkk_pika - database.py:101 - INFO - 保存成功：愚者の石 第1話
2026-07-29 00:09:51 - mkk_pika - main.py:35 - INFO - 开始检查妻の妹の旦那が僕の家に来ているようです。是否存在未下载章节
2026-07-29 00:09:51 - mkk_pika - main.py:45 - INFO - 正在下载:[妻の妹の旦那が僕の家に来ているようです。]-[あらくれた者たち (あらくれ)]-[['短篇', '人妻', 'NTR', '強暴']]-[total_pages:22]
2026-07-29 00:09:51 - mkk_pika - main.py:49 - INFO - [{'_id': '5c388af8cebde71f6d8e42a1', 'title': '第1集', 'order': 1, 'updated_at': '2019-01-11T07:34:07.324Z', 'id': '5c388af8cebde71f6d8e42a1'}]
2026-07-29 00:09:51 - mkk_pika - database.py:215 - INFO - 第一次下载该漫画，记录数据库中
2026-07-29 00:09:52 - mkk_pika - main.py:83 - INFO - 找到 22 张图片在:第1集
2026-07-29 00:09:53 - mkk_pika - main.py:112 - INFO - [episode:第1集       ] downloaded:    22, total:  22, progress:100%
2026-07-29 00:09:53 - mkk_pika - database.py:238 - INFO - 数据库更新已下载章节
2026-07-29 00:09:53 - mkk_pika - database.py:244 - INFO - 该漫画已下载章节如下
2026-07-29 00:09:53 - mkk_pika - database.py:245 - INFO - ['第1集']
2026-07-29 00:09:54 - mkk_pika - main.py:348 - INFO - ==================== 漫画信息 ====================
                                   漫画ID：5c388af8cebde71f6d8e42a0
                                   标题：妻の妹の旦那が僕の家に来ているようです。
                                   作者：あらくれた者たち (あらくれ)
                                   是否完结：否
                                   总页数：22
                                   分类：短篇,人妻,NTR,強暴
                                   章节数：1
                                   最后更新时间：2019-01-11T12:24:24.686Z
                                   =================================================
2026-07-29 00:09:54 - mkk_pika - database.py:101 - INFO - 保存成功：妻の妹の旦那が僕の家に来ているようです。
2026-07-29 00:09:54 - mkk_pika - main.py:35 - INFO - 开始检查妹が隣で寝てる (オリジナル)是否存在未下载章节
2026-07-29 00:09:54 - mkk_pika - main.py:45 - INFO - 正在下载:[妹が隣で寝てる (オリジナル)]-[黒澤pict (黒澤ユリ)]-[['短篇', '純愛', '妹妹系']]-[total_pages:29]
2026-07-29 00:09:54 - mkk_pika - main.py:49 - INFO - [{'_id': '5c388b0a1edbd91f42577bd5', 'title': '第1集', 'order': 1, 'updated_at': '2019-01-11T07:39:17.495Z', 'id': '5c388b0a1edbd91f42577bd5'}]
2026-07-29 00:09:54 - mkk_pika - database.py:215 - INFO - 第一次下载该漫画，记录数据库中
2026-07-29 00:09:56 - mkk_pika - main.py:83 - INFO - 找到 29 张图片在:第1集
2026-07-29 00:09:57 - mkk_pika - main.py:112 - INFO - [episode:第1集       ] downloaded:    29, total:  29, progress:100%
2026-07-29 00:09:57 - mkk_pika - database.py:238 - INFO - 数据库更新已下载章节
2026-07-29 00:09:57 - mkk_pika - database.py:244 - INFO - 该漫画已下载章节如下
2026-07-29 00:09:57 - mkk_pika - database.py:245 - INFO - ['第1集']
2026-07-29 00:09:58 - mkk_pika - main.py:348 - INFO - ==================== 漫画信息 ====================
                                   漫画ID：5c388b0a1edbd91f42577bd4
                                   标题：妹が隣で寝てる (オリジナル)
                                   作者：黒澤pict (黒澤ユリ)
                                   是否完结：是
                                   总页数：29
                                   分类：短篇,純愛,妹妹系
                                   章节数：1
                                   最后更新时间：2019-01-11T12:24:42.883Z
                                   =================================================
2026-07-29 00:09:58 - mkk_pika - database.py:101 - INFO - 保存成功：妹が隣で寝てる (オリジナル)
2026-07-29 00:09:58 - mkk_pika - main.py:35 - INFO - 开始检查セクシャル吸ぴっど（在城市中寻求精液的淫魔）是否存在未下载章节
2026-07-29 00:09:59 - mkk_pika - main.py:45 - INFO - 正在下载:[セクシャル吸ぴっど（在城市中寻求精液的淫魔）]-[れぐでく]-[['短篇', '後宮閃光', '非人類']]-[total_pages:22]
2026-07-29 00:09:59 - mkk_pika - main.py:49 - INFO - [{'_id': '5c388b1762be1445a4a5eba2', 'title': '第1集', 'order': 1, 'updated_at': '2019-01-11T07:58:46.340Z', 'id': '5c388b1762be1445a4a5eba2'}]
2026-07-29 00:09:59 - mkk_pika - database.py:215 - INFO - 第一次下载该漫画，记录数据库中
2026-07-29 00:09:59 - mkk_pika - main.py:83 - INFO - 找到 22 张图片在:第1集
2026-07-29 00:10:01 - mkk_pika - main.py:112 - INFO - [episode:第1集       ] downloaded:    22, total:  22, progress:100%
2026-07-29 00:10:01 - mkk_pika - database.py:238 - INFO - 数据库更新已下载章节
2026-07-29 00:10:01 - mkk_pika - database.py:244 - INFO - 该漫画已下载章节如下
2026-07-29 00:10:01 - mkk_pika - database.py:245 - INFO - ['第1集']
2026-07-29 00:10:02 - mkk_pika - main.py:348 - INFO - ==================== 漫画信息 ====================
                                   漫画ID：5c388b1762be1445a4a5eba1
                                   标题：セクシャル吸ぴっど（在城市中寻求精液的淫魔）
                                   作者：れぐでく
                                   是否完结：是
                                   总页数：22
                                   分类：短篇,後宮閃光,非人類
                                   章节数：1
                                   最后更新时间：2019-01-11T12:24:55.833Z
                                   =================================================
2026-07-29 00:10:02 - mkk_pika - database.py:101 - INFO - 保存成功：セクシャル吸ぴっど（在城市中寻求精液的淫魔）
2026-07-29 00:10:02 - mkk_pika - main.py:35 - INFO - 开始检查となりの千夏ちゃんR 04是否存在未下载章节
2026-07-29 00:10:03 - mkk_pika - main.py:45 - INFO - 正在下载:[となりの千夏ちゃんR 04]-[蔵鴨(月ノ輪ガモ)]-[['短篇', '妹妹系', '純愛']]-[total_pages:27]
2026-07-29 00:10:03 - mkk_pika - main.py:49 - INFO - [{'_id': '5c388b2aea8bf973be7b907a', 'title': '第1集', 'order': 1, 'updated_at': '2020-11-09T16:14:22.543Z', 'id': '5c388b2aea8bf973be7b907a'}]
2026-07-29 00:10:03 - mkk_pika - database.py:215 - INFO - 第一次下载该漫画，记录数据库中
2026-07-29 00:10:03 - mkk_pika - main.py:83 - INFO - 找到 26 张图片在:第1集
2026-07-29 00:10:05 - mkk_pika - main.py:112 - INFO - [episode:第1集       ] downloaded:    26, total:  26, progress:100%
2026-07-29 00:10:05 - mkk_pika - database.py:238 - INFO - 数据库更新已下载章节
2026-07-29 00:10:05 - mkk_pika - database.py:244 - INFO - 该漫画已下载章节如下
2026-07-29 00:10:05 - mkk_pika - database.py:245 - INFO - ['第1集']
2026-07-29 00:10:06 - mkk_pika - main.py:348 - INFO - ==================== 漫画信息 ====================
                                   漫画ID：5c388b2aea8bf973be7b9079
                                   标题：となりの千夏ちゃんR 04
                                   作者：蔵鴨(月ノ輪ガモ)
                                   是否完结：是
                                   总页数：27
                                   分类：短篇,妹妹系,純愛
                                   章节数：1
                                   最后更新时间：2019-01-11T12:25:14.045Z
                                   =================================================
2026-07-29 00:10:06 - mkk_pika - database.py:101 - INFO - 保存成功：となりの千夏ちゃんR 04
2026-07-29 00:10:06 - mkk_pika - main.py:35 - INFO - 开始检查（C95）小悪魔せつこの秘密 vol.4是否存在未下载章节
2026-07-29 00:10:06 - mkk_pika - main.py:45 - INFO - 正在下载:[（C95）小悪魔せつこの秘密 vol.4]-[ちょこれーとらんど (kakao)]-[['短篇', '純愛', '後宮閃光']]-[total_pages:28]
2026-07-29 00:10:06 - mkk_pika - main.py:49 - INFO - [{'_id': '5c388b4237177d137e88a25d', 'title': '第1集', 'order': 1, 'updated_at': '2019-01-11T08:47:06.649Z', 'id': '5c388b4237177d137e88a25d'}]
2026-07-29 00:10:06 - mkk_pika - database.py:215 - INFO - 第一次下载该漫画，记录数据库中
2026-07-29 00:10:07 - mkk_pika - main.py:83 - INFO - 找到 28 张图片在:第1集
2026-07-29 00:10:09 - mkk_pika - main.py:112 - INFO - [episode:第1集       ] downloaded:    28, total:  28, progress:100%
2026-07-29 00:10:09 - mkk_pika - database.py:238 - INFO - 数据库更新已下载章节
2026-07-29 00:10:09 - mkk_pika - database.py:244 - INFO - 该漫画已下载章节如下
2026-07-29 00:10:09 - mkk_pika - database.py:245 - INFO - ['第1集']
2026-07-29 00:10:10 - mkk_pika - main.py:348 - INFO - ==================== 漫画信息 ====================
                                   漫画ID：5c388b4237177d137e88a25c
                                   标题：（C95）小悪魔せつこの秘密 vol.4
                                   作者：ちょこれーとらんど (kakao)
                                   是否完结：是
                                   总页数：28
                                   分类：短篇,純愛,後宮閃光
                                   章节数：1
                                   最后更新时间：2019-01-11T12:25:38.290Z
                                   =================================================
2026-07-29 00:10:10 - mkk_pika - database.py:101 - INFO - 保存成功：（C95）小悪魔せつこの秘密 vol.4
2026-07-29 00:10:10 - mkk_pika - main.py:35 - INFO - 开始检查D.D.Kingdom6 (Dog Days)是否存在未下载章节
2026-07-29 00:10:11 - mkk_pika - main.py:45 - INFO - 正在下载:[D.D.Kingdom6 (Dog Days)]-[hlz (鎖ノム)]-[['短篇', '同人', '純愛', '非人類']]-[total_pages:18]
2026-07-29 00:10:11 - mkk_pika - main.py:49 - INFO - [{'_id': '5c388b5d62be1445a4a5ebbc', 'title': '第1集', 'order': 1, 'updated_at': '2019-01-11T09:37:29.283Z', 'id': '5c388b5d62be1445a4a5ebbc'}]
2026-07-29 00:10:11 - mkk_pika - database.py:215 - INFO - 第一次下载该漫画，记录数据库中
2026-07-29 00:10:11 - mkk_pika - main.py:83 - INFO - 找到 18 张图片在:第1集
2026-07-29 00:10:12 - mkk_pika - main.py:112 - INFO - [episode:第1集       ] downloaded:    18, total:  18, progress:100%
2026-07-29 00:10:12 - mkk_pika - database.py:238 - INFO - 数据库更新已下载章节
2026-07-29 00:10:12 - mkk_pika - database.py:244 - INFO - 该漫画已下载章节如下
2026-07-29 00:10:12 - mkk_pika - database.py:245 - INFO - ['第1集']
2026-07-29 00:10:14 - mkk_pika - main.py:348 - INFO - ==================== 漫画信息 ====================
                                   漫画ID：5c388b5d62be1445a4a5ebbb
                                   标题：D.D.Kingdom6 (Dog Days)
                                   作者：hlz (鎖ノム)
                                   是否完结：是
                                   总页数：18
                                   分类：短篇,同人,純愛,非人類
                                   章节数：1
                                   最后更新时间：2019-01-11T12:26:05.647Z
                                   =================================================
2026-07-29 00:10:14 - mkk_pika - database.py:101 - INFO - 保存成功：D.D.Kingdom6 (Dog Days)
2026-07-29 00:10:14 - mkk_pika - main.py:35 - INFO - 开始检查発情!猫姫調教戦!? (DOG DAYS)是否存在未下载章节
2026-07-29 00:10:14 - mkk_pika - main.py:45 - INFO - 正在下载:[発情!猫姫調教戦!? (DOG DAYS)]-[うらろじ (海田路)]-[['短篇', '同人', '非人類', '純愛', 'SM']]-[total_pages:26]
2026-07-29 00:10:14 - mkk_pika - main.py:49 - INFO - [{'_id': '5c38bb3435f3f51f7c3f46f2', 'title': '第1集', 'order': 1, 'updated_at': '2019-01-11T12:30:29.511Z', 'id': '5c38bb3435f3f51f7c3f46f2'}]
2026-07-29 00:10:14 - mkk_pika - database.py:215 - INFO - 第一次下载该漫画，记录数据库中
2026-07-29 00:10:15 - mkk_pika - main.py:83 - INFO - 找到 26 张图片在:第1集
2026-07-29 00:10:16 - mkk_pika - main.py:112 - INFO - [episode:第1集       ] downloaded:    26, total:  26, progress:100%
2026-07-29 00:10:16 - mkk_pika - database.py:238 - INFO - 数据库更新已下载章节
2026-07-29 00:10:16 - mkk_pika - database.py:244 - INFO - 该漫画已下载章节如下
2026-07-29 00:10:16 - mkk_pika - database.py:245 - INFO - ['第1集']
2026-07-29 00:10:17 - mkk_pika - main.py:348 - INFO - ==================== 漫画信息 ====================
                                   漫画ID：5c38bb3435f3f51f7c3f46f1
                                   标题：発情!猫姫調教戦!? (DOG DAYS)
                                   作者：うらろじ (海田路)
                                   是否完结：是
                                   总页数：26
                                   分类：短篇,同人,非人類,純愛,SM
                                   章节数：1
                                   最后更新时间：2019-01-11T15:50:12.146Z
                                   =================================================
2026-07-29 00:10:17 - mkk_pika - database.py:101 - INFO - 保存成功：発情!猫姫調教戦!? (DOG DAYS)
2026-07-29 00:10:17 - mkk_pika - main.py:35 - INFO - 开始检查 たまものえっち本是否存在未下载章节
2026-07-29 00:10:18 - mkk_pika - main.py:45 - INFO - 正在下载:[ たまものえっち本]-[青ノ音 (ざらし)]-[['同人', '短篇', 'Fate']]-[total_pages:24]
2026-07-29 00:10:18 - mkk_pika - main.py:49 - INFO - [{'_id': '5c38bbb038c0f873bf87ce9e', 'title': '第1集', 'order': 1, 'updated_at': '2019-01-11T14:19:32.425Z', 'id': '5c38bbb038c0f873bf87ce9e'}]
2026-07-29 00:10:18 - mkk_pika - database.py:215 - INFO - 第一次下载该漫画，记录数据库中
2026-07-29 00:10:18 - mkk_pika - main.py:83 - INFO - 找到 24 张图片在:第1集
2026-07-29 00:10:20 - mkk_pika - main.py:112 - INFO - [episode:第1集       ] downloaded:    24, total:  24, progress:100%
2026-07-29 00:10:20 - mkk_pika - database.py:238 - INFO - 数据库更新已下载章节
2026-07-29 00:10:20 - mkk_pika - database.py:244 - INFO - 该漫画已下载章节如下
2026-07-29 00:10:20 - mkk_pika - database.py:245 - INFO - ['第1集']
2026-07-29 00:10:21 - mkk_pika - main.py:348 - INFO - ==================== 漫画信息 ====================
                                   漫画ID：5c38bbb038c0f873bf87ce9d
                                   标题： たまものえっち本
                                   作者：青ノ音 (ざらし)
                                   是否完结：否
                                   总页数：24
                                   分类：同人,短篇,Fate
                                   章节数：1
                                   最后更新时间：2019-01-11T15:52:16.283Z
                                   =================================================
2026-07-29 00:10:21 - mkk_pika - database.py:101 - INFO - 保存成功： たまものえっち本
2026-07-29 00:10:21 - mkk_pika - main.py:35 - INFO - 开始检查三笠大先輩とえろいことする本是否存在未下载章节
2026-07-29 00:10:21 - mkk_pika - main.py:45 - INFO - 正在下载:[三笠大先輩とえろいことする本]-[Pixel Works (horosuke)]-[['全彩', '同人', '短篇']]-[total_pages:15]
2026-07-29 00:10:21 - mkk_pika - main.py:49 - INFO - [{'_id': '5c38bc03529ed24568c705bb', 'title': '第1集', 'order': 1, 'updated_at': '2019-01-11T14:51:17.537Z', 'id': '5c38bc03529ed24568c705bb'}]
2026-07-29 00:10:21 - mkk_pika - database.py:215 - INFO - 第一次下载该漫画，记录数据库中
2026-07-29 00:10:22 - mkk_pika - main.py:83 - INFO - 找到 15 张图片在:第1集
2026-07-29 00:10:23 - mkk_pika - main.py:112 - INFO - [episode:第1集       ] downloaded:    15, total:  15, progress:100%
2026-07-29 00:10:23 - mkk_pika - database.py:238 - INFO - 数据库更新已下载章节
2026-07-29 00:10:23 - mkk_pika - database.py:244 - INFO - 该漫画已下载章节如下
2026-07-29 00:10:23 - mkk_pika - database.py:245 - INFO - ['第1集']
2026-07-29 00:10:24 - mkk_pika - main.py:348 - INFO - ==================== 漫画信息 ====================
                                   漫画ID：5c38bc03529ed24568c705ba
                                   标题：三笠大先輩とえろいことする本
                                   作者：Pixel Works (horosuke)
                                   是否完结：否
                                   总页数：15
                                   分类：全彩,同人,短篇
                                   章节数：1
                                   最后更新时间：2019-01-11T15:53:39.404Z
                                   =================================================
2026-07-29 00:10:24 - mkk_pika - database.py:101 - INFO - 保存成功：三笠大先輩とえろいことする本
2026-07-29 00:10:24 - mkk_pika - main.py:380 - INFO - 本次任务下载完毕
2026-07-29 00:10:24 - mkk_pika - database.py:173 - INFO - 数据库连接已关闭
