2026-09-08 01:07:23 - mkk_pika - main.py:193 - INFO - =======================================================================
2026-09-08 01:07:23 - mkk_pika - database.py:61 - INFO - 表和索引初始化成功
2026-09-08 01:07:23 - mkk_pika - main.py:197 - INFO - 已经累计下载20150本漫画
2026-09-08 01:07:23 - mkk_pika - api.py:87 - INFO - 登录成功
2026-09-08 01:07:24 - mkk_pika - main.py:203 - INFO - 收藏夹共计0本漫画
2026-09-08 01:07:24 - mkk_pika - main.py:206 - INFO - 开始下载收藏夹内未下载内容
2026-09-08 01:07:24 - mkk_pika - main.py:266 - INFO - 收藏夹内容下载完毕
2026-09-08 01:07:24 - mkk_pika - main.py:268 - INFO - 开始下载订阅内容
2026-09-08 01:07:24 - mkk_pika - database.py:258 - INFO - 根据ID查询到标题：萝莉 -> ロリババお義母さんは押しに弱い11 | 萝莉老太婆义母小姐十分易推倒
2026-09-08 01:07:25 - mkk_pika - database.py:101 - INFO - 保存成功：ロリババお義母さんは押しに弱い11 | 萝莉老太婆义母小姐十分易推倒
2026-09-08 01:07:25 - mkk_pika - main.py:273 - INFO - 关键词萝莉找到1本漫画
2026-09-08 01:07:25 - mkk_pika - database.py:258 - INFO - 根据ID查询到标题：蘿莉 -> ネコミミ柔軟お嬢様のセルフフィスト脱肛オナニー
2026-09-08 01:07:25 - mkk_pika - database.py:101 - INFO - 保存成功：夏の初めてスキにシて!
2026-09-08 01:07:25 - mkk_pika - main.py:273 - INFO - 关键词蘿莉找到4本漫画
2026-09-08 01:07:25 - mkk_pika - main.py:275 - INFO - 订阅内容共计5本漫画
2026-09-08 01:07:25 - mkk_pika - main.py:35 - INFO - 开始检查海ちゃんと夏休み 気づいたら俺の家が無防備汗だく○リっ子の休憩スポットになっていた話 | 海妹妹和暑假关于一不小心我家里多了一个汗津津的无防备小萝莉在休息这件事是否存在未下载章节
2026-09-08 01:07:26 - mkk_pika - database.py:203 - INFO - 查询数据库中是否已存在第1話
2026-09-08 01:07:26 - mkk_pika - main.py:51 - INFO - 海ちゃんと夏休み 気づいたら俺の家が無防備汗だく○リっ子の休憩スポットになっていた話 | 海妹妹和暑假关于一不小心我家里多了一个汗津津的无防备小萝莉在休息这件事中没有可下载章节
2026-09-08 01:07:26 - mkk_pika - main.py:292 - INFO - ==================== 漫画信息 ====================
                                漫画ID：6a9dab3808eee634cc4d7f42
                                标题：海ちゃんと夏休み 気づいたら俺の家が無防備汗だく○リっ子の休憩スポットになっていた話 | 海妹妹和暑假关于一不小心我家里多了一个汗津津的无防备小萝莉在休息这件事
                                作者：ラインアウト (こまり)
                                是否完结：是
                                总页数：45
                                分类：短篇
                                章节数：1
                                最后更新时间：2026-09-06T18:04:40.006Z
                                =================================================
2026-09-08 01:07:26 - mkk_pika - database.py:101 - INFO - 保存成功：海ちゃんと夏休み 気づいたら俺の家が無防備汗だく○リっ子の休憩スポットになっていた話 | 海妹妹和暑假关于一不小心我家里多了一个汗津津的无防备小萝莉在休息这件事
2026-09-08 01:07:26 - mkk_pika - main.py:35 - INFO - 开始检查睡眠薬と野獣先生是否存在未下载章节
2026-09-08 01:07:26 - mkk_pika - main.py:45 - INFO - 正在下载:[睡眠薬と野獣先生]-[鳥籠事務所 (鶫亜門)]-[['短篇', '同人']]-[total_pages:-1]
2026-09-08 01:07:26 - mkk_pika - main.py:49 - INFO - [{'_id': '6a9eda86291fbe3129617d76', 'title': '第1話', 'order': 1, 'updated_at': '2026-09-07T13:08:50.843Z', 'id': '6a9eda86291fbe3129617d76'}]
2026-09-08 01:07:26 - mkk_pika - database.py:215 - INFO - 第一次下载该漫画，记录数据库中
2026-09-08 01:07:27 - mkk_pika - main.py:83 - INFO - 找到 26 张图片在:第1話
2026-09-08 01:07:30 - mkk_pika - main.py:112 - INFO - [episode:第1話       ] downloaded:    26, total:  26, progress:100%
2026-09-08 01:07:30 - mkk_pika - database.py:238 - INFO - 数据库更新已下载章节
2026-09-08 01:07:30 - mkk_pika - database.py:244 - INFO - 该漫画已下载章节如下
2026-09-08 01:07:30 - mkk_pika - database.py:245 - INFO - ['第1話']
2026-09-08 01:07:31 - mkk_pika - main.py:292 - INFO - ==================== 漫画信息 ====================
                                漫画ID：6a9eda86291fbe3129617d75
                                标题：睡眠薬と野獣先生
                                作者：鳥籠事務所 (鶫亜門)
                                是否完结：否
                                总页数：26
                                分类：短篇,同人
                                章节数：1
                                最后更新时间：2026-09-07T15:38:46.406Z
                                =================================================
2026-09-08 01:07:31 - mkk_pika - database.py:101 - INFO - 保存成功：睡眠薬と野獣先生
2026-09-08 01:07:31 - mkk_pika - main.py:35 - INFO - 开始检查海ちゃんと夏休み 気づいたら俺の家が無防備汗だく○リっ子の休憩スポットになっていた話 | 海妹妹和暑假关于一不小心我家里多了一个汗津津的无防备小萝莉在休息这件事是否存在未下载章节
2026-09-08 01:07:32 - mkk_pika - database.py:203 - INFO - 查询数据库中是否已存在第1話
2026-09-08 01:07:32 - mkk_pika - main.py:51 - INFO - 海ちゃんと夏休み 気づいたら俺の家が無防備汗だく○リっ子の休憩スポットになっていた話 | 海妹妹和暑假关于一不小心我家里多了一个汗津津的无防备小萝莉在休息这件事中没有可下载章节
2026-09-08 01:07:32 - mkk_pika - main.py:292 - INFO - ==================== 漫画信息 ====================
                                漫画ID：6a9dab3808eee634cc4d7f42
                                标题：海ちゃんと夏休み 気づいたら俺の家が無防備汗だく○リっ子の休憩スポットになっていた話 | 海妹妹和暑假关于一不小心我家里多了一个汗津津的无防备小萝莉在休息这件事
                                作者：ラインアウト (こまり)
                                是否完结：是
                                总页数：45
                                分类：短篇
                                章节数：1
                                最后更新时间：2026-09-06T18:04:40.006Z
                                =================================================
2026-09-08 01:07:32 - mkk_pika - database.py:101 - INFO - 保存成功：海ちゃんと夏休み 気づいたら俺の家が無防備汗だく○リっ子の休憩スポットになっていた話 | 海妹妹和暑假关于一不小心我家里多了一个汗津津的无防备小萝莉在休息这件事
2026-09-08 01:07:32 - mkk_pika - main.py:35 - INFO - 开始检查白露吃白虎（崩壞：星穹鐵道）[无修正]是否存在未下载章节
2026-09-08 01:07:32 - mkk_pika - main.py:45 - INFO - 正在下载:[白露吃白虎（崩壞：星穹鐵道）[无修正]]-[鹿铃]-[['全彩', '短篇', '同人', '百合花園']]-[total_pages:-1]
2026-09-08 01:07:32 - mkk_pika - main.py:49 - INFO - [{'_id': '6a9ed8e846d85e68506523e9', 'title': '全彩熟肉', 'order': 1, 'updated_at': '2026-09-07T08:28:20.276Z', 'id': '6a9ed8e846d85e68506523e9'}]
2026-09-08 01:07:32 - mkk_pika - database.py:215 - INFO - 第一次下载该漫画，记录数据库中
2026-09-08 01:07:33 - mkk_pika - main.py:83 - INFO - 找到 34 张图片在:全彩熟肉
2026-09-08 01:07:36 - mkk_pika - main.py:112 - INFO - [episode:全彩熟肉      ] downloaded:    34, total:  34, progress:100%
2026-09-08 01:07:36 - mkk_pika - database.py:238 - INFO - 数据库更新已下载章节
2026-09-08 01:07:36 - mkk_pika - database.py:244 - INFO - 该漫画已下载章节如下
2026-09-08 01:07:36 - mkk_pika - database.py:245 - INFO - ['全彩熟肉']
2026-09-08 01:07:38 - mkk_pika - main.py:292 - INFO - ==================== 漫画信息 ====================
                                漫画ID：6a9ed8e846d85e68506523e8
                                标题：白露吃白虎（崩壞：星穹鐵道）[无修正]
                                作者：鹿铃
                                是否完结：是
                                总页数：34
                                分类：全彩,短篇,同人,百合花園
                                章节数：1
                                最后更新时间：2026-09-07T15:31:52.817Z
                                =================================================
2026-09-08 01:07:38 - mkk_pika - database.py:101 - INFO - 保存成功：白露吃白虎（崩壞：星穹鐵道）[无修正]
2026-09-08 01:07:38 - mkk_pika - main.py:35 - INFO - 开始检查僕とガサツな汚姉の性欲処理生活 1＋2 〜お姉ちゃんの初体験!?♡編〜是否存在未下载章节
2026-09-08 01:07:38 - mkk_pika - main.py:45 - INFO - 正在下载:[僕とガサツな汚姉の性欲処理生活 1＋2 〜お姉ちゃんの初体験!?♡編〜]-[じゃじゅじょ (じょぶじゅん。)]-[['長篇', '姐姐系']]-[total_pages:-1]
2026-09-08 01:07:38 - mkk_pika - main.py:49 - INFO - [{'_id': '6a9ed88146d85e685065214f', 'title': '第1話', 'order': 1, 'updated_at': '2026-09-07T07:36:33.546Z', 'id': '6a9ed88146d85e685065214f'}]
2026-09-08 01:07:38 - mkk_pika - database.py:215 - INFO - 第一次下载该漫画，记录数据库中
2026-09-08 01:07:39 - mkk_pika - main.py:83 - INFO - 找到 85 张图片在:第1話
2026-09-08 01:07:44 - mkk_pika - main.py:112 - INFO - [episode:第1話       ] downloaded:    85, total:  85, progress:100%
2026-09-08 01:07:44 - mkk_pika - database.py:238 - INFO - 数据库更新已下载章节
2026-09-08 01:07:44 - mkk_pika - database.py:244 - INFO - 该漫画已下载章节如下
2026-09-08 01:07:44 - mkk_pika - database.py:245 - INFO - ['第1話']
2026-09-08 01:07:45 - mkk_pika - main.py:292 - INFO - ==================== 漫画信息 ====================
                                漫画ID：6a9ed88146d85e685065214e
                                标题：僕とガサツな汚姉の性欲処理生活 1＋2 〜お姉ちゃんの初体験!?♡編〜
                                作者：じゃじゅじょ (じょぶじゅん。)
                                是否完结：是
                                总页数：85
                                分类：長篇,姐姐系
                                章节数：1
                                最后更新时间：2026-09-07T15:30:09.842Z
                                =================================================
2026-09-08 01:07:45 - mkk_pika - database.py:101 - INFO - 保存成功：僕とガサツな汚姉の性欲処理生活 1＋2 〜お姉ちゃんの初体験!?♡編〜
2026-09-08 01:07:45 - mkk_pika - main.py:323 - INFO - 订阅内容内容下载完毕
2026-09-08 01:07:45 - mkk_pika - main.py:324 - INFO - 开始分批下载全部章节
2026-09-08 01:07:45 - mkk_pika - database.py:280 - INFO - 表和索引初始化成功
2026-09-08 01:07:46 - mkk_pika - main.py:177 - INFO - 已经下载了1543页，一共7128页，现在开始添加第1544页
2026-09-08 01:07:46 - mkk_pika - database.py:318 - INFO - 保存成功
2026-09-08 01:07:47 - mkk_pika - main.py:177 - INFO - 已经下载了1544页，一共7128页，现在开始添加第1545页
2026-09-08 01:07:47 - mkk_pika - database.py:318 - INFO - 保存成功
2026-09-08 01:07:48 - mkk_pika - main.py:177 - INFO - 已经下载了1545页，一共7128页，现在开始添加第1546页
2026-09-08 01:07:48 - mkk_pika - database.py:318 - INFO - 保存成功
2026-09-08 01:07:48 - mkk_pika - main.py:177 - INFO - 已经下载了1546页，一共7128页，现在开始添加第1547页
2026-09-08 01:07:49 - mkk_pika - database.py:318 - INFO - 保存成功
2026-09-08 01:07:49 - mkk_pika - main.py:177 - INFO - 已经下载了1547页，一共7128页，现在开始添加第1548页
2026-09-08 01:07:50 - mkk_pika - database.py:318 - INFO - 保存成功
2026-09-08 01:07:50 - mkk_pika - main.py:331 - INFO - 分批下载共计47本漫画
2026-09-08 01:07:50 - mkk_pika - main.py:35 - INFO - 开始检查(C95) Iカップ裏垢素人配信者コスプレ生配信 ～業者(プロ)じゃヌけないんだよなぁ…是否存在未下载章节
2026-09-08 01:07:50 - mkk_pika - main.py:45 - INFO - 正在下载:[(C95) Iカップ裏垢素人配信者コスプレ生配信 ～業者(プロ)じゃヌけないんだよなぁ…]-[SSB (まりりん)]-[['同人', '短篇', 'Fate']]-[total_pages:28]
2026-09-08 01:07:50 - mkk_pika - main.py:49 - INFO - [{'_id': '5c9b93b12ced19249ae2782c', 'title': '第1集', 'order': 1, 'updated_at': '2019-03-27T03:39:31.320Z', 'id': '5c9b93b12ced19249ae2782c'}]
2026-09-08 01:07:50 - mkk_pika - database.py:215 - INFO - 第一次下载该漫画，记录数据库中
2026-09-08 01:07:51 - mkk_pika - main.py:83 - INFO - 找到 28 张图片在:第1集
2026-09-08 01:07:52 - mkk_pika - main.py:112 - INFO - [episode:第1集       ] downloaded:    28, total:  28, progress:100%
2026-09-08 01:07:52 - mkk_pika - database.py:238 - INFO - 数据库更新已下载章节
2026-09-08 01:07:52 - mkk_pika - database.py:244 - INFO - 该漫画已下载章节如下
2026-09-08 01:07:52 - mkk_pika - database.py:245 - INFO - ['第1集']
2026-09-08 01:07:54 - mkk_pika - main.py:348 - INFO - ==================== 漫画信息 ====================
                                   漫画ID：5c9b93b12ced19249ae2782b
                                   标题：(C95) Iカップ裏垢素人配信者コスプレ生配信 ～業者(プロ)じゃヌけないんだよなぁ…
                                   作者：SSB (まりりん)
                                   是否完结：是
                                   总页数：28
                                   分类：同人,短篇,Fate
                                   章节数：1
                                   最后更新时间：2019-03-27T15:16:01.924Z
                                   =================================================
2026-09-08 01:07:54 - mkk_pika - database.py:101 - INFO - 保存成功：(C95) Iカップ裏垢素人配信者コスプレ生配信 ～業者(プロ)じゃヌけないんだよなぁ…
2026-09-08 01:07:54 - mkk_pika - main.py:35 - INFO - 开始检查(例大祭9) するだけ参。 (東方Project) [中国翻訳]是否存在未下载章节
2026-09-08 01:07:54 - mkk_pika - main.py:45 - INFO - 正在下载:[(例大祭9) するだけ参。 (東方Project) [中国翻訳]]-[川豚毒 (加藤フグオ)]-[['短篇', '同人', '非人類', '東方']]-[total_pages:30]
2026-09-08 01:07:54 - mkk_pika - main.py:49 - INFO - [{'_id': '5c9b9400f75c83249b65a698', 'title': '第1集', 'order': 1, 'updated_at': '2019-03-27T04:39:39.089Z', 'id': '5c9b9400f75c83249b65a698'}]
2026-09-08 01:07:54 - mkk_pika - database.py:215 - INFO - 第一次下载该漫画，记录数据库中
2026-09-08 01:07:55 - mkk_pika - main.py:83 - INFO - 找到 30 张图片在:第1集
2026-09-08 01:07:56 - mkk_pika - main.py:112 - INFO - [episode:第1集       ] downloaded:    30, total:  30, progress:100%
2026-09-08 01:07:56 - mkk_pika - database.py:238 - INFO - 数据库更新已下载章节
2026-09-08 01:07:56 - mkk_pika - database.py:244 - INFO - 该漫画已下载章节如下
2026-09-08 01:07:56 - mkk_pika - database.py:245 - INFO - ['第1集']
2026-09-08 01:07:58 - mkk_pika - main.py:348 - INFO - ==================== 漫画信息 ====================
                                   漫画ID：5c9b9400f75c83249b65a697
                                   标题：(例大祭9) するだけ参。 (東方Project) [中国翻訳]
                                   作者：川豚毒 (加藤フグオ)
                                   是否完结：是
                                   总页数：30
                                   分类：短篇,同人,非人類,東方
                                   章节数：1
                                   最后更新时间：2019-03-27T15:17:20.695Z
                                   =================================================
2026-09-08 01:07:58 - mkk_pika - database.py:101 - INFO - 保存成功：(例大祭9) するだけ参。 (東方Project) [中国翻訳]
2026-09-08 01:07:58 - mkk_pika - main.py:35 - INFO - 开始检查年上お姉さんドー ルの秘密情事(少女前線)是否存在未下载章节
2026-09-08 01:07:58 - mkk_pika - main.py:45 - INFO - 正在下载:[年上お姉さんドー ルの秘密情事(少女前線)]-[不紳士作戰部 (ZEN, 猫國王)]-[['短篇', '同人', '後宮閃光']]-[total_pages:41]
2026-09-08 01:07:58 - mkk_pika - main.py:49 - INFO - [{'_id': '5c9b9422954320470bfaad42', 'title': '第1集', 'order': 1, 'updated_at': '2019-03-27T06:10:37.466Z', 'id': '5c9b9422954320470bfaad42'}]
2026-09-08 01:07:58 - mkk_pika - database.py:215 - INFO - 第一次下载该漫画，记录数据库中
2026-09-08 01:07:59 - mkk_pika - main.py:83 - INFO - 找到 41 张图片在:第1集
2026-09-08 01:08:01 - mkk_pika - main.py:112 - INFO - [episode:第1集       ] downloaded:    41, total:  41, progress:100%
2026-09-08 01:08:01 - mkk_pika - database.py:238 - INFO - 数据库更新已下载章节
2026-09-08 01:08:01 - mkk_pika - database.py:244 - INFO - 该漫画已下载章节如下
2026-09-08 01:08:01 - mkk_pika - database.py:245 - INFO - ['第1集']
2026-09-08 01:08:03 - mkk_pika - main.py:348 - INFO - ==================== 漫画信息 ====================
                                   漫画ID：5c9b9422954320470bfaad41
                                   标题：年上お姉さんドー ルの秘密情事(少女前線)
                                   作者：不紳士作戰部 (ZEN, 猫國王)
                                   是否完结：是
                                   总页数：41
                                   分类：短篇,同人,後宮閃光
                                   章节数：1
                                   最后更新时间：2019-03-27T15:17:54.170Z
                                   =================================================
2026-09-08 01:08:03 - mkk_pika - database.py:101 - INFO - 保存成功：年上お姉さんドー ルの秘密情事(少女前線)
2026-09-08 01:08:03 - mkk_pika - main.py:35 - INFO - 开始检查 ジュニアアイドルだってえっちできるんだよ是否存在未下载章节
2026-09-08 01:08:03 - mkk_pika - main.py:45 - INFO - 正在下载:[ ジュニアアイドルだってえっちできるんだよ]-[milkberry (如月みゆ)]-[['短篇']]-[total_pages:25]
2026-09-08 01:08:03 - mkk_pika - main.py:49 - INFO - [{'_id': '5c9b943b2ced19249ae2784d', 'title': '第1集', 'order': 1, 'updated_at': '2019-03-27T06:17:04.277Z', 'id': '5c9b943b2ced19249ae2784d'}]
2026-09-08 01:08:03 - mkk_pika - database.py:215 - INFO - 第一次下载该漫画，记录数据库中
2026-09-08 01:08:04 - mkk_pika - main.py:83 - INFO - 找到 25 张图片在:第1集
2026-09-08 01:08:05 - mkk_pika - main.py:112 - INFO - [episode:第1集       ] downloaded:    25, total:  25, progress:100%
2026-09-08 01:08:05 - mkk_pika - database.py:238 - INFO - 数据库更新已下载章节
2026-09-08 01:08:05 - mkk_pika - database.py:244 - INFO - 该漫画已下载章节如下
2026-09-08 01:08:05 - mkk_pika - database.py:245 - INFO - ['第1集']
2026-09-08 01:08:06 - mkk_pika - main.py:348 - INFO - ==================== 漫画信息 ====================
                                   漫画ID：5c9b943b2ced19249ae2784c
                                   标题： ジュニアアイドルだってえっちできるんだよ
                                   作者：milkberry (如月みゆ)
                                   是否完结：是
                                   总页数：25
                                   分类：短篇
                                   章节数：1
                                   最后更新时间：2019-03-27T15:18:19.910Z
                                   =================================================
2026-09-08 01:08:06 - mkk_pika - database.py:101 - INFO - 保存成功： ジュニアアイドルだってえっちできるんだよ
2026-09-08 01:08:06 - mkk_pika - main.py:35 - INFO - 开始检查お兄ちャんとエクス干エニジ是否存在未下载章节
2026-09-08 01:08:07 - mkk_pika - main.py:45 - INFO - 正在下载:[お兄ちャんとエクス干エニジ]-[明音そーいち]-[['短篇', '性轉換']]-[total_pages:17]
2026-09-08 01:08:07 - mkk_pika - main.py:49 - INFO - [{'_id': '5c9b94c8fd5d9d246ceb2c6c', 'title': '第1集', 'order': 1, 'updated_at': '2019-03-27T18:37:56.186Z', 'id': '5c9b94c8fd5d9d246ceb2c6c'}]
2026-09-08 01:08:07 - mkk_pika - database.py:215 - INFO - 第一次下载该漫画，记录数据库中
2026-09-08 01:08:07 - mkk_pika - main.py:83 - INFO - 找到 17 张图片在:第1集
2026-09-08 01:08:08 - mkk_pika - main.py:112 - INFO - [episode:第1集       ] downloaded:    17, total:  17, progress:100%
2026-09-08 01:08:08 - mkk_pika - database.py:238 - INFO - 数据库更新已下载章节
2026-09-08 01:08:08 - mkk_pika - database.py:244 - INFO - 该漫画已下载章节如下
2026-09-08 01:08:08 - mkk_pika - database.py:245 - INFO - ['第1集']
2026-09-08 01:08:10 - mkk_pika - main.py:348 - INFO - ==================== 漫画信息 ====================
                                   漫画ID：5c9b94c8fd5d9d246ceb2c6b
                                   标题：お兄ちャんとエクス干エニジ
                                   作者：明音そーいち
                                   是否完结：否
                                   总页数：17
                                   分类：短篇,性轉換
                                   章节数：1
                                   最后更新时间：2019-03-27T15:20:40.388Z
                                   =================================================
2026-09-08 01:08:10 - mkk_pika - database.py:101 - INFO - 保存成功：お兄ちャんとエクス干エニジ
2026-09-08 01:08:10 - mkk_pika - main.py:35 - INFO - 开始检查お兄ちゃんとずっと一緒是否存在未下载章节
2026-09-08 01:08:10 - mkk_pika - main.py:45 - INFO - 正在下载:[お兄ちゃんとずっと一緒]-[Ogata]-[['短篇', '純愛']]-[total_pages:34]
2026-09-08 01:08:10 - mkk_pika - main.py:49 - INFO - [{'_id': '5c9b94efa550ec2474e77185', 'title': '第1集', 'order': 1, 'updated_at': '2019-03-27T09:56:32.313Z', 'id': '5c9b94efa550ec2474e77185'}]
2026-09-08 01:08:10 - mkk_pika - database.py:215 - INFO - 第一次下载该漫画，记录数据库中
2026-09-08 01:08:11 - mkk_pika - main.py:83 - INFO - 找到 34 张图片在:第1集
2026-09-08 01:08:12 - mkk_pika - main.py:112 - INFO - [episode:第1集       ] downloaded:    34, total:  34, progress:100%
2026-09-08 01:08:12 - mkk_pika - database.py:238 - INFO - 数据库更新已下载章节
2026-09-08 01:08:12 - mkk_pika - database.py:244 - INFO - 该漫画已下载章节如下
2026-09-08 01:08:12 - mkk_pika - database.py:245 - INFO - ['第1集']
2026-09-08 01:08:14 - mkk_pika - main.py:348 - INFO - ==================== 漫画信息 ====================
                                   漫画ID：5c9b94efa550ec2474e77184
                                   标题：お兄ちゃんとずっと一緒
                                   作者：Ogata
                                   是否完结：是
                                   总页数：34
                                   分类：短篇,純愛
                                   章节数：1
                                   最后更新时间：2019-03-27T15:21:19.027Z
                                   =================================================
2026-09-08 01:08:14 - mkk_pika - database.py:101 - INFO - 保存成功：お兄ちゃんとずっと一緒
2026-09-08 01:08:14 - mkk_pika - main.py:35 - INFO - 开始检查_PS Vol.12是否存在未下载章节
2026-09-08 01:08:14 - mkk_pika - main.py:45 - INFO - 正在下载:[_PS Vol.12]-[Ogata]-[['短篇', '純愛', '全彩']]-[total_pages:18]
2026-09-08 01:08:14 - mkk_pika - main.py:49 - INFO - [{'_id': '5c9b94f88fc1d654a121c3a2', 'title': '第1集', 'order': 1, 'updated_at': '2019-03-27T10:01:17.805Z', 'id': '5c9b94f88fc1d654a121c3a2'}]
2026-09-08 01:08:14 - mkk_pika - database.py:215 - INFO - 第一次下载该漫画，记录数据库中
2026-09-08 01:08:15 - mkk_pika - main.py:83 - INFO - 找到 18 张图片在:第1集
2026-09-08 01:08:15 - mkk_pika - main.py:112 - INFO - [episode:第1集       ] downloaded:    18, total:  18, progress:100%
2026-09-08 01:08:15 - mkk_pika - database.py:238 - INFO - 数据库更新已下载章节
2026-09-08 01:08:15 - mkk_pika - database.py:244 - INFO - 该漫画已下载章节如下
2026-09-08 01:08:15 - mkk_pika - database.py:245 - INFO - ['第1集']
2026-09-08 01:08:17 - mkk_pika - main.py:348 - INFO - ==================== 漫画信息 ====================
                                   漫画ID：5c9b94f88fc1d654a121c3a1
                                   标题：_PS Vol.12
                                   作者：Ogata
                                   是否完结：是
                                   总页数：18
                                   分类：短篇,純愛,全彩
                                   章节数：1
                                   最后更新时间：2019-03-27T15:21:28.241Z
                                   =================================================
2026-09-08 01:08:17 - mkk_pika - database.py:101 - INFO - 保存成功：_PS Vol.12
2026-09-08 01:08:17 - mkk_pika - main.py:35 - INFO - 开始检查いもうと発情ダイアリー 妹妹們的發情 相姦的少女們DIARY是否存在未下载章节
2026-09-08 01:08:17 - mkk_pika - main.py:45 - INFO - 正在下载:[いもうと発情ダイアリー 妹妹們的發情 相姦的少女們DIARY]-[Ogata]-[['長篇', '純愛', '妹妹系', '單行本']]-[total_pages:206]
2026-09-08 01:08:17 - mkk_pika - main.py:49 - INFO - [{'_id': '5c9b950a0226dc3f622ec39f', 'title': '第1集', 'order': 1, 'updated_at': '2019-03-27T10:21:33.988Z', 'id': '5c9b950a0226dc3f622ec39f'}]
2026-09-08 01:08:17 - mkk_pika - database.py:215 - INFO - 第一次下载该漫画，记录数据库中
2026-09-08 01:08:19 - mkk_pika - main.py:83 - INFO - 找到 206 张图片在:第1集
2026-09-08 01:08:30 - mkk_pika - main.py:112 - INFO - [episode:第1集       ] downloaded:   206, total: 206, progress:100%
2026-09-08 01:08:30 - mkk_pika - database.py:238 - INFO - 数据库更新已下载章节
2026-09-08 01:08:30 - mkk_pika - database.py:244 - INFO - 该漫画已下载章节如下
2026-09-08 01:08:30 - mkk_pika - database.py:245 - INFO - ['第1集']
2026-09-08 01:08:31 - mkk_pika - main.py:348 - INFO - ==================== 漫画信息 ====================
                                   漫画ID：5c9b950a0226dc3f622ec39e
                                   标题：いもうと発情ダイアリー 妹妹們的發情 相姦的少女們DIARY
                                   作者：Ogata
                                   是否完结：是
                                   总页数：206
                                   分类：長篇,純愛,妹妹系,單行本
                                   章节数：1
                                   最后更新时间：2019-03-27T15:21:46.666Z
                                   =================================================
2026-09-08 01:08:31 - mkk_pika - database.py:101 - INFO - 保存成功：いもうと発情ダイアリー 妹妹們的發情 相姦的少女們DIARY
2026-09-08 01:08:31 - mkk_pika - main.py:35 - INFO - 开始检查しれぇとおしごき！ (艦隊これくしょん -艦これ-)是否存在未下载章节
2026-09-08 01:08:31 - mkk_pika - main.py:45 - INFO - 正在下载:[しれぇとおしごき！ (艦隊これくしょん -艦これ-)]-[P-POINT (Pizako)]-[['短篇', '同人', '艦隊收藏']]-[total_pages:23]
2026-09-08 01:08:31 - mkk_pika - main.py:49 - INFO - [{'_id': '5c9b95caa550ec2474e771b0', 'title': '第1集', 'order': 1, 'updated_at': '2019-03-27T12:17:16.932Z', 'id': '5c9b95caa550ec2474e771b0'}]
2026-09-08 01:08:31 - mkk_pika - database.py:215 - INFO - 第一次下载该漫画，记录数据库中
2026-09-08 01:08:32 - mkk_pika - main.py:83 - INFO - 找到 23 张图片在:第1集
2026-09-08 01:08:33 - mkk_pika - main.py:112 - INFO - [episode:第1集       ] downloaded:    23, total:  23, progress:100%
2026-09-08 01:08:33 - mkk_pika - database.py:238 - INFO - 数据库更新已下载章节
2026-09-08 01:08:33 - mkk_pika - database.py:244 - INFO - 该漫画已下载章节如下
2026-09-08 01:08:33 - mkk_pika - database.py:245 - INFO - ['第1集']
2026-09-08 01:08:35 - mkk_pika - main.py:348 - INFO - ==================== 漫画信息 ====================
                                   漫画ID：5c9b95caa550ec2474e771af
                                   标题：しれぇとおしごき！ (艦隊これくしょん -艦これ-)
                                   作者：P-POINT (Pizako)
                                   是否完结：否
                                   总页数：23
                                   分类：短篇,同人,艦隊收藏
                                   章节数：1
                                   最后更新时间：2019-03-27T15:24:58.526Z
                                   =================================================
2026-09-08 01:08:35 - mkk_pika - database.py:101 - INFO - 保存成功：しれぇとおしごき！ (艦隊これくしょん -艦これ-)
2026-09-08 01:08:35 - mkk_pika - main.py:35 - INFO - 开始检查(C95)  恍惚の騎士 Elfina III 是否存在未下载章节
2026-09-08 01:08:35 - mkk_pika - main.py:45 - INFO - 正在下载:[(C95)  恍惚の騎士 Elfina III ]-[夕鍋進行中 (田辺京)]-[['短篇']]-[total_pages:26]
2026-09-08 01:08:35 - mkk_pika - main.py:49 - INFO - [{'_id': '5c9b95f1a550ec2474e771cb', 'title': '第1集', 'order': 1, 'updated_at': '2019-03-27T13:53:41.386Z', 'id': '5c9b95f1a550ec2474e771cb'}]
2026-09-08 01:08:35 - mkk_pika - database.py:215 - INFO - 第一次下载该漫画，记录数据库中
2026-09-08 01:08:36 - mkk_pika - main.py:83 - INFO - 找到 26 张图片在:第1集
2026-09-08 01:08:37 - mkk_pika - main.py:112 - INFO - [episode:第1集       ] downloaded:    26, total:  26, progress:100%
2026-09-08 01:08:37 - mkk_pika - database.py:238 - INFO - 数据库更新已下载章节
2026-09-08 01:08:37 - mkk_pika - database.py:244 - INFO - 该漫画已下载章节如下
2026-09-08 01:08:37 - mkk_pika - database.py:245 - INFO - ['第1集']
2026-09-08 01:08:39 - mkk_pika - main.py:348 - INFO - ==================== 漫画信息 ====================
                                   漫画ID：5c9b95f1a550ec2474e771ca
                                   标题：(C95)  恍惚の騎士 Elfina III 
                                   作者：夕鍋進行中 (田辺京)
                                   是否完结：是
                                   总页数：26
                                   分类：短篇
                                   章节数：1
                                   最后更新时间：2019-03-27T15:25:37.177Z
                                   =================================================
2026-09-08 01:08:39 - mkk_pika - database.py:101 - INFO - 保存成功：(C95)  恍惚の騎士 Elfina III 
2026-09-08 01:08:39 - mkk_pika - main.py:35 - INFO - 开始检查(C95) 紅絹色の部屋と夜の壺 [中国翻訳]是否存在未下载章节
2026-09-08 01:08:39 - mkk_pika - main.py:45 - INFO - 正在下载:[(C95) 紅絹色の部屋と夜の壺 [中国翻訳]]-[朝木blog出張所 (朝木貴行)]-[['短篇', '非人類']]-[total_pages:19]
2026-09-08 01:08:39 - mkk_pika - main.py:49 - INFO - [{'_id': '5c9b965a954320470bfaad8b', 'title': '第1集', 'order': 1, 'updated_at': '2019-03-27T14:20:13.769Z', 'id': '5c9b965a954320470bfaad8b'}]
2026-09-08 01:08:39 - mkk_pika - database.py:215 - INFO - 第一次下载该漫画，记录数据库中
2026-09-08 01:08:40 - mkk_pika - main.py:83 - INFO - 找到 19 张图片在:第1集
2026-09-08 01:08:41 - mkk_pika - main.py:112 - INFO - [episode:第1集       ] downloaded:    19, total:  19, progress:100%
2026-09-08 01:08:41 - mkk_pika - database.py:238 - INFO - 数据库更新已下载章节
2026-09-08 01:08:41 - mkk_pika - database.py:244 - INFO - 该漫画已下载章节如下
2026-09-08 01:08:41 - mkk_pika - database.py:245 - INFO - ['第1集']
2026-09-08 01:08:42 - mkk_pika - main.py:348 - INFO - ==================== 漫画信息 ====================
                                   漫画ID：5c9b965a954320470bfaad8a
                                   标题：(C95) 紅絹色の部屋と夜の壺 [中国翻訳]
                                   作者：朝木blog出張所 (朝木貴行)
                                   是否完结：是
                                   总页数：19
                                   分类：短篇,非人類
                                   章节数：1
                                   最后更新时间：2019-03-27T15:27:22.160Z
                                   =================================================
2026-09-08 01:08:42 - mkk_pika - database.py:101 - INFO - 保存成功：(C95) 紅絹色の部屋と夜の壺 [中国翻訳]
2026-09-08 01:08:42 - mkk_pika - main.py:35 - INFO - 开始检查(C95)ゆかもこ (東方Project) [中国翻訳]是否存在未下载章节
2026-09-08 01:08:42 - mkk_pika - main.py:45 - INFO - 正在下载:[(C95)ゆかもこ (東方Project) [中国翻訳]]-[やし屋 (YASSY)]-[['扶他樂園', '東方']]-[total_pages:39]
2026-09-08 01:08:42 - mkk_pika - main.py:49 - INFO - [{'_id': '5c9bc27bf5222946dbcdd674', 'title': '第1集', 'order': 1, 'updated_at': '2019-03-27T16:31:56.517Z', 'id': '5c9bc27bf5222946dbcdd674'}]
2026-09-08 01:08:42 - mkk_pika - database.py:215 - INFO - 第一次下载该漫画，记录数据库中
2026-09-08 01:08:43 - mkk_pika - main.py:83 - INFO - 找到 39 张图片在:第1集
2026-09-08 01:08:45 - mkk_pika - main.py:112 - INFO - [episode:第1集       ] downloaded:    39, total:  39, progress:100%
2026-09-08 01:08:45 - mkk_pika - database.py:238 - INFO - 数据库更新已下载章节
2026-09-08 01:08:45 - mkk_pika - database.py:244 - INFO - 该漫画已下载章节如下
2026-09-08 01:08:45 - mkk_pika - database.py:245 - INFO - ['第1集']
2026-09-08 01:08:46 - mkk_pika - main.py:348 - INFO - ==================== 漫画信息 ====================
                                   漫画ID：5c9bc27bf5222946dbcdd673
                                   标题：(C95)ゆかもこ (東方Project) [中国翻訳]
                                   作者：やし屋 (YASSY)
                                   是否完结：是
                                   总页数：39
                                   分类：扶他樂園,東方
                                   章节数：1
                                   最后更新时间：2019-03-27T18:35:39.059Z
                                   =================================================
2026-09-08 01:08:46 - mkk_pika - database.py:101 - INFO - 保存成功：(C95)ゆかもこ (東方Project) [中国翻訳]
2026-09-08 01:08:46 - mkk_pika - main.py:35 - INFO - 开始检查異世界フタナリ転生是否存在未下载章节
2026-09-08 01:08:46 - mkk_pika - main.py:45 - INFO - 正在下载:[異世界フタナリ転生]-[アクメナリ! (ぼんなり)]-[['短篇', '扶他樂園', '非人類']]-[total_pages:97]
2026-09-08 01:08:46 - mkk_pika - main.py:49 - INFO - [{'_id': '5c9bc2ef5eb6825499b3f39a', 'title': '有字', 'order': 1, 'updated_at': '2019-03-27T16:21:41.974Z', 'id': '5c9bc2ef5eb6825499b3f39a'}, {'_id': '5c9bc2ef5eb6825499b3f39b', 'title': '无字', 'order': 2, 'updated_at': '2019-03-27T16:37:16.346Z', 'id': '5c9bc2ef5eb6825499b3f39b'}]
2026-09-08 01:08:46 - mkk_pika - database.py:215 - INFO - 第一次下载该漫画，记录数据库中
2026-09-08 01:08:47 - mkk_pika - main.py:83 - INFO - 找到 50 张图片在:有字
2026-09-08 01:08:50 - mkk_pika - main.py:112 - INFO - [episode:有字        ] downloaded:    50, total:  50, progress:100%
2026-09-08 01:08:50 - mkk_pika - database.py:238 - INFO - 数据库更新已下载章节
2026-09-08 01:08:50 - mkk_pika - database.py:244 - INFO - 该漫画已下载章节如下
2026-09-08 01:08:50 - mkk_pika - database.py:245 - INFO - ['有字']
2026-09-08 01:08:52 - mkk_pika - main.py:83 - INFO - 找到 47 张图片在:无字
2026-09-08 01:08:54 - mkk_pika - main.py:112 - INFO - [episode:无字        ] downloaded:    47, total:  47, progress:100%
2026-09-08 01:08:54 - mkk_pika - database.py:238 - INFO - 数据库更新已下载章节
2026-09-08 01:08:54 - mkk_pika - database.py:244 - INFO - 该漫画已下载章节如下
2026-09-08 01:08:54 - mkk_pika - database.py:245 - INFO - ['有字', '无字']
2026-09-08 01:08:56 - mkk_pika - main.py:348 - INFO - ==================== 漫画信息 ====================
                                   漫画ID：5c9bc2ef5eb6825499b3f399
                                   标题：異世界フタナリ転生
                                   作者：アクメナリ! (ぼんなり)
                                   是否完结：是
                                   总页数：97
                                   分类：短篇,扶他樂園,非人類
                                   章节数：2
                                   最后更新时间：2019-03-27T18:37:35.131Z
                                   =================================================
2026-09-08 01:08:56 - mkk_pika - database.py:101 - INFO - 保存成功：異世界フタナリ転生
2026-09-08 01:08:56 - mkk_pika - main.py:35 - INFO - 开始检查FOX MANIAX是否存在未下载章节
2026-09-08 01:08:56 - mkk_pika - main.py:45 - INFO - 正在下载:[FOX MANIAX]-[とりあえず。 (キツネコフ)]-[['短篇', '非人類', 'SM']]-[total_pages:42]
2026-09-08 01:08:56 - mkk_pika - main.py:49 - INFO - [{'_id': '5c9bc373da4fbd54d7840bd1', 'title': '第1集', 'order': 1, 'updated_at': '2019-03-27T17:57:27.969Z', 'id': '5c9bc373da4fbd54d7840bd1'}]
2026-09-08 01:08:56 - mkk_pika - database.py:215 - INFO - 第一次下载该漫画，记录数据库中
2026-09-08 01:08:57 - mkk_pika - main.py:83 - INFO - 找到 42 张图片在:第1集
2026-09-08 01:08:59 - mkk_pika - main.py:112 - INFO - [episode:第1集       ] downloaded:    42, total:  42, progress:100%
2026-09-08 01:08:59 - mkk_pika - database.py:238 - INFO - 数据库更新已下载章节
2026-09-08 01:08:59 - mkk_pika - database.py:244 - INFO - 该漫画已下载章节如下
2026-09-08 01:08:59 - mkk_pika - database.py:245 - INFO - ['第1集']
2026-09-08 01:09:00 - mkk_pika - main.py:348 - INFO - ==================== 漫画信息 ====================
                                   漫画ID：5c9bc373da4fbd54d7840bd0
                                   标题：FOX MANIAX
                                   作者：とりあえず。 (キツネコフ)
                                   是否完结：是
                                   总页数：42
                                   分类：短篇,非人類,SM
                                   章节数：1
                                   最后更新时间：2019-03-27T18:39:47.081Z
                                   =================================================
2026-09-08 01:09:00 - mkk_pika - database.py:101 - INFO - 保存成功：FOX MANIAX
2026-09-08 01:09:00 - mkk_pika - main.py:35 - INFO - 开始检查(C95)みりあちゃんのロリィタ病棟 (アイドルマスター シンデレラガールズ)是否存在未下载章节
2026-09-08 01:09:01 - mkk_pika - main.py:45 - INFO - 正在下载:[(C95)みりあちゃんのロリィタ病棟 (アイドルマスター シンデレラガールズ)]-[CRAFT-GEAR (矢澤おけ)]-[['短篇', '同人']]-[total_pages:26]
2026-09-08 01:09:01 - mkk_pika - main.py:49 - INFO - [{'_id': '5c9bc38f5eb6825499b3f3fe', 'title': '第1集', 'order': 1, 'updated_at': '2019-03-27T18:08:31.861Z', 'id': '5c9bc38f5eb6825499b3f3fe'}]
2026-09-08 01:09:01 - mkk_pika - database.py:215 - INFO - 第一次下载该漫画，记录数据库中
2026-09-08 01:09:01 - mkk_pika - main.py:83 - INFO - 找到 26 张图片在:第1集
2026-09-08 01:09:03 - mkk_pika - main.py:112 - INFO - [episode:第1集       ] downloaded:    26, total:  26, progress:100%
2026-09-08 01:09:03 - mkk_pika - database.py:238 - INFO - 数据库更新已下载章节
2026-09-08 01:09:03 - mkk_pika - database.py:244 - INFO - 该漫画已下载章节如下
2026-09-08 01:09:03 - mkk_pika - database.py:245 - INFO - ['第1集']
2026-09-08 01:09:04 - mkk_pika - main.py:348 - INFO - ==================== 漫画信息 ====================
                                   漫画ID：5c9bc38f5eb6825499b3f3fd
                                   标题：(C95)みりあちゃんのロリィタ病棟 (アイドルマスター シンデレラガールズ)
                                   作者：CRAFT-GEAR (矢澤おけ)
                                   是否完结：是
                                   总页数：26
                                   分类：短篇,同人
                                   章节数：1
                                   最后更新时间：2019-03-27T18:40:15.644Z
                                   =================================================
2026-09-08 01:09:04 - mkk_pika - database.py:101 - INFO - 保存成功：(C95)みりあちゃんのロリィタ病棟 (アイドルマスター シンデレラガールズ)
2026-09-08 01:09:04 - mkk_pika - main.py:35 - INFO - 开始检查原罪のくびき (グランブルーファンタジー)是否存在未下载章节
2026-09-08 01:09:04 - mkk_pika - main.py:45 - INFO - 正在下载:[原罪のくびき (グランブルーファンタジー)]-[恋愛漫画家 (鳴瀬ひろふみ)]-[['同人', '短篇', '碧藍幻想']]-[total_pages:51]
2026-09-08 01:09:04 - mkk_pika - main.py:49 - INFO - [{'_id': '5b8b6d07603a74752f02522b', 'title': '第1集', 'order': 1, 'updated_at': '2018-09-01T18:08:03.159Z', 'id': '5b8b6d07603a74752f02522b'}, {'_id': '5c9bc3b4fd5d9d246ceb2d7c', 'title': '第2集', 'order': 2, 'updated_at': '2019-03-27T18:07:34.009Z', 'id': '5c9bc3b4fd5d9d246ceb2d7c'}]
2026-09-08 01:09:04 - mkk_pika - database.py:215 - INFO - 第一次下载该漫画，记录数据库中
2026-09-08 01:09:05 - mkk_pika - main.py:83 - INFO - 找到 27 张图片在:第1集
2026-09-08 01:09:06 - mkk_pika - main.py:112 - INFO - [episode:第1集       ] downloaded:    27, total:  27, progress:100%
2026-09-08 01:09:06 - mkk_pika - database.py:238 - INFO - 数据库更新已下载章节
2026-09-08 01:09:06 - mkk_pika - database.py:244 - INFO - 该漫画已下载章节如下
2026-09-08 01:09:06 - mkk_pika - database.py:245 - INFO - ['第1集']
2026-09-08 01:09:08 - mkk_pika - main.py:83 - INFO - 找到 24 张图片在:第2集
2026-09-08 01:09:09 - mkk_pika - main.py:112 - INFO - [episode:第2集       ] downloaded:    24, total:  24, progress:100%
2026-09-08 01:09:09 - mkk_pika - database.py:238 - INFO - 数据库更新已下载章节
2026-09-08 01:09:09 - mkk_pika - database.py:244 - INFO - 该漫画已下载章节如下
2026-09-08 01:09:09 - mkk_pika - database.py:245 - INFO - ['第1集', '第2集']
2026-09-08 01:09:10 - mkk_pika - main.py:348 - INFO - ==================== 漫画信息 ====================
                                   漫画ID：5b8b6d07603a74752f02522a
                                   标题：原罪のくびき (グランブルーファンタジー)
                                   作者：恋愛漫画家 (鳴瀬ひろふみ)
                                   是否完结：是
                                   总页数：51
                                   分类：同人,短篇,碧藍幻想
                                   章节数：2
                                   最后更新时间：2019-03-27T18:40:52.416Z
                                   =================================================
2026-09-08 01:09:10 - mkk_pika - database.py:101 - INFO - 保存成功：原罪のくびき (グランブルーファンタジー)
2026-09-08 01:09:10 - mkk_pika - main.py:35 - INFO - 开始检查叔母ちゃんが抜いたげようか?是否存在未下载章节
2026-09-08 01:09:11 - mkk_pika - main.py:45 - INFO - 正在下载:[叔母ちゃんが抜いたげようか?]-[虚川財団 (虚川二次子)]-[['短篇', '全彩']]-[total_pages:30]
2026-09-08 01:09:11 - mkk_pika - main.py:49 - INFO - [{'_id': '5c9bc3baf5222946dbcdd6db', 'title': '第1集', 'order': 1, 'updated_at': '2019-03-27T18:14:26.857Z', 'id': '5c9bc3baf5222946dbcdd6db'}]
2026-09-08 01:09:11 - mkk_pika - database.py:215 - INFO - 第一次下载该漫画，记录数据库中
2026-09-08 01:09:11 - mkk_pika - main.py:83 - INFO - 找到 30 张图片在:第1集
2026-09-08 01:09:13 - mkk_pika - main.py:112 - INFO - [episode:第1集       ] downloaded:    30, total:  30, progress:100%
2026-09-08 01:09:13 - mkk_pika - database.py:238 - INFO - 数据库更新已下载章节
2026-09-08 01:09:13 - mkk_pika - database.py:244 - INFO - 该漫画已下载章节如下
2026-09-08 01:09:13 - mkk_pika - database.py:245 - INFO - ['第1集']
2026-09-08 01:09:14 - mkk_pika - main.py:348 - INFO - ==================== 漫画信息 ====================
                                   漫画ID：582190c45f6b9a4f93e434fd
                                   标题：叔母ちゃんが抜いたげようか?
                                   作者：虚川財団 (虚川二次子)
                                   是否完结：是
                                   总页数：30
                                   分类：短篇,全彩
                                   章节数：1
                                   最后更新时间：2019-03-27T18:40:57.996Z
                                   =================================================
2026-09-08 01:09:14 - mkk_pika - database.py:101 - INFO - 保存成功：叔母ちゃんが抜いたげようか?
2026-09-08 01:09:14 - mkk_pika - main.py:35 - INFO - 开始检查スカートのままで是否存在未下载章节
2026-09-08 01:09:14 - mkk_pika - main.py:45 - INFO - 正在下载:[スカートのままで]-[みなすきぽぷり ]-[['長篇', '強暴', '單行本']]-[total_pages:212]
2026-09-08 01:09:14 - mkk_pika - main.py:49 - INFO - [{'_id': '5c9c3928126fac3f54b1b534', 'title': '第1集', 'order': 1, 'updated_at': '2019-03-27T18:10:18.694Z', 'id': '5c9c3928126fac3f54b1b534'}]
2026-09-08 01:09:14 - mkk_pika - database.py:215 - INFO - 第一次下载该漫画，记录数据库中
2026-09-08 01:09:17 - mkk_pika - main.py:83 - INFO - 找到 212 张图片在:第1集
2026-09-08 01:09:29 - mkk_pika - main.py:112 - INFO - [episode:第1集       ] downloaded:   212, total: 212, progress:100%
2026-09-08 01:09:29 - mkk_pika - database.py:238 - INFO - 数据库更新已下载章节
2026-09-08 01:09:29 - mkk_pika - database.py:244 - INFO - 该漫画已下载章节如下
2026-09-08 01:09:29 - mkk_pika - database.py:245 - INFO - ['第1集']
2026-09-08 01:09:30 - mkk_pika - main.py:348 - INFO - ==================== 漫画信息 ====================
                                   漫画ID：5c9c3928126fac3f54b1b533
                                   标题：スカートのままで
                                   作者：みなすきぽぷり 
                                   是否完结：否
                                   总页数：212
                                   分类：長篇,強暴,單行本
                                   章节数：1
                                   最后更新时间：2019-03-28T03:02:00.015Z
                                   =================================================
2026-09-08 01:09:30 - mkk_pika - database.py:101 - INFO - 保存成功：スカートのままで
2026-09-08 01:09:30 - mkk_pika - main.py:35 - INFO - 开始检查猥褻ミサイル是否存在未下载章节
2026-09-08 01:09:30 - mkk_pika - main.py:45 - INFO - 正在下载:[猥褻ミサイル]-[たろプン]-[['長篇', '單行本', 'NTR']]-[total_pages:213]
2026-09-08 01:09:30 - mkk_pika - main.py:49 - INFO - [{'_id': '5c9c3956126fac3f54b1b60b', 'title': '第1集', 'order': 1, 'updated_at': '2019-03-27T18:56:16.002Z', 'id': '5c9c3956126fac3f54b1b60b'}]
2026-09-08 01:09:30 - mkk_pika - database.py:215 - INFO - 第一次下载该漫画，记录数据库中
2026-09-08 01:09:33 - mkk_pika - main.py:83 - INFO - 找到 213 张图片在:第1集
2026-09-08 01:09:43 - mkk_pika - main.py:112 - INFO - [episode:第1集       ] downloaded:   213, total: 213, progress:100%
2026-09-08 01:09:43 - mkk_pika - database.py:238 - INFO - 数据库更新已下载章节
2026-09-08 01:09:43 - mkk_pika - database.py:244 - INFO - 该漫画已下载章节如下
2026-09-08 01:09:43 - mkk_pika - database.py:245 - INFO - ['第1集']
2026-09-08 01:09:45 - mkk_pika - main.py:348 - INFO - ==================== 漫画信息 ====================
                                   漫画ID：5c9c3956126fac3f54b1b60a
                                   标题：猥褻ミサイル
                                   作者：たろプン
                                   是否完结：否
                                   总页数：213
                                   分类：長篇,單行本,NTR
                                   章节数：1
                                   最后更新时间：2019-03-28T03:02:46.806Z
                                   =================================================
2026-09-08 01:09:45 - mkk_pika - database.py:101 - INFO - 保存成功：猥褻ミサイル
2026-09-08 01:09:45 - mkk_pika - main.py:35 - INFO - 开始检查姉体験女学寮 5.5 (COMIC アンスリウム 2019年4月号)是否存在未下载章节
2026-09-08 01:09:45 - mkk_pika - main.py:45 - INFO - 正在下载:[姉体験女学寮 5.5 (COMIC アンスリウム 2019年4月号)]-[みちきんぐ]-[['短篇']]-[total_pages:12]
2026-09-08 01:09:45 - mkk_pika - main.py:49 - INFO - [{'_id': '5c9c50cfccd13254cb3d51c4', 'title': '第1集', 'order': 1, 'updated_at': '2019-03-28T01:39:24.812Z', 'id': '5c9c50cfccd13254cb3d51c4'}]
2026-09-08 01:09:45 - mkk_pika - database.py:215 - INFO - 第一次下载该漫画，记录数据库中
2026-09-08 01:09:46 - mkk_pika - main.py:83 - INFO - 找到 12 张图片在:第1集
2026-09-08 01:09:46 - mkk_pika - main.py:112 - INFO - [episode:第1集       ] downloaded:    12, total:  12, progress:100%
2026-09-08 01:09:46 - mkk_pika - database.py:238 - INFO - 数据库更新已下载章节
2026-09-08 01:09:46 - mkk_pika - database.py:244 - INFO - 该漫画已下载章节如下
2026-09-08 01:09:46 - mkk_pika - database.py:245 - INFO - ['第1集']
2026-09-08 01:09:48 - mkk_pika - main.py:348 - INFO - ==================== 漫画信息 ====================
                                   漫画ID：5c9c50cfccd13254cb3d51c3
                                   标题：姉体験女学寮 5.5 (COMIC アンスリウム 2019年4月号)
                                   作者：みちきんぐ
                                   是否完结：否
                                   总页数：12
                                   分类：短篇
                                   章节数：1
                                   最后更新时间：2019-03-28T04:42:55.614Z
                                   =================================================
2026-09-08 01:09:48 - mkk_pika - database.py:101 - INFO - 保存成功：姉体験女学寮 5.5 (COMIC アンスリウム 2019年4月号)
2026-09-08 01:09:48 - mkk_pika - main.py:35 - INFO - 开始检查今日から地球人の妹になりました。是否存在未下载章节
2026-09-08 01:09:48 - mkk_pika - main.py:45 - INFO - 正在下载:[今日から地球人の妹になりました。]-[宮坂みゆ]-[['全彩', '短篇', '純愛', '妹妹系']]-[total_pages:10]
2026-09-08 01:09:48 - mkk_pika - main.py:49 - INFO - [{'_id': '5c9c5133f5222946dbcdd948', 'title': '第1集', 'order': 1, 'updated_at': '2019-03-28T01:35:08.684Z', 'id': '5c9c5133f5222946dbcdd948'}]
2026-09-08 01:09:48 - mkk_pika - database.py:215 - INFO - 第一次下载该漫画，记录数据库中
2026-09-08 01:09:49 - mkk_pika - main.py:83 - INFO - 找到 16 张图片在:第1集
2026-09-08 01:09:50 - mkk_pika - main.py:112 - INFO - [episode:第1集       ] downloaded:    16, total:  16, progress:100%
2026-09-08 01:09:50 - mkk_pika - database.py:238 - INFO - 数据库更新已下载章节
2026-09-08 01:09:50 - mkk_pika - database.py:244 - INFO - 该漫画已下载章节如下
2026-09-08 01:09:50 - mkk_pika - database.py:245 - INFO - ['第1集']
2026-09-08 01:09:51 - mkk_pika - main.py:348 - INFO - ==================== 漫画信息 ====================
                                   漫画ID：5c9c5133f5222946dbcdd947
                                   标题：今日から地球人の妹になりました。
                                   作者：宮坂みゆ
                                   是否完结：否
                                   总页数：10
                                   分类：全彩,短篇,純愛,妹妹系
                                   章节数：1
                                   最后更新时间：2019-03-28T04:44:35.836Z
                                   =================================================
2026-09-08 01:09:51 - mkk_pika - database.py:101 - INFO - 保存成功：今日から地球人の妹になりました。
2026-09-08 01:09:51 - mkk_pika - main.py:35 - INFO - 开始检查男嫌いのサキュバスさん是否存在未下载章节
2026-09-08 01:09:51 - mkk_pika - main.py:45 - INFO - 正在下载:[男嫌いのサキュバスさん]-[Marialite(筑前煮)]-[['短篇', '性轉換']]-[total_pages:34]
2026-09-08 01:09:51 - mkk_pika - main.py:49 - INFO - [{'_id': '5c9c515f954320470bfab2d1', 'title': '第1集', 'order': 1, 'updated_at': '2019-03-27T20:56:01.205Z', 'id': '5c9c515f954320470bfab2d1'}]
2026-09-08 01:09:51 - mkk_pika - database.py:215 - INFO - 第一次下载该漫画，记录数据库中
2026-09-08 01:09:52 - mkk_pika - main.py:83 - INFO - 找到 34 张图片在:第1集
2026-09-08 01:09:54 - mkk_pika - main.py:112 - INFO - [episode:第1集       ] downloaded:    34, total:  34, progress:100%
2026-09-08 01:09:54 - mkk_pika - database.py:238 - INFO - 数据库更新已下载章节
2026-09-08 01:09:54 - mkk_pika - database.py:244 - INFO - 该漫画已下载章节如下
2026-09-08 01:09:54 - mkk_pika - database.py:245 - INFO - ['第1集']
2026-09-08 01:09:55 - mkk_pika - main.py:348 - INFO - ==================== 漫画信息 ====================
                                   漫画ID：5c9c515f954320470bfab2d0
                                   标题：男嫌いのサキュバスさん
                                   作者：Marialite(筑前煮)
                                   是否完结：是
                                   总页数：34
                                   分类：短篇,性轉換
                                   章节数：1
                                   最后更新时间：2019-03-28T04:45:19.242Z
                                   =================================================
2026-09-08 01:09:55 - mkk_pika - database.py:101 - INFO - 保存成功：男嫌いのサキュバスさん
2026-09-08 01:09:55 - mkk_pika - main.py:35 - INFO - 开始检查RAINBOW SEX/少女前線AK12是否存在未下载章节
2026-09-08 01:09:56 - mkk_pika - main.py:45 - INFO - 正在下载:[RAINBOW SEX/少女前線AK12]-[麒麟的快樂繪圖之家(麒麟)]-[['同人']]-[total_pages:28]
2026-09-08 01:09:56 - mkk_pika - main.py:49 - INFO - [{'_id': '5c9c518b954320470bfab317', 'title': '第1集', 'order': 1, 'updated_at': '2019-03-27T21:35:39.932Z', 'id': '5c9c518b954320470bfab317'}]
2026-09-08 01:09:56 - mkk_pika - database.py:215 - INFO - 第一次下载该漫画，记录数据库中
2026-09-08 01:09:56 - mkk_pika - main.py:83 - INFO - 找到 28 张图片在:第1集
2026-09-08 01:09:58 - mkk_pika - main.py:112 - INFO - [episode:第1集       ] downloaded:    28, total:  28, progress:100%
2026-09-08 01:09:58 - mkk_pika - database.py:238 - INFO - 数据库更新已下载章节
2026-09-08 01:09:58 - mkk_pika - database.py:244 - INFO - 该漫画已下载章节如下
2026-09-08 01:09:58 - mkk_pika - database.py:245 - INFO - ['第1集']
2026-09-08 01:09:59 - mkk_pika - main.py:348 - INFO - ==================== 漫画信息 ====================
                                   漫画ID：5c9c518b954320470bfab316
                                   标题：RAINBOW SEX/少女前線AK12
                                   作者：麒麟的快樂繪圖之家(麒麟)
                                   是否完结：否
                                   总页数：28
                                   分类：同人
                                   章节数：1
                                   最后更新时间：2019-03-28T04:46:03.968Z
                                   =================================================
2026-09-08 01:09:59 - mkk_pika - database.py:101 - INFO - 保存成功：RAINBOW SEX/少女前線AK12
2026-09-08 01:09:59 - mkk_pika - main.py:35 - INFO - 开始检查今日で地球人の妹を卒業します。是否存在未下载章节
2026-09-08 01:09:59 - mkk_pika - main.py:45 - INFO - 正在下载:[今日で地球人の妹を卒業します。]-[宮坂みゆ]-[['短篇', '純愛', '妹妹系', '全彩']]-[total_pages:19]
2026-09-08 01:09:59 - mkk_pika - main.py:49 - INFO - [{'_id': '5c9c639e8fc1d654a121c7ff', 'title': '第1集', 'order': 1, 'updated_at': '2019-03-28T01:54:59.089Z', 'id': '5c9c639e8fc1d654a121c7ff'}]
2026-09-08 01:09:59 - mkk_pika - database.py:215 - INFO - 第一次下载该漫画，记录数据库中
2026-09-08 01:10:00 - mkk_pika - main.py:83 - INFO - 找到 21 张图片在:第1集
2026-09-08 01:10:01 - mkk_pika - main.py:112 - INFO - [episode:第1集       ] downloaded:    21, total:  21, progress:100%
2026-09-08 01:10:01 - mkk_pika - database.py:238 - INFO - 数据库更新已下载章节
2026-09-08 01:10:01 - mkk_pika - database.py:244 - INFO - 该漫画已下载章节如下
2026-09-08 01:10:01 - mkk_pika - database.py:245 - INFO - ['第1集']
2026-09-08 01:10:03 - mkk_pika - main.py:348 - INFO - ==================== 漫画信息 ====================
                                   漫画ID：5c9c639e8fc1d654a121c7fe
                                   标题：今日で地球人の妹を卒業します。
                                   作者：宮坂みゆ
                                   是否完结：否
                                   总页数：19
                                   分类：短篇,純愛,妹妹系,全彩
                                   章节数：1
                                   最后更新时间：2019-03-28T06:03:10.544Z
                                   =================================================
2026-09-08 01:10:03 - mkk_pika - database.py:101 - INFO - 保存成功：今日で地球人の妹を卒業します。
2026-09-08 01:10:03 - mkk_pika - main.py:35 - INFO - 开始检查お痛いのはお好きですか？ (COMIC快楽天ビースト 2019年4月号)[無修正]是否存在未下载章节
2026-09-08 01:10:03 - mkk_pika - main.py:45 - INFO - 正在下载:[お痛いのはお好きですか？ (COMIC快楽天ビースト 2019年4月号)[無修正]]-[れぐでく]-[['短篇', '純愛', 'SM']]-[total_pages:20]
2026-09-08 01:10:03 - mkk_pika - main.py:49 - INFO - [{'_id': '5c9c63e936bbd34714535bc9', 'title': '第1集', 'order': 1, 'updated_at': '2019-03-28T02:09:18.430Z', 'id': '5c9c63e936bbd34714535bc9'}]
2026-09-08 01:10:03 - mkk_pika - database.py:215 - INFO - 第一次下载该漫画，记录数据库中
2026-09-08 01:10:04 - mkk_pika - main.py:83 - INFO - 找到 20 张图片在:第1集
2026-09-08 01:10:05 - mkk_pika - main.py:112 - INFO - [episode:第1集       ] downloaded:    20, total:  20, progress:100%
2026-09-08 01:10:05 - mkk_pika - database.py:238 - INFO - 数据库更新已下载章节
2026-09-08 01:10:05 - mkk_pika - database.py:244 - INFO - 该漫画已下载章节如下
2026-09-08 01:10:05 - mkk_pika - database.py:245 - INFO - ['第1集']
2026-09-08 01:10:06 - mkk_pika - main.py:348 - INFO - ==================== 漫画信息 ====================
                                   漫画ID：5c9c63e936bbd34714535bc8
                                   标题：お痛いのはお好きですか？ (COMIC快楽天ビースト 2019年4月号)[無修正]
                                   作者：れぐでく
                                   是否完结：否
                                   总页数：20
                                   分类：短篇,純愛,SM
                                   章节数：1
                                   最后更新时间：2019-03-28T06:04:25.872Z
                                   =================================================
2026-09-08 01:10:06 - mkk_pika - database.py:101 - INFO - 保存成功：お痛いのはお好きですか？ (COMIC快楽天ビースト 2019年4月号)[無修正]
2026-09-08 01:10:06 - mkk_pika - main.py:35 - INFO - 开始检查微笑の図書室 (COMIC失楽天 2019年4月号)[無修正]是否存在未下载章节
2026-09-08 01:10:06 - mkk_pika - main.py:45 - INFO - 正在下载:[微笑の図書室 (COMIC失楽天 2019年4月号)[無修正]]-[utu]-[['短篇', '純愛']]-[total_pages:22]
2026-09-08 01:10:06 - mkk_pika - main.py:49 - INFO - [{'_id': '5c9ce4e68fc1d654a121cb3c', 'title': '第1集', 'order': 1, 'updated_at': '2019-03-28T06:54:04.942Z', 'id': '5c9ce4e68fc1d654a121cb3c'}]
2026-09-08 01:10:06 - mkk_pika - database.py:215 - INFO - 第一次下载该漫画，记录数据库中
2026-09-08 01:10:07 - mkk_pika - main.py:83 - INFO - 找到 22 张图片在:第1集
2026-09-08 01:10:08 - mkk_pika - main.py:112 - INFO - [episode:第1集       ] downloaded:    22, total:  22, progress:100%
2026-09-08 01:10:08 - mkk_pika - database.py:238 - INFO - 数据库更新已下载章节
2026-09-08 01:10:08 - mkk_pika - database.py:244 - INFO - 该漫画已下载章节如下
2026-09-08 01:10:08 - mkk_pika - database.py:245 - INFO - ['第1集']
2026-09-08 01:10:10 - mkk_pika - main.py:348 - INFO - ==================== 漫画信息 ====================
                                   漫画ID：5c9ce4e68fc1d654a121cb3b
                                   标题：微笑の図書室 (COMIC失楽天 2019年4月号)[無修正]
                                   作者：utu
                                   是否完结：否
                                   总页数：22
                                   分类：短篇,純愛
                                   章节数：1
                                   最后更新时间：2019-03-28T15:14:46.620Z
                                   =================================================
2026-09-08 01:10:10 - mkk_pika - database.py:101 - INFO - 保存成功：微笑の図書室 (COMIC失楽天 2019年4月号)[無修正]
2026-09-08 01:10:10 - mkk_pika - main.py:35 - INFO - 开始检查纳屋新作人妖的冒险是否存在未下载章节
2026-09-08 01:10:10 - mkk_pika - main.py:45 - INFO - 正在下载:[纳屋新作人妖的冒险]-[纳屋]-[['人妻']]-[total_pages:51]
2026-09-08 01:10:10 - mkk_pika - main.py:49 - INFO - [{'_id': '5c9ce599471d9246e1a499ff', 'title': '第1集', 'order': 1, 'updated_at': '2019-03-28T10:43:06.272Z', 'id': '5c9ce599471d9246e1a499ff'}]
2026-09-08 01:10:10 - mkk_pika - database.py:215 - INFO - 第一次下载该漫画，记录数据库中
2026-09-08 01:10:11 - mkk_pika - main.py:83 - INFO - 找到 51 张图片在:第1集
2026-09-08 01:10:13 - mkk_pika - main.py:112 - INFO - [episode:第1集       ] downloaded:    51, total:  51, progress:100%
2026-09-08 01:10:13 - mkk_pika - database.py:238 - INFO - 数据库更新已下载章节
2026-09-08 01:10:13 - mkk_pika - database.py:244 - INFO - 该漫画已下载章节如下
2026-09-08 01:10:13 - mkk_pika - database.py:245 - INFO - ['第1集']
2026-09-08 01:10:14 - mkk_pika - main.py:348 - INFO - ==================== 漫画信息 ====================
                                   漫画ID：5c9ce598471d9246e1a499fe
                                   标题：纳屋新作人妖的冒险
                                   作者：纳屋
                                   是否完结：是
                                   总页数：51
                                   分类：人妻
                                   章节数：1
                                   最后更新时间：2019-03-28T15:17:44.739Z
                                   =================================================
2026-09-08 01:10:14 - mkk_pika - database.py:101 - INFO - 保存成功：纳屋新作人妖的冒险
2026-09-08 01:10:14 - mkk_pika - main.py:35 - INFO - 开始检查しすたーず・サンドイッチ 淫姊蕩妹 肉慾的三明治是否存在未下载章节
2026-09-08 01:10:15 - mkk_pika - main.py:45 - INFO - 正在下载:[しすたーず・サンドイッチ 淫姊蕩妹 肉慾的三明治]-[キャンベル議長]-[['長篇', '純愛', '單行本', '後宮閃光', '妹妹系', '姐姐系', 'SM']]-[total_pages:226]
2026-09-08 01:10:15 - mkk_pika - main.py:49 - INFO - [{'_id': '5c9ce5c08fc1d654a121d198', 'title': '極樂後宮姊妹丼的單行本', 'order': 1, 'updated_at': '2019-03-22T06:31:38.988Z', 'id': '5c9ce5c08fc1d654a121d198'}]
2026-09-08 01:10:15 - mkk_pika - database.py:215 - INFO - 第一次下载该漫画，记录数据库中
2026-09-08 01:10:17 - mkk_pika - main.py:83 - INFO - 找到 226 张图片在:極樂後宮姊妹丼的單行本
2026-09-08 01:10:27 - mkk_pika - main.py:112 - INFO - [episode:極樂後宮姊妹丼的單行本] downloaded:   226, total: 226, progress:100%
2026-09-08 01:10:27 - mkk_pika - database.py:238 - INFO - 数据库更新已下载章节
2026-09-08 01:10:27 - mkk_pika - database.py:244 - INFO - 该漫画已下载章节如下
2026-09-08 01:10:27 - mkk_pika - database.py:245 - INFO - ['極樂後宮姊妹丼的單行本']
2026-09-08 01:10:28 - mkk_pika - main.py:348 - INFO - ==================== 漫画信息 ====================
                                   漫画ID：5c9ce5c08fc1d654a121d197
                                   标题：しすたーず・サンドイッチ 淫姊蕩妹 肉慾的三明治
                                   作者：キャンベル議長
                                   是否完结：是
                                   总页数：226
                                   分类：長篇,純愛,單行本,後宮閃光,妹妹系,姐姐系,SM
                                   章节数：1
                                   最后更新时间：2019-03-28T15:18:24.645Z
                                   =================================================
2026-09-08 01:10:28 - mkk_pika - database.py:101 - INFO - 保存成功：しすたーず・サンドイッチ 淫姊蕩妹 肉慾的三明治
2026-09-08 01:10:28 - mkk_pika - main.py:35 - INFO - 开始检查(C93) フレンドの頼光ママとHする本是否存在未下载章节
2026-09-08 01:10:29 - mkk_pika - main.py:45 - INFO - 正在下载:[(C93) フレンドの頼光ママとHする本]-[梵人 (オジィ)]-[['同人', '短篇', 'Fate']]-[total_pages:36]
2026-09-08 01:10:29 - mkk_pika - main.py:49 - INFO - [{'_id': '5c0009600f43ce0699c1da70', 'title': '第1集', 'order': 1, 'updated_at': '2018-11-02T03:21:15.907Z', 'id': '5c0009600f43ce0699c1da70'}, {'_id': '5c9ce6448fc1d654a121d27c', 'title': '汉化', 'order': 2, 'updated_at': '2019-03-28T13:25:17.917Z', 'id': '5c9ce6448fc1d654a121d27c'}]
2026-09-08 01:10:29 - mkk_pika - database.py:215 - INFO - 第一次下载该漫画，记录数据库中
2026-09-08 01:10:29 - mkk_pika - main.py:83 - INFO - 找到 17 张图片在:第1集
2026-09-08 01:10:30 - mkk_pika - main.py:112 - INFO - [episode:第1集       ] downloaded:    17, total:  17, progress:100%
2026-09-08 01:10:30 - mkk_pika - database.py:238 - INFO - 数据库更新已下载章节
2026-09-08 01:10:30 - mkk_pika - database.py:244 - INFO - 该漫画已下载章节如下
2026-09-08 01:10:30 - mkk_pika - database.py:245 - INFO - ['第1集']
2026-09-08 01:10:32 - mkk_pika - main.py:83 - INFO - 找到 19 张图片在:汉化
2026-09-08 01:10:33 - mkk_pika - main.py:112 - INFO - [episode:汉化        ] downloaded:    19, total:  19, progress:100%
2026-09-08 01:10:33 - mkk_pika - database.py:238 - INFO - 数据库更新已下载章节
2026-09-08 01:10:33 - mkk_pika - database.py:244 - INFO - 该漫画已下载章节如下
2026-09-08 01:10:33 - mkk_pika - database.py:245 - INFO - ['第1集', '汉化']
2026-09-08 01:10:34 - mkk_pika - main.py:348 - INFO - ==================== 漫画信息 ====================
                                   漫画ID：5c0009600f43ce0699c1da6f
                                   标题：(C93) フレンドの頼光ママとHする本
                                   作者：梵人 (オジィ)
                                   是否完结：是
                                   总页数：36
                                   分类：同人,短篇,Fate
                                   章节数：2
                                   最后更新时间：2019-03-28T15:20:36.897Z
                                   =================================================
2026-09-08 01:10:34 - mkk_pika - database.py:101 - INFO - 保存成功：(C93) フレンドの頼光ママとHする本
2026-09-08 01:10:34 - mkk_pika - main.py:35 - INFO - 开始检查剣精霊エストの朝是否存在未下载章节
2026-09-08 01:10:35 - mkk_pika - main.py:45 - INFO - 正在下载:[剣精霊エストの朝]-[Resemble Blue (ゆく)]-[['同人', '短篇']]-[total_pages:24]
2026-09-08 01:10:35 - mkk_pika - main.py:49 - INFO - [{'_id': '5c9ce6675eb6825499b3fa49', 'title': '第1集', 'order': 1, 'updated_at': '2019-03-28T13:38:49.042Z', 'id': '5c9ce6675eb6825499b3fa49'}]
2026-09-08 01:10:35 - mkk_pika - database.py:215 - INFO - 第一次下载该漫画，记录数据库中
2026-09-08 01:10:35 - mkk_pika - main.py:83 - INFO - 找到 24 张图片在:第1集
2026-09-08 01:10:36 - mkk_pika - main.py:112 - INFO - [episode:第1集       ] downloaded:    24, total:  24, progress:100%
2026-09-08 01:10:36 - mkk_pika - database.py:238 - INFO - 数据库更新已下载章节
2026-09-08 01:10:36 - mkk_pika - database.py:244 - INFO - 该漫画已下载章节如下
2026-09-08 01:10:36 - mkk_pika - database.py:245 - INFO - ['第1集']
2026-09-08 01:10:38 - mkk_pika - main.py:348 - INFO - ==================== 漫画信息 ====================
                                   漫画ID：5c9ce6675eb6825499b3fa48
                                   标题：剣精霊エストの朝
                                   作者：Resemble Blue (ゆく)
                                   是否完结：否
                                   总页数：24
                                   分类：同人,短篇
                                   章节数：1
                                   最后更新时间：2019-03-28T15:21:11.417Z
                                   =================================================
2026-09-08 01:10:38 - mkk_pika - database.py:101 - INFO - 保存成功：剣精霊エストの朝
2026-09-08 01:10:38 - mkk_pika - main.py:35 - INFO - 开始检查絶対に勃起してはいけない鎮守府是否存在未下载章节
2026-09-08 01:10:38 - mkk_pika - main.py:45 - INFO - 正在下载:[絶対に勃起してはいけない鎮守府]-[スーパーまさら]-[['同人', '短篇', '扶他樂園', '艦隊收藏']]-[total_pages:19]
2026-09-08 01:10:38 - mkk_pika - main.py:49 - INFO - [{'_id': '5c9ce6a636bbd347145360b2', 'title': '第1集', 'order': 1, 'updated_at': '2019-03-28T13:45:02.845Z', 'id': '5c9ce6a636bbd347145360b2'}]
2026-09-08 01:10:38 - mkk_pika - database.py:215 - INFO - 第一次下载该漫画，记录数据库中
2026-09-08 01:10:39 - mkk_pika - main.py:83 - INFO - 找到 19 张图片在:第1集
2026-09-08 01:10:40 - mkk_pika - main.py:112 - INFO - [episode:第1集       ] downloaded:    19, total:  19, progress:100%
2026-09-08 01:10:40 - mkk_pika - database.py:238 - INFO - 数据库更新已下载章节
2026-09-08 01:10:40 - mkk_pika - database.py:244 - INFO - 该漫画已下载章节如下
2026-09-08 01:10:40 - mkk_pika - database.py:245 - INFO - ['第1集']
2026-09-08 01:10:41 - mkk_pika - main.py:348 - INFO - ==================== 漫画信息 ====================
                                   漫画ID：5c9ce6a636bbd347145360b1
                                   标题：絶対に勃起してはいけない鎮守府
                                   作者：スーパーまさら
                                   是否完结：否
                                   总页数：19
                                   分类：同人,短篇,扶他樂園,艦隊收藏
                                   章节数：1
                                   最后更新时间：2019-03-28T15:22:14.453Z
                                   =================================================
2026-09-08 01:10:41 - mkk_pika - database.py:101 - INFO - 保存成功：絶対に勃起してはいけない鎮守府
2026-09-08 01:10:41 - mkk_pika - main.py:35 - INFO - 开始检查センズリ名探偵野村卓哉と助手中瀬遥の事件簿 (COMIC快楽天 2019年1月号) [中国翻訳]是否存在未下载章节
2026-09-08 01:10:41 - mkk_pika - main.py:45 - INFO - 正在下载:[センズリ名探偵野村卓哉と助手中瀬遥の事件簿 (COMIC快楽天 2019年1月号) [中国翻訳]]-[むちゃ]-[['短篇']]-[total_pages:25]
2026-09-08 01:10:41 - mkk_pika - main.py:49 - INFO - [{'_id': '5c9ce76da550ec2474e7763c', 'title': '第1集', 'order': 1, 'updated_at': '2019-03-28T14:08:13.842Z', 'id': '5c9ce76da550ec2474e7763c'}]
2026-09-08 01:10:41 - mkk_pika - database.py:215 - INFO - 第一次下载该漫画，记录数据库中
2026-09-08 01:10:42 - mkk_pika - main.py:83 - INFO - 找到 25 张图片在:第1集
2026-09-08 01:10:43 - mkk_pika - main.py:112 - INFO - [episode:第1集       ] downloaded:    25, total:  25, progress:100%
2026-09-08 01:10:43 - mkk_pika - database.py:238 - INFO - 数据库更新已下载章节
2026-09-08 01:10:43 - mkk_pika - database.py:244 - INFO - 该漫画已下载章节如下
2026-09-08 01:10:43 - mkk_pika - database.py:245 - INFO - ['第1集']
2026-09-08 01:10:45 - mkk_pika - main.py:348 - INFO - ==================== 漫画信息 ====================
                                   漫画ID：5c9ce76da550ec2474e7763b
                                   标题：センズリ名探偵野村卓哉と助手中瀬遥の事件簿 (COMIC快楽天 2019年1月号) [中国翻訳]
                                   作者：むちゃ
                                   是否完结：是
                                   总页数：25
                                   分类：短篇
                                   章节数：1
                                   最后更新时间：2019-03-28T15:25:33.425Z
                                   =================================================
2026-09-08 01:10:45 - mkk_pika - database.py:101 - INFO - 保存成功：センズリ名探偵野村卓哉と助手中瀬遥の事件簿 (COMIC快楽天 2019年1月号) [中国翻訳]
2026-09-08 01:10:45 - mkk_pika - main.py:35 - INFO - 开始检查空洞化現象是否存在未下载章节
2026-09-08 01:10:45 - mkk_pika - main.py:45 - INFO - 正在下载:[空洞化現象]-[月世界 (元永尋也)]-[['同人', '短篇']]-[total_pages:69]
2026-09-08 01:10:45 - mkk_pika - main.py:49 - INFO - [{'_id': '5bae56e89103c5653631f7c5', 'title': '生肉', 'order': 1, 'updated_at': '2019-03-28T15:26:25.427Z', 'id': '5bae56e89103c5653631f7c5'}, {'_id': '5c9ce7a1a181613f68a36c9b', 'title': '熟肉', 'order': 2, 'updated_at': '2019-03-28T14:23:34.304Z', 'id': '5c9ce7a1a181613f68a36c9b'}]
2026-09-08 01:10:45 - mkk_pika - database.py:215 - INFO - 第一次下载该漫画，记录数据库中
2026-09-08 01:10:46 - mkk_pika - main.py:83 - INFO - 找到 34 张图片在:生肉
2026-09-08 01:10:48 - mkk_pika - main.py:112 - INFO - [episode:生肉        ] downloaded:    34, total:  34, progress:100%
2026-09-08 01:10:48 - mkk_pika - database.py:238 - INFO - 数据库更新已下载章节
2026-09-08 01:10:48 - mkk_pika - database.py:244 - INFO - 该漫画已下载章节如下
2026-09-08 01:10:48 - mkk_pika - database.py:245 - INFO - ['生肉']
2026-09-08 01:10:49 - mkk_pika - main.py:83 - INFO - 找到 35 张图片在:熟肉
2026-09-08 01:10:51 - mkk_pika - main.py:112 - INFO - [episode:熟肉        ] downloaded:    35, total:  35, progress:100%
2026-09-08 01:10:51 - mkk_pika - database.py:238 - INFO - 数据库更新已下载章节
2026-09-08 01:10:51 - mkk_pika - database.py:244 - INFO - 该漫画已下载章节如下
2026-09-08 01:10:51 - mkk_pika - database.py:245 - INFO - ['生肉', '熟肉']
2026-09-08 01:10:52 - mkk_pika - main.py:348 - INFO - ==================== 漫画信息 ====================
                                   漫画ID：5bae56e79103c5653631f7c4
                                   标题：空洞化現象
                                   作者：月世界 (元永尋也)
                                   是否完结：否
                                   总页数：69
                                   分类：同人,短篇
                                   章节数：2
                                   最后更新时间：2019-03-28T15:26:25.402Z
                                   =================================================
2026-09-08 01:10:52 - mkk_pika - database.py:101 - INFO - 保存成功：空洞化現象
2026-09-08 01:10:52 - mkk_pika - main.py:35 - INFO - 开始检查VIRGIN FLIGHT是否存在未下载章节
2026-09-08 01:10:53 - mkk_pika - main.py:45 - INFO - 正在下载:[VIRGIN FLIGHT]-[ストラトスフィア (ウルツ)]-[['同人', '短篇', '百合花園', 'Love Live']]-[total_pages:82]
2026-09-08 01:10:53 - mkk_pika - main.py:49 - INFO - [{'_id': '5baf53c0f966505ab465eb84', 'title': '生肉', 'order': 1, 'updated_at': '2019-03-28T15:27:55.355Z', 'id': '5baf53c0f966505ab465eb84'}, {'_id': '5c9ce7fbccd13254cb3d55b5', 'title': '熟肉', 'order': 2, 'updated_at': '2019-03-28T14:39:10.461Z', 'id': '5c9ce7fbccd13254cb3d55b5'}]
2026-09-08 01:10:53 - mkk_pika - database.py:215 - INFO - 第一次下载该漫画，记录数据库中
2026-09-08 01:10:53 - mkk_pika - main.py:83 - INFO - 找到 40 张图片在:生肉
2026-09-08 01:10:55 - mkk_pika - main.py:112 - INFO - [episode:生肉        ] downloaded:    40, total:  40, progress:100%
2026-09-08 01:10:55 - mkk_pika - database.py:238 - INFO - 数据库更新已下载章节
2026-09-08 01:10:55 - mkk_pika - database.py:244 - INFO - 该漫画已下载章节如下
2026-09-08 01:10:55 - mkk_pika - database.py:245 - INFO - ['生肉']
2026-09-08 01:10:57 - mkk_pika - main.py:83 - INFO - 找到 42 张图片在:熟肉
2026-09-08 01:10:59 - mkk_pika - main.py:112 - INFO - [episode:熟肉        ] downloaded:    42, total:  42, progress:100%
2026-09-08 01:10:59 - mkk_pika - database.py:238 - INFO - 数据库更新已下载章节
2026-09-08 01:10:59 - mkk_pika - database.py:244 - INFO - 该漫画已下载章节如下
2026-09-08 01:10:59 - mkk_pika - database.py:245 - INFO - ['生肉', '熟肉']
2026-09-08 01:11:01 - mkk_pika - main.py:348 - INFO - ==================== 漫画信息 ====================
                                   漫画ID：5baf53c0f966505ab465eb83
                                   标题：VIRGIN FLIGHT
                                   作者：ストラトスフィア (ウルツ)
                                   是否完结：否
                                   总页数：82
                                   分类：同人,短篇,百合花園,Love Live
                                   章节数：2
                                   最后更新时间：2019-03-28T15:27:55.332Z
                                   =================================================
2026-09-08 01:11:01 - mkk_pika - database.py:101 - INFO - 保存成功：VIRGIN FLIGHT
2026-09-08 01:11:01 - mkk_pika - main.py:35 - INFO - 开始检查堕天使X是否存在未下载章节
2026-09-08 01:11:01 - mkk_pika - main.py:45 - INFO - 正在下载:[堕天使X]-[LemonMaiden (蒼海)]-[['同人', '短篇']]-[total_pages:72]
2026-09-08 01:11:01 - mkk_pika - main.py:49 - INFO - [{'_id': '5baf93c4e25ac25a7c0ad594', 'title': '生肉', 'order': 1, 'updated_at': '2019-03-28T15:28:32.434Z', 'id': '5baf93c4e25ac25a7c0ad594'}, {'_id': '5c9ce8205eb6825499b3fa71', 'title': '熟肉', 'order': 2, 'updated_at': '2019-03-28T14:50:26.614Z', 'id': '5c9ce8205eb6825499b3fa71'}]
2026-09-08 01:11:01 - mkk_pika - database.py:215 - INFO - 第一次下载该漫画，记录数据库中
2026-09-08 01:11:02 - mkk_pika - main.py:83 - INFO - 找到 36 张图片在:生肉
2026-09-08 01:11:03 - mkk_pika - main.py:112 - INFO - [episode:生肉        ] downloaded:    36, total:  36, progress:100%
2026-09-08 01:11:03 - mkk_pika - database.py:238 - INFO - 数据库更新已下载章节
2026-09-08 01:11:03 - mkk_pika - database.py:244 - INFO - 该漫画已下载章节如下
2026-09-08 01:11:03 - mkk_pika - database.py:245 - INFO - ['生肉']
2026-09-08 01:11:05 - mkk_pika - main.py:83 - INFO - 找到 36 张图片在:熟肉
2026-09-08 01:11:07 - mkk_pika - main.py:112 - INFO - [episode:熟肉        ] downloaded:    36, total:  36, progress:100%
2026-09-08 01:11:07 - mkk_pika - database.py:238 - INFO - 数据库更新已下载章节
2026-09-08 01:11:07 - mkk_pika - database.py:244 - INFO - 该漫画已下载章节如下
2026-09-08 01:11:07 - mkk_pika - database.py:245 - INFO - ['生肉', '熟肉']
2026-09-08 01:11:08 - mkk_pika - main.py:348 - INFO - ==================== 漫画信息 ====================
                                   漫画ID：5baf93c4e25ac25a7c0ad593
                                   标题：堕天使X
                                   作者：LemonMaiden (蒼海)
                                   是否完结：否
                                   总页数：72
                                   分类：同人,短篇
                                   章节数：2
                                   最后更新时间：2019-03-28T15:28:32.404Z
                                   =================================================
2026-09-08 01:11:08 - mkk_pika - database.py:101 - INFO - 保存成功：堕天使X
2026-09-08 01:11:08 - mkk_pika - main.py:35 - INFO - 开始检查(C95)うさぎシンドローム4 (ご注文はうさぎですか)是否存在未下载章节
2026-09-08 01:11:08 - mkk_pika - main.py:45 - INFO - 正在下载:[(C95)うさぎシンドローム4 (ご注文はうさぎですか)]-[しらたまこ (しらたま)]-[['短篇', '同人', '純愛', '百合花園']]-[total_pages:1]
2026-09-08 01:11:08 - mkk_pika - main.py:49 - INFO - [{'_id': '5c9d689afd5d9d246ceb3349', 'title': '第1集', 'order': 1, 'updated_at': '2019-03-28T17:49:57.613Z', 'id': '5c9d689afd5d9d246ceb3349'}]
2026-09-08 01:11:08 - mkk_pika - database.py:215 - INFO - 第一次下载该漫画，记录数据库中
2026-09-08 01:11:09 - mkk_pika - main.py:83 - INFO - 找到 21 张图片在:第1集
2026-09-08 01:11:10 - mkk_pika - main.py:112 - INFO - [episode:第1集       ] downloaded:    21, total:  21, progress:100%
2026-09-08 01:11:10 - mkk_pika - database.py:238 - INFO - 数据库更新已下载章节
2026-09-08 01:11:10 - mkk_pika - database.py:244 - INFO - 该漫画已下载章节如下
2026-09-08 01:11:10 - mkk_pika - database.py:245 - INFO - ['第1集']
2026-09-08 01:11:12 - mkk_pika - main.py:348 - INFO - ==================== 漫画信息 ====================
                                   漫画ID：5c9d689afd5d9d246ceb3348
                                   标题：(C95)うさぎシンドローム4 (ご注文はうさぎですか)
                                   作者：しらたまこ (しらたま)
                                   是否完结：是
                                   总页数：1
                                   分类：短篇,同人,純愛,百合花園
                                   章节数：1
                                   最后更新时间：2019-03-29T00:36:42.823Z
                                   =================================================
2026-09-08 01:11:12 - mkk_pika - database.py:101 - INFO - 保存成功：(C95)うさぎシンドローム4 (ご注文はうさぎですか)
2026-09-08 01:11:12 - mkk_pika - main.py:35 - INFO - 开始检查 リスキーヘブン (COMIC 快楽天ビースト 2019年1月号) [中国翻訳] [DL版]是否存在未下载章节
2026-09-08 01:11:12 - mkk_pika - main.py:45 - INFO - 正在下载:[ リスキーヘブン (COMIC 快楽天ビースト 2019年1月号) [中国翻訳] [DL版]]-[kakao]-[['短篇']]-[total_pages:18]
2026-09-08 01:11:12 - mkk_pika - main.py:49 - INFO - [{'_id': '5c9d68deda4fbd54d784127a', 'title': '第1集', 'order': 1, 'updated_at': '2019-03-28T18:22:21.422Z', 'id': '5c9d68deda4fbd54d784127a'}]
2026-09-08 01:11:12 - mkk_pika - database.py:215 - INFO - 第一次下载该漫画，记录数据库中
2026-09-08 01:11:12 - mkk_pika - main.py:83 - INFO - 找到 18 张图片在:第1集
2026-09-08 01:11:14 - mkk_pika - main.py:112 - INFO - [episode:第1集       ] downloaded:    18, total:  18, progress:100%
2026-09-08 01:11:14 - mkk_pika - database.py:238 - INFO - 数据库更新已下载章节
2026-09-08 01:11:14 - mkk_pika - database.py:244 - INFO - 该漫画已下载章节如下
2026-09-08 01:11:14 - mkk_pika - database.py:245 - INFO - ['第1集']
2026-09-08 01:11:15 - mkk_pika - main.py:348 - INFO - ==================== 漫画信息 ====================
                                   漫画ID：5c9d68deda4fbd54d7841279
                                   标题： リスキーヘブン (COMIC 快楽天ビースト 2019年1月号) [中国翻訳] [DL版]
                                   作者：kakao
                                   是否完结：是
                                   总页数：18
                                   分类：短篇
                                   章节数：1
                                   最后更新时间：2019-03-29T00:37:50.925Z
                                   =================================================
2026-09-08 01:11:15 - mkk_pika - database.py:101 - INFO - 保存成功： リスキーヘブン (COMIC 快楽天ビースト 2019年1月号) [中国翻訳] [DL版]
2026-09-08 01:11:15 - mkk_pika - main.py:35 - INFO - 开始检查夏戦祭 系列是否存在未下载章节
2026-09-08 01:11:15 - mkk_pika - main.py:45 - INFO - 正在下载:[夏戦祭 系列]-[七式 (七瀬雅人)]-[['同人', '純愛', '短篇', '長篇']]-[total_pages:60]
2026-09-08 01:11:15 - mkk_pika - main.py:49 - INFO - [{'_id': '5c9df63536bbd3471453698e', 'title': '第1集', 'order': 1, 'updated_at': '2019-03-28T19:11:15.110Z', 'id': '5c9df63536bbd3471453698e'}, {'_id': '5c9df63536bbd3471453698f', 'title': '第2集', 'order': 2, 'updated_at': '2019-03-28T19:22:32.446Z', 'id': '5c9df63536bbd3471453698f'}]
2026-09-08 01:11:15 - mkk_pika - database.py:215 - INFO - 第一次下载该漫画，记录数据库中
2026-09-08 01:11:16 - mkk_pika - main.py:83 - INFO - 找到 29 张图片在:第1集
2026-09-08 01:11:17 - mkk_pika - main.py:112 - INFO - [episode:第1集       ] downloaded:    29, total:  29, progress:100%
2026-09-08 01:11:17 - mkk_pika - database.py:238 - INFO - 数据库更新已下载章节
2026-09-08 01:11:17 - mkk_pika - database.py:244 - INFO - 该漫画已下载章节如下
2026-09-08 01:11:17 - mkk_pika - database.py:245 - INFO - ['第1集']
2026-09-08 01:11:19 - mkk_pika - main.py:83 - INFO - 找到 31 张图片在:第2集
2026-09-08 01:11:21 - mkk_pika - main.py:112 - INFO - [episode:第2集       ] downloaded:    31, total:  31, progress:100%
2026-09-08 01:11:21 - mkk_pika - database.py:238 - INFO - 数据库更新已下载章节
2026-09-08 01:11:21 - mkk_pika - database.py:244 - INFO - 该漫画已下载章节如下
2026-09-08 01:11:21 - mkk_pika - database.py:245 - INFO - ['第1集', '第2集']
2026-09-08 01:11:22 - mkk_pika - main.py:348 - INFO - ==================== 漫画信息 ====================
                                   漫画ID：5c9df63536bbd3471453698d
                                   标题：夏戦祭 系列
                                   作者：七式 (七瀬雅人)
                                   是否完结：否
                                   总页数：60
                                   分类：同人,純愛,短篇,長篇
                                   章节数：2
                                   最后更新时间：2019-03-29T10:40:53.680Z
                                   =================================================
2026-09-08 01:11:22 - mkk_pika - database.py:101 - INFO - 保存成功：夏戦祭 系列
2026-09-08 01:11:22 - mkk_pika - main.py:35 - INFO - 开始检查また明日是否存在未下载章节
2026-09-08 01:11:22 - mkk_pika - main.py:45 - INFO - 正在下载:[また明日]-[うみいたち (びーだま)]-[['同人', '短篇', '非人類']]-[total_pages:20]
2026-09-08 01:11:22 - mkk_pika - main.py:49 - INFO - [{'_id': '5c9df648f5222946dbcdea27', 'title': '第1集', 'order': 1, 'updated_at': '2019-03-28T19:32:30.653Z', 'id': '5c9df648f5222946dbcdea27'}]
2026-09-08 01:11:22 - mkk_pika - database.py:215 - INFO - 第一次下载该漫画，记录数据库中
2026-09-08 01:11:23 - mkk_pika - main.py:83 - INFO - 找到 20 张图片在:第1集
2026-09-08 01:11:24 - mkk_pika - main.py:112 - INFO - [episode:第1集       ] downloaded:    20, total:  20, progress:100%
2026-09-08 01:11:24 - mkk_pika - database.py:238 - INFO - 数据库更新已下载章节
2026-09-08 01:11:24 - mkk_pika - database.py:244 - INFO - 该漫画已下载章节如下
2026-09-08 01:11:24 - mkk_pika - database.py:245 - INFO - ['第1集']
2026-09-08 01:11:25 - mkk_pika - main.py:348 - INFO - ==================== 漫画信息 ====================
                                   漫画ID：5c9df648f5222946dbcdea26
                                   标题：また明日
                                   作者：うみいたち (びーだま)
                                   是否完结：否
                                   总页数：20
                                   分类：同人,短篇,非人類
                                   章节数：1
                                   最后更新时间：2019-03-29T10:41:12.845Z
                                   =================================================
2026-09-08 01:11:25 - mkk_pika - database.py:101 - INFO - 保存成功：また明日
2026-09-08 01:11:25 - mkk_pika - main.py:35 - INFO - 开始检查センズリ名探偵野村卓哉と助手中瀬遥の事件簿 (COMIC快楽天 2019年1月号)[無修正]是否存在未下载章节
2026-09-08 01:11:26 - mkk_pika - main.py:45 - INFO - 正在下载:[センズリ名探偵野村卓哉と助手中瀬遥の事件簿 (COMIC快楽天 2019年1月号)[無修正]]-[むちゃ]-[['短篇']]-[total_pages:24]
2026-09-08 01:11:26 - mkk_pika - main.py:49 - INFO - [{'_id': '5c9df78b5eb6825499b3feb6', 'title': '第1集', 'order': 1, 'updated_at': '2019-03-29T02:00:44.823Z', 'id': '5c9df78b5eb6825499b3feb6'}]
2026-09-08 01:11:26 - mkk_pika - database.py:215 - INFO - 第一次下载该漫画，记录数据库中
2026-09-08 01:11:26 - mkk_pika - main.py:83 - INFO - 找到 24 张图片在:第1集
2026-09-08 01:11:28 - mkk_pika - main.py:112 - INFO - [episode:第1集       ] downloaded:    24, total:  24, progress:100%
2026-09-08 01:11:28 - mkk_pika - database.py:238 - INFO - 数据库更新已下载章节
2026-09-08 01:11:28 - mkk_pika - database.py:244 - INFO - 该漫画已下载章节如下
2026-09-08 01:11:28 - mkk_pika - database.py:245 - INFO - ['第1集']
2026-09-08 01:11:29 - mkk_pika - main.py:348 - INFO - ==================== 漫画信息 ====================
                                   漫画ID：5c9df78b5eb6825499b3feb5
                                   标题：センズリ名探偵野村卓哉と助手中瀬遥の事件簿 (COMIC快楽天 2019年1月号)[無修正]
                                   作者：むちゃ
                                   是否完结：否
                                   总页数：24
                                   分类：短篇
                                   章节数：1
                                   最后更新时间：2019-03-29T10:46:35.164Z
                                   =================================================
2026-09-08 01:11:29 - mkk_pika - database.py:101 - INFO - 保存成功：センズリ名探偵野村卓哉と助手中瀬遥の事件簿 (COMIC快楽天 2019年1月号)[無修正]
2026-09-08 01:11:29 - mkk_pika - main.py:35 - INFO - 开始检查Smashing！ (COMIC快楽天ビースト 2018年7月号)[無修正]是否存在未下载章节
2026-09-08 01:11:30 - mkk_pika - main.py:45 - INFO - 正在下载:[Smashing！ (COMIC快楽天ビースト 2018年7月号)[無修正]]-[こっぺ]-[['短篇']]-[total_pages:22]
2026-09-08 01:11:30 - mkk_pika - main.py:49 - INFO - [{'_id': '5c9df79b471d9246e1a4a3a4', 'title': '第1集', 'order': 1, 'updated_at': '2019-03-29T02:20:08.978Z', 'id': '5c9df79b471d9246e1a4a3a4'}]
2026-09-08 01:11:30 - mkk_pika - database.py:215 - INFO - 第一次下载该漫画，记录数据库中
2026-09-08 01:11:30 - mkk_pika - main.py:83 - INFO - 找到 22 张图片在:第1集
2026-09-08 01:11:31 - mkk_pika - main.py:112 - INFO - [episode:第1集       ] downloaded:    22, total:  22, progress:100%
2026-09-08 01:11:31 - mkk_pika - database.py:238 - INFO - 数据库更新已下载章节
2026-09-08 01:11:31 - mkk_pika - database.py:244 - INFO - 该漫画已下载章节如下
2026-09-08 01:11:31 - mkk_pika - database.py:245 - INFO - ['第1集']
2026-09-08 01:11:33 - mkk_pika - main.py:348 - INFO - ==================== 漫画信息 ====================
                                   漫画ID：5c9df79b471d9246e1a4a3a3
                                   标题：Smashing！ (COMIC快楽天ビースト 2018年7月号)[無修正]
                                   作者：こっぺ
                                   是否完结：否
                                   总页数：22
                                   分类：短篇
                                   章节数：1
                                   最后更新时间：2019-03-29T10:46:51.682Z
                                   =================================================
2026-09-08 01:11:33 - mkk_pika - database.py:101 - INFO - 保存成功：Smashing！ (COMIC快楽天ビースト 2018年7月号)[無修正]
2026-09-08 01:11:33 - mkk_pika - main.py:35 - INFO - 开始检查Smashing!! 2 (COMIC快楽天ビースト 2019年3月号) [無修正]是否存在未下载章节
2026-09-08 01:11:33 - mkk_pika - main.py:45 - INFO - 正在下载:[Smashing!! 2 (COMIC快楽天ビースト 2019年3月号) [無修正]]-[こっぺ]-[['短篇']]-[total_pages:18]
2026-09-08 01:11:33 - mkk_pika - main.py:49 - INFO - [{'_id': '5c9df7aaccd13254cb3d5a78', 'title': '第1集', 'order': 1, 'updated_at': '2019-03-29T02:25:32.312Z', 'id': '5c9df7aaccd13254cb3d5a78'}]
2026-09-08 01:11:33 - mkk_pika - database.py:215 - INFO - 第一次下载该漫画，记录数据库中
2026-09-08 01:11:34 - mkk_pika - main.py:83 - INFO - 找到 18 张图片在:第1集
2026-09-08 01:11:35 - mkk_pika - main.py:112 - INFO - [episode:第1集       ] downloaded:    18, total:  18, progress:100%
2026-09-08 01:11:35 - mkk_pika - database.py:238 - INFO - 数据库更新已下载章节
2026-09-08 01:11:35 - mkk_pika - database.py:244 - INFO - 该漫画已下载章节如下
2026-09-08 01:11:35 - mkk_pika - database.py:245 - INFO - ['第1集']
2026-09-08 01:11:36 - mkk_pika - main.py:348 - INFO - ==================== 漫画信息 ====================
                                   漫画ID：5c9df7aaccd13254cb3d5a77
                                   标题：Smashing!! 2 (COMIC快楽天ビースト 2019年3月号) [無修正]
                                   作者：こっぺ
                                   是否完结：否
                                   总页数：18
                                   分类：短篇
                                   章节数：1
                                   最后更新时间：2019-03-29T10:47:06.703Z
                                   =================================================
2026-09-08 01:11:36 - mkk_pika - database.py:101 - INFO - 保存成功：Smashing!! 2 (COMIC快楽天ビースト 2019年3月号) [無修正]
2026-09-08 01:11:36 - mkk_pika - main.py:35 - INFO - 开始检查ひ・み・つ（汉）是否存在未下载章节
2026-09-08 01:11:37 - mkk_pika - main.py:45 - INFO - 正在下载:[ひ・み・つ（汉）]-[ぺたパン (あきのそら)]-[['短篇']]-[total_pages:30]
2026-09-08 01:11:37 - mkk_pika - main.py:49 - INFO - [{'_id': '5c9df7c1471d9246e1a4a3bc', 'title': '第1集', 'order': 1, 'updated_at': '2019-03-29T02:51:57.655Z', 'id': '5c9df7c1471d9246e1a4a3bc'}]
2026-09-08 01:11:37 - mkk_pika - database.py:215 - INFO - 第一次下载该漫画，记录数据库中
2026-09-08 01:11:37 - mkk_pika - main.py:83 - INFO - 找到 30 张图片在:第1集
2026-09-08 01:11:39 - mkk_pika - main.py:112 - INFO - [episode:第1集       ] downloaded:    30, total:  30, progress:100%
2026-09-08 01:11:39 - mkk_pika - database.py:238 - INFO - 数据库更新已下载章节
2026-09-08 01:11:39 - mkk_pika - database.py:244 - INFO - 该漫画已下载章节如下
2026-09-08 01:11:39 - mkk_pika - database.py:245 - INFO - ['第1集']
2026-09-08 01:11:40 - mkk_pika - main.py:348 - INFO - ==================== 漫画信息 ====================
                                   漫画ID：5c9df7c1471d9246e1a4a3bb
                                   标题：ひ・み・つ（汉）
                                   作者：ぺたパン (あきのそら)
                                   是否完结：是
                                   总页数：30
                                   分类：短篇
                                   章节数：1
                                   最后更新时间：2019-03-29T10:47:29.272Z
                                   =================================================
2026-09-08 01:11:40 - mkk_pika - database.py:101 - INFO - 保存成功：ひ・み・つ（汉）
2026-09-08 01:11:40 - mkk_pika - main.py:35 - INFO - 开始检查ヴァンパレイド2 ～吸血鬼 三姉妹 捕縛編～是否存在未下载章节
2026-09-08 01:11:41 - mkk_pika - main.py:45 - INFO - 正在下载:[ヴァンパレイド2 ～吸血鬼 三姉妹 捕縛編～]-[トンテン牢獄 (トンテン)]-[['短篇', 'SM']]-[total_pages:42]
2026-09-08 01:11:41 - mkk_pika - main.py:49 - INFO - [{'_id': '5bd167643e52c77597c6aeac', 'title': '生肉', 'order': 1, 'updated_at': '2019-03-29T10:48:14.274Z', 'id': '5bd167643e52c77597c6aeac'}, {'_id': '5c9df7ee4da2213f5a2e354e', 'title': '熟肉', 'order': 2, 'updated_at': '2019-03-29T04:10:49.242Z', 'id': '5c9df7ee4da2213f5a2e354e'}]
2026-09-08 01:11:41 - mkk_pika - database.py:215 - INFO - 第一次下载该漫画，记录数据库中
2026-09-08 01:11:41 - mkk_pika - main.py:83 - INFO - 找到 19 张图片在:生肉
2026-09-08 01:11:42 - mkk_pika - main.py:112 - INFO - [episode:生肉        ] downloaded:    19, total:  19, progress:100%
2026-09-08 01:11:42 - mkk_pika - database.py:238 - INFO - 数据库更新已下载章节
2026-09-08 01:11:42 - mkk_pika - database.py:244 - INFO - 该漫画已下载章节如下
2026-09-08 01:11:42 - mkk_pika - database.py:245 - INFO - ['生肉']
2026-09-08 01:11:44 - mkk_pika - main.py:83 - INFO - 找到 23 张图片在:熟肉
2026-09-08 01:11:45 - mkk_pika - main.py:112 - INFO - [episode:熟肉        ] downloaded:    23, total:  23, progress:100%
2026-09-08 01:11:45 - mkk_pika - database.py:238 - INFO - 数据库更新已下载章节
2026-09-08 01:11:45 - mkk_pika - database.py:244 - INFO - 该漫画已下载章节如下
2026-09-08 01:11:45 - mkk_pika - database.py:245 - INFO - ['生肉', '熟肉']
2026-09-08 01:11:46 - mkk_pika - main.py:348 - INFO - ==================== 漫画信息 ====================
                                   漫画ID：5bd167643e52c77597c6aeab
                                   标题：ヴァンパレイド2 ～吸血鬼 三姉妹 捕縛編～
                                   作者：トンテン牢獄 (トンテン)
                                   是否完结：否
                                   总页数：42
                                   分类：短篇,SM
                                   章节数：2
                                   最后更新时间：2019-03-29T10:48:14.249Z
                                   =================================================
2026-09-08 01:11:46 - mkk_pika - database.py:101 - INFO - 保存成功：ヴァンパレイド2 ～吸血鬼 三姉妹 捕縛編～
2026-09-08 01:11:46 - mkk_pika - main.py:35 - INFO - 开始检查奴隷飼育公寓1・若妻啼泣調教編是否存在未下载章节
2026-09-08 01:11:47 - mkk_pika - main.py:45 - INFO - 正在下载:[奴隷飼育公寓1・若妻啼泣調教編]-[纳屋]-[['人妻']]-[total_pages:44]
2026-09-08 01:11:47 - mkk_pika - main.py:49 - INFO - [{'_id': '5c9df7fe126fac3f54b1c246', 'title': '第1集', 'order': 1, 'updated_at': '2019-03-29T04:11:36.664Z', 'id': '5c9df7fe126fac3f54b1c246'}]
2026-09-08 01:11:47 - mkk_pika - database.py:215 - INFO - 第一次下载该漫画，记录数据库中
2026-09-08 01:11:48 - mkk_pika - main.py:83 - INFO - 找到 44 张图片在:第1集
2026-09-08 01:11:50 - mkk_pika - main.py:112 - INFO - [episode:第1集       ] downloaded:    44, total:  44, progress:100%
2026-09-08 01:11:50 - mkk_pika - database.py:238 - INFO - 数据库更新已下载章节
2026-09-08 01:11:50 - mkk_pika - database.py:244 - INFO - 该漫画已下载章节如下
2026-09-08 01:11:50 - mkk_pika - database.py:245 - INFO - ['第1集']
2026-09-08 01:11:51 - mkk_pika - main.py:348 - INFO - ==================== 漫画信息 ====================
                                   漫画ID：5c9df7fe126fac3f54b1c245
                                   标题：奴隷飼育公寓1・若妻啼泣調教編
                                   作者：纳屋
                                   是否完结：否
                                   总页数：44
                                   分类：人妻
                                   章节数：1
                                   最后更新时间：2019-03-29T10:48:30.148Z
                                   =================================================
2026-09-08 01:11:51 - mkk_pika - database.py:101 - INFO - 保存成功：奴隷飼育公寓1・若妻啼泣調教編
2026-09-08 01:11:51 - mkk_pika - main.py:35 - INFO - 开始检查NAYA-奴隷飼育公寓2・女王号泣折槛编是否存在未下载章节
2026-09-08 01:11:52 - mkk_pika - main.py:45 - INFO - 正在下载:[NAYA-奴隷飼育公寓2・女王号泣折槛编]-[纳屋]-[['人妻']]-[total_pages:52]
2026-09-08 01:11:52 - mkk_pika - main.py:49 - INFO - [{'_id': '5c9df899fd5d9d246ceb373d', 'title': '第1集', 'order': 1, 'updated_at': '2019-03-29T07:40:50.620Z', 'id': '5c9df899fd5d9d246ceb373d'}]
2026-09-08 01:11:52 - mkk_pika - database.py:215 - INFO - 第一次下载该漫画，记录数据库中
2026-09-08 01:11:53 - mkk_pika - main.py:83 - INFO - 找到 52 张图片在:第1集
2026-09-08 01:11:55 - mkk_pika - main.py:112 - INFO - [episode:第1集       ] downloaded:    52, total:  52, progress:100%
2026-09-08 01:11:55 - mkk_pika - database.py:238 - INFO - 数据库更新已下载章节
2026-09-08 01:11:55 - mkk_pika - database.py:244 - INFO - 该漫画已下载章节如下
2026-09-08 01:11:55 - mkk_pika - database.py:245 - INFO - ['第1集']
2026-09-08 01:11:57 - mkk_pika - main.py:348 - INFO - ==================== 漫画信息 ====================
                                   漫画ID：5c9df899fd5d9d246ceb373c
                                   标题：NAYA-奴隷飼育公寓2・女王号泣折槛编
                                   作者：纳屋
                                   是否完结：否
                                   总页数：52
                                   分类：人妻
                                   章节数：1
                                   最后更新时间：2019-03-29T10:51:05.541Z
                                   =================================================
2026-09-08 01:11:57 - mkk_pika - database.py:101 - INFO - 保存成功：NAYA-奴隷飼育公寓2・女王号泣折槛编
2026-09-08 01:11:57 - mkk_pika - main.py:35 - INFO - 开始检查牝課長 女下座是否存在未下载章节
2026-09-08 01:11:57 - mkk_pika - main.py:45 - INFO - 正在下载:[牝課長 女下座]-[甚助屋 (甚助)]-[['短篇']]-[total_pages:31]
2026-09-08 01:11:57 - mkk_pika - main.py:49 - INFO - [{'_id': '5c9df8ee5eb6825499b3ff42', 'title': '第1集', 'order': 1, 'updated_at': '2019-03-29T10:45:11.735Z', 'id': '5c9df8ee5eb6825499b3ff42'}]
2026-09-08 01:11:57 - mkk_pika - database.py:215 - INFO - 第一次下载该漫画，记录数据库中
2026-09-08 01:11:58 - mkk_pika - main.py:83 - INFO - 找到 31 张图片在:第1集
2026-09-08 01:11:59 - mkk_pika - main.py:112 - INFO - [episode:第1集       ] downloaded:    31, total:  31, progress:100%
2026-09-08 01:11:59 - mkk_pika - database.py:238 - INFO - 数据库更新已下载章节
2026-09-08 01:11:59 - mkk_pika - database.py:244 - INFO - 该漫画已下载章节如下
2026-09-08 01:11:59 - mkk_pika - database.py:245 - INFO - ['第1集']
2026-09-08 01:12:01 - mkk_pika - main.py:348 - INFO - ==================== 漫画信息 ====================
                                   漫画ID：5c9df8ee5eb6825499b3ff41
                                   标题：牝課長 女下座
                                   作者：甚助屋 (甚助)
                                   是否完结：是
                                   总页数：31
                                   分类：短篇
                                   章节数：1
                                   最后更新时间：2019-03-29T10:52:30.171Z
                                   =================================================
2026-09-08 01:12:01 - mkk_pika - database.py:101 - INFO - 保存成功：牝課長 女下座
2026-09-08 01:12:01 - mkk_pika - main.py:380 - INFO - 本次任务下载完毕
2026-09-08 01:12:01 - mkk_pika - database.py:173 - INFO - 数据库连接已关闭
