2026-08-04 00:14:22 - mkk_pika - main.py:193 - INFO - =======================================================================
2026-08-04 00:14:22 - mkk_pika - database.py:61 - INFO - 表和索引初始化成功
2026-08-04 00:14:22 - mkk_pika - main.py:197 - INFO - 已经累计下载18214本漫画
2026-08-04 00:14:23 - mkk_pika - api.py:87 - INFO - 登录成功
2026-08-04 00:14:23 - mkk_pika - main.py:203 - INFO - 收藏夹共计0本漫画
2026-08-04 00:14:23 - mkk_pika - main.py:206 - INFO - 开始下载收藏夹内未下载内容
2026-08-04 00:14:23 - mkk_pika - main.py:266 - INFO - 收藏夹内容下载完毕
2026-08-04 00:14:23 - mkk_pika - main.py:268 - INFO - 开始下载订阅内容
2026-08-04 00:14:23 - mkk_pika - database.py:258 - INFO - 根据ID查询到标题：萝莉 -> バイト中のゆ〜わく
2026-08-04 00:14:24 - mkk_pika - database.py:101 - INFO - 保存成功：ぬきたし-抜きゲーみたいな島に住んでるわたしはどうすりゃいいですか R [中国翻译]
2026-08-04 00:14:24 - mkk_pika - main.py:273 - INFO - 关键词萝莉找到1本漫画
2026-08-04 00:14:24 - mkk_pika - database.py:258 - INFO - 根据ID查询到标题：蘿莉 -> Pan x Oolong（AI）
2026-08-04 00:14:24 - mkk_pika - database.py:101 - INFO - 保存成功：陽菜ちゃん調教日記|阳菜酱的调教日记 [中国翻译][進行中]
2026-08-04 00:14:24 - mkk_pika - main.py:273 - INFO - 关键词蘿莉找到4本漫画
2026-08-04 00:14:24 - mkk_pika - main.py:275 - INFO - 订阅内容共计5本漫画
2026-08-04 00:14:24 - mkk_pika - main.py:35 - INFO - 开始检查陽菜ちゃん調教日記|阳菜酱的调教日记 [中国翻译][進行中]是否存在未下载章节
2026-08-04 00:14:25 - mkk_pika - database.py:203 - INFO - 查询数据库中是否已存在第1話全彩生肉
2026-08-04 00:14:25 - mkk_pika - database.py:203 - INFO - 查询数据库中是否已存在第1話熟肉95p
2026-08-04 00:14:25 - mkk_pika - database.py:203 - INFO - 查询数据库中是否已存在第1話熟肉98p
2026-08-04 00:14:25 - mkk_pika - main.py:45 - INFO - 正在下载:[陽菜ちゃん調教日記|阳菜酱的调教日记 [中国翻译][進行中]]-[OKINA]-[['全彩', '長篇', 'SM']]-[total_pages:-1]
2026-08-04 00:14:25 - mkk_pika - main.py:49 - INFO - [{'_id': '6a70ce6e5efa782ace7f0537', 'title': '第1話熟肉98p', 'order': 3, 'updated_at': '2026-08-03T12:00:31.229Z', 'id': '6a70ce6e5efa782ace7f0537'}]
2026-08-04 00:14:26 - mkk_pika - main.py:83 - INFO - 找到 98 张图片在:第1話熟肉98p
2026-08-04 00:14:35 - mkk_pika - main.py:112 - INFO - [episode:第1話熟肉98p  ] downloaded:    98, total:  98, progress:100%
2026-08-04 00:14:35 - mkk_pika - database.py:238 - INFO - 数据库更新已下载章节
2026-08-04 00:14:35 - mkk_pika - database.py:244 - INFO - 该漫画已下载章节如下
2026-08-04 00:14:35 - mkk_pika - database.py:245 - INFO - ['第1話全彩生肉', '第1話全彩熟肉', '第1話全彩熟肉80p', '第1話熟肉95p', '第1話熟肉98p']
2026-08-04 00:14:36 - mkk_pika - main.py:292 - INFO - ==================== 漫画信息 ====================
                                漫画ID：68dd17e83c6fe63b068bea88
                                标题：陽菜ちゃん調教日記|阳菜酱的调教日记 [中国翻译][進行中]
                                作者：OKINA
                                是否完结：否
                                总页数：272
                                分类：全彩,長篇,SM
                                章节数：3
                                最后更新时间：2026-05-08T16:48:41.948Z
                                =================================================
2026-08-04 00:14:36 - mkk_pika - database.py:101 - INFO - 保存成功：陽菜ちゃん調教日記|阳菜酱的调教日记 [中国翻译][進行中]
2026-08-04 00:14:36 - mkk_pika - main.py:35 - INFO - 开始检查うちのル・マランが寝取られた件 | 关于我家的恶毒被睡走这件事（AI）是否存在未下载章节
2026-08-04 00:14:37 - mkk_pika - main.py:45 - INFO - 正在下载:[うちのル・マランが寝取られた件 | 关于我家的恶毒被睡走这件事（AI）]-[Magakiiii]-[['全彩', '短篇', '同人', 'NTR']]-[total_pages:-1]
2026-08-04 00:14:37 - mkk_pika - main.py:49 - INFO - [{'_id': '6a6f87856f159437f108a1b6', 'title': '生肉', 'order': 1, 'updated_at': '2026-08-03T17:24:22.995Z', 'id': '6a6f87856f159437f108a1b6'}, {'_id': '6a70cec65efa782ace7f05a5', 'title': '熟肉', 'order': 2, 'updated_at': '2026-08-03T12:09:14.149Z', 'id': '6a70cec65efa782ace7f05a5'}]
2026-08-04 00:14:37 - mkk_pika - database.py:215 - INFO - 第一次下载该漫画，记录数据库中
2026-08-04 00:14:37 - mkk_pika - main.py:83 - INFO - 找到 56 张图片在:生肉
2026-08-04 00:14:40 - mkk_pika - main.py:112 - INFO - [episode:生肉        ] downloaded:    56, total:  56, progress:100%
2026-08-04 00:14:40 - mkk_pika - database.py:238 - INFO - 数据库更新已下载章节
2026-08-04 00:14:40 - mkk_pika - database.py:244 - INFO - 该漫画已下载章节如下
2026-08-04 00:14:40 - mkk_pika - database.py:245 - INFO - ['生肉']
2026-08-04 00:14:42 - mkk_pika - main.py:83 - INFO - 找到 56 张图片在:熟肉
2026-08-04 00:14:46 - mkk_pika - main.py:112 - INFO - [episode:熟肉        ] downloaded:    56, total:  56, progress:100%
2026-08-04 00:14:46 - mkk_pika - database.py:238 - INFO - 数据库更新已下载章节
2026-08-04 00:14:46 - mkk_pika - database.py:244 - INFO - 该漫画已下载章节如下
2026-08-04 00:14:46 - mkk_pika - database.py:245 - INFO - ['生肉', '熟肉']
2026-08-04 00:14:48 - mkk_pika - main.py:292 - INFO - ==================== 漫画信息 ====================
                                漫画ID：6a6f87856f159437f108a1b5
                                标题：うちのル・マランが寝取られた件 | 关于我家的恶毒被睡走这件事（AI）
                                作者：Magakiiii
                                是否完结：否
                                总页数：112
                                分类：全彩,短篇,同人,NTR
                                章节数：2
                                最后更新时间：2026-08-03T17:24:22.984Z
                                =================================================
2026-08-04 00:14:48 - mkk_pika - database.py:101 - INFO - 保存成功：うちのル・マランが寝取られた件 | 关于我家的恶毒被睡走这件事（AI）
2026-08-04 00:14:48 - mkk_pika - main.py:35 - INFO - 开始检查陽菜ちゃん調教日記|阳菜酱的调教日记 [中国翻译][進行中]是否存在未下载章节
2026-08-04 00:14:48 - mkk_pika - database.py:203 - INFO - 查询数据库中是否已存在第1話全彩生肉
2026-08-04 00:14:48 - mkk_pika - database.py:203 - INFO - 查询数据库中是否已存在第1話熟肉95p
2026-08-04 00:14:48 - mkk_pika - database.py:203 - INFO - 查询数据库中是否已存在第1話熟肉98p
2026-08-04 00:14:48 - mkk_pika - main.py:51 - INFO - 陽菜ちゃん調教日記|阳菜酱的调教日记 [中国翻译][進行中]中没有可下载章节
2026-08-04 00:14:48 - mkk_pika - main.py:292 - INFO - ==================== 漫画信息 ====================
                                漫画ID：68dd17e83c6fe63b068bea88
                                标题：陽菜ちゃん調教日記|阳菜酱的调教日记 [中国翻译][進行中]
                                作者：OKINA
                                是否完结：否
                                总页数：272
                                分类：全彩,長篇,SM
                                章节数：3
                                最后更新时间：2026-05-08T16:48:41.948Z
                                =================================================
2026-08-04 00:14:48 - mkk_pika - database.py:101 - INFO - 保存成功：陽菜ちゃん調教日記|阳菜酱的调教日记 [中国翻译][進行中]
2026-08-04 00:14:48 - mkk_pika - main.py:35 - INFO - 开始检查はだかぐらし祭 [DL版][中国翻译][進行中]是否存在未下载章节
2026-08-04 00:14:48 - mkk_pika - main.py:45 - INFO - 正在下载:[はだかぐらし祭 [DL版][中国翻译][進行中]]-[アガタ]-[['長篇', '單行本', '後宮閃光']]-[total_pages:-1]
2026-08-04 00:14:48 - mkk_pika - main.py:49 - INFO - [{'_id': '688f51f6b60f8341a18c187b', 'title': '生肉', 'order': 1, 'updated_at': '2025-08-02T18:29:18.153Z', 'id': '688f51f6b60f8341a18c187b'}, {'_id': '68d53376568fbd1dea96315f', 'title': '第8話熟肉', 'order': 2, 'updated_at': '2025-09-24T12:00:55.472Z', 'id': '68d53376568fbd1dea96315f'}, {'_id': '693af490b64367129096d6eb', 'title': '第9話熟肉', 'order': 3, 'updated_at': '2025-12-11T04:07:52.757Z', 'id': '693af490b64367129096d6eb'}, {'_id': '693af490b64367129096d6ec', 'title': '第10話熟肉', 'order': 4, 'updated_at': '2025-12-11T04:08:59.867Z', 'id': '693af490b64367129096d6ec'}, {'_id': '693af490b64367129096d6ed', 'title': '第11話熟肉', 'order': 5, 'updated_at': '2025-12-11T04:10:52.412Z', 'id': '693af490b64367129096d6ed'}, {'_id': '6a70cddd21106c2a3c359499', 'title': 'Sakura机翻汉化测试', 'order': 6, 'updated_at': '2026-08-03T11:33:09.502Z', 'id': '6a70cddd21106c2a3c359499'}]
2026-08-04 00:14:48 - mkk_pika - database.py:215 - INFO - 第一次下载该漫画，记录数据库中
2026-08-04 00:14:50 - mkk_pika - main.py:83 - INFO - 找到 204 张图片在:生肉
2026-08-04 00:15:16 - mkk_pika - main.py:112 - INFO - [episode:生肉        ] downloaded:   204, total: 204, progress:100%
2026-08-04 00:15:16 - mkk_pika - database.py:238 - INFO - 数据库更新已下载章节
2026-08-04 00:15:16 - mkk_pika - database.py:244 - INFO - 该漫画已下载章节如下
2026-08-04 00:15:16 - mkk_pika - database.py:245 - INFO - ['生肉']
2026-08-04 00:15:18 - mkk_pika - main.py:83 - INFO - 找到 35 张图片在:第8話熟肉
2026-08-04 00:15:19 - mkk_pika - main.py:112 - INFO - [episode:第8話熟肉     ] downloaded:    35, total:  35, progress:100%
2026-08-04 00:15:19 - mkk_pika - database.py:238 - INFO - 数据库更新已下载章节
2026-08-04 00:15:19 - mkk_pika - database.py:244 - INFO - 该漫画已下载章节如下
2026-08-04 00:15:19 - mkk_pika - database.py:245 - INFO - ['生肉', '第8話熟肉']
2026-08-04 00:15:21 - mkk_pika - main.py:83 - INFO - 找到 27 张图片在:第9話熟肉
2026-08-04 00:15:22 - mkk_pika - main.py:112 - INFO - [episode:第9話熟肉     ] downloaded:    27, total:  27, progress:100%
2026-08-04 00:15:22 - mkk_pika - database.py:238 - INFO - 数据库更新已下载章节
2026-08-04 00:15:22 - mkk_pika - database.py:244 - INFO - 该漫画已下载章节如下
2026-08-04 00:15:22 - mkk_pika - database.py:245 - INFO - ['生肉', '第8話熟肉', '第9話熟肉']
2026-08-04 00:15:24 - mkk_pika - main.py:83 - INFO - 找到 25 张图片在:第10話熟肉
2026-08-04 00:15:25 - mkk_pika - main.py:112 - INFO - [episode:第10話熟肉    ] downloaded:    25, total:  25, progress:100%
2026-08-04 00:15:25 - mkk_pika - database.py:238 - INFO - 数据库更新已下载章节
2026-08-04 00:15:25 - mkk_pika - database.py:244 - INFO - 该漫画已下载章节如下
2026-08-04 00:15:25 - mkk_pika - database.py:245 - INFO - ['生肉', '第8話熟肉', '第9話熟肉', '第10話熟肉']
2026-08-04 00:15:27 - mkk_pika - main.py:83 - INFO - 找到 27 张图片在:第11話熟肉
2026-08-04 00:15:28 - mkk_pika - main.py:112 - INFO - [episode:第11話熟肉    ] downloaded:    27, total:  27, progress:100%
2026-08-04 00:15:28 - mkk_pika - database.py:238 - INFO - 数据库更新已下载章节
2026-08-04 00:15:28 - mkk_pika - database.py:244 - INFO - 该漫画已下载章节如下
2026-08-04 00:15:28 - mkk_pika - database.py:245 - INFO - ['生肉', '第8話熟肉', '第9話熟肉', '第10話熟肉', '第11話熟肉']
2026-08-04 00:15:31 - mkk_pika - main.py:83 - INFO - 找到 207 张图片在:Sakura机翻汉化测试
2026-08-04 00:15:54 - mkk_pika - main.py:112 - INFO - [episode:Sakura机翻汉化测试] downloaded:   207, total: 207, progress:100%
2026-08-04 00:15:54 - mkk_pika - database.py:238 - INFO - 数据库更新已下载章节
2026-08-04 00:15:54 - mkk_pika - database.py:244 - INFO - 该漫画已下载章节如下
2026-08-04 00:15:54 - mkk_pika - database.py:245 - INFO - ['生肉', '第8話熟肉', '第9話熟肉', '第10話熟肉', '第11話熟肉', 'Sakura机翻汉化测试']
2026-08-04 00:15:55 - mkk_pika - main.py:292 - INFO - ==================== 漫画信息 ====================
                                漫画ID：688f51f6b60f8341a18c187a
                                标题：はだかぐらし祭 [DL版][中国翻译][進行中]
                                作者：アガタ
                                是否完结：否
                                总页数：525
                                分类：長篇,單行本,後宮閃光
                                章节数：6
                                最后更新时间：2026-08-03T17:20:29.607Z
                                =================================================
2026-08-04 00:15:55 - mkk_pika - database.py:101 - INFO - 保存成功：はだかぐらし祭 [DL版][中国翻译][進行中]
2026-08-04 00:15:55 - mkk_pika - main.py:35 - INFO - 开始检查めすがきどちゅどちゅ♥是否存在未下载章节
2026-08-04 00:15:56 - mkk_pika - database.py:203 - INFO - 查询数据库中是否已存在第1話
2026-08-04 00:15:56 - mkk_pika - main.py:51 - INFO - めすがきどちゅどちゅ♥中没有可下载章节
2026-08-04 00:15:56 - mkk_pika - main.py:292 - INFO - ==================== 漫画信息 ====================
                                漫画ID：6a6f8a75836363133ae66df7
                                标题：めすがきどちゅどちゅ♥
                                作者：んぼい丸
                                是否完结：是
                                总页数：199
                                分类：單行本,妹妹系
                                章节数：1
                                最后更新时间：2026-08-02T18:20:37.752Z
                                =================================================
2026-08-04 00:15:56 - mkk_pika - database.py:101 - INFO - 保存成功：めすがきどちゅどちゅ♥
2026-08-04 00:15:56 - mkk_pika - main.py:323 - INFO - 订阅内容内容下载完毕
2026-08-04 00:15:56 - mkk_pika - main.py:324 - INFO - 开始分批下载全部章节
2026-08-04 00:15:56 - mkk_pika - database.py:280 - INFO - 表和索引初始化成功
2026-08-04 00:15:56 - mkk_pika - main.py:177 - INFO - 已经下载了1363页，一共7053页，现在开始添加第1364页
2026-08-04 00:15:57 - mkk_pika - database.py:318 - INFO - 保存成功
2026-08-04 00:15:57 - mkk_pika - main.py:177 - INFO - 已经下载了1364页，一共7053页，现在开始添加第1365页
2026-08-04 00:15:58 - mkk_pika - database.py:318 - INFO - 保存成功
2026-08-04 00:15:58 - mkk_pika - main.py:177 - INFO - 已经下载了1365页，一共7053页，现在开始添加第1366页
2026-08-04 00:15:58 - mkk_pika - database.py:318 - INFO - 保存成功
2026-08-04 00:15:59 - mkk_pika - main.py:177 - INFO - 已经下载了1366页，一共7053页，现在开始添加第1367页
2026-08-04 00:15:59 - mkk_pika - database.py:318 - INFO - 保存成功
2026-08-04 00:15:59 - mkk_pika - main.py:177 - INFO - 已经下载了1367页，一共7053页，现在开始添加第1368页
2026-08-04 00:16:00 - mkk_pika - database.py:318 - INFO - 保存成功
2026-08-04 00:16:00 - mkk_pika - main.py:331 - INFO - 分批下载共计48本漫画
2026-08-04 00:16:00 - mkk_pika - main.py:35 - INFO - 开始检查路地裏カフェのトランスプリンセス是否存在未下载章节
2026-08-04 00:16:00 - mkk_pika - main.py:45 - INFO - 正在下载:[路地裏カフェのトランスプリンセス]-[L.P.E.G. (まる寝子)]-[['短篇', '扶他樂園', '性轉換']]-[total_pages:54]
2026-08-04 00:16:00 - mkk_pika - main.py:49 - INFO - [{'_id': '5c46b28a5375272fdf5c1102', 'title': '第1集', 'order': 1, 'updated_at': '2019-01-21T19:27:50.150Z', 'id': '5c46b28a5375272fdf5c1102'}, {'_id': '5c46b28a5375272fdf5c1103', 'title': '第2集', 'order': 2, 'updated_at': '2019-01-21T19:31:21.635Z', 'id': '5c46b28a5375272fdf5c1103'}]
2026-08-04 00:16:00 - mkk_pika - database.py:215 - INFO - 第一次下载该漫画，记录数据库中
2026-08-04 00:16:01 - mkk_pika - main.py:83 - INFO - 找到 28 张图片在:第1集
2026-08-04 00:16:02 - mkk_pika - main.py:112 - INFO - [episode:第1集       ] downloaded:    28, total:  28, progress:100%
2026-08-04 00:16:02 - mkk_pika - database.py:238 - INFO - 数据库更新已下载章节
2026-08-04 00:16:02 - mkk_pika - database.py:244 - INFO - 该漫画已下载章节如下
2026-08-04 00:16:02 - mkk_pika - database.py:245 - INFO - ['第1集']
2026-08-04 00:16:03 - mkk_pika - main.py:83 - INFO - 找到 26 张图片在:第2集
2026-08-04 00:16:05 - mkk_pika - main.py:112 - INFO - [episode:第2集       ] downloaded:    26, total:  26, progress:100%
2026-08-04 00:16:05 - mkk_pika - database.py:238 - INFO - 数据库更新已下载章节
2026-08-04 00:16:05 - mkk_pika - database.py:244 - INFO - 该漫画已下载章节如下
2026-08-04 00:16:05 - mkk_pika - database.py:245 - INFO - ['第1集', '第2集']
2026-08-04 00:16:06 - mkk_pika - main.py:348 - INFO - ==================== 漫画信息 ====================
                                   漫画ID：5c46b28a5375272fdf5c1101
                                   标题：路地裏カフェのトランスプリンセス
                                   作者：L.P.E.G. (まる寝子)
                                   是否完结：是
                                   总页数：54
                                   分类：短篇,扶他樂園,性轉換
                                   章节数：2
                                   最后更新时间：2019-01-22T06:04:58.472Z
                                   =================================================
2026-08-04 00:16:06 - mkk_pika - database.py:101 - INFO - 保存成功：路地裏カフェのトランスプリンセス
2026-08-04 00:16:06 - mkk_pika - main.py:35 - INFO - 开始检查 パパ活JKのエッチなバイト (COMIC 高 2017年9月号) [中国翻訳] [DL版]是否存在未下载章节
2026-08-04 00:16:06 - mkk_pika - main.py:45 - INFO - 正在下载:[ パパ活JKのエッチなバイト (COMIC 高 2017年9月号) [中国翻訳] [DL版]]-[たかやKi]-[['短篇']]-[total_pages:25]
2026-08-04 00:16:06 - mkk_pika - main.py:49 - INFO - [{'_id': '5c46b3830dc95e0d7a67b240', 'title': '第1集', 'order': 1, 'updated_at': '2019-01-22T00:25:06.947Z', 'id': '5c46b3830dc95e0d7a67b240'}]
2026-08-04 00:16:06 - mkk_pika - database.py:215 - INFO - 第一次下载该漫画，记录数据库中
2026-08-04 00:16:07 - mkk_pika - main.py:83 - INFO - 找到 25 张图片在:第1集
2026-08-04 00:16:08 - mkk_pika - main.py:112 - INFO - [episode:第1集       ] downloaded:    25, total:  25, progress:100%
2026-08-04 00:16:08 - mkk_pika - database.py:238 - INFO - 数据库更新已下载章节
2026-08-04 00:16:08 - mkk_pika - database.py:244 - INFO - 该漫画已下载章节如下
2026-08-04 00:16:08 - mkk_pika - database.py:245 - INFO - ['第1集']
2026-08-04 00:16:09 - mkk_pika - main.py:348 - INFO - ==================== 漫画信息 ====================
                                   漫画ID：5c46b3830dc95e0d7a67b23f
                                   标题： パパ活JKのエッチなバイト (COMIC 高 2017年9月号) [中国翻訳] [DL版]
                                   作者：たかやKi
                                   是否完结：否
                                   总页数：25
                                   分类：短篇
                                   章节数：1
                                   最后更新时间：2019-01-22T06:09:07.758Z
                                   =================================================
2026-08-04 00:16:09 - mkk_pika - database.py:101 - INFO - 保存成功： パパ活JKのエッチなバイト (COMIC 高 2017年9月号) [中国翻訳] [DL版]
2026-08-04 00:16:09 - mkk_pika - main.py:35 - INFO - 开始检查セラのX'mas (COMIC X-EROS #26)是否存在未下载章节
2026-08-04 00:16:09 - mkk_pika - main.py:45 - INFO - 正在下载:[セラのX'mas (COMIC X-EROS #26)]-[たかやKi]-[['短篇', '妹妹系']]-[total_pages:5]
2026-08-04 00:16:09 - mkk_pika - main.py:49 - INFO - [{'_id': '5c46b3a8bb67890da9f4090d', 'title': '第1集', 'order': 1, 'updated_at': '2019-01-22T00:35:39.645Z', 'id': '5c46b3a8bb67890da9f4090d'}]
2026-08-04 00:16:09 - mkk_pika - database.py:215 - INFO - 第一次下载该漫画，记录数据库中
2026-08-04 00:16:10 - mkk_pika - main.py:83 - INFO - 找到 5 张图片在:第1集
2026-08-04 00:16:10 - mkk_pika - main.py:112 - INFO - [episode:第1集       ] downloaded:     5, total:   5, progress:100%
2026-08-04 00:16:10 - mkk_pika - database.py:238 - INFO - 数据库更新已下载章节
2026-08-04 00:16:10 - mkk_pika - database.py:244 - INFO - 该漫画已下载章节如下
2026-08-04 00:16:10 - mkk_pika - database.py:245 - INFO - ['第1集']
2026-08-04 00:16:11 - mkk_pika - main.py:348 - INFO - ==================== 漫画信息 ====================
                                   漫画ID：5c46b3a8bb67890da9f4090c
                                   标题：セラのX'mas (COMIC X-EROS #26)
                                   作者：たかやKi
                                   是否完结：否
                                   总页数：5
                                   分类：短篇,妹妹系
                                   章节数：1
                                   最后更新时间：2019-01-22T06:09:44.766Z
                                   =================================================
2026-08-04 00:16:11 - mkk_pika - database.py:101 - INFO - 保存成功：セラのX'mas (COMIC X-EROS #26)
2026-08-04 00:16:11 - mkk_pika - main.py:35 - INFO - 开始检查私だって必死でイクのガマンしたんだよ…是否存在未下载章节
2026-08-04 00:16:12 - mkk_pika - main.py:45 - INFO - 正在下载:[私だって必死でイクのガマンしたんだよ…]-[佐藤登志雄]-[['長篇']]-[total_pages:217]
2026-08-04 00:16:12 - mkk_pika - main.py:49 - INFO - [{'_id': '5c46b651ac956d67eac1a461', 'title': '第1集', 'order': 1, 'updated_at': '2019-01-22T01:03:26.380Z', 'id': '5c46b651ac956d67eac1a461'}]
2026-08-04 00:16:12 - mkk_pika - database.py:215 - INFO - 第一次下载该漫画，记录数据库中
2026-08-04 00:16:13 - mkk_pika - main.py:83 - INFO - 找到 217 张图片在:第1集
2026-08-04 00:16:22 - mkk_pika - main.py:112 - INFO - [episode:第1集       ] downloaded:   217, total: 217, progress:100%
2026-08-04 00:16:22 - mkk_pika - database.py:238 - INFO - 数据库更新已下载章节
2026-08-04 00:16:22 - mkk_pika - database.py:244 - INFO - 该漫画已下载章节如下
2026-08-04 00:16:22 - mkk_pika - database.py:245 - INFO - ['第1集']
2026-08-04 00:16:23 - mkk_pika - main.py:348 - INFO - ==================== 漫画信息 ====================
                                   漫画ID：5c46b651ac956d67eac1a460
                                   标题：私だって必死でイクのガマンしたんだよ…
                                   作者：佐藤登志雄
                                   是否完结：否
                                   总页数：217
                                   分类：長篇
                                   章节数：1
                                   最后更新时间：2019-01-22T06:21:05.743Z
                                   =================================================
2026-08-04 00:16:23 - mkk_pika - database.py:101 - INFO - 保存成功：私だって必死でイクのガマンしたんだよ…
2026-08-04 00:16:23 - mkk_pika - main.py:35 - INFO - 开始检查年下しんどろ～む (コミック エグゼ 01) [中国翻訳]是否存在未下载章节
2026-08-04 00:16:23 - mkk_pika - main.py:45 - INFO - 正在下载:[年下しんどろ～む (コミック エグゼ 01) [中国翻訳]]-[たかやKi]-[['短篇']]-[total_pages:21]
2026-08-04 00:16:23 - mkk_pika - main.py:49 - INFO - [{'_id': '5c46b66a8668500d714309d8', 'title': '第1集', 'order': 1, 'updated_at': '2019-01-22T01:11:16.399Z', 'id': '5c46b66a8668500d714309d8'}]
2026-08-04 00:16:23 - mkk_pika - database.py:215 - INFO - 第一次下载该漫画，记录数据库中
2026-08-04 00:16:24 - mkk_pika - main.py:83 - INFO - 找到 21 张图片在:第1集
2026-08-04 00:16:25 - mkk_pika - main.py:112 - INFO - [episode:第1集       ] downloaded:    21, total:  21, progress:100%
2026-08-04 00:16:25 - mkk_pika - database.py:238 - INFO - 数据库更新已下载章节
2026-08-04 00:16:25 - mkk_pika - database.py:244 - INFO - 该漫画已下载章节如下
2026-08-04 00:16:25 - mkk_pika - database.py:245 - INFO - ['第1集']
2026-08-04 00:16:26 - mkk_pika - main.py:348 - INFO - ==================== 漫画信息 ====================
                                   漫画ID：5c46b66a8668500d714309d7
                                   标题：年下しんどろ～む (コミック エグゼ 01) [中国翻訳]
                                   作者：たかやKi
                                   是否完结：否
                                   总页数：21
                                   分类：短篇
                                   章节数：1
                                   最后更新时间：2019-01-22T06:21:30.599Z
                                   =================================================
2026-08-04 00:16:26 - mkk_pika - database.py:101 - INFO - 保存成功：年下しんどろ～む (コミック エグゼ 01) [中国翻訳]
2026-08-04 00:16:26 - mkk_pika - main.py:35 - INFO - 开始检查大人し君とギャル子さん (コミックホットミルク 2012年8月号) [中国翻訳]是否存在未下载章节
2026-08-04 00:16:26 - mkk_pika - main.py:45 - INFO - 正在下载:[大人し君とギャル子さん (コミックホットミルク 2012年8月号) [中国翻訳]]-[たかやKi]-[['短篇']]-[total_pages:16]
2026-08-04 00:16:26 - mkk_pika - main.py:49 - INFO - [{'_id': '5c46b6a521e07467faf9e939', 'title': '第1集', 'order': 1, 'updated_at': '2019-01-22T01:27:47.096Z', 'id': '5c46b6a521e07467faf9e939'}]
2026-08-04 00:16:26 - mkk_pika - database.py:215 - INFO - 第一次下载该漫画，记录数据库中
2026-08-04 00:16:27 - mkk_pika - main.py:83 - INFO - 找到 16 张图片在:第1集
2026-08-04 00:16:28 - mkk_pika - main.py:112 - INFO - [episode:第1集       ] downloaded:    16, total:  16, progress:100%
2026-08-04 00:16:28 - mkk_pika - database.py:238 - INFO - 数据库更新已下载章节
2026-08-04 00:16:28 - mkk_pika - database.py:244 - INFO - 该漫画已下载章节如下
2026-08-04 00:16:28 - mkk_pika - database.py:245 - INFO - ['第1集']
2026-08-04 00:16:29 - mkk_pika - main.py:348 - INFO - ==================== 漫画信息 ====================
                                   漫画ID：5c46b6a521e07467faf9e938
                                   标题：大人し君とギャル子さん (コミックホットミルク 2012年8月号) [中国翻訳]
                                   作者：たかやKi
                                   是否完结：否
                                   总页数：16
                                   分类：短篇
                                   章节数：1
                                   最后更新时间：2019-01-22T06:22:29.033Z
                                   =================================================
2026-08-04 00:16:29 - mkk_pika - database.py:101 - INFO - 保存成功：大人し君とギャル子さん (コミックホットミルク 2012年8月号) [中国翻訳]
2026-08-04 00:16:29 - mkk_pika - main.py:35 - INFO - 开始检查修学旅行とギャル子さん (COMIC X-EROS(ゼロス) #01)是否存在未下载章节
2026-08-04 00:16:30 - mkk_pika - main.py:45 - INFO - 正在下载:[修学旅行とギャル子さん (COMIC X-EROS(ゼロス) #01)]-[たかやKi]-[['短篇', '全彩']]-[total_pages:10]
2026-08-04 00:16:30 - mkk_pika - main.py:49 - INFO - [{'_id': '5c46b6b8be273d04a4cd86d5', 'title': '第1集', 'order': 1, 'updated_at': '2019-01-22T01:55:49.334Z', 'id': '5c46b6b8be273d04a4cd86d5'}]
2026-08-04 00:16:30 - mkk_pika - database.py:215 - INFO - 第一次下载该漫画，记录数据库中
2026-08-04 00:16:30 - mkk_pika - main.py:83 - INFO - 找到 10 张图片在:第1集
2026-08-04 00:16:31 - mkk_pika - main.py:112 - INFO - [episode:第1集       ] downloaded:    10, total:  10, progress:100%
2026-08-04 00:16:31 - mkk_pika - database.py:238 - INFO - 数据库更新已下载章节
2026-08-04 00:16:31 - mkk_pika - database.py:244 - INFO - 该漫画已下载章节如下
2026-08-04 00:16:31 - mkk_pika - database.py:245 - INFO - ['第1集']
2026-08-04 00:16:32 - mkk_pika - main.py:348 - INFO - ==================== 漫画信息 ====================
                                   漫画ID：5c46b6b8be273d04a4cd86d4
                                   标题：修学旅行とギャル子さん (COMIC X-EROS(ゼロス) #01)
                                   作者：たかやKi
                                   是否完结：否
                                   总页数：10
                                   分类：短篇,全彩
                                   章节数：1
                                   最后更新时间：2019-01-22T06:22:48.202Z
                                   =================================================
2026-08-04 00:16:32 - mkk_pika - database.py:101 - INFO - 保存成功：修学旅行とギャル子さん (COMIC X-EROS(ゼロス) #01)
2026-08-04 00:16:32 - mkk_pika - main.py:35 - INFO - 开始检查聖夜のカリブー♀フォーリンラブ (COMIC メガストア 2012年2月号) [中国翻訳]是否存在未下载章节
2026-08-04 00:16:32 - mkk_pika - main.py:45 - INFO - 正在下载:[聖夜のカリブー♀フォーリンラブ (COMIC メガストア 2012年2月号) [中国翻訳]]-[たかやKi]-[['短篇', '全彩']]-[total_pages:7]
2026-08-04 00:16:32 - mkk_pika - main.py:49 - INFO - [{'_id': '5c46b6cdbe273d04a4cd86e1', 'title': '第1集', 'order': 1, 'updated_at': '2019-01-22T02:04:15.770Z', 'id': '5c46b6cdbe273d04a4cd86e1'}]
2026-08-04 00:16:32 - mkk_pika - database.py:215 - INFO - 第一次下载该漫画，记录数据库中
2026-08-04 00:16:33 - mkk_pika - main.py:83 - INFO - 找到 7 张图片在:第1集
2026-08-04 00:16:33 - mkk_pika - main.py:112 - INFO - [episode:第1集       ] downloaded:     7, total:   7, progress:100%
2026-08-04 00:16:33 - mkk_pika - database.py:238 - INFO - 数据库更新已下载章节
2026-08-04 00:16:33 - mkk_pika - database.py:244 - INFO - 该漫画已下载章节如下
2026-08-04 00:16:33 - mkk_pika - database.py:245 - INFO - ['第1集']
2026-08-04 00:16:34 - mkk_pika - main.py:348 - INFO - ==================== 漫画信息 ====================
                                   漫画ID：5c46b6cdbe273d04a4cd86e0
                                   标题：聖夜のカリブー♀フォーリンラブ (COMIC メガストア 2012年2月号) [中国翻訳]
                                   作者：たかやKi
                                   是否完结：否
                                   总页数：7
                                   分类：短篇,全彩
                                   章节数：1
                                   最后更新时间：2019-01-22T06:23:09.731Z
                                   =================================================
2026-08-04 00:16:34 - mkk_pika - database.py:101 - INFO - 保存成功：聖夜のカリブー♀フォーリンラブ (COMIC メガストア 2012年2月号) [中国翻訳]
2026-08-04 00:16:34 - mkk_pika - main.py:35 - INFO - 开始检查恋系アイランドへようこそ♥ (コミックホットミルク 2011年10月号) [中国翻訳]是否存在未下载章节
2026-08-04 00:16:35 - mkk_pika - main.py:45 - INFO - 正在下载:[恋系アイランドへようこそ♥ (コミックホットミルク 2011年10月号) [中国翻訳]]-[たかやKi]-[['短篇', '全彩']]-[total_pages:9]
2026-08-04 00:16:35 - mkk_pika - main.py:49 - INFO - [{'_id': '5c46b79121e07467faf9e94e', 'title': '第1集', 'order': 1, 'updated_at': '2019-01-22T02:09:49.895Z', 'id': '5c46b79121e07467faf9e94e'}]
2026-08-04 00:16:35 - mkk_pika - database.py:215 - INFO - 第一次下载该漫画，记录数据库中
2026-08-04 00:16:35 - mkk_pika - main.py:83 - INFO - 找到 9 张图片在:第1集
2026-08-04 00:16:36 - mkk_pika - main.py:112 - INFO - [episode:第1集       ] downloaded:     9, total:   9, progress:100%
2026-08-04 00:16:36 - mkk_pika - database.py:238 - INFO - 数据库更新已下载章节
2026-08-04 00:16:36 - mkk_pika - database.py:244 - INFO - 该漫画已下载章节如下
2026-08-04 00:16:36 - mkk_pika - database.py:245 - INFO - ['第1集']
2026-08-04 00:16:37 - mkk_pika - main.py:348 - INFO - ==================== 漫画信息 ====================
                                   漫画ID：5c46b79121e07467faf9e94d
                                   标题：恋系アイランドへようこそ♥ (コミックホットミルク 2011年10月号) [中国翻訳]
                                   作者：たかやKi
                                   是否完结：否
                                   总页数：9
                                   分类：短篇,全彩
                                   章节数：1
                                   最后更新时间：2019-01-22T06:26:25.290Z
                                   =================================================
2026-08-04 00:16:37 - mkk_pika - database.py:101 - INFO - 保存成功：恋系アイランドへようこそ♥ (コミックホットミルク 2011年10月号) [中国翻訳]
2026-08-04 00:16:37 - mkk_pika - main.py:35 - INFO - 开始检查むすんで ひらいて♥ Another Story (コミックメガストア 2011年11月号) [中国翻訳]是否存在未下载章节
2026-08-04 00:16:37 - mkk_pika - main.py:45 - INFO - 正在下载:[むすんで ひらいて♥ Another Story (コミックメガストア 2011年11月号) [中国翻訳]]-[たかやKi]-[['短篇', '全彩']]-[total_pages:8]
2026-08-04 00:16:37 - mkk_pika - main.py:49 - INFO - [{'_id': '5c46b7a4bb67890da9f40b9b', 'title': '第1集', 'order': 1, 'updated_at': '2019-01-22T02:14:00.057Z', 'id': '5c46b7a4bb67890da9f40b9b'}]
2026-08-04 00:16:37 - mkk_pika - database.py:215 - INFO - 第一次下载该漫画，记录数据库中
2026-08-04 00:16:38 - mkk_pika - main.py:83 - INFO - 找到 8 张图片在:第1集
2026-08-04 00:16:38 - mkk_pika - main.py:112 - INFO - [episode:第1集       ] downloaded:     8, total:   8, progress:100%
2026-08-04 00:16:38 - mkk_pika - database.py:238 - INFO - 数据库更新已下载章节
2026-08-04 00:16:38 - mkk_pika - database.py:244 - INFO - 该漫画已下载章节如下
2026-08-04 00:16:38 - mkk_pika - database.py:245 - INFO - ['第1集']
2026-08-04 00:16:39 - mkk_pika - main.py:348 - INFO - ==================== 漫画信息 ====================
                                   漫画ID：5c46b7a4bb67890da9f40b9a
                                   标题：むすんで ひらいて♥ Another Story (コミックメガストア 2011年11月号) [中国翻訳]
                                   作者：たかやKi
                                   是否完结：否
                                   总页数：8
                                   分类：短篇,全彩
                                   章节数：1
                                   最后更新时间：2019-01-22T06:26:44.787Z
                                   =================================================
2026-08-04 00:16:39 - mkk_pika - database.py:101 - INFO - 保存成功：むすんで ひらいて♥ Another Story (コミックメガストア 2011年11月号) [中国翻訳]
2026-08-04 00:16:39 - mkk_pika - main.py:35 - INFO - 开始检查(C80)描き下ろし貴音浴衣漫画 (ジェノグラビア) (アイドルマスター) [中国翻訳]是否存在未下载章节
2026-08-04 00:16:40 - mkk_pika - main.py:45 - INFO - 正在下载:[(C80)描き下ろし貴音浴衣漫画 (ジェノグラビア) (アイドルマスター) [中国翻訳]]-[じぇのばけーき (たかやKi)]-[['短篇']]-[total_pages:11]
2026-08-04 00:16:40 - mkk_pika - main.py:49 - INFO - [{'_id': '5c46b7d58668500d71430a2b', 'title': '第1集', 'order': 1, 'updated_at': '2019-01-22T02:31:24.287Z', 'id': '5c46b7d58668500d71430a2b'}]
2026-08-04 00:16:40 - mkk_pika - database.py:215 - INFO - 第一次下载该漫画，记录数据库中
2026-08-04 00:16:40 - mkk_pika - main.py:83 - INFO - 找到 11 张图片在:第1集
2026-08-04 00:16:41 - mkk_pika - main.py:112 - INFO - [episode:第1集       ] downloaded:    11, total:  11, progress:100%
2026-08-04 00:16:41 - mkk_pika - database.py:238 - INFO - 数据库更新已下载章节
2026-08-04 00:16:41 - mkk_pika - database.py:244 - INFO - 该漫画已下载章节如下
2026-08-04 00:16:41 - mkk_pika - database.py:245 - INFO - ['第1集']
2026-08-04 00:16:42 - mkk_pika - main.py:348 - INFO - ==================== 漫画信息 ====================
                                   漫画ID：5c46b7d58668500d71430a2a
                                   标题：(C80)描き下ろし貴音浴衣漫画 (ジェノグラビア) (アイドルマスター) [中国翻訳]
                                   作者：じぇのばけーき (たかやKi)
                                   是否完结：否
                                   总页数：11
                                   分类：短篇
                                   章节数：1
                                   最后更新时间：2019-01-22T06:27:33.003Z
                                   =================================================
2026-08-04 00:16:42 - mkk_pika - database.py:101 - INFO - 保存成功：(C80)描き下ろし貴音浴衣漫画 (ジェノグラビア) (アイドルマスター) [中国翻訳]
2026-08-04 00:16:42 - mkk_pika - main.py:35 - INFO - 开始检查 SSSSex Rakugaki (SSSS.GRIDMAN)是否存在未下载章节
2026-08-04 00:16:42 - mkk_pika - main.py:45 - INFO - 正在下载:[ SSSSex Rakugaki (SSSS.GRIDMAN)]-[あらくれた者たち (あらくれ)]-[['短篇', '同人', 'NTR', '強暴']]-[total_pages:10]
2026-08-04 00:16:42 - mkk_pika - main.py:49 - INFO - [{'_id': '5c46bb2dbe273d04a4cd86fc', 'title': '第1集', 'order': 1, 'updated_at': '2019-01-22T02:54:40.469Z', 'id': '5c46bb2dbe273d04a4cd86fc'}]
2026-08-04 00:16:42 - mkk_pika - database.py:215 - INFO - 第一次下载该漫画，记录数据库中
2026-08-04 00:16:43 - mkk_pika - main.py:83 - INFO - 找到 10 张图片在:第1集
2026-08-04 00:16:43 - mkk_pika - main.py:112 - INFO - [episode:第1集       ] downloaded:    10, total:  10, progress:100%
2026-08-04 00:16:43 - mkk_pika - database.py:238 - INFO - 数据库更新已下载章节
2026-08-04 00:16:43 - mkk_pika - database.py:244 - INFO - 该漫画已下载章节如下
2026-08-04 00:16:43 - mkk_pika - database.py:245 - INFO - ['第1集']
2026-08-04 00:16:45 - mkk_pika - main.py:348 - INFO - ==================== 漫画信息 ====================
                                   漫画ID：5c46bb2dbe273d04a4cd86fb
                                   标题： SSSSex Rakugaki (SSSS.GRIDMAN)
                                   作者：あらくれた者たち (あらくれ)
                                   是否完结：是
                                   总页数：10
                                   分类：短篇,同人,NTR,強暴
                                   章节数：1
                                   最后更新时间：2019-01-22T06:41:49.002Z
                                   =================================================
2026-08-04 00:16:45 - mkk_pika - database.py:101 - INFO - 保存成功： SSSSex Rakugaki (SSSS.GRIDMAN)
2026-08-04 00:16:45 - mkk_pika - main.py:35 - INFO - 开始检查C87会場限定本 (艦隊これくしょん -艦これ-) [中国翻訳]是否存在未下载章节
2026-08-04 00:16:45 - mkk_pika - main.py:45 - INFO - 正在下载:[C87会場限定本 (艦隊これくしょん -艦これ-) [中国翻訳]]-[じぇのばけーき (たかやKi)]-[['短篇']]-[total_pages:9]
2026-08-04 00:16:45 - mkk_pika - main.py:49 - INFO - [{'_id': '5c46bb4abe273d04a4cd8709', 'title': '第1集', 'order': 1, 'updated_at': '2019-01-22T02:43:10.886Z', 'id': '5c46bb4abe273d04a4cd8709'}]
2026-08-04 00:16:45 - mkk_pika - database.py:215 - INFO - 第一次下载该漫画，记录数据库中
2026-08-04 00:16:45 - mkk_pika - main.py:83 - INFO - 找到 9 张图片在:第1集
2026-08-04 00:16:46 - mkk_pika - main.py:112 - INFO - [episode:第1集       ] downloaded:     9, total:   9, progress:100%
2026-08-04 00:16:46 - mkk_pika - database.py:238 - INFO - 数据库更新已下载章节
2026-08-04 00:16:46 - mkk_pika - database.py:244 - INFO - 该漫画已下载章节如下
2026-08-04 00:16:46 - mkk_pika - database.py:245 - INFO - ['第1集']
2026-08-04 00:16:47 - mkk_pika - main.py:348 - INFO - ==================== 漫画信息 ====================
                                   漫画ID：5c46bb4abe273d04a4cd8708
                                   标题：C87会場限定本 (艦隊これくしょん -艦これ-) [中国翻訳]
                                   作者：じぇのばけーき (たかやKi)
                                   是否完结：否
                                   总页数：9
                                   分类：短篇
                                   章节数：1
                                   最后更新时间：2019-01-22T06:42:18.368Z
                                   =================================================
2026-08-04 00:16:47 - mkk_pika - database.py:101 - INFO - 保存成功：C87会場限定本 (艦隊これくしょん -艦これ-) [中国翻訳]
2026-08-04 00:16:47 - mkk_pika - main.py:35 - INFO - 开始检查(C95) Little Old Lady (アズールレーン)是否存在未下载章节
2026-08-04 00:16:47 - mkk_pika - main.py:45 - INFO - 正在下载:[(C95) Little Old Lady (アズールレーン)]-[わさびもち (ももさわ)]-[['同人', '短篇']]-[total_pages:24]
2026-08-04 00:16:47 - mkk_pika - main.py:49 - INFO - [{'_id': '5c46bc650bb41704ace503a2', 'title': '第1集', 'order': 1, 'updated_at': '2019-01-22T04:27:17.859Z', 'id': '5c46bc650bb41704ace503a2'}]
2026-08-04 00:16:47 - mkk_pika - database.py:215 - INFO - 第一次下载该漫画，记录数据库中
2026-08-04 00:16:48 - mkk_pika - main.py:83 - INFO - 找到 24 张图片在:第1集
2026-08-04 00:16:49 - mkk_pika - main.py:112 - INFO - [episode:第1集       ] downloaded:    24, total:  24, progress:100%
2026-08-04 00:16:49 - mkk_pika - database.py:238 - INFO - 数据库更新已下载章节
2026-08-04 00:16:49 - mkk_pika - database.py:244 - INFO - 该漫画已下载章节如下
2026-08-04 00:16:49 - mkk_pika - database.py:245 - INFO - ['第1集']
2026-08-04 00:16:50 - mkk_pika - main.py:348 - INFO - ==================== 漫画信息 ====================
                                   漫画ID：5c46bc650bb41704ace503a1
                                   标题：(C95) Little Old Lady (アズールレーン)
                                   作者：わさびもち (ももさわ)
                                   是否完结：是
                                   总页数：24
                                   分类：同人,短篇
                                   章节数：1
                                   最后更新时间：2019-01-22T06:47:01.092Z
                                   =================================================
2026-08-04 00:16:50 - mkk_pika - database.py:101 - INFO - 保存成功：(C95) Little Old Lady (アズールレーン)
2026-08-04 00:16:50 - mkk_pika - main.py:35 - INFO - 开始检查ななおのナイショ | 菜菜绪的小小秘密是否存在未下载章节
2026-08-04 00:16:51 - mkk_pika - main.py:45 - INFO - 正在下载:[ななおのナイショ | 菜菜绪的小小秘密]-[夜★FUCKERS (ミツギ)]-[['短篇', '扶他樂園']]-[total_pages:52]
2026-08-04 00:16:51 - mkk_pika - main.py:49 - INFO - [{'_id': '5c46bc79a1fddb67bb35a589', 'title': '第1集', 'order': 1, 'updated_at': '2019-01-22T04:32:00.111Z', 'id': '5c46bc79a1fddb67bb35a589'}]
2026-08-04 00:16:51 - mkk_pika - database.py:215 - INFO - 第一次下载该漫画，记录数据库中
2026-08-04 00:16:51 - mkk_pika - main.py:83 - INFO - 找到 52 张图片在:第1集
2026-08-04 00:16:53 - mkk_pika - main.py:112 - INFO - [episode:第1集       ] downloaded:    52, total:  52, progress:100%
2026-08-04 00:16:53 - mkk_pika - database.py:238 - INFO - 数据库更新已下载章节
2026-08-04 00:16:53 - mkk_pika - database.py:244 - INFO - 该漫画已下载章节如下
2026-08-04 00:16:53 - mkk_pika - database.py:245 - INFO - ['第1集']
2026-08-04 00:16:55 - mkk_pika - main.py:348 - INFO - ==================== 漫画信息 ====================
                                   漫画ID：5c46bc79a1fddb67bb35a588
                                   标题：ななおのナイショ | 菜菜绪的小小秘密
                                   作者：夜★FUCKERS (ミツギ)
                                   是否完结：是
                                   总页数：52
                                   分类：短篇,扶他樂園
                                   章节数：1
                                   最后更新时间：2019-01-22T06:47:21.189Z
                                   =================================================
2026-08-04 00:16:55 - mkk_pika - database.py:101 - INFO - 保存成功：ななおのナイショ | 菜菜绪的小小秘密
2026-08-04 00:16:55 - mkk_pika - main.py:35 - INFO - 开始检查ワイセツ図書館 (東方Project)是否存在未下载章节
2026-08-04 00:16:55 - mkk_pika - main.py:45 - INFO - 正在下载:[ワイセツ図書館 (東方Project)]-[白ネギ屋(miya9)]-[['短篇', '扶他樂園', '東方']]-[total_pages:29]
2026-08-04 00:16:55 - mkk_pika - main.py:49 - INFO - [{'_id': '5c46bd1e5375272fdf5c16a1', 'title': '第1集', 'order': 1, 'updated_at': '2019-01-22T05:42:11.275Z', 'id': '5c46bd1e5375272fdf5c16a1'}]
2026-08-04 00:16:55 - mkk_pika - database.py:215 - INFO - 第一次下载该漫画，记录数据库中
2026-08-04 00:16:56 - mkk_pika - main.py:83 - INFO - 找到 29 张图片在:第1集
2026-08-04 00:16:57 - mkk_pika - main.py:112 - INFO - [episode:第1集       ] downloaded:    29, total:  29, progress:100%
2026-08-04 00:16:57 - mkk_pika - database.py:238 - INFO - 数据库更新已下载章节
2026-08-04 00:16:57 - mkk_pika - database.py:244 - INFO - 该漫画已下载章节如下
2026-08-04 00:16:57 - mkk_pika - database.py:245 - INFO - ['第1集']
2026-08-04 00:16:58 - mkk_pika - main.py:348 - INFO - ==================== 漫画信息 ====================
                                   漫画ID：5c46bd1e5375272fdf5c16a0
                                   标题：ワイセツ図書館 (東方Project)
                                   作者：白ネギ屋(miya9)
                                   是否完结：是
                                   总页数：29
                                   分类：短篇,扶他樂園,東方
                                   章节数：1
                                   最后更新时间：2019-01-22T06:50:06.815Z
                                   =================================================
2026-08-04 00:16:58 - mkk_pika - database.py:101 - INFO - 保存成功：ワイセツ図書館 (東方Project)
2026-08-04 00:16:58 - mkk_pika - main.py:35 - INFO - 开始检查世界樹のあのね27 (世界樹の迷宮V) 是否存在未下载章节
2026-08-04 00:16:58 - mkk_pika - main.py:45 - INFO - 正在下载:[世界樹のあのね27 (世界樹の迷宮V) ]-[かぜうま (南☆)]-[['同人', '短篇', '純愛', '妹妹系', '非人類']]-[total_pages:29]
2026-08-04 00:16:58 - mkk_pika - main.py:49 - INFO - [{'_id': '5c46be320dc95e0d7a67b728', 'title': '第1集', 'order': 1, 'updated_at': '2019-01-22T06:43:06.431Z', 'id': '5c46be320dc95e0d7a67b728'}]
2026-08-04 00:16:58 - mkk_pika - database.py:215 - INFO - 第一次下载该漫画，记录数据库中
2026-08-04 00:16:59 - mkk_pika - main.py:83 - INFO - 找到 29 张图片在:第1集
2026-08-04 00:17:00 - mkk_pika - main.py:112 - INFO - [episode:第1集       ] downloaded:    29, total:  29, progress:100%
2026-08-04 00:17:00 - mkk_pika - database.py:238 - INFO - 数据库更新已下载章节
2026-08-04 00:17:00 - mkk_pika - database.py:244 - INFO - 该漫画已下载章节如下
2026-08-04 00:17:00 - mkk_pika - database.py:245 - INFO - ['第1集']
2026-08-04 00:17:02 - mkk_pika - main.py:348 - INFO - ==================== 漫画信息 ====================
                                   漫画ID：5c46be320dc95e0d7a67b727
                                   标题：世界樹のあのね27 (世界樹の迷宮V) 
                                   作者：かぜうま (南☆)
                                   是否完结：是
                                   总页数：29
                                   分类：同人,短篇,純愛,妹妹系,非人類
                                   章节数：1
                                   最后更新时间：2019-01-22T06:54:42.852Z
                                   =================================================
2026-08-04 00:17:02 - mkk_pika - database.py:101 - INFO - 保存成功：世界樹のあのね27 (世界樹の迷宮V) 
2026-08-04 00:17:02 - mkk_pika - main.py:35 - INFO - 开始检查げすぇっくす 下流卑劣性愛是否存在未下载章节
2026-08-04 00:17:02 - mkk_pika - main.py:45 - INFO - 正在下载:[げすぇっくす 下流卑劣性愛]-[胡桃屋ましみん]-[['長篇', 'NTR', '人妻', '單行本', '後宮閃光', '姐姐系', 'SM', '強暴']]-[total_pages:194]
2026-08-04 00:17:02 - mkk_pika - main.py:49 - INFO - [{'_id': '5c4738618b282d2fe8ed25f7', 'title': '社保人妻的單行本', 'order': 1, 'updated_at': '2019-01-18T07:19:35.766Z', 'id': '5c4738618b282d2fe8ed25f7'}]
2026-08-04 00:17:02 - mkk_pika - database.py:215 - INFO - 第一次下载该漫画，记录数据库中
2026-08-04 00:17:04 - mkk_pika - main.py:83 - INFO - 找到 194 张图片在:社保人妻的單行本
2026-08-04 00:17:10 - mkk_pika - main.py:112 - INFO - [episode:社保人妻的單行本  ] downloaded:   194, total: 194, progress:100%
2026-08-04 00:17:10 - mkk_pika - database.py:238 - INFO - 数据库更新已下载章节
2026-08-04 00:17:10 - mkk_pika - database.py:244 - INFO - 该漫画已下载章节如下
2026-08-04 00:17:10 - mkk_pika - database.py:245 - INFO - ['社保人妻的單行本']
2026-08-04 00:17:12 - mkk_pika - main.py:348 - INFO - ==================== 漫画信息 ====================
                                   漫画ID：5c4738618b282d2fe8ed25f6
                                   标题：げすぇっくす 下流卑劣性愛
                                   作者：胡桃屋ましみん
                                   是否完结：是
                                   总页数：194
                                   分类：長篇,NTR,人妻,單行本,後宮閃光,姐姐系,SM,強暴
                                   章节数：1
                                   最后更新时间：2019-01-22T15:36:01.412Z
                                   =================================================
2026-08-04 00:17:12 - mkk_pika - database.py:101 - INFO - 保存成功：げすぇっくす 下流卑劣性愛
2026-08-04 00:17:12 - mkk_pika - main.py:35 - INFO - 开始检查長門ちゃんははいてない是否存在未下载章节
2026-08-04 00:17:12 - mkk_pika - main.py:45 - INFO - 正在下载:[長門ちゃんははいてない]-[ねちょらぽっど (なんぷぅ)]-[['同人', '短篇']]-[total_pages:23]
2026-08-04 00:17:12 - mkk_pika - main.py:49 - INFO - [{'_id': '5c4738bd98b28a0daf10e255', 'title': '第1集', 'order': 1, 'updated_at': '2019-01-22T12:30:32.081Z', 'id': '5c4738bd98b28a0daf10e255'}]
2026-08-04 00:17:12 - mkk_pika - database.py:215 - INFO - 第一次下载该漫画，记录数据库中
2026-08-04 00:17:12 - mkk_pika - main.py:83 - INFO - 找到 23 张图片在:第1集
2026-08-04 00:17:14 - mkk_pika - main.py:112 - INFO - [episode:第1集       ] downloaded:    23, total:  23, progress:100%
2026-08-04 00:17:14 - mkk_pika - database.py:238 - INFO - 数据库更新已下载章节
2026-08-04 00:17:14 - mkk_pika - database.py:244 - INFO - 该漫画已下载章节如下
2026-08-04 00:17:14 - mkk_pika - database.py:245 - INFO - ['第1集']
2026-08-04 00:17:15 - mkk_pika - main.py:348 - INFO - ==================== 漫画信息 ====================
                                   漫画ID：5c4738bd98b28a0daf10e254
                                   标题：長門ちゃんははいてない
                                   作者：ねちょらぽっど (なんぷぅ)
                                   是否完结：否
                                   总页数：23
                                   分类：同人,短篇
                                   章节数：1
                                   最后更新时间：2019-01-22T15:37:33.511Z
                                   =================================================
2026-08-04 00:17:15 - mkk_pika - database.py:101 - INFO - 保存成功：長門ちゃんははいてない
2026-08-04 00:17:15 - mkk_pika - main.py:35 - INFO - 开始检查妊娠居残り授業是否存在未下载章节
2026-08-04 00:17:15 - mkk_pika - main.py:45 - INFO - 正在下载:[妊娠居残り授業]-[阿部いのり]-[['短篇']]-[total_pages:20]
2026-08-04 00:17:15 - mkk_pika - main.py:49 - INFO - [{'_id': '5c4738e78b282d2fe8ed26be', 'title': '第1集', 'order': 1, 'updated_at': '2019-01-22T07:25:00.286Z', 'id': '5c4738e78b282d2fe8ed26be'}]
2026-08-04 00:17:15 - mkk_pika - database.py:215 - INFO - 第一次下载该漫画，记录数据库中
2026-08-04 00:17:16 - mkk_pika - main.py:83 - INFO - 找到 20 张图片在:第1集
2026-08-04 00:17:17 - mkk_pika - main.py:112 - INFO - [episode:第1集       ] downloaded:    20, total:  20, progress:100%
2026-08-04 00:17:17 - mkk_pika - database.py:238 - INFO - 数据库更新已下载章节
2026-08-04 00:17:17 - mkk_pika - database.py:244 - INFO - 该漫画已下载章节如下
2026-08-04 00:17:17 - mkk_pika - database.py:245 - INFO - ['第1集']
2026-08-04 00:17:18 - mkk_pika - main.py:348 - INFO - ==================== 漫画信息 ====================
                                   漫画ID：5c4738e78b282d2fe8ed26bd
                                   标题：妊娠居残り授業
                                   作者：阿部いのり
                                   是否完结：否
                                   总页数：20
                                   分类：短篇
                                   章节数：1
                                   最后更新时间：2019-01-22T15:38:15.230Z
                                   =================================================
2026-08-04 00:17:18 - mkk_pika - database.py:101 - INFO - 保存成功：妊娠居残り授業
2026-08-04 00:17:18 - mkk_pika - main.py:35 - INFO - 开始检查自家発電 (ないみつ)是否存在未下载章节
2026-08-04 00:17:18 - mkk_pika - main.py:45 - INFO - 正在下载:[自家発電 (ないみつ)]-[かるま龍狼]-[['短篇']]-[total_pages:16]
2026-08-04 00:17:18 - mkk_pika - main.py:49 - INFO - [{'_id': '5c4739528b282d2fe8ed26d7', 'title': '第1集', 'order': 1, 'updated_at': '2019-01-22T07:45:41.118Z', 'id': '5c4739528b282d2fe8ed26d7'}]
2026-08-04 00:17:18 - mkk_pika - database.py:215 - INFO - 第一次下载该漫画，记录数据库中
2026-08-04 00:17:19 - mkk_pika - main.py:83 - INFO - 找到 16 张图片在:第1集
2026-08-04 00:17:20 - mkk_pika - main.py:112 - INFO - [episode:第1集       ] downloaded:    16, total:  16, progress:100%
2026-08-04 00:17:20 - mkk_pika - database.py:238 - INFO - 数据库更新已下载章节
2026-08-04 00:17:20 - mkk_pika - database.py:244 - INFO - 该漫画已下载章节如下
2026-08-04 00:17:20 - mkk_pika - database.py:245 - INFO - ['第1集']
2026-08-04 00:17:21 - mkk_pika - main.py:348 - INFO - ==================== 漫画信息 ====================
                                   漫画ID：5c4739528b282d2fe8ed26d6
                                   标题：自家発電 (ないみつ)
                                   作者：かるま龍狼
                                   是否完结：否
                                   总页数：16
                                   分类：短篇
                                   章节数：1
                                   最后更新时间：2019-01-22T15:40:02.582Z
                                   =================================================
2026-08-04 00:17:21 - mkk_pika - database.py:101 - INFO - 保存成功：自家発電 (ないみつ)
2026-08-04 00:17:21 - mkk_pika - main.py:35 - INFO - 开始检查共に燃ゆる (ないみつ)是否存在未下载章节
2026-08-04 00:17:21 - mkk_pika - main.py:45 - INFO - 正在下载:[共に燃ゆる (ないみつ)]-[かるま龍狼]-[['短篇']]-[total_pages:16]
2026-08-04 00:17:21 - mkk_pika - main.py:49 - INFO - [{'_id': '5c47396aa4d4da2fbb9cefe8', 'title': '第1集', 'order': 1, 'updated_at': '2019-01-22T07:55:23.120Z', 'id': '5c47396aa4d4da2fbb9cefe8'}]
2026-08-04 00:17:21 - mkk_pika - database.py:215 - INFO - 第一次下载该漫画，记录数据库中
2026-08-04 00:17:22 - mkk_pika - main.py:83 - INFO - 找到 16 张图片在:第1集
2026-08-04 00:17:22 - mkk_pika - main.py:112 - INFO - [episode:第1集       ] downloaded:    16, total:  16, progress:100%
2026-08-04 00:17:22 - mkk_pika - database.py:238 - INFO - 数据库更新已下载章节
2026-08-04 00:17:22 - mkk_pika - database.py:244 - INFO - 该漫画已下载章节如下
2026-08-04 00:17:22 - mkk_pika - database.py:245 - INFO - ['第1集']
2026-08-04 00:17:24 - mkk_pika - main.py:348 - INFO - ==================== 漫画信息 ====================
                                   漫画ID：5c47396aa4d4da2fbb9cefe7
                                   标题：共に燃ゆる (ないみつ)
                                   作者：かるま龍狼
                                   是否完结：否
                                   总页数：16
                                   分类：短篇
                                   章节数：1
                                   最后更新时间：2019-01-22T15:40:26.841Z
                                   =================================================
2026-08-04 00:17:24 - mkk_pika - database.py:101 - INFO - 保存成功：共に燃ゆる (ないみつ)
2026-08-04 00:17:24 - mkk_pika - main.py:35 - INFO - 开始检查 さらわれごこち是否存在未下载章节
2026-08-04 00:17:24 - mkk_pika - main.py:45 - INFO - 正在下载:[ さらわれごこち]-[utu]-[['短篇']]-[total_pages:18]
2026-08-04 00:17:24 - mkk_pika - main.py:49 - INFO - [{'_id': '5c4739a48668500d71431087', 'title': '第1集', 'order': 1, 'updated_at': '2019-01-22T08:38:06.316Z', 'id': '5c4739a48668500d71431087'}]
2026-08-04 00:17:24 - mkk_pika - database.py:215 - INFO - 第一次下载该漫画，记录数据库中
2026-08-04 00:17:24 - mkk_pika - main.py:83 - INFO - 找到 18 张图片在:第1集
2026-08-04 00:17:25 - mkk_pika - main.py:112 - INFO - [episode:第1集       ] downloaded:    18, total:  18, progress:100%
2026-08-04 00:17:25 - mkk_pika - database.py:238 - INFO - 数据库更新已下载章节
2026-08-04 00:17:25 - mkk_pika - database.py:244 - INFO - 该漫画已下载章节如下
2026-08-04 00:17:25 - mkk_pika - database.py:245 - INFO - ['第1集']
2026-08-04 00:17:26 - mkk_pika - main.py:348 - INFO - ==================== 漫画信息 ====================
                                   漫画ID：5c4739a48668500d71431086
                                   标题： さらわれごこち
                                   作者：utu
                                   是否完结：否
                                   总页数：18
                                   分类：短篇
                                   章节数：1
                                   最后更新时间：2019-01-22T15:41:24.569Z
                                   =================================================
2026-08-04 00:17:26 - mkk_pika - database.py:101 - INFO - 保存成功： さらわれごこち
2026-08-04 00:17:26 - mkk_pika - main.py:35 - INFO - 开始检查僕は今日もこの双丘で果てる (アズールレーン)是否存在未下载章节
2026-08-04 00:17:27 - mkk_pika - main.py:45 - INFO - 正在下载:[僕は今日もこの双丘で果てる (アズールレーン)]-[うにの種 (うにあはと)]-[['同人', '短篇']]-[total_pages:32]
2026-08-04 00:17:27 - mkk_pika - main.py:49 - INFO - [{'_id': '5c473aabbb67890da9f413b4', 'title': '第1集', 'order': 1, 'updated_at': '2019-01-22T10:45:06.624Z', 'id': '5c473aabbb67890da9f413b4'}]
2026-08-04 00:17:27 - mkk_pika - database.py:215 - INFO - 第一次下载该漫画，记录数据库中
2026-08-04 00:17:27 - mkk_pika - main.py:83 - INFO - 找到 32 张图片在:第1集
2026-08-04 00:17:29 - mkk_pika - main.py:112 - INFO - [episode:第1集       ] downloaded:    32, total:  32, progress:100%
2026-08-04 00:17:29 - mkk_pika - database.py:238 - INFO - 数据库更新已下载章节
2026-08-04 00:17:29 - mkk_pika - database.py:244 - INFO - 该漫画已下载章节如下
2026-08-04 00:17:29 - mkk_pika - database.py:245 - INFO - ['第1集']
2026-08-04 00:17:30 - mkk_pika - main.py:348 - INFO - ==================== 漫画信息 ====================
                                   漫画ID：5c473aabbb67890da9f413b3
                                   标题：僕は今日もこの双丘で果てる (アズールレーン)
                                   作者：うにの種 (うにあはと)
                                   是否完结：否
                                   总页数：32
                                   分类：同人,短篇
                                   章节数：1
                                   最后更新时间：2019-01-22T15:45:47.760Z
                                   =================================================
2026-08-04 00:17:30 - mkk_pika - database.py:101 - INFO - 保存成功：僕は今日もこの双丘で果てる (アズールレーン)
2026-08-04 00:17:30 - mkk_pika - main.py:35 - INFO - 开始检查禁術マカリトオル1-5是否存在未下载章节
2026-08-04 00:17:30 - mkk_pika - main.py:45 - INFO - 正在下载:[禁術マカリトオル1-5]-[じゃんぬだっく]-[['短篇', 'NTR', '強暴']]-[total_pages:81]
2026-08-04 00:17:30 - mkk_pika - main.py:49 - INFO - [{'_id': '5c473b51e0c4ba04d43757b7', 'title': '第1集', 'order': 1, 'updated_at': '2019-01-22T09:12:35.293Z', 'id': '5c473b51e0c4ba04d43757b7'}, {'_id': '5c473b51e0c4ba04d43757b8', 'title': '第2集', 'order': 2, 'updated_at': '2019-01-22T09:13:21.146Z', 'id': '5c473b51e0c4ba04d43757b8'}, {'_id': '5c473b51e0c4ba04d43757b9', 'title': '第3集', 'order': 3, 'updated_at': '2019-01-22T10:41:47.059Z', 'id': '5c473b51e0c4ba04d43757b9'}, {'_id': '5c473b51e0c4ba04d43757ba', 'title': '第4集', 'order': 4, 'updated_at': '2019-01-22T10:43:21.969Z', 'id': '5c473b51e0c4ba04d43757ba'}, {'_id': '5c473b51e0c4ba04d43757bb', 'title': '第5集', 'order': 5, 'updated_at': '2019-01-22T10:48:57.439Z', 'id': '5c473b51e0c4ba04d43757bb'}]
2026-08-04 00:17:30 - mkk_pika - database.py:215 - INFO - 第一次下载该漫画，记录数据库中
2026-08-04 00:17:31 - mkk_pika - main.py:83 - INFO - 找到 17 张图片在:第1集
2026-08-04 00:17:31 - mkk_pika - main.py:112 - INFO - [episode:第1集       ] downloaded:    17, total:  17, progress:100%
2026-08-04 00:17:31 - mkk_pika - database.py:238 - INFO - 数据库更新已下载章节
2026-08-04 00:17:31 - mkk_pika - database.py:244 - INFO - 该漫画已下载章节如下
2026-08-04 00:17:31 - mkk_pika - database.py:245 - INFO - ['第1集']
2026-08-04 00:17:33 - mkk_pika - main.py:83 - INFO - 找到 17 张图片在:第2集
2026-08-04 00:17:34 - mkk_pika - main.py:112 - INFO - [episode:第2集       ] downloaded:    17, total:  17, progress:100%
2026-08-04 00:17:34 - mkk_pika - database.py:238 - INFO - 数据库更新已下载章节
2026-08-04 00:17:34 - mkk_pika - database.py:244 - INFO - 该漫画已下载章节如下
2026-08-04 00:17:34 - mkk_pika - database.py:245 - INFO - ['第1集', '第2集']
2026-08-04 00:17:35 - mkk_pika - main.py:83 - INFO - 找到 17 张图片在:第3集
2026-08-04 00:17:36 - mkk_pika - main.py:112 - INFO - [episode:第3集       ] downloaded:    17, total:  17, progress:100%
2026-08-04 00:17:36 - mkk_pika - database.py:238 - INFO - 数据库更新已下载章节
2026-08-04 00:17:36 - mkk_pika - database.py:244 - INFO - 该漫画已下载章节如下
2026-08-04 00:17:36 - mkk_pika - database.py:245 - INFO - ['第1集', '第2集', '第3集']
2026-08-04 00:17:37 - mkk_pika - main.py:83 - INFO - 找到 13 张图片在:第4集
2026-08-04 00:17:38 - mkk_pika - main.py:112 - INFO - [episode:第4集       ] downloaded:    13, total:  13, progress:100%
2026-08-04 00:17:38 - mkk_pika - database.py:238 - INFO - 数据库更新已下载章节
2026-08-04 00:17:38 - mkk_pika - database.py:244 - INFO - 该漫画已下载章节如下
2026-08-04 00:17:38 - mkk_pika - database.py:245 - INFO - ['第1集', '第2集', '第3集', '第4集']
2026-08-04 00:17:40 - mkk_pika - main.py:83 - INFO - 找到 17 张图片在:第5集
2026-08-04 00:17:41 - mkk_pika - main.py:112 - INFO - [episode:第5集       ] downloaded:    17, total:  17, progress:100%
2026-08-04 00:17:41 - mkk_pika - database.py:238 - INFO - 数据库更新已下载章节
2026-08-04 00:17:41 - mkk_pika - database.py:244 - INFO - 该漫画已下载章节如下
2026-08-04 00:17:41 - mkk_pika - database.py:245 - INFO - ['第1集', '第2集', '第3集', '第4集', '第5集']
2026-08-04 00:17:42 - mkk_pika - main.py:348 - INFO - ==================== 漫画信息 ====================
                                   漫画ID：5c473b51e0c4ba04d43757b6
                                   标题：禁術マカリトオル1-5
                                   作者：じゃんぬだっく
                                   是否完结：否
                                   总页数：81
                                   分类：短篇,NTR,強暴
                                   章节数：5
                                   最后更新时间：2019-01-22T15:48:33.046Z
                                   =================================================
2026-08-04 00:17:42 - mkk_pika - database.py:101 - INFO - 保存成功：禁術マカリトオル1-5
2026-08-04 00:17:42 - mkk_pika - main.py:35 - INFO - 开始检查ツェッペリンのショタ愛欲保護 (アズールレーン)是否存在未下载章节
2026-08-04 00:17:42 - mkk_pika - main.py:45 - INFO - 正在下载:[ツェッペリンのショタ愛欲保護 (アズールレーン)]-[塩ちょこ (ナハ78)]-[['同人', '短篇']]-[total_pages:30]
2026-08-04 00:17:42 - mkk_pika - main.py:49 - INFO - [{'_id': '5c473c0898b28a0daf10e2a6', 'title': '第1集', 'order': 1, 'updated_at': '2019-01-22T12:39:59.290Z', 'id': '5c473c0898b28a0daf10e2a6'}]
2026-08-04 00:17:42 - mkk_pika - database.py:215 - INFO - 第一次下载该漫画，记录数据库中
2026-08-04 00:17:43 - mkk_pika - main.py:83 - INFO - 找到 30 张图片在:第1集
2026-08-04 00:17:44 - mkk_pika - main.py:112 - INFO - [episode:第1集       ] downloaded:    30, total:  30, progress:100%
2026-08-04 00:17:44 - mkk_pika - database.py:238 - INFO - 数据库更新已下载章节
2026-08-04 00:17:44 - mkk_pika - database.py:244 - INFO - 该漫画已下载章节如下
2026-08-04 00:17:44 - mkk_pika - database.py:245 - INFO - ['第1集']
2026-08-04 00:17:45 - mkk_pika - main.py:348 - INFO - ==================== 漫画信息 ====================
                                   漫画ID：5c473c0898b28a0daf10e2a5
                                   标题：ツェッペリンのショタ愛欲保護 (アズールレーン)
                                   作者：塩ちょこ (ナハ78)
                                   是否完结：否
                                   总页数：30
                                   分类：同人,短篇
                                   章节数：1
                                   最后更新时间：2019-01-22T15:51:36.791Z
                                   =================================================
2026-08-04 00:17:45 - mkk_pika - database.py:101 - INFO - 保存成功：ツェッペリンのショタ愛欲保護 (アズールレーン)
2026-08-04 00:17:45 - mkk_pika - main.py:35 - INFO - 开始检查百合色モーション 是否存在未下载章节
2026-08-04 00:17:45 - mkk_pika - main.py:45 - INFO - 正在下载:[百合色モーション ]-[たかやKi]-[['短篇']]-[total_pages:20]
2026-08-04 00:17:45 - mkk_pika - main.py:49 - INFO - [{'_id': '5c473c200dc95e0d7a67bc8f', 'title': '第1集', 'order': 1, 'updated_at': '2019-01-22T00:43:23.537Z', 'id': '5c473c200dc95e0d7a67bc8f'}]
2026-08-04 00:17:45 - mkk_pika - database.py:215 - INFO - 第一次下载该漫画，记录数据库中
2026-08-04 00:17:46 - mkk_pika - main.py:83 - INFO - 找到 20 张图片在:第1集
2026-08-04 00:17:47 - mkk_pika - main.py:112 - INFO - [episode:第1集       ] downloaded:    20, total:  20, progress:100%
2026-08-04 00:17:47 - mkk_pika - database.py:238 - INFO - 数据库更新已下载章节
2026-08-04 00:17:47 - mkk_pika - database.py:244 - INFO - 该漫画已下载章节如下
2026-08-04 00:17:47 - mkk_pika - database.py:245 - INFO - ['第1集']
2026-08-04 00:17:48 - mkk_pika - main.py:348 - INFO - ==================== 漫画信息 ====================
                                   漫画ID：5c473c200dc95e0d7a67bc8e
                                   标题：百合色モーション 
                                   作者：たかやKi
                                   是否完结：否
                                   总页数：20
                                   分类：短篇
                                   章节数：1
                                   最后更新时间：2019-01-22T15:52:00.530Z
                                   =================================================
2026-08-04 00:17:48 - mkk_pika - database.py:101 - INFO - 保存成功：百合色モーション 
2026-08-04 00:17:48 - mkk_pika - main.py:35 - INFO - 开始检查(C91) 四季映姫催眠本 (東方Project)是否存在未下载章节
2026-08-04 00:17:48 - mkk_pika - main.py:45 - INFO - 正在下载:[(C91) 四季映姫催眠本 (東方Project)]-[腹痛起こす (悔王)]-[['短篇', '同人', '東方']]-[total_pages:27]
2026-08-04 00:17:48 - mkk_pika - main.py:49 - INFO - [{'_id': '5c473ca9bb67890da9f41403', 'title': '第1集', 'order': 1, 'updated_at': '2019-01-14T15:52:40.808Z', 'id': '5c473ca9bb67890da9f41403'}]
2026-08-04 00:17:48 - mkk_pika - database.py:215 - INFO - 第一次下载该漫画，记录数据库中
2026-08-04 00:17:49 - mkk_pika - main.py:83 - INFO - 找到 27 张图片在:第1集
2026-08-04 00:17:50 - mkk_pika - main.py:112 - INFO - [episode:第1集       ] downloaded:    27, total:  27, progress:100%
2026-08-04 00:17:50 - mkk_pika - database.py:238 - INFO - 数据库更新已下载章节
2026-08-04 00:17:50 - mkk_pika - database.py:244 - INFO - 该漫画已下载章节如下
2026-08-04 00:17:50 - mkk_pika - database.py:245 - INFO - ['第1集']
2026-08-04 00:17:52 - mkk_pika - main.py:348 - INFO - ==================== 漫画信息 ====================
                                   漫画ID：5c473ca9bb67890da9f41402
                                   标题：(C91) 四季映姫催眠本 (東方Project)
                                   作者：腹痛起こす (悔王)
                                   是否完结：否
                                   总页数：27
                                   分类：短篇,同人,東方
                                   章节数：1
                                   最后更新时间：2019-01-22T15:54:17.263Z
                                   =================================================
2026-08-04 00:17:52 - mkk_pika - database.py:101 - INFO - 保存成功：(C91) 四季映姫催眠本 (東方Project)
2026-08-04 00:17:52 - mkk_pika - main.py:35 - INFO - 开始检查Mixberry Shortcake 2 ～千華留のお遊び～是否存在未下载章节
2026-08-04 00:17:52 - mkk_pika - main.py:45 - INFO - 正在下载:[Mixberry Shortcake 2 ～千華留のお遊び～]-[MISSING PARK (チサト)]-[['同人', '短篇', '百合花園']]-[total_pages:30]
2026-08-04 00:17:52 - mkk_pika - main.py:49 - INFO - [{'_id': '5c473d248668500d714310ce', 'title': '第1集', 'order': 1, 'updated_at': '2019-01-22T13:06:06.329Z', 'id': '5c473d248668500d714310ce'}]
2026-08-04 00:17:52 - mkk_pika - database.py:215 - INFO - 第一次下载该漫画，记录数据库中
2026-08-04 00:17:52 - mkk_pika - main.py:83 - INFO - 找到 30 张图片在:第1集
2026-08-04 00:17:54 - mkk_pika - main.py:112 - INFO - [episode:第1集       ] downloaded:    30, total:  30, progress:100%
2026-08-04 00:17:54 - mkk_pika - database.py:238 - INFO - 数据库更新已下载章节
2026-08-04 00:17:54 - mkk_pika - database.py:244 - INFO - 该漫画已下载章节如下
2026-08-04 00:17:54 - mkk_pika - database.py:245 - INFO - ['第1集']
2026-08-04 00:17:55 - mkk_pika - main.py:348 - INFO - ==================== 漫画信息 ====================
                                   漫画ID：5c473d248668500d714310cd
                                   标题：Mixberry Shortcake 2 ～千華留のお遊び～
                                   作者：MISSING PARK (チサト)
                                   是否完结：否
                                   总页数：30
                                   分类：同人,短篇,百合花園
                                   章节数：1
                                   最后更新时间：2019-01-22T15:56:20.544Z
                                   =================================================
2026-08-04 00:17:55 - mkk_pika - database.py:101 - INFO - 保存成功：Mixberry Shortcake 2 ～千華留のお遊び～
2026-08-04 00:17:55 - mkk_pika - main.py:35 - INFO - 开始检查水島さんは露出症。4是否存在未下载章节
2026-08-04 00:17:55 - mkk_pika - main.py:45 - INFO - 正在下载:[水島さんは露出症。4]-[valssu (茶琉)]-[['短篇']]-[total_pages:45]
2026-08-04 00:17:55 - mkk_pika - main.py:49 - INFO - [{'_id': '5c473eed98b28a0daf10e2ee', 'title': '第1集', 'order': 1, 'updated_at': '2019-01-22T11:51:04.056Z', 'id': '5c473eed98b28a0daf10e2ee'}]
2026-08-04 00:17:55 - mkk_pika - database.py:215 - INFO - 第一次下载该漫画，记录数据库中
2026-08-04 00:17:56 - mkk_pika - main.py:83 - INFO - 找到 45 张图片在:第1集
2026-08-04 00:17:58 - mkk_pika - main.py:112 - INFO - [episode:第1集       ] downloaded:    45, total:  45, progress:100%
2026-08-04 00:17:58 - mkk_pika - database.py:238 - INFO - 数据库更新已下载章节
2026-08-04 00:17:58 - mkk_pika - database.py:244 - INFO - 该漫画已下载章节如下
2026-08-04 00:17:58 - mkk_pika - database.py:245 - INFO - ['第1集']
2026-08-04 00:17:59 - mkk_pika - main.py:348 - INFO - ==================== 漫画信息 ====================
                                   漫画ID：5c473eed98b28a0daf10e2ed
                                   标题：水島さんは露出症。4
                                   作者：valssu (茶琉)
                                   是否完结：否
                                   总页数：45
                                   分类：短篇
                                   章节数：1
                                   最后更新时间：2019-01-22T16:03:57.151Z
                                   =================================================
2026-08-04 00:17:59 - mkk_pika - database.py:101 - INFO - 保存成功：水島さんは露出症。4
2026-08-04 00:17:59 - mkk_pika - main.py:35 - INFO - 开始检查ハルヒが優しく筆下ししてくれる本是否存在未下载章节
2026-08-04 00:17:59 - mkk_pika - main.py:45 - INFO - 正在下载:[ハルヒが優しく筆下ししてくれる本]-[絵援隊 (酒呑童子)]-[['同人', '短篇']]-[total_pages:33]
2026-08-04 00:17:59 - mkk_pika - main.py:49 - INFO - [{'_id': '5c473fcabb67890da9f41446', 'title': '第1集', 'order': 1, 'updated_at': '2019-01-22T13:22:24.039Z', 'id': '5c473fcabb67890da9f41446'}]
2026-08-04 00:17:59 - mkk_pika - database.py:215 - INFO - 第一次下载该漫画，记录数据库中
2026-08-04 00:18:00 - mkk_pika - main.py:83 - INFO - 找到 33 张图片在:第1集
2026-08-04 00:18:01 - mkk_pika - main.py:112 - INFO - [episode:第1集       ] downloaded:    33, total:  33, progress:100%
2026-08-04 00:18:01 - mkk_pika - database.py:238 - INFO - 数据库更新已下载章节
2026-08-04 00:18:01 - mkk_pika - database.py:244 - INFO - 该漫画已下载章节如下
2026-08-04 00:18:01 - mkk_pika - database.py:245 - INFO - ['第1集']
2026-08-04 00:18:03 - mkk_pika - main.py:348 - INFO - ==================== 漫画信息 ====================
                                   漫画ID：5c473fcabb67890da9f41445
                                   标题：ハルヒが優しく筆下ししてくれる本
                                   作者：絵援隊 (酒呑童子)
                                   是否完结：否
                                   总页数：33
                                   分类：同人,短篇
                                   章节数：1
                                   最后更新时间：2019-01-22T16:07:38.027Z
                                   =================================================
2026-08-04 00:18:03 - mkk_pika - database.py:101 - INFO - 保存成功：ハルヒが優しく筆下ししてくれる本
2026-08-04 00:18:03 - mkk_pika - main.py:35 - INFO - 开始检查ERIKO（キミキス 君吻）是否存在未下载章节
2026-08-04 00:18:03 - mkk_pika - main.py:45 - INFO - 正在下载:[ERIKO（キミキス 君吻）]-[如月群真]-[['短篇', '同人', '純愛']]-[total_pages:26]
2026-08-04 00:18:03 - mkk_pika - main.py:49 - INFO - [{'_id': '5c4802be8668500d714315d1', 'title': '第1集', 'order': 1, 'updated_at': '2019-01-22T16:19:21.018Z', 'id': '5c4802be8668500d714315d1'}]
2026-08-04 00:18:03 - mkk_pika - database.py:215 - INFO - 第一次下载该漫画，记录数据库中
2026-08-04 00:18:03 - mkk_pika - main.py:83 - INFO - 找到 26 张图片在:第1集
2026-08-04 00:18:04 - mkk_pika - main.py:112 - INFO - [episode:第1集       ] downloaded:    26, total:  26, progress:100%
2026-08-04 00:18:04 - mkk_pika - database.py:238 - INFO - 数据库更新已下载章节
2026-08-04 00:18:04 - mkk_pika - database.py:244 - INFO - 该漫画已下载章节如下
2026-08-04 00:18:04 - mkk_pika - database.py:245 - INFO - ['第1集']
2026-08-04 00:18:06 - mkk_pika - main.py:348 - INFO - ==================== 漫画信息 ====================
                                   漫画ID：5c4802be8668500d714315d0
                                   标题：ERIKO（キミキス 君吻）
                                   作者：如月群真
                                   是否完结：是
                                   总页数：26
                                   分类：短篇,同人,純愛
                                   章节数：1
                                   最后更新时间：2019-01-23T05:59:26.134Z
                                   =================================================
2026-08-04 00:18:06 - mkk_pika - database.py:101 - INFO - 保存成功：ERIKO（キミキス 君吻）
2026-08-04 00:18:06 - mkk_pika - main.py:35 - INFO - 开始检查下地さんStudy！ (COMIC 失楽天 2018年10月号)是否存在未下载章节
2026-08-04 00:18:06 - mkk_pika - main.py:45 - INFO - 正在下载:[下地さんStudy！ (COMIC 失楽天 2018年10月号)]-[ばつ]-[['短篇']]-[total_pages:18]
2026-08-04 00:18:06 - mkk_pika - main.py:49 - INFO - [{'_id': '5c480d705375272fdf5c20dc', 'title': '第1集', 'order': 1, 'updated_at': '2019-01-22T17:41:30.071Z', 'id': '5c480d705375272fdf5c20dc'}]
2026-08-04 00:18:06 - mkk_pika - database.py:215 - INFO - 第一次下载该漫画，记录数据库中
2026-08-04 00:18:06 - mkk_pika - main.py:83 - INFO - 找到 18 张图片在:第1集
2026-08-04 00:18:07 - mkk_pika - main.py:112 - INFO - [episode:第1集       ] downloaded:    18, total:  18, progress:100%
2026-08-04 00:18:07 - mkk_pika - database.py:238 - INFO - 数据库更新已下载章节
2026-08-04 00:18:07 - mkk_pika - database.py:244 - INFO - 该漫画已下载章节如下
2026-08-04 00:18:07 - mkk_pika - database.py:245 - INFO - ['第1集']
2026-08-04 00:18:09 - mkk_pika - main.py:348 - INFO - ==================== 漫画信息 ====================
                                   漫画ID：5c480d705375272fdf5c20db
                                   标题：下地さんStudy！ (COMIC 失楽天 2018年10月号)
                                   作者：ばつ
                                   是否完结：是
                                   总页数：18
                                   分类：短篇
                                   章节数：1
                                   最后更新时间：2019-01-23T06:45:04.529Z
                                   =================================================
2026-08-04 00:18:09 - mkk_pika - database.py:101 - INFO - 保存成功：下地さんStudy！ (COMIC 失楽天 2018年10月号)
2026-08-04 00:18:09 - mkk_pika - main.py:35 - INFO - 开始检查(秋季例大祭5)  永琳先生処方ミス (東方Project)是否存在未下载章节
2026-08-04 00:18:09 - mkk_pika - main.py:45 - INFO - 正在下载:[(秋季例大祭5)  永琳先生処方ミス (東方Project)]-[ちんちん亭 (chin)]-[['短篇', '同人', '東方']]-[total_pages:22]
2026-08-04 00:18:09 - mkk_pika - main.py:49 - INFO - [{'_id': '5c480dd68668500d71431630', 'title': '第1集', 'order': 1, 'updated_at': '2019-01-22T17:53:36.138Z', 'id': '5c480dd68668500d71431630'}]
2026-08-04 00:18:09 - mkk_pika - database.py:215 - INFO - 第一次下载该漫画，记录数据库中
2026-08-04 00:18:09 - mkk_pika - main.py:83 - INFO - 找到 22 张图片在:第1集
2026-08-04 00:18:10 - mkk_pika - main.py:112 - INFO - [episode:第1集       ] downloaded:    22, total:  22, progress:100%
2026-08-04 00:18:10 - mkk_pika - database.py:238 - INFO - 数据库更新已下载章节
2026-08-04 00:18:10 - mkk_pika - database.py:244 - INFO - 该漫画已下载章节如下
2026-08-04 00:18:10 - mkk_pika - database.py:245 - INFO - ['第1集']
2026-08-04 00:18:11 - mkk_pika - main.py:348 - INFO - ==================== 漫画信息 ====================
                                   漫画ID：5c480dd68668500d7143162f
                                   标题：(秋季例大祭5)  永琳先生処方ミス (東方Project)
                                   作者：ちんちん亭 (chin)
                                   是否完结：是
                                   总页数：22
                                   分类：短篇,同人,東方
                                   章节数：1
                                   最后更新时间：2019-01-23T06:46:46.824Z
                                   =================================================
2026-08-04 00:18:11 - mkk_pika - database.py:101 - INFO - 保存成功：(秋季例大祭5)  永琳先生処方ミス (東方Project)
2026-08-04 00:18:11 - mkk_pika - main.py:35 - INFO - 开始检查 グレイトフルゾンビ是否存在未下载章节
2026-08-04 00:18:12 - mkk_pika - main.py:45 - INFO - 正在下载:[ グレイトフルゾンビ]-[世渡工場 (ジェット世渡り)]-[['同人', '百合花園']]-[total_pages:21]
2026-08-04 00:18:12 - mkk_pika - main.py:49 - INFO - [{'_id': '5c480e02ac956d67eac1ac05', 'title': '第1集', 'order': 1, 'updated_at': '2019-01-22T21:29:53.852Z', 'id': '5c480e02ac956d67eac1ac05'}]
2026-08-04 00:18:12 - mkk_pika - database.py:215 - INFO - 第一次下载该漫画，记录数据库中
2026-08-04 00:18:12 - mkk_pika - main.py:83 - INFO - 找到 21 张图片在:第1集
2026-08-04 00:18:13 - mkk_pika - main.py:112 - INFO - [episode:第1集       ] downloaded:    21, total:  21, progress:100%
2026-08-04 00:18:13 - mkk_pika - database.py:238 - INFO - 数据库更新已下载章节
2026-08-04 00:18:13 - mkk_pika - database.py:244 - INFO - 该漫画已下载章节如下
2026-08-04 00:18:13 - mkk_pika - database.py:245 - INFO - ['第1集']
2026-08-04 00:18:14 - mkk_pika - main.py:348 - INFO - ==================== 漫画信息 ====================
                                   漫画ID：5c480e01ac956d67eac1ac04
                                   标题： グレイトフルゾンビ
                                   作者：世渡工場 (ジェット世渡り)
                                   是否完结：否
                                   总页数：21
                                   分类：同人,百合花園
                                   章节数：1
                                   最后更新时间：2019-01-23T06:47:29.983Z
                                   =================================================
2026-08-04 00:18:14 - mkk_pika - database.py:101 - INFO - 保存成功： グレイトフルゾンビ
2026-08-04 00:18:14 - mkk_pika - main.py:35 - INFO - 开始检查(C94) Reincarnation (Fate/Grand Order)是否存在未下载章节
2026-08-04 00:18:14 - mkk_pika - main.py:45 - INFO - 正在下载:[(C94) Reincarnation (Fate/Grand Order)]-[HMA (日吉ハナ)]-[['短篇', '同人', '純愛', 'Fate']]-[total_pages:26]
2026-08-04 00:18:14 - mkk_pika - main.py:49 - INFO - [{'_id': '5c480e1521e07467faf9ef7c', 'title': '第1集', 'order': 1, 'updated_at': '2019-01-22T22:12:14.390Z', 'id': '5c480e1521e07467faf9ef7c'}]
2026-08-04 00:18:14 - mkk_pika - database.py:215 - INFO - 第一次下载该漫画，记录数据库中
2026-08-04 00:18:15 - mkk_pika - main.py:83 - INFO - 找到 26 张图片在:第1集
2026-08-04 00:18:16 - mkk_pika - main.py:112 - INFO - [episode:第1集       ] downloaded:    26, total:  26, progress:100%
2026-08-04 00:18:16 - mkk_pika - database.py:238 - INFO - 数据库更新已下载章节
2026-08-04 00:18:16 - mkk_pika - database.py:244 - INFO - 该漫画已下载章节如下
2026-08-04 00:18:16 - mkk_pika - database.py:245 - INFO - ['第1集']
2026-08-04 00:18:17 - mkk_pika - main.py:348 - INFO - ==================== 漫画信息 ====================
                                   漫画ID：5c480e1521e07467faf9ef7b
                                   标题：(C94) Reincarnation (Fate/Grand Order)
                                   作者：HMA (日吉ハナ)
                                   是否完结：是
                                   总页数：26
                                   分类：短篇,同人,純愛,Fate
                                   章节数：1
                                   最后更新时间：2019-01-23T06:47:49.956Z
                                   =================================================
2026-08-04 00:18:17 - mkk_pika - database.py:101 - INFO - 保存成功：(C94) Reincarnation (Fate/Grand Order)
2026-08-04 00:18:17 - mkk_pika - main.py:35 - INFO - 开始检查(C95) オリホン1是否存在未下载章节
2026-08-04 00:18:18 - mkk_pika - main.py:45 - INFO - 正在下载:[(C95) オリホン1]-[シュート・ザ・ムーン (フエタキシ)]-[['短篇']]-[total_pages:9]
2026-08-04 00:18:18 - mkk_pika - main.py:49 - INFO - [{'_id': '5c480e278668500d7143164a', 'title': '第1集', 'order': 1, 'updated_at': '2019-01-22T22:20:26.238Z', 'id': '5c480e278668500d7143164a'}]
2026-08-04 00:18:18 - mkk_pika - database.py:215 - INFO - 第一次下载该漫画，记录数据库中
2026-08-04 00:18:18 - mkk_pika - main.py:83 - INFO - 找到 9 张图片在:第1集
2026-08-04 00:18:19 - mkk_pika - main.py:112 - INFO - [episode:第1集       ] downloaded:     9, total:   9, progress:100%
2026-08-04 00:18:19 - mkk_pika - database.py:238 - INFO - 数据库更新已下载章节
2026-08-04 00:18:19 - mkk_pika - database.py:244 - INFO - 该漫画已下载章节如下
2026-08-04 00:18:19 - mkk_pika - database.py:245 - INFO - ['第1集']
2026-08-04 00:18:20 - mkk_pika - main.py:348 - INFO - ==================== 漫画信息 ====================
                                   漫画ID：5c480e278668500d71431649
                                   标题：(C95) オリホン1
                                   作者：シュート・ザ・ムーン (フエタキシ)
                                   是否完结：是
                                   总页数：9
                                   分类：短篇
                                   章节数：1
                                   最后更新时间：2019-01-23T06:48:07.639Z
                                   =================================================
2026-08-04 00:18:20 - mkk_pika - database.py:101 - INFO - 保存成功：(C95) オリホン1
2026-08-04 00:18:20 - mkk_pika - main.py:35 - INFO - 开始检查(C95) ベルカクテル (アイドルマスター シャイニーカラーズ) [中国翻訳]是否存在未下载章节
2026-08-04 00:18:20 - mkk_pika - main.py:45 - INFO - 正在下载:[(C95) ベルカクテル (アイドルマスター シャイニーカラーズ) [中国翻訳]]-[LAMINARIA (しおこんぶ)]-[['短篇']]-[total_pages:29]
2026-08-04 00:18:20 - mkk_pika - main.py:49 - INFO - [{'_id': '5c482df9bb6e3767c366ad57', 'title': '第1集', 'order': 1, 'updated_at': '2019-01-23T01:35:43.899Z', 'id': '5c482df9bb6e3767c366ad57'}]
2026-08-04 00:18:20 - mkk_pika - database.py:215 - INFO - 第一次下载该漫画，记录数据库中
2026-08-04 00:18:21 - mkk_pika - main.py:83 - INFO - 找到 29 张图片在:第1集
2026-08-04 00:18:22 - mkk_pika - main.py:112 - INFO - [episode:第1集       ] downloaded:    29, total:  29, progress:100%
2026-08-04 00:18:22 - mkk_pika - database.py:238 - INFO - 数据库更新已下载章节
2026-08-04 00:18:22 - mkk_pika - database.py:244 - INFO - 该漫画已下载章节如下
2026-08-04 00:18:22 - mkk_pika - database.py:245 - INFO - ['第1集']
2026-08-04 00:18:23 - mkk_pika - main.py:348 - INFO - ==================== 漫画信息 ====================
                                   漫画ID：5c482df9bb6e3767c366ad56
                                   标题：(C95) ベルカクテル (アイドルマスター シャイニーカラーズ) [中国翻訳]
                                   作者：LAMINARIA (しおこんぶ)
                                   是否完结：否
                                   总页数：29
                                   分类：短篇
                                   章节数：1
                                   最后更新时间：2019-01-23T09:03:53.425Z
                                   =================================================
2026-08-04 00:18:23 - mkk_pika - database.py:101 - INFO - 保存成功：(C95) ベルカクテル (アイドルマスター シャイニーカラーズ) [中国翻訳]
2026-08-04 00:18:23 - mkk_pika - main.py:35 - INFO - 开始检查(C95) ほかの患者さんには内緒だよ? | 对其他的患者们要保密哟?  (名取さな) 是否存在未下载章节
2026-08-04 00:18:23 - mkk_pika - main.py:45 - INFO - 正在下载:[(C95) ほかの患者さんには内緒だよ? | 对其他的患者们要保密哟?  (名取さな) ]-[ひつじにく (らむ)]-[['同人', '短篇']]-[total_pages:25]
2026-08-04 00:18:23 - mkk_pika - main.py:49 - INFO - [{'_id': '5c482e2821e07467faf9f09b', 'title': '第1集', 'order': 1, 'updated_at': '2019-01-23T02:45:46.847Z', 'id': '5c482e2821e07467faf9f09b'}]
2026-08-04 00:18:23 - mkk_pika - database.py:215 - INFO - 第一次下载该漫画，记录数据库中
2026-08-04 00:18:24 - mkk_pika - main.py:83 - INFO - 找到 25 张图片在:第1集
2026-08-04 00:18:25 - mkk_pika - main.py:112 - INFO - [episode:第1集       ] downloaded:    25, total:  25, progress:100%
2026-08-04 00:18:25 - mkk_pika - database.py:238 - INFO - 数据库更新已下载章节
2026-08-04 00:18:25 - mkk_pika - database.py:244 - INFO - 该漫画已下载章节如下
2026-08-04 00:18:25 - mkk_pika - database.py:245 - INFO - ['第1集']
2026-08-04 00:18:26 - mkk_pika - main.py:348 - INFO - ==================== 漫画信息 ====================
                                   漫画ID：5c482e2821e07467faf9f09a
                                   标题：(C95) ほかの患者さんには内緒だよ? | 对其他的患者们要保密哟?  (名取さな) 
                                   作者：ひつじにく (らむ)
                                   是否完结：是
                                   总页数：25
                                   分类：同人,短篇
                                   章节数：1
                                   最后更新时间：2019-01-23T09:04:40.928Z
                                   =================================================
2026-08-04 00:18:26 - mkk_pika - database.py:101 - INFO - 保存成功：(C95) ほかの患者さんには内緒だよ? | 对其他的患者们要保密哟?  (名取さな) 
2026-08-04 00:18:26 - mkk_pika - main.py:35 - INFO - 开始检查(C94) カルデアマニア・酒呑童子 (Fate/Grand Order) 是否存在未下载章节
2026-08-04 00:18:27 - mkk_pika - main.py:45 - INFO - 正在下载:[(C94) カルデアマニア・酒呑童子 (Fate/Grand Order) ]-[熊掌社 (俺正讀)]-[['短篇', '同人', 'Fate']]-[total_pages:28]
2026-08-04 00:18:27 - mkk_pika - main.py:49 - INFO - [{'_id': '5c482e650dc95e0d7a67c392', 'title': '第1集', 'order': 1, 'updated_at': '2019-01-23T02:53:14.091Z', 'id': '5c482e650dc95e0d7a67c392'}]
2026-08-04 00:18:27 - mkk_pika - database.py:215 - INFO - 第一次下载该漫画，记录数据库中
2026-08-04 00:18:27 - mkk_pika - main.py:83 - INFO - 找到 28 张图片在:第1集
2026-08-04 00:18:28 - mkk_pika - main.py:112 - INFO - [episode:第1集       ] downloaded:    28, total:  28, progress:100%
2026-08-04 00:18:28 - mkk_pika - database.py:238 - INFO - 数据库更新已下载章节
2026-08-04 00:18:28 - mkk_pika - database.py:244 - INFO - 该漫画已下载章节如下
2026-08-04 00:18:28 - mkk_pika - database.py:245 - INFO - ['第1集']
2026-08-04 00:18:29 - mkk_pika - main.py:348 - INFO - ==================== 漫画信息 ====================
                                   漫画ID：5c482e650dc95e0d7a67c391
                                   标题：(C94) カルデアマニア・酒呑童子 (Fate/Grand Order) 
                                   作者：熊掌社 (俺正讀)
                                   是否完结：是
                                   总页数：28
                                   分类：短篇,同人,Fate
                                   章节数：1
                                   最后更新时间：2019-01-23T09:05:41.784Z
                                   =================================================
2026-08-04 00:18:29 - mkk_pika - database.py:101 - INFO - 保存成功：(C94) カルデアマニア・酒呑童子 (Fate/Grand Order) 
2026-08-04 00:18:29 - mkk_pika - main.py:35 - INFO - 开始检查(C88) カゼノナクウミ (艦隊これくしょん -艦これ-) 是否存在未下载章节
2026-08-04 00:18:30 - mkk_pika - main.py:45 - INFO - 正在下载:[(C88) カゼノナクウミ (艦隊これくしょん -艦これ-) ]-[うにの種 (うにあはと)]-[['同人', '短篇', '艦隊收藏']]-[total_pages:27]
2026-08-04 00:18:30 - mkk_pika - main.py:49 - INFO - [{'_id': '5c482ef521e07467faf9f18d', 'title': '第1集', 'order': 1, 'updated_at': '2019-01-23T03:00:43.624Z', 'id': '5c482ef521e07467faf9f18d'}]
2026-08-04 00:18:30 - mkk_pika - database.py:215 - INFO - 第一次下载该漫画，记录数据库中
2026-08-04 00:18:31 - mkk_pika - main.py:83 - INFO - 找到 27 张图片在:第1集
2026-08-04 00:18:32 - mkk_pika - main.py:112 - INFO - [episode:第1集       ] downloaded:    27, total:  27, progress:100%
2026-08-04 00:18:32 - mkk_pika - database.py:238 - INFO - 数据库更新已下载章节
2026-08-04 00:18:32 - mkk_pika - database.py:244 - INFO - 该漫画已下载章节如下
2026-08-04 00:18:32 - mkk_pika - database.py:245 - INFO - ['第1集']
2026-08-04 00:18:33 - mkk_pika - main.py:348 - INFO - ==================== 漫画信息 ====================
                                   漫画ID：5c482ef521e07467faf9f18c
                                   标题：(C88) カゼノナクウミ (艦隊これくしょん -艦これ-) 
                                   作者：うにの種 (うにあはと)
                                   是否完结：是
                                   总页数：27
                                   分类：同人,短篇,艦隊收藏
                                   章节数：1
                                   最后更新时间：2019-01-23T09:08:05.802Z
                                   =================================================
2026-08-04 00:18:33 - mkk_pika - database.py:101 - INFO - 保存成功：(C88) カゼノナクウミ (艦隊これくしょん -艦これ-) 
2026-08-04 00:18:33 - mkk_pika - main.py:35 - INFO - 开始检查(C92) 浜風に夜姦指導 (艦隊これくしょん -艦これ-)是否存在未下载章节
2026-08-04 00:18:33 - mkk_pika - main.py:45 - INFO - 正在下载:[(C92) 浜風に夜姦指導 (艦隊これくしょん -艦これ-)]-[にじげんCOMPLEX (みつかず)]-[['短篇', '同人', '艦隊收藏']]-[total_pages:27]
2026-08-04 00:18:33 - mkk_pika - main.py:49 - INFO - [{'_id': '5c482f3e21e07467faf9f1ab', 'title': '第1集', 'order': 1, 'updated_at': '2019-01-23T03:07:23.861Z', 'id': '5c482f3e21e07467faf9f1ab'}]
2026-08-04 00:18:33 - mkk_pika - database.py:215 - INFO - 第一次下载该漫画，记录数据库中
2026-08-04 00:18:34 - mkk_pika - main.py:83 - INFO - 找到 27 张图片在:第1集
2026-08-04 00:18:35 - mkk_pika - main.py:112 - INFO - [episode:第1集       ] downloaded:    27, total:  27, progress:100%
2026-08-04 00:18:35 - mkk_pika - database.py:238 - INFO - 数据库更新已下载章节
2026-08-04 00:18:35 - mkk_pika - database.py:244 - INFO - 该漫画已下载章节如下
2026-08-04 00:18:35 - mkk_pika - database.py:245 - INFO - ['第1集']
2026-08-04 00:18:36 - mkk_pika - main.py:348 - INFO - ==================== 漫画信息 ====================
                                   漫画ID：5c482f3e21e07467faf9f1aa
                                   标题：(C92) 浜風に夜姦指導 (艦隊これくしょん -艦これ-)
                                   作者：にじげんCOMPLEX (みつかず)
                                   是否完结：是
                                   总页数：27
                                   分类：短篇,同人,艦隊收藏
                                   章节数：1
                                   最后更新时间：2019-01-23T09:09:18.614Z
                                   =================================================
2026-08-04 00:18:36 - mkk_pika - database.py:101 - INFO - 保存成功：(C92) 浜風に夜姦指導 (艦隊これくしょん -艦これ-)
2026-08-04 00:18:36 - mkk_pika - main.py:35 - INFO - 开始检查NurMitDir (少女前線)是否存在未下载章节
2026-08-04 00:18:37 - mkk_pika - main.py:45 - INFO - 正在下载:[NurMitDir (少女前線)]-[銀糖製菓 (玉砂糖]-[['同人', '短篇', '純愛', '全彩']]-[total_pages:17]
2026-08-04 00:18:37 - mkk_pika - main.py:49 - INFO - [{'_id': '5c482f69be273d04a4cd8e2d', 'title': '第1集', 'order': 1, 'updated_at': '2019-01-23T04:16:55.732Z', 'id': '5c482f69be273d04a4cd8e2d'}]
2026-08-04 00:18:37 - mkk_pika - database.py:215 - INFO - 第一次下载该漫画，记录数据库中
2026-08-04 00:18:37 - mkk_pika - main.py:83 - INFO - 找到 17 张图片在:第1集
2026-08-04 00:18:38 - mkk_pika - main.py:112 - INFO - [episode:第1集       ] downloaded:    17, total:  17, progress:100%
2026-08-04 00:18:38 - mkk_pika - database.py:238 - INFO - 数据库更新已下载章节
2026-08-04 00:18:38 - mkk_pika - database.py:244 - INFO - 该漫画已下载章节如下
2026-08-04 00:18:38 - mkk_pika - database.py:245 - INFO - ['第1集']
2026-08-04 00:18:39 - mkk_pika - main.py:348 - INFO - ==================== 漫画信息 ====================
                                   漫画ID：5c482f69be273d04a4cd8e2c
                                   标题：NurMitDir (少女前線)
                                   作者：銀糖製菓 (玉砂糖
                                   是否完结：否
                                   总页数：17
                                   分类：同人,短篇,純愛,全彩
                                   章节数：1
                                   最后更新时间：2019-01-23T09:10:01.206Z
                                   =================================================
2026-08-04 00:18:39 - mkk_pika - database.py:101 - INFO - 保存成功：NurMitDir (少女前線)
2026-08-04 00:18:39 - mkk_pika - main.py:35 - INFO - 开始检查(C95) 隣のロリは犯れるロリ。| 鄰家蘿莉是能幹的蘿莉。是否存在未下载章节
2026-08-04 00:18:40 - mkk_pika - main.py:45 - INFO - 正在下载:[(C95) 隣のロリは犯れるロリ。| 鄰家蘿莉是能幹的蘿莉。]-[T4P (猫玄)]-[['短篇']]-[total_pages:28]
2026-08-04 00:18:40 - mkk_pika - main.py:49 - INFO - [{'_id': '5c482f7b98b28a0daf10ea7f', 'title': '第1集', 'order': 1, 'updated_at': '2019-01-23T05:02:01.395Z', 'id': '5c482f7b98b28a0daf10ea7f'}]
2026-08-04 00:18:40 - mkk_pika - database.py:215 - INFO - 第一次下载该漫画，记录数据库中
2026-08-04 00:18:40 - mkk_pika - main.py:83 - INFO - 找到 28 张图片在:第1集
2026-08-04 00:18:41 - mkk_pika - main.py:112 - INFO - [episode:第1集       ] downloaded:    28, total:  28, progress:100%
2026-08-04 00:18:41 - mkk_pika - database.py:238 - INFO - 数据库更新已下载章节
2026-08-04 00:18:41 - mkk_pika - database.py:244 - INFO - 该漫画已下载章节如下
2026-08-04 00:18:41 - mkk_pika - database.py:245 - INFO - ['第1集']
2026-08-04 00:18:42 - mkk_pika - main.py:348 - INFO - ==================== 漫画信息 ====================
                                   漫画ID：5c482f7b98b28a0daf10ea7e
                                   标题：(C95) 隣のロリは犯れるロリ。| 鄰家蘿莉是能幹的蘿莉。
                                   作者：T4P (猫玄)
                                   是否完结：是
                                   总页数：28
                                   分类：短篇
                                   章节数：1
                                   最后更新时间：2019-01-23T09:10:19.669Z
                                   =================================================
2026-08-04 00:18:42 - mkk_pika - database.py:101 - INFO - 保存成功：(C95) 隣のロリは犯れるロリ。| 鄰家蘿莉是能幹的蘿莉。
2026-08-04 00:18:42 - mkk_pika - main.py:35 - INFO - 开始检查 (C95)HAPPY END(殺戮の天使)1.0v是否存在未下载章节
2026-08-04 00:18:43 - mkk_pika - main.py:45 - INFO - 正在下载:[ (C95)HAPPY END(殺戮の天使)1.0v]-[ささ茶屋 (佐々さくの)]-[['短篇', '同人', '純愛']]-[total_pages:24]
2026-08-04 00:18:43 - mkk_pika - main.py:49 - INFO - [{'_id': '5c482f8fac956d67eac1adc0', 'title': '第1集', 'order': 1, 'updated_at': '2019-01-23T05:17:36.100Z', 'id': '5c482f8fac956d67eac1adc0'}]
2026-08-04 00:18:43 - mkk_pika - database.py:215 - INFO - 第一次下载该漫画，记录数据库中
2026-08-04 00:18:43 - mkk_pika - main.py:83 - INFO - 找到 24 张图片在:第1集
2026-08-04 00:18:44 - mkk_pika - main.py:112 - INFO - [episode:第1集       ] downloaded:    24, total:  24, progress:100%
2026-08-04 00:18:44 - mkk_pika - database.py:238 - INFO - 数据库更新已下载章节
2026-08-04 00:18:44 - mkk_pika - database.py:244 - INFO - 该漫画已下载章节如下
2026-08-04 00:18:44 - mkk_pika - database.py:245 - INFO - ['第1集']
2026-08-04 00:18:46 - mkk_pika - main.py:348 - INFO - ==================== 漫画信息 ====================
                                   漫画ID：5c482f8fac956d67eac1adbf
                                   标题： (C95)HAPPY END(殺戮の天使)1.0v
                                   作者：ささ茶屋 (佐々さくの)
                                   是否完结：是
                                   总页数：24
                                   分类：短篇,同人,純愛
                                   章节数：1
                                   最后更新时间：2019-01-23T09:10:39.939Z
                                   =================================================
2026-08-04 00:18:46 - mkk_pika - database.py:101 - INFO - 保存成功： (C95)HAPPY END(殺戮の天使)1.0v
2026-08-04 00:18:46 - mkk_pika - main.py:35 - INFO - 开始检查白薔薇 ChuoLine (マリア様がみてる)是否存在未下载章节
2026-08-04 00:18:46 - mkk_pika - main.py:45 - INFO - 正在下载:[白薔薇 ChuoLine (マリア様がみてる)]-[ぽこぺん本舗 (しかとみよ)]-[['全彩', '短篇']]-[total_pages:26]
2026-08-04 00:18:46 - mkk_pika - main.py:49 - INFO - [{'_id': '5c482fdb85d5962fb3955373', 'title': '第1集', 'order': 1, 'updated_at': '2019-01-23T05:29:55.302Z', 'id': '5c482fdb85d5962fb3955373'}]
2026-08-04 00:18:46 - mkk_pika - database.py:215 - INFO - 第一次下载该漫画，记录数据库中
2026-08-04 00:18:46 - mkk_pika - main.py:83 - INFO - 找到 26 张图片在:第1集
2026-08-04 00:18:47 - mkk_pika - main.py:112 - INFO - [episode:第1集       ] downloaded:    26, total:  26, progress:100%
2026-08-04 00:18:47 - mkk_pika - database.py:238 - INFO - 数据库更新已下载章节
2026-08-04 00:18:47 - mkk_pika - database.py:244 - INFO - 该漫画已下载章节如下
2026-08-04 00:18:47 - mkk_pika - database.py:245 - INFO - ['第1集']
2026-08-04 00:18:48 - mkk_pika - main.py:348 - INFO - ==================== 漫画信息 ====================
                                   漫画ID：5c482fdb85d5962fb3955372
                                   标题：白薔薇 ChuoLine (マリア様がみてる)
                                   作者：ぽこぺん本舗 (しかとみよ)
                                   是否完结：否
                                   总页数：26
                                   分类：全彩,短篇
                                   章节数：1
                                   最后更新时间：2019-01-23T09:11:55.947Z
                                   =================================================
2026-08-04 00:18:48 - mkk_pika - database.py:101 - INFO - 保存成功：白薔薇 ChuoLine (マリア様がみてる)
2026-08-04 00:18:48 - mkk_pika - main.py:35 - INFO - 开始检查ガチハメはおかあさんとですか? | 激烈戳插要和媽媽一起來做做看? 是否存在未下载章节
2026-08-04 00:18:49 - mkk_pika - main.py:45 - INFO - 正在下载:[ガチハメはおかあさんとですか? | 激烈戳插要和媽媽一起來做做看? ]-[猫玄]-[['長篇', '單行本', '人妻', '姐姐系']]-[total_pages:206]
2026-08-04 00:18:49 - mkk_pika - main.py:49 - INFO - [{'_id': '5c482feb85d5962fb3955391', 'title': '第1集', 'order': 1, 'updated_at': '2019-01-23T05:32:20.854Z', 'id': '5c482feb85d5962fb3955391'}]
2026-08-04 00:18:49 - mkk_pika - database.py:215 - INFO - 第一次下载该漫画，记录数据库中
2026-08-04 00:18:51 - mkk_pika - main.py:83 - INFO - 找到 206 张图片在:第1集
2026-08-04 00:18:58 - mkk_pika - main.py:112 - INFO - [episode:第1集       ] downloaded:   206, total: 206, progress:100%
2026-08-04 00:18:58 - mkk_pika - database.py:238 - INFO - 数据库更新已下载章节
2026-08-04 00:18:58 - mkk_pika - database.py:244 - INFO - 该漫画已下载章节如下
2026-08-04 00:18:58 - mkk_pika - database.py:245 - INFO - ['第1集']
2026-08-04 00:19:00 - mkk_pika - main.py:348 - INFO - ==================== 漫画信息 ====================
                                   漫画ID：5c482feb85d5962fb3955390
                                   标题：ガチハメはおかあさんとですか? | 激烈戳插要和媽媽一起來做做看? 
                                   作者：猫玄
                                   是否完结：是
                                   总页数：206
                                   分类：長篇,單行本,人妻,姐姐系
                                   章节数：1
                                   最后更新时间：2019-01-23T09:12:11.145Z
                                   =================================================
2026-08-04 00:19:00 - mkk_pika - database.py:101 - INFO - 保存成功：ガチハメはおかあさんとですか? | 激烈戳插要和媽媽一起來做做看? 
2026-08-04 00:19:00 - mkk_pika - main.py:35 - INFO - 开始检查(C80) ブットビガールトモットイイコト (ポケットモンスター ブラック・ホワイト)是否存在未下载章节
2026-08-04 00:19:00 - mkk_pika - main.py:45 - INFO - 正在下载:[(C80) ブットビガールトモットイイコト (ポケットモンスター ブラック・ホワイト)]-[PilotStar (磯乃木)]-[['同人', '短篇']]-[total_pages:37]
2026-08-04 00:19:00 - mkk_pika - main.py:49 - INFO - [{'_id': '5c483038be273d04a4cd8e5a', 'title': '第1集', 'order': 1, 'updated_at': '2019-01-23T06:02:25.994Z', 'id': '5c483038be273d04a4cd8e5a'}]
2026-08-04 00:19:00 - mkk_pika - database.py:215 - INFO - 第一次下载该漫画，记录数据库中
2026-08-04 00:19:00 - mkk_pika - main.py:83 - INFO - 找到 37 张图片在:第1集
2026-08-04 00:19:02 - mkk_pika - main.py:112 - INFO - [episode:第1集       ] downloaded:    37, total:  37, progress:100%
2026-08-04 00:19:02 - mkk_pika - database.py:238 - INFO - 数据库更新已下载章节
2026-08-04 00:19:02 - mkk_pika - database.py:244 - INFO - 该漫画已下载章节如下
2026-08-04 00:19:02 - mkk_pika - database.py:245 - INFO - ['第1集']
2026-08-04 00:19:03 - mkk_pika - main.py:348 - INFO - ==================== 漫画信息 ====================
                                   漫画ID：5c483038be273d04a4cd8e59
                                   标题：(C80) ブットビガールトモットイイコト (ポケットモンスター ブラック・ホワイト)
                                   作者：PilotStar (磯乃木)
                                   是否完结：是
                                   总页数：37
                                   分类：同人,短篇
                                   章节数：1
                                   最后更新时间：2019-01-23T09:13:28.979Z
                                   =================================================
2026-08-04 00:19:03 - mkk_pika - database.py:101 - INFO - 保存成功：(C80) ブットビガールトモットイイコト (ポケットモンスター ブラック・ホワイト)
2026-08-04 00:19:03 - mkk_pika - main.py:380 - INFO - 本次任务下载完毕
2026-08-04 00:19:03 - mkk_pika - database.py:173 - INFO - 数据库连接已关闭
